Godot Engine v4.7.2.stable.official.ed1daf0bf - https://godotengine.org
OpenGL API 4.1 Metal - 90.5 - Compatibility - Using Device: Apple - Apple M3

PASS: brief portrait requires actual graphical renderer and no policy selectors
PASS: native portrait uses actual canonical A1-L2
PASS: production registry configures only isolated PID user paths
PASS: real production Title has no duplicate live world for fresh native Challenge constructor: 
PASS: real public preference selects only the next actual fresh boundary
PASS: actual fresh A1-L2 native constructor: 
PASS: actual pristine challenge receipt joins its saved encounter profile, dormant actor/impact set and zero clocks
PASS: genuine entry boundary selects closed recipe before any native attack/clock/action: 
PASS: TEST ONLY predecessor prefix writes the untouched actual fresh source recipe through Attempts/SaveStore: ; 
PASS: fresh test seed disposal frees actual fresh source Player
PASS: fresh test seed disposal frees actual fresh source Level
PASS: fresh test seed disposal frees actual Floor
PASS: fresh test seed disposal frees actual WestEdge
PASS: fresh test seed disposal frees actual EastEdge
PASS: fresh test seed disposal frees actual NorthEdge
PASS: fresh test seed disposal frees actual SouthEdge
PASS: fresh test seed disposal frees actual ApproachRock
PASS: fresh test seed disposal frees actual RockRouteOuterFlat
PASS: fresh test seed disposal frees actual CraterThreatScheduler
PASS: fresh test seed disposal frees actual SoloRushSelenite
PASS: fresh test seed disposal frees actual ThreatCue
PASS: fresh test seed disposal frees actual RockRushSelenite
PASS: fresh test seed disposal frees actual ThreatCue
PASS: fresh test seed disposal frees actual OpenRushSelenite
PASS: fresh test seed disposal frees actual ThreatCue
PASS: fresh test seed disposal frees actual FinaleRushSelenite
PASS: fresh test seed disposal frees actual ThreatCue
PASS: fresh test seed disposal frees actual ThreatCue
PASS: fresh test seed disposal frees actual ThreatCue
PASS: fresh test seed disposal frees actual ThreatCue
PASS: fresh test seed disposal frees actual ThreatCue
PASS: fresh test seed disposal frees actual ThreatCue
PASS: fresh test seed disposal frees actual GrottoContactCue
PASS: fresh test seed disposal frees actual CelestialCampSaveCue
PASS: production registry configures only isolated PID user paths
PASS: real production Title has no duplicate live world for focused component initial challenge: 
PASS: production A1-L2 installation waits at its real paused Resume: 
PASS: reviewed Main owns one shared expedition Player/effects, four retained C30 and five HP-free stationary circles
PASS: retained actual C30 source/art binding: solo
PASS: retained actual C30 source/art binding: rock
PASS: retained actual C30 source/art binding: open
PASS: retained actual C30 source/art binding: finale
PASS: actual HP-free native circle/source/cue binding: landing-impact
PASS: actual HP-free native circle/source/cue binding: rock-impact
PASS: actual HP-free native circle/source/cue binding: open-impact
PASS: actual HP-free native circle/source/cue binding: finale-impact-a
PASS: actual HP-free native circle/source/cue binding: finale-impact-b
PASS: reviewed spawn, shared Scheduler and exact five-beat/four-checkpoint authored prefix remain intact
PASS: fresh actual GUI Continue restores exact focused component initial challenge without gameplay callbacks: []
PASS: native landing start exposes actual paused GUI Resume
PASS: native landing start GUI press/release is consumed before input/action/resource/pose/clock/anchor changes
PASS: real landing uses native ordinary escape proof, independent of ammo
PASS: TEST landing escape side reaches actual paused whole-aggregate barrier: 
PASS: TEST landing escape side exposes actual paused GUI Resume
PASS: TEST landing escape side GUI press/release is consumed before input/action/resource/pose/clock/anchor changes
PASS: TEST solo primary approach reaches actual paused whole-aggregate barrier: 
PASS: TEST solo primary approach exposes actual paused GUI Resume
PASS: TEST solo primary approach GUI press/release is consumed before input/action/resource/pose/clock/anchor changes
PASS: solo reaches the actual living body on native clear floor with this kit
PASS: solo first tap uses current HUD-safe native camera direction/release anchor
PASS: solo one genuine immediate zero-ammo primary defeats its actual20HP body without blast or fake damage
PASS: TEST open fork/primary approach reaches actual paused whole-aggregate barrier: 
PASS: TEST open fork/primary approach exposes actual paused GUI Resume
PASS: TEST open fork/primary approach GUI press/release is consumed before input/action/resource/pose/clock/anchor changes
PASS: open reaches the actual living body on native clear floor with this kit
PASS: open first tap uses current HUD-safe native camera direction/release anchor
PASS: open one genuine immediate zero-ammo primary defeats its actual20HP body without blast or fake damage
PASS: TEST actual camp contact reaches actual paused whole-aggregate barrier: 
PASS: TEST actual camp contact exposes actual paused GUI Resume
PASS: TEST actual camp contact GUI press/release is consumed before input/action/resource/pose/clock/anchor changes
PASS: camp native checkpoint reaches actual paused whole-aggregate barrier: 
PASS: protected Retry is the actual earlier camp unit with two real defeats and dormant finale
PASS: TEST finale activation approach reaches actual paused whole-aggregate barrier: 
PASS: TEST finale activation approach exposes actual paused GUI Resume
PASS: TEST finale activation approach GUI press/release is consumed before input/action/resource/pose/clock/anchor changes
PASS: observable native challenge order starts finale-impact-b with coherent full union: 
PASS: actual first-prefix and unchanged living finale HP are admitted, rather than fabricated cursors or source damage
PASS: native scheduled host+circle union and current source/cue/landing framing are valid together
PASS: component keeps shared Player/capsule/gear/geometry intact and uses two real ordinary primaries, no blast or fabricated level clear
PASS: cursor-zero cannot manufacture or reorder the actual admitted prefix refuses purely/atomically before altering native unit/model/disk: Companion cursor must match the actual ordered accepted cycle prefix
PASS: cursor-two cannot manufacture or reorder the actual admitted prefix refuses purely/atomically before altering native unit/model/disk: Companion cursor must match the actual ordered accepted cycle prefix
PASS: foreign-host cannot manufacture or reorder the actual admitted prefix refuses purely/atomically before altering native unit/model/disk: Compound sequence must retain its current host and bounded cursor
PASS: wrong-present-recipe cannot manufacture or reorder the actual admitted prefix refuses purely/atomically before altering native unit/model/disk: Saved arrangement must match its own fresh encounter profile
PASS: actual deferred admission pause commits the exact full native prefix to checked format2
PASS: portrait source is the actual paused B-first native prefix
PORTRAIT CAPTURE OPERANDS { "wire_nonempty": true, "snapshot_equal": true, "native_nonempty": false, "framing_error": "", "root_size": (540, 1170), "root_visible_size": (540.0, 1170.0), "content_scale_size": (540, 1170), "world_size": (270, 585) }
ERROR: FAIL: exact current full union/HUD/native camera uses540x1170 over270x585 raster
   at: push_error (core/variant/variant_utility.cpp:1023)
   GDScript backtrace (most recent call first):
       [0] _expect (res://tests/act1_l2_registration_smoke.gd:622)
       [1] _inspect_first_prefix (res://tests/act1_l2_challenge_portrait_smoke.gd:50)
       [2] _component_case (res://tests/act1_l2_challenge_admission_smoke.gd:93)
       [3] _settle (res://tests/act1_l2_registration_smoke.gd:597)
FIRST FAILURE PUBLIC CONTEXT: { "paused": true, "campaign_error": "", "level": { "beat_index": 4, "completed_beats": ["landing-clearing", "first-selenite", "approaches-rejoined", "celestial-camp"], "chosen_route": "open", "encounter_started": true, "sources": { "solo": { "api_revision": "act1-rush-selenite-1", "source_id": "solo", "hp": 0.0, "dead": true, "dormant": false, "status": "defeated", "phase": "clear", "reservation_id": "", "cycle": 0, "source_position": (0.0, 0.005, 8.0), "opening_position": (0.0, 0.005, 8.0), "geometry": {  }, "resolved_role": {  }, "hit_ids": [], "hurt_left_s": 0.0, "last_cancel_reason": "actual_player_damage" }, "rock": { "api_revision": "act1-rush-selenite-1", "source_id": "rock", "hp": 20.0, "dead": false, "dormant": true, "status": "dormant", "phase": "clear", "reservation_id": "", "cycle": 0, "source_position": (-2.8, 0.005, -1.8), "opening_position": (-2.8, 0.005, -1.8), "geometry": {  }, "resolved_role": {  }, "hit_ids": [], "hurt_left_s": 0.0, "last_cancel_reason": "" }, "open": { "api_revision": "act1-rush-selenite-1", "source_id": "open", "hp": 0.0, "dead": true, "dormant": false, "status": "defeated", "phase": "clear", "reservation_id": "", "cycle": 1, "source_position": (2.8, -0.004922, -1.8), "opening_position": (2.8, -0.004922, -1.8), "geometry": {  }, "resolved_role": { "raw_damage": 8.0, "windup_s": 1.85, "lock_s": 0.85, "active_s": 0.4, "recovery_s": 3.4, "attack_interval_s": 2.0, "max_hp": 20.0, "move_speed": 6.0, "damage": 8.0, "difficulty_schema": 1, "difficulty_profile": "challenge", "tuning_status": "provisional_unplaytested", "raw_role": { "raw_damage": 8.0, "windup_s": 1.85, "lock_s": 0.85, "active_s": 0.4, "recovery_s": 3.4, "attack_interval_s": 2.0, "max_hp": 20.0, "move_speed": 6.0 } }, "hit_ids": [], "hurt_left_s": 0.0, "last_cancel_reason": "actual_player_damage" }, "finale": { "api_revision": "act1-rush-selenite-1", "source_id": "finale", "hp": 20.0, "dead": false, "dormant": false, "status": "running", "phase": "warning", "reservation_id": "threat-4", "cycle": 1, "source_position": (0.0, -0.004922, -16.5), "opening_position": (0.0, -0.004922, -14.1), "geometry": { "kind": "lane", "from": (0.0, -0.004922, -16.5), "to": (0.0, -0.004922, -14.1), "radius": 0.38 }, "resolved_role": { "raw_damage": 8.0, "windup_s": 1.85, "lock_s": 0.85, "active_s": 0.4, "recovery_s": 6.2, "attack_interval_s": 2.0, "max_hp": 20.0, "move_speed": 6.0, "damage": 8.0, "difficulty_schema": 1, "difficulty_profile": "challenge", "tuning_status": "provisional_unplaytested", "raw_role": { "raw_damage": 8.0, "windup_s": 1.85, "lock_s": 0.85, "active_s": 0.4, "recovery_s": 6.2, "attack_interval_s": 2.0, "max_hp": 20.0, "move_speed": 6.0 } }, "hit_ids": [], "hurt_left_s": 0.0, "last_cancel_reason": "", "start_s": 0.11666666666667, "lock_from_s": 1.11666666666667, "active_from_s": 1.96666666666667, "active_until_s": 2.36666666666667, "recovery_until_s": 8.56666666666667, "cooldown_until_s": 3.96666666666667, "armed": true, "adapter": { "kind": "lunge", "start": (0.0, -0.004922, -16.5), "planned_endpoint": (0.0, -0.004922, -14.1), "current_position": (0.0, -0.004922, -16.5), "current_velocity": (0.0, 0.0, 0.0), "direction": (0.0, 0.0, 1.0), "speed": 6.0, "distance": 2.4, "duration_s": 0.4, "damage_radius": 0.38, "body_signature": { "collision_path": "BodyCollision", "centre": [0.0, 0.73000001907349, 0.0], "radius": 0.31999999284744, "height": 1.45000004768372, "margin": 0.03999999910593, "custom_solver_bias": 0.0, "layer": 2, "mask": 1, "linear_axis_locks": [false, false, false] }, "body_collision_path": "BodyCollision", "collision_shortened": false, "actual_collided": false, "finished": false } } }, "circles": { "landing-impact": { "api_revision": "lane-mechanism-1", "mechanism_id": "landing-impact", "status": "cancelled", "phase": "clear", "remaining_s": 0.0, "cycle": 1, "reservation_id": "", "geometry": { "kind": "circle", "origin": (0.0, 0.0, 14.5), "radius": 1.2 }, "source_position": (0.0, 0.0, 14.5), "opening_position": (2.7, 0.005, 14.5), "resolved_role": { "raw_damage": 4.0, "windup_s": 2.2, "lock_s": 1.1, "active_s": 0.2, "recovery_s": 1.6, "attack_interval_s": 1.8, "max_hp": 1.0, "move_speed": 0.0, "damage": 4.0, "difficulty_schema": 1, "difficulty_profile": "challenge", "tuning_status": "provisional_unplaytested", "raw_role": { "raw_damage": 4.0, "windup_s": 2.2, "lock_s": 1.1, "active_s": 0.2, "recovery_s": 1.6, "attack_interval_s": 1.8, "max_hp": 1.0, "move_speed": 0.0 } }, "hit_ids": [], "last_cancel_reason": "landing_danger_resolved" }, "rock-impact": { "api_revision": "lane-mechanism-1", "mechanism_id": "rock-impact", "status": "idle", "phase": "clear", "remaining_s": 0.0, "cycle": 0, "reservation_id": "", "geometry": { "kind": "circle", "origin": (-2.8, 0.0, -0.2), "radius": 1.05 }, "source_position": (-2.8, 0.0, -0.2), "opening_position": (-2.8, 0.005, -1.8), "resolved_role": {  }, "hit_ids": [], "last_cancel_reason": "" }, "open-impact": { "api_revision": "lane-mechanism-1", "mechanism_id": "open-impact", "status": "cancelled", "phase": "clear", "remaining_s": 0.0, "cycle": 1, "reservation_id": "", "geometry": { "kind": "circle", "origin": (2.8, 0.0, -0.2), "radius": 1.05 }, "source_position": (2.8, 0.0, -0.2), "opening_position": (2.8, -0.004922, 0.6), "resolved_role": { "raw_damage": 4.0, "windup_s": 2.2, "lock_s": 1.1, "active_s": 0.2, "recovery_s": 1.6, "attack_interval_s": 1.8, "max_hp": 1.0, "move_speed": 0.0, "damage": 4.0, "difficulty_schema": 1, "difficulty_profile": "challenge", "tuning_status": "provisional_unplaytested", "raw_role": { "raw_damage": 4.0, "windup_s": 2.2, "lock_s": 1.1, "active_s": 0.2, "recovery_s": 1.6, "attack_interval_s": 1.8, "max_hp": 1.0, "move_speed": 0.0 } }, "hit_ids": [], "last_cancel_reason": "rusher_interrupted" }, "finale-impact-a": { "api_revision": "lane-mechanism-1", "mechanism_id": "finale-impact-a", "status": "idle", "phase": "clear", "remaining_s": 0.0, "cycle": 0, "reservation_id": "", "geometry": { "kind": "circle", "origin": (-1.05, 0.0, -15.1), "radius": 1.05 }, "source_position": (-1.05, 0.0, -15.1), "opening_position": (0.0, 0.005, -16.5), "resolved_role": {  }, "hit_ids": [], "last_cancel_reason": "" }, "finale-impact-b": { "api_revision": "lane-mechanism-1", "mechanism_id": "finale-impact-b", "status": "running", "phase": "warning", "remaining_s": 1.1, "cycle": 1, "reservation_id": "threat-5", "geometry": { "kind": "circle", "origin": (1.05, 0.0, -16.8), "radius": 1.05 }, "source_position": (1.05, 0.0, -16.8), "opening_position": (0.0, -0.004922, -14.1), "resolved_role": { "raw_damage": 4.0, "windup_s": 2.2, "lock_s": 1.1, "active_s": 0.2, "recovery_s": 1.6, "attack_interval_s": 1.8, "max_hp": 1.0, "move_speed": 0.0, "damage": 4.0, "difficulty_schema": 1, "difficulty_profile": "challenge", "tuning_status": "provisional_unplaytested", "raw_role": { "raw_damage": 4.0, "windup_s": 2.2, "lock_s": 1.1, "active_s": 0.2, "recovery_s": 1.6, "attack_interval_s": 1.8, "max_hp": 1.0, "move_speed": 0.0 } }, "hit_ids": [], "last_cancel_reason": "" } }, "last_error": "" }, "contacts": [], "armed_active_seen": false }
Act1 L2 Challenge brief portrait: 86 checks, 1 failures; ONE actual starter B-first component; TEST Pause overlay hidden/restored for native PNG; no full-route/finale-defeat/balance/native-focus claim
