Godot Engine v4.7.2.stable.official.ed1daf0bf - https://godotengine.org

PASS: actual Scheduler selects a fresh raw Standard encounter
PASS: TEST ONLY initial paused empty-ammo seed retains coherent actual actor
PASS: genuine shared Playback subclass owns immutable native definition, HP, visible mesh and fixed endpoint
PASS: own enemy configure_authored uses its actual source hooks: 
PASS: profile retains EXACT real shared Scheduler Script required by ReplayWitness
PASS: actual exclusive stationary source receives complete live-body own-enemy witness: 
PASS: native required footprint derives from exact own source/world/floor program
PASS: projected owner binds exact actual exclusive Player without a capture gate: 
PASS: pure probes use the genuine one-event Cue and actual retained native renderer guard/Cursor
PASS: separate probes start at the actual same prelock native clock/epoch/generation
PASS: separate actual pure replay_reservation_error probe authenticates genuine admitted source
PASS: separate actual pure authored_replay_source_error probe authenticates genuine admitted source
PASS: separate actual pure cue.projection_error probe authenticates genuine admitted source
PASS: separate actual pure renderer_guard.current_error probe authenticates genuine admitted source
PASS: separate actual pure cursor.snapshot_error probe authenticates genuine admitted source
PASS: separate actual pure replay_reservation_error probe authenticates genuine admitted source
PASS: separate actual pure authored_replay_source_error probe authenticates genuine admitted source
PASS: separate actual pure cue.projection_error probe authenticates genuine admitted source
PASS: separate actual pure renderer_guard.current_error probe authenticates genuine admitted source
PASS: separate actual pure cursor.snapshot_error probe authenticates genuine admitted source
PASS: separate actual pure replay_reservation_error probe authenticates genuine admitted source
PASS: separate actual pure authored_replay_source_error probe authenticates genuine admitted source
PASS: separate actual pure cue.projection_error probe authenticates genuine admitted source
PASS: separate actual pure renderer_guard.current_error probe authenticates genuine admitted source
PASS: separate actual pure cursor.snapshot_error probe authenticates genuine admitted source
PASS: separate same-clock pure probes retain real clocks/diagnostics/source/Hero/history
PASS: separate native probes retain actual guard/Cursor/Cue identities, diagnostics, projection and delivery prefix
PASS: fixed-clock probes neither yield a native frame nor add a production advance sample
PASS: actual due lock revalidates full lead and current actual Player: 
PASS: own cursor consumes actual canonical lock without retiming or new proof
PASS: profile executes actual routed first_escape_dash
PASS: profile harmless route retains real Hero HP and fixed native source
PASS: profile executes actual routed tether_positioning_dash
PASS: profile harmless route retains real Hero HP and fixed native source
PASS: real profile witness returns to ordinary hittable recovery knot
PASS: real profile first tap executes ordinary primary
PASS: real profile route defeats own HP source once without Hero damage
PASS: measurement workload contains two native dashes and one ordinary primary; natural ammo regeneration preserved
PASS: bounded raw native measurements remain complete
PASS: profile native advance accepts original authority and monotonic real clock
PASS: profile native advance accepts original authority and monotonic real clock
PASS: profile native advance accepts original authority and monotonic real clock
PASS: profile native advance accepts original authority and monotonic real clock
PASS: profile native advance accepts original authority and monotonic real clock
PASS: profile native advance accepts original authority and monotonic real clock
PASS: profile native advance accepts original authority and monotonic real clock
PASS: profile native advance accepts original authority and monotonic real clock
PASS: profile native advance accepts original authority and monotonic real clock
PASS: profile native advance accepts original authority and monotonic real clock
PASS: profile native advance accepts original authority and monotonic real clock
PASS: profile native advance accepts original authority and monotonic real clock
PASS: profile native advance accepts original authority and monotonic real clock
PASS: profile native advance accepts original authority and monotonic real clock
PASS: profile native advance accepts original authority and monotonic real clock
PASS: profile native advance accepts original authority and monotonic real clock
PASS: profile native advance accepts original authority and monotonic real clock
PASS: profile native advance accepts original authority and monotonic real clock
PASS: profile native advance accepts original authority and monotonic real clock
PASS: profile native advance accepts original authority and monotonic real clock
PASS: profile native advance accepts original authority and monotonic real clock
PASS: profile native advance accepts original authority and monotonic real clock
PASS: profile native advance accepts original authority and monotonic real clock
PASS: profile native advance accepts original authority and monotonic real clock
PASS: profile native advance accepts original authority and monotonic real clock
PASS: profile native advance accepts original authority and monotonic real clock
PASS: profile native advance accepts original authority and monotonic real clock
PASS: profile native advance accepts original authority and monotonic real clock
PASS: profile native advance accepts original authority and monotonic real clock
PASS: profile native advance accepts original authority and monotonic real clock
PASS: profile native advance accepts original authority and monotonic real clock
PASS: profile native advance accepts original authority and monotonic real clock
PASS: profile native advance accepts original authority and monotonic real clock
PASS: profile native advance accepts original authority and monotonic real clock
PASS: profile native advance accepts original authority and monotonic real clock
PASS: profile native advance accepts original authority and monotonic real clock
PASS: profile native advance accepts original authority and monotonic real clock
PASS: profile native advance accepts original authority and monotonic real clock
PASS: profile native advance accepts original authority and monotonic real clock
PASS: profile native advance accepts original authority and monotonic real clock
PASS: profile native advance accepts original authority and monotonic real clock
PASS: profile native advance accepts original authority and monotonic real clock
PASS: profile native advance accepts original authority and monotonic real clock
PASS: profile native advance accepts original authority and monotonic real clock
PASS: profile native advance accepts original authority and monotonic real clock
PASS: profile native advance accepts original authority and monotonic real clock
PASS: profile native advance accepts original authority and monotonic real clock
PASS: profile native advance accepts original authority and monotonic real clock
PASS: profile native advance accepts original authority and monotonic real clock
PASS: profile native advance accepts original authority and monotonic real clock
PASS: profile native advance accepts original authority and monotonic real clock
PASS: profile native advance accepts original authority and monotonic real clock
PASS: profile native advance accepts original authority and monotonic real clock
PASS: profile native advance accepts original authority and monotonic real clock
PASS: profile native advance accepts original authority and monotonic real clock
PASS: profile native advance accepts original authority and monotonic real clock
PASS: profile native advance accepts original authority and monotonic real clock
PASS: profile native advance accepts original authority and monotonic real clock
PASS: profile native advance accepts original authority and monotonic real clock
PASS: profile native advance accepts original authority and monotonic real clock
PASS: profile native advance accepts original authority and monotonic real clock
PASS: profile native advance accepts original authority and monotonic real clock
PASS: profile native advance accepts original authority and monotonic real clock
PASS: profile native advance accepts original authority and monotonic real clock
PASS: profile native advance accepts original authority and monotonic real clock
PASS: profile native advance accepts original authority and monotonic real clock
PASS: profile native advance accepts original authority and monotonic real clock
PASS: profile native advance accepts original authority and monotonic real clock
PASS: profile native advance accepts original authority and monotonic real clock
PASS: profile native advance accepts original authority and monotonic real clock
PASS: profile native advance accepts original authority and monotonic real clock
PASS: profile native advance accepts original authority and monotonic real clock
PASS: profile native advance accepts original authority and monotonic real clock
PASS: profile actually observes finite native warning/active/recovery execution
AUTHORED_ECHO_PROFILE_JSON {"actual_world_actions":[{"completed_at_s":0.933333333333335,"damage":0.0,"hits":0,"kind":"dash","started_at_s":0.750000000000001},{"completed_at_s":1.46666666666667,"damage":0.0,"hits":0,"kind":"dash","started_at_s":1.28333333333333},{"completed_at_s":1.55,"damage":20.0,"hits":1,"kind":"primary","started_at_s":1.55}],"admission_projection_bind_inclusive_us":165151,"advance_cost_summary_us":{"count":72,"inclusive_total_us":3336673,"max_us":90779,"mean_us":46342.6805555556,"p50_us":45156,"p95_us":50211},"advance_phase_summary_us":{"active":{"count":14,"inclusive_total_us":692420,"max_us":90779,"mean_us":49458.5714285714,"p50_us":45490,"p95_us":90779},"lock":{"count":23,"inclusive_total_us":1039194,"max_us":50211,"mean_us":45182.347826087,"p50_us":44709,"p95_us":48069},"recovery":{"count":19,"inclusive_total_us":859080,"max_us":46601,"mean_us":45214.7368421053,"p50_us":45156,"p95_us":46601},"warning":{"count":16,"inclusive_total_us":745979,"max_us":57528,"mean_us":46623.6875,"p50_us":45683,"p95_us":57528}},"advance_samples":[{"accepted":true,"automatic_native_tick":true,"clock_s":0.366666666666667,"event_count":0,"finish_us":1322015,"inclusive_us":46055,"phase":"warning","physics_frame":23,"process_frame":20,"start_us":1275960},{"accepted":true,"automatic_native_tick":true,"clock_s":0.383333333333333,"event_count":0,"finish_us":1383302,"inclusive_us":57528,"phase":"warning","physics_frame":24,"process_frame":20,"start_us":1325774},{"accepted":true,"automatic_native_tick":true,"clock_s":0.4,"event_count":0,"finish_us":1435190,"inclusive_us":47981,"phase":"warning","physics_frame":25,"process_frame":20,"start_us":1387209},{"accepted":true,"automatic_native_tick":true,"clock_s":0.416666666666667,"event_count":0,"finish_us":1485098,"inclusive_us":45975,"phase":"warning","physics_frame":26,"process_frame":20,"start_us":1439123},{"accepted":true,"automatic_native_tick":true,"clock_s":0.433333333333333,"event_count":0,"finish_us":1534532,"inclusive_us":45600,"phase":"warning","physics_frame":27,"process_frame":20,"start_us":1488932},{"accepted":true,"automatic_native_tick":true,"clock_s":0.45,"event_count":0,"finish_us":1583689,"inclusive_us":45378,"phase":"warning","physics_frame":28,"process_frame":20,"start_us":1538311},{"accepted":true,"automatic_native_tick":true,"clock_s":0.466666666666667,"event_count":0,"finish_us":1632214,"inclusive_us":44777,"phase":"warning","physics_frame":29,"process_frame":20,"start_us":1587437},{"accepted":true,"automatic_native_tick":true,"clock_s":0.483333333333333,"event_count":0,"finish_us":1681244,"inclusive_us":45134,"phase":"warning","physics_frame":30,"process_frame":20,"start_us":1636110},{"accepted":true,"automatic_native_tick":true,"clock_s":0.5,"event_count":0,"finish_us":1729388,"inclusive_us":44301,"phase":"warning","physics_frame":31,"process_frame":21,"start_us":1685087},{"accepted":true,"automatic_native_tick":true,"clock_s":0.516666666666667,"event_count":0,"finish_us":1778843,"inclusive_us":45753,"phase":"warning","physics_frame":32,"process_frame":21,"start_us":1733090},{"accepted":true,"automatic_native_tick":true,"clock_s":0.533333333333333,"event_count":0,"finish_us":1829281,"inclusive_us":46366,"phase":"warning","physics_frame":33,"process_frame":21,"start_us":1782915},{"accepted":true,"automatic_native_tick":true,"clock_s":0.55,"event_count":0,"finish_us":1882564,"inclusive_us":49337,"phase":"warning","physics_frame":34,"process_frame":21,"start_us":1833227},{"accepted":true,"automatic_native_tick":true,"clock_s":0.566666666666667,"event_count":0,"finish_us":1932431,"inclusive_us":45683,"phase":"warning","physics_frame":35,"process_frame":21,"start_us":1886748},{"accepted":true,"automatic_native_tick":true,"clock_s":0.583333333333333,"event_count":0,"finish_us":1980863,"inclusive_us":44693,"phase":"warning","physics_frame":36,"process_frame":21,"start_us":1936170},{"accepted":true,"automatic_native_tick":true,"clock_s":0.6,"event_count":0,"finish_us":2030769,"inclusive_us":46060,"phase":"warning","physics_frame":37,"process_frame":21,"start_us":1984709},{"accepted":true,"automatic_native_tick":true,"clock_s":0.616666666666667,"event_count":0,"finish_us":2080150,"inclusive_us":45358,"phase":"warning","physics_frame":38,"process_frame":21,"start_us":2034792},{"accepted":true,"automatic_native_tick":false,"clock_s":0.616666666666667,"event_count":0,"finish_us":2140957,"inclusive_us":44063,"phase":"lock","physics_frame":38,"process_frame":21,"start_us":2096894},{"accepted":true,"automatic_native_tick":true,"clock_s":0.633333333333334,"event_count":0,"finish_us":2189129,"inclusive_us":44346,"phase":"lock","physics_frame":39,"process_frame":22,"start_us":2144783},{"accepted":true,"automatic_native_tick":true,"clock_s":0.65,"event_count":0,"finish_us":2237469,"inclusive_us":44515,"phase":"lock","physics_frame":40,"process_frame":22,"start_us":2192954},{"accepted":true,"automatic_native_tick":true,"clock_s":0.666666666666667,"event_count":0,"finish_us":2285841,"inclusive_us":44629,"phase":"lock","physics_frame":41,"process_frame":22,"start_us":2241212},{"accepted":true,"automatic_native_tick":true,"clock_s":0.683333333333334,"event_count":0,"finish_us":2333839,"inclusive_us":44225,"phase":"lock","physics_frame":42,"process_frame":22,"start_us":2289614},{"accepted":true,"automatic_native_tick":true,"clock_s":0.700000000000001,"event_count":0,"finish_us":2382529,"inclusive_us":45029,"phase":"lock","physics_frame":43,"process_frame":22,"start_us":2337500},{"accepted":true,"automatic_native_tick":true,"clock_s":0.716666666666667,"event_count":0,"finish_us":2431158,"inclusive_us":44952,"phase":"lock","physics_frame":44,"process_frame":22,"start_us":2386206},{"accepted":true,"automatic_native_tick":true,"clock_s":0.733333333333334,"event_count":0,"finish_us":2480043,"inclusive_us":45050,"phase":"lock","physics_frame":45,"process_frame":22,"start_us":2434993},{"accepted":true,"automatic_native_tick":true,"clock_s":0.750000000000001,"event_count":0,"finish_us":2529142,"inclusive_us":45016,"phase":"lock","physics_frame":46,"process_frame":22,"start_us":2484126},{"accepted":true,"automatic_native_tick":true,"clock_s":0.766666666666667,"event_count":0,"finish_us":2579180,"inclusive_us":45087,"phase":"lock","physics_frame":47,"process_frame":23,"start_us":2534093},{"accepted":true,"automatic_native_tick":true,"clock_s":0.783333333333334,"event_count":0,"finish_us":2627605,"inclusive_us":44709,"phase":"lock","physics_frame":48,"process_frame":23,"start_us":2582896},{"accepted":true,"automatic_native_tick":true,"clock_s":0.800000000000001,"event_count":0,"finish_us":2675861,"inclusive_us":44469,"phase":"lock","physics_frame":49,"process_frame":23,"start_us":2631392},{"accepted":true,"automatic_native_tick":true,"clock_s":0.816666666666668,"event_count":0,"finish_us":2724410,"inclusive_us":44695,"phase":"lock","physics_frame":50,"process_frame":23,"start_us":2679715},{"accepted":true,"automatic_native_tick":true,"clock_s":0.833333333333334,"event_count":0,"finish_us":2772702,"inclusive_us":44464,"phase":"lock","physics_frame":51,"process_frame":23,"start_us":2728238},{"accepted":true,"automatic_native_tick":true,"clock_s":0.850000000000001,"event_count":0,"finish_us":2820934,"inclusive_us":44426,"phase":"lock","physics_frame":52,"process_frame":23,"start_us":2776508},{"accepted":true,"automatic_native_tick":true,"clock_s":0.866666666666668,"event_count":0,"finish_us":2870292,"inclusive_us":45625,"phase":"lock","physics_frame":53,"process_frame":23,"start_us":2824667},{"accepted":true,"automatic_native_tick":true,"clock_s":0.883333333333334,"event_count":0,"finish_us":2918793,"inclusive_us":44750,"phase":"lock","physics_frame":54,"process_frame":23,"start_us":2874043},{"accepted":true,"automatic_native_tick":true,"clock_s":0.900000000000001,"event_count":0,"finish_us":2967138,"inclusive_us":44652,"phase":"lock","physics_frame":55,"process_frame":24,"start_us":2922486},{"accepted":true,"automatic_native_tick":true,"clock_s":0.916666666666668,"event_count":0,"finish_us":3015653,"inclusive_us":44792,"phase":"lock","physics_frame":56,"process_frame":24,"start_us":2970861},{"accepted":true,"automatic_native_tick":true,"clock_s":0.933333333333335,"event_count":0,"finish_us":3065726,"inclusive_us":46272,"phase":"lock","physics_frame":57,"process_frame":24,"start_us":3019454},{"accepted":true,"automatic_native_tick":true,"clock_s":0.950000000000001,"event_count":0,"finish_us":3114165,"inclusive_us":44669,"phase":"lock","physics_frame":58,"process_frame":24,"start_us":3069496},{"accepted":true,"automatic_native_tick":true,"clock_s":0.966666666666668,"event_count":0,"finish_us":3162389,"inclusive_us":44542,"phase":"lock","physics_frame":59,"process_frame":24,"start_us":3117847},{"accepted":true,"automatic_native_tick":true,"clock_s":0.983333333333335,"event_count":0,"finish_us":3214241,"inclusive_us":48069,"phase":"lock","physics_frame":60,"process_frame":24,"start_us":3166172},{"accepted":true,"automatic_native_tick":true,"clock_s":1.0,"event_count":0,"finish_us":3268441,"inclusive_us":50211,"phase":"lock","physics_frame":61,"process_frame":24,"start_us":3218230},{"accepted":true,"automatic_native_tick":true,"clock_s":1.01666666666667,"event_count":0,"finish_us":3323706,"inclusive_us":51372,"phase":"active","physics_frame":62,"process_frame":24,"start_us":3272334},{"accepted":true,"automatic_native_tick":true,"clock_s":1.03333333333333,"event_count":0,"finish_us":3374105,"inclusive_us":46167,"phase":"active","physics_frame":63,"process_frame":25,"start_us":3327938},{"accepted":true,"automatic_native_tick":true,"clock_s":1.05,"event_count":0,"finish_us":3423347,"inclusive_us":45237,"phase":"active","physics_frame":64,"process_frame":25,"start_us":3378110},{"accepted":true,"automatic_native_tick":true,"clock_s":1.06666666666667,"event_count":0,"finish_us":3472634,"inclusive_us":45490,"phase":"active","physics_frame":65,"process_frame":25,"start_us":3427144},{"accepted":true,"automatic_native_tick":true,"clock_s":1.08333333333333,"event_count":0,"finish_us":3521936,"inclusive_us":45436,"phase":"active","physics_frame":66,"process_frame":25,"start_us":3476500},{"accepted":true,"automatic_native_tick":true,"clock_s":1.1,"event_count":0,"finish_us":3570724,"inclusive_us":45067,"phase":"active","physics_frame":67,"process_frame":25,"start_us":3525657},{"accepted":true,"automatic_native_tick":true,"clock_s":1.11666666666667,"event_count":0,"finish_us":3618939,"inclusive_us":44487,"phase":"active","physics_frame":68,"process_frame":25,"start_us":3574452},{"accepted":true,"automatic_native_tick":true,"clock_s":1.13333333333333,"event_count":0,"finish_us":3667025,"inclusive_us":44365,"phase":"active","physics_frame":69,"process_frame":25,"start_us":3622660},{"accepted":true,"automatic_native_tick":true,"clock_s":1.15,"event_count":0,"finish_us":3715377,"inclusive_us":44652,"phase":"active","physics_frame":70,"process_frame":25,"start_us":3670725},{"accepted":true,"automatic_native_tick":true,"clock_s":1.16666666666667,"event_count":0,"finish_us":3769107,"inclusive_us":49822,"phase":"active","physics_frame":71,"process_frame":26,"start_us":3719285},{"accepted":true,"automatic_native_tick":true,"clock_s":1.18333333333333,"event_count":0,"finish_us":3819550,"inclusive_us":46644,"phase":"active","physics_frame":72,"process_frame":26,"start_us":3772906},{"accepted":true,"automatic_native_tick":true,"clock_s":1.2,"event_count":1,"finish_us":3914145,"inclusive_us":90779,"phase":"active","physics_frame":73,"process_frame":26,"start_us":3823366},{"accepted":true,"automatic_native_tick":true,"clock_s":1.21666666666667,"event_count":0,"finish_us":3964954,"inclusive_us":46877,"phase":"active","physics_frame":74,"process_frame":26,"start_us":3918077},{"accepted":true,"automatic_native_tick":true,"clock_s":1.23333333333333,"event_count":0,"finish_us":4014921,"inclusive_us":46025,"phase":"active","physics_frame":75,"process_frame":26,"start_us":3968896},{"accepted":true,"automatic_native_tick":true,"clock_s":1.25,"event_count":0,"finish_us":4063907,"inclusive_us":45109,"phase":"recovery","physics_frame":76,"process_frame":26,"start_us":4018798},{"accepted":true,"automatic_native_tick":true,"clock_s":1.26666666666667,"event_count":0,"finish_us":4113009,"inclusive_us":45269,"phase":"recovery","physics_frame":77,"process_frame":26,"start_us":4067740},{"accepted":true,"automatic_native_tick":true,"clock_s":1.28333333333333,"event_count":0,"finish_us":4161179,"inclusive_us":44355,"phase":"recovery","physics_frame":78,"process_frame":26,"start_us":4116824},{"accepted":true,"automatic_native_tick":true,"clock_s":1.3,"event_count":0,"finish_us":4210463,"inclusive_us":45156,"phase":"recovery","physics_frame":79,"process_frame":27,"start_us":4165307},{"accepted":true,"automatic_native_tick":true,"clock_s":1.31666666666667,"event_count":0,"finish_us":4258542,"inclusive_us":44292,"phase":"recovery","physics_frame":80,"process_frame":27,"start_us":4214250},{"accepted":true,"automatic_native_tick":true,"clock_s":1.33333333333333,"event_count":0,"finish_us":4306872,"inclusive_us":44523,"phase":"recovery","physics_frame":81,"process_frame":27,"start_us":4262349},{"accepted":true,"automatic_native_tick":true,"clock_s":1.35,"event_count":0,"finish_us":4355245,"inclusive_us":44604,"phase":"recovery","physics_frame":82,"process_frame":27,"start_us":4310641},{"accepted":true,"automatic_native_tick":true,"clock_s":1.36666666666667,"event_count":0,"finish_us":4405655,"inclusive_us":46598,"phase":"recovery","physics_frame":83,"process_frame":27,"start_us":4359057},{"accepted":true,"automatic_native_tick":true,"clock_s":1.38333333333333,"event_count":0,"finish_us":4456379,"inclusive_us":46601,"phase":"recovery","physics_frame":84,"process_frame":27,"start_us":4409778},{"accepted":true,"automatic_native_tick":true,"clock_s":1.4,"event_count":0,"finish_us":4505694,"inclusive_us":45440,"phase":"recovery","physics_frame":85,"process_frame":27,"start_us":4460254},{"accepted":true,"automatic_native_tick":true,"clock_s":1.41666666666667,"event_count":0,"finish_us":4554703,"inclusive_us":45156,"phase":"recovery","physics_frame":86,"process_frame":27,"start_us":4509547},{"accepted":true,"automatic_native_tick":true,"clock_s":1.43333333333333,"event_count":0,"finish_us":4603580,"inclusive_us":45082,"phase":"recovery","physics_frame":87,"process_frame":28,"start_us":4558498},{"accepted":true,"automatic_native_tick":true,"clock_s":1.45,"event_count":0,"finish_us":4651738,"inclusive_us":44448,"phase":"recovery","physics_frame":88,"process_frame":28,"start_us":4607290},{"accepted":true,"automatic_native_tick":true,"clock_s":1.46666666666667,"event_count":0,"finish_us":4701301,"inclusive_us":45805,"phase":"recovery","physics_frame":89,"process_frame":28,"start_us":4655496},{"accepted":true,"automatic_native_tick":true,"clock_s":1.48333333333333,"event_count":0,"finish_us":4750952,"inclusive_us":45565,"phase":"recovery","physics_frame":90,"process_frame":28,"start_us":4705387},{"accepted":true,"automatic_native_tick":true,"clock_s":1.5,"event_count":0,"finish_us":4799530,"inclusive_us":44899,"phase":"recovery","physics_frame":91,"process_frame":28,"start_us":4754631},{"accepted":true,"automatic_native_tick":true,"clock_s":1.51666666666667,"event_count":0,"finish_us":4848383,"inclusive_us":45156,"phase":"recovery","physics_frame":92,"process_frame":28,"start_us":4803227},{"accepted":true,"automatic_native_tick":true,"clock_s":1.53333333333333,"event_count":0,"finish_us":4897673,"inclusive_us":45493,"phase":"recovery","physics_frame":93,"process_frame":28,"start_us":4852180},{"accepted":true,"automatic_native_tick":true,"clock_s":1.55,"event_count":0,"finish_us":4946933,"inclusive_us":45529,"phase":"recovery","physics_frame":94,"process_frame":28,"start_us":4901404}],"api_revision":"test-only-authored-echo-performance-2","automatic_native_advances":72,"display_driver":"headless","engine":{"build":"official","hash":"ed1daf0bf001b61586d9930840f2f1394092c079","hex":263938,"major":4,"minor":7,"patch":2,"status":"stable","string":"4.7.2-stable (official)","timestamp":0},"limitations":"Instrumented one-Box native source first cycle with EXACT real Scheduler; advance end timestamps exclude appended sample bookkeeping. Cycle wall elapsed includes separately reported direct fixed-clock probes, admission/projection/bind, native loop waits and other observer overhead; probe costs are not nested production call counts. Three samples per API inspect only the genuine admitted prelock clock; Cue, renderer guard and Cursor probes use the actual retained instances, not new guards or cached authority. Not actual authored A3-L3, production 16-visual art, portrait review, FPS, CPU monitor percentiles, sustained performance or a latency acceptance threshold. No guards or contact/proof authority bypassed.","native_output":[540,1170],"native_phases_observed":["warning","lock","active","recovery"],"physics_ticks_per_second":60,"required_native_visuals":1,"schema_version":2,"separate_fixed_clock_guard_probes":[{"accepted":true,"call":"replay_reservation_error","clock_after_s":0.35,"error":"","finish_us":1227331,"fixed_clock_s":0.35,"inclusive_us":3593,"repetition":0,"scope":"separate_pure_probe_not_nested_native_advance","start_us":1223738},{"accepted":true,"call":"authored_replay_source_error","clock_after_s":0.35,"error":"","finish_us":1230490,"fixed_clock_s":0.35,"inclusive_us":3145,"repetition":0,"scope":"separate_pure_probe_not_nested_native_advance","start_us":1227345},{"accepted":true,"call":"cue.projection_error","clock_after_s":0.35,"error":"","finish_us":1232147,"fixed_clock_s":0.35,"inclusive_us":1648,"repetition":0,"scope":"separate_pure_probe_not_nested_native_advance","start_us":1230499},{"accepted":true,"call":"renderer_guard.current_error","clock_after_s":0.35,"error":"","finish_us":1232609,"fixed_clock_s":0.35,"inclusive_us":451,"repetition":0,"scope":"separate_pure_probe_not_nested_native_advance","start_us":1232158},{"accepted":true,"call":"cursor.snapshot_error","clock_after_s":0.35,"error":"","finish_us":1235441,"fixed_clock_s":0.35,"inclusive_us":2823,"repetition":0,"scope":"separate_pure_probe_not_nested_native_advance","start_us":1232618},{"accepted":true,"call":"replay_reservation_error","clock_after_s":0.35,"error":"","finish_us":1238979,"fixed_clock_s":0.35,"inclusive_us":3529,"repetition":1,"scope":"separate_pure_probe_not_nested_native_advance","start_us":1235450},{"accepted":true,"call":"authored_replay_source_error","clock_after_s":0.35,"error":"","finish_us":1242115,"fixed_clock_s":0.35,"inclusive_us":3125,"repetition":1,"scope":"separate_pure_probe_not_nested_native_advance","start_us":1238990},{"accepted":true,"call":"cue.projection_error","clock_after_s":0.35,"error":"","finish_us":1243869,"fixed_clock_s":0.35,"inclusive_us":1747,"repetition":1,"scope":"separate_pure_probe_not_nested_native_advance","start_us":1242122},{"accepted":true,"call":"renderer_guard.current_error","clock_after_s":0.35,"error":"","finish_us":1244406,"fixed_clock_s":0.35,"inclusive_us":511,"repetition":1,"scope":"separate_pure_probe_not_nested_native_advance","start_us":1243895},{"accepted":true,"call":"cursor.snapshot_error","clock_after_s":0.35,"error":"","finish_us":1247360,"fixed_clock_s":0.35,"inclusive_us":2941,"repetition":1,"scope":"separate_pure_probe_not_nested_native_advance","start_us":1244419},{"accepted":true,"call":"replay_reservation_error","clock_after_s":0.35,"error":"","finish_us":1250993,"fixed_clock_s":0.35,"inclusive_us":3621,"repetition":2,"scope":"separate_pure_probe_not_nested_native_advance","start_us":1247372},{"accepted":true,"call":"authored_replay_source_error","clock_after_s":0.35,"error":"","finish_us":1254345,"fixed_clock_s":0.35,"inclusive_us":3343,"repetition":2,"scope":"separate_pure_probe_not_nested_native_advance","start_us":1251002},{"accepted":true,"call":"cue.projection_error","clock_after_s":0.35,"error":"","finish_us":1256184,"fixed_clock_s":0.35,"inclusive_us":1823,"repetition":2,"scope":"separate_pure_probe_not_nested_native_advance","start_us":1254361},{"accepted":true,"call":"renderer_guard.current_error","clock_after_s":0.35,"error":"","finish_us":1256687,"fixed_clock_s":0.35,"inclusive_us":492,"repetition":2,"scope":"separate_pure_probe_not_nested_native_advance","start_us":1256195},{"accepted":true,"call":"cursor.snapshot_error","clock_after_s":0.35,"error":"","finish_us":1259734,"fixed_clock_s":0.35,"inclusive_us":3030,"repetition":2,"scope":"separate_pure_probe_not_nested_native_advance","start_us":1256704}],"separate_fixed_clock_probe_elapsed_us":36012,"separate_fixed_clock_probe_summary_us":{"authored_replay_source_error":{"count":3,"inclusive_total_us":9613,"max_us":3343,"mean_us":3204.33333333333,"p50_us":3145,"p95_us":3343},"cue.projection_error":{"count":3,"inclusive_total_us":5218,"max_us":1823,"mean_us":1739.33333333333,"p50_us":1747,"p95_us":1823},"cursor.snapshot_error":{"count":3,"inclusive_total_us":8794,"max_us":3030,"mean_us":2931.33333333333,"p50_us":2941,"p95_us":3030},"renderer_guard.current_error":{"count":3,"inclusive_total_us":1454,"max_us":511,"mean_us":484.666666666667,"p50_us":492,"p95_us":511},"replay_reservation_error":{"count":3,"inclusive_total_us":10743,"max_us":3621,"mean_us":3581.0,"p50_us":3593,"p95_us":3621}},"simulation_elapsed_s":1.2,"simulation_finish_s":1.55,"simulation_start_s":0.35,"viewport_size":[270,585],"wall_elapsed_us":3891957,"wall_finish_us":4950424,"wall_start_us":1058467}
Authored echo performance smoke: 113 checks, 0 failures; native-only first-cycle measurement
