Godot Engine v4.7.2.stable.official.ed1daf0bf - https://godotengine.org

PASS: whole native host/Hero/owners retire inside their original world without group residue
PASS: genuine paused source-free L3 installs through the production Shell
ATOMIC REJECT: arrival schema; Closed Mirror Sea parent snapshot1 required
ATOMIC REJECT: arrival epoch; Parent world/profile must join the complete continuous Scheduler
ATOMIC REJECT: arrival clock; Exact same native Hero/Scheduler outer tick required
ATOMIC REJECT: arrival future_source; All and only the earned entry prefix's retained actual sources are required
ATOMIC REJECT: arrival progress; Current checkpoint must match its recorded boundary
PASS: initial whole arrival pair and malformed controls remain exact
PASS: explicit TEST ONLY prefix13 persists without changing the genuine local packet
PASS: Journey starts a distinct fresh native L3 replay and preserves its protected story
PASS: fresh replay: actual GUI input is consumed without actions/resources
PASS: fresh replay GUI Resume is consumed and public pause preserves the whole packet
PASS: public Leave Side Attempt quietly returns the exact protected story to Journey in fresh recipients
PASS: public Back/Continue Story quietly installs the same protected packet and offers paused Resume
PASS: continued returned story: actual GUI input is consumed without actions/resources
PASS: continued returned story GUI Resume is consumed without earned gameplay or packet changes
PASS: successful source-free arrival has no actual held lease before disposal
PASS: supported level exit releases actual owner leases in their native world without advancing Hero/Scheduler/actions/resources
PASS: whole native host/Hero/owners retire inside their original world without group residue
PASS: canonical registry bytes remain unchanged
TEST ONLY Mirror Sea focused production replay: 15 checks; failures: 0. Declared historical prefix13; genuine initial packet, Journey/fresh replay/return to Journey/explicit Continue, GUI Resume, exact story/disk and native donor cleanup. No earned clear/contact-next/full route/combat/pixels/canonical registration claim.
