Godot Engine v4.7.2.stable.official.ed1daf0bf - https://godotengine.org
OpenGL API 4.1 Metal - 90.5 - Compatibility - Using Device: Apple - Apple M3

Ruined House actual route scope: loadout=heavy profile=standard IDs={ "weapon": "WEAPON-03", "jacket": "CLOTH-J0", "pants": "CLOTH-P0", "shoes": "CLOTH-S0" }; initial zero ammo, ordinary primary, independent smoke tails, two15HP boss pools; TEST ONLY preceding prefix/unlocks/profile/L4 destination
TEST ONLY synthetic prior catalogue unlock metadata: ["WEAPON-03", "CLOTH-J0", "CLOTH-P0", "CLOTH-S0"]
Actual Ruined House portrait: res://captures/act2/a2-l3-live/a2-l3-standard-heavy-smoke-warning.png
Actual Ruined House portrait: res://captures/act2/a2-l3-live/a2-l3-standard-heavy-smoke-lock.png
Actual Ruined House portrait: res://captures/act2/a2-l3-live/a2-l3-standard-heavy-smoke-active.png
Actual Ruined House portrait: res://captures/act2/a2-l3-live/a2-l3-standard-heavy-smoke-recovery.png
Ruined House actual primary targets cleared: ["road_tender"]
Ruined House actual primary targets cleared: ["house_tender"]
Actual Ruined House portrait: res://captures/act2/a2-l3-live/a2-l3-standard-heavy-tool-warning.png
Actual Ruined House portrait: res://captures/act2/a2-l3-live/a2-l3-standard-heavy-tool-lock.png
Actual Ruined House portrait: res://captures/act2/a2-l3-live/a2-l3-standard-heavy-tool-active.png
Actual Ruined House portrait: res://captures/act2/a2-l3-live/a2-l3-standard-heavy-tool-recovery.png
Ruined House actual primary targets cleared: ["house_handler"]
Actual Ruined House portrait: res://captures/act2/a2-l3-live/a2-l3-standard-heavy-ray-warning.png
Actual Ruined House portrait: res://captures/act2/a2-l3-live/a2-l3-standard-heavy-ray-lock.png
Actual Ruined House portrait: res://captures/act2/a2-l3-live/a2-l3-standard-heavy-work-apron-actual-pair.png
Actual Ruined House portrait: res://captures/act2/a2-l3-live/a2-l3-standard-heavy-ray-active.png
Actual Ruined House portrait: res://captures/act2/a2-l3-live/a2-l3-standard-heavy-ray-recovery.png
Ruined House actual primary targets cleared: ["apron_scout", "apron_handler"]
Actual Ruined House portrait: res://captures/act2/a2-l3-live/a2-l3-standard-heavy-boss-reach-warning.png
Actual Ruined House portrait: res://captures/act2/a2-l3-live/a2-l3-standard-heavy-boss-reach-lock.png
Actual Ruined House portrait: res://captures/act2/a2-l3-live/a2-l3-standard-heavy-boss-reach-active.png
Actual Ruined House portrait: res://captures/act2/a2-l3-live/a2-l3-standard-heavy-boss-reach-recovery.png
Actual Ruined House portrait: res://captures/act2/a2-l3-live/a2-l3-standard-heavy-boss-place-warning.png
Actual Ruined House portrait: res://captures/act2/a2-l3-live/a2-l3-standard-heavy-boss-place-lock.png
Actual Ruined House portrait: res://captures/act2/a2-l3-live/a2-l3-standard-heavy-boss-place-active.png
Actual Ruined House portrait: res://captures/act2/a2-l3-live/a2-l3-standard-heavy-boss-place-recovery.png
Actual Ruined House portrait: res://captures/act2/a2-l3-live/a2-l3-standard-heavy-boss-phase-two-actual-pair.png
Actual side counter: attempt=1 bank_cycle=1 TenderHP=6.0 BossHP=15.0 real_pocket=(2.750003, -0.004844, -38.25)
Actual side counter: attempt=2 bank_cycle=2 TenderHP=0.0 BossHP=15.0 real_pocket=(2.750008, -0.004844, -38.25)
Actual Ruined House portrait: res://captures/act2/a2-l3-live/a2-l3-standard-heavy-clear.png
Ruined House actual primary targets cleared: ["handling_machine"]
Ruined House live level smoke: 586 checks, 0 failures; loadout=heavy profile=standard; actual authored L3 actions, synthetic preceding prefix and TEST ONLY L4 destination
