Godot Engine v4.7.2.stable.official.ed1daf0bf - https://godotengine.org
OpenGL API 4.1 Metal - 90.5 - Compatibility - Using Device: Apple - Apple M3

PASS: only the default or optional portrait selector is supported
PASS: portrait capture requires a graphical native viewport
PASS: real MainScene loads the owned shore preview and actual native bindings
PASS: fresh shore uses the shared Act 3 traveller at its real zero-tick spawn
PASS: accepted response binds actual Hero/World, real source and continuous 14-by-22 firm floor
PASS: public MainScene pause establishes the quiet setup boundary
PASS: current starter baseline begins with 36 source HP and zero blast ammo
PASS: actual traveller and living capsule settle on the firm shore floor
PASS: arrival capture precedes the first genuine source lease
PASS: published ExactJson preserves native types and all binary64 source/player clocks
PASS: pure and restore paths reject wrong shore local version atomically
PASS: pure and restore paths reject obsolete source schema atomically
PASS: pure and restore paths reject source/Scheduler exact clock mismatch atomically
PASS: pure and restore paths reject same-clock copied contact sample crossed with another Hero point atomically
PASS: pure and restore paths reject extra unsupported local source atomically
ERROR: FAIL: exact paused arrival quietly reconstructs a fresh actual Hero/source/Scheduler unit; same rendered-frame source/body/lane/mandatory traveller is clipped: Actual required source and player bounds must be supplied
   at: push_error (core/variant/variant_utility.cpp:1023)
   GDScript backtrace (most recent call first):
       [0] _expect (res://tests/acts/act3/mirror_shore_preview_smoke.gd:639)
       [1] _run (res://tests/acts/act3/mirror_shore_preview_smoke.gd:97)
       [2] _pause_and_restore_arrival (res://tests/acts/act3/mirror_shore_preview_smoke.gd:218)
       [3] _capture (res://tests/acts/act3/mirror_shore_preview_smoke.gd:579)
SHORE DIAGNOSTIC: source={ "stable_id": "shore-stalker", "hp": 36.0, "max_hp": 36.0, "dead": false, "phase": "approach", "reservation_id": "", "cycle": 0, "position": (0.0, -0.004218, -0.22), "velocity": (0.0, 0.0, 1.066667), "facing": (0.0, 0.0, 1.0), "clock_s": 0.13333333333333, "cooldown_until_s": 0.0, "retry_at_s": 0.0, "hit_consumed": false, "raw_role": { "id": "A3-E1", "raw_damage": 12.0, "max_hp": 36.0, "windup_s": 1.35, "lock_s": 0.45, "active_s": 0.3, "recovery_s": 2.0, "attack_interval_s": 3.7, "move_speed": 2.8, "provisional_unplaytested": true }, "resolved_role": { "id": "A3-E1", "raw_damage": 12.0, "max_hp": 36.0, "windup_s": 1.35, "lock_s": 0.45, "active_s": 0.3, "recovery_s": 2.0, "attack_interval_s": 3.7, "move_speed": 2.8, "provisional_unplaytested": true, "damage": 12.0, "difficulty_schema": 1, "difficulty_profile": "standard", "tuning_status": "provisional_unplaytested", "raw_role": { "id": "A3-E1", "raw_damage": 12.0, "max_hp": 36.0, "windup_s": 1.35, "lock_s": 0.45, "active_s": 0.3, "recovery_s": 2.0, "attack_interval_s": 3.7, "move_speed": 2.8, "provisional_unplaytested": true } }, "proof": {  }, "sun_visual": 0, "effective_sun": 0, "commit": {  }, "framing": {  }, "framing_error": "", "last_rejection": "", "last_cancel_reason": "" }; hero=(0.0, -0.004844, 3.0); hp=100.0; scheduler=0.13333333333333; events={ "source_phase": 1 }
PASS: public level exit releases leases and finite retirement frees actual actors and group remnants
Mirror shore preview: 17 checks; failures: 1. Familiar-source scaffold only; no Echo/campaign/art acceptance.
