Godot Engine v4.7.2.stable.official.ed1daf0bf - https://godotengine.org

PASS: exact submitted L3 commit and bounded selectors: 
PASS: canonical registry exposes exact Full L3, accepted L2 prerequisite and unavailable L4: 
PASS: production registry configures only isolated PID user paths
PASS: real production Title has no duplicate live world for isolated first launch: 
PASS: actual Journey locks L3 behind L2 without a live world or invented prefix
PASS: TEST prefix uses actual unchanged Full alias, shared Player and native camera
PASS: TEST ONLY prefix2 publishes untouched actual local/resources through Attempts/format2: ; ; 
PASS: production registry configures only isolated PID user paths
PASS: real production Title has no duplicate live world for declared TEST ONLY prefix2: 
PASS: actual L3 installation waits at paused Resume: 
PASS: actual Full owns shared expedition Player/effects, nineteen retained actors and authored five-beat contract
PASS: retained actual native C31/C32 aliases/body/art: umbrella-1
PASS: retained actual native C31/C32 aliases/body/art: umbrella-2
PASS: retained actual native C31/C32 aliases/body/art: umbrella-3
PASS: retained actual native C31/C32 aliases/body/art: breathing-1
PASS: retained actual native C31/C32 aliases/body/art: breathing-2
PASS: retained actual native C31/C32 aliases/body/art: breathing-3
PASS: retained actual native C31/C32 aliases/body/art: crossed-1
PASS: retained actual native C31/C32 aliases/body/art: crossed-2
PASS: retained actual native C31/C32 aliases/body/art: crossed-3
PASS: retained actual native C31/C32 aliases/body/art: crossed-4
PASS: retained actual native C31/C32 aliases/body/art: crossed-5
PASS: retained actual native C31/C32 aliases/body/art: crossed-6
PASS: retained actual native C31/C32 aliases/body/art: crossed-7
PASS: retained actual native C31/C32 aliases/body/art: crossed-8
PASS: retained actual native C31/C32 aliases/body/art: lone-guard
PASS: retained actual native C31/C32 aliases/body/art: court-1
PASS: retained actual native C31/C32 aliases/body/art: court-2
PASS: retained actual native C31/C32 aliases/body/art: court-3
PASS: retained actual native C31/C32 aliases/body/art: court-guard
PASS: Full native snapshot resources and field/protocol/controller custody remain valid
PASS: initial actual Full Continue has no gameplay delivery
PASS: source-pristine actual Full entry is one exact protected native unit
PASS: actual L3 entry exposes actual paused GUI Resume
PASS: actual L3 entry GUI press/release is consumed before input/action/resource/pose/clock/anchor changes
PASS: actual viewport touch/drag/release starts one public physical dash and records exact release anchor
PASS: one real entrance dash saves current three-source room and protects original earlier entry: 
PASS: paused complete nineteen-source packet remains exact
PASS: saved donor cleanup frees actual @Node3D@239
PASS: saved donor cleanup frees actual MushroomCavernsFullCandidate
PASS: saved donor cleanup frees actual CinderPlayer
PASS: saved donor cleanup frees actual @Node3D@241
PASS: saved donor cleanup frees actual PlayerSpawn
PASS: saved donor cleanup frees actual Floor
PASS: saved donor cleanup frees actual CollisionShape3D
PASS: saved donor cleanup frees actual Visual
PASS: saved donor cleanup frees actual WestEdge
PASS: saved donor cleanup frees actual CollisionShape3D
PASS: saved donor cleanup frees actual Visual
PASS: saved donor cleanup frees actual EastEdge
PASS: saved donor cleanup frees actual CollisionShape3D
PASS: saved donor cleanup frees actual Visual
PASS: saved donor cleanup frees actual NorthEdge
PASS: saved donor cleanup frees actual CollisionShape3D
PASS: saved donor cleanup frees actual Visual
PASS: saved donor cleanup frees actual SouthEdge
PASS: saved donor cleanup frees actual CollisionShape3D
PASS: saved donor cleanup frees actual Visual
PASS: saved donor cleanup frees actual UmbrellaStalk
PASS: saved donor cleanup frees actual CollisionShape3D
PASS: saved donor cleanup frees actual Visual
PASS: saved donor cleanup frees actual GroundedBase
PASS: saved donor cleanup frees actual UmbrellaStalkGreyboxCap
PASS: saved donor cleanup frees actual BreathingStalk
PASS: saved donor cleanup frees actual CollisionShape3D
PASS: saved donor cleanup frees actual Visual
PASS: saved donor cleanup frees actual GroundedBase
PASS: saved donor cleanup frees actual BreathingStalkGreyboxCap
PASS: saved donor cleanup frees actual CrossedLeftStalk
PASS: saved donor cleanup frees actual CollisionShape3D
PASS: saved donor cleanup frees actual Visual
PASS: saved donor cleanup frees actual GroundedBase
PASS: saved donor cleanup frees actual CrossedLeftStalkGreyboxCap
PASS: saved donor cleanup frees actual CrossedRightStalk
PASS: saved donor cleanup frees actual CollisionShape3D
PASS: saved donor cleanup frees actual Visual
PASS: saved donor cleanup frees actual GroundedBase
PASS: saved donor cleanup frees actual CrossedRightStalkGreyboxCap
PASS: saved donor cleanup frees actual CourtStalk
PASS: saved donor cleanup frees actual CollisionShape3D
PASS: saved donor cleanup frees actual Visual
PASS: saved donor cleanup frees actual GroundedBase
PASS: saved donor cleanup frees actual CourtStalkGreyboxCap
PASS: saved donor cleanup frees actual WestShelf
PASS: saved donor cleanup frees actual EastShelf
PASS: saved donor cleanup frees actual FallenTrunk
PASS: saved donor cleanup frees actual FungalArt
PASS: saved donor cleanup frees actual QuietGrottoSilverFloorOverlay
PASS: saved donor cleanup frees actual UmbrellaStalkPaintedSurface
PASS: saved donor cleanup frees actual FullPhysicalStalkSurface
PASS: saved donor cleanup frees actual FrontGrain0
PASS: saved donor cleanup frees actual SideGrain0
PASS: saved donor cleanup frees actual FrontGrain1
PASS: saved donor cleanup frees actual SideGrain1
PASS: saved donor cleanup frees actual FrontGrain2
PASS: saved donor cleanup frees actual SideGrain2
PASS: saved donor cleanup frees actual FrontGrain3
PASS: saved donor cleanup frees actual SideGrain3
PASS: saved donor cleanup frees actual FrontGrain4
PASS: saved donor cleanup frees actual SideGrain4
PASS: saved donor cleanup frees actual FrontGrain5
PASS: saved donor cleanup frees actual SideGrain5
PASS: saved donor cleanup frees actual FrontGrain6
PASS: saved donor cleanup frees actual SideGrain6
PASS: saved donor cleanup frees actual ShallowUmbrellaCap
PASS: saved donor cleanup frees actual FacetedPaintedCap
PASS: saved donor cleanup frees actual RadialGill0
PASS: saved donor cleanup frees actual RadialGill1
PASS: saved donor cleanup frees actual RadialGill2
PASS: saved donor cleanup frees actual RadialGill3
PASS: saved donor cleanup frees actual RadialGill4
PASS: saved donor cleanup frees actual RadialGill5
PASS: saved donor cleanup frees actual RadialGill6
PASS: saved donor cleanup frees actual RadialGill7
PASS: saved donor cleanup frees actual RadialGill8
PASS: saved donor cleanup frees actual RadialGill9
PASS: saved donor cleanup frees actual RadialGill10
PASS: saved donor cleanup frees actual RadialGill11
PASS: saved donor cleanup frees actual RadialGill12
PASS: saved donor cleanup frees actual RadialGill13
PASS: saved donor cleanup frees actual RadialGill14
PASS: saved donor cleanup frees actual RadialGill15
PASS: saved donor cleanup frees actual RadialGill16
PASS: saved donor cleanup frees actual RadialGill17
PASS: saved donor cleanup frees actual RadialGill18
PASS: saved donor cleanup frees actual RadialGill19
PASS: saved donor cleanup frees actual RadialGill20
PASS: saved donor cleanup frees actual RadialGill21
PASS: saved donor cleanup frees actual RadialGill22
PASS: saved donor cleanup frees actual RadialGill23
PASS: saved donor cleanup frees actual BreathingStalkPaintedSurface
PASS: saved donor cleanup frees actual FullPhysicalStalkSurface
PASS: saved donor cleanup frees actual FrontGrain0
PASS: saved donor cleanup frees actual SideGrain0
PASS: saved donor cleanup frees actual FrontGrain1
PASS: saved donor cleanup frees actual SideGrain1
PASS: saved donor cleanup frees actual FrontGrain2
PASS: saved donor cleanup frees actual SideGrain2
PASS: saved donor cleanup frees actual FrontGrain3
PASS: saved donor cleanup frees actual SideGrain3
PASS: saved donor cleanup frees actual FrontGrain4
PASS: saved donor cleanup frees actual SideGrain4
PASS: saved donor cleanup frees actual FrontGrain5
PASS: saved donor cleanup frees actual SideGrain5
PASS: saved donor cleanup frees actual FrontGrain6
PASS: saved donor cleanup frees actual SideGrain6
PASS: saved donor cleanup frees actual ShallowUmbrellaCap
PASS: saved donor cleanup frees actual FacetedPaintedCap
PASS: saved donor cleanup frees actual RadialGill0
PASS: saved donor cleanup frees actual RadialGill1
PASS: saved donor cleanup frees actual RadialGill2
PASS: saved donor cleanup frees actual RadialGill3
PASS: saved donor cleanup frees actual RadialGill4
PASS: saved donor cleanup frees actual RadialGill5
PASS: saved donor cleanup frees actual RadialGill6
PASS: saved donor cleanup frees actual RadialGill7
PASS: saved donor cleanup frees actual RadialGill8
PASS: saved donor cleanup frees actual RadialGill9
PASS: saved donor cleanup frees actual RadialGill10
PASS: saved donor cleanup frees actual RadialGill11
PASS: saved donor cleanup frees actual RadialGill12
PASS: saved donor cleanup frees actual RadialGill13
PASS: saved donor cleanup frees actual RadialGill14
PASS: saved donor cleanup frees actual RadialGill15
PASS: saved donor cleanup frees actual RadialGill16
PASS: saved donor cleanup frees actual RadialGill17
PASS: saved donor cleanup frees actual RadialGill18
PASS: saved donor cleanup frees actual RadialGill19
PASS: saved donor cleanup frees actual RadialGill20
PASS: saved donor cleanup frees actual RadialGill21
PASS: saved donor cleanup frees actual RadialGill22
PASS: saved donor cleanup frees actual RadialGill23
PASS: saved donor cleanup frees actual CrossedLeftStalkPaintedSurface
PASS: saved donor cleanup frees actual FullPhysicalStalkSurface
PASS: saved donor cleanup frees actual FrontGrain0
PASS: saved donor cleanup frees actual SideGrain0
PASS: saved donor cleanup frees actual FrontGrain1
PASS: saved donor cleanup frees actual SideGrain1
PASS: saved donor cleanup frees actual FrontGrain2
PASS: saved donor cleanup frees actual SideGrain2
PASS: saved donor cleanup frees actual FrontGrain3
PASS: saved donor cleanup frees actual SideGrain3
PASS: saved donor cleanup frees actual FrontGrain4
PASS: saved donor cleanup frees actual SideGrain4
PASS: saved donor cleanup frees actual FrontGrain5
PASS: saved donor cleanup frees actual SideGrain5
PASS: saved donor cleanup frees actual FrontGrain6
PASS: saved donor cleanup frees actual SideGrain6
PASS: saved donor cleanup frees actual ShallowUmbrellaCap
PASS: saved donor cleanup frees actual FacetedPaintedCap
PASS: saved donor cleanup frees actual RadialGill0
PASS: saved donor cleanup frees actual RadialGill1
PASS: saved donor cleanup frees actual RadialGill2
PASS: saved donor cleanup frees actual RadialGill3
PASS: saved donor cleanup frees actual RadialGill4
PASS: saved donor cleanup frees actual RadialGill5
PASS: saved donor cleanup frees actual RadialGill6
PASS: saved donor cleanup frees actual RadialGill7
PASS: saved donor cleanup frees actual RadialGill8
PASS: saved donor cleanup frees actual RadialGill9
PASS: saved donor cleanup frees actual RadialGill10
PASS: saved donor cleanup frees actual RadialGill11
PASS: saved donor cleanup frees actual RadialGill12
PASS: saved donor cleanup frees actual RadialGill13
PASS: saved donor cleanup frees actual RadialGill14
PASS: saved donor cleanup frees actual RadialGill15
PASS: saved donor cleanup frees actual RadialGill16
PASS: saved donor cleanup frees actual RadialGill17
PASS: saved donor cleanup frees actual RadialGill18
PASS: saved donor cleanup frees actual RadialGill19
PASS: saved donor cleanup frees actual RadialGill20
PASS: saved donor cleanup frees actual RadialGill21
PASS: saved donor cleanup frees actual RadialGill22
PASS: saved donor cleanup frees actual RadialGill23
PASS: saved donor cleanup frees actual CrossedRightStalkPaintedSurface
PASS: saved donor cleanup frees actual FullPhysicalStalkSurface
PASS: saved donor cleanup frees actual FrontGrain0
PASS: saved donor cleanup frees actual SideGrain0
PASS: saved donor cleanup frees actual FrontGrain1
PASS: saved donor cleanup frees actual SideGrain1
PASS: saved donor cleanup frees actual FrontGrain2
PASS: saved donor cleanup frees actual SideGrain2
PASS: saved donor cleanup frees actual FrontGrain3
PASS: saved donor cleanup frees actual SideGrain3
PASS: saved donor cleanup frees actual FrontGrain4
PASS: saved donor cleanup frees actual SideGrain4
PASS: saved donor cleanup frees actual FrontGrain5
PASS: saved donor cleanup frees actual SideGrain5
PASS: saved donor cleanup frees actual FrontGrain6
PASS: saved donor cleanup frees actual SideGrain6
PASS: saved donor cleanup frees actual ShallowUmbrellaCap
PASS: saved donor cleanup frees actual FacetedPaintedCap
PASS: saved donor cleanup frees actual RadialGill0
PASS: saved donor cleanup frees actual RadialGill1
PASS: saved donor cleanup frees actual RadialGill2
PASS: saved donor cleanup frees actual RadialGill3
PASS: saved donor cleanup frees actual RadialGill4
PASS: saved donor cleanup frees actual RadialGill5
PASS: saved donor cleanup frees actual RadialGill6
PASS: saved donor cleanup frees actual RadialGill7
PASS: saved donor cleanup frees actual RadialGill8
PASS: saved donor cleanup frees actual RadialGill9
PASS: saved donor cleanup frees actual RadialGill10
PASS: saved donor cleanup frees actual RadialGill11
PASS: saved donor cleanup frees actual RadialGill12
PASS: saved donor cleanup frees actual RadialGill13
PASS: saved donor cleanup frees actual RadialGill14
PASS: saved donor cleanup frees actual RadialGill15
PASS: saved donor cleanup frees actual RadialGill16
PASS: saved donor cleanup frees actual RadialGill17
PASS: saved donor cleanup frees actual RadialGill18
PASS: saved donor cleanup frees actual RadialGill19
PASS: saved donor cleanup frees actual RadialGill20
PASS: saved donor cleanup frees actual RadialGill21
PASS: saved donor cleanup frees actual RadialGill22
PASS: saved donor cleanup frees actual RadialGill23
PASS: saved donor cleanup frees actual CourtStalkPaintedSurface
PASS: saved donor cleanup frees actual FullPhysicalStalkSurface
PASS: saved donor cleanup frees actual FrontGrain0
PASS: saved donor cleanup frees actual SideGrain0
PASS: saved donor cleanup frees actual FrontGrain1
PASS: saved donor cleanup frees actual SideGrain1
PASS: saved donor cleanup frees actual FrontGrain2
PASS: saved donor cleanup frees actual SideGrain2
PASS: saved donor cleanup frees actual FrontGrain3
PASS: saved donor cleanup frees actual SideGrain3
PASS: saved donor cleanup frees actual FrontGrain4
PASS: saved donor cleanup frees actual SideGrain4
PASS: saved donor cleanup frees actual FrontGrain5
PASS: saved donor cleanup frees actual SideGrain5
PASS: saved donor cleanup frees actual FrontGrain6
PASS: saved donor cleanup frees actual SideGrain6
PASS: saved donor cleanup frees actual ShallowUmbrellaCap
PASS: saved donor cleanup frees actual FacetedPaintedCap
PASS: saved donor cleanup frees actual RadialGill0
PASS: saved donor cleanup frees actual RadialGill1
PASS: saved donor cleanup frees actual RadialGill2
PASS: saved donor cleanup frees actual RadialGill3
PASS: saved donor cleanup frees actual RadialGill4
PASS: saved donor cleanup frees actual RadialGill5
PASS: saved donor cleanup frees actual RadialGill6
PASS: saved donor cleanup frees actual RadialGill7
PASS: saved donor cleanup frees actual RadialGill8
PASS: saved donor cleanup frees actual RadialGill9
PASS: saved donor cleanup frees actual RadialGill10
PASS: saved donor cleanup frees actual RadialGill11
PASS: saved donor cleanup frees actual RadialGill12
PASS: saved donor cleanup frees actual RadialGill13
PASS: saved donor cleanup frees actual RadialGill14
PASS: saved donor cleanup frees actual RadialGill15
PASS: saved donor cleanup frees actual RadialGill16
PASS: saved donor cleanup frees actual RadialGill17
PASS: saved donor cleanup frees actual RadialGill18
PASS: saved donor cleanup frees actual RadialGill19
PASS: saved donor cleanup frees actual RadialGill20
PASS: saved donor cleanup frees actual RadialGill21
PASS: saved donor cleanup frees actual RadialGill22
PASS: saved donor cleanup frees actual RadialGill23
PASS: saved donor cleanup frees actual WestShelfPaintedShelf
PASS: saved donor cleanup frees actual QuietRockVolume
PASS: saved donor cleanup frees actual IrregularSilverLip0
PASS: saved donor cleanup frees actual IrregularSilverLip1
PASS: saved donor cleanup frees actual IrregularSilverLip2
PASS: saved donor cleanup frees actual IrregularSilverLip3
PASS: saved donor cleanup frees actual IrregularSilverLip4
PASS: saved donor cleanup frees actual EastShelfPaintedShelf
PASS: saved donor cleanup frees actual QuietRockVolume
PASS: saved donor cleanup frees actual IrregularSilverLip0
PASS: saved donor cleanup frees actual IrregularSilverLip1
PASS: saved donor cleanup frees actual IrregularSilverLip2
PASS: saved donor cleanup frees actual IrregularSilverLip3
PASS: saved donor cleanup frees actual IrregularSilverLip4
PASS: saved donor cleanup frees actual FallenTrunkPaintedWood
PASS: saved donor cleanup frees actual EightSidedTimber
PASS: saved donor cleanup frees actual LongWoodGrain0
PASS: saved donor cleanup frees actual LongWoodGrain1
PASS: saved donor cleanup frees actual LongWoodGrain2
PASS: saved donor cleanup frees actual LongWoodGrain3
PASS: saved donor cleanup frees actual RockWingWest0
PASS: saved donor cleanup frees actual JaggedPaintedFlat
PASS: saved donor cleanup frees actual PorousOpening0
PASS: saved donor cleanup frees actual PorousOpening1
PASS: saved donor cleanup frees actual PorousOpening2
PASS: saved donor cleanup frees actual PorousOpening3
PASS: saved donor cleanup frees actual PorousFungusWest0
PASS: saved donor cleanup frees actual OpenPore0
PASS: saved donor cleanup frees actual OpenPore1
PASS: saved donor cleanup frees actual OpenPore2
PASS: saved donor cleanup frees actual OpenPore3
PASS: saved donor cleanup frees actual OpenPore4
PASS: saved donor cleanup frees actual RockWingWest1
PASS: saved donor cleanup frees actual JaggedPaintedFlat
PASS: saved donor cleanup frees actual PorousOpening0
PASS: saved donor cleanup frees actual PorousOpening1
PASS: saved donor cleanup frees actual PorousOpening2
PASS: saved donor cleanup frees actual PorousOpening3
PASS: saved donor cleanup frees actual PorousFungusWest1
PASS: saved donor cleanup frees actual OpenPore0
PASS: saved donor cleanup frees actual OpenPore1
PASS: saved donor cleanup frees actual OpenPore2
PASS: saved donor cleanup frees actual OpenPore3
PASS: saved donor cleanup frees actual OpenPore4
PASS: saved donor cleanup frees actual RockWingWest2
PASS: saved donor cleanup frees actual JaggedPaintedFlat
PASS: saved donor cleanup frees actual PorousOpening0
PASS: saved donor cleanup frees actual PorousOpening1
PASS: saved donor cleanup frees actual PorousOpening2
PASS: saved donor cleanup frees actual PorousOpening3
PASS: saved donor cleanup frees actual PorousFungusWest2
PASS: saved donor cleanup frees actual OpenPore0
PASS: saved donor cleanup frees actual OpenPore1
PASS: saved donor cleanup frees actual OpenPore2
PASS: saved donor cleanup frees actual OpenPore3
PASS: saved donor cleanup frees actual OpenPore4
PASS: saved donor cleanup frees actual RockWingWest3
PASS: saved donor cleanup frees actual JaggedPaintedFlat
PASS: saved donor cleanup frees actual PorousOpening0
PASS: saved donor cleanup frees actual PorousOpening1
PASS: saved donor cleanup frees actual PorousOpening2
PASS: saved donor cleanup frees actual PorousOpening3
PASS: saved donor cleanup frees actual PorousFungusWest3
PASS: saved donor cleanup frees actual OpenPore0
PASS: saved donor cleanup frees actual OpenPore1
PASS: saved donor cleanup frees actual OpenPore2
PASS: saved donor cleanup frees actual OpenPore3
PASS: saved donor cleanup frees actual OpenPore4
PASS: saved donor cleanup frees actual RockWingWest4
PASS: saved donor cleanup frees actual JaggedPaintedFlat
PASS: saved donor cleanup frees actual PorousOpening0
PASS: saved donor cleanup frees actual PorousOpening1
PASS: saved donor cleanup frees actual PorousOpening2
PASS: saved donor cleanup frees actual PorousOpening3
PASS: saved donor cleanup frees actual PorousFungusWest4
PASS: saved donor cleanup frees actual OpenPore0
PASS: saved donor cleanup frees actual OpenPore1
PASS: saved donor cleanup frees actual OpenPore2
PASS: saved donor cleanup frees actual OpenPore3
PASS: saved donor cleanup frees actual OpenPore4
PASS: saved donor cleanup frees actual RockWingEast0
PASS: saved donor cleanup frees actual JaggedPaintedFlat
PASS: saved donor cleanup frees actual PorousOpening0
PASS: saved donor cleanup frees actual PorousOpening1
PASS: saved donor cleanup frees actual PorousOpening2
PASS: saved donor cleanup frees actual PorousOpening3
PASS: saved donor cleanup frees actual PorousFungusEast0
PASS: saved donor cleanup frees actual OpenPore0
PASS: saved donor cleanup frees actual OpenPore1
PASS: saved donor cleanup frees actual OpenPore2
PASS: saved donor cleanup frees actual OpenPore3
PASS: saved donor cleanup frees actual OpenPore4
PASS: saved donor cleanup frees actual RockWingEast1
PASS: saved donor cleanup frees actual JaggedPaintedFlat
PASS: saved donor cleanup frees actual PorousOpening0
PASS: saved donor cleanup frees actual PorousOpening1
PASS: saved donor cleanup frees actual PorousOpening2
PASS: saved donor cleanup frees actual PorousOpening3
PASS: saved donor cleanup frees actual PorousFungusEast1
PASS: saved donor cleanup frees actual OpenPore0
PASS: saved donor cleanup frees actual OpenPore1
PASS: saved donor cleanup frees actual OpenPore2
PASS: saved donor cleanup frees actual OpenPore3
PASS: saved donor cleanup frees actual OpenPore4
PASS: saved donor cleanup frees actual RockWingEast2
PASS: saved donor cleanup frees actual JaggedPaintedFlat
PASS: saved donor cleanup frees actual PorousOpening0
PASS: saved donor cleanup frees actual PorousOpening1
PASS: saved donor cleanup frees actual PorousOpening2
PASS: saved donor cleanup frees actual PorousOpening3
PASS: saved donor cleanup frees actual PorousFungusEast2
PASS: saved donor cleanup frees actual OpenPore0
PASS: saved donor cleanup frees actual OpenPore1
PASS: saved donor cleanup frees actual OpenPore2
PASS: saved donor cleanup frees actual OpenPore3
PASS: saved donor cleanup frees actual OpenPore4
PASS: saved donor cleanup frees actual RockWingEast3
PASS: saved donor cleanup frees actual JaggedPaintedFlat
PASS: saved donor cleanup frees actual PorousOpening0
PASS: saved donor cleanup frees actual PorousOpening1
PASS: saved donor cleanup frees actual PorousOpening2
PASS: saved donor cleanup frees actual PorousOpening3
PASS: saved donor cleanup frees actual PorousFungusEast3
PASS: saved donor cleanup frees actual OpenPore0
PASS: saved donor cleanup frees actual OpenPore1
PASS: saved donor cleanup frees actual OpenPore2
PASS: saved donor cleanup frees actual OpenPore3
PASS: saved donor cleanup frees actual OpenPore4
PASS: saved donor cleanup frees actual RockWingEast4
PASS: saved donor cleanup frees actual JaggedPaintedFlat
PASS: saved donor cleanup frees actual PorousOpening0
PASS: saved donor cleanup frees actual PorousOpening1
PASS: saved donor cleanup frees actual PorousOpening2
PASS: saved donor cleanup frees actual PorousOpening3
PASS: saved donor cleanup frees actual PorousFungusEast4
PASS: saved donor cleanup frees actual OpenPore0
PASS: saved donor cleanup frees actual OpenPore1
PASS: saved donor cleanup frees actual OpenPore2
PASS: saved donor cleanup frees actual OpenPore3
PASS: saved donor cleanup frees actual OpenPore4
PASS: saved donor cleanup frees actual CourtCurtainO56
PASS: saved donor cleanup frees actual ColumnWest
PASS: saved donor cleanup frees actual ColumnBaseWest
PASS: saved donor cleanup frees actual ColumnCapitalWest
PASS: saved donor cleanup frees actual CrescentCrownWest
PASS: saved donor cleanup frees actual MoonWhiteCrescent
PASS: saved donor cleanup frees actual CurlingPanelWest
PASS: saved donor cleanup frees actual PaintedCurlWest
PASS: saved donor cleanup frees actual CurlStroke0
PASS: saved donor cleanup frees actual CurlStroke1
PASS: saved donor cleanup frees actual CurlStroke2
PASS: saved donor cleanup frees actual CurlStroke3
PASS: saved donor cleanup frees actual CurlStroke4
PASS: saved donor cleanup frees actual CurlStroke5
PASS: saved donor cleanup frees actual CurlStroke6
PASS: saved donor cleanup frees actual CurlStroke7
PASS: saved donor cleanup frees actual CurlStroke8
PASS: saved donor cleanup frees actual CurlStroke9
PASS: saved donor cleanup frees actual CurlStroke10
PASS: saved donor cleanup frees actual CurlStroke11
PASS: saved donor cleanup frees actual CurlStroke12
PASS: saved donor cleanup frees actual CurlStroke13
PASS: saved donor cleanup frees actual CurlStroke14
PASS: saved donor cleanup frees actual CurlStroke15
PASS: saved donor cleanup frees actual CurlStroke16
PASS: saved donor cleanup frees actual CurlStroke17
PASS: saved donor cleanup frees actual ColumnEast
PASS: saved donor cleanup frees actual ColumnBaseEast
PASS: saved donor cleanup frees actual ColumnCapitalEast
PASS: saved donor cleanup frees actual CrescentCrownEast
PASS: saved donor cleanup frees actual MoonWhiteCrescent
PASS: saved donor cleanup frees actual CurlingPanelEast
PASS: saved donor cleanup frees actual PaintedCurlEast
PASS: saved donor cleanup frees actual CurlStroke0
PASS: saved donor cleanup frees actual CurlStroke1
PASS: saved donor cleanup frees actual CurlStroke2
PASS: saved donor cleanup frees actual CurlStroke3
PASS: saved donor cleanup frees actual CurlStroke4
PASS: saved donor cleanup frees actual CurlStroke5
PASS: saved donor cleanup frees actual CurlStroke6
PASS: saved donor cleanup frees actual CurlStroke7
PASS: saved donor cleanup frees actual CurlStroke8
PASS: saved donor cleanup frees actual CurlStroke9
PASS: saved donor cleanup frees actual CurlStroke10
PASS: saved donor cleanup frees actual CurlStroke11
PASS: saved donor cleanup frees actual CurlStroke12
PASS: saved donor cleanup frees actual CurlStroke13
PASS: saved donor cleanup frees actual CurlStroke14
PASS: saved donor cleanup frees actual CurlStroke15
PASS: saved donor cleanup frees actual CurlStroke16
PASS: saved donor cleanup frees actual CurlStroke17
PASS: saved donor cleanup frees actual TopDraperyRail
PASS: saved donor cleanup frees actual BlockedDrapery
PASS: saved donor cleanup frees actual FoldWest_0
PASS: saved donor cleanup frees actual SilverHemWest_0
PASS: saved donor cleanup frees actual FoldWest_1
PASS: saved donor cleanup frees actual SilverHemWest_1
PASS: saved donor cleanup frees actual FoldWest_2
PASS: saved donor cleanup frees actual SilverHemWest_2
PASS: saved donor cleanup frees actual FoldWest_3
PASS: saved donor cleanup frees actual SilverHemWest_3
PASS: saved donor cleanup frees actual FoldWest_4
PASS: saved donor cleanup frees actual SilverHemWest_4
PASS: saved donor cleanup frees actual FoldWest_5
PASS: saved donor cleanup frees actual SilverHemWest_5
PASS: saved donor cleanup frees actual FoldWest_6
PASS: saved donor cleanup frees actual SilverHemWest_6
PASS: saved donor cleanup frees actual FoldWest_7
PASS: saved donor cleanup frees actual SilverHemWest_7
PASS: saved donor cleanup frees actual FoldWest_8
PASS: saved donor cleanup frees actual SilverHemWest_8
PASS: saved donor cleanup frees actual FoldWest_9
PASS: saved donor cleanup frees actual SilverHemWest_9
PASS: saved donor cleanup frees actual FoldEast_0
PASS: saved donor cleanup frees actual SilverHemEast_0
PASS: saved donor cleanup frees actual FoldEast_1
PASS: saved donor cleanup frees actual SilverHemEast_1
PASS: saved donor cleanup frees actual FoldEast_2
PASS: saved donor cleanup frees actual SilverHemEast_2
PASS: saved donor cleanup frees actual FoldEast_3
PASS: saved donor cleanup frees actual SilverHemEast_3
PASS: saved donor cleanup frees actual FoldEast_4
PASS: saved donor cleanup frees actual SilverHemEast_4
PASS: saved donor cleanup frees actual FoldEast_5
PASS: saved donor cleanup frees actual SilverHemEast_5
PASS: saved donor cleanup frees actual FoldEast_6
PASS: saved donor cleanup frees actual SilverHemEast_6
PASS: saved donor cleanup frees actual FoldEast_7
PASS: saved donor cleanup frees actual SilverHemEast_7
PASS: saved donor cleanup frees actual FoldEast_8
PASS: saved donor cleanup frees actual SilverHemEast_8
PASS: saved donor cleanup frees actual FoldEast_9
PASS: saved donor cleanup frees actual SilverHemEast_9
PASS: saved donor cleanup frees actual OpenGatheredDrapery
PASS: saved donor cleanup frees actual FoldWest_0
PASS: saved donor cleanup frees actual SilverHemWest_0
PASS: saved donor cleanup frees actual FoldWest_1
PASS: saved donor cleanup frees actual SilverHemWest_1
PASS: saved donor cleanup frees actual FoldWest_2
PASS: saved donor cleanup frees actual SilverHemWest_2
PASS: saved donor cleanup frees actual FoldWest_3
PASS: saved donor cleanup frees actual SilverHemWest_3
PASS: saved donor cleanup frees actual FoldWest_4
PASS: saved donor cleanup frees actual SilverHemWest_4
PASS: saved donor cleanup frees actual FoldWest_5
PASS: saved donor cleanup frees actual SilverHemWest_5
PASS: saved donor cleanup frees actual FoldWest_6
PASS: saved donor cleanup frees actual SilverHemWest_6
PASS: saved donor cleanup frees actual FoldWest_7
PASS: saved donor cleanup frees actual SilverHemWest_7
PASS: saved donor cleanup frees actual FoldWest_8
PASS: saved donor cleanup frees actual SilverHemWest_8
PASS: saved donor cleanup frees actual FoldWest_9
PASS: saved donor cleanup frees actual SilverHemWest_9
PASS: saved donor cleanup frees actual FoldEast_0
PASS: saved donor cleanup frees actual SilverHemEast_0
PASS: saved donor cleanup frees actual FoldEast_1
PASS: saved donor cleanup frees actual SilverHemEast_1
PASS: saved donor cleanup frees actual FoldEast_2
PASS: saved donor cleanup frees actual SilverHemEast_2
PASS: saved donor cleanup frees actual FoldEast_3
PASS: saved donor cleanup frees actual SilverHemEast_3
PASS: saved donor cleanup frees actual FoldEast_4
PASS: saved donor cleanup frees actual SilverHemEast_4
PASS: saved donor cleanup frees actual FoldEast_5
PASS: saved donor cleanup frees actual SilverHemEast_5
PASS: saved donor cleanup frees actual FoldEast_6
PASS: saved donor cleanup frees actual SilverHemEast_6
PASS: saved donor cleanup frees actual FoldEast_7
PASS: saved donor cleanup frees actual SilverHemEast_7
PASS: saved donor cleanup frees actual FoldEast_8
PASS: saved donor cleanup frees actual SilverHemEast_8
PASS: saved donor cleanup frees actual FoldEast_9
PASS: saved donor cleanup frees actual SilverHemEast_9
PASS: saved donor cleanup frees actual MushroomThreatScheduler
PASS: saved donor cleanup frees actual umbrella_1
PASS: saved donor cleanup frees actual BodyCollision
PASS: saved donor cleanup frees actual ThreatCue
PASS: saved donor cleanup frees actual RequiredFootprintOutline
PASS: saved donor cleanup frees actual RequiredFootprintFill
PASS: saved donor cleanup frees actual RequiredSourceMarker
PASS: saved donor cleanup frees actual MushroomSelenitePresentation
PASS: saved donor cleanup frees actual StandingCrouchingBody
PASS: saved donor cleanup frees actual CostumePixels
PASS: saved donor cleanup frees actual MushroomSeleniteSprite
PASS: saved donor cleanup frees actual umbrella_2
PASS: saved donor cleanup frees actual BodyCollision
PASS: saved donor cleanup frees actual ThreatCue
PASS: saved donor cleanup frees actual RequiredFootprintOutline
PASS: saved donor cleanup frees actual RequiredFootprintFill
PASS: saved donor cleanup frees actual RequiredSourceMarker
PASS: saved donor cleanup frees actual MushroomSelenitePresentation
PASS: saved donor cleanup frees actual StandingCrouchingBody
PASS: saved donor cleanup frees actual CostumePixels
PASS: saved donor cleanup frees actual MushroomSeleniteSprite
PASS: saved donor cleanup frees actual umbrella_3
PASS: saved donor cleanup frees actual BodyCollision
PASS: saved donor cleanup frees actual ThreatCue
PASS: saved donor cleanup frees actual RequiredFootprintOutline
PASS: saved donor cleanup frees actual RequiredFootprintFill
PASS: saved donor cleanup frees actual RequiredSourceMarker
PASS: saved donor cleanup frees actual MushroomSelenitePresentation
PASS: saved donor cleanup frees actual StandingCrouchingBody
PASS: saved donor cleanup frees actual CostumePixels
PASS: saved donor cleanup frees actual MushroomSeleniteSprite
PASS: saved donor cleanup frees actual breathing_1
PASS: saved donor cleanup frees actual BodyCollision
PASS: saved donor cleanup frees actual ThreatCue
PASS: saved donor cleanup frees actual RequiredFootprintOutline
PASS: saved donor cleanup frees actual RequiredFootprintFill
PASS: saved donor cleanup frees actual RequiredSourceMarker
PASS: saved donor cleanup frees actual MushroomSelenitePresentation
PASS: saved donor cleanup frees actual StandingCrouchingBody
PASS: saved donor cleanup frees actual CostumePixels
PASS: saved donor cleanup frees actual MushroomSeleniteSprite
PASS: saved donor cleanup frees actual breathing_2
PASS: saved donor cleanup frees actual BodyCollision
PASS: saved donor cleanup frees actual ThreatCue
PASS: saved donor cleanup frees actual RequiredFootprintOutline
PASS: saved donor cleanup frees actual RequiredFootprintFill
PASS: saved donor cleanup frees actual RequiredSourceMarker
PASS: saved donor cleanup frees actual MushroomSelenitePresentation
PASS: saved donor cleanup frees actual StandingCrouchingBody
PASS: saved donor cleanup frees actual CostumePixels
PASS: saved donor cleanup frees actual MushroomSeleniteSprite
PASS: saved donor cleanup frees actual breathing_3
PASS: saved donor cleanup frees actual BodyCollision
PASS: saved donor cleanup frees actual ThreatCue
PASS: saved donor cleanup frees actual RequiredFootprintOutline
PASS: saved donor cleanup frees actual RequiredFootprintFill
PASS: saved donor cleanup frees actual RequiredSourceMarker
PASS: saved donor cleanup frees actual MushroomSelenitePresentation
PASS: saved donor cleanup frees actual StandingCrouchingBody
PASS: saved donor cleanup frees actual CostumePixels
PASS: saved donor cleanup frees actual MushroomSeleniteSprite
PASS: saved donor cleanup frees actual crossed_1
PASS: saved donor cleanup frees actual BodyCollision
PASS: saved donor cleanup frees actual ThreatCue
PASS: saved donor cleanup frees actual RequiredFootprintOutline
PASS: saved donor cleanup frees actual RequiredFootprintFill
PASS: saved donor cleanup frees actual RequiredSourceMarker
PASS: saved donor cleanup frees actual MushroomSelenitePresentation
PASS: saved donor cleanup frees actual StandingCrouchingBody
PASS: saved donor cleanup frees actual CostumePixels
PASS: saved donor cleanup frees actual MushroomSeleniteSprite
PASS: saved donor cleanup frees actual crossed_2
PASS: saved donor cleanup frees actual BodyCollision
PASS: saved donor cleanup frees actual ThreatCue
PASS: saved donor cleanup frees actual RequiredFootprintOutline
PASS: saved donor cleanup frees actual RequiredFootprintFill
PASS: saved donor cleanup frees actual RequiredSourceMarker
PASS: saved donor cleanup frees actual MushroomSelenitePresentation
PASS: saved donor cleanup frees actual StandingCrouchingBody
PASS: saved donor cleanup frees actual CostumePixels
PASS: saved donor cleanup frees actual MushroomSeleniteSprite
PASS: saved donor cleanup frees actual crossed_3
PASS: saved donor cleanup frees actual BodyCollision
PASS: saved donor cleanup frees actual ThreatCue
PASS: saved donor cleanup frees actual RequiredFootprintOutline
PASS: saved donor cleanup frees actual RequiredFootprintFill
PASS: saved donor cleanup frees actual RequiredSourceMarker
PASS: saved donor cleanup frees actual MushroomSelenitePresentation
PASS: saved donor cleanup frees actual StandingCrouchingBody
PASS: saved donor cleanup frees actual CostumePixels
PASS: saved donor cleanup frees actual MushroomSeleniteSprite
PASS: saved donor cleanup frees actual crossed_4
PASS: saved donor cleanup frees actual BodyCollision
PASS: saved donor cleanup frees actual ThreatCue
PASS: saved donor cleanup frees actual RequiredFootprintOutline
PASS: saved donor cleanup frees actual RequiredFootprintFill
PASS: saved donor cleanup frees actual RequiredSourceMarker
PASS: saved donor cleanup frees actual MushroomSelenitePresentation
PASS: saved donor cleanup frees actual StandingCrouchingBody
PASS: saved donor cleanup frees actual CostumePixels
PASS: saved donor cleanup frees actual MushroomSeleniteSprite
PASS: saved donor cleanup frees actual crossed_5
PASS: saved donor cleanup frees actual BodyCollision
PASS: saved donor cleanup frees actual ThreatCue
PASS: saved donor cleanup frees actual RequiredFootprintOutline
PASS: saved donor cleanup frees actual RequiredFootprintFill
PASS: saved donor cleanup frees actual RequiredSourceMarker
PASS: saved donor cleanup frees actual MushroomSelenitePresentation
PASS: saved donor cleanup frees actual StandingCrouchingBody
PASS: saved donor cleanup frees actual CostumePixels
PASS: saved donor cleanup frees actual MushroomSeleniteSprite
PASS: saved donor cleanup frees actual crossed_6
PASS: saved donor cleanup frees actual BodyCollision
PASS: saved donor cleanup frees actual ThreatCue
PASS: saved donor cleanup frees actual RequiredFootprintOutline
PASS: saved donor cleanup frees actual RequiredFootprintFill
PASS: saved donor cleanup frees actual RequiredSourceMarker
PASS: saved donor cleanup frees actual MushroomSelenitePresentation
PASS: saved donor cleanup frees actual StandingCrouchingBody
PASS: saved donor cleanup frees actual CostumePixels
PASS: saved donor cleanup frees actual MushroomSeleniteSprite
PASS: saved donor cleanup frees actual crossed_7
PASS: saved donor cleanup frees actual BodyCollision
PASS: saved donor cleanup frees actual ThreatCue
PASS: saved donor cleanup frees actual RequiredFootprintOutline
PASS: saved donor cleanup frees actual RequiredFootprintFill
PASS: saved donor cleanup frees actual RequiredSourceMarker
PASS: saved donor cleanup frees actual MushroomSelenitePresentation
PASS: saved donor cleanup frees actual StandingCrouchingBody
PASS: saved donor cleanup frees actual CostumePixels
PASS: saved donor cleanup frees actual MushroomSeleniteSprite
PASS: saved donor cleanup frees actual crossed_8
PASS: saved donor cleanup frees actual BodyCollision
PASS: saved donor cleanup frees actual ThreatCue
PASS: saved donor cleanup frees actual RequiredFootprintOutline
PASS: saved donor cleanup frees actual RequiredFootprintFill
PASS: saved donor cleanup frees actual RequiredSourceMarker
PASS: saved donor cleanup frees actual MushroomSelenitePresentation
PASS: saved donor cleanup frees actual StandingCrouchingBody
PASS: saved donor cleanup frees actual CostumePixels
PASS: saved donor cleanup frees actual MushroomSeleniteSprite
PASS: saved donor cleanup frees actual lone_guard
PASS: saved donor cleanup frees actual BodyCollision
PASS: saved donor cleanup frees actual ThreatCue
PASS: saved donor cleanup frees actual RequiredFootprintOutline
PASS: saved donor cleanup frees actual RequiredFootprintFill
PASS: saved donor cleanup frees actual RequiredSourceMarker
PASS: saved donor cleanup frees actual MushroomSelenitePresentation
PASS: saved donor cleanup frees actual StandingCrouchingBody
PASS: saved donor cleanup frees actual CostumePixels
PASS: saved donor cleanup frees actual MushroomSeleniteSprite
PASS: saved donor cleanup frees actual court_1
PASS: saved donor cleanup frees actual BodyCollision
PASS: saved donor cleanup frees actual ThreatCue
PASS: saved donor cleanup frees actual RequiredFootprintOutline
PASS: saved donor cleanup frees actual RequiredFootprintFill
PASS: saved donor cleanup frees actual RequiredSourceMarker
PASS: saved donor cleanup frees actual MushroomSelenitePresentation
PASS: saved donor cleanup frees actual StandingCrouchingBody
PASS: saved donor cleanup frees actual CostumePixels
PASS: saved donor cleanup frees actual MushroomSeleniteSprite
PASS: saved donor cleanup frees actual court_2
PASS: saved donor cleanup frees actual BodyCollision
PASS: saved donor cleanup frees actual ThreatCue
PASS: saved donor cleanup frees actual RequiredFootprintOutline
PASS: saved donor cleanup frees actual RequiredFootprintFill
PASS: saved donor cleanup frees actual RequiredSourceMarker
PASS: saved donor cleanup frees actual MushroomSelenitePresentation
PASS: saved donor cleanup frees actual StandingCrouchingBody
PASS: saved donor cleanup frees actual CostumePixels
PASS: saved donor cleanup frees actual MushroomSeleniteSprite
PASS: saved donor cleanup frees actual court_3
PASS: saved donor cleanup frees actual BodyCollision
PASS: saved donor cleanup frees actual ThreatCue
PASS: saved donor cleanup frees actual RequiredFootprintOutline
PASS: saved donor cleanup frees actual RequiredFootprintFill
PASS: saved donor cleanup frees actual RequiredSourceMarker
PASS: saved donor cleanup frees actual MushroomSelenitePresentation
PASS: saved donor cleanup frees actual StandingCrouchingBody
PASS: saved donor cleanup frees actual CostumePixels
PASS: saved donor cleanup frees actual MushroomSeleniteSprite
PASS: saved donor cleanup frees actual court_guard
PASS: saved donor cleanup frees actual BodyCollision
PASS: saved donor cleanup frees actual ThreatCue
PASS: saved donor cleanup frees actual RequiredFootprintOutline
PASS: saved donor cleanup frees actual RequiredFootprintFill
PASS: saved donor cleanup frees actual RequiredSourceMarker
PASS: saved donor cleanup frees actual MushroomSelenitePresentation
PASS: saved donor cleanup frees actual StandingCrouchingBody
PASS: saved donor cleanup frees actual CostumePixels
PASS: saved donor cleanup frees actual MushroomSeleniteSprite
PASS: saved donor cleanup frees actual ActualOpenCourtContact
PASS: saved donor cleanup frees actual BroadCourtContact
PASS: saved donor cleanup frees actual ActualCourtContactCue
PASS: saved donor cleanup frees actual RequiredInteractionMarker
PASS: production registry configures only isolated PID user paths
PASS: real production Title has no duplicate live world for actual L3 entrance save: 
PASS: actual L3 installation waits at paused Resume: 
PASS: actual Full owns shared expedition Player/effects, nineteen retained actors and authored five-beat contract
PASS: retained actual native C31/C32 aliases/body/art: umbrella-1
PASS: retained actual native C31/C32 aliases/body/art: umbrella-2
PASS: retained actual native C31/C32 aliases/body/art: umbrella-3
PASS: retained actual native C31/C32 aliases/body/art: breathing-1
PASS: retained actual native C31/C32 aliases/body/art: breathing-2
PASS: retained actual native C31/C32 aliases/body/art: breathing-3
PASS: retained actual native C31/C32 aliases/body/art: crossed-1
PASS: retained actual native C31/C32 aliases/body/art: crossed-2
PASS: retained actual native C31/C32 aliases/body/art: crossed-3
PASS: retained actual native C31/C32 aliases/body/art: crossed-4
PASS: retained actual native C31/C32 aliases/body/art: crossed-5
PASS: retained actual native C31/C32 aliases/body/art: crossed-6
PASS: retained actual native C31/C32 aliases/body/art: crossed-7
PASS: retained actual native C31/C32 aliases/body/art: crossed-8
PASS: retained actual native C31/C32 aliases/body/art: lone-guard
PASS: retained actual native C31/C32 aliases/body/art: court-1
PASS: retained actual native C31/C32 aliases/body/art: court-2
PASS: retained actual native C31/C32 aliases/body/art: court-3
PASS: retained actual native C31/C32 aliases/body/art: court-guard
PASS: Full native snapshot resources and field/protocol/controller custody remain valid
PASS: fresh actual GUI Continue restores exact actual L3 entrance save without gameplay callbacks: []
PASS: fresh NULL-Player Title Continue retains exact format2 payload
PASS: actual L3 installation waits at paused Resume: 
PASS: actual Full owns shared expedition Player/effects, nineteen retained actors and authored five-beat contract
PASS: retained actual native C31/C32 aliases/body/art: umbrella-1
PASS: retained actual native C31/C32 aliases/body/art: umbrella-2
PASS: retained actual native C31/C32 aliases/body/art: umbrella-3
PASS: retained actual native C31/C32 aliases/body/art: breathing-1
PASS: retained actual native C31/C32 aliases/body/art: breathing-2
PASS: retained actual native C31/C32 aliases/body/art: breathing-3
PASS: retained actual native C31/C32 aliases/body/art: crossed-1
PASS: retained actual native C31/C32 aliases/body/art: crossed-2
PASS: retained actual native C31/C32 aliases/body/art: crossed-3
PASS: retained actual native C31/C32 aliases/body/art: crossed-4
PASS: retained actual native C31/C32 aliases/body/art: crossed-5
PASS: retained actual native C31/C32 aliases/body/art: crossed-6
PASS: retained actual native C31/C32 aliases/body/art: crossed-7
PASS: retained actual native C31/C32 aliases/body/art: crossed-8
PASS: retained actual native C31/C32 aliases/body/art: lone-guard
PASS: retained actual native C31/C32 aliases/body/art: court-1
PASS: retained actual native C31/C32 aliases/body/art: court-2
PASS: retained actual native C31/C32 aliases/body/art: court-3
PASS: retained actual native C31/C32 aliases/body/art: court-guard
PASS: Full native snapshot resources and field/protocol/controller custody remain valid
PASS: actual GUI Retry restores exact earlier source-pristine checkpoint without gameplay callbacks: []
PASS: protected earlier Retry frees actual @Node3D@391
PASS: protected earlier Retry frees actual MushroomCavernsFullCandidate
PASS: protected earlier Retry frees actual CinderPlayer
PASS: protected earlier Retry frees actual @Node3D@393
PASS: protected earlier Retry frees actual PlayerSpawn
PASS: protected earlier Retry frees actual Floor
PASS: protected earlier Retry frees actual CollisionShape3D
PASS: protected earlier Retry frees actual Visual
PASS: protected earlier Retry frees actual WestEdge
PASS: protected earlier Retry frees actual CollisionShape3D
PASS: protected earlier Retry frees actual Visual
PASS: protected earlier Retry frees actual EastEdge
PASS: protected earlier Retry frees actual CollisionShape3D
PASS: protected earlier Retry frees actual Visual
PASS: protected earlier Retry frees actual NorthEdge
PASS: protected earlier Retry frees actual CollisionShape3D
PASS: protected earlier Retry frees actual Visual
PASS: protected earlier Retry frees actual SouthEdge
PASS: protected earlier Retry frees actual CollisionShape3D
PASS: protected earlier Retry frees actual Visual
PASS: protected earlier Retry frees actual UmbrellaStalk
PASS: protected earlier Retry frees actual CollisionShape3D
PASS: protected earlier Retry frees actual Visual
PASS: protected earlier Retry frees actual GroundedBase
PASS: protected earlier Retry frees actual UmbrellaStalkGreyboxCap
PASS: protected earlier Retry frees actual BreathingStalk
PASS: protected earlier Retry frees actual CollisionShape3D
PASS: protected earlier Retry frees actual Visual
PASS: protected earlier Retry frees actual GroundedBase
PASS: protected earlier Retry frees actual BreathingStalkGreyboxCap
PASS: protected earlier Retry frees actual CrossedLeftStalk
PASS: protected earlier Retry frees actual CollisionShape3D
PASS: protected earlier Retry frees actual Visual
PASS: protected earlier Retry frees actual GroundedBase
PASS: protected earlier Retry frees actual CrossedLeftStalkGreyboxCap
PASS: protected earlier Retry frees actual CrossedRightStalk
PASS: protected earlier Retry frees actual CollisionShape3D
PASS: protected earlier Retry frees actual Visual
PASS: protected earlier Retry frees actual GroundedBase
PASS: protected earlier Retry frees actual CrossedRightStalkGreyboxCap
PASS: protected earlier Retry frees actual CourtStalk
PASS: protected earlier Retry frees actual CollisionShape3D
PASS: protected earlier Retry frees actual Visual
PASS: protected earlier Retry frees actual GroundedBase
PASS: protected earlier Retry frees actual CourtStalkGreyboxCap
PASS: protected earlier Retry frees actual WestShelf
PASS: protected earlier Retry frees actual EastShelf
PASS: protected earlier Retry frees actual FallenTrunk
PASS: protected earlier Retry frees actual FungalArt
PASS: protected earlier Retry frees actual QuietGrottoSilverFloorOverlay
PASS: protected earlier Retry frees actual UmbrellaStalkPaintedSurface
PASS: protected earlier Retry frees actual FullPhysicalStalkSurface
PASS: protected earlier Retry frees actual FrontGrain0
PASS: protected earlier Retry frees actual SideGrain0
PASS: protected earlier Retry frees actual FrontGrain1
PASS: protected earlier Retry frees actual SideGrain1
PASS: protected earlier Retry frees actual FrontGrain2
PASS: protected earlier Retry frees actual SideGrain2
PASS: protected earlier Retry frees actual FrontGrain3
PASS: protected earlier Retry frees actual SideGrain3
PASS: protected earlier Retry frees actual FrontGrain4
PASS: protected earlier Retry frees actual SideGrain4
PASS: protected earlier Retry frees actual FrontGrain5
PASS: protected earlier Retry frees actual SideGrain5
PASS: protected earlier Retry frees actual FrontGrain6
PASS: protected earlier Retry frees actual SideGrain6
PASS: protected earlier Retry frees actual ShallowUmbrellaCap
PASS: protected earlier Retry frees actual FacetedPaintedCap
PASS: protected earlier Retry frees actual RadialGill0
PASS: protected earlier Retry frees actual RadialGill1
PASS: protected earlier Retry frees actual RadialGill2
PASS: protected earlier Retry frees actual RadialGill3
PASS: protected earlier Retry frees actual RadialGill4
PASS: protected earlier Retry frees actual RadialGill5
PASS: protected earlier Retry frees actual RadialGill6
PASS: protected earlier Retry frees actual RadialGill7
PASS: protected earlier Retry frees actual RadialGill8
PASS: protected earlier Retry frees actual RadialGill9
PASS: protected earlier Retry frees actual RadialGill10
PASS: protected earlier Retry frees actual RadialGill11
PASS: protected earlier Retry frees actual RadialGill12
PASS: protected earlier Retry frees actual RadialGill13
PASS: protected earlier Retry frees actual RadialGill14
PASS: protected earlier Retry frees actual RadialGill15
PASS: protected earlier Retry frees actual RadialGill16
PASS: protected earlier Retry frees actual RadialGill17
PASS: protected earlier Retry frees actual RadialGill18
PASS: protected earlier Retry frees actual RadialGill19
PASS: protected earlier Retry frees actual RadialGill20
PASS: protected earlier Retry frees actual RadialGill21
PASS: protected earlier Retry frees actual RadialGill22
PASS: protected earlier Retry frees actual RadialGill23
PASS: protected earlier Retry frees actual BreathingStalkPaintedSurface
PASS: protected earlier Retry frees actual FullPhysicalStalkSurface
PASS: protected earlier Retry frees actual FrontGrain0
PASS: protected earlier Retry frees actual SideGrain0
PASS: protected earlier Retry frees actual FrontGrain1
PASS: protected earlier Retry frees actual SideGrain1
PASS: protected earlier Retry frees actual FrontGrain2
PASS: protected earlier Retry frees actual SideGrain2
PASS: protected earlier Retry frees actual FrontGrain3
PASS: protected earlier Retry frees actual SideGrain3
PASS: protected earlier Retry frees actual FrontGrain4
PASS: protected earlier Retry frees actual SideGrain4
PASS: protected earlier Retry frees actual FrontGrain5
PASS: protected earlier Retry frees actual SideGrain5
PASS: protected earlier Retry frees actual FrontGrain6
PASS: protected earlier Retry frees actual SideGrain6
PASS: protected earlier Retry frees actual ShallowUmbrellaCap
PASS: protected earlier Retry frees actual FacetedPaintedCap
PASS: protected earlier Retry frees actual RadialGill0
PASS: protected earlier Retry frees actual RadialGill1
PASS: protected earlier Retry frees actual RadialGill2
PASS: protected earlier Retry frees actual RadialGill3
PASS: protected earlier Retry frees actual RadialGill4
PASS: protected earlier Retry frees actual RadialGill5
PASS: protected earlier Retry frees actual RadialGill6
PASS: protected earlier Retry frees actual RadialGill7
PASS: protected earlier Retry frees actual RadialGill8
PASS: protected earlier Retry frees actual RadialGill9
PASS: protected earlier Retry frees actual RadialGill10
PASS: protected earlier Retry frees actual RadialGill11
PASS: protected earlier Retry frees actual RadialGill12
PASS: protected earlier Retry frees actual RadialGill13
PASS: protected earlier Retry frees actual RadialGill14
PASS: protected earlier Retry frees actual RadialGill15
PASS: protected earlier Retry frees actual RadialGill16
PASS: protected earlier Retry frees actual RadialGill17
PASS: protected earlier Retry frees actual RadialGill18
PASS: protected earlier Retry frees actual RadialGill19
PASS: protected earlier Retry frees actual RadialGill20
PASS: protected earlier Retry frees actual RadialGill21
PASS: protected earlier Retry frees actual RadialGill22
PASS: protected earlier Retry frees actual RadialGill23
PASS: protected earlier Retry frees actual CrossedLeftStalkPaintedSurface
PASS: protected earlier Retry frees actual FullPhysicalStalkSurface
PASS: protected earlier Retry frees actual FrontGrain0
PASS: protected earlier Retry frees actual SideGrain0
PASS: protected earlier Retry frees actual FrontGrain1
PASS: protected earlier Retry frees actual SideGrain1
PASS: protected earlier Retry frees actual FrontGrain2
PASS: protected earlier Retry frees actual SideGrain2
PASS: protected earlier Retry frees actual FrontGrain3
PASS: protected earlier Retry frees actual SideGrain3
PASS: protected earlier Retry frees actual FrontGrain4
PASS: protected earlier Retry frees actual SideGrain4
PASS: protected earlier Retry frees actual FrontGrain5
PASS: protected earlier Retry frees actual SideGrain5
PASS: protected earlier Retry frees actual FrontGrain6
PASS: protected earlier Retry frees actual SideGrain6
PASS: protected earlier Retry frees actual ShallowUmbrellaCap
PASS: protected earlier Retry frees actual FacetedPaintedCap
PASS: protected earlier Retry frees actual RadialGill0
PASS: protected earlier Retry frees actual RadialGill1
PASS: protected earlier Retry frees actual RadialGill2
PASS: protected earlier Retry frees actual RadialGill3
PASS: protected earlier Retry frees actual RadialGill4
PASS: protected earlier Retry frees actual RadialGill5
PASS: protected earlier Retry frees actual RadialGill6
PASS: protected earlier Retry frees actual RadialGill7
PASS: protected earlier Retry frees actual RadialGill8
PASS: protected earlier Retry frees actual RadialGill9
PASS: protected earlier Retry frees actual RadialGill10
PASS: protected earlier Retry frees actual RadialGill11
PASS: protected earlier Retry frees actual RadialGill12
PASS: protected earlier Retry frees actual RadialGill13
PASS: protected earlier Retry frees actual RadialGill14
PASS: protected earlier Retry frees actual RadialGill15
PASS: protected earlier Retry frees actual RadialGill16
PASS: protected earlier Retry frees actual RadialGill17
PASS: protected earlier Retry frees actual RadialGill18
PASS: protected earlier Retry frees actual RadialGill19
PASS: protected earlier Retry frees actual RadialGill20
PASS: protected earlier Retry frees actual RadialGill21
PASS: protected earlier Retry frees actual RadialGill22
PASS: protected earlier Retry frees actual RadialGill23
PASS: protected earlier Retry frees actual CrossedRightStalkPaintedSurface
PASS: protected earlier Retry frees actual FullPhysicalStalkSurface
PASS: protected earlier Retry frees actual FrontGrain0
PASS: protected earlier Retry frees actual SideGrain0
PASS: protected earlier Retry frees actual FrontGrain1
PASS: protected earlier Retry frees actual SideGrain1
PASS: protected earlier Retry frees actual FrontGrain2
PASS: protected earlier Retry frees actual SideGrain2
PASS: protected earlier Retry frees actual FrontGrain3
PASS: protected earlier Retry frees actual SideGrain3
PASS: protected earlier Retry frees actual FrontGrain4
PASS: protected earlier Retry frees actual SideGrain4
PASS: protected earlier Retry frees actual FrontGrain5
PASS: protected earlier Retry frees actual SideGrain5
PASS: protected earlier Retry frees actual FrontGrain6
PASS: protected earlier Retry frees actual SideGrain6
PASS: protected earlier Retry frees actual ShallowUmbrellaCap
PASS: protected earlier Retry frees actual FacetedPaintedCap
PASS: protected earlier Retry frees actual RadialGill0
PASS: protected earlier Retry frees actual RadialGill1
PASS: protected earlier Retry frees actual RadialGill2
PASS: protected earlier Retry frees actual RadialGill3
PASS: protected earlier Retry frees actual RadialGill4
PASS: protected earlier Retry frees actual RadialGill5
PASS: protected earlier Retry frees actual RadialGill6
PASS: protected earlier Retry frees actual RadialGill7
PASS: protected earlier Retry frees actual RadialGill8
PASS: protected earlier Retry frees actual RadialGill9
PASS: protected earlier Retry frees actual RadialGill10
PASS: protected earlier Retry frees actual RadialGill11
PASS: protected earlier Retry frees actual RadialGill12
PASS: protected earlier Retry frees actual RadialGill13
PASS: protected earlier Retry frees actual RadialGill14
PASS: protected earlier Retry frees actual RadialGill15
PASS: protected earlier Retry frees actual RadialGill16
PASS: protected earlier Retry frees actual RadialGill17
PASS: protected earlier Retry frees actual RadialGill18
PASS: protected earlier Retry frees actual RadialGill19
PASS: protected earlier Retry frees actual RadialGill20
PASS: protected earlier Retry frees actual RadialGill21
PASS: protected earlier Retry frees actual RadialGill22
PASS: protected earlier Retry frees actual RadialGill23
PASS: protected earlier Retry frees actual CourtStalkPaintedSurface
PASS: protected earlier Retry frees actual FullPhysicalStalkSurface
PASS: protected earlier Retry frees actual FrontGrain0
PASS: protected earlier Retry frees actual SideGrain0
PASS: protected earlier Retry frees actual FrontGrain1
PASS: protected earlier Retry frees actual SideGrain1
PASS: protected earlier Retry frees actual FrontGrain2
PASS: protected earlier Retry frees actual SideGrain2
PASS: protected earlier Retry frees actual FrontGrain3
PASS: protected earlier Retry frees actual SideGrain3
PASS: protected earlier Retry frees actual FrontGrain4
PASS: protected earlier Retry frees actual SideGrain4
PASS: protected earlier Retry frees actual FrontGrain5
PASS: protected earlier Retry frees actual SideGrain5
PASS: protected earlier Retry frees actual FrontGrain6
PASS: protected earlier Retry frees actual SideGrain6
PASS: protected earlier Retry frees actual ShallowUmbrellaCap
PASS: protected earlier Retry frees actual FacetedPaintedCap
PASS: protected earlier Retry frees actual RadialGill0
PASS: protected earlier Retry frees actual RadialGill1
PASS: protected earlier Retry frees actual RadialGill2
PASS: protected earlier Retry frees actual RadialGill3
PASS: protected earlier Retry frees actual RadialGill4
PASS: protected earlier Retry frees actual RadialGill5
PASS: protected earlier Retry frees actual RadialGill6
PASS: protected earlier Retry frees actual RadialGill7
PASS: protected earlier Retry frees actual RadialGill8
PASS: protected earlier Retry frees actual RadialGill9
PASS: protected earlier Retry frees actual RadialGill10
PASS: protected earlier Retry frees actual RadialGill11
PASS: protected earlier Retry frees actual RadialGill12
PASS: protected earlier Retry frees actual RadialGill13
PASS: protected earlier Retry frees actual RadialGill14
PASS: protected earlier Retry frees actual RadialGill15
PASS: protected earlier Retry frees actual RadialGill16
PASS: protected earlier Retry frees actual RadialGill17
PASS: protected earlier Retry frees actual RadialGill18
PASS: protected earlier Retry frees actual RadialGill19
PASS: protected earlier Retry frees actual RadialGill20
PASS: protected earlier Retry frees actual RadialGill21
PASS: protected earlier Retry frees actual RadialGill22
PASS: protected earlier Retry frees actual RadialGill23
PASS: protected earlier Retry frees actual WestShelfPaintedShelf
PASS: protected earlier Retry frees actual QuietRockVolume
PASS: protected earlier Retry frees actual IrregularSilverLip0
PASS: protected earlier Retry frees actual IrregularSilverLip1
PASS: protected earlier Retry frees actual IrregularSilverLip2
PASS: protected earlier Retry frees actual IrregularSilverLip3
PASS: protected earlier Retry frees actual IrregularSilverLip4
PASS: protected earlier Retry frees actual EastShelfPaintedShelf
PASS: protected earlier Retry frees actual QuietRockVolume
PASS: protected earlier Retry frees actual IrregularSilverLip0
PASS: protected earlier Retry frees actual IrregularSilverLip1
PASS: protected earlier Retry frees actual IrregularSilverLip2
PASS: protected earlier Retry frees actual IrregularSilverLip3
PASS: protected earlier Retry frees actual IrregularSilverLip4
PASS: protected earlier Retry frees actual FallenTrunkPaintedWood
PASS: protected earlier Retry frees actual EightSidedTimber
PASS: protected earlier Retry frees actual LongWoodGrain0
PASS: protected earlier Retry frees actual LongWoodGrain1
PASS: protected earlier Retry frees actual LongWoodGrain2
PASS: protected earlier Retry frees actual LongWoodGrain3
PASS: protected earlier Retry frees actual RockWingWest0
PASS: protected earlier Retry frees actual JaggedPaintedFlat
PASS: protected earlier Retry frees actual PorousOpening0
PASS: protected earlier Retry frees actual PorousOpening1
PASS: protected earlier Retry frees actual PorousOpening2
PASS: protected earlier Retry frees actual PorousOpening3
PASS: protected earlier Retry frees actual PorousFungusWest0
PASS: protected earlier Retry frees actual OpenPore0
PASS: protected earlier Retry frees actual OpenPore1
PASS: protected earlier Retry frees actual OpenPore2
PASS: protected earlier Retry frees actual OpenPore3
PASS: protected earlier Retry frees actual OpenPore4
PASS: protected earlier Retry frees actual RockWingWest1
PASS: protected earlier Retry frees actual JaggedPaintedFlat
PASS: protected earlier Retry frees actual PorousOpening0
PASS: protected earlier Retry frees actual PorousOpening1
PASS: protected earlier Retry frees actual PorousOpening2
PASS: protected earlier Retry frees actual PorousOpening3
PASS: protected earlier Retry frees actual PorousFungusWest1
PASS: protected earlier Retry frees actual OpenPore0
PASS: protected earlier Retry frees actual OpenPore1
PASS: protected earlier Retry frees actual OpenPore2
PASS: protected earlier Retry frees actual OpenPore3
PASS: protected earlier Retry frees actual OpenPore4
PASS: protected earlier Retry frees actual RockWingWest2
PASS: protected earlier Retry frees actual JaggedPaintedFlat
PASS: protected earlier Retry frees actual PorousOpening0
PASS: protected earlier Retry frees actual PorousOpening1
PASS: protected earlier Retry frees actual PorousOpening2
PASS: protected earlier Retry frees actual PorousOpening3
PASS: protected earlier Retry frees actual PorousFungusWest2
PASS: protected earlier Retry frees actual OpenPore0
PASS: protected earlier Retry frees actual OpenPore1
PASS: protected earlier Retry frees actual OpenPore2
PASS: protected earlier Retry frees actual OpenPore3
PASS: protected earlier Retry frees actual OpenPore4
PASS: protected earlier Retry frees actual RockWingWest3
PASS: protected earlier Retry frees actual JaggedPaintedFlat
PASS: protected earlier Retry frees actual PorousOpening0
PASS: protected earlier Retry frees actual PorousOpening1
PASS: protected earlier Retry frees actual PorousOpening2
PASS: protected earlier Retry frees actual PorousOpening3
PASS: protected earlier Retry frees actual PorousFungusWest3
PASS: protected earlier Retry frees actual OpenPore0
PASS: protected earlier Retry frees actual OpenPore1
PASS: protected earlier Retry frees actual OpenPore2
PASS: protected earlier Retry frees actual OpenPore3
PASS: protected earlier Retry frees actual OpenPore4
PASS: protected earlier Retry frees actual RockWingWest4
PASS: protected earlier Retry frees actual JaggedPaintedFlat
PASS: protected earlier Retry frees actual PorousOpening0
PASS: protected earlier Retry frees actual PorousOpening1
PASS: protected earlier Retry frees actual PorousOpening2
PASS: protected earlier Retry frees actual PorousOpening3
PASS: protected earlier Retry frees actual PorousFungusWest4
PASS: protected earlier Retry frees actual OpenPore0
PASS: protected earlier Retry frees actual OpenPore1
PASS: protected earlier Retry frees actual OpenPore2
PASS: protected earlier Retry frees actual OpenPore3
PASS: protected earlier Retry frees actual OpenPore4
PASS: protected earlier Retry frees actual RockWingEast0
PASS: protected earlier Retry frees actual JaggedPaintedFlat
PASS: protected earlier Retry frees actual PorousOpening0
PASS: protected earlier Retry frees actual PorousOpening1
PASS: protected earlier Retry frees actual PorousOpening2
PASS: protected earlier Retry frees actual PorousOpening3
PASS: protected earlier Retry frees actual PorousFungusEast0
PASS: protected earlier Retry frees actual OpenPore0
PASS: protected earlier Retry frees actual OpenPore1
PASS: protected earlier Retry frees actual OpenPore2
PASS: protected earlier Retry frees actual OpenPore3
PASS: protected earlier Retry frees actual OpenPore4
PASS: protected earlier Retry frees actual RockWingEast1
PASS: protected earlier Retry frees actual JaggedPaintedFlat
PASS: protected earlier Retry frees actual PorousOpening0
PASS: protected earlier Retry frees actual PorousOpening1
PASS: protected earlier Retry frees actual PorousOpening2
PASS: protected earlier Retry frees actual PorousOpening3
PASS: protected earlier Retry frees actual PorousFungusEast1
PASS: protected earlier Retry frees actual OpenPore0
PASS: protected earlier Retry frees actual OpenPore1
PASS: protected earlier Retry frees actual OpenPore2
PASS: protected earlier Retry frees actual OpenPore3
PASS: protected earlier Retry frees actual OpenPore4
PASS: protected earlier Retry frees actual RockWingEast2
PASS: protected earlier Retry frees actual JaggedPaintedFlat
PASS: protected earlier Retry frees actual PorousOpening0
PASS: protected earlier Retry frees actual PorousOpening1
PASS: protected earlier Retry frees actual PorousOpening2
PASS: protected earlier Retry frees actual PorousOpening3
PASS: protected earlier Retry frees actual PorousFungusEast2
PASS: protected earlier Retry frees actual OpenPore0
PASS: protected earlier Retry frees actual OpenPore1
PASS: protected earlier Retry frees actual OpenPore2
PASS: protected earlier Retry frees actual OpenPore3
PASS: protected earlier Retry frees actual OpenPore4
PASS: protected earlier Retry frees actual RockWingEast3
PASS: protected earlier Retry frees actual JaggedPaintedFlat
PASS: protected earlier Retry frees actual PorousOpening0
PASS: protected earlier Retry frees actual PorousOpening1
PASS: protected earlier Retry frees actual PorousOpening2
PASS: protected earlier Retry frees actual PorousOpening3
PASS: protected earlier Retry frees actual PorousFungusEast3
PASS: protected earlier Retry frees actual OpenPore0
PASS: protected earlier Retry frees actual OpenPore1
PASS: protected earlier Retry frees actual OpenPore2
PASS: protected earlier Retry frees actual OpenPore3
PASS: protected earlier Retry frees actual OpenPore4
PASS: protected earlier Retry frees actual RockWingEast4
PASS: protected earlier Retry frees actual JaggedPaintedFlat
PASS: protected earlier Retry frees actual PorousOpening0
PASS: protected earlier Retry frees actual PorousOpening1
PASS: protected earlier Retry frees actual PorousOpening2
PASS: protected earlier Retry frees actual PorousOpening3
PASS: protected earlier Retry frees actual PorousFungusEast4
PASS: protected earlier Retry frees actual OpenPore0
PASS: protected earlier Retry frees actual OpenPore1
PASS: protected earlier Retry frees actual OpenPore2
PASS: protected earlier Retry frees actual OpenPore3
PASS: protected earlier Retry frees actual OpenPore4
PASS: protected earlier Retry frees actual CourtCurtainO56
PASS: protected earlier Retry frees actual ColumnWest
PASS: protected earlier Retry frees actual ColumnBaseWest
PASS: protected earlier Retry frees actual ColumnCapitalWest
PASS: protected earlier Retry frees actual CrescentCrownWest
PASS: protected earlier Retry frees actual MoonWhiteCrescent
PASS: protected earlier Retry frees actual CurlingPanelWest
PASS: protected earlier Retry frees actual PaintedCurlWest
PASS: protected earlier Retry frees actual CurlStroke0
PASS: protected earlier Retry frees actual CurlStroke1
PASS: protected earlier Retry frees actual CurlStroke2
PASS: protected earlier Retry frees actual CurlStroke3
PASS: protected earlier Retry frees actual CurlStroke4
PASS: protected earlier Retry frees actual CurlStroke5
PASS: protected earlier Retry frees actual CurlStroke6
PASS: protected earlier Retry frees actual CurlStroke7
PASS: protected earlier Retry frees actual CurlStroke8
PASS: protected earlier Retry frees actual CurlStroke9
PASS: protected earlier Retry frees actual CurlStroke10
PASS: protected earlier Retry frees actual CurlStroke11
PASS: protected earlier Retry frees actual CurlStroke12
PASS: protected earlier Retry frees actual CurlStroke13
PASS: protected earlier Retry frees actual CurlStroke14
PASS: protected earlier Retry frees actual CurlStroke15
PASS: protected earlier Retry frees actual CurlStroke16
PASS: protected earlier Retry frees actual CurlStroke17
PASS: protected earlier Retry frees actual ColumnEast
PASS: protected earlier Retry frees actual ColumnBaseEast
PASS: protected earlier Retry frees actual ColumnCapitalEast
PASS: protected earlier Retry frees actual CrescentCrownEast
PASS: protected earlier Retry frees actual MoonWhiteCrescent
PASS: protected earlier Retry frees actual CurlingPanelEast
PASS: protected earlier Retry frees actual PaintedCurlEast
PASS: protected earlier Retry frees actual CurlStroke0
PASS: protected earlier Retry frees actual CurlStroke1
PASS: protected earlier Retry frees actual CurlStroke2
PASS: protected earlier Retry frees actual CurlStroke3
PASS: protected earlier Retry frees actual CurlStroke4
PASS: protected earlier Retry frees actual CurlStroke5
PASS: protected earlier Retry frees actual CurlStroke6
PASS: protected earlier Retry frees actual CurlStroke7
PASS: protected earlier Retry frees actual CurlStroke8
PASS: protected earlier Retry frees actual CurlStroke9
PASS: protected earlier Retry frees actual CurlStroke10
PASS: protected earlier Retry frees actual CurlStroke11
PASS: protected earlier Retry frees actual CurlStroke12
PASS: protected earlier Retry frees actual CurlStroke13
PASS: protected earlier Retry frees actual CurlStroke14
PASS: protected earlier Retry frees actual CurlStroke15
PASS: protected earlier Retry frees actual CurlStroke16
PASS: protected earlier Retry frees actual CurlStroke17
PASS: protected earlier Retry frees actual TopDraperyRail
PASS: protected earlier Retry frees actual BlockedDrapery
PASS: protected earlier Retry frees actual FoldWest_0
PASS: protected earlier Retry frees actual SilverHemWest_0
PASS: protected earlier Retry frees actual FoldWest_1
PASS: protected earlier Retry frees actual SilverHemWest_1
PASS: protected earlier Retry frees actual FoldWest_2
PASS: protected earlier Retry frees actual SilverHemWest_2
PASS: protected earlier Retry frees actual FoldWest_3
PASS: protected earlier Retry frees actual SilverHemWest_3
PASS: protected earlier Retry frees actual FoldWest_4
PASS: protected earlier Retry frees actual SilverHemWest_4
PASS: protected earlier Retry frees actual FoldWest_5
PASS: protected earlier Retry frees actual SilverHemWest_5
PASS: protected earlier Retry frees actual FoldWest_6
PASS: protected earlier Retry frees actual SilverHemWest_6
PASS: protected earlier Retry frees actual FoldWest_7
PASS: protected earlier Retry frees actual SilverHemWest_7
PASS: protected earlier Retry frees actual FoldWest_8
PASS: protected earlier Retry frees actual SilverHemWest_8
PASS: protected earlier Retry frees actual FoldWest_9
PASS: protected earlier Retry frees actual SilverHemWest_9
PASS: protected earlier Retry frees actual FoldEast_0
PASS: protected earlier Retry frees actual SilverHemEast_0
PASS: protected earlier Retry frees actual FoldEast_1
PASS: protected earlier Retry frees actual SilverHemEast_1
PASS: protected earlier Retry frees actual FoldEast_2
PASS: protected earlier Retry frees actual SilverHemEast_2
PASS: protected earlier Retry frees actual FoldEast_3
PASS: protected earlier Retry frees actual SilverHemEast_3
PASS: protected earlier Retry frees actual FoldEast_4
PASS: protected earlier Retry frees actual SilverHemEast_4
PASS: protected earlier Retry frees actual FoldEast_5
PASS: protected earlier Retry frees actual SilverHemEast_5
PASS: protected earlier Retry frees actual FoldEast_6
PASS: protected earlier Retry frees actual SilverHemEast_6
PASS: protected earlier Retry frees actual FoldEast_7
PASS: protected earlier Retry frees actual SilverHemEast_7
PASS: protected earlier Retry frees actual FoldEast_8
PASS: protected earlier Retry frees actual SilverHemEast_8
PASS: protected earlier Retry frees actual FoldEast_9
PASS: protected earlier Retry frees actual SilverHemEast_9
PASS: protected earlier Retry frees actual OpenGatheredDrapery
PASS: protected earlier Retry frees actual FoldWest_0
PASS: protected earlier Retry frees actual SilverHemWest_0
PASS: protected earlier Retry frees actual FoldWest_1
PASS: protected earlier Retry frees actual SilverHemWest_1
PASS: protected earlier Retry frees actual FoldWest_2
PASS: protected earlier Retry frees actual SilverHemWest_2
PASS: protected earlier Retry frees actual FoldWest_3
PASS: protected earlier Retry frees actual SilverHemWest_3
PASS: protected earlier Retry frees actual FoldWest_4
PASS: protected earlier Retry frees actual SilverHemWest_4
PASS: protected earlier Retry frees actual FoldWest_5
PASS: protected earlier Retry frees actual SilverHemWest_5
PASS: protected earlier Retry frees actual FoldWest_6
PASS: protected earlier Retry frees actual SilverHemWest_6
PASS: protected earlier Retry frees actual FoldWest_7
PASS: protected earlier Retry frees actual SilverHemWest_7
PASS: protected earlier Retry frees actual FoldWest_8
PASS: protected earlier Retry frees actual SilverHemWest_8
PASS: protected earlier Retry frees actual FoldWest_9
PASS: protected earlier Retry frees actual SilverHemWest_9
PASS: protected earlier Retry frees actual FoldEast_0
PASS: protected earlier Retry frees actual SilverHemEast_0
PASS: protected earlier Retry frees actual FoldEast_1
PASS: protected earlier Retry frees actual SilverHemEast_1
PASS: protected earlier Retry frees actual FoldEast_2
PASS: protected earlier Retry frees actual SilverHemEast_2
PASS: protected earlier Retry frees actual FoldEast_3
PASS: protected earlier Retry frees actual SilverHemEast_3
PASS: protected earlier Retry frees actual FoldEast_4
PASS: protected earlier Retry frees actual SilverHemEast_4
PASS: protected earlier Retry frees actual FoldEast_5
PASS: protected earlier Retry frees actual SilverHemEast_5
PASS: protected earlier Retry frees actual FoldEast_6
PASS: protected earlier Retry frees actual SilverHemEast_6
PASS: protected earlier Retry frees actual FoldEast_7
PASS: protected earlier Retry frees actual SilverHemEast_7
PASS: protected earlier Retry frees actual FoldEast_8
PASS: protected earlier Retry frees actual SilverHemEast_8
PASS: protected earlier Retry frees actual FoldEast_9
PASS: protected earlier Retry frees actual SilverHemEast_9
PASS: protected earlier Retry frees actual MushroomThreatScheduler
PASS: protected earlier Retry frees actual umbrella_1
PASS: protected earlier Retry frees actual BodyCollision
PASS: protected earlier Retry frees actual ThreatCue
PASS: protected earlier Retry frees actual RequiredFootprintOutline
PASS: protected earlier Retry frees actual RequiredFootprintFill
PASS: protected earlier Retry frees actual RequiredSourceMarker
PASS: protected earlier Retry frees actual MushroomSelenitePresentation
PASS: protected earlier Retry frees actual StandingCrouchingBody
PASS: protected earlier Retry frees actual CostumePixels
PASS: protected earlier Retry frees actual MushroomSeleniteSprite
PASS: protected earlier Retry frees actual umbrella_2
PASS: protected earlier Retry frees actual BodyCollision
PASS: protected earlier Retry frees actual ThreatCue
PASS: protected earlier Retry frees actual RequiredFootprintOutline
PASS: protected earlier Retry frees actual RequiredFootprintFill
PASS: protected earlier Retry frees actual RequiredSourceMarker
PASS: protected earlier Retry frees actual MushroomSelenitePresentation
PASS: protected earlier Retry frees actual StandingCrouchingBody
PASS: protected earlier Retry frees actual CostumePixels
PASS: protected earlier Retry frees actual MushroomSeleniteSprite
PASS: protected earlier Retry frees actual umbrella_3
PASS: protected earlier Retry frees actual BodyCollision
PASS: protected earlier Retry frees actual ThreatCue
PASS: protected earlier Retry frees actual RequiredFootprintOutline
PASS: protected earlier Retry frees actual RequiredFootprintFill
PASS: protected earlier Retry frees actual RequiredSourceMarker
PASS: protected earlier Retry frees actual MushroomSelenitePresentation
PASS: protected earlier Retry frees actual StandingCrouchingBody
PASS: protected earlier Retry frees actual CostumePixels
PASS: protected earlier Retry frees actual MushroomSeleniteSprite
PASS: protected earlier Retry frees actual breathing_1
PASS: protected earlier Retry frees actual BodyCollision
PASS: protected earlier Retry frees actual ThreatCue
PASS: protected earlier Retry frees actual RequiredFootprintOutline
PASS: protected earlier Retry frees actual RequiredFootprintFill
PASS: protected earlier Retry frees actual RequiredSourceMarker
PASS: protected earlier Retry frees actual MushroomSelenitePresentation
PASS: protected earlier Retry frees actual StandingCrouchingBody
PASS: protected earlier Retry frees actual CostumePixels
PASS: protected earlier Retry frees actual MushroomSeleniteSprite
PASS: protected earlier Retry frees actual breathing_2
PASS: protected earlier Retry frees actual BodyCollision
PASS: protected earlier Retry frees actual ThreatCue
PASS: protected earlier Retry frees actual RequiredFootprintOutline
PASS: protected earlier Retry frees actual RequiredFootprintFill
PASS: protected earlier Retry frees actual RequiredSourceMarker
PASS: protected earlier Retry frees actual MushroomSelenitePresentation
PASS: protected earlier Retry frees actual StandingCrouchingBody
PASS: protected earlier Retry frees actual CostumePixels
PASS: protected earlier Retry frees actual MushroomSeleniteSprite
PASS: protected earlier Retry frees actual breathing_3
PASS: protected earlier Retry frees actual BodyCollision
PASS: protected earlier Retry frees actual ThreatCue
PASS: protected earlier Retry frees actual RequiredFootprintOutline
PASS: protected earlier Retry frees actual RequiredFootprintFill
PASS: protected earlier Retry frees actual RequiredSourceMarker
PASS: protected earlier Retry frees actual MushroomSelenitePresentation
PASS: protected earlier Retry frees actual StandingCrouchingBody
PASS: protected earlier Retry frees actual CostumePixels
PASS: protected earlier Retry frees actual MushroomSeleniteSprite
PASS: protected earlier Retry frees actual crossed_1
PASS: protected earlier Retry frees actual BodyCollision
PASS: protected earlier Retry frees actual ThreatCue
PASS: protected earlier Retry frees actual RequiredFootprintOutline
PASS: protected earlier Retry frees actual RequiredFootprintFill
PASS: protected earlier Retry frees actual RequiredSourceMarker
PASS: protected earlier Retry frees actual MushroomSelenitePresentation
PASS: protected earlier Retry frees actual StandingCrouchingBody
PASS: protected earlier Retry frees actual CostumePixels
PASS: protected earlier Retry frees actual MushroomSeleniteSprite
PASS: protected earlier Retry frees actual crossed_2
PASS: protected earlier Retry frees actual BodyCollision
PASS: protected earlier Retry frees actual ThreatCue
PASS: protected earlier Retry frees actual RequiredFootprintOutline
PASS: protected earlier Retry frees actual RequiredFootprintFill
PASS: protected earlier Retry frees actual RequiredSourceMarker
PASS: protected earlier Retry frees actual MushroomSelenitePresentation
PASS: protected earlier Retry frees actual StandingCrouchingBody
PASS: protected earlier Retry frees actual CostumePixels
PASS: protected earlier Retry frees actual MushroomSeleniteSprite
PASS: protected earlier Retry frees actual crossed_3
PASS: protected earlier Retry frees actual BodyCollision
PASS: protected earlier Retry frees actual ThreatCue
PASS: protected earlier Retry frees actual RequiredFootprintOutline
PASS: protected earlier Retry frees actual RequiredFootprintFill
PASS: protected earlier Retry frees actual RequiredSourceMarker
PASS: protected earlier Retry frees actual MushroomSelenitePresentation
PASS: protected earlier Retry frees actual StandingCrouchingBody
PASS: protected earlier Retry frees actual CostumePixels
PASS: protected earlier Retry frees actual MushroomSeleniteSprite
PASS: protected earlier Retry frees actual crossed_4
PASS: protected earlier Retry frees actual BodyCollision
PASS: protected earlier Retry frees actual ThreatCue
PASS: protected earlier Retry frees actual RequiredFootprintOutline
PASS: protected earlier Retry frees actual RequiredFootprintFill
PASS: protected earlier Retry frees actual RequiredSourceMarker
PASS: protected earlier Retry frees actual MushroomSelenitePresentation
PASS: protected earlier Retry frees actual StandingCrouchingBody
PASS: protected earlier Retry frees actual CostumePixels
PASS: protected earlier Retry frees actual MushroomSeleniteSprite
PASS: protected earlier Retry frees actual crossed_5
PASS: protected earlier Retry frees actual BodyCollision
PASS: protected earlier Retry frees actual ThreatCue
PASS: protected earlier Retry frees actual RequiredFootprintOutline
PASS: protected earlier Retry frees actual RequiredFootprintFill
PASS: protected earlier Retry frees actual RequiredSourceMarker
PASS: protected earlier Retry frees actual MushroomSelenitePresentation
PASS: protected earlier Retry frees actual StandingCrouchingBody
PASS: protected earlier Retry frees actual CostumePixels
PASS: protected earlier Retry frees actual MushroomSeleniteSprite
PASS: protected earlier Retry frees actual crossed_6
PASS: protected earlier Retry frees actual BodyCollision
PASS: protected earlier Retry frees actual ThreatCue
PASS: protected earlier Retry frees actual RequiredFootprintOutline
PASS: protected earlier Retry frees actual RequiredFootprintFill
PASS: protected earlier Retry frees actual RequiredSourceMarker
PASS: protected earlier Retry frees actual MushroomSelenitePresentation
PASS: protected earlier Retry frees actual StandingCrouchingBody
PASS: protected earlier Retry frees actual CostumePixels
PASS: protected earlier Retry frees actual MushroomSeleniteSprite
PASS: protected earlier Retry frees actual crossed_7
PASS: protected earlier Retry frees actual BodyCollision
PASS: protected earlier Retry frees actual ThreatCue
PASS: protected earlier Retry frees actual RequiredFootprintOutline
PASS: protected earlier Retry frees actual RequiredFootprintFill
PASS: protected earlier Retry frees actual RequiredSourceMarker
PASS: protected earlier Retry frees actual MushroomSelenitePresentation
PASS: protected earlier Retry frees actual StandingCrouchingBody
PASS: protected earlier Retry frees actual CostumePixels
PASS: protected earlier Retry frees actual MushroomSeleniteSprite
PASS: protected earlier Retry frees actual crossed_8
PASS: protected earlier Retry frees actual BodyCollision
PASS: protected earlier Retry frees actual ThreatCue
PASS: protected earlier Retry frees actual RequiredFootprintOutline
PASS: protected earlier Retry frees actual RequiredFootprintFill
PASS: protected earlier Retry frees actual RequiredSourceMarker
PASS: protected earlier Retry frees actual MushroomSelenitePresentation
PASS: protected earlier Retry frees actual StandingCrouchingBody
PASS: protected earlier Retry frees actual CostumePixels
PASS: protected earlier Retry frees actual MushroomSeleniteSprite
PASS: protected earlier Retry frees actual lone_guard
PASS: protected earlier Retry frees actual BodyCollision
PASS: protected earlier Retry frees actual ThreatCue
PASS: protected earlier Retry frees actual RequiredFootprintOutline
PASS: protected earlier Retry frees actual RequiredFootprintFill
PASS: protected earlier Retry frees actual RequiredSourceMarker
PASS: protected earlier Retry frees actual MushroomSelenitePresentation
PASS: protected earlier Retry frees actual StandingCrouchingBody
PASS: protected earlier Retry frees actual CostumePixels
PASS: protected earlier Retry frees actual MushroomSeleniteSprite
PASS: protected earlier Retry frees actual court_1
PASS: protected earlier Retry frees actual BodyCollision
PASS: protected earlier Retry frees actual ThreatCue
PASS: protected earlier Retry frees actual RequiredFootprintOutline
PASS: protected earlier Retry frees actual RequiredFootprintFill
PASS: protected earlier Retry frees actual RequiredSourceMarker
PASS: protected earlier Retry frees actual MushroomSelenitePresentation
PASS: protected earlier Retry frees actual StandingCrouchingBody
PASS: protected earlier Retry frees actual CostumePixels
PASS: protected earlier Retry frees actual MushroomSeleniteSprite
PASS: protected earlier Retry frees actual court_2
PASS: protected earlier Retry frees actual BodyCollision
PASS: protected earlier Retry frees actual ThreatCue
PASS: protected earlier Retry frees actual RequiredFootprintOutline
PASS: protected earlier Retry frees actual RequiredFootprintFill
PASS: protected earlier Retry frees actual RequiredSourceMarker
PASS: protected earlier Retry frees actual MushroomSelenitePresentation
PASS: protected earlier Retry frees actual StandingCrouchingBody
PASS: protected earlier Retry frees actual CostumePixels
PASS: protected earlier Retry frees actual MushroomSeleniteSprite
PASS: protected earlier Retry frees actual court_3
PASS: protected earlier Retry frees actual BodyCollision
PASS: protected earlier Retry frees actual ThreatCue
PASS: protected earlier Retry frees actual RequiredFootprintOutline
PASS: protected earlier Retry frees actual RequiredFootprintFill
PASS: protected earlier Retry frees actual RequiredSourceMarker
PASS: protected earlier Retry frees actual MushroomSelenitePresentation
PASS: protected earlier Retry frees actual StandingCrouchingBody
PASS: protected earlier Retry frees actual CostumePixels
PASS: protected earlier Retry frees actual MushroomSeleniteSprite
PASS: protected earlier Retry frees actual court_guard
PASS: protected earlier Retry frees actual BodyCollision
PASS: protected earlier Retry frees actual ThreatCue
PASS: protected earlier Retry frees actual RequiredFootprintOutline
PASS: protected earlier Retry frees actual RequiredFootprintFill
PASS: protected earlier Retry frees actual RequiredSourceMarker
PASS: protected earlier Retry frees actual MushroomSelenitePresentation
PASS: protected earlier Retry frees actual StandingCrouchingBody
PASS: protected earlier Retry frees actual CostumePixels
PASS: protected earlier Retry frees actual MushroomSeleniteSprite
PASS: protected earlier Retry frees actual ActualOpenCourtContact
PASS: protected earlier Retry frees actual BroadCourtContact
PASS: protected earlier Retry frees actual ActualCourtContactCue
PASS: protected earlier Retry frees actual RequiredInteractionMarker
PASS: Retry restores original resources/actions/clocks and dormant19 without repair
PASS: representative room0 exposes actual paused GUI Resume
PASS: representative room0 GUI press/release is consumed before input/action/resource/pose/clock/anchor changes
PASS: TEST placement begins only after true preceding native boundary0
PASS: bounded supported-floor TEST Hero placement: room0 approach
PASS: placement changes only actual Hero location, no native response clocks/resources/history/progress/camera: room0 approach
PASS: native activation entitles only the actual current cast0
PASS: future actor remains untouched and dormant: breathing-1
PASS: future actor remains untouched and dormant: breathing-2
PASS: future actor remains untouched and dormant: breathing-3
PASS: future actor remains untouched and dormant: crossed-1
PASS: future actor remains untouched and dormant: crossed-2
PASS: future actor remains untouched and dormant: crossed-3
PASS: future actor remains untouched and dormant: crossed-4
PASS: future actor remains untouched and dormant: crossed-5
PASS: future actor remains untouched and dormant: crossed-6
PASS: future actor remains untouched and dormant: crossed-7
PASS: future actor remains untouched and dormant: crossed-8
PASS: future actor remains untouched and dormant: lone-guard
PASS: future actor remains untouched and dormant: court-1
PASS: future actor remains untouched and dormant: court-2
PASS: future actor remains untouched and dormant: court-3
PASS: future actor remains untouched and dormant: court-guard
PASS: public TEST injury requires entitled actual living actor: umbrella-1
PASS: real public HP injury owns lethal native lifecycle: umbrella-1
PASS: public TEST injury requires entitled actual living actor: umbrella-2
PASS: real public HP injury owns lethal native lifecycle: umbrella-2
PASS: public TEST injury requires entitled actual living actor: umbrella-3
PASS: real public HP injury owns lethal native lifecycle: umbrella-3
PASS: native room boundary publishes exact prefix/checkpoints/completion and durable whole unit0: 
PASS: actual public injury/death retained: umbrella-1
PASS: actual public injury/death retained: umbrella-2
PASS: actual public injury/death retained: umbrella-3
PASS: representative room1 exposes actual paused GUI Resume
PASS: representative room1 GUI press/release is consumed before input/action/resource/pose/clock/anchor changes
PASS: TEST placement begins only after true preceding native boundary1
PASS: bounded supported-floor TEST Hero placement: room1 approach
PASS: placement changes only actual Hero location, no native response clocks/resources/history/progress/camera: room1 approach
PASS: native activation entitles only the actual current cast1
PASS: future actor remains untouched and dormant: crossed-1
PASS: future actor remains untouched and dormant: crossed-2
PASS: future actor remains untouched and dormant: crossed-3
PASS: future actor remains untouched and dormant: crossed-4
PASS: future actor remains untouched and dormant: crossed-5
PASS: future actor remains untouched and dormant: crossed-6
PASS: future actor remains untouched and dormant: crossed-7
PASS: future actor remains untouched and dormant: crossed-8
PASS: future actor remains untouched and dormant: lone-guard
PASS: future actor remains untouched and dormant: court-1
PASS: future actor remains untouched and dormant: court-2
PASS: future actor remains untouched and dormant: court-3
PASS: future actor remains untouched and dormant: court-guard
PASS: public TEST injury requires entitled actual living actor: breathing-1
PASS: real public HP injury owns lethal native lifecycle: breathing-1
PASS: public TEST injury requires entitled actual living actor: breathing-2
PASS: real public HP injury owns lethal native lifecycle: breathing-2
PASS: public TEST injury requires entitled actual living actor: breathing-3
PASS: real public HP injury owns lethal native lifecycle: breathing-3
PASS: native room boundary publishes exact prefix/checkpoints/completion and durable whole unit1: 
PASS: actual public injury/death retained: breathing-1
PASS: actual public injury/death retained: breathing-2
PASS: actual public injury/death retained: breathing-3
PASS: representative room2 exposes actual paused GUI Resume
PASS: representative room2 GUI press/release is consumed before input/action/resource/pose/clock/anchor changes
PASS: TEST placement begins only after true preceding native boundary2
PASS: bounded supported-floor TEST Hero placement: room2 approach
PASS: placement changes only actual Hero location, no native response clocks/resources/history/progress/camera: room2 approach
