Godot Engine v4.7.2.stable.official.ed1daf0bf - https://godotengine.org

PASS: source constructs actual Heavy/Player/Bait/B05/foreign Scout and one Standard epoch
PASS: whole scope includes distinct actual third owner and second authored static floor
PASS: source earns real native dry-floor contact before pristine capture
PASS: pristine full actual tuple has no invented bait/cycle/history
PASS: pristine full real tuple round-trips ExactJson scalar/vector bits and types
PASS: pristine fresh actual paused recipient is constructed before its first physics tick with different preference
PASS: pristine same-call fresh prospective native floor/capsule/proof preflight accepts before any physics tick: 
PASS: pristine pure fresh preflight preserves exact tuple and emits zero callbacks
PASS: pristine consumer-before-source order refuses atomically
PASS: pristine entire real tuple preflights before quiet commit 0
PASS: pristine quietly restores actual full native Player
PASS: pristine quietly restores actual inactive foreign Scout before shared Scheduler
PASS: pristine commits exact Bait/Actor/Joint after actual Player
PASS: pristine restores ONE full shared Scheduler for all three owners/two floors
PASS: pristine quietly commits actual Ray/Foot and bounded parent facts
PASS: pristine repeated full actual recapture is exact without proof/clock/health/profile/deadline drift
PASS: pristine quiet restoration and capture emit zero action/damage/cue/progression/Scheduler callbacks
PASS: pristine preserves exact actual Actor body yaw and saved canonical Standard profile
PASS: pristine entire real tuple preflights before quiet commit 1
PASS: pristine quietly restores actual full native Player
PASS: pristine quietly restores actual inactive foreign Scout before shared Scheduler
PASS: pristine commits exact Bait/Actor/Joint after actual Player
PASS: pristine restores ONE full shared Scheduler for all three owners/two floors
PASS: pristine quietly commits actual Ray/Foot and bounded parent facts
PASS: pristine repeated full actual recapture is exact without proof/clock/health/profile/deadline drift
PASS: pristine quiet restoration and capture emit zero action/damage/cue/progression/Scheduler callbacks
PASS: pristine preserves exact actual Actor body yaw and saved canonical Standard profile
PASS: pristine paused deferred barrier preserves exact tuple with no late restoration callbacks
PASS: pristine three-owner whole host rejects standalone two-owner convenience atomically
PASS: permanent cleanup closes actual parent admission/owner/transport authority
PASS: whole actual transport world/controller/source/cue disposes
PASS: whole actual transport world/controller/source/cue disposes
PASS: whole actual transport world/controller/source/cue disposes
PASS: whole actual transport world/controller/source/cue disposes
PASS: whole actual transport world/controller/source/cue disposes
PASS: whole actual transport world/controller/source/cue disposes
PASS: whole actual transport world/controller/source/cue disposes
PASS: whole actual transport world/controller/source/cue disposes
PASS: whole actual transport world/controller/source/cue disposes
PASS: whole actual transport world/controller/source/cue disposes
PASS: whole actual transport world/controller/source/cue disposes
PASS: public parent.start seeds real entry bait and begins one Ray introduction
PASS: first actual Ray reaches genuine armed native lock
PASS: actual paused armed Ray captures full Player/foreign Actor/B05/whole Scheduler tuple
PASS: armed sample is genuine first accepted full proof with unchanged health and no manufactured actions/Foot/threshold
PASS: armed Ray full real tuple round-trips ExactJson scalar/vector bits and types
PASS: armed Ray fresh actual paused recipient is constructed before its first physics tick with different preference
PASS: armed Ray same-call fresh prospective native floor/capsule/proof preflight accepts before any physics tick: 
PASS: armed Ray pure fresh preflight preserves exact tuple and emits zero callbacks
PASS: armed Ray consumer-before-source order refuses atomically
PASS: malformed copied clock pure whole-tuple preflight refuses atomically: Copied authoritative B05/Scheduler clock must be identical
PASS: malformed missing foreign owner pure whole-tuple preflight refuses atomically: Transport cannot narrow or extend the registered whole host owner map
PASS: malformed original proof scalar pure whole-tuple preflight refuses atomically: Copied proof landing/primary/full cadence identity required
PASS: malformed wrong nested receipt type pure whole-tuple preflight refuses atomically: Closed real accepted cycle/proof/equipment receipt required
PASS: armed Ray entire real tuple preflights before quiet commit 0
PASS: armed Ray quietly restores actual full native Player
PASS: armed Ray quietly restores actual inactive foreign Scout before shared Scheduler
PASS: armed Ray commits exact Bait/Actor/Joint after actual Player
PASS: armed Ray restores ONE full shared Scheduler for all three owners/two floors
PASS: armed Ray quietly commits actual Ray/Foot and bounded parent facts
PASS: armed Ray repeated full actual recapture is exact without proof/clock/health/profile/deadline drift
PASS: armed Ray quiet restoration and capture emit zero action/damage/cue/progression/Scheduler callbacks
PASS: armed Ray preserves exact actual Actor body yaw and saved canonical Standard profile
PASS: armed Ray entire real tuple preflights before quiet commit 1
PASS: armed Ray quietly restores actual full native Player
PASS: armed Ray quietly restores actual inactive foreign Scout before shared Scheduler
PASS: armed Ray commits exact Bait/Actor/Joint after actual Player
PASS: armed Ray restores ONE full shared Scheduler for all three owners/two floors
PASS: armed Ray quietly commits actual Ray/Foot and bounded parent facts
PASS: armed Ray repeated full actual recapture is exact without proof/clock/health/profile/deadline drift
PASS: armed Ray quiet restoration and capture emit zero action/damage/cue/progression/Scheduler callbacks
PASS: armed Ray preserves exact actual Actor body yaw and saved canonical Standard profile
PASS: armed Ray paused deferred barrier preserves exact tuple with no late restoration callbacks
PASS: armed Ray three-owner whole host rejects standalone two-owner convenience atomically
PASS: permanent cleanup closes actual parent admission/owner/transport authority
PASS: whole actual transport world/controller/source/cue disposes
PASS: whole actual transport world/controller/source/cue disposes
PASS: whole actual transport world/controller/source/cue disposes
PASS: whole actual transport world/controller/source/cue disposes
PASS: whole actual transport world/controller/source/cue disposes
PASS: whole actual transport world/controller/source/cue disposes
PASS: whole actual transport world/controller/source/cue disposes
PASS: whole actual transport world/controller/source/cue disposes
PASS: whole actual transport world/controller/source/cue disposes
PASS: whole actual transport world/controller/source/cue disposes
PASS: whole actual transport world/controller/source/cue disposes
PASS: small native source has no runtime failure or fabricated Player publication
PASS: permanent cleanup closes actual parent admission/owner/transport authority
PASS: whole actual transport world/controller/source/cue disposes
PASS: whole actual transport world/controller/source/cue disposes
PASS: whole actual transport world/controller/source/cue disposes
PASS: whole actual transport world/controller/source/cue disposes
PASS: whole actual transport world/controller/source/cue disposes
PASS: whole actual transport world/controller/source/cue disposes
PASS: whole actual transport world/controller/source/cue disposes
PASS: whole actual transport world/controller/source/cue disposes
PASS: whole actual transport world/controller/source/cue disposes
PASS: whole actual transport world/controller/source/cue disposes
PASS: whole actual transport world/controller/source/cue disposes
A2-L5 native Sentry parent transport smoke: 99 checks, 0 failures; Standard pristine/first armed Ray, actual fresh quiet three-owner/two-floor transport and malformed atomic refusal only; no Shell checkpoint, whole level, camera/art or balance credit
