Godot Engine v4.7.2.stable.official.ed1daf0bf - https://godotengine.org
TextServer: Added interface "Dummy"
TextServer: Added interface "ICU / HarfBuzz / Graphite (Built-in)"
SDL: Init OK!
Accessibility: AccessKit driver loaded.
Accessibility: window 0 adapter created.
Using "default" pen tablet driver...
OpenGL debugging not supported!
Shader 'CanvasSdfShaderGLES3' SHA256: aa209c9cd00c30996f4e3b5154b4a42d5f99b1f48b97a2271aa7e66e4ca0f69d
Shader 'SkeletonShaderGLES3' SHA256: 19be6c6762bbf588f916616b0c74d8a1014507705c22088f9e12eb5303ee80d4
Shader 'ParticlesShaderGLES3' SHA256: 998856346189136d10e532cce18fdd784ee523eae2236f17964103b7f8839fc7
Shader 'ParticlesCopyShaderGLES3' SHA256: d09c248fd0fa0daba710c92c2533f9cfe1f03a461faabd91a58d182fa3638d2f
Shader 'CopyShaderGLES3' SHA256: 4e2e4050f31f29188b84577ee6572830d4b2fe1f881306800159c1ec9ab47b65
Shader 'CubemapFilterShaderGLES3' SHA256: 1b3651b07b28ca3c6294bc5b9aac6741a5bde11cf5cc114a9bec3d374634482b
Shader 'GlowShaderGLES3' SHA256: b00e122bba00bd1c678479fefd572f82f878e0ba6e76d4b2f826de21233e3944
Shader 'PostShaderGLES3' SHA256: 520e7ee21c944edcff2f2f1bf73bde88048ed450471ff319e595ff11c3671d59
Shader 'FeedShaderGLES3' SHA256: 99c82b3ef90c7ca526bc1e5b6b324451cef4a6f2c04dc1e0398cad3e2c1e7f91
Shader 'CanvasShaderGLES3' SHA256: 2df5dae51c7db1d5f0263c452426ee1b7ca67f8a7a400dcbc2e07f30a789239e
Shader 'CanvasOcclusionShaderGLES3' SHA256: c4479089f938138c9ba1bb3c1e9df7375f87d40838287dec967683ff866af1be
Shader 'SceneShaderGLES3' SHA256: be6f77f61e9e1997fdb48590587db38fa8d3452aedb656e3867e2a09085191ee
Shader 'SkyShaderGLES3' SHA256: 7a659e21e6065da2041b4cdbc57935a75585846af11273fd4367cc14b1fddde5
Shader 'TexBlitShaderGLES3' SHA256: 4d69b0150b5c3469a7f4e4cc8feb954f9ae89b3e33f7fdf6a20cac9abfacea46
OpenGL API 4.1 Metal - 90.5 - Compatibility - Using Device: Apple - Apple M3
CoreAudio: detected 2 channels
CoreAudio: output sampling rate: 48000 Hz
CoreAudio: output audio buffer frames: 512 calculated latency: 10ms

TextServer: Primary interface set to: "ICU / HarfBuzz / Graphite (Built-in)".
CORE API HASH: 2004498165
EDITOR API HASH: 1696660745
Loading resource: res://tests/act2_l3_registration_smoke.gd remapped: res://tests/act2_l3_registration_smoke.gd
Loading resource: res://scenes/main.tscn remapped: res://scenes/main.tscn
Loading resource: res://scripts/game.gd remapped: res://scripts/game.gd
Loading resource: res://scenes/player.tscn remapped: res://scenes/player.tscn
Loading resource: res://scripts/player.gd remapped: res://scripts/player.gd
Completed load for: 'res://scripts/player.gd' remapped 'res://scripts/player.gd' at thread -1
Completed load for: 'res://scenes/player.tscn' remapped 'res://scenes/player.tscn' at thread -1
Loading resource: res://scenes/practice_target.tscn remapped: res://scenes/practice_target.tscn
Loading resource: res://scripts/practice_target.gd remapped: res://scripts/practice_target.gd
Completed load for: 'res://scripts/practice_target.gd' remapped 'res://scripts/practice_target.gd' at thread -1
Completed load for: 'res://scenes/practice_target.tscn' remapped 'res://scenes/practice_target.tscn' at thread -1
Loading resource: res://scenes/lab_arena.tscn remapped: res://scenes/lab_arena.tscn
Completed load for: 'res://scenes/lab_arena.tscn' remapped 'res://scenes/lab_arena.tscn' at thread -1
Completed load for: 'res://scripts/game.gd' remapped 'res://scripts/game.gd' at thread -1
Completed load for: 'res://scenes/main.tscn' remapped 'res://scenes/main.tscn' at thread -1
SCRIPT ERROR: Parse Error: Function "_fatal_case()" not found in base self.
   at: GDScript::reload (res://tests/act2_l3_registration_smoke.gd:77)
ERROR: Failed to load script "res://tests/act2_l3_registration_smoke.gd" with error "Parse error".
   at: load (modules/gdscript/gdscript_resource_format.cpp:46)
Completed load for: 'res://tests/act2_l3_registration_smoke.gd' remapped 'res://tests/act2_l3_registration_smoke.gd' at thread -1
