WorkerThreadPool: 8 threads, 2 max low-priority.
Godot Engine v4.7.2.stable.official.ed1daf0bf - https://godotengine.org
TextServer: Added interface "Dummy"
TextServer: Added interface "ICU / HarfBuzz / Graphite (Built-in)"
SDL: Init OK!
Using "default" pen tablet driver...

TextServer: Primary interface set to: "ICU / HarfBuzz / Graphite (Built-in)".
CORE API HASH: 2004498165
EDITOR API HASH: 1696660745
Loading resource: res://tests/acts/act2/a2_l3_retry_level_smoke.gd remapped: res://tests/acts/act2/a2_l3_retry_level_smoke.gd
Loading resource: res://scenes/main.tscn remapped: res://scenes/main.tscn
Loading resource: res://scripts/game.gd remapped: res://scripts/game.gd
Loading resource: res://scenes/player.tscn remapped: res://scenes/player.tscn
Loading resource: res://scripts/player.gd remapped: res://scripts/player.gd
Completed load for: 'res://scripts/player.gd' remapped 'res://scripts/player.gd' at thread -1
Completed load for: 'res://scenes/player.tscn' remapped 'res://scenes/player.tscn' at thread -1
Loading resource: res://scenes/practice_target.tscn remapped: res://scenes/practice_target.tscn
Loading resource: res://scripts/practice_target.gd remapped: res://scripts/practice_target.gd
Completed load for: 'res://scripts/practice_target.gd' remapped 'res://scripts/practice_target.gd' at thread -1
Completed load for: 'res://scenes/practice_target.tscn' remapped 'res://scenes/practice_target.tscn' at thread -1
Loading resource: res://scenes/lab_arena.tscn remapped: res://scenes/lab_arena.tscn
Completed load for: 'res://scenes/lab_arena.tscn' remapped 'res://scenes/lab_arena.tscn' at thread -1
Completed load for: 'res://scripts/game.gd' remapped 'res://scripts/game.gd' at thread -1
Completed load for: 'res://scenes/main.tscn' remapped 'res://scenes/main.tscn' at thread -1
Loading resource: res://assets/acts/act2/shaders/smoke_wisp.gdshader remapped: res://assets/acts/act2/shaders/smoke_wisp.gdshader
Completed load for: 'res://assets/acts/act2/shaders/smoke_wisp.gdshader' remapped 'res://assets/acts/act2/shaders/smoke_wisp.gdshader' at thread -1
Completed load for: 'res://tests/acts/act2/a2_l3_retry_level_smoke.gd' remapped 'res://tests/acts/act2/a2_l3_retry_level_smoke.gd' at thread -1
SceneTreeFTI: traversal method DEFAULT
Loaded system CA certificates
L3 first-checkpoint lifecycle: Standard/heavy; normal initial HP/zero initial ammo, real road clear/contact, running house-bank GUI Continue, real Handler death/dead Continue/GUI Retry; TEST ONLY prior prefix/unlocks; no boss-phase/final-clear claim
Loading resource: res://scenes/acts/act2/a2_l3.tscn remapped: res://scenes/acts/act2/a2_l3.tscn
Completed load for: 'res://scenes/acts/act2/a2_l3.tscn' remapped 'res://scenes/acts/act2/a2_l3.tscn' at thread -1
TEST ONLY synthetic prior catalogue unlock metadata: ["WEAPON-03", "CLOTH-J0", "CLOTH-P0", "CLOTH-S0"]
Loading resource: res://scenes/acts/act1/a1_l1.tscn remapped: res://scenes/acts/act1/a1_l1.tscn
Loading resource: res://scripts/acts/act1/launch_rehearsal.gd remapped: res://scripts/acts/act1/launch_rehearsal.gd
Completed load for: 'res://scripts/acts/act1/launch_rehearsal.gd' remapped 'res://scripts/acts/act1/launch_rehearsal.gd' at thread -1
Loading resource: res://assets/acts/act1/launch/quiet_floor.png remapped: res://assets/acts/act1/launch/quiet_floor.png
Loading resource: res://.godot/imported/quiet_floor.png-0d5ba5ae403bf427577865af7ea91238.ctex remapped: res://.godot/imported/quiet_floor.png-0d5ba5ae403bf427577865af7ea91238.ctex
Completed load for: 'res://assets/acts/act1/launch/quiet_floor.png' remapped 'res://assets/acts/act1/launch/quiet_floor.png' at thread -1
Completed load for: 'res://scenes/acts/act1/a1_l1.tscn' remapped 'res://scenes/acts/act1/a1_l1.tscn' at thread -1
Loading resource: res://scenes/acts/act2/a2_l3.tscn remapped: res://scenes/acts/act2/a2_l3.tscn
Completed load for: 'res://scenes/acts/act2/a2_l3.tscn' remapped 'res://scenes/acts/act2/a2_l3.tscn' at thread -1
Loading resource: res://scenes/acts/act2/a2_l3.tscn remapped: res://scenes/acts/act2/a2_l3.tscn
Completed load for: 'res://scenes/acts/act2/a2_l3.tscn' remapped 'res://scenes/acts/act2/a2_l3.tscn' at thread -1
Loading resource: res://scenes/acts/act2/a2_l3.tscn remapped: res://scenes/acts/act2/a2_l3.tscn
Completed load for: 'res://scenes/acts/act2/a2_l3.tscn' remapped 'res://scenes/acts/act2/a2_l3.tscn' at thread -1
Loading resource: res://scenes/acts/act2/a2_l3.tscn remapped: res://scenes/acts/act2/a2_l3.tscn
Completed load for: 'res://scenes/acts/act2/a2_l3.tscn' remapped 'res://scenes/acts/act2/a2_l3.tscn' at thread -1
Loading resource: res://scenes/acts/act2/a2_l3.tscn remapped: res://scenes/acts/act2/a2_l3.tscn
Completed load for: 'res://scenes/acts/act2/a2_l3.tscn' remapped 'res://scenes/acts/act2/a2_l3.tscn' at thread -1
Loading resource: res://scenes/acts/act2/a2_l3.tscn remapped: res://scenes/acts/act2/a2_l3.tscn
Completed load for: 'res://scenes/acts/act2/a2_l3.tscn' remapped 'res://scenes/acts/act2/a2_l3.tscn' at thread -1
Loading resource: res://scenes/acts/act2/a2_l3.tscn remapped: res://scenes/acts/act2/a2_l3.tscn
Completed load for: 'res://scenes/acts/act2/a2_l3.tscn' remapped 'res://scenes/acts/act2/a2_l3.tscn' at thread -1
Loading resource: res://scenes/acts/act2/a2_l3.tscn remapped: res://scenes/acts/act2/a2_l3.tscn
Completed load for: 'res://scenes/acts/act2/a2_l3.tscn' remapped 'res://scenes/acts/act2/a2_l3.tscn' at thread -1
Loading resource: res://scenes/acts/act2/a2_l3.tscn remapped: res://scenes/acts/act2/a2_l3.tscn
Completed load for: 'res://scenes/acts/act2/a2_l3.tscn' remapped 'res://scenes/acts/act2/a2_l3.tscn' at thread -1
Loading resource: res://scenes/acts/act2/a2_l3.tscn remapped: res://scenes/acts/act2/a2_l3.tscn
Completed load for: 'res://scenes/acts/act2/a2_l3.tscn' remapped 'res://scenes/acts/act2/a2_l3.tscn' at thread -1
Loading resource: res://scenes/acts/act2/a2_l3.tscn remapped: res://scenes/acts/act2/a2_l3.tscn
Completed load for: 'res://scenes/acts/act2/a2_l3.tscn' remapped 'res://scenes/acts/act2/a2_l3.tscn' at thread -1
Loading resource: res://scenes/acts/act2/a2_l3.tscn remapped: res://scenes/acts/act2/a2_l3.tscn
Completed load for: 'res://scenes/acts/act2/a2_l3.tscn' remapped 'res://scenes/acts/act2/a2_l3.tscn' at thread -1
Loading resource: res://scenes/acts/act2/a2_l3.tscn remapped: res://scenes/acts/act2/a2_l3.tscn
Completed load for: 'res://scenes/acts/act2/a2_l3.tscn' remapped 'res://scenes/acts/act2/a2_l3.tscn' at thread -1
Loading resource: res://scenes/acts/act2/a2_l3.tscn remapped: res://scenes/acts/act2/a2_l3.tscn
Completed load for: 'res://scenes/acts/act2/a2_l3.tscn' remapped 'res://scenes/acts/act2/a2_l3.tscn' at thread -1
Loading resource: res://scenes/acts/act2/a2_l3.tscn remapped: res://scenes/acts/act2/a2_l3.tscn
Completed load for: 'res://scenes/acts/act2/a2_l3.tscn' remapped 'res://scenes/acts/act2/a2_l3.tscn' at thread -1
Ruined House actual primary targets cleared: ["road_tender"]
Loading resource: res://scenes/acts/act2/a2_l3.tscn remapped: res://scenes/acts/act2/a2_l3.tscn
Completed load for: 'res://scenes/acts/act2/a2_l3.tscn' remapped 'res://scenes/acts/act2/a2_l3.tscn' at thread -1
Loading resource: res://scenes/acts/act2/a2_l3.tscn remapped: res://scenes/acts/act2/a2_l3.tscn
Completed load for: 'res://scenes/acts/act2/a2_l3.tscn' remapped 'res://scenes/acts/act2/a2_l3.tscn' at thread -1
Loading resource: res://scenes/acts/act2/a2_l3.tscn remapped: res://scenes/acts/act2/a2_l3.tscn
Completed load for: 'res://scenes/acts/act2/a2_l3.tscn' remapped 'res://scenes/acts/act2/a2_l3.tscn' at thread -1
Loading resource: res://scenes/acts/act2/a2_l3.tscn remapped: res://scenes/acts/act2/a2_l3.tscn
Completed load for: 'res://scenes/acts/act2/a2_l3.tscn' remapped 'res://scenes/acts/act2/a2_l3.tscn' at thread -1
Loading resource: res://scenes/acts/act2/a2_l3.tscn remapped: res://scenes/acts/act2/a2_l3.tscn
Completed load for: 'res://scenes/acts/act2/a2_l3.tscn' remapped 'res://scenes/acts/act2/a2_l3.tscn' at thread -1
Loading resource: res://scenes/acts/act2/a2_l3.tscn remapped: res://scenes/acts/act2/a2_l3.tscn
Completed load for: 'res://scenes/acts/act2/a2_l3.tscn' remapped 'res://scenes/acts/act2/a2_l3.tscn' at thread -1
Loading resource: res://scenes/acts/act2/a2_l3.tscn remapped: res://scenes/acts/act2/a2_l3.tscn
Completed load for: 'res://scenes/acts/act2/a2_l3.tscn' remapped 'res://scenes/acts/act2/a2_l3.tscn' at thread -1
Loading resource: res://scenes/acts/act2/a2_l3.tscn remapped: res://scenes/acts/act2/a2_l3.tscn
Completed load for: 'res://scenes/acts/act2/a2_l3.tscn' remapped 'res://scenes/acts/act2/a2_l3.tscn' at thread -1
Loading resource: res://scenes/acts/act2/a2_l3.tscn remapped: res://scenes/acts/act2/a2_l3.tscn
Completed load for: 'res://scenes/acts/act2/a2_l3.tscn' remapped 'res://scenes/acts/act2/a2_l3.tscn' at thread -1
Loading resource: res://scenes/acts/act2/a2_l3.tscn remapped: res://scenes/acts/act2/a2_l3.tscn
Completed load for: 'res://scenes/acts/act2/a2_l3.tscn' remapped 'res://scenes/acts/act2/a2_l3.tscn' at thread -1
Loading resource: res://scenes/acts/act2/a2_l3.tscn remapped: res://scenes/acts/act2/a2_l3.tscn
Completed load for: 'res://scenes/acts/act2/a2_l3.tscn' remapped 'res://scenes/acts/act2/a2_l3.tscn' at thread -1
Loading resource: res://scenes/acts/act2/a2_l3.tscn remapped: res://scenes/acts/act2/a2_l3.tscn
Completed load for: 'res://scenes/acts/act2/a2_l3.tscn' remapped 'res://scenes/acts/act2/a2_l3.tscn' at thread -1
Loading resource: res://scenes/acts/act2/a2_l3.tscn remapped: res://scenes/acts/act2/a2_l3.tscn
Completed load for: 'res://scenes/acts/act2/a2_l3.tscn' remapped 'res://scenes/acts/act2/a2_l3.tscn' at thread -1
Loading resource: res://scenes/acts/act2/a2_l3.tscn remapped: res://scenes/acts/act2/a2_l3.tscn
Completed load for: 'res://scenes/acts/act2/a2_l3.tscn' remapped 'res://scenes/acts/act2/a2_l3.tscn' at thread -1
Loading resource: res://scenes/acts/act2/a2_l3.tscn remapped: res://scenes/acts/act2/a2_l3.tscn
Completed load for: 'res://scenes/acts/act2/a2_l3.tscn' remapped 'res://scenes/acts/act2/a2_l3.tscn' at thread -1
Loading resource: res://scenes/acts/act2/a2_l3.tscn remapped: res://scenes/acts/act2/a2_l3.tscn
Completed load for: 'res://scenes/acts/act2/a2_l3.tscn' remapped 'res://scenes/acts/act2/a2_l3.tscn' at thread -1
Loading resource: res://scenes/acts/act2/a2_l3.tscn remapped: res://scenes/acts/act2/a2_l3.tscn
Completed load for: 'res://scenes/acts/act2/a2_l3.tscn' remapped 'res://scenes/acts/act2/a2_l3.tscn' at thread -1
Loading resource: res://scenes/acts/act2/a2_l3.tscn remapped: res://scenes/acts/act2/a2_l3.tscn
Completed load for: 'res://scenes/acts/act2/a2_l3.tscn' remapped 'res://scenes/acts/act2/a2_l3.tscn' at thread -1
Loading resource: res://scenes/acts/act1/a1_l1.tscn remapped: res://scenes/acts/act1/a1_l1.tscn
Loading resource: res://assets/acts/act1/launch/quiet_floor.png remapped: res://assets/acts/act1/launch/quiet_floor.png
Loading resource: res://.godot/imported/quiet_floor.png-0d5ba5ae403bf427577865af7ea91238.ctex remapped: res://.godot/imported/quiet_floor.png-0d5ba5ae403bf427577865af7ea91238.ctex
Completed load for: 'res://assets/acts/act1/launch/quiet_floor.png' remapped 'res://assets/acts/act1/launch/quiet_floor.png' at thread -1
Completed load for: 'res://scenes/acts/act1/a1_l1.tscn' remapped 'res://scenes/acts/act1/a1_l1.tscn' at thread -1
Loading resource: res://scenes/acts/act2/a2_l3.tscn remapped: res://scenes/acts/act2/a2_l3.tscn
Completed load for: 'res://scenes/acts/act2/a2_l3.tscn' remapped 'res://scenes/acts/act2/a2_l3.tscn' at thread -1
Loading resource: res://scenes/acts/act2/a2_l3.tscn remapped: res://scenes/acts/act2/a2_l3.tscn
Completed load for: 'res://scenes/acts/act2/a2_l3.tscn' remapped 'res://scenes/acts/act2/a2_l3.tscn' at thread -1
Loading resource: res://scenes/acts/act2/a2_l3.tscn remapped: res://scenes/acts/act2/a2_l3.tscn
Completed load for: 'res://scenes/acts/act2/a2_l3.tscn' remapped 'res://scenes/acts/act2/a2_l3.tscn' at thread -1
Loading resource: res://scenes/acts/act2/a2_l3.tscn remapped: res://scenes/acts/act2/a2_l3.tscn
Completed load for: 'res://scenes/acts/act2/a2_l3.tscn' remapped 'res://scenes/acts/act2/a2_l3.tscn' at thread -1
Loading resource: res://scenes/acts/act2/a2_l3.tscn remapped: res://scenes/acts/act2/a2_l3.tscn
Completed load for: 'res://scenes/acts/act2/a2_l3.tscn' remapped 'res://scenes/acts/act2/a2_l3.tscn' at thread -1
Loading resource: res://scenes/acts/act2/a2_l3.tscn remapped: res://scenes/acts/act2/a2_l3.tscn
Completed load for: 'res://scenes/acts/act2/a2_l3.tscn' remapped 'res://scenes/acts/act2/a2_l3.tscn' at thread -1
Loading resource: res://scenes/acts/act2/a2_l3.tscn remapped: res://scenes/acts/act2/a2_l3.tscn
Completed load for: 'res://scenes/acts/act2/a2_l3.tscn' remapped 'res://scenes/acts/act2/a2_l3.tscn' at thread -1
Loading resource: res://scenes/acts/act2/a2_l3.tscn remapped: res://scenes/acts/act2/a2_l3.tscn
Completed load for: 'res://scenes/acts/act2/a2_l3.tscn' remapped 'res://scenes/acts/act2/a2_l3.tscn' at thread -1
Loading resource: res://scenes/acts/act2/a2_l3.tscn remapped: res://scenes/acts/act2/a2_l3.tscn
Completed load for: 'res://scenes/acts/act2/a2_l3.tscn' remapped 'res://scenes/acts/act2/a2_l3.tscn' at thread -1
Loading resource: res://scenes/acts/act2/a2_l3.tscn remapped: res://scenes/acts/act2/a2_l3.tscn
Completed load for: 'res://scenes/acts/act2/a2_l3.tscn' remapped 'res://scenes/acts/act2/a2_l3.tscn' at thread -1
Loading resource: res://scenes/acts/act2/a2_l3.tscn remapped: res://scenes/acts/act2/a2_l3.tscn
Completed load for: 'res://scenes/acts/act2/a2_l3.tscn' remapped 'res://scenes/acts/act2/a2_l3.tscn' at thread -1
Loading resource: res://scenes/acts/act2/a2_l3.tscn remapped: res://scenes/acts/act2/a2_l3.tscn
Completed load for: 'res://scenes/acts/act2/a2_l3.tscn' remapped 'res://scenes/acts/act2/a2_l3.tscn' at thread -1
Loading resource: res://scenes/acts/act2/a2_l3.tscn remapped: res://scenes/acts/act2/a2_l3.tscn
Completed load for: 'res://scenes/acts/act2/a2_l3.tscn' remapped 'res://scenes/acts/act2/a2_l3.tscn' at thread -1
Loading resource: res://scenes/acts/act2/a2_l3.tscn remapped: res://scenes/acts/act2/a2_l3.tscn
Completed load for: 'res://scenes/acts/act2/a2_l3.tscn' remapped 'res://scenes/acts/act2/a2_l3.tscn' at thread -1
Loading resource: res://scenes/acts/act2/a2_l3.tscn remapped: res://scenes/acts/act2/a2_l3.tscn
Completed load for: 'res://scenes/acts/act2/a2_l3.tscn' remapped 'res://scenes/acts/act2/a2_l3.tscn' at thread -1
Ruined House actual primary targets cleared: ["house_tender"]
Loading resource: res://scenes/acts/act2/a2_l3.tscn remapped: res://scenes/acts/act2/a2_l3.tscn
Completed load for: 'res://scenes/acts/act2/a2_l3.tscn' remapped 'res://scenes/acts/act2/a2_l3.tscn' at thread -1
Loading resource: res://scenes/acts/act2/a2_l3.tscn remapped: res://scenes/acts/act2/a2_l3.tscn
Completed load for: 'res://scenes/acts/act2/a2_l3.tscn' remapped 'res://scenes/acts/act2/a2_l3.tscn' at thread -1
Loading resource: res://scenes/acts/act2/a2_l3.tscn remapped: res://scenes/acts/act2/a2_l3.tscn
Completed load for: 'res://scenes/acts/act2/a2_l3.tscn' remapped 'res://scenes/acts/act2/a2_l3.tscn' at thread -1
Loading resource: res://scenes/acts/act2/a2_l3.tscn remapped: res://scenes/acts/act2/a2_l3.tscn
Completed load for: 'res://scenes/acts/act2/a2_l3.tscn' remapped 'res://scenes/acts/act2/a2_l3.tscn' at thread -1
Loading resource: res://scenes/acts/act2/a2_l3.tscn remapped: res://scenes/acts/act2/a2_l3.tscn
Completed load for: 'res://scenes/acts/act2/a2_l3.tscn' remapped 'res://scenes/acts/act2/a2_l3.tscn' at thread -1
Loading resource: res://scenes/acts/act2/a2_l3.tscn remapped: res://scenes/acts/act2/a2_l3.tscn
Completed load for: 'res://scenes/acts/act2/a2_l3.tscn' remapped 'res://scenes/acts/act2/a2_l3.tscn' at thread -1
Loading resource: res://scenes/acts/act2/a2_l3.tscn remapped: res://scenes/acts/act2/a2_l3.tscn
Completed load for: 'res://scenes/acts/act2/a2_l3.tscn' remapped 'res://scenes/acts/act2/a2_l3.tscn' at thread -1
Loading resource: res://scenes/acts/act2/a2_l3.tscn remapped: res://scenes/acts/act2/a2_l3.tscn
Completed load for: 'res://scenes/acts/act2/a2_l3.tscn' remapped 'res://scenes/acts/act2/a2_l3.tscn' at thread -1
Loading resource: res://scenes/acts/act2/a2_l3.tscn remapped: res://scenes/acts/act2/a2_l3.tscn
Completed load for: 'res://scenes/acts/act2/a2_l3.tscn' remapped 'res://scenes/acts/act2/a2_l3.tscn' at thread -1
Loading resource: res://scenes/acts/act1/a1_l1.tscn remapped: res://scenes/acts/act1/a1_l1.tscn
Loading resource: res://assets/acts/act1/launch/quiet_floor.png remapped: res://assets/acts/act1/launch/quiet_floor.png
Loading resource: res://.godot/imported/quiet_floor.png-0d5ba5ae403bf427577865af7ea91238.ctex remapped: res://.godot/imported/quiet_floor.png-0d5ba5ae403bf427577865af7ea91238.ctex
Completed load for: 'res://assets/acts/act1/launch/quiet_floor.png' remapped 'res://assets/acts/act1/launch/quiet_floor.png' at thread -1
Completed load for: 'res://scenes/acts/act1/a1_l1.tscn' remapped 'res://scenes/acts/act1/a1_l1.tscn' at thread -1
Loading resource: res://scenes/acts/act2/a2_l3.tscn remapped: res://scenes/acts/act2/a2_l3.tscn
Completed load for: 'res://scenes/acts/act2/a2_l3.tscn' remapped 'res://scenes/acts/act2/a2_l3.tscn' at thread -1
Loading resource: res://scenes/acts/act2/a2_l3.tscn remapped: res://scenes/acts/act2/a2_l3.tscn
Completed load for: 'res://scenes/acts/act2/a2_l3.tscn' remapped 'res://scenes/acts/act2/a2_l3.tscn' at thread -1
Loading resource: res://scenes/acts/act2/a2_l3.tscn remapped: res://scenes/acts/act2/a2_l3.tscn
Completed load for: 'res://scenes/acts/act2/a2_l3.tscn' remapped 'res://scenes/acts/act2/a2_l3.tscn' at thread -1
Loading resource: res://scenes/acts/act2/a2_l3.tscn remapped: res://scenes/acts/act2/a2_l3.tscn
Completed load for: 'res://scenes/acts/act2/a2_l3.tscn' remapped 'res://scenes/acts/act2/a2_l3.tscn' at thread -1
Loading resource: res://scenes/acts/act2/a2_l3.tscn remapped: res://scenes/acts/act2/a2_l3.tscn
Completed load for: 'res://scenes/acts/act2/a2_l3.tscn' remapped 'res://scenes/acts/act2/a2_l3.tscn' at thread -1
Loading resource: res://scenes/acts/act2/a2_l3.tscn remapped: res://scenes/acts/act2/a2_l3.tscn
Completed load for: 'res://scenes/acts/act2/a2_l3.tscn' remapped 'res://scenes/acts/act2/a2_l3.tscn' at thread -1
Loading resource: res://scenes/acts/act2/a2_l3.tscn remapped: res://scenes/acts/act2/a2_l3.tscn
Completed load for: 'res://scenes/acts/act2/a2_l3.tscn' remapped 'res://scenes/acts/act2/a2_l3.tscn' at thread -1
Loading resource: res://scenes/acts/act2/a2_l3.tscn remapped: res://scenes/acts/act2/a2_l3.tscn
Completed load for: 'res://scenes/acts/act2/a2_l3.tscn' remapped 'res://scenes/acts/act2/a2_l3.tscn' at thread -1
Loading resource: res://scenes/acts/act2/a2_l3.tscn remapped: res://scenes/acts/act2/a2_l3.tscn
Completed load for: 'res://scenes/acts/act2/a2_l3.tscn' remapped 'res://scenes/acts/act2/a2_l3.tscn' at thread -1
Loading resource: res://scenes/acts/act2/a2_l3.tscn remapped: res://scenes/acts/act2/a2_l3.tscn
Completed load for: 'res://scenes/acts/act2/a2_l3.tscn' remapped 'res://scenes/acts/act2/a2_l3.tscn' at thread -1
Loading resource: res://scenes/acts/act2/a2_l3.tscn remapped: res://scenes/acts/act2/a2_l3.tscn
Completed load for: 'res://scenes/acts/act2/a2_l3.tscn' remapped 'res://scenes/acts/act2/a2_l3.tscn' at thread -1
Loading resource: res://scenes/acts/act2/a2_l3.tscn remapped: res://scenes/acts/act2/a2_l3.tscn
Completed load for: 'res://scenes/acts/act2/a2_l3.tscn' remapped 'res://scenes/acts/act2/a2_l3.tscn' at thread -1
Loading resource: res://scenes/acts/act2/a2_l3.tscn remapped: res://scenes/acts/act2/a2_l3.tscn
Completed load for: 'res://scenes/acts/act2/a2_l3.tscn' remapped 'res://scenes/acts/act2/a2_l3.tscn' at thread -1
Loading resource: res://scenes/acts/act2/a2_l3.tscn remapped: res://scenes/acts/act2/a2_l3.tscn
Completed load for: 'res://scenes/acts/act2/a2_l3.tscn' remapped 'res://scenes/acts/act2/a2_l3.tscn' at thread -1
Loading resource: res://scenes/acts/act2/a2_l3.tscn remapped: res://scenes/acts/act2/a2_l3.tscn
Completed load for: 'res://scenes/acts/act2/a2_l3.tscn' remapped 'res://scenes/acts/act2/a2_l3.tscn' at thread -1
Loading resource: res://scenes/acts/act2/a2_l3.tscn remapped: res://scenes/acts/act2/a2_l3.tscn
Completed load for: 'res://scenes/acts/act2/a2_l3.tscn' remapped 'res://scenes/acts/act2/a2_l3.tscn' at thread -1
Loading resource: res://scenes/acts/act2/a2_l3.tscn remapped: res://scenes/acts/act2/a2_l3.tscn
Completed load for: 'res://scenes/acts/act2/a2_l3.tscn' remapped 'res://scenes/acts/act2/a2_l3.tscn' at thread -1
Loading resource: res://scenes/acts/act2/a2_l3.tscn remapped: res://scenes/acts/act2/a2_l3.tscn
Completed load for: 'res://scenes/acts/act2/a2_l3.tscn' remapped 'res://scenes/acts/act2/a2_l3.tscn' at thread -1
Loading resource: res://scenes/acts/act2/a2_l3.tscn remapped: res://scenes/acts/act2/a2_l3.tscn
Completed load for: 'res://scenes/acts/act2/a2_l3.tscn' remapped 'res://scenes/acts/act2/a2_l3.tscn' at thread -1
Loading resource: res://scenes/acts/act2/a2_l3.tscn remapped: res://scenes/acts/act2/a2_l3.tscn
Completed load for: 'res://scenes/acts/act2/a2_l3.tscn' remapped 'res://scenes/acts/act2/a2_l3.tscn' at thread -1
Loading resource: res://scenes/acts/act2/a2_l3.tscn remapped: res://scenes/acts/act2/a2_l3.tscn
Completed load for: 'res://scenes/acts/act2/a2_l3.tscn' remapped 'res://scenes/acts/act2/a2_l3.tscn' at thread -1
Loading resource: res://scenes/acts/act2/a2_l3.tscn remapped: res://scenes/acts/act2/a2_l3.tscn
Completed load for: 'res://scenes/acts/act2/a2_l3.tscn' remapped 'res://scenes/acts/act2/a2_l3.tscn' at thread -1
Loading resource: res://scenes/acts/act2/a2_l3.tscn remapped: res://scenes/acts/act2/a2_l3.tscn
Completed load for: 'res://scenes/acts/act2/a2_l3.tscn' remapped 'res://scenes/acts/act2/a2_l3.tscn' at thread -1
Loading resource: res://scenes/acts/act2/a2_l3.tscn remapped: res://scenes/acts/act2/a2_l3.tscn
Completed load for: 'res://scenes/acts/act2/a2_l3.tscn' remapped 'res://scenes/acts/act2/a2_l3.tscn' at thread -1
Loading resource: res://scenes/acts/act2/a2_l3.tscn remapped: res://scenes/acts/act2/a2_l3.tscn
Completed load for: 'res://scenes/acts/act2/a2_l3.tscn' remapped 'res://scenes/acts/act2/a2_l3.tscn' at thread -1
Loading resource: res://scenes/acts/act2/a2_l3.tscn remapped: res://scenes/acts/act2/a2_l3.tscn
Completed load for: 'res://scenes/acts/act2/a2_l3.tscn' remapped 'res://scenes/acts/act2/a2_l3.tscn' at thread -1
L3 first-checkpoint lifecycle smoke: 375 checks, 0 failures; scoped actual checkpoint/GUI/fatal transport only
XR: Clearing primary interface
XR: Removed interface "Native mobile"
XR: Removed interface "OpenXR"
