Godot Engine v4.7.2.stable.official.ed1daf0bf - https://godotengine.org
TextServer: Added interface "Dummy"
TextServer: Added interface "ICU / HarfBuzz / Graphite (Built-in)"
SDL: Init OK!
Accessibility: AccessKit driver loaded.
Accessibility: window 0 adapter created.
Using "default" pen tablet driver...
OpenGL debugging not supported!
Shader 'CanvasSdfShaderGLES3' SHA256: aa209c9cd00c30996f4e3b5154b4a42d5f99b1f48b97a2271aa7e66e4ca0f69d
Shader 'SkeletonShaderGLES3' SHA256: 19be6c6762bbf588f916616b0c74d8a1014507705c22088f9e12eb5303ee80d4
Shader 'ParticlesShaderGLES3' SHA256: 998856346189136d10e532cce18fdd784ee523eae2236f17964103b7f8839fc7
Shader 'ParticlesCopyShaderGLES3' SHA256: d09c248fd0fa0daba710c92c2533f9cfe1f03a461faabd91a58d182fa3638d2f
Shader 'CopyShaderGLES3' SHA256: 4e2e4050f31f29188b84577ee6572830d4b2fe1f881306800159c1ec9ab47b65
Shader 'CubemapFilterShaderGLES3' SHA256: 1b3651b07b28ca3c6294bc5b9aac6741a5bde11cf5cc114a9bec3d374634482b
Shader 'GlowShaderGLES3' SHA256: b00e122bba00bd1c678479fefd572f82f878e0ba6e76d4b2f826de21233e3944
Shader 'PostShaderGLES3' SHA256: 520e7ee21c944edcff2f2f1bf73bde88048ed450471ff319e595ff11c3671d59
Shader 'FeedShaderGLES3' SHA256: 99c82b3ef90c7ca526bc1e5b6b324451cef4a6f2c04dc1e0398cad3e2c1e7f91
Shader 'CanvasShaderGLES3' SHA256: 2df5dae51c7db1d5f0263c452426ee1b7ca67f8a7a400dcbc2e07f30a789239e
Shader 'CanvasOcclusionShaderGLES3' SHA256: c4479089f938138c9ba1bb3c1e9df7375f87d40838287dec967683ff866af1be
Shader 'SceneShaderGLES3' SHA256: be6f77f61e9e1997fdb48590587db38fa8d3452aedb656e3867e2a09085191ee
Shader 'SkyShaderGLES3' SHA256: 7a659e21e6065da2041b4cdbc57935a75585846af11273fd4367cc14b1fddde5
Shader 'TexBlitShaderGLES3' SHA256: 4d69b0150b5c3469a7f4e4cc8feb954f9ae89b3e33f7fdf6a20cac9abfacea46
OpenGL API 4.1 Metal - 90.5 - Compatibility - Using Device: Apple - Apple M3
CoreAudio: detected 2 channels
CoreAudio: output sampling rate: 48000 Hz
CoreAudio: output audio buffer frames: 512 calculated latency: 10ms

TextServer: Primary interface set to: "ICU / HarfBuzz / Graphite (Built-in)".
CORE API HASH: 2004498165
EDITOR API HASH: 1696660745
Loading resource: res://tests/act2_l3_registration_smoke.gd remapped: res://tests/act2_l3_registration_smoke.gd
Loading resource: res://scenes/main.tscn remapped: res://scenes/main.tscn
Loading resource: res://scripts/game.gd remapped: res://scripts/game.gd
Loading resource: res://scenes/player.tscn remapped: res://scenes/player.tscn
Loading resource: res://scripts/player.gd remapped: res://scripts/player.gd
Completed load for: 'res://scripts/player.gd' remapped 'res://scripts/player.gd' at thread -1
Completed load for: 'res://scenes/player.tscn' remapped 'res://scenes/player.tscn' at thread -1
Loading resource: res://scenes/practice_target.tscn remapped: res://scenes/practice_target.tscn
Loading resource: res://scripts/practice_target.gd remapped: res://scripts/practice_target.gd
Completed load for: 'res://scripts/practice_target.gd' remapped 'res://scripts/practice_target.gd' at thread -1
Completed load for: 'res://scenes/practice_target.tscn' remapped 'res://scenes/practice_target.tscn' at thread -1
Loading resource: res://scenes/lab_arena.tscn remapped: res://scenes/lab_arena.tscn
Completed load for: 'res://scenes/lab_arena.tscn' remapped 'res://scenes/lab_arena.tscn' at thread -1
Completed load for: 'res://scripts/game.gd' remapped 'res://scripts/game.gd' at thread -1
Completed load for: 'res://scenes/main.tscn' remapped 'res://scenes/main.tscn' at thread -1
Completed load for: 'res://tests/act2_l3_registration_smoke.gd' remapped 'res://tests/act2_l3_registration_smoke.gd' at thread -1
SceneTreeFTI: traversal method DEFAULT
Loaded system CA certificates
PASS: fixture asserts exact accepted HANDOFF provenance (optional --expected-commit=<40hex>)
Loading resource: res://scenes/acts/act2/a2_l3.tscn remapped: res://scenes/acts/act2/a2_l3.tscn
Loading resource: res://scripts/acts/act2/ruined_house.gd remapped: res://scripts/acts/act2/ruined_house.gd
Loading resource: res://assets/acts/act2/shaders/smoke_wisp.gdshader remapped: res://assets/acts/act2/shaders/smoke_wisp.gdshader
Completed load for: 'res://assets/acts/act2/shaders/smoke_wisp.gdshader' remapped 'res://assets/acts/act2/shaders/smoke_wisp.gdshader' at thread -1
Completed load for: 'res://scripts/acts/act2/ruined_house.gd' remapped 'res://scripts/acts/act2/ruined_house.gd' at thread -1
Completed load for: 'res://scenes/acts/act2/a2_l3.tscn' remapped 'res://scenes/acts/act2/a2_l3.tscn' at thread -1
PASS: actual production registry validates the exact accepted authored A2-L3 scene: 
PASS: production registry configures only isolated PID user paths
Loading resource: res://scenes/acts/act1/a1_l1.tscn remapped: res://scenes/acts/act1/a1_l1.tscn
Loading resource: res://scripts/acts/act1/launch_rehearsal.gd remapped: res://scripts/acts/act1/launch_rehearsal.gd
Completed load for: 'res://scripts/acts/act1/launch_rehearsal.gd' remapped 'res://scripts/acts/act1/launch_rehearsal.gd' at thread -1
Loading resource: res://assets/acts/act1/launch/quiet_floor.png remapped: res://assets/acts/act1/launch/quiet_floor.png
Loading resource: res://.godot/imported/quiet_floor.png-0d5ba5ae403bf427577865af7ea91238.ctex remapped: res://.godot/imported/quiet_floor.png-0d5ba5ae403bf427577865af7ea91238.ctex
Completed load for: 'res://assets/acts/act1/launch/quiet_floor.png' remapped 'res://assets/acts/act1/launch/quiet_floor.png' at thread -1
Completed load for: 'res://scenes/acts/act1/a1_l1.tscn' remapped 'res://scenes/acts/act1/a1_l1.tscn' at thread -1
Loading resource: res://scenes/acts/act1/a1_l1.tscn remapped: res://scenes/acts/act1/a1_l1.tscn
Loading resource: res://assets/acts/act1/launch/quiet_floor.png remapped: res://assets/acts/act1/launch/quiet_floor.png
Loading resource: res://.godot/imported/quiet_floor.png-0d5ba5ae403bf427577865af7ea91238.ctex remapped: res://.godot/imported/quiet_floor.png-0d5ba5ae403bf427577865af7ea91238.ctex
Completed load for: 'res://assets/acts/act1/launch/quiet_floor.png' remapped 'res://assets/acts/act1/launch/quiet_floor.png' at thread -1
Completed load for: 'res://scenes/acts/act1/a1_l1.tscn' remapped 'res://scenes/acts/act1/a1_l1.tscn' at thread -1
PASS: real production Title has no duplicate live world for isolated first launch: 
PASS: first launch invents no prior story progress
PASS: optional portrait capture uses actual graphical renderer
PASS: actual540x1170 production portrait captured: /Users/howardchen/Library/Application Support/Godot/app_userdata/Cinder/test-act2-l3-registration-captures-38413-1048248/title-locked.png
Loading resource: res://scenes/acts/act1/a1_l1.tscn remapped: res://scenes/acts/act1/a1_l1.tscn
Loading resource: res://assets/acts/act1/launch/quiet_floor.png remapped: res://assets/acts/act1/launch/quiet_floor.png
Loading resource: res://.godot/imported/quiet_floor.png-0d5ba5ae403bf427577865af7ea91238.ctex remapped: res://.godot/imported/quiet_floor.png-0d5ba5ae403bf427577865af7ea91238.ctex
Completed load for: 'res://assets/acts/act1/launch/quiet_floor.png' remapped 'res://assets/acts/act1/launch/quiet_floor.png' at thread -1
Completed load for: 'res://scenes/acts/act1/a1_l1.tscn' remapped 'res://scenes/acts/act1/a1_l1.tscn' at thread -1
Loading resource: res://scenes/acts/act1/a1_l1.tscn remapped: res://scenes/acts/act1/a1_l1.tscn
Loading resource: res://assets/acts/act1/launch/quiet_floor.png remapped: res://assets/acts/act1/launch/quiet_floor.png
Loading resource: res://.godot/imported/quiet_floor.png-0d5ba5ae403bf427577865af7ea91238.ctex remapped: res://.godot/imported/quiet_floor.png-0d5ba5ae403bf427577865af7ea91238.ctex
Completed load for: 'res://assets/acts/act1/launch/quiet_floor.png' remapped 'res://assets/acts/act1/launch/quiet_floor.png' at thread -1
Completed load for: 'res://scenes/acts/act1/a1_l1.tscn' remapped 'res://scenes/acts/act1/a1_l1.tscn' at thread -1
Loading resource: res://scenes/acts/act1/a1_l1.tscn remapped: res://scenes/acts/act1/a1_l1.tscn
Loading resource: res://assets/acts/act1/launch/quiet_floor.png remapped: res://assets/acts/act1/launch/quiet_floor.png
Loading resource: res://.godot/imported/quiet_floor.png-0d5ba5ae403bf427577865af7ea91238.ctex remapped: res://.godot/imported/quiet_floor.png-0d5ba5ae403bf427577865af7ea91238.ctex
Completed load for: 'res://assets/acts/act1/launch/quiet_floor.png' remapped 'res://assets/acts/act1/launch/quiet_floor.png' at thread -1
Completed load for: 'res://scenes/acts/act1/a1_l1.tscn' remapped 'res://scenes/acts/act1/a1_l1.tscn' at thread -1
Loading resource: res://scenes/acts/act1/a1_l1.tscn remapped: res://scenes/acts/act1/a1_l1.tscn
Loading resource: res://assets/acts/act1/launch/quiet_floor.png remapped: res://assets/acts/act1/launch/quiet_floor.png
Loading resource: res://.godot/imported/quiet_floor.png-0d5ba5ae403bf427577865af7ea91238.ctex remapped: res://.godot/imported/quiet_floor.png-0d5ba5ae403bf427577865af7ea91238.ctex
Completed load for: 'res://assets/acts/act1/launch/quiet_floor.png' remapped 'res://assets/acts/act1/launch/quiet_floor.png' at thread -1
Completed load for: 'res://scenes/acts/act1/a1_l1.tscn' remapped 'res://scenes/acts/act1/a1_l1.tscn' at thread -1
Loading resource: res://scenes/acts/act1/a1_l1.tscn remapped: res://scenes/acts/act1/a1_l1.tscn
Loading resource: res://assets/acts/act1/launch/quiet_floor.png remapped: res://assets/acts/act1/launch/quiet_floor.png
Loading resource: res://.godot/imported/quiet_floor.png-0d5ba5ae403bf427577865af7ea91238.ctex remapped: res://.godot/imported/quiet_floor.png-0d5ba5ae403bf427577865af7ea91238.ctex
Completed load for: 'res://assets/acts/act1/launch/quiet_floor.png' remapped 'res://assets/acts/act1/launch/quiet_floor.png' at thread -1
Completed load for: 'res://scenes/acts/act1/a1_l1.tscn' remapped 'res://scenes/acts/act1/a1_l1.tscn' at thread -1
PASS: real Journey keeps accepted A2-L3 locked behind its actual A2-L2 prerequisite
PASS: optional portrait capture uses actual graphical renderer
PASS: actual540x1170 production portrait captured: /Users/howardchen/Library/Application Support/Godot/app_userdata/Cinder/test-act2-l3-registration-captures-38413-1048248/journey-locked.png
PASS: disabled locked card neither loads A2-L3 nor fabricates progression
Loading resource: res://scenes/acts/act2/a2_l3.tscn remapped: res://scenes/acts/act2/a2_l3.tscn
Completed load for: 'res://scenes/acts/act2/a2_l3.tscn' remapped 'res://scenes/acts/act2/a2_l3.tscn' at thread -1
PASS: TEST ONLY seed captures actual authored full runtime, not Horsell L1 or an art preview
PASS: TEST ONLY initial HP/zeroammo seed uses validated quiet public actor restore
PASS: TEST ONLY seven-predecessor prefix/actual initial A2-L3 unit writes through public attempts/store:   
PASS: seed retains unchanged initial full RuinedHouse world/presentation with no admitted source or executed action
PASS: seed preview actor/level retire before production installation
TEST ONLY prefix/resource seed: ["A1-L1", "A1-L2", "A1-L3", "A1-L4", "A1-L5", "A2-L1", "A2-L2"]; HP=37.0; initial shells=0; not predecessor gameplay or A2-L3 clear evidence
PASS: production registry configures only isolated PID user paths
Loading resource: res://scenes/acts/act1/a1_l1.tscn remapped: res://scenes/acts/act1/a1_l1.tscn
Loading resource: res://assets/acts/act1/launch/quiet_floor.png remapped: res://assets/acts/act1/launch/quiet_floor.png
Loading resource: res://.godot/imported/quiet_floor.png-0d5ba5ae403bf427577865af7ea91238.ctex remapped: res://.godot/imported/quiet_floor.png-0d5ba5ae403bf427577865af7ea91238.ctex
Completed load for: 'res://assets/acts/act1/launch/quiet_floor.png' remapped 'res://assets/acts/act1/launch/quiet_floor.png' at thread -1
Completed load for: 'res://scenes/acts/act1/a1_l1.tscn' remapped 'res://scenes/acts/act1/a1_l1.tscn' at thread -1
Loading resource: res://scenes/acts/act2/a2_l3.tscn remapped: res://scenes/acts/act2/a2_l3.tscn
Completed load for: 'res://scenes/acts/act2/a2_l3.tscn' remapped 'res://scenes/acts/act2/a2_l3.tscn' at thread -1
Loading resource: res://scenes/acts/act2/a2_l3.tscn remapped: res://scenes/acts/act2/a2_l3.tscn
Completed load for: 'res://scenes/acts/act2/a2_l3.tscn' remapped 'res://scenes/acts/act2/a2_l3.tscn' at thread -1
Loading resource: res://scenes/acts/act2/a2_l3.tscn remapped: res://scenes/acts/act2/a2_l3.tscn
Completed load for: 'res://scenes/acts/act2/a2_l3.tscn' remapped 'res://scenes/acts/act2/a2_l3.tscn' at thread -1
Loading resource: res://scenes/acts/act2/a2_l3.tscn remapped: res://scenes/acts/act2/a2_l3.tscn
Completed load for: 'res://scenes/acts/act2/a2_l3.tscn' remapped 'res://scenes/acts/act2/a2_l3.tscn' at thread -1
Loading resource: res://scenes/acts/act2/a2_l3.tscn remapped: res://scenes/acts/act2/a2_l3.tscn
Completed load for: 'res://scenes/acts/act2/a2_l3.tscn' remapped 'res://scenes/acts/act2/a2_l3.tscn' at thread -1
Loading resource: res://scenes/acts/act2/a2_l3.tscn remapped: res://scenes/acts/act2/a2_l3.tscn
Completed load for: 'res://scenes/acts/act2/a2_l3.tscn' remapped 'res://scenes/acts/act2/a2_l3.tscn' at thread -1
Loading resource: res://scenes/acts/act2/a2_l3.tscn remapped: res://scenes/acts/act2/a2_l3.tscn
Completed load for: 'res://scenes/acts/act2/a2_l3.tscn' remapped 'res://scenes/acts/act2/a2_l3.tscn' at thread -1
Loading resource: res://scenes/acts/act2/a2_l3.tscn remapped: res://scenes/acts/act2/a2_l3.tscn
Completed load for: 'res://scenes/acts/act2/a2_l3.tscn' remapped 'res://scenes/acts/act2/a2_l3.tscn' at thread -1
Loading resource: res://scenes/acts/act2/a2_l3.tscn remapped: res://scenes/acts/act2/a2_l3.tscn
Completed load for: 'res://scenes/acts/act2/a2_l3.tscn' remapped 'res://scenes/acts/act2/a2_l3.tscn' at thread -1
Loading resource: res://scenes/acts/act2/a2_l3.tscn remapped: res://scenes/acts/act2/a2_l3.tscn
Completed load for: 'res://scenes/acts/act2/a2_l3.tscn' remapped 'res://scenes/acts/act2/a2_l3.tscn' at thread -1
Loading resource: res://scenes/acts/act2/a2_l3.tscn remapped: res://scenes/acts/act2/a2_l3.tscn
Completed load for: 'res://scenes/acts/act2/a2_l3.tscn' remapped 'res://scenes/acts/act2/a2_l3.tscn' at thread -1
Loading resource: res://scenes/acts/act2/a2_l3.tscn remapped: res://scenes/acts/act2/a2_l3.tscn
Completed load for: 'res://scenes/acts/act2/a2_l3.tscn' remapped 'res://scenes/acts/act2/a2_l3.tscn' at thread -1
Loading resource: res://scenes/acts/act2/a2_l3.tscn remapped: res://scenes/acts/act2/a2_l3.tscn
Completed load for: 'res://scenes/acts/act2/a2_l3.tscn' remapped 'res://scenes/acts/act2/a2_l3.tscn' at thread -1
PASS: real production Title has no duplicate live world for TEST ONLY seven-predecessor story seed: 
PASS: TEST ONLY seven-predecessor prefix offers protected uncompleted A2-L3 story Continue
Loading resource: res://scenes/acts/act1/a1_l1.tscn remapped: res://scenes/acts/act1/a1_l1.tscn
Loading resource: res://assets/acts/act1/launch/quiet_floor.png remapped: res://assets/acts/act1/launch/quiet_floor.png
Loading resource: res://.godot/imported/quiet_floor.png-0d5ba5ae403bf427577865af7ea91238.ctex remapped: res://.godot/imported/quiet_floor.png-0d5ba5ae403bf427577865af7ea91238.ctex
Completed load for: 'res://assets/acts/act1/launch/quiet_floor.png' remapped 'res://assets/acts/act1/launch/quiet_floor.png' at thread -1
Completed load for: 'res://scenes/acts/act1/a1_l1.tscn' remapped 'res://scenes/acts/act1/a1_l1.tscn' at thread -1
Loading resource: res://scenes/acts/act1/a1_l2.tscn remapped: res://scenes/acts/act1/a1_l2.tscn
Loading resource: res://scenes/acts/act1/a1_l2_layout_greybox.tscn remapped: res://scenes/acts/act1/a1_l2_layout_greybox.tscn
Loading resource: res://scripts/acts/act1/crater_gardens_layout.gd remapped: res://scripts/acts/act1/crater_gardens_layout.gd
Loading resource: res://assets/acts/act1/lunar/accents/painted_rock_surface.png remapped: res://assets/acts/act1/lunar/accents/painted_rock_surface.png
Loading resource: res://.godot/imported/painted_rock_surface.png-30faff4d32479a3da0f568d18cbfa6cd.ctex remapped: res://.godot/imported/painted_rock_surface.png-30faff4d32479a3da0f568d18cbfa6cd.ctex
Completed load for: 'res://assets/acts/act1/lunar/accents/painted_rock_surface.png' remapped 'res://assets/acts/act1/lunar/accents/painted_rock_surface.png' at thread -1
Loading resource: res://assets/acts/act1/lunar/environment/rock_flat_low_a.png remapped: res://assets/acts/act1/lunar/environment/rock_flat_low_a.png
Loading resource: res://.godot/imported/rock_flat_low_a.png-d40857434c14002f43d5380e3cd3f789.ctex remapped: res://.godot/imported/rock_flat_low_a.png-d40857434c14002f43d5380e3cd3f789.ctex
Completed load for: 'res://assets/acts/act1/lunar/environment/rock_flat_low_a.png' remapped 'res://assets/acts/act1/lunar/environment/rock_flat_low_a.png' at thread -1
Loading resource: res://assets/acts/act1/lunar/environment/rock_flat_low_b.png remapped: res://assets/acts/act1/lunar/environment/rock_flat_low_b.png
Loading resource: res://.godot/imported/rock_flat_low_b.png-2f8625be000193bc3a72b5da199735bf.ctex remapped: res://.godot/imported/rock_flat_low_b.png-2f8625be000193bc3a72b5da199735bf.ctex
Completed load for: 'res://assets/acts/act1/lunar/environment/rock_flat_low_b.png' remapped 'res://assets/acts/act1/lunar/environment/rock_flat_low_b.png' at thread -1
Loading resource: res://assets/acts/act1/lunar/environment/floor_silver_tile.png remapped: res://assets/acts/act1/lunar/environment/floor_silver_tile.png
Loading resource: res://.godot/imported/floor_silver_tile.png-d26a488f9395175b253ee2a02677ec14.ctex remapped: res://.godot/imported/floor_silver_tile.png-d26a488f9395175b253ee2a02677ec14.ctex
Completed load for: 'res://assets/acts/act1/lunar/environment/floor_silver_tile.png' remapped 'res://assets/acts/act1/lunar/environment/floor_silver_tile.png' at thread -1
Loading resource: res://assets/acts/act1/lunar/environment/capsule_landed_closed.png remapped: res://assets/acts/act1/lunar/environment/capsule_landed_closed.png
Loading resource: res://.godot/imported/capsule_landed_closed.png-953efe6810d9943a3b0081dfdb0e6e53.ctex remapped: res://.godot/imported/capsule_landed_closed.png-953efe6810d9943a3b0081dfdb0e6e53.ctex
Completed load for: 'res://assets/acts/act1/lunar/environment/capsule_landed_closed.png' remapped 'res://assets/acts/act1/lunar/environment/capsule_landed_closed.png' at thread -1
Loading resource: res://assets/acts/act1/lunar/environment/camp_sleeping_tableau.png remapped: res://assets/acts/act1/lunar/environment/camp_sleeping_tableau.png
Loading resource: res://.godot/imported/camp_sleeping_tableau.png-b89e226907631f7f93baa190bd8808d0.ctex remapped: res://.godot/imported/camp_sleeping_tableau.png-b89e226907631f7f93baa190bd8808d0.ctex
Completed load for: 'res://assets/acts/act1/lunar/environment/camp_sleeping_tableau.png' remapped 'res://assets/acts/act1/lunar/environment/camp_sleeping_tableau.png' at thread -1
Loading resource: res://assets/acts/act1/lunar/environment/crescent_performer.png remapped: res://assets/acts/act1/lunar/environment/crescent_performer.png
Loading resource: res://.godot/imported/crescent_performer.png-61d4371c498d7e3e3cab9d649768e6b6.ctex remapped: res://.godot/imported/crescent_performer.png-61d4371c498d7e3e3cab9d649768e6b6.ctex
Completed load for: 'res://assets/acts/act1/lunar/environment/crescent_performer.png' remapped 'res://assets/acts/act1/lunar/environment/crescent_performer.png' at thread -1
Loading resource: res://assets/acts/act1/lunar/environment/grotto_threshold_open.png remapped: res://assets/acts/act1/lunar/environment/grotto_threshold_open.png
Loading resource: res://.godot/imported/grotto_threshold_open.png-c3df15a1fc23d25b60fbfc8513941f9f.ctex remapped: res://.godot/imported/grotto_threshold_open.png-c3df15a1fc23d25b60fbfc8513941f9f.ctex
Completed load for: 'res://assets/acts/act1/lunar/environment/grotto_threshold_open.png' remapped 'res://assets/acts/act1/lunar/environment/grotto_threshold_open.png' at thread -1
Loading resource: res://assets/acts/act1/lunar/accents/earth_globe.png remapped: res://assets/acts/act1/lunar/accents/earth_globe.png
Loading resource: res://.godot/imported/earth_globe.png-05f3937774a9eb99e088ece7c7ad0a43.ctex remapped: res://.godot/imported/earth_globe.png-05f3937774a9eb99e088ece7c7ad0a43.ctex
Completed load for: 'res://assets/acts/act1/lunar/accents/earth_globe.png' remapped 'res://assets/acts/act1/lunar/accents/earth_globe.png' at thread -1
Loading resource: res://assets/acts/act1/lunar/accents/human_star_performer.png remapped: res://assets/acts/act1/lunar/accents/human_star_performer.png
Loading resource: res://.godot/imported/human_star_performer.png-b4ff4a7c871018f8c6875759028e9ef9.ctex remapped: res://.godot/imported/human_star_performer.png-b4ff4a7c871018f8c6875759028e9ef9.ctex
Completed load for: 'res://assets/acts/act1/lunar/accents/human_star_performer.png' remapped 'res://assets/acts/act1/lunar/accents/human_star_performer.png' at thread -1
Loading resource: res://assets/acts/act1/lunar/accents/saturn_performer.png remapped: res://assets/acts/act1/lunar/accents/saturn_performer.png
Loading resource: res://.godot/imported/saturn_performer.png-4d9517c85ecb869cac6d9310893dd98e.ctex remapped: res://.godot/imported/saturn_performer.png-4d9517c85ecb869cac6d9310893dd98e.ctex
Completed load for: 'res://assets/acts/act1/lunar/accents/saturn_performer.png' remapped 'res://assets/acts/act1/lunar/accents/saturn_performer.png' at thread -1
Completed load for: 'res://scripts/acts/act1/crater_gardens_layout.gd' remapped 'res://scripts/acts/act1/crater_gardens_layout.gd' at thread -1
Completed load for: 'res://scenes/acts/act1/a1_l2_layout_greybox.tscn' remapped 'res://scenes/acts/act1/a1_l2_layout_greybox.tscn' at thread -1
Loading resource: res://scripts/acts/act1/crater_gardens.gd remapped: res://scripts/acts/act1/crater_gardens.gd
Loading resource: res://assets/acts/act1/lunar/rusher_front_standing.png remapped: res://assets/acts/act1/lunar/rusher_front_standing.png
Loading resource: res://.godot/imported/rusher_front_standing.png-ab9f1aff77317981d7ff30a55a49b79c.ctex remapped: res://.godot/imported/rusher_front_standing.png-ab9f1aff77317981d7ff30a55a49b79c.ctex
Completed load for: 'res://assets/acts/act1/lunar/rusher_front_standing.png' remapped 'res://assets/acts/act1/lunar/rusher_front_standing.png' at thread -1
Loading resource: res://assets/acts/act1/lunar/rusher_front_crouch.png remapped: res://assets/acts/act1/lunar/rusher_front_crouch.png
Loading resource: res://.godot/imported/rusher_front_crouch.png-adece75d5e8a8c92a1bc2c6401f25304.ctex remapped: res://.godot/imported/rusher_front_crouch.png-adece75d5e8a8c92a1bc2c6401f25304.ctex
Completed load for: 'res://assets/acts/act1/lunar/rusher_front_crouch.png' remapped 'res://assets/acts/act1/lunar/rusher_front_crouch.png' at thread -1
Loading resource: res://assets/acts/act1/lunar/rusher_front_rush.png remapped: res://assets/acts/act1/lunar/rusher_front_rush.png
Loading resource: res://.godot/imported/rusher_front_rush.png-7c0bce496c4feda39447b8da7969c648.ctex remapped: res://.godot/imported/rusher_front_rush.png-7c0bce496c4feda39447b8da7969c648.ctex
Completed load for: 'res://assets/acts/act1/lunar/rusher_front_rush.png' remapped 'res://assets/acts/act1/lunar/rusher_front_rush.png' at thread -1
Loading resource: res://assets/acts/act1/lunar/rusher_front_recovery.png remapped: res://assets/acts/act1/lunar/rusher_front_recovery.png
Loading resource: res://.godot/imported/rusher_front_recovery.png-48b3b85e1dacdc5b1394b00410b87f4c.ctex remapped: res://.godot/imported/rusher_front_recovery.png-48b3b85e1dacdc5b1394b00410b87f4c.ctex
Completed load for: 'res://assets/acts/act1/lunar/rusher_front_recovery.png' remapped 'res://assets/acts/act1/lunar/rusher_front_recovery.png' at thread -1
Loading resource: res://assets/acts/act1/lunar/rusher_side_standing.png remapped: res://assets/acts/act1/lunar/rusher_side_standing.png
Loading resource: res://.godot/imported/rusher_side_standing.png-9ad01603ed27e8eb069b74168275c602.ctex remapped: res://.godot/imported/rusher_side_standing.png-9ad01603ed27e8eb069b74168275c602.ctex
Completed load for: 'res://assets/acts/act1/lunar/rusher_side_standing.png' remapped 'res://assets/acts/act1/lunar/rusher_side_standing.png' at thread -1
Loading resource: res://assets/acts/act1/lunar/rusher_side_crouch.png remapped: res://assets/acts/act1/lunar/rusher_side_crouch.png
Loading resource: res://.godot/imported/rusher_side_crouch.png-67e920f999b245f0d1caa883db0ade22.ctex remapped: res://.godot/imported/rusher_side_crouch.png-67e920f999b245f0d1caa883db0ade22.ctex
Completed load for: 'res://assets/acts/act1/lunar/rusher_side_crouch.png' remapped 'res://assets/acts/act1/lunar/rusher_side_crouch.png' at thread -1
Loading resource: res://assets/acts/act1/lunar/rusher_side_rush.png remapped: res://assets/acts/act1/lunar/rusher_side_rush.png
Loading resource: res://.godot/imported/rusher_side_rush.png-eaa732526853c79ed45ad1691a56d336.ctex remapped: res://.godot/imported/rusher_side_rush.png-eaa732526853c79ed45ad1691a56d336.ctex
Completed load for: 'res://assets/acts/act1/lunar/rusher_side_rush.png' remapped 'res://assets/acts/act1/lunar/rusher_side_rush.png' at thread -1
Loading resource: res://assets/acts/act1/lunar/rusher_side_recovery.png remapped: res://assets/acts/act1/lunar/rusher_side_recovery.png
Loading resource: res://.godot/imported/rusher_side_recovery.png-2900ecc65811de91bb751955e1291f20.ctex remapped: res://.godot/imported/rusher_side_recovery.png-2900ecc65811de91bb751955e1291f20.ctex
Completed load for: 'res://assets/acts/act1/lunar/rusher_side_recovery.png' remapped 'res://assets/acts/act1/lunar/rusher_side_recovery.png' at thread -1
Loading resource: res://assets/acts/act1/lunar/rusher_back_standing.png remapped: res://assets/acts/act1/lunar/rusher_back_standing.png
Loading resource: res://.godot/imported/rusher_back_standing.png-13bf513cc23a916b43ada2bf8d4c7ce8.ctex remapped: res://.godot/imported/rusher_back_standing.png-13bf513cc23a916b43ada2bf8d4c7ce8.ctex
Completed load for: 'res://assets/acts/act1/lunar/rusher_back_standing.png' remapped 'res://assets/acts/act1/lunar/rusher_back_standing.png' at thread -1
Loading resource: res://assets/acts/act1/lunar/rusher_back_crouch.png remapped: res://assets/acts/act1/lunar/rusher_back_crouch.png
Loading resource: res://.godot/imported/rusher_back_crouch.png-9b8951aa30c78f920e2414e46e7dbe93.ctex remapped: res://.godot/imported/rusher_back_crouch.png-9b8951aa30c78f920e2414e46e7dbe93.ctex
Completed load for: 'res://assets/acts/act1/lunar/rusher_back_crouch.png' remapped 'res://assets/acts/act1/lunar/rusher_back_crouch.png' at thread -1
Loading resource: res://assets/acts/act1/lunar/rusher_back_rush.png remapped: res://assets/acts/act1/lunar/rusher_back_rush.png
Loading resource: res://.godot/imported/rusher_back_rush.png-e7871cb7823753886b50061b1fd4b220.ctex remapped: res://.godot/imported/rusher_back_rush.png-e7871cb7823753886b50061b1fd4b220.ctex
Completed load for: 'res://assets/acts/act1/lunar/rusher_back_rush.png' remapped 'res://assets/acts/act1/lunar/rusher_back_rush.png' at thread -1
Loading resource: res://assets/acts/act1/lunar/rusher_back_recovery.png remapped: res://assets/acts/act1/lunar/rusher_back_recovery.png
Loading resource: res://.godot/imported/rusher_back_recovery.png-83ff3a84c4dbad1e4d1df1010baa7b84.ctex remapped: res://.godot/imported/rusher_back_recovery.png-83ff3a84c4dbad1e4d1df1010baa7b84.ctex
Completed load for: 'res://assets/acts/act1/lunar/rusher_back_recovery.png' remapped 'res://assets/acts/act1/lunar/rusher_back_recovery.png' at thread -1
Completed load for: 'res://scripts/acts/act1/crater_gardens.gd' remapped 'res://scripts/acts/act1/crater_gardens.gd' at thread -1
Completed load for: 'res://scenes/acts/act1/a1_l2.tscn' remapped 'res://scenes/acts/act1/a1_l2.tscn' at thread -1
Loading resource: res://scenes/acts/act2/a2_l1.tscn remapped: res://scenes/acts/act2/a2_l1.tscn
Completed load for: 'res://scenes/acts/act2/a2_l1.tscn' remapped 'res://scenes/acts/act2/a2_l1.tscn' at thread -1
Loading resource: res://scenes/acts/act2/a2_l2.tscn remapped: res://scenes/acts/act2/a2_l2.tscn
Completed load for: 'res://scenes/acts/act2/a2_l2.tscn' remapped 'res://scenes/acts/act2/a2_l2.tscn' at thread -1
Loading resource: res://scenes/acts/act2/a2_l3.tscn remapped: res://scenes/acts/act2/a2_l3.tscn
Completed load for: 'res://scenes/acts/act2/a2_l3.tscn' remapped 'res://scenes/acts/act2/a2_l3.tscn' at thread -1
Loading resource: res://scenes/acts/act2/a2_l3.tscn remapped: res://scenes/acts/act2/a2_l3.tscn
Completed load for: 'res://scenes/acts/act2/a2_l3.tscn' remapped 'res://scenes/acts/act2/a2_l3.tscn' at thread -1
Loading resource: res://scenes/acts/act1/a1_l1.tscn remapped: res://scenes/acts/act1/a1_l1.tscn
Loading resource: res://assets/acts/act1/launch/quiet_floor.png remapped: res://assets/acts/act1/launch/quiet_floor.png
Loading resource: res://.godot/imported/quiet_floor.png-0d5ba5ae403bf427577865af7ea91238.ctex remapped: res://.godot/imported/quiet_floor.png-0d5ba5ae403bf427577865af7ea91238.ctex
Completed load for: 'res://assets/acts/act1/launch/quiet_floor.png' remapped 'res://assets/acts/act1/launch/quiet_floor.png' at thread -1
Completed load for: 'res://scenes/acts/act1/a1_l1.tscn' remapped 'res://scenes/acts/act1/a1_l1.tscn' at thread -1
Loading resource: res://scenes/acts/act1/a1_l2.tscn remapped: res://scenes/acts/act1/a1_l2.tscn
Loading resource: res://scenes/acts/act1/a1_l2_layout_greybox.tscn remapped: res://scenes/acts/act1/a1_l2_layout_greybox.tscn
Completed load for: 'res://scenes/acts/act1/a1_l2_layout_greybox.tscn' remapped 'res://scenes/acts/act1/a1_l2_layout_greybox.tscn' at thread -1
Completed load for: 'res://scenes/acts/act1/a1_l2.tscn' remapped 'res://scenes/acts/act1/a1_l2.tscn' at thread -1
Loading resource: res://scenes/acts/act2/a2_l1.tscn remapped: res://scenes/acts/act2/a2_l1.tscn
Completed load for: 'res://scenes/acts/act2/a2_l1.tscn' remapped 'res://scenes/acts/act2/a2_l1.tscn' at thread -1
Loading resource: res://scenes/acts/act2/a2_l2.tscn remapped: res://scenes/acts/act2/a2_l2.tscn
Completed load for: 'res://scenes/acts/act2/a2_l2.tscn' remapped 'res://scenes/acts/act2/a2_l2.tscn' at thread -1
Loading resource: res://scenes/acts/act2/a2_l3.tscn remapped: res://scenes/acts/act2/a2_l3.tscn
Completed load for: 'res://scenes/acts/act2/a2_l3.tscn' remapped 'res://scenes/acts/act2/a2_l3.tscn' at thread -1
Loading resource: res://scenes/acts/act2/a2_l3.tscn remapped: res://scenes/acts/act2/a2_l3.tscn
Completed load for: 'res://scenes/acts/act2/a2_l3.tscn' remapped 'res://scenes/acts/act2/a2_l3.tscn' at thread -1
Loading resource: res://scenes/acts/act1/a1_l1.tscn remapped: res://scenes/acts/act1/a1_l1.tscn
Loading resource: res://assets/acts/act1/launch/quiet_floor.png remapped: res://assets/acts/act1/launch/quiet_floor.png
Loading resource: res://.godot/imported/quiet_floor.png-0d5ba5ae403bf427577865af7ea91238.ctex remapped: res://.godot/imported/quiet_floor.png-0d5ba5ae403bf427577865af7ea91238.ctex
Completed load for: 'res://assets/acts/act1/launch/quiet_floor.png' remapped 'res://assets/acts/act1/launch/quiet_floor.png' at thread -1
Completed load for: 'res://scenes/acts/act1/a1_l1.tscn' remapped 'res://scenes/acts/act1/a1_l1.tscn' at thread -1
Loading resource: res://scenes/acts/act1/a1_l2.tscn remapped: res://scenes/acts/act1/a1_l2.tscn
Loading resource: res://scenes/acts/act1/a1_l2_layout_greybox.tscn remapped: res://scenes/acts/act1/a1_l2_layout_greybox.tscn
Completed load for: 'res://scenes/acts/act1/a1_l2_layout_greybox.tscn' remapped 'res://scenes/acts/act1/a1_l2_layout_greybox.tscn' at thread -1
Completed load for: 'res://scenes/acts/act1/a1_l2.tscn' remapped 'res://scenes/acts/act1/a1_l2.tscn' at thread -1
Loading resource: res://scenes/acts/act2/a2_l1.tscn remapped: res://scenes/acts/act2/a2_l1.tscn
Completed load for: 'res://scenes/acts/act2/a2_l1.tscn' remapped 'res://scenes/acts/act2/a2_l1.tscn' at thread -1
Loading resource: res://scenes/acts/act2/a2_l2.tscn remapped: res://scenes/acts/act2/a2_l2.tscn
Completed load for: 'res://scenes/acts/act2/a2_l2.tscn' remapped 'res://scenes/acts/act2/a2_l2.tscn' at thread -1
Loading resource: res://scenes/acts/act2/a2_l3.tscn remapped: res://scenes/acts/act2/a2_l3.tscn
Completed load for: 'res://scenes/acts/act2/a2_l3.tscn' remapped 'res://scenes/acts/act2/a2_l3.tscn' at thread -1
Loading resource: res://scenes/acts/act2/a2_l3.tscn remapped: res://scenes/acts/act2/a2_l3.tscn
Completed load for: 'res://scenes/acts/act2/a2_l3.tscn' remapped 'res://scenes/acts/act2/a2_l3.tscn' at thread -1
PASS: real seeded Journey offers current A2-L3 Continue while A2-L4 stays locked
PASS: optional portrait capture uses actual graphical renderer
JOURNEY NATIVE RECT: { "marker": [P: (302.0, 799.0), S: (132.0, 22.0)], "marker_local": (282.0, 1653.0), "marker_min": (89.0, 22.0), "node": [P: (302.0, 710.0), S: (132.0, 85.0)], "node_local": (282.0, 1564.0), "text": "STORY HERE", "vertical": 0 }
PASS: actual540x1170 production portrait captured: /Users/howardchen/Library/Application Support/Godot/app_userdata/Cinder/test-act2-l3-registration-captures-38413-1048248/journey-seeded.png
Loading resource: res://scenes/acts/act2/a2_l3.tscn remapped: res://scenes/acts/act2/a2_l3.tscn
Completed load for: 'res://scenes/acts/act2/a2_l3.tscn' remapped 'res://scenes/acts/act2/a2_l3.tscn' at thread -1
Loading resource: res://scenes/acts/act2/a2_l3.tscn remapped: res://scenes/acts/act2/a2_l3.tscn
Completed load for: 'res://scenes/acts/act2/a2_l3.tscn' remapped 'res://scenes/acts/act2/a2_l3.tscn' at thread -1
Loading resource: res://scenes/acts/act2/a2_l3.tscn remapped: res://scenes/acts/act2/a2_l3.tscn
Completed load for: 'res://scenes/acts/act2/a2_l3.tscn' remapped 'res://scenes/acts/act2/a2_l3.tscn' at thread -1
PASS: actual production A2-L3 installation waits paused at Resume: 
PASS: exact production RuinedHouse scene owns the shared actor/effects, seven real targets, three banks and four HP-free tools
PASS: actual retained target has canonical actor binding: road_tender
PASS: actual retained target has canonical actor binding: house_tender
PASS: actual retained target has canonical actor binding: house_handler
PASS: actual retained target has canonical actor binding: apron_scout
PASS: actual retained target has canonical actor binding: apron_handler
PASS: actual retained target has canonical actor binding: handling_machine
PASS: actual retained target has canonical actor binding: side_tender
PASS: actual authored spawn and shared Scheduler/Ray driver remain intact
PASS: actual accepted full localversion1 entry is a coherent actual Player/seven targets/three banks/four tools/oneRay/Scheduler/Shell unit
PASS: fresh TEST ONLY initial resources retain no executed action/input/tick
Loading resource: res://scenes/acts/act2/a2_l3.tscn remapped: res://scenes/acts/act2/a2_l3.tscn
Completed load for: 'res://scenes/acts/act2/a2_l3.tscn' remapped 'res://scenes/acts/act2/a2_l3.tscn' at thread -1
Loading resource: res://scenes/acts/act2/a2_l3.tscn remapped: res://scenes/acts/act2/a2_l3.tscn
Completed load for: 'res://scenes/acts/act2/a2_l3.tscn' remapped 'res://scenes/acts/act2/a2_l3.tscn' at thread -1
PASS: entry reopens actual checked format2 SaveStore data
PASS: initial living entry exposes actual paused GUI Resume
PASS: initial living entry GUI press/release is consumed before input/action/resource/pose/clock/anchor changes
PASS: optional portrait capture uses actual graphical renderer
PASS: actual540x1170 production portrait captured: /Users/howardchen/Library/Application Support/Godot/app_userdata/Cinder/test-act2-l3-registration-captures-38413-1048248/arrival.png
PASS: actual viewport touch/drag/release starts one public physical dash and records exact release anchor
Loading resource: res://scenes/acts/act2/a2_l3.tscn remapped: res://scenes/acts/act2/a2_l3.tscn
Completed load for: 'res://scenes/acts/act2/a2_l3.tscn' remapped 'res://scenes/acts/act2/a2_l3.tscn' at thread -1
Loading resource: res://scenes/acts/act2/a2_l3.tscn remapped: res://scenes/acts/act2/a2_l3.tscn
Completed load for: 'res://scenes/acts/act2/a2_l3.tscn' remapped 'res://scenes/acts/act2/a2_l3.tscn' at thread -1
Loading resource: res://scenes/acts/act2/a2_l3.tscn remapped: res://scenes/acts/act2/a2_l3.tscn
Completed load for: 'res://scenes/acts/act2/a2_l3.tscn' remapped 'res://scenes/acts/act2/a2_l3.tscn' at thread -1
Loading resource: res://scenes/acts/act2/a2_l3.tscn remapped: res://scenes/acts/act2/a2_l3.tscn
Completed load for: 'res://scenes/acts/act2/a2_l3.tscn' remapped 'res://scenes/acts/act2/a2_l3.tscn' at thread -1
Loading resource: res://scenes/acts/act2/a2_l3.tscn remapped: res://scenes/acts/act2/a2_l3.tscn
Completed load for: 'res://scenes/acts/act2/a2_l3.tscn' remapped 'res://scenes/acts/act2/a2_l3.tscn' at thread -1
Loading resource: res://scenes/acts/act2/a2_l3.tscn remapped: res://scenes/acts/act2/a2_l3.tscn
Completed load for: 'res://scenes/acts/act2/a2_l3.tscn' remapped 'res://scenes/acts/act2/a2_l3.tscn' at thread -1
Loading resource: res://scenes/acts/act2/a2_l3.tscn remapped: res://scenes/acts/act2/a2_l3.tscn
Completed load for: 'res://scenes/acts/act2/a2_l3.tscn' remapped 'res://scenes/acts/act2/a2_l3.tscn' at thread -1
Loading resource: res://scenes/acts/act2/a2_l3.tscn remapped: res://scenes/acts/act2/a2_l3.tscn
Completed load for: 'res://scenes/acts/act2/a2_l3.tscn' remapped 'res://scenes/acts/act2/a2_l3.tscn' at thread -1
Loading resource: res://scenes/acts/act2/a2_l3.tscn remapped: res://scenes/acts/act2/a2_l3.tscn
Completed load for: 'res://scenes/acts/act2/a2_l3.tscn' remapped 'res://scenes/acts/act2/a2_l3.tscn' at thread -1
PASS: public deferred pause captures the actual routed movement and complete authored world: 
PASS: real routed release retains physical dash path and separate exact screen release anchor
PASS: live dash changes actual path/clocks/camera before the save
PASS: short actual movement preserves low HP/empty ammo/gear and one routed input
PASS: coherent movement save protects its initial checkpoint and awards no A2-L3 completion/reward
Loading resource: res://scenes/acts/act2/a2_l3.tscn remapped: res://scenes/acts/act2/a2_l3.tscn
Completed load for: 'res://scenes/acts/act2/a2_l3.tscn' remapped 'res://scenes/acts/act2/a2_l3.tscn' at thread -1
Loading resource: res://scenes/acts/act2/a2_l3.tscn remapped: res://scenes/acts/act2/a2_l3.tscn
Completed load for: 'res://scenes/acts/act2/a2_l3.tscn' remapped 'res://scenes/acts/act2/a2_l3.tscn' at thread -1
PASS: actual pause publishes an exact checked format2 generation
PASS: paused frames freeze complete actor/local/input/camera state exactly
ERROR: Condition "!is_inside_tree()" is true. Returning: Transform3D()
   at: get_global_transform (scene/3d/node_3d.cpp:649)
   GDScript backtrace (most recent call first):
       [0] _indicator_owned_pose (res://scripts/combat/smoke_bank.gd:503)
       [1] _set_phase (res://scripts/combat/smoke_bank.gd:377)
       [2] cancel (res://scripts/combat/smoke_bank.gd:340)
       [3] _on_exit_level (res://scripts/acts/act2/ruined_house.gd:1003)
       [4] exit_level (res://scripts/campaign/level.gd:161)
       [5] _exit_tree (res://scripts/campaign/level.gd:448)
       [6] _close_shell (res://tests/act2_l3_registration_smoke.gd:433)
       [7] _run (res://tests/act2_l3_registration_smoke.gd:154)
       [8] _settle (res://tests/act2_l3_registration_smoke.gd:455)
ERROR: Condition "!is_inside_tree()" is true. Returning: Transform3D()
   at: get_global_transform (scene/3d/node_3d.cpp:649)
   GDScript backtrace (most recent call first):
       [0] _update_indicator (res://scripts/combat/smoke_bank.gd:477)
       [1] _set_phase (res://scripts/combat/smoke_bank.gd:398)
       [2] cancel (res://scripts/combat/smoke_bank.gd:340)
       [3] _on_exit_level (res://scripts/acts/act2/ruined_house.gd:1003)
       [4] exit_level (res://scripts/campaign/level.gd:161)
       [5] _exit_tree (res://scripts/campaign/level.gd:448)
       [6] _close_shell (res://tests/act2_l3_registration_smoke.gd:433)
       [7] _run (res://tests/act2_l3_registration_smoke.gd:154)
       [8] _settle (res://tests/act2_l3_registration_smoke.gd:455)
ERROR: Condition "!is_inside_tree()" is true. Returning: Transform3D()
   at: get_global_transform (scene/3d/node_3d.cpp:649)
   GDScript backtrace (most recent call first):
       [0] _update_indicator (res://scripts/combat/smoke_bank.gd:477)
       [1] cancel (res://scripts/combat/smoke_bank.gd:341)
       [2] _on_exit_level (res://scripts/acts/act2/ruined_house.gd:1003)
       [3] exit_level (res://scripts/campaign/level.gd:161)
       [4] _exit_tree (res://scripts/campaign/level.gd:448)
       [5] _close_shell (res://tests/act2_l3_registration_smoke.gd:433)
       [6] _run (res://tests/act2_l3_registration_smoke.gd:154)
       [7] _settle (res://tests/act2_l3_registration_smoke.gd:455)
ERROR: Condition "!is_inside_tree()" is true. Returning: Transform3D()
   at: get_global_transform (scene/3d/node_3d.cpp:649)
   GDScript backtrace (most recent call first):
       [0] _indicator_owned_pose (res://scripts/combat/smoke_bank.gd:503)
       [1] _set_phase (res://scripts/combat/smoke_bank.gd:377)
       [2] cancel (res://scripts/combat/smoke_bank.gd:340)
       [3] _on_exit_level (res://scripts/acts/act2/ruined_house.gd:1003)
       [4] exit_level (res://scripts/campaign/level.gd:161)
       [5] _exit_tree (res://scripts/campaign/level.gd:448)
       [6] _close_shell (res://tests/act2_l3_registration_smoke.gd:433)
       [7] _run (res://tests/act2_l3_registration_smoke.gd:154)
       [8] _settle (res://tests/act2_l3_registration_smoke.gd:455)
ERROR: Condition "!is_inside_tree()" is true. Returning: Transform3D()
   at: get_global_transform (scene/3d/node_3d.cpp:649)
   GDScript backtrace (most recent call first):
       [0] _update_indicator (res://scripts/combat/smoke_bank.gd:477)
       [1] _set_phase (res://scripts/combat/smoke_bank.gd:398)
       [2] cancel (res://scripts/combat/smoke_bank.gd:340)
       [3] _on_exit_level (res://scripts/acts/act2/ruined_house.gd:1003)
       [4] exit_level (res://scripts/campaign/level.gd:161)
       [5] _exit_tree (res://scripts/campaign/level.gd:448)
       [6] _close_shell (res://tests/act2_l3_registration_smoke.gd:433)
       [7] _run (res://tests/act2_l3_registration_smoke.gd:154)
       [8] _settle (res://tests/act2_l3_registration_smoke.gd:455)
ERROR: Condition "!is_inside_tree()" is true. Returning: Transform3D()
   at: get_global_transform (scene/3d/node_3d.cpp:649)
   GDScript backtrace (most recent call first):
       [0] _update_indicator (res://scripts/combat/smoke_bank.gd:477)
       [1] cancel (res://scripts/combat/smoke_bank.gd:341)
       [2] _on_exit_level (res://scripts/acts/act2/ruined_house.gd:1003)
       [3] exit_level (res://scripts/campaign/level.gd:161)
       [4] _exit_tree (res://scripts/campaign/level.gd:448)
       [5] _close_shell (res://tests/act2_l3_registration_smoke.gd:433)
       [6] _run (res://tests/act2_l3_registration_smoke.gd:154)
       [7] _settle (res://tests/act2_l3_registration_smoke.gd:455)
ERROR: Condition "!is_inside_tree()" is true. Returning: Transform3D()
   at: get_global_transform (scene/3d/node_3d.cpp:649)
   GDScript backtrace (most recent call first):
       [0] _indicator_owned_pose (res://scripts/combat/smoke_bank.gd:503)
       [1] _set_phase (res://scripts/combat/smoke_bank.gd:377)
       [2] cancel (res://scripts/combat/smoke_bank.gd:340)
       [3] _on_exit_level (res://scripts/acts/act2/ruined_house.gd:1003)
       [4] exit_level (res://scripts/campaign/level.gd:161)
       [5] _exit_tree (res://scripts/campaign/level.gd:448)
       [6] _close_shell (res://tests/act2_l3_registration_smoke.gd:433)
       [7] _run (res://tests/act2_l3_registration_smoke.gd:154)
       [8] _settle (res://tests/act2_l3_registration_smoke.gd:455)
ERROR: Condition "!is_inside_tree()" is true. Returning: Transform3D()
   at: get_global_transform (scene/3d/node_3d.cpp:649)
   GDScript backtrace (most recent call first):
       [0] _update_indicator (res://scripts/combat/smoke_bank.gd:477)
       [1] _set_phase (res://scripts/combat/smoke_bank.gd:398)
       [2] cancel (res://scripts/combat/smoke_bank.gd:340)
       [3] _on_exit_level (res://scripts/acts/act2/ruined_house.gd:1003)
       [4] exit_level (res://scripts/campaign/level.gd:161)
       [5] _exit_tree (res://scripts/campaign/level.gd:448)
       [6] _close_shell (res://tests/act2_l3_registration_smoke.gd:433)
       [7] _run (res://tests/act2_l3_registration_smoke.gd:154)
       [8] _settle (res://tests/act2_l3_registration_smoke.gd:455)
ERROR: Condition "!is_inside_tree()" is true. Returning: Transform3D()
   at: get_global_transform (scene/3d/node_3d.cpp:649)
   GDScript backtrace (most recent call first):
       [0] _update_indicator (res://scripts/combat/smoke_bank.gd:477)
       [1] cancel (res://scripts/combat/smoke_bank.gd:341)
       [2] _on_exit_level (res://scripts/acts/act2/ruined_house.gd:1003)
       [3] exit_level (res://scripts/campaign/level.gd:161)
       [4] _exit_tree (res://scripts/campaign/level.gd:448)
       [5] _close_shell (res://tests/act2_l3_registration_smoke.gd:433)
       [6] _run (res://tests/act2_l3_registration_smoke.gd:154)
       [7] _settle (res://tests/act2_l3_registration_smoke.gd:455)
PASS: first shell closure frees actual @Node3D@481
PASS: first shell closure frees actual BlackSmokeAndTheRuinedHouse
PASS: first shell closure frees actual CinderPlayer
PASS: first shell closure frees actual @Node3D@483
PASS: first shell closure frees actual smoke_edge_road
PASS: first shell closure frees actual exposed_house
PASS: first shell closure frees actual work_apron
PASS: first shell closure frees actual boss_opening
PASS: first shell closure frees actual RuinedHouseLowWall
PASS: first shell closure frees actual RoadArrivalEnd
PASS: first shell closure frees actual ExcavationEscapeEnd
PASS: first shell closure frees actual WestDryBoundary
PASS: first shell closure frees actual EastDryBoundary
PASS: first shell closure frees actual RuinedHouseThreatScheduler
PASS: first shell closure frees actual RuinedHouse_road_tender
PASS: first shell closure frees actual LowMountOpening_road_tender
PASS: first shell closure frees actual RuinedHouse_house_tender
PASS: first shell closure frees actual LowMountOpening_house_tender
PASS: first shell closure frees actual RuinedHouse_house_handler
PASS: first shell closure frees actual ThreatCue
PASS: first shell closure frees actual LowMountOpening_house_handler
PASS: first shell closure frees actual RuinedHouse_apron_scout
PASS: first shell closure frees actual RuinedHouse_apron_handler
PASS: first shell closure frees actual ThreatCue
PASS: first shell closure frees actual LowMountOpening_apron_handler
PASS: first shell closure frees actual RuinedHouse_handling_machine
PASS: first shell closure frees actual ThreatCue
PASS: first shell closure frees actual ThreatCue
PASS: first shell closure frees actual LowMountOpening_handling_machine
PASS: first shell closure frees actual RuinedHouse_side_tender
PASS: first shell closure frees actual LowMountOpening_side_tender
PASS: first shell closure frees actual RayCue_0
PASS: first shell closure frees actual HousingCue_0
PASS: first shell closure frees actual ExcavationBreakoutContact
PASS: first shell closure frees actual ThreatCue
PASS: first shell closure frees actual RequiredContactGrace
PASS: first shell closure frees actual ThreatCue
PASS: first shell closure frees actual RequiredContactGrace
PASS: first shell closure frees actual ThreatCue
PASS: first shell closure frees actual RequiredContactGrace
PASS: production registry configures only isolated PID user paths
Loading resource: res://scenes/acts/act1/a1_l1.tscn remapped: res://scenes/acts/act1/a1_l1.tscn
Loading resource: res://assets/acts/act1/launch/quiet_floor.png remapped: res://assets/acts/act1/launch/quiet_floor.png
Loading resource: res://.godot/imported/quiet_floor.png-0d5ba5ae403bf427577865af7ea91238.ctex remapped: res://.godot/imported/quiet_floor.png-0d5ba5ae403bf427577865af7ea91238.ctex
Completed load for: 'res://assets/acts/act1/launch/quiet_floor.png' remapped 'res://assets/acts/act1/launch/quiet_floor.png' at thread -1
Completed load for: 'res://scenes/acts/act1/a1_l1.tscn' remapped 'res://scenes/acts/act1/a1_l1.tscn' at thread -1
Loading resource: res://scenes/acts/act2/a2_l3.tscn remapped: res://scenes/acts/act2/a2_l3.tscn
Completed load for: 'res://scenes/acts/act2/a2_l3.tscn' remapped 'res://scenes/acts/act2/a2_l3.tscn' at thread -1
Loading resource: res://scenes/acts/act2/a2_l3.tscn remapped: res://scenes/acts/act2/a2_l3.tscn
Completed load for: 'res://scenes/acts/act2/a2_l3.tscn' remapped 'res://scenes/acts/act2/a2_l3.tscn' at thread -1
Loading resource: res://scenes/acts/act2/a2_l3.tscn remapped: res://scenes/acts/act2/a2_l3.tscn
Completed load for: 'res://scenes/acts/act2/a2_l3.tscn' remapped 'res://scenes/acts/act2/a2_l3.tscn' at thread -1
Loading resource: res://scenes/acts/act2/a2_l3.tscn remapped: res://scenes/acts/act2/a2_l3.tscn
Completed load for: 'res://scenes/acts/act2/a2_l3.tscn' remapped 'res://scenes/acts/act2/a2_l3.tscn' at thread -1
Loading resource: res://scenes/acts/act2/a2_l3.tscn remapped: res://scenes/acts/act2/a2_l3.tscn
Completed load for: 'res://scenes/acts/act2/a2_l3.tscn' remapped 'res://scenes/acts/act2/a2_l3.tscn' at thread -1
Loading resource: res://scenes/acts/act2/a2_l3.tscn remapped: res://scenes/acts/act2/a2_l3.tscn
Completed load for: 'res://scenes/acts/act2/a2_l3.tscn' remapped 'res://scenes/acts/act2/a2_l3.tscn' at thread -1
Loading resource: res://scenes/acts/act2/a2_l3.tscn remapped: res://scenes/acts/act2/a2_l3.tscn
Completed load for: 'res://scenes/acts/act2/a2_l3.tscn' remapped 'res://scenes/acts/act2/a2_l3.tscn' at thread -1
Loading resource: res://scenes/acts/act2/a2_l3.tscn remapped: res://scenes/acts/act2/a2_l3.tscn
Completed load for: 'res://scenes/acts/act2/a2_l3.tscn' remapped 'res://scenes/acts/act2/a2_l3.tscn' at thread -1
Loading resource: res://scenes/acts/act2/a2_l3.tscn remapped: res://scenes/acts/act2/a2_l3.tscn
Completed load for: 'res://scenes/acts/act2/a2_l3.tscn' remapped 'res://scenes/acts/act2/a2_l3.tscn' at thread -1
Loading resource: res://scenes/acts/act2/a2_l3.tscn remapped: res://scenes/acts/act2/a2_l3.tscn
Completed load for: 'res://scenes/acts/act2/a2_l3.tscn' remapped 'res://scenes/acts/act2/a2_l3.tscn' at thread -1
Loading resource: res://scenes/acts/act2/a2_l3.tscn remapped: res://scenes/acts/act2/a2_l3.tscn
Completed load for: 'res://scenes/acts/act2/a2_l3.tscn' remapped 'res://scenes/acts/act2/a2_l3.tscn' at thread -1
Loading resource: res://scenes/acts/act2/a2_l3.tscn remapped: res://scenes/acts/act2/a2_l3.tscn
Completed load for: 'res://scenes/acts/act2/a2_l3.tscn' remapped 'res://scenes/acts/act2/a2_l3.tscn' at thread -1
Loading resource: res://scenes/acts/act2/a2_l3.tscn remapped: res://scenes/acts/act2/a2_l3.tscn
Completed load for: 'res://scenes/acts/act2/a2_l3.tscn' remapped 'res://scenes/acts/act2/a2_l3.tscn' at thread -1
PASS: real production Title has no duplicate live world for living saved movement: 
Loading resource: res://scenes/acts/act2/a2_l3.tscn remapped: res://scenes/acts/act2/a2_l3.tscn
Completed load for: 'res://scenes/acts/act2/a2_l3.tscn' remapped 'res://scenes/acts/act2/a2_l3.tscn' at thread -1
Loading resource: res://scenes/acts/act2/a2_l3.tscn remapped: res://scenes/acts/act2/a2_l3.tscn
Completed load for: 'res://scenes/acts/act2/a2_l3.tscn' remapped 'res://scenes/acts/act2/a2_l3.tscn' at thread -1
PASS: actual production A2-L3 installation waits paused at Resume: 
PASS: exact production RuinedHouse scene owns the shared actor/effects, seven real targets, three banks and four HP-free tools
PASS: actual retained target has canonical actor binding: road_tender
PASS: actual retained target has canonical actor binding: house_tender
PASS: actual retained target has canonical actor binding: house_handler
PASS: actual retained target has canonical actor binding: apron_scout
PASS: actual retained target has canonical actor binding: apron_handler
PASS: actual retained target has canonical actor binding: handling_machine
PASS: actual retained target has canonical actor binding: side_tender
PASS: actual authored spawn and shared Scheduler/Ray driver remain intact
PASS: fresh actual GUI Continue restores exact living saved movement without gameplay callbacks: []
PASS: fresh Continue preserves actual resources and does not republish the past dash
Loading resource: res://scenes/acts/act2/a2_l3.tscn remapped: res://scenes/acts/act2/a2_l3.tscn
Completed load for: 'res://scenes/acts/act2/a2_l3.tscn' remapped 'res://scenes/acts/act2/a2_l3.tscn' at thread -1
Loading resource: res://scenes/acts/act2/a2_l3.tscn remapped: res://scenes/acts/act2/a2_l3.tscn
Completed load for: 'res://scenes/acts/act2/a2_l3.tscn' remapped 'res://scenes/acts/act2/a2_l3.tscn' at thread -1
Loading resource: res://scenes/acts/act2/a2_l3.tscn remapped: res://scenes/acts/act2/a2_l3.tscn
Completed load for: 'res://scenes/acts/act2/a2_l3.tscn' remapped 'res://scenes/acts/act2/a2_l3.tscn' at thread -1
Loading resource: res://scenes/acts/act2/a2_l3.tscn remapped: res://scenes/acts/act2/a2_l3.tscn
Completed load for: 'res://scenes/acts/act2/a2_l3.tscn' remapped 'res://scenes/acts/act2/a2_l3.tscn' at thread -1
Loading resource: res://scenes/acts/act2/a2_l3.tscn remapped: res://scenes/acts/act2/a2_l3.tscn
Completed load for: 'res://scenes/acts/act2/a2_l3.tscn' remapped 'res://scenes/acts/act2/a2_l3.tscn' at thread -1
Loading resource: res://scenes/acts/act2/a2_l3.tscn remapped: res://scenes/acts/act2/a2_l3.tscn
Completed load for: 'res://scenes/acts/act2/a2_l3.tscn' remapped 'res://scenes/acts/act2/a2_l3.tscn' at thread -1
Loading resource: res://scenes/acts/act2/a2_l3.tscn remapped: res://scenes/acts/act2/a2_l3.tscn
Completed load for: 'res://scenes/acts/act2/a2_l3.tscn' remapped 'res://scenes/acts/act2/a2_l3.tscn' at thread -1
Loading resource: res://scenes/acts/act2/a2_l3.tscn remapped: res://scenes/acts/act2/a2_l3.tscn
Completed load for: 'res://scenes/acts/act2/a2_l3.tscn' remapped 'res://scenes/acts/act2/a2_l3.tscn' at thread -1
Loading resource: res://scenes/acts/act2/a2_l3.tscn remapped: res://scenes/acts/act2/a2_l3.tscn
Completed load for: 'res://scenes/acts/act2/a2_l3.tscn' remapped 'res://scenes/acts/act2/a2_l3.tscn' at thread -1
Loading resource: res://scenes/acts/act2/a2_l3.tscn remapped: res://scenes/acts/act2/a2_l3.tscn
Completed load for: 'res://scenes/acts/act2/a2_l3.tscn' remapped 'res://scenes/acts/act2/a2_l3.tscn' at thread -1
Loading resource: res://scenes/acts/act2/a2_l3.tscn remapped: res://scenes/acts/act2/a2_l3.tscn
Completed load for: 'res://scenes/acts/act2/a2_l3.tscn' remapped 'res://scenes/acts/act2/a2_l3.tscn' at thread -1
Loading resource: res://scenes/acts/act2/a2_l3.tscn remapped: res://scenes/acts/act2/a2_l3.tscn
Completed load for: 'res://scenes/acts/act2/a2_l3.tscn' remapped 'res://scenes/acts/act2/a2_l3.tscn' at thread -1
Loading resource: res://scenes/acts/act2/a2_l3.tscn remapped: res://scenes/acts/act2/a2_l3.tscn
Completed load for: 'res://scenes/acts/act2/a2_l3.tscn' remapped 'res://scenes/acts/act2/a2_l3.tscn' at thread -1
Loading resource: res://scenes/acts/act2/a2_l3.tscn remapped: res://scenes/acts/act2/a2_l3.tscn
Completed load for: 'res://scenes/acts/act2/a2_l3.tscn' remapped 'res://scenes/acts/act2/a2_l3.tscn' at thread -1
Loading resource: res://scenes/acts/act2/a2_l3.tscn remapped: res://scenes/acts/act2/a2_l3.tscn
Completed load for: 'res://scenes/acts/act2/a2_l3.tscn' remapped 'res://scenes/acts/act2/a2_l3.tscn' at thread -1
Loading resource: res://scenes/acts/act2/a2_l3.tscn remapped: res://scenes/acts/act2/a2_l3.tscn
Completed load for: 'res://scenes/acts/act2/a2_l3.tscn' remapped 'res://scenes/acts/act2/a2_l3.tscn' at thread -1
Loading resource: res://scenes/acts/act2/a2_l3.tscn remapped: res://scenes/acts/act2/a2_l3.tscn
Completed load for: 'res://scenes/acts/act2/a2_l3.tscn' remapped 'res://scenes/acts/act2/a2_l3.tscn' at thread -1
Loading resource: res://scenes/acts/act2/a2_l3.tscn remapped: res://scenes/acts/act2/a2_l3.tscn
Completed load for: 'res://scenes/acts/act2/a2_l3.tscn' remapped 'res://scenes/acts/act2/a2_l3.tscn' at thread -1
Loading resource: res://scenes/acts/act2/a2_l3.tscn remapped: res://scenes/acts/act2/a2_l3.tscn
Completed load for: 'res://scenes/acts/act2/a2_l3.tscn' remapped 'res://scenes/acts/act2/a2_l3.tscn' at thread -1
Loading resource: res://scenes/acts/act2/a2_l3.tscn remapped: res://scenes/acts/act2/a2_l3.tscn
Completed load for: 'res://scenes/acts/act2/a2_l3.tscn' remapped 'res://scenes/acts/act2/a2_l3.tscn' at thread -1
PASS: actual production A2-L3 installation waits paused at Resume: 
PASS: exact production RuinedHouse scene owns the shared actor/effects, seven real targets, three banks and four HP-free tools
PASS: actual retained target has canonical actor binding: road_tender
PASS: actual retained target has canonical actor binding: house_tender
PASS: actual retained target has canonical actor binding: house_handler
PASS: actual retained target has canonical actor binding: apron_scout
PASS: actual retained target has canonical actor binding: apron_handler
PASS: actual retained target has canonical actor binding: handling_machine
PASS: actual retained target has canonical actor binding: side_tender
PASS: actual authored spawn and shared Scheduler/Ray driver remain intact
PASS: actual GUI Retry restores exact initial living checkpoint without gameplay callbacks: []
PASS: living GUI Retry frees actual @Node3D@780
PASS: living GUI Retry frees actual BlackSmokeAndTheRuinedHouse
PASS: living GUI Retry frees actual CinderPlayer
PASS: living GUI Retry frees actual @Node3D@782
PASS: living GUI Retry frees actual smoke_edge_road
PASS: living GUI Retry frees actual exposed_house
PASS: living GUI Retry frees actual work_apron
PASS: living GUI Retry frees actual boss_opening
PASS: living GUI Retry frees actual RuinedHouseLowWall
PASS: living GUI Retry frees actual RoadArrivalEnd
PASS: living GUI Retry frees actual ExcavationEscapeEnd
PASS: living GUI Retry frees actual WestDryBoundary
PASS: living GUI Retry frees actual EastDryBoundary
PASS: living GUI Retry frees actual RuinedHouseThreatScheduler
PASS: living GUI Retry frees actual RuinedHouse_road_tender
PASS: living GUI Retry frees actual LowMountOpening_road_tender
PASS: living GUI Retry frees actual RuinedHouse_house_tender
PASS: living GUI Retry frees actual LowMountOpening_house_tender
PASS: living GUI Retry frees actual RuinedHouse_house_handler
PASS: living GUI Retry frees actual ThreatCue
PASS: living GUI Retry frees actual LowMountOpening_house_handler
PASS: living GUI Retry frees actual RuinedHouse_apron_scout
PASS: living GUI Retry frees actual RuinedHouse_apron_handler
PASS: living GUI Retry frees actual ThreatCue
PASS: living GUI Retry frees actual LowMountOpening_apron_handler
PASS: living GUI Retry frees actual RuinedHouse_handling_machine
PASS: living GUI Retry frees actual ThreatCue
PASS: living GUI Retry frees actual ThreatCue
PASS: living GUI Retry frees actual LowMountOpening_handling_machine
PASS: living GUI Retry frees actual RuinedHouse_side_tender
PASS: living GUI Retry frees actual LowMountOpening_side_tender
PASS: living GUI Retry frees actual RayCue_0
PASS: living GUI Retry frees actual HousingCue_0
PASS: living GUI Retry frees actual ExcavationBreakoutContact
PASS: living GUI Retry frees actual ThreatCue
PASS: living GUI Retry frees actual RequiredContactGrace
PASS: living GUI Retry frees actual ThreatCue
PASS: living GUI Retry frees actual RequiredContactGrace
PASS: living GUI Retry frees actual ThreatCue
PASS: living GUI Retry frees actual RequiredContactGrace
Loading resource: res://scenes/acts/act2/a2_l3.tscn remapped: res://scenes/acts/act2/a2_l3.tscn
Completed load for: 'res://scenes/acts/act2/a2_l3.tscn' remapped 'res://scenes/acts/act2/a2_l3.tscn' at thread -1
Loading resource: res://scenes/acts/act2/a2_l3.tscn remapped: res://scenes/acts/act2/a2_l3.tscn
Completed load for: 'res://scenes/acts/act2/a2_l3.tscn' remapped 'res://scenes/acts/act2/a2_l3.tscn' at thread -1
PASS: Retry uses exact checkpoint resources/history without healing or invented progress
ERROR: Condition "!is_inside_tree()" is true. Returning: Transform3D()
   at: get_global_transform (scene/3d/node_3d.cpp:649)
   GDScript backtrace (most recent call first):
       [0] _indicator_owned_pose (res://scripts/combat/smoke_bank.gd:503)
       [1] _set_phase (res://scripts/combat/smoke_bank.gd:377)
       [2] cancel (res://scripts/combat/smoke_bank.gd:340)
       [3] _on_exit_level (res://scripts/acts/act2/ruined_house.gd:1003)
       [4] exit_level (res://scripts/campaign/level.gd:161)
       [5] _exit_tree (res://scripts/campaign/level.gd:448)
       [6] _close_shell (res://tests/act2_l3_registration_smoke.gd:433)
       [7] _run (res://tests/act2_l3_registration_smoke.gd:167)
       [8] _quiet_retry (res://tests/act2_l3_registration_smoke.gd:242)
       [9] _click (res://tests/act2_l3_registration_smoke.gd:388)
       [10] _settle (res://tests/act2_l3_registration_smoke.gd:455)
ERROR: Condition "!is_inside_tree()" is true. Returning: Transform3D()
   at: get_global_transform (scene/3d/node_3d.cpp:649)
   GDScript backtrace (most recent call first):
       [0] _update_indicator (res://scripts/combat/smoke_bank.gd:477)
       [1] _set_phase (res://scripts/combat/smoke_bank.gd:398)
       [2] cancel (res://scripts/combat/smoke_bank.gd:340)
       [3] _on_exit_level (res://scripts/acts/act2/ruined_house.gd:1003)
       [4] exit_level (res://scripts/campaign/level.gd:161)
       [5] _exit_tree (res://scripts/campaign/level.gd:448)
       [6] _close_shell (res://tests/act2_l3_registration_smoke.gd:433)
       [7] _run (res://tests/act2_l3_registration_smoke.gd:167)
       [8] _quiet_retry (res://tests/act2_l3_registration_smoke.gd:242)
       [9] _click (res://tests/act2_l3_registration_smoke.gd:388)
       [10] _settle (res://tests/act2_l3_registration_smoke.gd:455)
ERROR: Condition "!is_inside_tree()" is true. Returning: Transform3D()
   at: get_global_transform (scene/3d/node_3d.cpp:649)
   GDScript backtrace (most recent call first):
       [0] _update_indicator (res://scripts/combat/smoke_bank.gd:477)
       [1] cancel (res://scripts/combat/smoke_bank.gd:341)
       [2] _on_exit_level (res://scripts/acts/act2/ruined_house.gd:1003)
       [3] exit_level (res://scripts/campaign/level.gd:161)
       [4] _exit_tree (res://scripts/campaign/level.gd:448)
       [5] _close_shell (res://tests/act2_l3_registration_smoke.gd:433)
       [6] _run (res://tests/act2_l3_registration_smoke.gd:167)
       [7] _quiet_retry (res://tests/act2_l3_registration_smoke.gd:242)
       [8] _click (res://tests/act2_l3_registration_smoke.gd:388)
       [9] _settle (res://tests/act2_l3_registration_smoke.gd:455)
ERROR: Condition "!is_inside_tree()" is true. Returning: Transform3D()
   at: get_global_transform (scene/3d/node_3d.cpp:649)
   GDScript backtrace (most recent call first):
       [0] _indicator_owned_pose (res://scripts/combat/smoke_bank.gd:503)
       [1] _set_phase (res://scripts/combat/smoke_bank.gd:377)
       [2] cancel (res://scripts/combat/smoke_bank.gd:340)
       [3] _on_exit_level (res://scripts/acts/act2/ruined_house.gd:1003)
       [4] exit_level (res://scripts/campaign/level.gd:161)
       [5] _exit_tree (res://scripts/campaign/level.gd:448)
       [6] _close_shell (res://tests/act2_l3_registration_smoke.gd:433)
       [7] _run (res://tests/act2_l3_registration_smoke.gd:167)
       [8] _quiet_retry (res://tests/act2_l3_registration_smoke.gd:242)
       [9] _click (res://tests/act2_l3_registration_smoke.gd:388)
       [10] _settle (res://tests/act2_l3_registration_smoke.gd:455)
ERROR: Condition "!is_inside_tree()" is true. Returning: Transform3D()
   at: get_global_transform (scene/3d/node_3d.cpp:649)
   GDScript backtrace (most recent call first):
       [0] _update_indicator (res://scripts/combat/smoke_bank.gd:477)
       [1] _set_phase (res://scripts/combat/smoke_bank.gd:398)
       [2] cancel (res://scripts/combat/smoke_bank.gd:340)
       [3] _on_exit_level (res://scripts/acts/act2/ruined_house.gd:1003)
       [4] exit_level (res://scripts/campaign/level.gd:161)
       [5] _exit_tree (res://scripts/campaign/level.gd:448)
       [6] _close_shell (res://tests/act2_l3_registration_smoke.gd:433)
       [7] _run (res://tests/act2_l3_registration_smoke.gd:167)
       [8] _quiet_retry (res://tests/act2_l3_registration_smoke.gd:242)
       [9] _click (res://tests/act2_l3_registration_smoke.gd:388)
       [10] _settle (res://tests/act2_l3_registration_smoke.gd:455)
ERROR: Condition "!is_inside_tree()" is true. Returning: Transform3D()
   at: get_global_transform (scene/3d/node_3d.cpp:649)
   GDScript backtrace (most recent call first):
       [0] _update_indicator (res://scripts/combat/smoke_bank.gd:477)
       [1] cancel (res://scripts/combat/smoke_bank.gd:341)
       [2] _on_exit_level (res://scripts/acts/act2/ruined_house.gd:1003)
       [3] exit_level (res://scripts/campaign/level.gd:161)
       [4] _exit_tree (res://scripts/campaign/level.gd:448)
       [5] _close_shell (res://tests/act2_l3_registration_smoke.gd:433)
       [6] _run (res://tests/act2_l3_registration_smoke.gd:167)
       [7] _quiet_retry (res://tests/act2_l3_registration_smoke.gd:242)
       [8] _click (res://tests/act2_l3_registration_smoke.gd:388)
       [9] _settle (res://tests/act2_l3_registration_smoke.gd:455)
ERROR: Condition "!is_inside_tree()" is true. Returning: Transform3D()
   at: get_global_transform (scene/3d/node_3d.cpp:649)
   GDScript backtrace (most recent call first):
       [0] _indicator_owned_pose (res://scripts/combat/smoke_bank.gd:503)
       [1] _set_phase (res://scripts/combat/smoke_bank.gd:377)
       [2] cancel (res://scripts/combat/smoke_bank.gd:340)
       [3] _on_exit_level (res://scripts/acts/act2/ruined_house.gd:1003)
       [4] exit_level (res://scripts/campaign/level.gd:161)
       [5] _exit_tree (res://scripts/campaign/level.gd:448)
       [6] _close_shell (res://tests/act2_l3_registration_smoke.gd:433)
       [7] _run (res://tests/act2_l3_registration_smoke.gd:167)
       [8] _quiet_retry (res://tests/act2_l3_registration_smoke.gd:242)
       [9] _click (res://tests/act2_l3_registration_smoke.gd:388)
       [10] _settle (res://tests/act2_l3_registration_smoke.gd:455)
ERROR: Condition "!is_inside_tree()" is true. Returning: Transform3D()
   at: get_global_transform (scene/3d/node_3d.cpp:649)
   GDScript backtrace (most recent call first):
       [0] _update_indicator (res://scripts/combat/smoke_bank.gd:477)
       [1] _set_phase (res://scripts/combat/smoke_bank.gd:398)
       [2] cancel (res://scripts/combat/smoke_bank.gd:340)
       [3] _on_exit_level (res://scripts/acts/act2/ruined_house.gd:1003)
       [4] exit_level (res://scripts/campaign/level.gd:161)
       [5] _exit_tree (res://scripts/campaign/level.gd:448)
       [6] _close_shell (res://tests/act2_l3_registration_smoke.gd:433)
       [7] _run (res://tests/act2_l3_registration_smoke.gd:167)
       [8] _quiet_retry (res://tests/act2_l3_registration_smoke.gd:242)
       [9] _click (res://tests/act2_l3_registration_smoke.gd:388)
       [10] _settle (res://tests/act2_l3_registration_smoke.gd:455)
ERROR: Condition "!is_inside_tree()" is true. Returning: Transform3D()
   at: get_global_transform (scene/3d/node_3d.cpp:649)
   GDScript backtrace (most recent call first):
       [0] _update_indicator (res://scripts/combat/smoke_bank.gd:477)
       [1] cancel (res://scripts/combat/smoke_bank.gd:341)
       [2] _on_exit_level (res://scripts/acts/act2/ruined_house.gd:1003)
       [3] exit_level (res://scripts/campaign/level.gd:161)
       [4] _exit_tree (res://scripts/campaign/level.gd:448)
       [5] _close_shell (res://tests/act2_l3_registration_smoke.gd:433)
       [6] _run (res://tests/act2_l3_registration_smoke.gd:167)
       [7] _quiet_retry (res://tests/act2_l3_registration_smoke.gd:242)
       [8] _click (res://tests/act2_l3_registration_smoke.gd:388)
       [9] _settle (res://tests/act2_l3_registration_smoke.gd:455)
PASS: living retry closure frees actual @Node3D@837
PASS: living retry closure frees actual BlackSmokeAndTheRuinedHouse
PASS: living retry closure frees actual CinderPlayer
PASS: living retry closure frees actual @Node3D@839
PASS: living retry closure frees actual smoke_edge_road
PASS: living retry closure frees actual exposed_house
PASS: living retry closure frees actual work_apron
PASS: living retry closure frees actual boss_opening
PASS: living retry closure frees actual RuinedHouseLowWall
PASS: living retry closure frees actual RoadArrivalEnd
PASS: living retry closure frees actual ExcavationEscapeEnd
PASS: living retry closure frees actual WestDryBoundary
PASS: living retry closure frees actual EastDryBoundary
PASS: living retry closure frees actual RuinedHouseThreatScheduler
PASS: living retry closure frees actual RuinedHouse_road_tender
PASS: living retry closure frees actual LowMountOpening_road_tender
PASS: living retry closure frees actual RuinedHouse_house_tender
PASS: living retry closure frees actual LowMountOpening_house_tender
PASS: living retry closure frees actual RuinedHouse_house_handler
PASS: living retry closure frees actual ThreatCue
PASS: living retry closure frees actual LowMountOpening_house_handler
PASS: living retry closure frees actual RuinedHouse_apron_scout
PASS: living retry closure frees actual RuinedHouse_apron_handler
PASS: living retry closure frees actual ThreatCue
PASS: living retry closure frees actual LowMountOpening_apron_handler
PASS: living retry closure frees actual RuinedHouse_handling_machine
PASS: living retry closure frees actual ThreatCue
PASS: living retry closure frees actual ThreatCue
PASS: living retry closure frees actual LowMountOpening_handling_machine
PASS: living retry closure frees actual RuinedHouse_side_tender
PASS: living retry closure frees actual LowMountOpening_side_tender
PASS: living retry closure frees actual RayCue_0
PASS: living retry closure frees actual HousingCue_0
PASS: living retry closure frees actual ExcavationBreakoutContact
PASS: living retry closure frees actual ThreatCue
PASS: living retry closure frees actual RequiredContactGrace
PASS: living retry closure frees actual ThreatCue
PASS: living retry closure frees actual RequiredContactGrace
PASS: living retry closure frees actual ThreatCue
PASS: living retry closure frees actual RequiredContactGrace
PASS: disposed production worlds retain no required cue or actor group member
PASS: registration fixture leaves production registry bytes unchanged
Production Act2 L3 registration: 195 checks, 0 failures; expected_commit=8ddce7cb5290cd36037033eb1edcb02a6015adfd; TEST ONLY seven-predecessor/initial-resource seeds; actual production GUI/format2/routed dash/quiet Continue/Retry; no route-clear or native-human claim
