WorkerThreadPool: 8 threads, 2 max low-priority.
Godot Engine v4.7.2.stable.official.ed1daf0bf - https://godotengine.org
TextServer: Added interface "Dummy"
TextServer: Added interface "ICU / HarfBuzz / Graphite (Built-in)"
SDL: Init OK!
Using "default" pen tablet driver...

TextServer: Primary interface set to: "ICU / HarfBuzz / Graphite (Built-in)".
CORE API HASH: 2004498165
EDITOR API HASH: 1696660745
Loading resource: res://tests/acts/act1/a1_l2_route_choice.gd remapped: res://tests/acts/act1/a1_l2_route_choice.gd
Loading resource: res://scenes/main.tscn remapped: res://scenes/main.tscn
Loading resource: res://scripts/game.gd remapped: res://scripts/game.gd
Loading resource: res://scenes/player.tscn remapped: res://scenes/player.tscn
Loading resource: res://scripts/player.gd remapped: res://scripts/player.gd
Completed load for: 'res://scripts/player.gd' remapped 'res://scripts/player.gd' at thread -1
Completed load for: 'res://scenes/player.tscn' remapped 'res://scenes/player.tscn' at thread -1
Loading resource: res://scenes/practice_target.tscn remapped: res://scenes/practice_target.tscn
Loading resource: res://scripts/practice_target.gd remapped: res://scripts/practice_target.gd
Completed load for: 'res://scripts/practice_target.gd' remapped 'res://scripts/practice_target.gd' at thread -1
Completed load for: 'res://scenes/practice_target.tscn' remapped 'res://scenes/practice_target.tscn' at thread -1
Loading resource: res://scenes/lab_arena.tscn remapped: res://scenes/lab_arena.tscn
Completed load for: 'res://scenes/lab_arena.tscn' remapped 'res://scenes/lab_arena.tscn' at thread -1
Completed load for: 'res://scripts/game.gd' remapped 'res://scripts/game.gd' at thread -1
Completed load for: 'res://scenes/main.tscn' remapped 'res://scenes/main.tscn' at thread -1
Loading resource: res://assets/acts/act1/lunar/accents/painted_rock_surface.png remapped: res://assets/acts/act1/lunar/accents/painted_rock_surface.png
Loading resource: res://.godot/imported/painted_rock_surface.png-30faff4d32479a3da0f568d18cbfa6cd.ctex remapped: res://.godot/imported/painted_rock_surface.png-30faff4d32479a3da0f568d18cbfa6cd.ctex
Completed load for: 'res://assets/acts/act1/lunar/accents/painted_rock_surface.png' remapped 'res://assets/acts/act1/lunar/accents/painted_rock_surface.png' at thread -1
Loading resource: res://assets/acts/act1/lunar/environment/rock_flat_low_a.png remapped: res://assets/acts/act1/lunar/environment/rock_flat_low_a.png
Loading resource: res://.godot/imported/rock_flat_low_a.png-d40857434c14002f43d5380e3cd3f789.ctex remapped: res://.godot/imported/rock_flat_low_a.png-d40857434c14002f43d5380e3cd3f789.ctex
Completed load for: 'res://assets/acts/act1/lunar/environment/rock_flat_low_a.png' remapped 'res://assets/acts/act1/lunar/environment/rock_flat_low_a.png' at thread -1
Loading resource: res://assets/acts/act1/lunar/environment/rock_flat_low_b.png remapped: res://assets/acts/act1/lunar/environment/rock_flat_low_b.png
Loading resource: res://.godot/imported/rock_flat_low_b.png-2f8625be000193bc3a72b5da199735bf.ctex remapped: res://.godot/imported/rock_flat_low_b.png-2f8625be000193bc3a72b5da199735bf.ctex
Completed load for: 'res://assets/acts/act1/lunar/environment/rock_flat_low_b.png' remapped 'res://assets/acts/act1/lunar/environment/rock_flat_low_b.png' at thread -1
Loading resource: res://assets/acts/act1/lunar/environment/floor_silver_tile.png remapped: res://assets/acts/act1/lunar/environment/floor_silver_tile.png
Loading resource: res://.godot/imported/floor_silver_tile.png-d26a488f9395175b253ee2a02677ec14.ctex remapped: res://.godot/imported/floor_silver_tile.png-d26a488f9395175b253ee2a02677ec14.ctex
Completed load for: 'res://assets/acts/act1/lunar/environment/floor_silver_tile.png' remapped 'res://assets/acts/act1/lunar/environment/floor_silver_tile.png' at thread -1
Loading resource: res://assets/acts/act1/lunar/environment/capsule_landed_closed.png remapped: res://assets/acts/act1/lunar/environment/capsule_landed_closed.png
Loading resource: res://.godot/imported/capsule_landed_closed.png-953efe6810d9943a3b0081dfdb0e6e53.ctex remapped: res://.godot/imported/capsule_landed_closed.png-953efe6810d9943a3b0081dfdb0e6e53.ctex
Completed load for: 'res://assets/acts/act1/lunar/environment/capsule_landed_closed.png' remapped 'res://assets/acts/act1/lunar/environment/capsule_landed_closed.png' at thread -1
Loading resource: res://assets/acts/act1/lunar/environment/camp_sleeping_tableau.png remapped: res://assets/acts/act1/lunar/environment/camp_sleeping_tableau.png
Loading resource: res://.godot/imported/camp_sleeping_tableau.png-b89e226907631f7f93baa190bd8808d0.ctex remapped: res://.godot/imported/camp_sleeping_tableau.png-b89e226907631f7f93baa190bd8808d0.ctex
Completed load for: 'res://assets/acts/act1/lunar/environment/camp_sleeping_tableau.png' remapped 'res://assets/acts/act1/lunar/environment/camp_sleeping_tableau.png' at thread -1
Loading resource: res://assets/acts/act1/lunar/environment/crescent_performer.png remapped: res://assets/acts/act1/lunar/environment/crescent_performer.png
Loading resource: res://.godot/imported/crescent_performer.png-61d4371c498d7e3e3cab9d649768e6b6.ctex remapped: res://.godot/imported/crescent_performer.png-61d4371c498d7e3e3cab9d649768e6b6.ctex
Completed load for: 'res://assets/acts/act1/lunar/environment/crescent_performer.png' remapped 'res://assets/acts/act1/lunar/environment/crescent_performer.png' at thread -1
Loading resource: res://assets/acts/act1/lunar/environment/grotto_threshold_open.png remapped: res://assets/acts/act1/lunar/environment/grotto_threshold_open.png
Loading resource: res://.godot/imported/grotto_threshold_open.png-c3df15a1fc23d25b60fbfc8513941f9f.ctex remapped: res://.godot/imported/grotto_threshold_open.png-c3df15a1fc23d25b60fbfc8513941f9f.ctex
Completed load for: 'res://assets/acts/act1/lunar/environment/grotto_threshold_open.png' remapped 'res://assets/acts/act1/lunar/environment/grotto_threshold_open.png' at thread -1
Loading resource: res://assets/acts/act1/lunar/accents/earth_globe.png remapped: res://assets/acts/act1/lunar/accents/earth_globe.png
Loading resource: res://.godot/imported/earth_globe.png-05f3937774a9eb99e088ece7c7ad0a43.ctex remapped: res://.godot/imported/earth_globe.png-05f3937774a9eb99e088ece7c7ad0a43.ctex
Completed load for: 'res://assets/acts/act1/lunar/accents/earth_globe.png' remapped 'res://assets/acts/act1/lunar/accents/earth_globe.png' at thread -1
Loading resource: res://assets/acts/act1/lunar/accents/human_star_performer.png remapped: res://assets/acts/act1/lunar/accents/human_star_performer.png
Loading resource: res://.godot/imported/human_star_performer.png-b4ff4a7c871018f8c6875759028e9ef9.ctex remapped: res://.godot/imported/human_star_performer.png-b4ff4a7c871018f8c6875759028e9ef9.ctex
Completed load for: 'res://assets/acts/act1/lunar/accents/human_star_performer.png' remapped 'res://assets/acts/act1/lunar/accents/human_star_performer.png' at thread -1
Loading resource: res://assets/acts/act1/lunar/accents/saturn_performer.png remapped: res://assets/acts/act1/lunar/accents/saturn_performer.png
Loading resource: res://.godot/imported/saturn_performer.png-4d9517c85ecb869cac6d9310893dd98e.ctex remapped: res://.godot/imported/saturn_performer.png-4d9517c85ecb869cac6d9310893dd98e.ctex
Completed load for: 'res://assets/acts/act1/lunar/accents/saturn_performer.png' remapped 'res://assets/acts/act1/lunar/accents/saturn_performer.png' at thread -1
Loading resource: res://assets/acts/act1/lunar/rusher_front_standing.png remapped: res://assets/acts/act1/lunar/rusher_front_standing.png
Loading resource: res://.godot/imported/rusher_front_standing.png-ab9f1aff77317981d7ff30a55a49b79c.ctex remapped: res://.godot/imported/rusher_front_standing.png-ab9f1aff77317981d7ff30a55a49b79c.ctex
Completed load for: 'res://assets/acts/act1/lunar/rusher_front_standing.png' remapped 'res://assets/acts/act1/lunar/rusher_front_standing.png' at thread -1
Loading resource: res://assets/acts/act1/lunar/rusher_front_crouch.png remapped: res://assets/acts/act1/lunar/rusher_front_crouch.png
Loading resource: res://.godot/imported/rusher_front_crouch.png-adece75d5e8a8c92a1bc2c6401f25304.ctex remapped: res://.godot/imported/rusher_front_crouch.png-adece75d5e8a8c92a1bc2c6401f25304.ctex
Completed load for: 'res://assets/acts/act1/lunar/rusher_front_crouch.png' remapped 'res://assets/acts/act1/lunar/rusher_front_crouch.png' at thread -1
Loading resource: res://assets/acts/act1/lunar/rusher_front_rush.png remapped: res://assets/acts/act1/lunar/rusher_front_rush.png
Loading resource: res://.godot/imported/rusher_front_rush.png-7c0bce496c4feda39447b8da7969c648.ctex remapped: res://.godot/imported/rusher_front_rush.png-7c0bce496c4feda39447b8da7969c648.ctex
Completed load for: 'res://assets/acts/act1/lunar/rusher_front_rush.png' remapped 'res://assets/acts/act1/lunar/rusher_front_rush.png' at thread -1
Loading resource: res://assets/acts/act1/lunar/rusher_front_recovery.png remapped: res://assets/acts/act1/lunar/rusher_front_recovery.png
Loading resource: res://.godot/imported/rusher_front_recovery.png-48b3b85e1dacdc5b1394b00410b87f4c.ctex remapped: res://.godot/imported/rusher_front_recovery.png-48b3b85e1dacdc5b1394b00410b87f4c.ctex
Completed load for: 'res://assets/acts/act1/lunar/rusher_front_recovery.png' remapped 'res://assets/acts/act1/lunar/rusher_front_recovery.png' at thread -1
Loading resource: res://assets/acts/act1/lunar/rusher_side_standing.png remapped: res://assets/acts/act1/lunar/rusher_side_standing.png
Loading resource: res://.godot/imported/rusher_side_standing.png-9ad01603ed27e8eb069b74168275c602.ctex remapped: res://.godot/imported/rusher_side_standing.png-9ad01603ed27e8eb069b74168275c602.ctex
Completed load for: 'res://assets/acts/act1/lunar/rusher_side_standing.png' remapped 'res://assets/acts/act1/lunar/rusher_side_standing.png' at thread -1
Loading resource: res://assets/acts/act1/lunar/rusher_side_crouch.png remapped: res://assets/acts/act1/lunar/rusher_side_crouch.png
Loading resource: res://.godot/imported/rusher_side_crouch.png-67e920f999b245f0d1caa883db0ade22.ctex remapped: res://.godot/imported/rusher_side_crouch.png-67e920f999b245f0d1caa883db0ade22.ctex
Completed load for: 'res://assets/acts/act1/lunar/rusher_side_crouch.png' remapped 'res://assets/acts/act1/lunar/rusher_side_crouch.png' at thread -1
Loading resource: res://assets/acts/act1/lunar/rusher_side_rush.png remapped: res://assets/acts/act1/lunar/rusher_side_rush.png
Loading resource: res://.godot/imported/rusher_side_rush.png-eaa732526853c79ed45ad1691a56d336.ctex remapped: res://.godot/imported/rusher_side_rush.png-eaa732526853c79ed45ad1691a56d336.ctex
Completed load for: 'res://assets/acts/act1/lunar/rusher_side_rush.png' remapped 'res://assets/acts/act1/lunar/rusher_side_rush.png' at thread -1
Loading resource: res://assets/acts/act1/lunar/rusher_side_recovery.png remapped: res://assets/acts/act1/lunar/rusher_side_recovery.png
Loading resource: res://.godot/imported/rusher_side_recovery.png-2900ecc65811de91bb751955e1291f20.ctex remapped: res://.godot/imported/rusher_side_recovery.png-2900ecc65811de91bb751955e1291f20.ctex
Completed load for: 'res://assets/acts/act1/lunar/rusher_side_recovery.png' remapped 'res://assets/acts/act1/lunar/rusher_side_recovery.png' at thread -1
Loading resource: res://assets/acts/act1/lunar/rusher_back_standing.png remapped: res://assets/acts/act1/lunar/rusher_back_standing.png
Loading resource: res://.godot/imported/rusher_back_standing.png-13bf513cc23a916b43ada2bf8d4c7ce8.ctex remapped: res://.godot/imported/rusher_back_standing.png-13bf513cc23a916b43ada2bf8d4c7ce8.ctex
Completed load for: 'res://assets/acts/act1/lunar/rusher_back_standing.png' remapped 'res://assets/acts/act1/lunar/rusher_back_standing.png' at thread -1
Loading resource: res://assets/acts/act1/lunar/rusher_back_crouch.png remapped: res://assets/acts/act1/lunar/rusher_back_crouch.png
Loading resource: res://.godot/imported/rusher_back_crouch.png-9b8951aa30c78f920e2414e46e7dbe93.ctex remapped: res://.godot/imported/rusher_back_crouch.png-9b8951aa30c78f920e2414e46e7dbe93.ctex
Completed load for: 'res://assets/acts/act1/lunar/rusher_back_crouch.png' remapped 'res://assets/acts/act1/lunar/rusher_back_crouch.png' at thread -1
Loading resource: res://assets/acts/act1/lunar/rusher_back_rush.png remapped: res://assets/acts/act1/lunar/rusher_back_rush.png
Loading resource: res://.godot/imported/rusher_back_rush.png-e7871cb7823753886b50061b1fd4b220.ctex remapped: res://.godot/imported/rusher_back_rush.png-e7871cb7823753886b50061b1fd4b220.ctex
Completed load for: 'res://assets/acts/act1/lunar/rusher_back_rush.png' remapped 'res://assets/acts/act1/lunar/rusher_back_rush.png' at thread -1
Loading resource: res://assets/acts/act1/lunar/rusher_back_recovery.png remapped: res://assets/acts/act1/lunar/rusher_back_recovery.png
Loading resource: res://.godot/imported/rusher_back_recovery.png-83ff3a84c4dbad1e4d1df1010baa7b84.ctex remapped: res://.godot/imported/rusher_back_recovery.png-83ff3a84c4dbad1e4d1df1010baa7b84.ctex
Completed load for: 'res://assets/acts/act1/lunar/rusher_back_recovery.png' remapped 'res://assets/acts/act1/lunar/rusher_back_recovery.png' at thread -1
Completed load for: 'res://tests/acts/act1/a1_l2_route_choice.gd' remapped 'res://tests/acts/act1/a1_l2_route_choice.gd' at thread -1
SceneTreeFTI: traversal method DEFAULT
Loaded system CA certificates
Loading resource: res://scenes/acts/act1/a1_l2.tscn remapped: res://scenes/acts/act1/a1_l2.tscn
Loading resource: res://scenes/acts/act1/a1_l2_layout_greybox.tscn remapped: res://scenes/acts/act1/a1_l2_layout_greybox.tscn
Completed load for: 'res://scenes/acts/act1/a1_l2_layout_greybox.tscn' remapped 'res://scenes/acts/act1/a1_l2_layout_greybox.tscn' at thread -1
Loading resource: res://scripts/acts/act1/crater_gardens.gd remapped: res://scripts/acts/act1/crater_gardens.gd
Completed load for: 'res://scripts/acts/act1/crater_gardens.gd' remapped 'res://scripts/acts/act1/crater_gardens.gd' at thread -1
Completed load for: 'res://scenes/acts/act1/a1_l2.tscn' remapped 'res://scenes/acts/act1/a1_l2.tscn' at thread -1
A1-L2 ROUTE CHOICE: 54 checks, 0 failures
XR: Clearing primary interface
XR: Removed interface "Native mobile"
XR: Removed interface "OpenXR"
