Godot Engine v4.7.2.stable.official.ed1daf0bf - https://godotengine.org

PASS: actual MainScene installs the bounded mixed room
PASS: shared traveller and actual HP-free/source priority90/100/110/postactor1000 contract
PASS: fresh real world has one configured idle Echo and one unadmitted pulse at native clock0
PASS: explicit unsupported whole-unit save/restore refusal leaves real arrival untouched
PASS: actual pulse1 precedes Echo and uses the real fixed circle source without ammo
PASS: public Game requests a complete-tick pause at pulse1-warning
PASS: actual deferred pause settles outside actor transactions
PASS: explicit unsupported whole-unit save/restore refusal leaves real pulse1-warning untouched
PASS: ordinary pause freezes the whole mixed native unit without claiming persistence
PASS: complete shared witness uses ordinary escape/primary without blast or invulnerability credit
PASS: input uses the first actual postactor physics tick
PASS: actual shared viewport swipe starts escape_dash
PASS: genuine completed dash reaches the native proved floor position
PASS: input uses the first actual postactor physics tick
PASS: actual shared viewport swipe starts positioning_dash
PASS: genuine completed dash reaches the native proved floor position
PASS: input uses the first actual postactor physics tick
PASS: actual useful landing/ordinary return reaches its unchanged recovery budget
PASS: first native cycle completes and releases its actual lease before Echo admission
PASS: same continuous Scheduler admits one genuine unarmed own-Echo after pulse1
PASS: actual due lock freshly commits the exclusive authored route and slash
PASS: complete shared witness uses ordinary escape/primary without blast or invulnerability credit
PASS: input uses the first actual postactor physics tick
PASS: actual shared viewport swipe starts first_escape_dash
PASS: genuine completed dash reaches the native proved floor position
PASS: input uses the first actual postactor physics tick
PASS: actual shared viewport swipe starts tether_positioning_dash
PASS: genuine completed dash reaches the native proved floor position
PASS: input uses the first actual postactor physics tick
PASS: actual useful landing/ordinary return reaches its unchanged recovery budget
PASS: real porcelain renderer travelled and recovery remains between the pulses
PASS: actual first-tap ordinary hit at genuine Echo recovery
PASS: actual36HP source survives the first ordinary primary without rearming
PASS: finite Echo genuinely completes and releases its lease before the second pulse
PASS: the SAME actual mechanism admits native cycle2 with expired original cooldown and the completed living knot opening
PASS: complete shared witness uses ordinary escape/primary without blast or invulnerability credit
PASS: input uses the first actual postactor physics tick
PASS: actual shared viewport swipe starts escape_dash
PASS: genuine completed dash reaches the native proved floor position
PASS: input uses the first actual postactor physics tick
PASS: actual shared viewport swipe starts positioning_dash
PASS: genuine completed dash reaches the native proved floor position
PASS: input uses the first actual postactor physics tick
PASS: actual useful landing/ordinary return reaches its unchanged recovery budget
PASS: second pulse's proved ordinary-primary position names the actual still-hittable completed knot
PASS: required ordinary hit count derives from the actual carried core kit
PASS: input uses the first actual postactor physics tick
PASS: actual first-tap ordinary hit at post-pulse completed knot
PASS: public Game requests a complete-tick pause at late-completed-dead
PASS: actual deferred pause settles outside actor transactions
PASS: explicit unsupported whole-unit save/restore refusal leaves real late-completed-dead untouched
PASS: ordinary pause freezes the whole mixed native unit without claiming persistence
PASS: actual pulse1 -> one own Echo -> same-source pulse2 -> real ordinary clear retains continuous history/fullHP/no blast or campaign grant
PASS: actual native phase observed: pulse1-warning
PASS: actual native phase observed: pulse1-lock
PASS: actual native phase observed: pulse1-active
PASS: actual native phase observed: pulse1-recovery
PASS: actual native phase observed: echo-warning
PASS: actual native phase observed: echo-lock
PASS: actual native phase observed: echo-active
PASS: actual native phase observed: echo-recovery
PASS: actual native phase observed: pulse2-warning
PASS: actual native phase observed: pulse2-lock
PASS: actual native phase observed: pulse2-active
PASS: actual native phase observed: pulse2-recovery
PASS: public exit clears the actual shared Scheduler leases
PASS: actual world/owners/cues/groups retire cleanly
Mirror mixed finite room: 67 checks; failures: 0. pulse1/one actual Echo/pulse2; no ring/whole-save/full-L3 acceptance.
