Godot Engine v4.7.2.stable.official.ed1daf0bf - https://godotengine.org
TextServer: Added interface "Dummy"
TextServer: Added interface "ICU / HarfBuzz / Graphite (Built-in)"
SDL: Init OK!
Using "default" pen tablet driver...

TextServer: Primary interface set to: "ICU / HarfBuzz / Graphite (Built-in)".
CORE API HASH: 2004498165
EDITOR API HASH: 1696660745
Loading resource: res://tests/smoke_bank_smoke.gd remapped: res://tests/smoke_bank_smoke.gd
Loading resource: res://scenes/player.tscn remapped: res://scenes/player.tscn
Completed load for: 'res://scenes/player.tscn' remapped 'res://scenes/player.tscn' at thread -1
Loading resource: res://scenes/practice_target.tscn remapped: res://scenes/practice_target.tscn
Loading resource: res://scripts/practice_target.gd remapped: res://scripts/practice_target.gd
Completed load for: 'res://scripts/practice_target.gd' remapped 'res://scripts/practice_target.gd' at thread -1
Completed load for: 'res://scenes/practice_target.tscn' remapped 'res://scenes/practice_target.tscn' at thread -1
Loading resource: res://scenes/lab_arena.tscn remapped: res://scenes/lab_arena.tscn
Completed load for: 'res://scenes/lab_arena.tscn' remapped 'res://scenes/lab_arena.tscn' at thread -1
Completed load for: 'res://tests/smoke_bank_smoke.gd' remapped 'res://tests/smoke_bank_smoke.gd' at thread -1
SceneTreeFTI: traversal method DEFAULT
Loaded system CA certificates
SCRIPT ERROR: Trying to cast a freed object.
   at: CinderSmokeBank._indicator_error (res://scripts/combat/smoke_bank.gd:464)
   GDScript backtrace (most recent call first):
       [0] _indicator_error (res://scripts/combat/smoke_bank.gd:464)
       [1] _native_error (res://scripts/combat/smoke_bank.gd:479)
       [2] _snapshot_access_error (res://scripts/combat/smoke_bank.gd:762)
       [3] snapshot_state (res://scripts/combat/smoke_bank.gd:677)
       [4] _cancel_and_native_guards (res://tests/smoke_bank_smoke.gd:422)
ERROR: live required missing_bar rejects capture/restore without healing native binding
   at: push_error (core/variant/variant_utility.cpp:1023)
   GDScript backtrace (most recent call first):
       [0] _expect (res://tests/smoke_bank_smoke.gd:665)
       [1] _cancel_and_native_guards (res://tests/smoke_bank_smoke.gd:422)
SCRIPT ERROR: Trying to cast a freed object.
   at: CinderSmokeBank._indicator_error (res://scripts/combat/smoke_bank.gd:464)
   GDScript backtrace (most recent call first):
       [0] _indicator_error (res://scripts/combat/smoke_bank.gd:464)
       [1] _native_error (res://scripts/combat/smoke_bank.gd:479)
       [2] _boundary_ready (res://scripts/combat/smoke_bank.gd:349)
       [3] _physics_process (res://scripts/combat/smoke_bank.gd:199)
Loading resource: res://tests/fixtures/smoke_bank_level.tscn remapped: res://tests/fixtures/smoke_bank_level.tscn
Loading resource: res://tests/fixtures/smoke_bank_level.gd remapped: res://tests/fixtures/smoke_bank_level.gd
Completed load for: 'res://tests/fixtures/smoke_bank_level.gd' remapped 'res://tests/fixtures/smoke_bank_level.gd' at thread -1
Completed load for: 'res://tests/fixtures/smoke_bank_level.tscn' remapped 'res://tests/fixtures/smoke_bank_level.tscn' at thread -1
Loading resource: res://tests/fixtures/smoke_bank_level.tscn remapped: res://tests/fixtures/smoke_bank_level.tscn
Completed load for: 'res://tests/fixtures/smoke_bank_level.tscn' remapped 'res://tests/fixtures/smoke_bank_level.tscn' at thread -1
Loading resource: res://tests/fixtures/smoke_bank_level.tscn remapped: res://tests/fixtures/smoke_bank_level.tscn
Completed load for: 'res://tests/fixtures/smoke_bank_level.tscn' remapped 'res://tests/fixtures/smoke_bank_level.tscn' at thread -1
Loading resource: res://tests/fixtures/smoke_bank_level.tscn remapped: res://tests/fixtures/smoke_bank_level.tscn
Completed load for: 'res://tests/fixtures/smoke_bank_level.tscn' remapped 'res://tests/fixtures/smoke_bank_level.tscn' at thread -1
Loading resource: res://tests/fixtures/smoke_bank_level.tscn remapped: res://tests/fixtures/smoke_bank_level.tscn
Completed load for: 'res://tests/fixtures/smoke_bank_level.tscn' remapped 'res://tests/fixtures/smoke_bank_level.tscn' at thread -1
Loading resource: res://tests/fixtures/smoke_bank_level.tscn remapped: res://tests/fixtures/smoke_bank_level.tscn
Completed load for: 'res://tests/fixtures/smoke_bank_level.tscn' remapped 'res://tests/fixtures/smoke_bank_level.tscn' at thread -1
Loading resource: res://tests/fixtures/smoke_bank_level.tscn remapped: res://tests/fixtures/smoke_bank_level.tscn
Completed load for: 'res://tests/fixtures/smoke_bank_level.tscn' remapped 'res://tests/fixtures/smoke_bank_level.tscn' at thread -1
Loading resource: res://tests/fixtures/smoke_bank_level.tscn remapped: res://tests/fixtures/smoke_bank_level.tscn
Completed load for: 'res://tests/fixtures/smoke_bank_level.tscn' remapped 'res://tests/fixtures/smoke_bank_level.tscn' at thread -1
Loading resource: res://tests/fixtures/smoke_bank_level.tscn remapped: res://tests/fixtures/smoke_bank_level.tscn
Completed load for: 'res://tests/fixtures/smoke_bank_level.tscn' remapped 'res://tests/fixtures/smoke_bank_level.tscn' at thread -1
Loading resource: res://tests/fixtures/smoke_bank_level.tscn remapped: res://tests/fixtures/smoke_bank_level.tscn
Completed load for: 'res://tests/fixtures/smoke_bank_level.tscn' remapped 'res://tests/fixtures/smoke_bank_level.tscn' at thread -1
Loading resource: res://tests/fixtures/smoke_bank_level.tscn remapped: res://tests/fixtures/smoke_bank_level.tscn
Completed load for: 'res://tests/fixtures/smoke_bank_level.tscn' remapped 'res://tests/fixtures/smoke_bank_level.tscn' at thread -1
Loading resource: res://tests/fixtures/smoke_bank_level.tscn remapped: res://tests/fixtures/smoke_bank_level.tscn
Completed load for: 'res://tests/fixtures/smoke_bank_level.tscn' remapped 'res://tests/fixtures/smoke_bank_level.tscn' at thread -1
Loading resource: res://tests/fixtures/smoke_bank_level.tscn remapped: res://tests/fixtures/smoke_bank_level.tscn
Completed load for: 'res://tests/fixtures/smoke_bank_level.tscn' remapped 'res://tests/fixtures/smoke_bank_level.tscn' at thread -1
Loading resource: res://tests/fixtures/smoke_bank_level.tscn remapped: res://tests/fixtures/smoke_bank_level.tscn
Completed load for: 'res://tests/fixtures/smoke_bank_level.tscn' remapped 'res://tests/fixtures/smoke_bank_level.tscn' at thread -1
Loading resource: res://tests/fixtures/smoke_bank_level.tscn remapped: res://tests/fixtures/smoke_bank_level.tscn
Completed load for: 'res://tests/fixtures/smoke_bank_level.tscn' remapped 'res://tests/fixtures/smoke_bank_level.tscn' at thread -1
Loading resource: res://tests/fixtures/smoke_bank_level.tscn remapped: res://tests/fixtures/smoke_bank_level.tscn
Completed load for: 'res://tests/fixtures/smoke_bank_level.tscn' remapped 'res://tests/fixtures/smoke_bank_level.tscn' at thread -1
Loading resource: res://tests/fixtures/smoke_bank_level.tscn remapped: res://tests/fixtures/smoke_bank_level.tscn
Completed load for: 'res://tests/fixtures/smoke_bank_level.tscn' remapped 'res://tests/fixtures/smoke_bank_level.tscn' at thread -1
Loading resource: res://tests/fixtures/smoke_bank_level.tscn remapped: res://tests/fixtures/smoke_bank_level.tscn
Completed load for: 'res://tests/fixtures/smoke_bank_level.tscn' remapped 'res://tests/fixtures/smoke_bank_level.tscn' at thread -1
Loading resource: res://tests/fixtures/smoke_bank_level.tscn remapped: res://tests/fixtures/smoke_bank_level.tscn
Completed load for: 'res://tests/fixtures/smoke_bank_level.tscn' remapped 'res://tests/fixtures/smoke_bank_level.tscn' at thread -1
Loading resource: res://tests/fixtures/smoke_bank_level.tscn remapped: res://tests/fixtures/smoke_bank_level.tscn
Completed load for: 'res://tests/fixtures/smoke_bank_level.tscn' remapped 'res://tests/fixtures/smoke_bank_level.tscn' at thread -1
Loading resource: res://tests/fixtures/smoke_bank_level.tscn remapped: res://tests/fixtures/smoke_bank_level.tscn
Completed load for: 'res://tests/fixtures/smoke_bank_level.tscn' remapped 'res://tests/fixtures/smoke_bank_level.tscn' at thread -1
Loading resource: res://tests/fixtures/smoke_bank_level.tscn remapped: res://tests/fixtures/smoke_bank_level.tscn
Completed load for: 'res://tests/fixtures/smoke_bank_level.tscn' remapped 'res://tests/fixtures/smoke_bank_level.tscn' at thread -1
Loading resource: res://tests/fixtures/smoke_bank_level.tscn remapped: res://tests/fixtures/smoke_bank_level.tscn
Completed load for: 'res://tests/fixtures/smoke_bank_level.tscn' remapped 'res://tests/fixtures/smoke_bank_level.tscn' at thread -1
Loading resource: res://tests/fixtures/smoke_bank_level.tscn remapped: res://tests/fixtures/smoke_bank_level.tscn
Completed load for: 'res://tests/fixtures/smoke_bank_level.tscn' remapped 'res://tests/fixtures/smoke_bank_level.tscn' at thread -1
Loading resource: res://tests/fixtures/smoke_bank_level.tscn remapped: res://tests/fixtures/smoke_bank_level.tscn
Completed load for: 'res://tests/fixtures/smoke_bank_level.tscn' remapped 'res://tests/fixtures/smoke_bank_level.tscn' at thread -1
Loading resource: res://tests/fixtures/smoke_bank_level.tscn remapped: res://tests/fixtures/smoke_bank_level.tscn
Completed load for: 'res://tests/fixtures/smoke_bank_level.tscn' remapped 'res://tests/fixtures/smoke_bank_level.tscn' at thread -1
Loading resource: res://tests/fixtures/smoke_bank_level.tscn remapped: res://tests/fixtures/smoke_bank_level.tscn
Completed load for: 'res://tests/fixtures/smoke_bank_level.tscn' remapped 'res://tests/fixtures/smoke_bank_level.tscn' at thread -1
Loading resource: res://tests/fixtures/smoke_bank_level.tscn remapped: res://tests/fixtures/smoke_bank_level.tscn
Completed load for: 'res://tests/fixtures/smoke_bank_level.tscn' remapped 'res://tests/fixtures/smoke_bank_level.tscn' at thread -1
Loading resource: res://tests/fixtures/smoke_bank_level.tscn remapped: res://tests/fixtures/smoke_bank_level.tscn
Completed load for: 'res://tests/fixtures/smoke_bank_level.tscn' remapped 'res://tests/fixtures/smoke_bank_level.tscn' at thread -1
Loading resource: res://tests/fixtures/smoke_bank_level.tscn remapped: res://tests/fixtures/smoke_bank_level.tscn
Completed load for: 'res://tests/fixtures/smoke_bank_level.tscn' remapped 'res://tests/fixtures/smoke_bank_level.tscn' at thread -1
Loading resource: res://tests/fixtures/smoke_bank_level.tscn remapped: res://tests/fixtures/smoke_bank_level.tscn
Completed load for: 'res://tests/fixtures/smoke_bank_level.tscn' remapped 'res://tests/fixtures/smoke_bank_level.tscn' at thread -1
Loading resource: res://tests/fixtures/smoke_bank_level.tscn remapped: res://tests/fixtures/smoke_bank_level.tscn
Completed load for: 'res://tests/fixtures/smoke_bank_level.tscn' remapped 'res://tests/fixtures/smoke_bank_level.tscn' at thread -1
Loading resource: res://tests/fixtures/smoke_bank_level.tscn remapped: res://tests/fixtures/smoke_bank_level.tscn
Completed load for: 'res://tests/fixtures/smoke_bank_level.tscn' remapped 'res://tests/fixtures/smoke_bank_level.tscn' at thread -1
Loading resource: res://tests/fixtures/smoke_bank_level.tscn remapped: res://tests/fixtures/smoke_bank_level.tscn
Completed load for: 'res://tests/fixtures/smoke_bank_level.tscn' remapped 'res://tests/fixtures/smoke_bank_level.tscn' at thread -1
Loading resource: res://tests/fixtures/smoke_bank_level.tscn remapped: res://tests/fixtures/smoke_bank_level.tscn
Completed load for: 'res://tests/fixtures/smoke_bank_level.tscn' remapped 'res://tests/fixtures/smoke_bank_level.tscn' at thread -1
Loading resource: res://tests/fixtures/smoke_bank_level.tscn remapped: res://tests/fixtures/smoke_bank_level.tscn
Completed load for: 'res://tests/fixtures/smoke_bank_level.tscn' remapped 'res://tests/fixtures/smoke_bank_level.tscn' at thread -1
Loading resource: res://tests/fixtures/smoke_bank_level.tscn remapped: res://tests/fixtures/smoke_bank_level.tscn
Completed load for: 'res://tests/fixtures/smoke_bank_level.tscn' remapped 'res://tests/fixtures/smoke_bank_level.tscn' at thread -1
Loading resource: res://tests/fixtures/smoke_bank_level.tscn remapped: res://tests/fixtures/smoke_bank_level.tscn
Completed load for: 'res://tests/fixtures/smoke_bank_level.tscn' remapped 'res://tests/fixtures/smoke_bank_level.tscn' at thread -1
Loading resource: res://tests/fixtures/smoke_bank_level.tscn remapped: res://tests/fixtures/smoke_bank_level.tscn
Completed load for: 'res://tests/fixtures/smoke_bank_level.tscn' remapped 'res://tests/fixtures/smoke_bank_level.tscn' at thread -1
Loading resource: res://tests/fixtures/smoke_bank_level.tscn remapped: res://tests/fixtures/smoke_bank_level.tscn
Completed load for: 'res://tests/fixtures/smoke_bank_level.tscn' remapped 'res://tests/fixtures/smoke_bank_level.tscn' at thread -1
Loading resource: res://tests/fixtures/smoke_bank_level.tscn remapped: res://tests/fixtures/smoke_bank_level.tscn
Completed load for: 'res://tests/fixtures/smoke_bank_level.tscn' remapped 'res://tests/fixtures/smoke_bank_level.tscn' at thread -1
Loading resource: res://tests/fixtures/smoke_bank_level.tscn remapped: res://tests/fixtures/smoke_bank_level.tscn
Completed load for: 'res://tests/fixtures/smoke_bank_level.tscn' remapped 'res://tests/fixtures/smoke_bank_level.tscn' at thread -1
Loading resource: res://tests/fixtures/smoke_bank_level.tscn remapped: res://tests/fixtures/smoke_bank_level.tscn
Completed load for: 'res://tests/fixtures/smoke_bank_level.tscn' remapped 'res://tests/fixtures/smoke_bank_level.tscn' at thread -1
Loading resource: res://tests/fixtures/smoke_bank_level.tscn remapped: res://tests/fixtures/smoke_bank_level.tscn
Completed load for: 'res://tests/fixtures/smoke_bank_level.tscn' remapped 'res://tests/fixtures/smoke_bank_level.tscn' at thread -1
Loading resource: res://tests/fixtures/smoke_bank_level.tscn remapped: res://tests/fixtures/smoke_bank_level.tscn
Completed load for: 'res://tests/fixtures/smoke_bank_level.tscn' remapped 'res://tests/fixtures/smoke_bank_level.tscn' at thread -1
Loading resource: res://tests/fixtures/smoke_bank_level.tscn remapped: res://tests/fixtures/smoke_bank_level.tscn
Completed load for: 'res://tests/fixtures/smoke_bank_level.tscn' remapped 'res://tests/fixtures/smoke_bank_level.tscn' at thread -1
Loading resource: res://tests/fixtures/smoke_bank_level.tscn remapped: res://tests/fixtures/smoke_bank_level.tscn
Completed load for: 'res://tests/fixtures/smoke_bank_level.tscn' remapped 'res://tests/fixtures/smoke_bank_level.tscn' at thread -1
Loading resource: res://tests/fixtures/smoke_bank_level.tscn remapped: res://tests/fixtures/smoke_bank_level.tscn
Completed load for: 'res://tests/fixtures/smoke_bank_level.tscn' remapped 'res://tests/fixtures/smoke_bank_level.tscn' at thread -1
Loading resource: res://tests/fixtures/smoke_bank_level.tscn remapped: res://tests/fixtures/smoke_bank_level.tscn
Completed load for: 'res://tests/fixtures/smoke_bank_level.tscn' remapped 'res://tests/fixtures/smoke_bank_level.tscn' at thread -1
Loading resource: res://tests/fixtures/smoke_bank_level.tscn remapped: res://tests/fixtures/smoke_bank_level.tscn
Completed load for: 'res://tests/fixtures/smoke_bank_level.tscn' remapped 'res://tests/fixtures/smoke_bank_level.tscn' at thread -1
Loading resource: res://tests/fixtures/smoke_bank_level.tscn remapped: res://tests/fixtures/smoke_bank_level.tscn
Completed load for: 'res://tests/fixtures/smoke_bank_level.tscn' remapped 'res://tests/fixtures/smoke_bank_level.tscn' at thread -1
Loading resource: res://tests/fixtures/smoke_bank_level.tscn remapped: res://tests/fixtures/smoke_bank_level.tscn
Completed load for: 'res://tests/fixtures/smoke_bank_level.tscn' remapped 'res://tests/fixtures/smoke_bank_level.tscn' at thread -1
Loading resource: res://tests/fixtures/smoke_bank_level.tscn remapped: res://tests/fixtures/smoke_bank_level.tscn
Completed load for: 'res://tests/fixtures/smoke_bank_level.tscn' remapped 'res://tests/fixtures/smoke_bank_level.tscn' at thread -1
Loading resource: res://tests/fixtures/smoke_bank_level.tscn remapped: res://tests/fixtures/smoke_bank_level.tscn
Completed load for: 'res://tests/fixtures/smoke_bank_level.tscn' remapped 'res://tests/fixtures/smoke_bank_level.tscn' at thread -1
Loading resource: res://tests/fixtures/smoke_bank_level.tscn remapped: res://tests/fixtures/smoke_bank_level.tscn
Completed load for: 'res://tests/fixtures/smoke_bank_level.tscn' remapped 'res://tests/fixtures/smoke_bank_level.tscn' at thread -1
Loading resource: res://tests/fixtures/smoke_bank_level.tscn remapped: res://tests/fixtures/smoke_bank_level.tscn
Completed load for: 'res://tests/fixtures/smoke_bank_level.tscn' remapped 'res://tests/fixtures/smoke_bank_level.tscn' at thread -1
Loading resource: res://tests/fixtures/smoke_bank_level.tscn remapped: res://tests/fixtures/smoke_bank_level.tscn
Completed load for: 'res://tests/fixtures/smoke_bank_level.tscn' remapped 'res://tests/fixtures/smoke_bank_level.tscn' at thread -1
Loading resource: res://tests/fixtures/smoke_bank_level.tscn remapped: res://tests/fixtures/smoke_bank_level.tscn
Completed load for: 'res://tests/fixtures/smoke_bank_level.tscn' remapped 'res://tests/fixtures/smoke_bank_level.tscn' at thread -1
Loading resource: res://tests/fixtures/smoke_bank_level.tscn remapped: res://tests/fixtures/smoke_bank_level.tscn
Completed load for: 'res://tests/fixtures/smoke_bank_level.tscn' remapped 'res://tests/fixtures/smoke_bank_level.tscn' at thread -1
Loading resource: res://tests/fixtures/smoke_bank_level.tscn remapped: res://tests/fixtures/smoke_bank_level.tscn
Completed load for: 'res://tests/fixtures/smoke_bank_level.tscn' remapped 'res://tests/fixtures/smoke_bank_level.tscn' at thread -1
Loading resource: res://tests/fixtures/smoke_bank_level.tscn remapped: res://tests/fixtures/smoke_bank_level.tscn
Completed load for: 'res://tests/fixtures/smoke_bank_level.tscn' remapped 'res://tests/fixtures/smoke_bank_level.tscn' at thread -1
Loading resource: res://tests/fixtures/smoke_bank_level.tscn remapped: res://tests/fixtures/smoke_bank_level.tscn
Completed load for: 'res://tests/fixtures/smoke_bank_level.tscn' remapped 'res://tests/fixtures/smoke_bank_level.tscn' at thread -1
Loading resource: res://tests/fixtures/smoke_bank_level.tscn remapped: res://tests/fixtures/smoke_bank_level.tscn
Completed load for: 'res://tests/fixtures/smoke_bank_level.tscn' remapped 'res://tests/fixtures/smoke_bank_level.tscn' at thread -1
Loading resource: res://tests/fixtures/smoke_bank_level.tscn remapped: res://tests/fixtures/smoke_bank_level.tscn
Completed load for: 'res://tests/fixtures/smoke_bank_level.tscn' remapped 'res://tests/fixtures/smoke_bank_level.tscn' at thread -1
Loading resource: res://tests/fixtures/smoke_bank_level.tscn remapped: res://tests/fixtures/smoke_bank_level.tscn
Completed load for: 'res://tests/fixtures/smoke_bank_level.tscn' remapped 'res://tests/fixtures/smoke_bank_level.tscn' at thread -1
Loading resource: res://tests/fixtures/smoke_bank_level.tscn remapped: res://tests/fixtures/smoke_bank_level.tscn
Completed load for: 'res://tests/fixtures/smoke_bank_level.tscn' remapped 'res://tests/fixtures/smoke_bank_level.tscn' at thread -1
Loading resource: res://tests/fixtures/smoke_bank_level.tscn remapped: res://tests/fixtures/smoke_bank_level.tscn
Completed load for: 'res://tests/fixtures/smoke_bank_level.tscn' remapped 'res://tests/fixtures/smoke_bank_level.tscn' at thread -1
Loading resource: res://tests/fixtures/smoke_bank_level.tscn remapped: res://tests/fixtures/smoke_bank_level.tscn
Completed load for: 'res://tests/fixtures/smoke_bank_level.tscn' remapped 'res://tests/fixtures/smoke_bank_level.tscn' at thread -1
Loading resource: res://tests/fixtures/smoke_bank_level.tscn remapped: res://tests/fixtures/smoke_bank_level.tscn
Completed load for: 'res://tests/fixtures/smoke_bank_level.tscn' remapped 'res://tests/fixtures/smoke_bank_level.tscn' at thread -1
Loading resource: res://tests/fixtures/smoke_bank_level.tscn remapped: res://tests/fixtures/smoke_bank_level.tscn
Completed load for: 'res://tests/fixtures/smoke_bank_level.tscn' remapped 'res://tests/fixtures/smoke_bank_level.tscn' at thread -1
Loading resource: res://tests/fixtures/smoke_bank_level.tscn remapped: res://tests/fixtures/smoke_bank_level.tscn
Completed load for: 'res://tests/fixtures/smoke_bank_level.tscn' remapped 'res://tests/fixtures/smoke_bank_level.tscn' at thread -1
Loading resource: res://tests/fixtures/smoke_bank_level.tscn remapped: res://tests/fixtures/smoke_bank_level.tscn
Completed load for: 'res://tests/fixtures/smoke_bank_level.tscn' remapped 'res://tests/fixtures/smoke_bank_level.tscn' at thread -1
Loading resource: res://tests/fixtures/smoke_bank_level.tscn remapped: res://tests/fixtures/smoke_bank_level.tscn
Completed load for: 'res://tests/fixtures/smoke_bank_level.tscn' remapped 'res://tests/fixtures/smoke_bank_level.tscn' at thread -1
Loading resource: res://tests/fixtures/smoke_bank_level.tscn remapped: res://tests/fixtures/smoke_bank_level.tscn
Completed load for: 'res://tests/fixtures/smoke_bank_level.tscn' remapped 'res://tests/fixtures/smoke_bank_level.tscn' at thread -1
Loading resource: res://tests/fixtures/smoke_bank_level.tscn remapped: res://tests/fixtures/smoke_bank_level.tscn
Completed load for: 'res://tests/fixtures/smoke_bank_level.tscn' remapped 'res://tests/fixtures/smoke_bank_level.tscn' at thread -1
Loading resource: res://tests/fixtures/smoke_bank_level.tscn remapped: res://tests/fixtures/smoke_bank_level.tscn
Completed load for: 'res://tests/fixtures/smoke_bank_level.tscn' remapped 'res://tests/fixtures/smoke_bank_level.tscn' at thread -1
Loading resource: res://tests/fixtures/smoke_bank_level.tscn remapped: res://tests/fixtures/smoke_bank_level.tscn
Completed load for: 'res://tests/fixtures/smoke_bank_level.tscn' remapped 'res://tests/fixtures/smoke_bank_level.tscn' at thread -1
Loading resource: res://tests/fixtures/smoke_bank_level.tscn remapped: res://tests/fixtures/smoke_bank_level.tscn
Completed load for: 'res://tests/fixtures/smoke_bank_level.tscn' remapped 'res://tests/fixtures/smoke_bank_level.tscn' at thread -1
Loading resource: res://tests/fixtures/smoke_bank_level.tscn remapped: res://tests/fixtures/smoke_bank_level.tscn
Completed load for: 'res://tests/fixtures/smoke_bank_level.tscn' remapped 'res://tests/fixtures/smoke_bank_level.tscn' at thread -1
Loading resource: res://tests/fixtures/smoke_bank_level.tscn remapped: res://tests/fixtures/smoke_bank_level.tscn
Completed load for: 'res://tests/fixtures/smoke_bank_level.tscn' remapped 'res://tests/fixtures/smoke_bank_level.tscn' at thread -1
Loading resource: res://tests/fixtures/smoke_bank_level.tscn remapped: res://tests/fixtures/smoke_bank_level.tscn
Completed load for: 'res://tests/fixtures/smoke_bank_level.tscn' remapped 'res://tests/fixtures/smoke_bank_level.tscn' at thread -1
Loading resource: res://tests/fixtures/smoke_bank_level.tscn remapped: res://tests/fixtures/smoke_bank_level.tscn
Completed load for: 'res://tests/fixtures/smoke_bank_level.tscn' remapped 'res://tests/fixtures/smoke_bank_level.tscn' at thread -1
Loading resource: res://tests/fixtures/smoke_bank_level.tscn remapped: res://tests/fixtures/smoke_bank_level.tscn
Completed load for: 'res://tests/fixtures/smoke_bank_level.tscn' remapped 'res://tests/fixtures/smoke_bank_level.tscn' at thread -1
Loading resource: res://tests/fixtures/smoke_bank_level.tscn remapped: res://tests/fixtures/smoke_bank_level.tscn
Completed load for: 'res://tests/fixtures/smoke_bank_level.tscn' remapped 'res://tests/fixtures/smoke_bank_level.tscn' at thread -1
Loading resource: res://tests/fixtures/smoke_bank_level.tscn remapped: res://tests/fixtures/smoke_bank_level.tscn
Completed load for: 'res://tests/fixtures/smoke_bank_level.tscn' remapped 'res://tests/fixtures/smoke_bank_level.tscn' at thread -1
Loading resource: res://tests/fixtures/smoke_bank_level.tscn remapped: res://tests/fixtures/smoke_bank_level.tscn
Completed load for: 'res://tests/fixtures/smoke_bank_level.tscn' remapped 'res://tests/fixtures/smoke_bank_level.tscn' at thread -1
Loading resource: res://tests/fixtures/smoke_bank_level.tscn remapped: res://tests/fixtures/smoke_bank_level.tscn
Completed load for: 'res://tests/fixtures/smoke_bank_level.tscn' remapped 'res://tests/fixtures/smoke_bank_level.tscn' at thread -1
Loading resource: res://tests/fixtures/smoke_bank_level.tscn remapped: res://tests/fixtures/smoke_bank_level.tscn
Completed load for: 'res://tests/fixtures/smoke_bank_level.tscn' remapped 'res://tests/fixtures/smoke_bank_level.tscn' at thread -1
Loading resource: res://tests/fixtures/smoke_bank_level.tscn remapped: res://tests/fixtures/smoke_bank_level.tscn
Completed load for: 'res://tests/fixtures/smoke_bank_level.tscn' remapped 'res://tests/fixtures/smoke_bank_level.tscn' at thread -1
Loading resource: res://tests/fixtures/smoke_bank_level.tscn remapped: res://tests/fixtures/smoke_bank_level.tscn
Completed load for: 'res://tests/fixtures/smoke_bank_level.tscn' remapped 'res://tests/fixtures/smoke_bank_level.tscn' at thread -1
Loading resource: res://tests/fixtures/smoke_bank_level.tscn remapped: res://tests/fixtures/smoke_bank_level.tscn
Completed load for: 'res://tests/fixtures/smoke_bank_level.tscn' remapped 'res://tests/fixtures/smoke_bank_level.tscn' at thread -1
Loading resource: res://tests/fixtures/smoke_bank_level.tscn remapped: res://tests/fixtures/smoke_bank_level.tscn
Completed load for: 'res://tests/fixtures/smoke_bank_level.tscn' remapped 'res://tests/fixtures/smoke_bank_level.tscn' at thread -1
Loading resource: res://tests/fixtures/smoke_bank_level.tscn remapped: res://tests/fixtures/smoke_bank_level.tscn
Completed load for: 'res://tests/fixtures/smoke_bank_level.tscn' remapped 'res://tests/fixtures/smoke_bank_level.tscn' at thread -1
Loading resource: res://tests/fixtures/smoke_bank_level.tscn remapped: res://tests/fixtures/smoke_bank_level.tscn
Completed load for: 'res://tests/fixtures/smoke_bank_level.tscn' remapped 'res://tests/fixtures/smoke_bank_level.tscn' at thread -1
Loading resource: res://tests/fixtures/smoke_bank_level.tscn remapped: res://tests/fixtures/smoke_bank_level.tscn
Completed load for: 'res://tests/fixtures/smoke_bank_level.tscn' remapped 'res://tests/fixtures/smoke_bank_level.tscn' at thread -1
Loading resource: res://tests/fixtures/smoke_bank_level.tscn remapped: res://tests/fixtures/smoke_bank_level.tscn
Completed load for: 'res://tests/fixtures/smoke_bank_level.tscn' remapped 'res://tests/fixtures/smoke_bank_level.tscn' at thread -1
Loading resource: res://tests/fixtures/smoke_bank_level.tscn remapped: res://tests/fixtures/smoke_bank_level.tscn
Completed load for: 'res://tests/fixtures/smoke_bank_level.tscn' remapped 'res://tests/fixtures/smoke_bank_level.tscn' at thread -1
Loading resource: res://tests/fixtures/smoke_bank_level.tscn remapped: res://tests/fixtures/smoke_bank_level.tscn
Completed load for: 'res://tests/fixtures/smoke_bank_level.tscn' remapped 'res://tests/fixtures/smoke_bank_level.tscn' at thread -1
Loading resource: res://tests/fixtures/smoke_bank_level.tscn remapped: res://tests/fixtures/smoke_bank_level.tscn
Completed load for: 'res://tests/fixtures/smoke_bank_level.tscn' remapped 'res://tests/fixtures/smoke_bank_level.tscn' at thread -1
Loading resource: res://tests/fixtures/smoke_bank_level.tscn remapped: res://tests/fixtures/smoke_bank_level.tscn
Completed load for: 'res://tests/fixtures/smoke_bank_level.tscn' remapped 'res://tests/fixtures/smoke_bank_level.tscn' at thread -1
Loading resource: res://tests/fixtures/smoke_bank_level.tscn remapped: res://tests/fixtures/smoke_bank_level.tscn
Completed load for: 'res://tests/fixtures/smoke_bank_level.tscn' remapped 'res://tests/fixtures/smoke_bank_level.tscn' at thread -1
Loading resource: res://tests/fixtures/smoke_bank_level.tscn remapped: res://tests/fixtures/smoke_bank_level.tscn
Completed load for: 'res://tests/fixtures/smoke_bank_level.tscn' remapped 'res://tests/fixtures/smoke_bank_level.tscn' at thread -1
Loading resource: res://tests/fixtures/smoke_bank_level.tscn remapped: res://tests/fixtures/smoke_bank_level.tscn
Completed load for: 'res://tests/fixtures/smoke_bank_level.tscn' remapped 'res://tests/fixtures/smoke_bank_level.tscn' at thread -1
Loading resource: res://tests/fixtures/smoke_bank_level.tscn remapped: res://tests/fixtures/smoke_bank_level.tscn
Completed load for: 'res://tests/fixtures/smoke_bank_level.tscn' remapped 'res://tests/fixtures/smoke_bank_level.tscn' at thread -1
Loading resource: res://tests/fixtures/smoke_bank_level.tscn remapped: res://tests/fixtures/smoke_bank_level.tscn
Completed load for: 'res://tests/fixtures/smoke_bank_level.tscn' remapped 'res://tests/fixtures/smoke_bank_level.tscn' at thread -1
Loading resource: res://tests/fixtures/smoke_bank_level.tscn remapped: res://tests/fixtures/smoke_bank_level.tscn
Completed load for: 'res://tests/fixtures/smoke_bank_level.tscn' remapped 'res://tests/fixtures/smoke_bank_level.tscn' at thread -1
Loading resource: res://tests/fixtures/smoke_bank_level.tscn remapped: res://tests/fixtures/smoke_bank_level.tscn
Completed load for: 'res://tests/fixtures/smoke_bank_level.tscn' remapped 'res://tests/fixtures/smoke_bank_level.tscn' at thread -1
Loading resource: res://tests/fixtures/smoke_bank_level.tscn remapped: res://tests/fixtures/smoke_bank_level.tscn
Completed load for: 'res://tests/fixtures/smoke_bank_level.tscn' remapped 'res://tests/fixtures/smoke_bank_level.tscn' at thread -1
Smoke bank smoke: 306 checks, 1 failures
