Godot Engine v4.7.2.stable.official.ed1daf0bf - https://godotengine.org
OpenGL API 4.1 Metal - 90.5 - Compatibility - Using Device: Apple - Apple M3

WAITING: Focus the actual game window; launch resumes only after stable real focus.
PASS: actual game window gains stable focus before resume
PASS: focused launch stays resumed before the first capture
PASS: touch coordinates use the actual540x1170 portrait viewport
PASS: first gesture begins at the actual authored spawn
PASS: capture is actual540x1170: 01-opening.png
PASS: portrait image saves: 01-opening.png
PASS: first touch swipe begins with real focus and active simulation
PASS: final upper-left release becomes the exact screen aim anchor
PASS: literal touch swipe executes one full world dash
PASS: real dash landing immediately completes the first exercise
PASS: camera following the dash leaves the final screen anchor unchanged
PASS: capture is actual540x1170: 02-completed-dash-hall-target.png
PASS: portrait image saves: 02-completed-dash-hall-target.png
PASS: upper-left release then centre tap points down-right
PASS: centre touch tap executes a genuine immediate hall primary with empty shells
PASS: hall hit advances without a lecture timer
PASS: capture is actual540x1170: 03-hall-primary.png
PASS: portrait image saves: 03-hall-primary.png
PASS: touching the exact release point retains the preceding facing
PASS: zero-direction miss does not skip the workshop
PASS: pause freezes the shared action clock and actor
PASS: pause preserves the screen anchor
PASS: capture is actual540x1170: 04-paused.png
PASS: portrait image saves: 04-paused.png
PASS: focused shared pause exposes a visible RESUME button
PASS: resume UI click is consumed without combat or anchor reset
PASS: ordinary swipe may release at the right screen edge
PASS: capture is actual540x1170: 05-screen-edge-release.png
PASS: portrait image saves: 05-screen-edge-release.png
PASS: edge-anchor remedy performs another ordinary world dash
PASS: that dash restores a useful central release point without hidden recentering
PASS: capture is actual540x1170: 06-repositioned-anchor.png
PASS: portrait image saves: 06-repositioned-anchor.png
PASS: capture is actual540x1170: 07-workshop-staged-available.png
PASS: portrait image saves: 07-workshop-staged-available.png
PASS: workshop tap aims from the most recent ordinary swipe release
PASS: genuine empty-shell primary clears the staged workshop and advances immediately
PASS: portrait opening evidence does not claim arm-dependent full completion
PASS: capture is actual540x1170: 08-workshop-staged-primary.png
PASS: portrait image saves: 08-workshop-staged-primary.png
PASS: capture evidence file opens
A1-L1 opening portrait: 41 checks, 0 failures; 8 captures
