Godot Engine v4.7.2.stable.official.ed1daf0bf - https://godotengine.org

[   0% ] first_scan_filesystem | Started Project initialization (5 steps)
[   0% ] first_scan_filesystem | Scanning file structure...
[  16% ] first_scan_filesystem | Loading global class names...
[  33% ] first_scan_filesystem | Verifying GDExtensions...
[  50% ] first_scan_filesystem | Creating autoload scripts...
[  66% ] first_scan_filesystem | Initializing plugins...
[  83% ] first_scan_filesystem | Starting file scan...
[ DONE ] first_scan_filesystem

[   0% ] update_scripts_classes | Started Registering global classes... (63 steps)
[   0% ] update_scripts_classes | 
[   1% ] update_scripts_classes | 
[   3% ] update_scripts_classes | Act1LunarScenery
[   4% ] update_scripts_classes | 
[   6% ] update_scripts_classes | Act1RushSelenite
[   7% ] update_scripts_classes | Act1RushSeleniteArt
[   9% ] update_scripts_classes | 
[  10% ] update_scripts_classes | Act2RayScoutExchange
[  12% ] update_scripts_classes | Act2SalvageHandlerActor
[  14% ] update_scripts_classes | Act2SalvageHandlerVisual
[  15% ] update_scripts_classes | 
[  17% ] update_scripts_classes | 
[  18% ] update_scripts_classes | 
[  20% ] update_scripts_classes | 
[  21% ] update_scripts_classes | CinderCampaignShell
[  23% ] update_scripts_classes | CinderLaneMechanism
[  25% ] update_scripts_classes | CinderReplayFootprint
[  26% ] update_scripts_classes | CinderReplayPlayback
[  28% ] update_scripts_classes | CinderSmokeBank
[  29% ] update_scripts_classes | CinderThreatGeometry
[  31% ] update_scripts_classes | CinderThreatScheduler
[  32% ] update_scripts_classes | CinderCueMesh
[  34% ] update_scripts_classes | CinderThreatCue
[  35% ] update_scripts_classes | CinderCampaignMenu
[  37% ] update_scripts_classes | 
[  39% ] update_scripts_classes | 
[  40% ] update_scripts_classes | 
[  42% ] update_scripts_classes | 
[  43% ] update_scripts_classes | 
[  45% ] update_scripts_classes | 
[  46% ] update_scripts_classes | 
[  48% ] update_scripts_classes | 
[  50% ] update_scripts_classes | 
[  51% ] update_scripts_classes | 
[  53% ] update_scripts_classes | 
[  54% ] update_scripts_classes | 
[  56% ] update_scripts_classes | 
[  57% ] update_scripts_classes | 
[  59% ] update_scripts_classes | 
[  60% ] update_scripts_classes | 
[  62% ] update_scripts_classes | 
[  64% ] update_scripts_classes | 
[  65% ] update_scripts_classes | 
[  67% ] update_scripts_classes | 
[  68% ] update_scripts_classes | 
[  70% ] update_scripts_classes | 
[  71% ] update_scripts_classes | 
[  73% ] update_scripts_classes | 
[  75% ] update_scripts_classes | 
[  76% ] update_scripts_classes | 
[  78% ] update_scripts_classes | 
[  79% ] update_scripts_classes | 
[  81% ] update_scripts_classes | 
[  82% ] update_scripts_classes | 
[  84% ] update_scripts_classes | 
[  85% ] update_scripts_classes | 
[  87% ] update_scripts_classes | 
[  89% ] update_scripts_classes | 
[  90% ] update_scripts_classes | 
[  92% ] update_scripts_classes | 
[  93% ] update_scripts_classes | 
[  95% ] update_scripts_classes | 
[  96% ] update_scripts_classes | 
[ DONE ] update_scripts_classes

[   0% ] _update_scan_actions | Started Scanning actions... (176 steps)
[   0% ] _update_scan_actions | earth_globe.png
[   0% ] _update_scan_actions | human_star_performer.png
[   1% ] _update_scan_actions | lunar_accents_contact_sheet.png
[   1% ] _update_scan_actions | painted_rock_surface.png
[   2% ] _update_scan_actions | saturn_performer.png
[   2% ] _update_scan_actions | camp_sleeping_tableau.png
[   3% ] _update_scan_actions | capsule_landed_closed.png
[   3% ] _update_scan_actions | crescent_performer.png
[   4% ] _update_scan_actions | environment_contact_sheet.png
[   5% ] _update_scan_actions | floor_silver_tile.png
[   5% ] _update_scan_actions | grotto_threshold_open.png
[   6% ] _update_scan_actions | rock_flat_low_a.png
[   6% ] _update_scan_actions | rock_flat_low_b.png
[   7% ] _update_scan_actions | rusher_back_crouch.png
[   7% ] _update_scan_actions | rusher_back_recovery.png
[   8% ] _update_scan_actions | rusher_back_rush.png
[   9% ] _update_scan_actions | rusher_back_standing.png
[   9% ] _update_scan_actions | rusher_contact_sheet.png
[  10% ] _update_scan_actions | rusher_front_crouch.png
[  10% ] _update_scan_actions | rusher_front_recovery.png
[  11% ] _update_scan_actions | rusher_front_rush.png
[  11% ] _update_scan_actions | rusher_front_standing.png
[  12% ] _update_scan_actions | rusher_side_crouch.png
[  12% ] _update_scan_actions | rusher_side_recovery.png
[  13% ] _update_scan_actions | rusher_side_rush.png
[  14% ] _update_scan_actions | rusher_side_standing.png
[  14% ] _update_scan_actions | 01-spawn.png
[  15% ] _update_scan_actions | 02-landing-warning.png
[  15% ] _update_scan_actions | 03-landing-safe-side.png
[  16% ] _update_scan_actions | 04-solo-warning.png
[  16% ] _update_scan_actions | 05-solo-safe-side.png
[  17% ] _update_scan_actions | 06-solo-lock.png
[  18% ] _update_scan_actions | 07-solo-active.png
[  18% ] _update_scan_actions | 08-solo-recovery.png
[  19% ] _update_scan_actions | 09-solo-primary-opening.png
[  19% ] _update_scan_actions | 10-solo-clear.png
[  20% ] _update_scan_actions | 11-open-warning.png
[  20% ] _update_scan_actions | 12-open-safe-side.png
[  21% ] _update_scan_actions | 13-open-lock.png
[  22% ] _update_scan_actions | 14-open-active.png
[  22% ] _update_scan_actions | 15-open-recovery.png
[  23% ] _update_scan_actions | 16-open-compound-safe-opening.png
[  23% ] _update_scan_actions | 17-open-primary-opening.png
[  24% ] _update_scan_actions | 18-open-clear.png
[  24% ] _update_scan_actions | 19-celestial-camp.png
[  25% ] _update_scan_actions | 20-celestial-camp-paused.png
[  25% ] _update_scan_actions | 21-finale-warning.png
[  26% ] _update_scan_actions | 22-finale-safe-side.png
[  27% ] _update_scan_actions | 23-finale-lock.png
[  27% ] _update_scan_actions | 24-finale-active.png
[  28% ] _update_scan_actions | 25-finale-recovery.png
[  28% ] _update_scan_actions | 26-finale-compound-safe-opening.png
[  29% ] _update_scan_actions | 27-finale-primary-opening.png
[  29% ] _update_scan_actions | 28-finale-clear.png
[  30% ] _update_scan_actions | 29-grotto-open.png
[  31% ] _update_scan_actions | 30-grotto-contact.png
[  31% ] _update_scan_actions | 01-spawn.png
[  32% ] _update_scan_actions | 02-landing-warning.png
[  32% ] _update_scan_actions | 03-landing-safe-side.png
[  33% ] _update_scan_actions | 04-solo-warning.png
[  33% ] _update_scan_actions | 05-solo-safe-side.png
[  34% ] _update_scan_actions | 06-solo-lock.png
[  35% ] _update_scan_actions | 07-solo-active.png
[  35% ] _update_scan_actions | 08-solo-recovery.png
[  36% ] _update_scan_actions | 09-solo-primary-opening.png
[  36% ] _update_scan_actions | 10-solo-clear.png
[  37% ] _update_scan_actions | 11-rock-warning.png
[  37% ] _update_scan_actions | 12-rock-safe-side.png
[  38% ] _update_scan_actions | 13-rock-lock.png
[  38% ] _update_scan_actions | 14-rock-active.png
[  39% ] _update_scan_actions | 15-rock-recovery.png
[  40% ] _update_scan_actions | 16-rock-compound-safe-opening.png
[  40% ] _update_scan_actions | 17-rock-primary-opening.png
[  41% ] _update_scan_actions | 18-rock-clear.png
[  41% ] _update_scan_actions | 19-celestial-camp.png
[  42% ] _update_scan_actions | 20-celestial-camp-paused.png
[  42% ] _update_scan_actions | 21-finale-warning.png
[  43% ] _update_scan_actions | 22-finale-safe-side.png
[  44% ] _update_scan_actions | 23-finale-lock.png
[  44% ] _update_scan_actions | 24-finale-active.png
[  45% ] _update_scan_actions | 25-finale-recovery.png
[  45% ] _update_scan_actions | 26-finale-compound-safe-opening.png
[  46% ] _update_scan_actions | 27-finale-primary-opening.png
[  46% ] _update_scan_actions | 28-finale-clear.png
[  47% ] _update_scan_actions | 29-grotto-open.png
[  48% ] _update_scan_actions | 30-grotto-contact.png
[  48% ] _update_scan_actions | 01-spawn.png
[  49% ] _update_scan_actions | 02-landing-warning.png
[  49% ] _update_scan_actions | 03-landing-safe-side.png
[  50% ] _update_scan_actions | 04-solo-warning.png
[  50% ] _update_scan_actions | 05-solo-safe-side.png
[  51% ] _update_scan_actions | 06-solo-lock.png
[  51% ] _update_scan_actions | 07-solo-active.png
[  52% ] _update_scan_actions | 08-solo-recovery.png
[  53% ] _update_scan_actions | 09-solo-primary-opening.png
[  53% ] _update_scan_actions | 10-solo-clear.png
[  54% ] _update_scan_actions | 11-rock-warning.png
[  54% ] _update_scan_actions | 12-rock-safe-side.png
[  55% ] _update_scan_actions | 13-rock-lock.png
[  55% ] _update_scan_actions | 14-rock-active.png
[  56% ] _update_scan_actions | 15-rock-recovery.png
[  57% ] _update_scan_actions | 16-rock-compound-safe-opening.png
[  57% ] _update_scan_actions | 17-rock-primary-opening.png
[  58% ] _update_scan_actions | 18-rock-clear.png
[  58% ] _update_scan_actions | 01-spawn.png
[  59% ] _update_scan_actions | 02-landing-warning.png
[  59% ] _update_scan_actions | 03-landing-safe-side.png
[  60% ] _update_scan_actions | 04-solo-warning.png
[  61% ] _update_scan_actions | 05-solo-safe-side.png
[  61% ] _update_scan_actions | 06-solo-lock.png
[  62% ] _update_scan_actions | 07-solo-active.png
[  62% ] _update_scan_actions | 08-solo-recovery.png
[  63% ] _update_scan_actions | 09-solo-primary-opening.png
[  63% ] _update_scan_actions | 10-solo-clear.png
[  64% ] _update_scan_actions | 11-rock-warning.png
[  64% ] _update_scan_actions | 12-rock-safe-side.png
[  65% ] _update_scan_actions | 13-rock-lock.png
[  66% ] _update_scan_actions | 14-rock-active.png
[  66% ] _update_scan_actions | 15-rock-recovery.png
[  67% ] _update_scan_actions | 16-rock-compound-safe-opening.png
[  67% ] _update_scan_actions | 17-rock-primary-opening.png
[  68% ] _update_scan_actions | 18-rock-clear.png
[  68% ] _update_scan_actions | 19-celestial-camp.png
[  69% ] _update_scan_actions | 20-celestial-camp-paused.png
[  70% ] _update_scan_actions | 21-finale-warning.png
[  70% ] _update_scan_actions | 22-finale-safe-side.png
[  71% ] _update_scan_actions | 23-finale-lock.png
[  71% ] _update_scan_actions | 24-finale-active.png
[  72% ] _update_scan_actions | 25-finale-recovery.png
[  72% ] _update_scan_actions | 26-finale-compound-safe-opening.png
[  73% ] _update_scan_actions | 27-finale-primary-opening.png
[  74% ] _update_scan_actions | 28-finale-clear.png
[  74% ] _update_scan_actions | 29-grotto-open.png
[  75% ] _update_scan_actions | 30-grotto-contact.png
[  75% ] _update_scan_actions | active.png
[  76% ] _update_scan_actions | defeated.png
[  76% ] _update_scan_actions | lock.png
[  77% ] _update_scan_actions | primary-opening.png
[  77% ] _update_scan_actions | recovery.png
[  78% ] _update_scan_actions | warning.png
[  79% ] _update_scan_actions | active.png
[  79% ] _update_scan_actions | defeated.png
[  80% ] _update_scan_actions | lock.png
[  80% ] _update_scan_actions | primary-opening.png
[  81% ] _update_scan_actions | recovery.png
[  81% ] _update_scan_actions | warning.png
[  82% ] _update_scan_actions | camp.png
[  83% ] _update_scan_actions | grotto.png
[  83% ] _update_scan_actions | landing.png
[  84% ] _update_scan_actions | open-approach.png
[  84% ] _update_scan_actions | rock-approach.png
[  85% ] _update_scan_actions | split.png
[  85% ] _update_scan_actions | camp.png
[  86% ] _update_scan_actions | grotto.png
[  87% ] _update_scan_actions | landing.png
[  87% ] _update_scan_actions | open-approach.png
[  88% ] _update_scan_actions | rock-approach.png
[  88% ] _update_scan_actions | split.png
[  89% ] _update_scan_actions | active.png
[  89% ] _update_scan_actions | defeated.png
[  90% ] _update_scan_actions | lock.png
[  90% ] _update_scan_actions | primary-opening.png
[  91% ] _update_scan_actions | recovery.png
[  92% ] _update_scan_actions | warning.png
[  92% ] _update_scan_actions | active.png
[  93% ] _update_scan_actions | defeated.png
[  93% ] _update_scan_actions | lock.png
[  94% ] _update_scan_actions | primary-opening.png
[  94% ] _update_scan_actions | recovery.png
[  95% ] _update_scan_actions | warning.png
[  96% ] _update_scan_actions | active.png
[  96% ] _update_scan_actions | defeated.png
[  97% ] _update_scan_actions | lock.png
[  97% ] _update_scan_actions | primary-opening.png
[  98% ] _update_scan_actions | recovery.png
[  98% ] _update_scan_actions | warning.png
[ DONE ] _update_scan_actions

[   0% ] reimport | Started (Re)Importing Assets (176 steps)
[   0% ] reimport | Preparing files to reimport...
[   0% ] reimport | Preparing files to reimport...
[   1% ] reimport | Preparing files to reimport...
[   1% ] reimport | Preparing files to reimport...
[   2% ] reimport | Preparing files to reimport...
[   2% ] reimport | Preparing files to reimport...
[   3% ] reimport | Preparing files to reimport...
[   3% ] reimport | Preparing files to reimport...
[   4% ] reimport | Preparing files to reimport...
[   5% ] reimport | Preparing files to reimport...
[   5% ] reimport | Preparing files to reimport...
[   6% ] reimport | Preparing files to reimport...
[   6% ] reimport | Preparing files to reimport...
[   7% ] reimport | Preparing files to reimport...
[   7% ] reimport | Preparing files to reimport...
[   8% ] reimport | Preparing files to reimport...
[   9% ] reimport | Preparing files to reimport...
[   9% ] reimport | Preparing files to reimport...
[  10% ] reimport | Preparing files to reimport...
[  10% ] reimport | Preparing files to reimport...
[  11% ] reimport | Preparing files to reimport...
[  11% ] reimport | Preparing files to reimport...
[  12% ] reimport | Preparing files to reimport...
[  12% ] reimport | Preparing files to reimport...
[  13% ] reimport | Preparing files to reimport...
[  14% ] reimport | Preparing files to reimport...
[  14% ] reimport | Preparing files to reimport...
[  15% ] reimport | Preparing files to reimport...
[  15% ] reimport | Preparing files to reimport...
[  16% ] reimport | Preparing files to reimport...
[  16% ] reimport | Preparing files to reimport...
[  17% ] reimport | Preparing files to reimport...
[  18% ] reimport | Preparing files to reimport...
[  18% ] reimport | Preparing files to reimport...
[  19% ] reimport | Preparing files to reimport...
[  19% ] reimport | Preparing files to reimport...
[  20% ] reimport | Preparing files to reimport...
[  20% ] reimport | Preparing files to reimport...
[  21% ] reimport | Preparing files to reimport...
[  22% ] reimport | Preparing files to reimport...
[  22% ] reimport | Preparing files to reimport...
[  23% ] reimport | Preparing files to reimport...
[  23% ] reimport | Preparing files to reimport...
[  24% ] reimport | Preparing files to reimport...
[  24% ] reimport | Preparing files to reimport...
[  25% ] reimport | Preparing files to reimport...
[  25% ] reimport | Preparing files to reimport...
[  26% ] reimport | Preparing files to reimport...
[  27% ] reimport | Preparing files to reimport...
[  27% ] reimport | Preparing files to reimport...
[  28% ] reimport | Preparing files to reimport...
[  28% ] reimport | Preparing files to reimport...
[  29% ] reimport | Preparing files to reimport...
[  29% ] reimport | Preparing files to reimport...
[  30% ] reimport | Preparing files to reimport...
[  31% ] reimport | Preparing files to reimport...
[  31% ] reimport | Preparing files to reimport...
[  32% ] reimport | Preparing files to reimport...
[  32% ] reimport | Preparing files to reimport...
[  33% ] reimport | Preparing files to reimport...
[  33% ] reimport | Preparing files to reimport...
[  34% ] reimport | Preparing files to reimport...
[  35% ] reimport | Preparing files to reimport...
[  35% ] reimport | Preparing files to reimport...
[  36% ] reimport | Preparing files to reimport...
[  36% ] reimport | Preparing files to reimport...
[  37% ] reimport | Preparing files to reimport...
[  37% ] reimport | Preparing files to reimport...
[  38% ] reimport | Preparing files to reimport...
[  38% ] reimport | Preparing files to reimport...
[  39% ] reimport | Preparing files to reimport...
[  40% ] reimport | Preparing files to reimport...
[  40% ] reimport | Preparing files to reimport...
[  41% ] reimport | Preparing files to reimport...
[  41% ] reimport | Preparing files to reimport...
[  42% ] reimport | Preparing files to reimport...
[  42% ] reimport | Preparing files to reimport...
[  43% ] reimport | Preparing files to reimport...
[  44% ] reimport | Preparing files to reimport...
[  44% ] reimport | Preparing files to reimport...
[  45% ] reimport | Preparing files to reimport...
[  45% ] reimport | Preparing files to reimport...
[  46% ] reimport | Preparing files to reimport...
[  46% ] reimport | Preparing files to reimport...
[  47% ] reimport | Preparing files to reimport...
[  48% ] reimport | Preparing files to reimport...
[  48% ] reimport | Preparing files to reimport...
[  49% ] reimport | Preparing files to reimport...
[  49% ] reimport | Preparing files to reimport...
[  50% ] reimport | Preparing files to reimport...
[  50% ] reimport | Preparing files to reimport...
[  51% ] reimport | Preparing files to reimport...
[  51% ] reimport | Preparing files to reimport...
[  52% ] reimport | Preparing files to reimport...
[  53% ] reimport | Preparing files to reimport...
[  53% ] reimport | Preparing files to reimport...
[  54% ] reimport | Preparing files to reimport...
[  54% ] reimport | Preparing files to reimport...
[  55% ] reimport | Preparing files to reimport...
[  55% ] reimport | Preparing files to reimport...
[  56% ] reimport | Preparing files to reimport...
[  57% ] reimport | Preparing files to reimport...
[  57% ] reimport | Preparing files to reimport...
[  58% ] reimport | Preparing files to reimport...
[  58% ] reimport | Preparing files to reimport...
[  59% ] reimport | Preparing files to reimport...
[  59% ] reimport | Preparing files to reimport...
[  60% ] reimport | Preparing files to reimport...
[  61% ] reimport | Preparing files to reimport...
[  61% ] reimport | Preparing files to reimport...
[  62% ] reimport | Preparing files to reimport...
[  62% ] reimport | Preparing files to reimport...
[  63% ] reimport | Preparing files to reimport...
[  63% ] reimport | Preparing files to reimport...
[  64% ] reimport | Preparing files to reimport...
[  64% ] reimport | Preparing files to reimport...
[  65% ] reimport | Preparing files to reimport...
[  66% ] reimport | Preparing files to reimport...
[  66% ] reimport | Preparing files to reimport...
[  67% ] reimport | Preparing files to reimport...
[  67% ] reimport | Preparing files to reimport...
[  68% ] reimport | Preparing files to reimport...
[  68% ] reimport | Preparing files to reimport...
[  69% ] reimport | Preparing files to reimport...
[  70% ] reimport | Preparing files to reimport...
[  70% ] reimport | Preparing files to reimport...
[  71% ] reimport | Preparing files to reimport...
[  71% ] reimport | Preparing files to reimport...
[  72% ] reimport | Preparing files to reimport...
[  72% ] reimport | Preparing files to reimport...
[  73% ] reimport | Preparing files to reimport...
[  74% ] reimport | Preparing files to reimport...
[  74% ] reimport | Preparing files to reimport...
[  75% ] reimport | Preparing files to reimport...
[  75% ] reimport | Preparing files to reimport...
[  76% ] reimport | Preparing files to reimport...
[  76% ] reimport | Preparing files to reimport...
[  77% ] reimport | Preparing files to reimport...
[  77% ] reimport | Preparing files to reimport...
[  78% ] reimport | Preparing files to reimport...
[  79% ] reimport | Preparing files to reimport...
[  79% ] reimport | Preparing files to reimport...
[  80% ] reimport | Preparing files to reimport...
[  80% ] reimport | Preparing files to reimport...
[  81% ] reimport | Preparing files to reimport...
[  81% ] reimport | Preparing files to reimport...
[  82% ] reimport | Preparing files to reimport...
[  83% ] reimport | Preparing files to reimport...
[  83% ] reimport | Preparing files to reimport...
[  84% ] reimport | Preparing files to reimport...
[  84% ] reimport | Preparing files to reimport...
[  85% ] reimport | Preparing files to reimport...
[  85% ] reimport | Preparing files to reimport...
[  86% ] reimport | Preparing files to reimport...
[  87% ] reimport | Preparing files to reimport...
[  87% ] reimport | Preparing files to reimport...
[  88% ] reimport | Preparing files to reimport...
[  88% ] reimport | Preparing files to reimport...
[  89% ] reimport | Preparing files to reimport...
[  89% ] reimport | Preparing files to reimport...
[  90% ] reimport | Preparing files to reimport...
[  90% ] reimport | Preparing files to reimport...
[  91% ] reimport | Preparing files to reimport...
[  92% ] reimport | Preparing files to reimport...
[  92% ] reimport | Preparing files to reimport...
[  93% ] reimport | Preparing files to reimport...
[  93% ] reimport | Preparing files to reimport...
[  94% ] reimport | Preparing files to reimport...
[  94% ] reimport | Preparing files to reimport...
[  95% ] reimport | Preparing files to reimport...
[  96% ] reimport | Preparing files to reimport...
[  96% ] reimport | Preparing files to reimport...
[  97% ] reimport | Preparing files to reimport...
[  97% ] reimport | Preparing files to reimport...
[  98% ] reimport | Preparing files to reimport...
[  98% ] reimport | Preparing files to reimport...
[   0% ] reimport | Executing pre-reimport operations...
[   0% ] reimport | 07-solo-active.png
[   0% ] reimport | 08-solo-recovery.png
[   1% ] reimport | 09-solo-primary-opening.png
[   1% ] reimport | 10-solo-clear.png
[   2% ] reimport | 11-rock-warning.png
[   2% ] reimport | 12-rock-safe-side.png
[   3% ] reimport | 13-rock-lock.png
[   3% ] reimport | 14-rock-active.png
[   4% ] reimport | 15-rock-recovery.png
[   5% ] reimport | 16-rock-compound-safe-opening.png
[   5% ] reimport | 17-rock-primary-opening.png
[   6% ] reimport | 18-rock-clear.png
[   6% ] reimport | 19-celestial-camp.png
[   7% ] reimport | 20-celestial-camp-paused.png
[   7% ] reimport | 21-finale-warning.png
[   8% ] reimport | 22-finale-safe-side.png
[   9% ] reimport | 23-finale-lock.png
[   9% ] reimport | 24-finale-active.png
[  10% ] reimport | 25-finale-recovery.png
[  10% ] reimport | 26-finale-compound-safe-opening.png
[  11% ] reimport | 27-finale-primary-opening.png
[  11% ] reimport | 28-finale-clear.png
[  12% ] reimport | 03-landing-safe-side.png
[  12% ] reimport | 04-solo-warning.png
[  13% ] reimport | 05-solo-safe-side.png
[  14% ] reimport | 06-solo-lock.png
[  14% ] reimport | 07-solo-active.png
[  15% ] reimport | 08-solo-recovery.png
[  15% ] reimport | 09-solo-primary-opening.png
[  16% ] reimport | 10-solo-clear.png
[  16% ] reimport | 11-rock-warning.png
[  17% ] reimport | 12-rock-safe-side.png
[  18% ] reimport | 13-rock-lock.png
[  18% ] reimport | 14-rock-active.png
[  19% ] reimport | 15-rock-recovery.png
[  19% ] reimport | 16-rock-compound-safe-opening.png
[  20% ] reimport | 17-rock-primary-opening.png
[  20% ] reimport | 18-rock-clear.png
[  21% ] reimport | 01-spawn.png
[  22% ] reimport | 02-landing-warning.png
[  22% ] reimport | 03-landing-safe-side.png
[  23% ] reimport | 04-solo-warning.png
[  23% ] reimport | 05-solo-safe-side.png
[  24% ] reimport | 06-solo-lock.png
[  24% ] reimport | landing.png
[  25% ] reimport | open-approach.png
[  25% ] reimport | rock-approach.png
[  26% ] reimport | split.png
[  27% ] reimport | active.png
[  27% ] reimport | defeated.png
[  28% ] reimport | lock.png
[  28% ] reimport | primary-opening.png
[  29% ] reimport | recovery.png
[  29% ] reimport | warning.png
[  30% ] reimport | active.png
[  31% ] reimport | defeated.png
[  31% ] reimport | lock.png
[  32% ] reimport | primary-opening.png
[  32% ] reimport | recovery.png
[  33% ] reimport | warning.png
[  33% ] reimport | active.png
[  34% ] reimport | defeated.png
[  35% ] reimport | lock.png
[  35% ] reimport | primary-opening.png
[  36% ] reimport | recovery.png
[  36% ] reimport | warning.png
[  37% ] reimport | 29-grotto-open.png
[  37% ] reimport | 30-grotto-contact.png
[  38% ] reimport | active.png
[  38% ] reimport | defeated.png
[  39% ] reimport | lock.png
[  40% ] reimport | primary-opening.png
[  40% ] reimport | recovery.png
[  41% ] reimport | warning.png
[  41% ] reimport | active.png
[  42% ] reimport | defeated.png
[  42% ] reimport | lock.png
[  43% ] reimport | primary-opening.png
[  44% ] reimport | recovery.png
[  44% ] reimport | warning.png
[  45% ] reimport | camp.png
[  45% ] reimport | grotto.png
[  46% ] reimport | landing.png
[  46% ] reimport | open-approach.png
[  47% ] reimport | rock-approach.png
[  48% ] reimport | split.png
[  48% ] reimport | camp.png
[  49% ] reimport | grotto.png
[  49% ] reimport | rusher_side_crouch.png
[  50% ] reimport | rusher_side_recovery.png
[  50% ] reimport | rusher_side_rush.png
[  51% ] reimport | rusher_side_standing.png
[  51% ] reimport | 01-spawn.png
[  52% ] reimport | 02-landing-warning.png
[  53% ] reimport | 03-landing-safe-side.png
[  53% ] reimport | 04-solo-warning.png
[  54% ] reimport | 05-solo-safe-side.png
[  54% ] reimport | 06-solo-lock.png
[  55% ] reimport | 07-solo-active.png
[  55% ] reimport | 08-solo-recovery.png
[  56% ] reimport | 09-solo-primary-opening.png
[  57% ] reimport | 10-solo-clear.png
[  57% ] reimport | 11-open-warning.png
[  58% ] reimport | 12-open-safe-side.png
[  58% ] reimport | 13-open-lock.png
[  59% ] reimport | 14-open-active.png
[  59% ] reimport | 15-open-recovery.png
[  60% ] reimport | 16-open-compound-safe-opening.png
[  61% ] reimport | 17-open-primary-opening.png
[  61% ] reimport | 18-open-clear.png
[  62% ] reimport | earth_globe.png
[  62% ] reimport | human_star_performer.png
[  63% ] reimport | lunar_accents_contact_sheet.png
[  63% ] reimport | painted_rock_surface.png
[  64% ] reimport | saturn_performer.png
[  64% ] reimport | camp_sleeping_tableau.png
[  65% ] reimport | capsule_landed_closed.png
[  66% ] reimport | crescent_performer.png
[  66% ] reimport | environment_contact_sheet.png
[  67% ] reimport | floor_silver_tile.png
[  67% ] reimport | grotto_threshold_open.png
[  68% ] reimport | rock_flat_low_a.png
[  68% ] reimport | rock_flat_low_b.png
[  69% ] reimport | rusher_back_crouch.png
[  70% ] reimport | rusher_back_recovery.png
[  70% ] reimport | rusher_back_rush.png
[  71% ] reimport | rusher_back_standing.png
[  71% ] reimport | rusher_contact_sheet.png
[  72% ] reimport | rusher_front_crouch.png
[  72% ] reimport | rusher_front_recovery.png
[  73% ] reimport | rusher_front_rush.png
[  74% ] reimport | rusher_front_standing.png
[  74% ] reimport | 11-rock-warning.png
[  75% ] reimport | 12-rock-safe-side.png
[  75% ] reimport | 13-rock-lock.png
[  76% ] reimport | 14-rock-active.png
[  76% ] reimport | 15-rock-recovery.png
[  77% ] reimport | 16-rock-compound-safe-opening.png
[  77% ] reimport | 17-rock-primary-opening.png
[  78% ] reimport | 18-rock-clear.png
[  79% ] reimport | 19-celestial-camp.png
[  79% ] reimport | 20-celestial-camp-paused.png
[  80% ] reimport | 21-finale-warning.png
[  80% ] reimport | 22-finale-safe-side.png
[  81% ] reimport | 23-finale-lock.png
[  81% ] reimport | 24-finale-active.png
[  82% ] reimport | 25-finale-recovery.png
[  83% ] reimport | 26-finale-compound-safe-opening.png
[  83% ] reimport | 27-finale-primary-opening.png
[  84% ] reimport | 28-finale-clear.png
[  84% ] reimport | 29-grotto-open.png
[  85% ] reimport | 30-grotto-contact.png
[  85% ] reimport | 01-spawn.png
[  86% ] reimport | 02-landing-warning.png
[  87% ] reimport | 19-celestial-camp.png
[  87% ] reimport | 20-celestial-camp-paused.png
[  88% ] reimport | 21-finale-warning.png
[  88% ] reimport | 22-finale-safe-side.png
[  89% ] reimport | 23-finale-lock.png
[  89% ] reimport | 24-finale-active.png
[  90% ] reimport | 25-finale-recovery.png
[  90% ] reimport | 26-finale-compound-safe-opening.png
[  91% ] reimport | 27-finale-primary-opening.png
[  92% ] reimport | 28-finale-clear.png
[  92% ] reimport | 29-grotto-open.png
[  93% ] reimport | 30-grotto-contact.png
[  93% ] reimport | 01-spawn.png
[  94% ] reimport | 02-landing-warning.png
[  94% ] reimport | 03-landing-safe-side.png
[  95% ] reimport | 04-solo-warning.png
[  96% ] reimport | 05-solo-safe-side.png
[  96% ] reimport | 06-solo-lock.png
[  97% ] reimport | 07-solo-active.png
[  97% ] reimport | 08-solo-recovery.png
[  98% ] reimport | 09-solo-primary-opening.png
[  98% ] reimport | 10-solo-clear.png
[  99% ] reimport | Finalizing Asset Import...
[ DONE ] reimport

[   0% ] reimport | Started (Re)Importing Assets (176 steps)
[   0% ] reimport | Executing post-reimport operations...
[ DONE ] reimport

[   0% ] loading_editor_layout | Started Loading editor (5 steps)
[   0% ] loading_editor_layout | Loading editor layout...
[  16% ] loading_editor_layout | Loading docks...
[  33% ] loading_editor_layout | Reopening scenes...
[  50% ] loading_editor_layout | Loading central editor layout...
[  66% ] loading_editor_layout | Loading plugin window layout...
[  83% ] loading_editor_layout | Editor layout ready.
[ DONE ] loading_editor_layout

