Godot Engine v4.7.2.stable.official.ed1daf0bf - https://godotengine.org
OpenGL API 4.1 Metal - 90.5 - Compatibility - Using Device: Apple - Apple M3

PASS: fixture asserts exact accepted HANDOFF provenance (optional --expected-commit=<40hex>)
PASS: actual production registry validates the exact accepted authored A1-L2 scene: 
PASS: production registry configures only isolated PID user paths
PASS: real production Title has no duplicate live world for isolated first launch: 
PASS: first launch invents no prior story progress
PASS: optional portrait capture uses actual graphical renderer
PASS: actual540x1170 production portrait captured: /Users/howardchen/Library/Application Support/Godot/app_userdata/Cinder/test-act1-l2-registration-captures-67349-805827/title-locked.png
PASS: real Journey keeps accepted A1-L2 locked behind its actual A1-L1 prerequisite
PASS: optional portrait capture uses actual graphical renderer
PASS: actual540x1170 production portrait captured: /Users/howardchen/Library/Application Support/Godot/app_userdata/Cinder/test-act1-l2-registration-captures-67349-805827/journey-locked.png
PASS: disabled locked card neither loads A1-L2 nor fabricates progression
PASS: TEST ONLY seed uses the actual reviewed Crater Gardens runtime, not a greybox or predecessor
PASS: TEST ONLY initial HP/zeroammo seed uses validated quiet public Player restore
PASS: TEST ONLY A1-L1 prefix/actual initial A1-L2 unit writes through public Attempts/SaveStore:   
PASS: seed retains initial five-beat/four-checkpoint Main, four dormant C30/five idle circles and no Player action
PASS: seed preview retires before production installation
TEST ONLY predecessor/resource seed: ["A1-L1"]; HP=37.0; initial shells=0; not A1-L1 gameplay or A1-L2 clear evidence
PASS: production registry configures only isolated PID user paths
PASS: real production Title has no duplicate live world for TEST ONLY single-predecessor story seed: 
PASS: TEST ONLY single-predecessor prefix offers protected uncompleted A1-L2 story Continue
PASS: real seeded Journey offers current A1-L2 Continue while A1-L3 stays locked
PASS: optional portrait capture uses actual graphical renderer
PASS: actual540x1170 production portrait captured: /Users/howardchen/Library/Application Support/Godot/app_userdata/Cinder/test-act1-l2-registration-captures-67349-805827/journey-seeded.png
PASS: production A1-L2 installation waits at its real paused Resume: 
PASS: reviewed Main owns one shared expedition Player/effects, four retained C30 and five HP-free stationary circles
PASS: retained actual C30 source/art binding: solo
PASS: retained actual C30 source/art binding: rock
PASS: retained actual C30 source/art binding: open
PASS: retained actual C30 source/art binding: finale
PASS: actual HP-free native circle/source/cue binding: landing-impact
PASS: actual HP-free native circle/source/cue binding: rock-impact
PASS: actual HP-free native circle/source/cue binding: open-impact
PASS: actual HP-free native circle/source/cue binding: finale-impact-a
PASS: actual HP-free native circle/source/cue binding: finale-impact-b
PASS: reviewed spawn, shared Scheduler and exact five-beat/four-checkpoint authored prefix remain intact
PASS: actual accepted localversion1 Crater Gardens entry is a coherent Player/four-C30/five-circle/scheduler/shell unit
PASS: fresh TEST ONLY initial resources retain no executed action/input/tick
PASS: entry reopens actual checked format2 SaveStore data
PASS: initial living entry exposes actual paused GUI Resume
PASS: initial living entry GUI press/release is consumed before input/action/resource/pose/clock/anchor changes
PASS: optional portrait capture uses actual graphical renderer
PASS: actual540x1170 production portrait captured: /Users/howardchen/Library/Application Support/Godot/app_userdata/Cinder/test-act1-l2-registration-captures-67349-805827/arrival.png
PASS: actual viewport touch/drag/release starts one public physical dash and records exact release anchor
PASS: one real viewport first tap executes an immediate primary after the completed native dash
PASS: actual primary aims from the stored swipe-release anchor, has native geometry/clock and consumes no ammo or target HP
PASS: public deferred pause captures the actual routed movement and complete authored world: 
PASS: real routed release retains its completed physical path and separate exact screen anchor after the primary tap
PASS: live dash changes actual path/clocks/camera before the save
PASS: short native movement/primary preserves initial low HP and gear with two real inputs; ammo follows its actual passive reload
PASS: coherent movement save protects its initial checkpoint and awards no A1-L2 completion/reward
PASS: actual pause publishes an exact checked format2 generation
PASS: paused frames freeze complete actor/local/input/camera state exactly
PASS: first shell closure frees actual @Node3D@253
PASS: first shell closure frees actual CraterGardens
PASS: first shell closure frees actual CinderPlayer
PASS: first shell closure frees actual @Node3D@255
PASS: first shell closure frees actual Floor
PASS: first shell closure frees actual WestEdge
PASS: first shell closure frees actual EastEdge
PASS: first shell closure frees actual NorthEdge
PASS: first shell closure frees actual SouthEdge
PASS: first shell closure frees actual ApproachRock
PASS: first shell closure frees actual RockRouteOuterFlat
PASS: first shell closure frees actual CraterThreatScheduler
PASS: first shell closure frees actual SoloRushSelenite
PASS: first shell closure frees actual ThreatCue
PASS: first shell closure frees actual RockRushSelenite
PASS: first shell closure frees actual ThreatCue
PASS: first shell closure frees actual OpenRushSelenite
PASS: first shell closure frees actual ThreatCue
PASS: first shell closure frees actual FinaleRushSelenite
PASS: first shell closure frees actual ThreatCue
PASS: first shell closure frees actual ThreatCue
PASS: first shell closure frees actual ThreatCue
PASS: first shell closure frees actual ThreatCue
PASS: first shell closure frees actual ThreatCue
PASS: first shell closure frees actual ThreatCue
PASS: first shell closure frees actual GrottoContactCue
PASS: first shell closure frees actual CelestialCampSaveCue
PASS: production registry configures only isolated PID user paths
PASS: real production Title has no duplicate live world for living saved movement/aimed primary: 
PASS: production A1-L2 installation waits at its real paused Resume: 
PASS: reviewed Main owns one shared expedition Player/effects, four retained C30 and five HP-free stationary circles
PASS: retained actual C30 source/art binding: solo
PASS: retained actual C30 source/art binding: rock
PASS: retained actual C30 source/art binding: open
PASS: retained actual C30 source/art binding: finale
PASS: actual HP-free native circle/source/cue binding: landing-impact
PASS: actual HP-free native circle/source/cue binding: rock-impact
PASS: actual HP-free native circle/source/cue binding: open-impact
PASS: actual HP-free native circle/source/cue binding: finale-impact-a
PASS: actual HP-free native circle/source/cue binding: finale-impact-b
PASS: reviewed spawn, shared Scheduler and exact five-beat/four-checkpoint authored prefix remain intact
PASS: fresh actual GUI Continue restores exact living saved movement/aimed primary without gameplay callbacks: []
PASS: fresh Continue preserves actual resources and does not republish the past dash or primary
PASS: production A1-L2 installation waits at its real paused Resume: 
PASS: reviewed Main owns one shared expedition Player/effects, four retained C30 and five HP-free stationary circles
PASS: retained actual C30 source/art binding: solo
PASS: retained actual C30 source/art binding: rock
PASS: retained actual C30 source/art binding: open
PASS: retained actual C30 source/art binding: finale
PASS: actual HP-free native circle/source/cue binding: landing-impact
PASS: actual HP-free native circle/source/cue binding: rock-impact
PASS: actual HP-free native circle/source/cue binding: open-impact
PASS: actual HP-free native circle/source/cue binding: finale-impact-a
PASS: actual HP-free native circle/source/cue binding: finale-impact-b
PASS: reviewed spawn, shared Scheduler and exact five-beat/four-checkpoint authored prefix remain intact
PASS: actual GUI Retry restores exact initial living checkpoint without gameplay callbacks: []
PASS: living GUI Retry frees actual @Node3D@332
PASS: living GUI Retry frees actual CraterGardens
PASS: living GUI Retry frees actual CinderPlayer
PASS: living GUI Retry frees actual @Node3D@334
PASS: living GUI Retry frees actual Floor
PASS: living GUI Retry frees actual WestEdge
PASS: living GUI Retry frees actual EastEdge
PASS: living GUI Retry frees actual NorthEdge
PASS: living GUI Retry frees actual SouthEdge
PASS: living GUI Retry frees actual ApproachRock
PASS: living GUI Retry frees actual RockRouteOuterFlat
PASS: living GUI Retry frees actual CraterThreatScheduler
PASS: living GUI Retry frees actual SoloRushSelenite
PASS: living GUI Retry frees actual ThreatCue
PASS: living GUI Retry frees actual RockRushSelenite
PASS: living GUI Retry frees actual ThreatCue
PASS: living GUI Retry frees actual OpenRushSelenite
PASS: living GUI Retry frees actual ThreatCue
PASS: living GUI Retry frees actual FinaleRushSelenite
PASS: living GUI Retry frees actual ThreatCue
PASS: living GUI Retry frees actual ThreatCue
PASS: living GUI Retry frees actual ThreatCue
PASS: living GUI Retry frees actual ThreatCue
PASS: living GUI Retry frees actual ThreatCue
PASS: living GUI Retry frees actual ThreatCue
PASS: living GUI Retry frees actual GrottoContactCue
PASS: living GUI Retry frees actual CelestialCampSaveCue
PASS: Retry uses exact checkpoint resources/history without healing or invented progress
PASS: living retry closure frees actual @Node3D@345
PASS: living retry closure frees actual CraterGardens
PASS: living retry closure frees actual CinderPlayer
PASS: living retry closure frees actual @Node3D@347
PASS: living retry closure frees actual Floor
PASS: living retry closure frees actual WestEdge
PASS: living retry closure frees actual EastEdge
PASS: living retry closure frees actual NorthEdge
PASS: living retry closure frees actual SouthEdge
PASS: living retry closure frees actual ApproachRock
PASS: living retry closure frees actual RockRouteOuterFlat
PASS: living retry closure frees actual CraterThreatScheduler
PASS: living retry closure frees actual SoloRushSelenite
PASS: living retry closure frees actual ThreatCue
PASS: living retry closure frees actual RockRushSelenite
PASS: living retry closure frees actual ThreatCue
PASS: living retry closure frees actual OpenRushSelenite
PASS: living retry closure frees actual ThreatCue
PASS: living retry closure frees actual FinaleRushSelenite
PASS: living retry closure frees actual ThreatCue
PASS: living retry closure frees actual ThreatCue
PASS: living retry closure frees actual ThreatCue
PASS: living retry closure frees actual ThreatCue
PASS: living retry closure frees actual ThreatCue
PASS: living retry closure frees actual ThreatCue
PASS: living retry closure frees actual GrottoContactCue
PASS: living retry closure frees actual CelestialCampSaveCue
PASS: TEST ONLY seed uses the actual reviewed Crater Gardens runtime, not a greybox or predecessor
PASS: TEST ONLY initial HP/zeroammo seed uses validated quiet public Player restore
PASS: TEST ONLY A1-L1 prefix/actual initial A1-L2 unit writes through public Attempts/SaveStore:   
PASS: seed retains initial five-beat/four-checkpoint Main, four dormant C30/five idle circles and no Player action
PASS: seed preview retires before production installation
TEST ONLY predecessor/resource seed: ["A1-L1"]; HP=0.1; initial shells=0; not A1-L1 gameplay or A1-L2 clear evidence
PASS: production registry configures only isolated PID user paths
PASS: real production Title has no duplicate live world for fatal TEST ONLY initial HP0.1/zeroammo: 
PASS: production A1-L2 installation waits at its real paused Resume: 
PASS: reviewed Main owns one shared expedition Player/effects, four retained C30 and five HP-free stationary circles
PASS: retained actual C30 source/art binding: solo
PASS: retained actual C30 source/art binding: rock
PASS: retained actual C30 source/art binding: open
PASS: retained actual C30 source/art binding: finale
PASS: actual HP-free native circle/source/cue binding: landing-impact
PASS: actual HP-free native circle/source/cue binding: rock-impact
PASS: actual HP-free native circle/source/cue binding: open-impact
PASS: actual HP-free native circle/source/cue binding: finale-impact-a
PASS: actual HP-free native circle/source/cue binding: finale-impact-b
PASS: reviewed spawn, shared Scheduler and exact five-beat/four-checkpoint authored prefix remain intact
PASS: fatal branch protects the exact actual living entry through TEST ONLY public seed/Continue
PASS: fatal initial living entry exposes actual paused GUI Resume
PASS: fatal initial living entry GUI press/release is consumed before input/action/resource/pose/clock/anchor changes
PASS: bounded stationary spawn wait receives one real landing active contact/death without forced live state: [{ "hero_id": "hero", "cycle": 1, "result": { "opportunity_consumed": true, "accepted": true, "raw_damage": 4.0, "hp_damage": 0.1, "impulse": (0.0, 0.0, 0.0) }, "paused": false }]
PASS: native fatal callback settles the complete paused Player/C30/circle/scheduler unit: 
PASS: fatal save retains actual passive-reload ammo and the exact accepted lethal Player/Scheduler tick
PASS: death consumes the real landing opportunity and retains clear cancellation with no Player action/input
PASS: death creates no beat/checkpoint/rusher defeat/choice/completion/contact or live damage lease
PASS: fatal retirement preserves all four untouched dormant future C30 actors
PASS: fatal format2 save preserves the exact earlier living entry checkpoint and no unearned progress
ACTUAL FATAL RECEIPT: { "clock_s": 2.31666666666666, "player_clock_s": 2.31666666666666, "shells": 2, "contacts": [{ "hero_id": "hero", "cycle": 1, "result": { "opportunity_consumed": true, "accepted": true, "raw_damage": 4.0, "hp_damage": 0.1, "impulse": (0.0, 0.0, 0.0) }, "paused": false }], "level_error": "" }
PASS: fatal shell closure frees actual @Node3D@512
PASS: fatal shell closure frees actual CraterGardens
PASS: fatal shell closure frees actual CinderPlayer
PASS: fatal shell closure frees actual @Node3D@514
PASS: fatal shell closure frees actual Floor
PASS: fatal shell closure frees actual WestEdge
PASS: fatal shell closure frees actual EastEdge
PASS: fatal shell closure frees actual NorthEdge
PASS: fatal shell closure frees actual SouthEdge
PASS: fatal shell closure frees actual ApproachRock
PASS: fatal shell closure frees actual RockRouteOuterFlat
PASS: fatal shell closure frees actual CraterThreatScheduler
PASS: fatal shell closure frees actual SoloRushSelenite
PASS: fatal shell closure frees actual ThreatCue
PASS: fatal shell closure frees actual RockRushSelenite
PASS: fatal shell closure frees actual ThreatCue
PASS: fatal shell closure frees actual OpenRushSelenite
PASS: fatal shell closure frees actual ThreatCue
PASS: fatal shell closure frees actual FinaleRushSelenite
PASS: fatal shell closure frees actual ThreatCue
PASS: fatal shell closure frees actual ThreatCue
PASS: fatal shell closure frees actual ThreatCue
PASS: fatal shell closure frees actual ThreatCue
PASS: fatal shell closure frees actual ThreatCue
PASS: fatal shell closure frees actual ThreatCue
PASS: fatal shell closure frees actual GrottoContactCue
PASS: fatal shell closure frees actual CelestialCampSaveCue
PASS: production registry configures only isolated PID user paths
PASS: real production Title has no duplicate live world for actual fatal unit: 
PASS: production A1-L2 installation waits at its real paused Resume: 
PASS: reviewed Main owns one shared expedition Player/effects, four retained C30 and five HP-free stationary circles
PASS: retained actual C30 source/art binding: solo
PASS: retained actual C30 source/art binding: rock
PASS: retained actual C30 source/art binding: open
PASS: retained actual C30 source/art binding: finale
PASS: actual HP-free native circle/source/cue binding: landing-impact
PASS: actual HP-free native circle/source/cue binding: rock-impact
PASS: actual HP-free native circle/source/cue binding: open-impact
PASS: actual HP-free native circle/source/cue binding: finale-impact-a
PASS: actual HP-free native circle/source/cue binding: finale-impact-b
PASS: reviewed spawn, shared Scheduler and exact five-beat/four-checkpoint authored prefix remain intact
PASS: fresh actual GUI Continue restores exact actual fatal unit without gameplay callbacks: []
PASS: dead GUI Resume preserves the exact fatal actor/local/input/camera/disk and offers Retry without gameplay callbacks
PASS: production A1-L2 installation waits at its real paused Resume: 
PASS: reviewed Main owns one shared expedition Player/effects, four retained C30 and five HP-free stationary circles
PASS: retained actual C30 source/art binding: solo
PASS: retained actual C30 source/art binding: rock
PASS: retained actual C30 source/art binding: open
PASS: retained actual C30 source/art binding: finale
PASS: actual HP-free native circle/source/cue binding: landing-impact
PASS: actual HP-free native circle/source/cue binding: rock-impact
PASS: actual HP-free native circle/source/cue binding: open-impact
PASS: actual HP-free native circle/source/cue binding: finale-impact-a
PASS: actual HP-free native circle/source/cue binding: finale-impact-b
PASS: reviewed spawn, shared Scheduler and exact five-beat/four-checkpoint authored prefix remain intact
PASS: actual GUI Retry restores exact fatal world's living entry checkpoint without gameplay callbacks: []
PASS: fatal GUI Retry frees actual @Node3D@589
PASS: fatal GUI Retry frees actual CraterGardens
PASS: fatal GUI Retry frees actual CinderPlayer
PASS: fatal GUI Retry frees actual @Node3D@591
PASS: fatal GUI Retry frees actual Floor
PASS: fatal GUI Retry frees actual WestEdge
PASS: fatal GUI Retry frees actual EastEdge
PASS: fatal GUI Retry frees actual NorthEdge
PASS: fatal GUI Retry frees actual SouthEdge
PASS: fatal GUI Retry frees actual ApproachRock
PASS: fatal GUI Retry frees actual RockRouteOuterFlat
PASS: fatal GUI Retry frees actual CraterThreatScheduler
PASS: fatal GUI Retry frees actual SoloRushSelenite
PASS: fatal GUI Retry frees actual ThreatCue
PASS: fatal GUI Retry frees actual RockRushSelenite
PASS: fatal GUI Retry frees actual ThreatCue
PASS: fatal GUI Retry frees actual OpenRushSelenite
PASS: fatal GUI Retry frees actual ThreatCue
PASS: fatal GUI Retry frees actual FinaleRushSelenite
PASS: fatal GUI Retry frees actual ThreatCue
PASS: fatal GUI Retry frees actual ThreatCue
PASS: fatal GUI Retry frees actual ThreatCue
PASS: fatal GUI Retry frees actual ThreatCue
PASS: fatal GUI Retry frees actual ThreatCue
PASS: fatal GUI Retry frees actual ThreatCue
PASS: fatal GUI Retry frees actual GrottoContactCue
PASS: fatal GUI Retry frees actual CelestialCampSaveCue
PASS: fatal GUI Retry restores living lowHP/zeroammo entry without healing or redelivering the circle hit
PASS: retried Player/C30/circle/input/camera clocks stay exactly paused
PASS: fatal retry closure frees actual @Node3D@602
PASS: fatal retry closure frees actual CraterGardens
PASS: fatal retry closure frees actual CinderPlayer
PASS: fatal retry closure frees actual @Node3D@604
PASS: fatal retry closure frees actual Floor
PASS: fatal retry closure frees actual WestEdge
PASS: fatal retry closure frees actual EastEdge
PASS: fatal retry closure frees actual NorthEdge
PASS: fatal retry closure frees actual SouthEdge
PASS: fatal retry closure frees actual ApproachRock
PASS: fatal retry closure frees actual RockRouteOuterFlat
PASS: fatal retry closure frees actual CraterThreatScheduler
PASS: fatal retry closure frees actual SoloRushSelenite
PASS: fatal retry closure frees actual ThreatCue
PASS: fatal retry closure frees actual RockRushSelenite
PASS: fatal retry closure frees actual ThreatCue
PASS: fatal retry closure frees actual OpenRushSelenite
PASS: fatal retry closure frees actual ThreatCue
PASS: fatal retry closure frees actual FinaleRushSelenite
PASS: fatal retry closure frees actual ThreatCue
PASS: fatal retry closure frees actual ThreatCue
PASS: fatal retry closure frees actual ThreatCue
PASS: fatal retry closure frees actual ThreatCue
PASS: fatal retry closure frees actual ThreatCue
PASS: fatal retry closure frees actual ThreatCue
PASS: fatal retry closure frees actual GrottoContactCue
PASS: fatal retry closure frees actual CelestialCampSaveCue
PASS: disposed production worlds retain no required cue or actor group member
PASS: registration fixture leaves production registry bytes unchanged
Production Act1 L2 registration: 305 checks, 0 failures; expected_commit=dcd109857b966ea77b231944d0e41e3d88cc27bc; scope=Title/Journey/entry/dash+aim/save/Continue/Retry/fatal lifecycle; TEST ONLY A1-L1/initial-resource seeds; no predecessor gameplay, full-route or native-human claim
