Godot Engine v4.7.2.stable.official.ed1daf0bf - https://godotengine.org
TextServer: Added interface "Dummy"
TextServer: Added interface "ICU / HarfBuzz / Graphite (Built-in)"
SDL: Init OK!
Using "default" pen tablet driver...

TextServer: Primary interface set to: "ICU / HarfBuzz / Graphite (Built-in)".
CORE API HASH: 2004498165
EDITOR API HASH: 1696660745
Loading resource: res://tests/act1_l2_registration_smoke.gd remapped: res://tests/act1_l2_registration_smoke.gd
Loading resource: res://scenes/main.tscn remapped: res://scenes/main.tscn
Loading resource: res://scripts/game.gd remapped: res://scripts/game.gd
Loading resource: res://scenes/player.tscn remapped: res://scenes/player.tscn
Loading resource: res://scripts/player.gd remapped: res://scripts/player.gd
Completed load for: 'res://scripts/player.gd' remapped 'res://scripts/player.gd' at thread -1
Completed load for: 'res://scenes/player.tscn' remapped 'res://scenes/player.tscn' at thread -1
Loading resource: res://scenes/practice_target.tscn remapped: res://scenes/practice_target.tscn
Loading resource: res://scripts/practice_target.gd remapped: res://scripts/practice_target.gd
Completed load for: 'res://scripts/practice_target.gd' remapped 'res://scripts/practice_target.gd' at thread -1
Completed load for: 'res://scenes/practice_target.tscn' remapped 'res://scenes/practice_target.tscn' at thread -1
Loading resource: res://scenes/lab_arena.tscn remapped: res://scenes/lab_arena.tscn
Completed load for: 'res://scenes/lab_arena.tscn' remapped 'res://scenes/lab_arena.tscn' at thread -1
Completed load for: 'res://scripts/game.gd' remapped 'res://scripts/game.gd' at thread -1
Completed load for: 'res://scenes/main.tscn' remapped 'res://scenes/main.tscn' at thread -1
Completed load for: 'res://tests/act1_l2_registration_smoke.gd' remapped 'res://tests/act1_l2_registration_smoke.gd' at thread -1
SceneTreeFTI: traversal method DEFAULT
Loaded system CA certificates
PASS: fixture asserts exact accepted HANDOFF provenance (optional --expected-commit=<40hex>)
Loading resource: res://scenes/acts/act1/a1_l2.tscn remapped: res://scenes/acts/act1/a1_l2.tscn
Loading resource: res://scenes/acts/act1/a1_l2_layout_greybox.tscn remapped: res://scenes/acts/act1/a1_l2_layout_greybox.tscn
Loading resource: res://scripts/acts/act1/crater_gardens_layout.gd remapped: res://scripts/acts/act1/crater_gardens_layout.gd
Loading resource: res://assets/acts/act1/lunar/accents/painted_rock_surface.png remapped: res://assets/acts/act1/lunar/accents/painted_rock_surface.png
Loading resource: res://.godot/imported/painted_rock_surface.png-30faff4d32479a3da0f568d18cbfa6cd.ctex remapped: res://.godot/imported/painted_rock_surface.png-30faff4d32479a3da0f568d18cbfa6cd.ctex
Completed load for: 'res://assets/acts/act1/lunar/accents/painted_rock_surface.png' remapped 'res://assets/acts/act1/lunar/accents/painted_rock_surface.png' at thread -1
Loading resource: res://assets/acts/act1/lunar/environment/rock_flat_low_a.png remapped: res://assets/acts/act1/lunar/environment/rock_flat_low_a.png
Loading resource: res://.godot/imported/rock_flat_low_a.png-d40857434c14002f43d5380e3cd3f789.ctex remapped: res://.godot/imported/rock_flat_low_a.png-d40857434c14002f43d5380e3cd3f789.ctex
Completed load for: 'res://assets/acts/act1/lunar/environment/rock_flat_low_a.png' remapped 'res://assets/acts/act1/lunar/environment/rock_flat_low_a.png' at thread -1
Loading resource: res://assets/acts/act1/lunar/environment/rock_flat_low_b.png remapped: res://assets/acts/act1/lunar/environment/rock_flat_low_b.png
Loading resource: res://.godot/imported/rock_flat_low_b.png-2f8625be000193bc3a72b5da199735bf.ctex remapped: res://.godot/imported/rock_flat_low_b.png-2f8625be000193bc3a72b5da199735bf.ctex
Completed load for: 'res://assets/acts/act1/lunar/environment/rock_flat_low_b.png' remapped 'res://assets/acts/act1/lunar/environment/rock_flat_low_b.png' at thread -1
Loading resource: res://assets/acts/act1/lunar/environment/floor_silver_tile.png remapped: res://assets/acts/act1/lunar/environment/floor_silver_tile.png
Loading resource: res://.godot/imported/floor_silver_tile.png-d26a488f9395175b253ee2a02677ec14.ctex remapped: res://.godot/imported/floor_silver_tile.png-d26a488f9395175b253ee2a02677ec14.ctex
Completed load for: 'res://assets/acts/act1/lunar/environment/floor_silver_tile.png' remapped 'res://assets/acts/act1/lunar/environment/floor_silver_tile.png' at thread -1
Loading resource: res://assets/acts/act1/lunar/environment/capsule_landed_closed.png remapped: res://assets/acts/act1/lunar/environment/capsule_landed_closed.png
Loading resource: res://.godot/imported/capsule_landed_closed.png-953efe6810d9943a3b0081dfdb0e6e53.ctex remapped: res://.godot/imported/capsule_landed_closed.png-953efe6810d9943a3b0081dfdb0e6e53.ctex
Completed load for: 'res://assets/acts/act1/lunar/environment/capsule_landed_closed.png' remapped 'res://assets/acts/act1/lunar/environment/capsule_landed_closed.png' at thread -1
Loading resource: res://assets/acts/act1/lunar/environment/camp_sleeping_tableau.png remapped: res://assets/acts/act1/lunar/environment/camp_sleeping_tableau.png
Loading resource: res://.godot/imported/camp_sleeping_tableau.png-b89e226907631f7f93baa190bd8808d0.ctex remapped: res://.godot/imported/camp_sleeping_tableau.png-b89e226907631f7f93baa190bd8808d0.ctex
Completed load for: 'res://assets/acts/act1/lunar/environment/camp_sleeping_tableau.png' remapped 'res://assets/acts/act1/lunar/environment/camp_sleeping_tableau.png' at thread -1
Loading resource: res://assets/acts/act1/lunar/environment/crescent_performer.png remapped: res://assets/acts/act1/lunar/environment/crescent_performer.png
Loading resource: res://.godot/imported/crescent_performer.png-61d4371c498d7e3e3cab9d649768e6b6.ctex remapped: res://.godot/imported/crescent_performer.png-61d4371c498d7e3e3cab9d649768e6b6.ctex
Completed load for: 'res://assets/acts/act1/lunar/environment/crescent_performer.png' remapped 'res://assets/acts/act1/lunar/environment/crescent_performer.png' at thread -1
Loading resource: res://assets/acts/act1/lunar/environment/grotto_threshold_open.png remapped: res://assets/acts/act1/lunar/environment/grotto_threshold_open.png
Loading resource: res://.godot/imported/grotto_threshold_open.png-c3df15a1fc23d25b60fbfc8513941f9f.ctex remapped: res://.godot/imported/grotto_threshold_open.png-c3df15a1fc23d25b60fbfc8513941f9f.ctex
Completed load for: 'res://assets/acts/act1/lunar/environment/grotto_threshold_open.png' remapped 'res://assets/acts/act1/lunar/environment/grotto_threshold_open.png' at thread -1
Loading resource: res://assets/acts/act1/lunar/accents/earth_globe.png remapped: res://assets/acts/act1/lunar/accents/earth_globe.png
Loading resource: res://.godot/imported/earth_globe.png-05f3937774a9eb99e088ece7c7ad0a43.ctex remapped: res://.godot/imported/earth_globe.png-05f3937774a9eb99e088ece7c7ad0a43.ctex
Completed load for: 'res://assets/acts/act1/lunar/accents/earth_globe.png' remapped 'res://assets/acts/act1/lunar/accents/earth_globe.png' at thread -1
Loading resource: res://assets/acts/act1/lunar/accents/human_star_performer.png remapped: res://assets/acts/act1/lunar/accents/human_star_performer.png
Loading resource: res://.godot/imported/human_star_performer.png-b4ff4a7c871018f8c6875759028e9ef9.ctex remapped: res://.godot/imported/human_star_performer.png-b4ff4a7c871018f8c6875759028e9ef9.ctex
Completed load for: 'res://assets/acts/act1/lunar/accents/human_star_performer.png' remapped 'res://assets/acts/act1/lunar/accents/human_star_performer.png' at thread -1
Loading resource: res://assets/acts/act1/lunar/accents/saturn_performer.png remapped: res://assets/acts/act1/lunar/accents/saturn_performer.png
Loading resource: res://.godot/imported/saturn_performer.png-4d9517c85ecb869cac6d9310893dd98e.ctex remapped: res://.godot/imported/saturn_performer.png-4d9517c85ecb869cac6d9310893dd98e.ctex
Completed load for: 'res://assets/acts/act1/lunar/accents/saturn_performer.png' remapped 'res://assets/acts/act1/lunar/accents/saturn_performer.png' at thread -1
Completed load for: 'res://scripts/acts/act1/crater_gardens_layout.gd' remapped 'res://scripts/acts/act1/crater_gardens_layout.gd' at thread -1
Completed load for: 'res://scenes/acts/act1/a1_l2_layout_greybox.tscn' remapped 'res://scenes/acts/act1/a1_l2_layout_greybox.tscn' at thread -1
Loading resource: res://scripts/acts/act1/crater_gardens.gd remapped: res://scripts/acts/act1/crater_gardens.gd
Loading resource: res://assets/acts/act1/lunar/rusher_front_standing.png remapped: res://assets/acts/act1/lunar/rusher_front_standing.png
Loading resource: res://.godot/imported/rusher_front_standing.png-ab9f1aff77317981d7ff30a55a49b79c.ctex remapped: res://.godot/imported/rusher_front_standing.png-ab9f1aff77317981d7ff30a55a49b79c.ctex
Completed load for: 'res://assets/acts/act1/lunar/rusher_front_standing.png' remapped 'res://assets/acts/act1/lunar/rusher_front_standing.png' at thread -1
Loading resource: res://assets/acts/act1/lunar/rusher_front_crouch.png remapped: res://assets/acts/act1/lunar/rusher_front_crouch.png
Loading resource: res://.godot/imported/rusher_front_crouch.png-adece75d5e8a8c92a1bc2c6401f25304.ctex remapped: res://.godot/imported/rusher_front_crouch.png-adece75d5e8a8c92a1bc2c6401f25304.ctex
Completed load for: 'res://assets/acts/act1/lunar/rusher_front_crouch.png' remapped 'res://assets/acts/act1/lunar/rusher_front_crouch.png' at thread -1
Loading resource: res://assets/acts/act1/lunar/rusher_front_rush.png remapped: res://assets/acts/act1/lunar/rusher_front_rush.png
Loading resource: res://.godot/imported/rusher_front_rush.png-7c0bce496c4feda39447b8da7969c648.ctex remapped: res://.godot/imported/rusher_front_rush.png-7c0bce496c4feda39447b8da7969c648.ctex
Completed load for: 'res://assets/acts/act1/lunar/rusher_front_rush.png' remapped 'res://assets/acts/act1/lunar/rusher_front_rush.png' at thread -1
Loading resource: res://assets/acts/act1/lunar/rusher_front_recovery.png remapped: res://assets/acts/act1/lunar/rusher_front_recovery.png
Loading resource: res://.godot/imported/rusher_front_recovery.png-48b3b85e1dacdc5b1394b00410b87f4c.ctex remapped: res://.godot/imported/rusher_front_recovery.png-48b3b85e1dacdc5b1394b00410b87f4c.ctex
Completed load for: 'res://assets/acts/act1/lunar/rusher_front_recovery.png' remapped 'res://assets/acts/act1/lunar/rusher_front_recovery.png' at thread -1
Loading resource: res://assets/acts/act1/lunar/rusher_side_standing.png remapped: res://assets/acts/act1/lunar/rusher_side_standing.png
Loading resource: res://.godot/imported/rusher_side_standing.png-9ad01603ed27e8eb069b74168275c602.ctex remapped: res://.godot/imported/rusher_side_standing.png-9ad01603ed27e8eb069b74168275c602.ctex
Completed load for: 'res://assets/acts/act1/lunar/rusher_side_standing.png' remapped 'res://assets/acts/act1/lunar/rusher_side_standing.png' at thread -1
Loading resource: res://assets/acts/act1/lunar/rusher_side_crouch.png remapped: res://assets/acts/act1/lunar/rusher_side_crouch.png
Loading resource: res://.godot/imported/rusher_side_crouch.png-67e920f999b245f0d1caa883db0ade22.ctex remapped: res://.godot/imported/rusher_side_crouch.png-67e920f999b245f0d1caa883db0ade22.ctex
Completed load for: 'res://assets/acts/act1/lunar/rusher_side_crouch.png' remapped 'res://assets/acts/act1/lunar/rusher_side_crouch.png' at thread -1
Loading resource: res://assets/acts/act1/lunar/rusher_side_rush.png remapped: res://assets/acts/act1/lunar/rusher_side_rush.png
Loading resource: res://.godot/imported/rusher_side_rush.png-eaa732526853c79ed45ad1691a56d336.ctex remapped: res://.godot/imported/rusher_side_rush.png-eaa732526853c79ed45ad1691a56d336.ctex
Completed load for: 'res://assets/acts/act1/lunar/rusher_side_rush.png' remapped 'res://assets/acts/act1/lunar/rusher_side_rush.png' at thread -1
Loading resource: res://assets/acts/act1/lunar/rusher_side_recovery.png remapped: res://assets/acts/act1/lunar/rusher_side_recovery.png
Loading resource: res://.godot/imported/rusher_side_recovery.png-2900ecc65811de91bb751955e1291f20.ctex remapped: res://.godot/imported/rusher_side_recovery.png-2900ecc65811de91bb751955e1291f20.ctex
Completed load for: 'res://assets/acts/act1/lunar/rusher_side_recovery.png' remapped 'res://assets/acts/act1/lunar/rusher_side_recovery.png' at thread -1
Loading resource: res://assets/acts/act1/lunar/rusher_back_standing.png remapped: res://assets/acts/act1/lunar/rusher_back_standing.png
Loading resource: res://.godot/imported/rusher_back_standing.png-13bf513cc23a916b43ada2bf8d4c7ce8.ctex remapped: res://.godot/imported/rusher_back_standing.png-13bf513cc23a916b43ada2bf8d4c7ce8.ctex
Completed load for: 'res://assets/acts/act1/lunar/rusher_back_standing.png' remapped 'res://assets/acts/act1/lunar/rusher_back_standing.png' at thread -1
Loading resource: res://assets/acts/act1/lunar/rusher_back_crouch.png remapped: res://assets/acts/act1/lunar/rusher_back_crouch.png
Loading resource: res://.godot/imported/rusher_back_crouch.png-9b8951aa30c78f920e2414e46e7dbe93.ctex remapped: res://.godot/imported/rusher_back_crouch.png-9b8951aa30c78f920e2414e46e7dbe93.ctex
Completed load for: 'res://assets/acts/act1/lunar/rusher_back_crouch.png' remapped 'res://assets/acts/act1/lunar/rusher_back_crouch.png' at thread -1
Loading resource: res://assets/acts/act1/lunar/rusher_back_rush.png remapped: res://assets/acts/act1/lunar/rusher_back_rush.png
Loading resource: res://.godot/imported/rusher_back_rush.png-e7871cb7823753886b50061b1fd4b220.ctex remapped: res://.godot/imported/rusher_back_rush.png-e7871cb7823753886b50061b1fd4b220.ctex
Completed load for: 'res://assets/acts/act1/lunar/rusher_back_rush.png' remapped 'res://assets/acts/act1/lunar/rusher_back_rush.png' at thread -1
Loading resource: res://assets/acts/act1/lunar/rusher_back_recovery.png remapped: res://assets/acts/act1/lunar/rusher_back_recovery.png
Loading resource: res://.godot/imported/rusher_back_recovery.png-83ff3a84c4dbad1e4d1df1010baa7b84.ctex remapped: res://.godot/imported/rusher_back_recovery.png-83ff3a84c4dbad1e4d1df1010baa7b84.ctex
Completed load for: 'res://assets/acts/act1/lunar/rusher_back_recovery.png' remapped 'res://assets/acts/act1/lunar/rusher_back_recovery.png' at thread -1
Completed load for: 'res://scripts/acts/act1/crater_gardens.gd' remapped 'res://scripts/acts/act1/crater_gardens.gd' at thread -1
Completed load for: 'res://scenes/acts/act1/a1_l2.tscn' remapped 'res://scenes/acts/act1/a1_l2.tscn' at thread -1
PASS: actual production registry validates the exact accepted authored A1-L2 scene: 
PASS: production registry configures only isolated PID user paths
Loading resource: res://scenes/acts/act1/a1_l1.tscn remapped: res://scenes/acts/act1/a1_l1.tscn
Loading resource: res://scripts/acts/act1/launch_rehearsal.gd remapped: res://scripts/acts/act1/launch_rehearsal.gd
Completed load for: 'res://scripts/acts/act1/launch_rehearsal.gd' remapped 'res://scripts/acts/act1/launch_rehearsal.gd' at thread -1
Loading resource: res://assets/acts/act1/launch/quiet_floor.png remapped: res://assets/acts/act1/launch/quiet_floor.png
Loading resource: res://.godot/imported/quiet_floor.png-0d5ba5ae403bf427577865af7ea91238.ctex remapped: res://.godot/imported/quiet_floor.png-0d5ba5ae403bf427577865af7ea91238.ctex
Completed load for: 'res://assets/acts/act1/launch/quiet_floor.png' remapped 'res://assets/acts/act1/launch/quiet_floor.png' at thread -1
Completed load for: 'res://scenes/acts/act1/a1_l1.tscn' remapped 'res://scenes/acts/act1/a1_l1.tscn' at thread -1
Loading resource: res://scenes/acts/act1/a1_l1.tscn remapped: res://scenes/acts/act1/a1_l1.tscn
Loading resource: res://assets/acts/act1/launch/quiet_floor.png remapped: res://assets/acts/act1/launch/quiet_floor.png
Loading resource: res://.godot/imported/quiet_floor.png-0d5ba5ae403bf427577865af7ea91238.ctex remapped: res://.godot/imported/quiet_floor.png-0d5ba5ae403bf427577865af7ea91238.ctex
Completed load for: 'res://assets/acts/act1/launch/quiet_floor.png' remapped 'res://assets/acts/act1/launch/quiet_floor.png' at thread -1
Completed load for: 'res://scenes/acts/act1/a1_l1.tscn' remapped 'res://scenes/acts/act1/a1_l1.tscn' at thread -1
PASS: real production Title has no duplicate live world for isolated first launch: 
PASS: first launch invents no prior story progress
Loading resource: res://scenes/acts/act1/a1_l1.tscn remapped: res://scenes/acts/act1/a1_l1.tscn
Loading resource: res://assets/acts/act1/launch/quiet_floor.png remapped: res://assets/acts/act1/launch/quiet_floor.png
Loading resource: res://.godot/imported/quiet_floor.png-0d5ba5ae403bf427577865af7ea91238.ctex remapped: res://.godot/imported/quiet_floor.png-0d5ba5ae403bf427577865af7ea91238.ctex
Completed load for: 'res://assets/acts/act1/launch/quiet_floor.png' remapped 'res://assets/acts/act1/launch/quiet_floor.png' at thread -1
Completed load for: 'res://scenes/acts/act1/a1_l1.tscn' remapped 'res://scenes/acts/act1/a1_l1.tscn' at thread -1
Loading resource: res://scenes/acts/act1/a1_l1.tscn remapped: res://scenes/acts/act1/a1_l1.tscn
Loading resource: res://assets/acts/act1/launch/quiet_floor.png remapped: res://assets/acts/act1/launch/quiet_floor.png
Loading resource: res://.godot/imported/quiet_floor.png-0d5ba5ae403bf427577865af7ea91238.ctex remapped: res://.godot/imported/quiet_floor.png-0d5ba5ae403bf427577865af7ea91238.ctex
Completed load for: 'res://assets/acts/act1/launch/quiet_floor.png' remapped 'res://assets/acts/act1/launch/quiet_floor.png' at thread -1
Completed load for: 'res://scenes/acts/act1/a1_l1.tscn' remapped 'res://scenes/acts/act1/a1_l1.tscn' at thread -1
Loading resource: res://scenes/acts/act1/a1_l1.tscn remapped: res://scenes/acts/act1/a1_l1.tscn
Loading resource: res://assets/acts/act1/launch/quiet_floor.png remapped: res://assets/acts/act1/launch/quiet_floor.png
Loading resource: res://.godot/imported/quiet_floor.png-0d5ba5ae403bf427577865af7ea91238.ctex remapped: res://.godot/imported/quiet_floor.png-0d5ba5ae403bf427577865af7ea91238.ctex
Completed load for: 'res://assets/acts/act1/launch/quiet_floor.png' remapped 'res://assets/acts/act1/launch/quiet_floor.png' at thread -1
Completed load for: 'res://scenes/acts/act1/a1_l1.tscn' remapped 'res://scenes/acts/act1/a1_l1.tscn' at thread -1
Loading resource: res://scenes/acts/act1/a1_l1.tscn remapped: res://scenes/acts/act1/a1_l1.tscn
Loading resource: res://assets/acts/act1/launch/quiet_floor.png remapped: res://assets/acts/act1/launch/quiet_floor.png
Loading resource: res://.godot/imported/quiet_floor.png-0d5ba5ae403bf427577865af7ea91238.ctex remapped: res://.godot/imported/quiet_floor.png-0d5ba5ae403bf427577865af7ea91238.ctex
Completed load for: 'res://assets/acts/act1/launch/quiet_floor.png' remapped 'res://assets/acts/act1/launch/quiet_floor.png' at thread -1
Completed load for: 'res://scenes/acts/act1/a1_l1.tscn' remapped 'res://scenes/acts/act1/a1_l1.tscn' at thread -1
Loading resource: res://scenes/acts/act1/a1_l1.tscn remapped: res://scenes/acts/act1/a1_l1.tscn
Loading resource: res://assets/acts/act1/launch/quiet_floor.png remapped: res://assets/acts/act1/launch/quiet_floor.png
Loading resource: res://.godot/imported/quiet_floor.png-0d5ba5ae403bf427577865af7ea91238.ctex remapped: res://.godot/imported/quiet_floor.png-0d5ba5ae403bf427577865af7ea91238.ctex
Completed load for: 'res://assets/acts/act1/launch/quiet_floor.png' remapped 'res://assets/acts/act1/launch/quiet_floor.png' at thread -1
Completed load for: 'res://scenes/acts/act1/a1_l1.tscn' remapped 'res://scenes/acts/act1/a1_l1.tscn' at thread -1
PASS: real Journey keeps accepted A1-L2 locked behind its actual A1-L1 prerequisite
PASS: disabled locked card neither loads A1-L2 nor fabricates progression
Loading resource: res://scenes/acts/act1/a1_l2.tscn remapped: res://scenes/acts/act1/a1_l2.tscn
Loading resource: res://scenes/acts/act1/a1_l2_layout_greybox.tscn remapped: res://scenes/acts/act1/a1_l2_layout_greybox.tscn
Completed load for: 'res://scenes/acts/act1/a1_l2_layout_greybox.tscn' remapped 'res://scenes/acts/act1/a1_l2_layout_greybox.tscn' at thread -1
Completed load for: 'res://scenes/acts/act1/a1_l2.tscn' remapped 'res://scenes/acts/act1/a1_l2.tscn' at thread -1
PASS: TEST ONLY seed uses the actual reviewed Crater Gardens runtime, not a greybox or predecessor
PASS: TEST ONLY initial HP/zeroammo seed uses validated quiet public Player restore
PASS: TEST ONLY A1-L1 prefix/actual initial A1-L2 unit writes through public Attempts/SaveStore:   
PASS: seed retains initial five-beat/four-checkpoint Main, four dormant C30/five idle circles and no Player action
PASS: seed preview retires before production installation
TEST ONLY predecessor/resource seed: ["A1-L1"]; HP=37.0; initial shells=0; not A1-L1 gameplay or A1-L2 clear evidence
PASS: production registry configures only isolated PID user paths
Loading resource: res://scenes/acts/act1/a1_l1.tscn remapped: res://scenes/acts/act1/a1_l1.tscn
Loading resource: res://assets/acts/act1/launch/quiet_floor.png remapped: res://assets/acts/act1/launch/quiet_floor.png
Loading resource: res://.godot/imported/quiet_floor.png-0d5ba5ae403bf427577865af7ea91238.ctex remapped: res://.godot/imported/quiet_floor.png-0d5ba5ae403bf427577865af7ea91238.ctex
Completed load for: 'res://assets/acts/act1/launch/quiet_floor.png' remapped 'res://assets/acts/act1/launch/quiet_floor.png' at thread -1
Completed load for: 'res://scenes/acts/act1/a1_l1.tscn' remapped 'res://scenes/acts/act1/a1_l1.tscn' at thread -1
Loading resource: res://scenes/acts/act1/a1_l2.tscn remapped: res://scenes/acts/act1/a1_l2.tscn
Loading resource: res://scenes/acts/act1/a1_l2_layout_greybox.tscn remapped: res://scenes/acts/act1/a1_l2_layout_greybox.tscn
Completed load for: 'res://scenes/acts/act1/a1_l2_layout_greybox.tscn' remapped 'res://scenes/acts/act1/a1_l2_layout_greybox.tscn' at thread -1
Completed load for: 'res://scenes/acts/act1/a1_l2.tscn' remapped 'res://scenes/acts/act1/a1_l2.tscn' at thread -1
Loading resource: res://scenes/acts/act1/a1_l2.tscn remapped: res://scenes/acts/act1/a1_l2.tscn
Loading resource: res://scenes/acts/act1/a1_l2_layout_greybox.tscn remapped: res://scenes/acts/act1/a1_l2_layout_greybox.tscn
Completed load for: 'res://scenes/acts/act1/a1_l2_layout_greybox.tscn' remapped 'res://scenes/acts/act1/a1_l2_layout_greybox.tscn' at thread -1
Completed load for: 'res://scenes/acts/act1/a1_l2.tscn' remapped 'res://scenes/acts/act1/a1_l2.tscn' at thread -1
Loading resource: res://scenes/acts/act1/a1_l2.tscn remapped: res://scenes/acts/act1/a1_l2.tscn
Loading resource: res://scenes/acts/act1/a1_l2_layout_greybox.tscn remapped: res://scenes/acts/act1/a1_l2_layout_greybox.tscn
Completed load for: 'res://scenes/acts/act1/a1_l2_layout_greybox.tscn' remapped 'res://scenes/acts/act1/a1_l2_layout_greybox.tscn' at thread -1
Completed load for: 'res://scenes/acts/act1/a1_l2.tscn' remapped 'res://scenes/acts/act1/a1_l2.tscn' at thread -1
Loading resource: res://scenes/acts/act1/a1_l2.tscn remapped: res://scenes/acts/act1/a1_l2.tscn
Loading resource: res://scenes/acts/act1/a1_l2_layout_greybox.tscn remapped: res://scenes/acts/act1/a1_l2_layout_greybox.tscn
Completed load for: 'res://scenes/acts/act1/a1_l2_layout_greybox.tscn' remapped 'res://scenes/acts/act1/a1_l2_layout_greybox.tscn' at thread -1
Completed load for: 'res://scenes/acts/act1/a1_l2.tscn' remapped 'res://scenes/acts/act1/a1_l2.tscn' at thread -1
Loading resource: res://scenes/acts/act1/a1_l2.tscn remapped: res://scenes/acts/act1/a1_l2.tscn
Loading resource: res://scenes/acts/act1/a1_l2_layout_greybox.tscn remapped: res://scenes/acts/act1/a1_l2_layout_greybox.tscn
Completed load for: 'res://scenes/acts/act1/a1_l2_layout_greybox.tscn' remapped 'res://scenes/acts/act1/a1_l2_layout_greybox.tscn' at thread -1
Completed load for: 'res://scenes/acts/act1/a1_l2.tscn' remapped 'res://scenes/acts/act1/a1_l2.tscn' at thread -1
Loading resource: res://scenes/acts/act1/a1_l2.tscn remapped: res://scenes/acts/act1/a1_l2.tscn
Loading resource: res://scenes/acts/act1/a1_l2_layout_greybox.tscn remapped: res://scenes/acts/act1/a1_l2_layout_greybox.tscn
Completed load for: 'res://scenes/acts/act1/a1_l2_layout_greybox.tscn' remapped 'res://scenes/acts/act1/a1_l2_layout_greybox.tscn' at thread -1
Completed load for: 'res://scenes/acts/act1/a1_l2.tscn' remapped 'res://scenes/acts/act1/a1_l2.tscn' at thread -1
Loading resource: res://scenes/acts/act1/a1_l2.tscn remapped: res://scenes/acts/act1/a1_l2.tscn
Loading resource: res://scenes/acts/act1/a1_l2_layout_greybox.tscn remapped: res://scenes/acts/act1/a1_l2_layout_greybox.tscn
Completed load for: 'res://scenes/acts/act1/a1_l2_layout_greybox.tscn' remapped 'res://scenes/acts/act1/a1_l2_layout_greybox.tscn' at thread -1
Completed load for: 'res://scenes/acts/act1/a1_l2.tscn' remapped 'res://scenes/acts/act1/a1_l2.tscn' at thread -1
PASS: real production Title has no duplicate live world for TEST ONLY single-predecessor story seed: 
PASS: TEST ONLY single-predecessor prefix offers protected uncompleted A1-L2 story Continue
Loading resource: res://scenes/acts/act1/a1_l1.tscn remapped: res://scenes/acts/act1/a1_l1.tscn
Loading resource: res://assets/acts/act1/launch/quiet_floor.png remapped: res://assets/acts/act1/launch/quiet_floor.png
Loading resource: res://.godot/imported/quiet_floor.png-0d5ba5ae403bf427577865af7ea91238.ctex remapped: res://.godot/imported/quiet_floor.png-0d5ba5ae403bf427577865af7ea91238.ctex
Completed load for: 'res://assets/acts/act1/launch/quiet_floor.png' remapped 'res://assets/acts/act1/launch/quiet_floor.png' at thread -1
Completed load for: 'res://scenes/acts/act1/a1_l1.tscn' remapped 'res://scenes/acts/act1/a1_l1.tscn' at thread -1
Loading resource: res://scenes/acts/act1/a1_l2.tscn remapped: res://scenes/acts/act1/a1_l2.tscn
Loading resource: res://scenes/acts/act1/a1_l2_layout_greybox.tscn remapped: res://scenes/acts/act1/a1_l2_layout_greybox.tscn
Completed load for: 'res://scenes/acts/act1/a1_l2_layout_greybox.tscn' remapped 'res://scenes/acts/act1/a1_l2_layout_greybox.tscn' at thread -1
Completed load for: 'res://scenes/acts/act1/a1_l2.tscn' remapped 'res://scenes/acts/act1/a1_l2.tscn' at thread -1
Loading resource: res://scenes/acts/act1/a1_l2.tscn remapped: res://scenes/acts/act1/a1_l2.tscn
Loading resource: res://scenes/acts/act1/a1_l2_layout_greybox.tscn remapped: res://scenes/acts/act1/a1_l2_layout_greybox.tscn
Completed load for: 'res://scenes/acts/act1/a1_l2_layout_greybox.tscn' remapped 'res://scenes/acts/act1/a1_l2_layout_greybox.tscn' at thread -1
Completed load for: 'res://scenes/acts/act1/a1_l2.tscn' remapped 'res://scenes/acts/act1/a1_l2.tscn' at thread -1
Loading resource: res://scenes/acts/act1/a1_l1.tscn remapped: res://scenes/acts/act1/a1_l1.tscn
Loading resource: res://assets/acts/act1/launch/quiet_floor.png remapped: res://assets/acts/act1/launch/quiet_floor.png
Loading resource: res://.godot/imported/quiet_floor.png-0d5ba5ae403bf427577865af7ea91238.ctex remapped: res://.godot/imported/quiet_floor.png-0d5ba5ae403bf427577865af7ea91238.ctex
Completed load for: 'res://assets/acts/act1/launch/quiet_floor.png' remapped 'res://assets/acts/act1/launch/quiet_floor.png' at thread -1
Completed load for: 'res://scenes/acts/act1/a1_l1.tscn' remapped 'res://scenes/acts/act1/a1_l1.tscn' at thread -1
Loading resource: res://scenes/acts/act1/a1_l2.tscn remapped: res://scenes/acts/act1/a1_l2.tscn
Loading resource: res://scenes/acts/act1/a1_l2_layout_greybox.tscn remapped: res://scenes/acts/act1/a1_l2_layout_greybox.tscn
Completed load for: 'res://scenes/acts/act1/a1_l2_layout_greybox.tscn' remapped 'res://scenes/acts/act1/a1_l2_layout_greybox.tscn' at thread -1
Completed load for: 'res://scenes/acts/act1/a1_l2.tscn' remapped 'res://scenes/acts/act1/a1_l2.tscn' at thread -1
Loading resource: res://scenes/acts/act1/a1_l2.tscn remapped: res://scenes/acts/act1/a1_l2.tscn
Loading resource: res://scenes/acts/act1/a1_l2_layout_greybox.tscn remapped: res://scenes/acts/act1/a1_l2_layout_greybox.tscn
Completed load for: 'res://scenes/acts/act1/a1_l2_layout_greybox.tscn' remapped 'res://scenes/acts/act1/a1_l2_layout_greybox.tscn' at thread -1
Completed load for: 'res://scenes/acts/act1/a1_l2.tscn' remapped 'res://scenes/acts/act1/a1_l2.tscn' at thread -1
Loading resource: res://scenes/acts/act1/a1_l1.tscn remapped: res://scenes/acts/act1/a1_l1.tscn
Loading resource: res://assets/acts/act1/launch/quiet_floor.png remapped: res://assets/acts/act1/launch/quiet_floor.png
Loading resource: res://.godot/imported/quiet_floor.png-0d5ba5ae403bf427577865af7ea91238.ctex remapped: res://.godot/imported/quiet_floor.png-0d5ba5ae403bf427577865af7ea91238.ctex
Completed load for: 'res://assets/acts/act1/launch/quiet_floor.png' remapped 'res://assets/acts/act1/launch/quiet_floor.png' at thread -1
Completed load for: 'res://scenes/acts/act1/a1_l1.tscn' remapped 'res://scenes/acts/act1/a1_l1.tscn' at thread -1
Loading resource: res://scenes/acts/act1/a1_l2.tscn remapped: res://scenes/acts/act1/a1_l2.tscn
Loading resource: res://scenes/acts/act1/a1_l2_layout_greybox.tscn remapped: res://scenes/acts/act1/a1_l2_layout_greybox.tscn
Completed load for: 'res://scenes/acts/act1/a1_l2_layout_greybox.tscn' remapped 'res://scenes/acts/act1/a1_l2_layout_greybox.tscn' at thread -1
Completed load for: 'res://scenes/acts/act1/a1_l2.tscn' remapped 'res://scenes/acts/act1/a1_l2.tscn' at thread -1
Loading resource: res://scenes/acts/act1/a1_l2.tscn remapped: res://scenes/acts/act1/a1_l2.tscn
Loading resource: res://scenes/acts/act1/a1_l2_layout_greybox.tscn remapped: res://scenes/acts/act1/a1_l2_layout_greybox.tscn
Completed load for: 'res://scenes/acts/act1/a1_l2_layout_greybox.tscn' remapped 'res://scenes/acts/act1/a1_l2_layout_greybox.tscn' at thread -1
Completed load for: 'res://scenes/acts/act1/a1_l2.tscn' remapped 'res://scenes/acts/act1/a1_l2.tscn' at thread -1
PASS: real seeded Journey offers current A1-L2 Continue while A1-L3 stays locked
Loading resource: res://scenes/acts/act1/a1_l2.tscn remapped: res://scenes/acts/act1/a1_l2.tscn
Loading resource: res://scenes/acts/act1/a1_l2_layout_greybox.tscn remapped: res://scenes/acts/act1/a1_l2_layout_greybox.tscn
Completed load for: 'res://scenes/acts/act1/a1_l2_layout_greybox.tscn' remapped 'res://scenes/acts/act1/a1_l2_layout_greybox.tscn' at thread -1
Completed load for: 'res://scenes/acts/act1/a1_l2.tscn' remapped 'res://scenes/acts/act1/a1_l2.tscn' at thread -1
Loading resource: res://scenes/acts/act1/a1_l2.tscn remapped: res://scenes/acts/act1/a1_l2.tscn
Loading resource: res://scenes/acts/act1/a1_l2_layout_greybox.tscn remapped: res://scenes/acts/act1/a1_l2_layout_greybox.tscn
Completed load for: 'res://scenes/acts/act1/a1_l2_layout_greybox.tscn' remapped 'res://scenes/acts/act1/a1_l2_layout_greybox.tscn' at thread -1
Completed load for: 'res://scenes/acts/act1/a1_l2.tscn' remapped 'res://scenes/acts/act1/a1_l2.tscn' at thread -1
Loading resource: res://scenes/acts/act1/a1_l2.tscn remapped: res://scenes/acts/act1/a1_l2.tscn
Loading resource: res://scenes/acts/act1/a1_l2_layout_greybox.tscn remapped: res://scenes/acts/act1/a1_l2_layout_greybox.tscn
Completed load for: 'res://scenes/acts/act1/a1_l2_layout_greybox.tscn' remapped 'res://scenes/acts/act1/a1_l2_layout_greybox.tscn' at thread -1
Completed load for: 'res://scenes/acts/act1/a1_l2.tscn' remapped 'res://scenes/acts/act1/a1_l2.tscn' at thread -1
Loading resource: res://scenes/acts/act1/a1_l2.tscn remapped: res://scenes/acts/act1/a1_l2.tscn
Loading resource: res://scenes/acts/act1/a1_l2_layout_greybox.tscn remapped: res://scenes/acts/act1/a1_l2_layout_greybox.tscn
Completed load for: 'res://scenes/acts/act1/a1_l2_layout_greybox.tscn' remapped 'res://scenes/acts/act1/a1_l2_layout_greybox.tscn' at thread -1
Completed load for: 'res://scenes/acts/act1/a1_l2.tscn' remapped 'res://scenes/acts/act1/a1_l2.tscn' at thread -1
Loading resource: res://scenes/acts/act1/a1_l2.tscn remapped: res://scenes/acts/act1/a1_l2.tscn
Loading resource: res://scenes/acts/act1/a1_l2_layout_greybox.tscn remapped: res://scenes/acts/act1/a1_l2_layout_greybox.tscn
Completed load for: 'res://scenes/acts/act1/a1_l2_layout_greybox.tscn' remapped 'res://scenes/acts/act1/a1_l2_layout_greybox.tscn' at thread -1
Completed load for: 'res://scenes/acts/act1/a1_l2.tscn' remapped 'res://scenes/acts/act1/a1_l2.tscn' at thread -1
PASS: production A1-L2 installation waits at its real paused Resume: 
PASS: reviewed Main owns one shared expedition Player/effects, four retained C30 and five HP-free stationary circles
PASS: retained actual C30 source/art binding: solo
PASS: retained actual C30 source/art binding: rock
PASS: retained actual C30 source/art binding: open
PASS: retained actual C30 source/art binding: finale
PASS: actual HP-free native circle/source/cue binding: landing-impact
PASS: actual HP-free native circle/source/cue binding: rock-impact
PASS: actual HP-free native circle/source/cue binding: open-impact
PASS: actual HP-free native circle/source/cue binding: finale-impact-a
PASS: actual HP-free native circle/source/cue binding: finale-impact-b
PASS: reviewed spawn, shared Scheduler and exact five-beat/four-checkpoint authored prefix remain intact
PASS: actual accepted localversion1 Crater Gardens entry is a coherent Player/four-C30/five-circle/scheduler/shell unit
PASS: fresh TEST ONLY initial resources retain no executed action/input/tick
Loading resource: res://scenes/acts/act1/a1_l2.tscn remapped: res://scenes/acts/act1/a1_l2.tscn
Loading resource: res://scenes/acts/act1/a1_l2_layout_greybox.tscn remapped: res://scenes/acts/act1/a1_l2_layout_greybox.tscn
Completed load for: 'res://scenes/acts/act1/a1_l2_layout_greybox.tscn' remapped 'res://scenes/acts/act1/a1_l2_layout_greybox.tscn' at thread -1
Completed load for: 'res://scenes/acts/act1/a1_l2.tscn' remapped 'res://scenes/acts/act1/a1_l2.tscn' at thread -1
Loading resource: res://scenes/acts/act1/a1_l2.tscn remapped: res://scenes/acts/act1/a1_l2.tscn
Loading resource: res://scenes/acts/act1/a1_l2_layout_greybox.tscn remapped: res://scenes/acts/act1/a1_l2_layout_greybox.tscn
Completed load for: 'res://scenes/acts/act1/a1_l2_layout_greybox.tscn' remapped 'res://scenes/acts/act1/a1_l2_layout_greybox.tscn' at thread -1
Completed load for: 'res://scenes/acts/act1/a1_l2.tscn' remapped 'res://scenes/acts/act1/a1_l2.tscn' at thread -1
PASS: entry reopens actual checked format2 SaveStore data
PASS: initial living entry exposes actual paused GUI Resume
PASS: initial living entry GUI press/release is consumed before input/action/resource/pose/clock/anchor changes
PASS: actual viewport touch/drag/release starts one public physical dash and records exact release anchor
PASS: one real viewport first tap executes an immediate primary after the completed native dash
PASS: actual primary aims from the stored swipe-release anchor, has native geometry/clock and consumes no ammo or target HP
Loading resource: res://scenes/acts/act1/a1_l2.tscn remapped: res://scenes/acts/act1/a1_l2.tscn
Loading resource: res://scenes/acts/act1/a1_l2_layout_greybox.tscn remapped: res://scenes/acts/act1/a1_l2_layout_greybox.tscn
Completed load for: 'res://scenes/acts/act1/a1_l2_layout_greybox.tscn' remapped 'res://scenes/acts/act1/a1_l2_layout_greybox.tscn' at thread -1
Completed load for: 'res://scenes/acts/act1/a1_l2.tscn' remapped 'res://scenes/acts/act1/a1_l2.tscn' at thread -1
Loading resource: res://scenes/acts/act1/a1_l2.tscn remapped: res://scenes/acts/act1/a1_l2.tscn
Loading resource: res://scenes/acts/act1/a1_l2_layout_greybox.tscn remapped: res://scenes/acts/act1/a1_l2_layout_greybox.tscn
Completed load for: 'res://scenes/acts/act1/a1_l2_layout_greybox.tscn' remapped 'res://scenes/acts/act1/a1_l2_layout_greybox.tscn' at thread -1
Completed load for: 'res://scenes/acts/act1/a1_l2.tscn' remapped 'res://scenes/acts/act1/a1_l2.tscn' at thread -1
Loading resource: res://scenes/acts/act1/a1_l2.tscn remapped: res://scenes/acts/act1/a1_l2.tscn
Loading resource: res://scenes/acts/act1/a1_l2_layout_greybox.tscn remapped: res://scenes/acts/act1/a1_l2_layout_greybox.tscn
Completed load for: 'res://scenes/acts/act1/a1_l2_layout_greybox.tscn' remapped 'res://scenes/acts/act1/a1_l2_layout_greybox.tscn' at thread -1
Completed load for: 'res://scenes/acts/act1/a1_l2.tscn' remapped 'res://scenes/acts/act1/a1_l2.tscn' at thread -1
Loading resource: res://scenes/acts/act1/a1_l2.tscn remapped: res://scenes/acts/act1/a1_l2.tscn
Loading resource: res://scenes/acts/act1/a1_l2_layout_greybox.tscn remapped: res://scenes/acts/act1/a1_l2_layout_greybox.tscn
Completed load for: 'res://scenes/acts/act1/a1_l2_layout_greybox.tscn' remapped 'res://scenes/acts/act1/a1_l2_layout_greybox.tscn' at thread -1
Completed load for: 'res://scenes/acts/act1/a1_l2.tscn' remapped 'res://scenes/acts/act1/a1_l2.tscn' at thread -1
Loading resource: res://scenes/acts/act1/a1_l2.tscn remapped: res://scenes/acts/act1/a1_l2.tscn
Loading resource: res://scenes/acts/act1/a1_l2_layout_greybox.tscn remapped: res://scenes/acts/act1/a1_l2_layout_greybox.tscn
Completed load for: 'res://scenes/acts/act1/a1_l2_layout_greybox.tscn' remapped 'res://scenes/acts/act1/a1_l2_layout_greybox.tscn' at thread -1
Completed load for: 'res://scenes/acts/act1/a1_l2.tscn' remapped 'res://scenes/acts/act1/a1_l2.tscn' at thread -1
Loading resource: res://scenes/acts/act1/a1_l2.tscn remapped: res://scenes/acts/act1/a1_l2.tscn
Loading resource: res://scenes/acts/act1/a1_l2_layout_greybox.tscn remapped: res://scenes/acts/act1/a1_l2_layout_greybox.tscn
Completed load for: 'res://scenes/acts/act1/a1_l2_layout_greybox.tscn' remapped 'res://scenes/acts/act1/a1_l2_layout_greybox.tscn' at thread -1
Completed load for: 'res://scenes/acts/act1/a1_l2.tscn' remapped 'res://scenes/acts/act1/a1_l2.tscn' at thread -1
Loading resource: res://scenes/acts/act1/a1_l2.tscn remapped: res://scenes/acts/act1/a1_l2.tscn
Loading resource: res://scenes/acts/act1/a1_l2_layout_greybox.tscn remapped: res://scenes/acts/act1/a1_l2_layout_greybox.tscn
Completed load for: 'res://scenes/acts/act1/a1_l2_layout_greybox.tscn' remapped 'res://scenes/acts/act1/a1_l2_layout_greybox.tscn' at thread -1
Completed load for: 'res://scenes/acts/act1/a1_l2.tscn' remapped 'res://scenes/acts/act1/a1_l2.tscn' at thread -1
Loading resource: res://scenes/acts/act1/a1_l2.tscn remapped: res://scenes/acts/act1/a1_l2.tscn
Loading resource: res://scenes/acts/act1/a1_l2_layout_greybox.tscn remapped: res://scenes/acts/act1/a1_l2_layout_greybox.tscn
Completed load for: 'res://scenes/acts/act1/a1_l2_layout_greybox.tscn' remapped 'res://scenes/acts/act1/a1_l2_layout_greybox.tscn' at thread -1
Completed load for: 'res://scenes/acts/act1/a1_l2.tscn' remapped 'res://scenes/acts/act1/a1_l2.tscn' at thread -1
Loading resource: res://scenes/acts/act1/a1_l2.tscn remapped: res://scenes/acts/act1/a1_l2.tscn
Loading resource: res://scenes/acts/act1/a1_l2_layout_greybox.tscn remapped: res://scenes/acts/act1/a1_l2_layout_greybox.tscn
Completed load for: 'res://scenes/acts/act1/a1_l2_layout_greybox.tscn' remapped 'res://scenes/acts/act1/a1_l2_layout_greybox.tscn' at thread -1
Completed load for: 'res://scenes/acts/act1/a1_l2.tscn' remapped 'res://scenes/acts/act1/a1_l2.tscn' at thread -1
PASS: public deferred pause captures the actual routed movement and complete authored world: 
PASS: real routed release retains its completed physical path and separate exact screen anchor after the primary tap
PASS: live dash changes actual path/clocks/camera before the save
PASS: short native movement/primary preserves initial low HP and gear with two real inputs; ammo follows its actual passive reload
PASS: coherent movement save protects its initial checkpoint and awards no A1-L2 completion/reward
Loading resource: res://scenes/acts/act1/a1_l2.tscn remapped: res://scenes/acts/act1/a1_l2.tscn
Loading resource: res://scenes/acts/act1/a1_l2_layout_greybox.tscn remapped: res://scenes/acts/act1/a1_l2_layout_greybox.tscn
Completed load for: 'res://scenes/acts/act1/a1_l2_layout_greybox.tscn' remapped 'res://scenes/acts/act1/a1_l2_layout_greybox.tscn' at thread -1
Completed load for: 'res://scenes/acts/act1/a1_l2.tscn' remapped 'res://scenes/acts/act1/a1_l2.tscn' at thread -1
Loading resource: res://scenes/acts/act1/a1_l2.tscn remapped: res://scenes/acts/act1/a1_l2.tscn
Loading resource: res://scenes/acts/act1/a1_l2_layout_greybox.tscn remapped: res://scenes/acts/act1/a1_l2_layout_greybox.tscn
Completed load for: 'res://scenes/acts/act1/a1_l2_layout_greybox.tscn' remapped 'res://scenes/acts/act1/a1_l2_layout_greybox.tscn' at thread -1
Completed load for: 'res://scenes/acts/act1/a1_l2.tscn' remapped 'res://scenes/acts/act1/a1_l2.tscn' at thread -1
PASS: actual pause publishes an exact checked format2 generation
PASS: paused frames freeze complete actor/local/input/camera state exactly
PASS: first shell closure frees actual @Node3D@253
PASS: first shell closure frees actual CraterGardens
PASS: first shell closure frees actual CinderPlayer
PASS: first shell closure frees actual @Node3D@255
PASS: first shell closure frees actual Floor
PASS: first shell closure frees actual WestEdge
PASS: first shell closure frees actual EastEdge
PASS: first shell closure frees actual NorthEdge
PASS: first shell closure frees actual SouthEdge
PASS: first shell closure frees actual ApproachRock
PASS: first shell closure frees actual RockRouteOuterFlat
PASS: first shell closure frees actual CraterThreatScheduler
PASS: first shell closure frees actual SoloRushSelenite
PASS: first shell closure frees actual ThreatCue
PASS: first shell closure frees actual RockRushSelenite
PASS: first shell closure frees actual ThreatCue
PASS: first shell closure frees actual OpenRushSelenite
PASS: first shell closure frees actual ThreatCue
PASS: first shell closure frees actual FinaleRushSelenite
PASS: first shell closure frees actual ThreatCue
PASS: first shell closure frees actual ThreatCue
PASS: first shell closure frees actual ThreatCue
PASS: first shell closure frees actual ThreatCue
PASS: first shell closure frees actual ThreatCue
PASS: first shell closure frees actual ThreatCue
PASS: first shell closure frees actual GrottoContactCue
PASS: first shell closure frees actual CelestialCampSaveCue
PASS: production registry configures only isolated PID user paths
Loading resource: res://scenes/acts/act1/a1_l1.tscn remapped: res://scenes/acts/act1/a1_l1.tscn
Loading resource: res://assets/acts/act1/launch/quiet_floor.png remapped: res://assets/acts/act1/launch/quiet_floor.png
Loading resource: res://.godot/imported/quiet_floor.png-0d5ba5ae403bf427577865af7ea91238.ctex remapped: res://.godot/imported/quiet_floor.png-0d5ba5ae403bf427577865af7ea91238.ctex
Completed load for: 'res://assets/acts/act1/launch/quiet_floor.png' remapped 'res://assets/acts/act1/launch/quiet_floor.png' at thread -1
Completed load for: 'res://scenes/acts/act1/a1_l1.tscn' remapped 'res://scenes/acts/act1/a1_l1.tscn' at thread -1
Loading resource: res://scenes/acts/act1/a1_l2.tscn remapped: res://scenes/acts/act1/a1_l2.tscn
Loading resource: res://scenes/acts/act1/a1_l2_layout_greybox.tscn remapped: res://scenes/acts/act1/a1_l2_layout_greybox.tscn
Completed load for: 'res://scenes/acts/act1/a1_l2_layout_greybox.tscn' remapped 'res://scenes/acts/act1/a1_l2_layout_greybox.tscn' at thread -1
Completed load for: 'res://scenes/acts/act1/a1_l2.tscn' remapped 'res://scenes/acts/act1/a1_l2.tscn' at thread -1
Loading resource: res://scenes/acts/act1/a1_l2.tscn remapped: res://scenes/acts/act1/a1_l2.tscn
Loading resource: res://scenes/acts/act1/a1_l2_layout_greybox.tscn remapped: res://scenes/acts/act1/a1_l2_layout_greybox.tscn
Completed load for: 'res://scenes/acts/act1/a1_l2_layout_greybox.tscn' remapped 'res://scenes/acts/act1/a1_l2_layout_greybox.tscn' at thread -1
Completed load for: 'res://scenes/acts/act1/a1_l2.tscn' remapped 'res://scenes/acts/act1/a1_l2.tscn' at thread -1
Loading resource: res://scenes/acts/act1/a1_l2.tscn remapped: res://scenes/acts/act1/a1_l2.tscn
Loading resource: res://scenes/acts/act1/a1_l2_layout_greybox.tscn remapped: res://scenes/acts/act1/a1_l2_layout_greybox.tscn
Completed load for: 'res://scenes/acts/act1/a1_l2_layout_greybox.tscn' remapped 'res://scenes/acts/act1/a1_l2_layout_greybox.tscn' at thread -1
Completed load for: 'res://scenes/acts/act1/a1_l2.tscn' remapped 'res://scenes/acts/act1/a1_l2.tscn' at thread -1
Loading resource: res://scenes/acts/act1/a1_l2.tscn remapped: res://scenes/acts/act1/a1_l2.tscn
Loading resource: res://scenes/acts/act1/a1_l2_layout_greybox.tscn remapped: res://scenes/acts/act1/a1_l2_layout_greybox.tscn
Completed load for: 'res://scenes/acts/act1/a1_l2_layout_greybox.tscn' remapped 'res://scenes/acts/act1/a1_l2_layout_greybox.tscn' at thread -1
Completed load for: 'res://scenes/acts/act1/a1_l2.tscn' remapped 'res://scenes/acts/act1/a1_l2.tscn' at thread -1
Loading resource: res://scenes/acts/act1/a1_l2.tscn remapped: res://scenes/acts/act1/a1_l2.tscn
Loading resource: res://scenes/acts/act1/a1_l2_layout_greybox.tscn remapped: res://scenes/acts/act1/a1_l2_layout_greybox.tscn
Completed load for: 'res://scenes/acts/act1/a1_l2_layout_greybox.tscn' remapped 'res://scenes/acts/act1/a1_l2_layout_greybox.tscn' at thread -1
Completed load for: 'res://scenes/acts/act1/a1_l2.tscn' remapped 'res://scenes/acts/act1/a1_l2.tscn' at thread -1
Loading resource: res://scenes/acts/act1/a1_l2.tscn remapped: res://scenes/acts/act1/a1_l2.tscn
Loading resource: res://scenes/acts/act1/a1_l2_layout_greybox.tscn remapped: res://scenes/acts/act1/a1_l2_layout_greybox.tscn
Completed load for: 'res://scenes/acts/act1/a1_l2_layout_greybox.tscn' remapped 'res://scenes/acts/act1/a1_l2_layout_greybox.tscn' at thread -1
Completed load for: 'res://scenes/acts/act1/a1_l2.tscn' remapped 'res://scenes/acts/act1/a1_l2.tscn' at thread -1
Loading resource: res://scenes/acts/act1/a1_l2.tscn remapped: res://scenes/acts/act1/a1_l2.tscn
Loading resource: res://scenes/acts/act1/a1_l2_layout_greybox.tscn remapped: res://scenes/acts/act1/a1_l2_layout_greybox.tscn
Completed load for: 'res://scenes/acts/act1/a1_l2_layout_greybox.tscn' remapped 'res://scenes/acts/act1/a1_l2_layout_greybox.tscn' at thread -1
Completed load for: 'res://scenes/acts/act1/a1_l2.tscn' remapped 'res://scenes/acts/act1/a1_l2.tscn' at thread -1
PASS: real production Title has no duplicate live world for living saved movement/aimed primary: 
Loading resource: res://scenes/acts/act1/a1_l2.tscn remapped: res://scenes/acts/act1/a1_l2.tscn
Loading resource: res://scenes/acts/act1/a1_l2_layout_greybox.tscn remapped: res://scenes/acts/act1/a1_l2_layout_greybox.tscn
Completed load for: 'res://scenes/acts/act1/a1_l2_layout_greybox.tscn' remapped 'res://scenes/acts/act1/a1_l2_layout_greybox.tscn' at thread -1
Completed load for: 'res://scenes/acts/act1/a1_l2.tscn' remapped 'res://scenes/acts/act1/a1_l2.tscn' at thread -1
Loading resource: res://scenes/acts/act1/a1_l2.tscn remapped: res://scenes/acts/act1/a1_l2.tscn
Loading resource: res://scenes/acts/act1/a1_l2_layout_greybox.tscn remapped: res://scenes/acts/act1/a1_l2_layout_greybox.tscn
Completed load for: 'res://scenes/acts/act1/a1_l2_layout_greybox.tscn' remapped 'res://scenes/acts/act1/a1_l2_layout_greybox.tscn' at thread -1
Completed load for: 'res://scenes/acts/act1/a1_l2.tscn' remapped 'res://scenes/acts/act1/a1_l2.tscn' at thread -1
Loading resource: res://scenes/acts/act1/a1_l2.tscn remapped: res://scenes/acts/act1/a1_l2.tscn
Loading resource: res://scenes/acts/act1/a1_l2_layout_greybox.tscn remapped: res://scenes/acts/act1/a1_l2_layout_greybox.tscn
Completed load for: 'res://scenes/acts/act1/a1_l2_layout_greybox.tscn' remapped 'res://scenes/acts/act1/a1_l2_layout_greybox.tscn' at thread -1
Completed load for: 'res://scenes/acts/act1/a1_l2.tscn' remapped 'res://scenes/acts/act1/a1_l2.tscn' at thread -1
Loading resource: res://scenes/acts/act1/a1_l2.tscn remapped: res://scenes/acts/act1/a1_l2.tscn
Loading resource: res://scenes/acts/act1/a1_l2_layout_greybox.tscn remapped: res://scenes/acts/act1/a1_l2_layout_greybox.tscn
Completed load for: 'res://scenes/acts/act1/a1_l2_layout_greybox.tscn' remapped 'res://scenes/acts/act1/a1_l2_layout_greybox.tscn' at thread -1
Completed load for: 'res://scenes/acts/act1/a1_l2.tscn' remapped 'res://scenes/acts/act1/a1_l2.tscn' at thread -1
PASS: production A1-L2 installation waits at its real paused Resume: 
PASS: reviewed Main owns one shared expedition Player/effects, four retained C30 and five HP-free stationary circles
PASS: retained actual C30 source/art binding: solo
PASS: retained actual C30 source/art binding: rock
PASS: retained actual C30 source/art binding: open
PASS: retained actual C30 source/art binding: finale
PASS: actual HP-free native circle/source/cue binding: landing-impact
PASS: actual HP-free native circle/source/cue binding: rock-impact
PASS: actual HP-free native circle/source/cue binding: open-impact
PASS: actual HP-free native circle/source/cue binding: finale-impact-a
PASS: actual HP-free native circle/source/cue binding: finale-impact-b
PASS: reviewed spawn, shared Scheduler and exact five-beat/four-checkpoint authored prefix remain intact
PASS: fresh actual GUI Continue restores exact living saved movement/aimed primary without gameplay callbacks: []
PASS: fresh Continue preserves actual resources and does not republish the past dash or primary
Loading resource: res://scenes/acts/act1/a1_l2.tscn remapped: res://scenes/acts/act1/a1_l2.tscn
Loading resource: res://scenes/acts/act1/a1_l2_layout_greybox.tscn remapped: res://scenes/acts/act1/a1_l2_layout_greybox.tscn
Completed load for: 'res://scenes/acts/act1/a1_l2_layout_greybox.tscn' remapped 'res://scenes/acts/act1/a1_l2_layout_greybox.tscn' at thread -1
Completed load for: 'res://scenes/acts/act1/a1_l2.tscn' remapped 'res://scenes/acts/act1/a1_l2.tscn' at thread -1
Loading resource: res://scenes/acts/act1/a1_l2.tscn remapped: res://scenes/acts/act1/a1_l2.tscn
Loading resource: res://scenes/acts/act1/a1_l2_layout_greybox.tscn remapped: res://scenes/acts/act1/a1_l2_layout_greybox.tscn
Completed load for: 'res://scenes/acts/act1/a1_l2_layout_greybox.tscn' remapped 'res://scenes/acts/act1/a1_l2_layout_greybox.tscn' at thread -1
Completed load for: 'res://scenes/acts/act1/a1_l2.tscn' remapped 'res://scenes/acts/act1/a1_l2.tscn' at thread -1
Loading resource: res://scenes/acts/act1/a1_l2.tscn remapped: res://scenes/acts/act1/a1_l2.tscn
Loading resource: res://scenes/acts/act1/a1_l2_layout_greybox.tscn remapped: res://scenes/acts/act1/a1_l2_layout_greybox.tscn
Completed load for: 'res://scenes/acts/act1/a1_l2_layout_greybox.tscn' remapped 'res://scenes/acts/act1/a1_l2_layout_greybox.tscn' at thread -1
Completed load for: 'res://scenes/acts/act1/a1_l2.tscn' remapped 'res://scenes/acts/act1/a1_l2.tscn' at thread -1
Loading resource: res://scenes/acts/act1/a1_l2.tscn remapped: res://scenes/acts/act1/a1_l2.tscn
Loading resource: res://scenes/acts/act1/a1_l2_layout_greybox.tscn remapped: res://scenes/acts/act1/a1_l2_layout_greybox.tscn
Completed load for: 'res://scenes/acts/act1/a1_l2_layout_greybox.tscn' remapped 'res://scenes/acts/act1/a1_l2_layout_greybox.tscn' at thread -1
Completed load for: 'res://scenes/acts/act1/a1_l2.tscn' remapped 'res://scenes/acts/act1/a1_l2.tscn' at thread -1
Loading resource: res://scenes/acts/act1/a1_l2.tscn remapped: res://scenes/acts/act1/a1_l2.tscn
Loading resource: res://scenes/acts/act1/a1_l2_layout_greybox.tscn remapped: res://scenes/acts/act1/a1_l2_layout_greybox.tscn
Completed load for: 'res://scenes/acts/act1/a1_l2_layout_greybox.tscn' remapped 'res://scenes/acts/act1/a1_l2_layout_greybox.tscn' at thread -1
Completed load for: 'res://scenes/acts/act1/a1_l2.tscn' remapped 'res://scenes/acts/act1/a1_l2.tscn' at thread -1
Loading resource: res://scenes/acts/act1/a1_l2.tscn remapped: res://scenes/acts/act1/a1_l2.tscn
Loading resource: res://scenes/acts/act1/a1_l2_layout_greybox.tscn remapped: res://scenes/acts/act1/a1_l2_layout_greybox.tscn
Completed load for: 'res://scenes/acts/act1/a1_l2_layout_greybox.tscn' remapped 'res://scenes/acts/act1/a1_l2_layout_greybox.tscn' at thread -1
Completed load for: 'res://scenes/acts/act1/a1_l2.tscn' remapped 'res://scenes/acts/act1/a1_l2.tscn' at thread -1
Loading resource: res://scenes/acts/act1/a1_l2.tscn remapped: res://scenes/acts/act1/a1_l2.tscn
Loading resource: res://scenes/acts/act1/a1_l2_layout_greybox.tscn remapped: res://scenes/acts/act1/a1_l2_layout_greybox.tscn
Completed load for: 'res://scenes/acts/act1/a1_l2_layout_greybox.tscn' remapped 'res://scenes/acts/act1/a1_l2_layout_greybox.tscn' at thread -1
Completed load for: 'res://scenes/acts/act1/a1_l2.tscn' remapped 'res://scenes/acts/act1/a1_l2.tscn' at thread -1
Loading resource: res://scenes/acts/act1/a1_l2.tscn remapped: res://scenes/acts/act1/a1_l2.tscn
Loading resource: res://scenes/acts/act1/a1_l2_layout_greybox.tscn remapped: res://scenes/acts/act1/a1_l2_layout_greybox.tscn
Completed load for: 'res://scenes/acts/act1/a1_l2_layout_greybox.tscn' remapped 'res://scenes/acts/act1/a1_l2_layout_greybox.tscn' at thread -1
Completed load for: 'res://scenes/acts/act1/a1_l2.tscn' remapped 'res://scenes/acts/act1/a1_l2.tscn' at thread -1
Loading resource: res://scenes/acts/act1/a1_l2.tscn remapped: res://scenes/acts/act1/a1_l2.tscn
Loading resource: res://scenes/acts/act1/a1_l2_layout_greybox.tscn remapped: res://scenes/acts/act1/a1_l2_layout_greybox.tscn
Completed load for: 'res://scenes/acts/act1/a1_l2_layout_greybox.tscn' remapped 'res://scenes/acts/act1/a1_l2_layout_greybox.tscn' at thread -1
Completed load for: 'res://scenes/acts/act1/a1_l2.tscn' remapped 'res://scenes/acts/act1/a1_l2.tscn' at thread -1
Loading resource: res://scenes/acts/act1/a1_l2.tscn remapped: res://scenes/acts/act1/a1_l2.tscn
Loading resource: res://scenes/acts/act1/a1_l2_layout_greybox.tscn remapped: res://scenes/acts/act1/a1_l2_layout_greybox.tscn
Completed load for: 'res://scenes/acts/act1/a1_l2_layout_greybox.tscn' remapped 'res://scenes/acts/act1/a1_l2_layout_greybox.tscn' at thread -1
Completed load for: 'res://scenes/acts/act1/a1_l2.tscn' remapped 'res://scenes/acts/act1/a1_l2.tscn' at thread -1
Loading resource: res://scenes/acts/act1/a1_l2.tscn remapped: res://scenes/acts/act1/a1_l2.tscn
Loading resource: res://scenes/acts/act1/a1_l2_layout_greybox.tscn remapped: res://scenes/acts/act1/a1_l2_layout_greybox.tscn
Completed load for: 'res://scenes/acts/act1/a1_l2_layout_greybox.tscn' remapped 'res://scenes/acts/act1/a1_l2_layout_greybox.tscn' at thread -1
Completed load for: 'res://scenes/acts/act1/a1_l2.tscn' remapped 'res://scenes/acts/act1/a1_l2.tscn' at thread -1
Loading resource: res://scenes/acts/act1/a1_l2.tscn remapped: res://scenes/acts/act1/a1_l2.tscn
Loading resource: res://scenes/acts/act1/a1_l2_layout_greybox.tscn remapped: res://scenes/acts/act1/a1_l2_layout_greybox.tscn
Completed load for: 'res://scenes/acts/act1/a1_l2_layout_greybox.tscn' remapped 'res://scenes/acts/act1/a1_l2_layout_greybox.tscn' at thread -1
Completed load for: 'res://scenes/acts/act1/a1_l2.tscn' remapped 'res://scenes/acts/act1/a1_l2.tscn' at thread -1
Loading resource: res://scenes/acts/act1/a1_l2.tscn remapped: res://scenes/acts/act1/a1_l2.tscn
Loading resource: res://scenes/acts/act1/a1_l2_layout_greybox.tscn remapped: res://scenes/acts/act1/a1_l2_layout_greybox.tscn
Completed load for: 'res://scenes/acts/act1/a1_l2_layout_greybox.tscn' remapped 'res://scenes/acts/act1/a1_l2_layout_greybox.tscn' at thread -1
Completed load for: 'res://scenes/acts/act1/a1_l2.tscn' remapped 'res://scenes/acts/act1/a1_l2.tscn' at thread -1
Loading resource: res://scenes/acts/act1/a1_l2.tscn remapped: res://scenes/acts/act1/a1_l2.tscn
Loading resource: res://scenes/acts/act1/a1_l2_layout_greybox.tscn remapped: res://scenes/acts/act1/a1_l2_layout_greybox.tscn
Completed load for: 'res://scenes/acts/act1/a1_l2_layout_greybox.tscn' remapped 'res://scenes/acts/act1/a1_l2_layout_greybox.tscn' at thread -1
Completed load for: 'res://scenes/acts/act1/a1_l2.tscn' remapped 'res://scenes/acts/act1/a1_l2.tscn' at thread -1
Loading resource: res://scenes/acts/act1/a1_l2.tscn remapped: res://scenes/acts/act1/a1_l2.tscn
Loading resource: res://scenes/acts/act1/a1_l2_layout_greybox.tscn remapped: res://scenes/acts/act1/a1_l2_layout_greybox.tscn
Completed load for: 'res://scenes/acts/act1/a1_l2_layout_greybox.tscn' remapped 'res://scenes/acts/act1/a1_l2_layout_greybox.tscn' at thread -1
Completed load for: 'res://scenes/acts/act1/a1_l2.tscn' remapped 'res://scenes/acts/act1/a1_l2.tscn' at thread -1
Loading resource: res://scenes/acts/act1/a1_l2.tscn remapped: res://scenes/acts/act1/a1_l2.tscn
Loading resource: res://scenes/acts/act1/a1_l2_layout_greybox.tscn remapped: res://scenes/acts/act1/a1_l2_layout_greybox.tscn
Completed load for: 'res://scenes/acts/act1/a1_l2_layout_greybox.tscn' remapped 'res://scenes/acts/act1/a1_l2_layout_greybox.tscn' at thread -1
Completed load for: 'res://scenes/acts/act1/a1_l2.tscn' remapped 'res://scenes/acts/act1/a1_l2.tscn' at thread -1
Loading resource: res://scenes/acts/act1/a1_l2.tscn remapped: res://scenes/acts/act1/a1_l2.tscn
Loading resource: res://scenes/acts/act1/a1_l2_layout_greybox.tscn remapped: res://scenes/acts/act1/a1_l2_layout_greybox.tscn
Completed load for: 'res://scenes/acts/act1/a1_l2_layout_greybox.tscn' remapped 'res://scenes/acts/act1/a1_l2_layout_greybox.tscn' at thread -1
Completed load for: 'res://scenes/acts/act1/a1_l2.tscn' remapped 'res://scenes/acts/act1/a1_l2.tscn' at thread -1
Loading resource: res://scenes/acts/act1/a1_l2.tscn remapped: res://scenes/acts/act1/a1_l2.tscn
Loading resource: res://scenes/acts/act1/a1_l2_layout_greybox.tscn remapped: res://scenes/acts/act1/a1_l2_layout_greybox.tscn
Completed load for: 'res://scenes/acts/act1/a1_l2_layout_greybox.tscn' remapped 'res://scenes/acts/act1/a1_l2_layout_greybox.tscn' at thread -1
Completed load for: 'res://scenes/acts/act1/a1_l2.tscn' remapped 'res://scenes/acts/act1/a1_l2.tscn' at thread -1
Loading resource: res://scenes/acts/act1/a1_l2.tscn remapped: res://scenes/acts/act1/a1_l2.tscn
Loading resource: res://scenes/acts/act1/a1_l2_layout_greybox.tscn remapped: res://scenes/acts/act1/a1_l2_layout_greybox.tscn
Completed load for: 'res://scenes/acts/act1/a1_l2_layout_greybox.tscn' remapped 'res://scenes/acts/act1/a1_l2_layout_greybox.tscn' at thread -1
Completed load for: 'res://scenes/acts/act1/a1_l2.tscn' remapped 'res://scenes/acts/act1/a1_l2.tscn' at thread -1
Loading resource: res://scenes/acts/act1/a1_l2.tscn remapped: res://scenes/acts/act1/a1_l2.tscn
Loading resource: res://scenes/acts/act1/a1_l2_layout_greybox.tscn remapped: res://scenes/acts/act1/a1_l2_layout_greybox.tscn
Completed load for: 'res://scenes/acts/act1/a1_l2_layout_greybox.tscn' remapped 'res://scenes/acts/act1/a1_l2_layout_greybox.tscn' at thread -1
Completed load for: 'res://scenes/acts/act1/a1_l2.tscn' remapped 'res://scenes/acts/act1/a1_l2.tscn' at thread -1
PASS: production A1-L2 installation waits at its real paused Resume: 
PASS: reviewed Main owns one shared expedition Player/effects, four retained C30 and five HP-free stationary circles
PASS: retained actual C30 source/art binding: solo
PASS: retained actual C30 source/art binding: rock
PASS: retained actual C30 source/art binding: open
PASS: retained actual C30 source/art binding: finale
PASS: actual HP-free native circle/source/cue binding: landing-impact
PASS: actual HP-free native circle/source/cue binding: rock-impact
PASS: actual HP-free native circle/source/cue binding: open-impact
PASS: actual HP-free native circle/source/cue binding: finale-impact-a
PASS: actual HP-free native circle/source/cue binding: finale-impact-b
PASS: reviewed spawn, shared Scheduler and exact five-beat/four-checkpoint authored prefix remain intact
PASS: actual GUI Retry restores exact initial living checkpoint without gameplay callbacks: []
PASS: living GUI Retry frees actual @Node3D@332
PASS: living GUI Retry frees actual CraterGardens
PASS: living GUI Retry frees actual CinderPlayer
PASS: living GUI Retry frees actual @Node3D@334
PASS: living GUI Retry frees actual Floor
PASS: living GUI Retry frees actual WestEdge
PASS: living GUI Retry frees actual EastEdge
PASS: living GUI Retry frees actual NorthEdge
PASS: living GUI Retry frees actual SouthEdge
PASS: living GUI Retry frees actual ApproachRock
PASS: living GUI Retry frees actual RockRouteOuterFlat
PASS: living GUI Retry frees actual CraterThreatScheduler
PASS: living GUI Retry frees actual SoloRushSelenite
PASS: living GUI Retry frees actual ThreatCue
PASS: living GUI Retry frees actual RockRushSelenite
PASS: living GUI Retry frees actual ThreatCue
PASS: living GUI Retry frees actual OpenRushSelenite
PASS: living GUI Retry frees actual ThreatCue
PASS: living GUI Retry frees actual FinaleRushSelenite
PASS: living GUI Retry frees actual ThreatCue
PASS: living GUI Retry frees actual ThreatCue
PASS: living GUI Retry frees actual ThreatCue
PASS: living GUI Retry frees actual ThreatCue
PASS: living GUI Retry frees actual ThreatCue
PASS: living GUI Retry frees actual ThreatCue
PASS: living GUI Retry frees actual GrottoContactCue
PASS: living GUI Retry frees actual CelestialCampSaveCue
Loading resource: res://scenes/acts/act1/a1_l2.tscn remapped: res://scenes/acts/act1/a1_l2.tscn
Loading resource: res://scenes/acts/act1/a1_l2_layout_greybox.tscn remapped: res://scenes/acts/act1/a1_l2_layout_greybox.tscn
Completed load for: 'res://scenes/acts/act1/a1_l2_layout_greybox.tscn' remapped 'res://scenes/acts/act1/a1_l2_layout_greybox.tscn' at thread -1
Completed load for: 'res://scenes/acts/act1/a1_l2.tscn' remapped 'res://scenes/acts/act1/a1_l2.tscn' at thread -1
Loading resource: res://scenes/acts/act1/a1_l2.tscn remapped: res://scenes/acts/act1/a1_l2.tscn
Loading resource: res://scenes/acts/act1/a1_l2_layout_greybox.tscn remapped: res://scenes/acts/act1/a1_l2_layout_greybox.tscn
Completed load for: 'res://scenes/acts/act1/a1_l2_layout_greybox.tscn' remapped 'res://scenes/acts/act1/a1_l2_layout_greybox.tscn' at thread -1
Completed load for: 'res://scenes/acts/act1/a1_l2.tscn' remapped 'res://scenes/acts/act1/a1_l2.tscn' at thread -1
PASS: Retry uses exact checkpoint resources/history without healing or invented progress
PASS: living retry closure frees actual @Node3D@345
PASS: living retry closure frees actual CraterGardens
PASS: living retry closure frees actual CinderPlayer
PASS: living retry closure frees actual @Node3D@347
PASS: living retry closure frees actual Floor
PASS: living retry closure frees actual WestEdge
PASS: living retry closure frees actual EastEdge
PASS: living retry closure frees actual NorthEdge
PASS: living retry closure frees actual SouthEdge
PASS: living retry closure frees actual ApproachRock
PASS: living retry closure frees actual RockRouteOuterFlat
PASS: living retry closure frees actual CraterThreatScheduler
PASS: living retry closure frees actual SoloRushSelenite
PASS: living retry closure frees actual ThreatCue
PASS: living retry closure frees actual RockRushSelenite
PASS: living retry closure frees actual ThreatCue
PASS: living retry closure frees actual OpenRushSelenite
PASS: living retry closure frees actual ThreatCue
PASS: living retry closure frees actual FinaleRushSelenite
PASS: living retry closure frees actual ThreatCue
PASS: living retry closure frees actual ThreatCue
PASS: living retry closure frees actual ThreatCue
PASS: living retry closure frees actual ThreatCue
PASS: living retry closure frees actual ThreatCue
PASS: living retry closure frees actual ThreatCue
PASS: living retry closure frees actual GrottoContactCue
PASS: living retry closure frees actual CelestialCampSaveCue
Loading resource: res://scenes/acts/act1/a1_l2.tscn remapped: res://scenes/acts/act1/a1_l2.tscn
Loading resource: res://scenes/acts/act1/a1_l2_layout_greybox.tscn remapped: res://scenes/acts/act1/a1_l2_layout_greybox.tscn
Completed load for: 'res://scenes/acts/act1/a1_l2_layout_greybox.tscn' remapped 'res://scenes/acts/act1/a1_l2_layout_greybox.tscn' at thread -1
Completed load for: 'res://scenes/acts/act1/a1_l2.tscn' remapped 'res://scenes/acts/act1/a1_l2.tscn' at thread -1
PASS: TEST ONLY seed uses the actual reviewed Crater Gardens runtime, not a greybox or predecessor
PASS: TEST ONLY initial HP/zeroammo seed uses validated quiet public Player restore
PASS: TEST ONLY A1-L1 prefix/actual initial A1-L2 unit writes through public Attempts/SaveStore:   
PASS: seed retains initial five-beat/four-checkpoint Main, four dormant C30/five idle circles and no Player action
PASS: seed preview retires before production installation
TEST ONLY predecessor/resource seed: ["A1-L1"]; HP=0.1; initial shells=0; not A1-L1 gameplay or A1-L2 clear evidence
PASS: production registry configures only isolated PID user paths
Loading resource: res://scenes/acts/act1/a1_l1.tscn remapped: res://scenes/acts/act1/a1_l1.tscn
Loading resource: res://assets/acts/act1/launch/quiet_floor.png remapped: res://assets/acts/act1/launch/quiet_floor.png
Loading resource: res://.godot/imported/quiet_floor.png-0d5ba5ae403bf427577865af7ea91238.ctex remapped: res://.godot/imported/quiet_floor.png-0d5ba5ae403bf427577865af7ea91238.ctex
Completed load for: 'res://assets/acts/act1/launch/quiet_floor.png' remapped 'res://assets/acts/act1/launch/quiet_floor.png' at thread -1
Completed load for: 'res://scenes/acts/act1/a1_l1.tscn' remapped 'res://scenes/acts/act1/a1_l1.tscn' at thread -1
Loading resource: res://scenes/acts/act1/a1_l2.tscn remapped: res://scenes/acts/act1/a1_l2.tscn
Loading resource: res://scenes/acts/act1/a1_l2_layout_greybox.tscn remapped: res://scenes/acts/act1/a1_l2_layout_greybox.tscn
Completed load for: 'res://scenes/acts/act1/a1_l2_layout_greybox.tscn' remapped 'res://scenes/acts/act1/a1_l2_layout_greybox.tscn' at thread -1
Completed load for: 'res://scenes/acts/act1/a1_l2.tscn' remapped 'res://scenes/acts/act1/a1_l2.tscn' at thread -1
Loading resource: res://scenes/acts/act1/a1_l2.tscn remapped: res://scenes/acts/act1/a1_l2.tscn
Loading resource: res://scenes/acts/act1/a1_l2_layout_greybox.tscn remapped: res://scenes/acts/act1/a1_l2_layout_greybox.tscn
Completed load for: 'res://scenes/acts/act1/a1_l2_layout_greybox.tscn' remapped 'res://scenes/acts/act1/a1_l2_layout_greybox.tscn' at thread -1
Completed load for: 'res://scenes/acts/act1/a1_l2.tscn' remapped 'res://scenes/acts/act1/a1_l2.tscn' at thread -1
Loading resource: res://scenes/acts/act1/a1_l2.tscn remapped: res://scenes/acts/act1/a1_l2.tscn
Loading resource: res://scenes/acts/act1/a1_l2_layout_greybox.tscn remapped: res://scenes/acts/act1/a1_l2_layout_greybox.tscn
Completed load for: 'res://scenes/acts/act1/a1_l2_layout_greybox.tscn' remapped 'res://scenes/acts/act1/a1_l2_layout_greybox.tscn' at thread -1
Completed load for: 'res://scenes/acts/act1/a1_l2.tscn' remapped 'res://scenes/acts/act1/a1_l2.tscn' at thread -1
Loading resource: res://scenes/acts/act1/a1_l2.tscn remapped: res://scenes/acts/act1/a1_l2.tscn
Loading resource: res://scenes/acts/act1/a1_l2_layout_greybox.tscn remapped: res://scenes/acts/act1/a1_l2_layout_greybox.tscn
Completed load for: 'res://scenes/acts/act1/a1_l2_layout_greybox.tscn' remapped 'res://scenes/acts/act1/a1_l2_layout_greybox.tscn' at thread -1
Completed load for: 'res://scenes/acts/act1/a1_l2.tscn' remapped 'res://scenes/acts/act1/a1_l2.tscn' at thread -1
Loading resource: res://scenes/acts/act1/a1_l2.tscn remapped: res://scenes/acts/act1/a1_l2.tscn
Loading resource: res://scenes/acts/act1/a1_l2_layout_greybox.tscn remapped: res://scenes/acts/act1/a1_l2_layout_greybox.tscn
Completed load for: 'res://scenes/acts/act1/a1_l2_layout_greybox.tscn' remapped 'res://scenes/acts/act1/a1_l2_layout_greybox.tscn' at thread -1
Completed load for: 'res://scenes/acts/act1/a1_l2.tscn' remapped 'res://scenes/acts/act1/a1_l2.tscn' at thread -1
Loading resource: res://scenes/acts/act1/a1_l2.tscn remapped: res://scenes/acts/act1/a1_l2.tscn
Loading resource: res://scenes/acts/act1/a1_l2_layout_greybox.tscn remapped: res://scenes/acts/act1/a1_l2_layout_greybox.tscn
Completed load for: 'res://scenes/acts/act1/a1_l2_layout_greybox.tscn' remapped 'res://scenes/acts/act1/a1_l2_layout_greybox.tscn' at thread -1
Completed load for: 'res://scenes/acts/act1/a1_l2.tscn' remapped 'res://scenes/acts/act1/a1_l2.tscn' at thread -1
Loading resource: res://scenes/acts/act1/a1_l2.tscn remapped: res://scenes/acts/act1/a1_l2.tscn
Loading resource: res://scenes/acts/act1/a1_l2_layout_greybox.tscn remapped: res://scenes/acts/act1/a1_l2_layout_greybox.tscn
Completed load for: 'res://scenes/acts/act1/a1_l2_layout_greybox.tscn' remapped 'res://scenes/acts/act1/a1_l2_layout_greybox.tscn' at thread -1
Completed load for: 'res://scenes/acts/act1/a1_l2.tscn' remapped 'res://scenes/acts/act1/a1_l2.tscn' at thread -1
PASS: real production Title has no duplicate live world for fatal TEST ONLY initial HP0.1/zeroammo: 
Loading resource: res://scenes/acts/act1/a1_l2.tscn remapped: res://scenes/acts/act1/a1_l2.tscn
Loading resource: res://scenes/acts/act1/a1_l2_layout_greybox.tscn remapped: res://scenes/acts/act1/a1_l2_layout_greybox.tscn
Completed load for: 'res://scenes/acts/act1/a1_l2_layout_greybox.tscn' remapped 'res://scenes/acts/act1/a1_l2_layout_greybox.tscn' at thread -1
Completed load for: 'res://scenes/acts/act1/a1_l2.tscn' remapped 'res://scenes/acts/act1/a1_l2.tscn' at thread -1
Loading resource: res://scenes/acts/act1/a1_l2.tscn remapped: res://scenes/acts/act1/a1_l2.tscn
Loading resource: res://scenes/acts/act1/a1_l2_layout_greybox.tscn remapped: res://scenes/acts/act1/a1_l2_layout_greybox.tscn
Completed load for: 'res://scenes/acts/act1/a1_l2_layout_greybox.tscn' remapped 'res://scenes/acts/act1/a1_l2_layout_greybox.tscn' at thread -1
Completed load for: 'res://scenes/acts/act1/a1_l2.tscn' remapped 'res://scenes/acts/act1/a1_l2.tscn' at thread -1
Loading resource: res://scenes/acts/act1/a1_l2.tscn remapped: res://scenes/acts/act1/a1_l2.tscn
Loading resource: res://scenes/acts/act1/a1_l2_layout_greybox.tscn remapped: res://scenes/acts/act1/a1_l2_layout_greybox.tscn
Completed load for: 'res://scenes/acts/act1/a1_l2_layout_greybox.tscn' remapped 'res://scenes/acts/act1/a1_l2_layout_greybox.tscn' at thread -1
Completed load for: 'res://scenes/acts/act1/a1_l2.tscn' remapped 'res://scenes/acts/act1/a1_l2.tscn' at thread -1
Loading resource: res://scenes/acts/act1/a1_l2.tscn remapped: res://scenes/acts/act1/a1_l2.tscn
Loading resource: res://scenes/acts/act1/a1_l2_layout_greybox.tscn remapped: res://scenes/acts/act1/a1_l2_layout_greybox.tscn
Completed load for: 'res://scenes/acts/act1/a1_l2_layout_greybox.tscn' remapped 'res://scenes/acts/act1/a1_l2_layout_greybox.tscn' at thread -1
Completed load for: 'res://scenes/acts/act1/a1_l2.tscn' remapped 'res://scenes/acts/act1/a1_l2.tscn' at thread -1
PASS: production A1-L2 installation waits at its real paused Resume: 
PASS: reviewed Main owns one shared expedition Player/effects, four retained C30 and five HP-free stationary circles
PASS: retained actual C30 source/art binding: solo
PASS: retained actual C30 source/art binding: rock
PASS: retained actual C30 source/art binding: open
PASS: retained actual C30 source/art binding: finale
PASS: actual HP-free native circle/source/cue binding: landing-impact
PASS: actual HP-free native circle/source/cue binding: rock-impact
PASS: actual HP-free native circle/source/cue binding: open-impact
PASS: actual HP-free native circle/source/cue binding: finale-impact-a
PASS: actual HP-free native circle/source/cue binding: finale-impact-b
PASS: reviewed spawn, shared Scheduler and exact five-beat/four-checkpoint authored prefix remain intact
PASS: fatal branch protects the exact actual living entry through TEST ONLY public seed/Continue
PASS: fatal initial living entry exposes actual paused GUI Resume
PASS: fatal initial living entry GUI press/release is consumed before input/action/resource/pose/clock/anchor changes
Loading resource: res://scenes/acts/act1/a1_l2.tscn remapped: res://scenes/acts/act1/a1_l2.tscn
Loading resource: res://scenes/acts/act1/a1_l2_layout_greybox.tscn remapped: res://scenes/acts/act1/a1_l2_layout_greybox.tscn
Completed load for: 'res://scenes/acts/act1/a1_l2_layout_greybox.tscn' remapped 'res://scenes/acts/act1/a1_l2_layout_greybox.tscn' at thread -1
Completed load for: 'res://scenes/acts/act1/a1_l2.tscn' remapped 'res://scenes/acts/act1/a1_l2.tscn' at thread -1
Loading resource: res://scenes/acts/act1/a1_l2.tscn remapped: res://scenes/acts/act1/a1_l2.tscn
Loading resource: res://scenes/acts/act1/a1_l2_layout_greybox.tscn remapped: res://scenes/acts/act1/a1_l2_layout_greybox.tscn
Completed load for: 'res://scenes/acts/act1/a1_l2_layout_greybox.tscn' remapped 'res://scenes/acts/act1/a1_l2_layout_greybox.tscn' at thread -1
Completed load for: 'res://scenes/acts/act1/a1_l2.tscn' remapped 'res://scenes/acts/act1/a1_l2.tscn' at thread -1
Loading resource: res://scenes/acts/act1/a1_l2.tscn remapped: res://scenes/acts/act1/a1_l2.tscn
Loading resource: res://scenes/acts/act1/a1_l2_layout_greybox.tscn remapped: res://scenes/acts/act1/a1_l2_layout_greybox.tscn
Completed load for: 'res://scenes/acts/act1/a1_l2_layout_greybox.tscn' remapped 'res://scenes/acts/act1/a1_l2_layout_greybox.tscn' at thread -1
Completed load for: 'res://scenes/acts/act1/a1_l2.tscn' remapped 'res://scenes/acts/act1/a1_l2.tscn' at thread -1
Loading resource: res://scenes/acts/act1/a1_l2.tscn remapped: res://scenes/acts/act1/a1_l2.tscn
Loading resource: res://scenes/acts/act1/a1_l2_layout_greybox.tscn remapped: res://scenes/acts/act1/a1_l2_layout_greybox.tscn
Completed load for: 'res://scenes/acts/act1/a1_l2_layout_greybox.tscn' remapped 'res://scenes/acts/act1/a1_l2_layout_greybox.tscn' at thread -1
Completed load for: 'res://scenes/acts/act1/a1_l2.tscn' remapped 'res://scenes/acts/act1/a1_l2.tscn' at thread -1
Loading resource: res://scenes/acts/act1/a1_l2.tscn remapped: res://scenes/acts/act1/a1_l2.tscn
Loading resource: res://scenes/acts/act1/a1_l2_layout_greybox.tscn remapped: res://scenes/acts/act1/a1_l2_layout_greybox.tscn
Completed load for: 'res://scenes/acts/act1/a1_l2_layout_greybox.tscn' remapped 'res://scenes/acts/act1/a1_l2_layout_greybox.tscn' at thread -1
Completed load for: 'res://scenes/acts/act1/a1_l2.tscn' remapped 'res://scenes/acts/act1/a1_l2.tscn' at thread -1
Loading resource: res://scenes/acts/act1/a1_l2.tscn remapped: res://scenes/acts/act1/a1_l2.tscn
Loading resource: res://scenes/acts/act1/a1_l2_layout_greybox.tscn remapped: res://scenes/acts/act1/a1_l2_layout_greybox.tscn
Completed load for: 'res://scenes/acts/act1/a1_l2_layout_greybox.tscn' remapped 'res://scenes/acts/act1/a1_l2_layout_greybox.tscn' at thread -1
Completed load for: 'res://scenes/acts/act1/a1_l2.tscn' remapped 'res://scenes/acts/act1/a1_l2.tscn' at thread -1
Loading resource: res://scenes/acts/act1/a1_l2.tscn remapped: res://scenes/acts/act1/a1_l2.tscn
Loading resource: res://scenes/acts/act1/a1_l2_layout_greybox.tscn remapped: res://scenes/acts/act1/a1_l2_layout_greybox.tscn
Completed load for: 'res://scenes/acts/act1/a1_l2_layout_greybox.tscn' remapped 'res://scenes/acts/act1/a1_l2_layout_greybox.tscn' at thread -1
Completed load for: 'res://scenes/acts/act1/a1_l2.tscn' remapped 'res://scenes/acts/act1/a1_l2.tscn' at thread -1
Loading resource: res://scenes/acts/act1/a1_l2.tscn remapped: res://scenes/acts/act1/a1_l2.tscn
Loading resource: res://scenes/acts/act1/a1_l2_layout_greybox.tscn remapped: res://scenes/acts/act1/a1_l2_layout_greybox.tscn
Completed load for: 'res://scenes/acts/act1/a1_l2_layout_greybox.tscn' remapped 'res://scenes/acts/act1/a1_l2_layout_greybox.tscn' at thread -1
Completed load for: 'res://scenes/acts/act1/a1_l2.tscn' remapped 'res://scenes/acts/act1/a1_l2.tscn' at thread -1
Loading resource: res://scenes/acts/act1/a1_l2.tscn remapped: res://scenes/acts/act1/a1_l2.tscn
Loading resource: res://scenes/acts/act1/a1_l2_layout_greybox.tscn remapped: res://scenes/acts/act1/a1_l2_layout_greybox.tscn
Completed load for: 'res://scenes/acts/act1/a1_l2_layout_greybox.tscn' remapped 'res://scenes/acts/act1/a1_l2_layout_greybox.tscn' at thread -1
Completed load for: 'res://scenes/acts/act1/a1_l2.tscn' remapped 'res://scenes/acts/act1/a1_l2.tscn' at thread -1
PASS: bounded stationary spawn wait receives one real landing active contact/death without forced live state: [{ "hero_id": "hero", "cycle": 1, "result": { "opportunity_consumed": true, "accepted": true, "raw_damage": 4.0, "hp_damage": 0.1, "impulse": (0.0, 0.0, 0.0) }, "paused": false }]
PASS: native fatal callback settles the complete paused Player/C30/circle/scheduler unit: 
PASS: fatal save retains actual passive-reload ammo and the exact accepted lethal Player/Scheduler tick
PASS: death consumes the real landing opportunity and retains clear cancellation with no Player action/input
PASS: death creates no beat/checkpoint/rusher defeat/choice/completion/contact or live damage lease
PASS: fatal retirement preserves all four untouched dormant future C30 actors
Loading resource: res://scenes/acts/act1/a1_l2.tscn remapped: res://scenes/acts/act1/a1_l2.tscn
Loading resource: res://scenes/acts/act1/a1_l2_layout_greybox.tscn remapped: res://scenes/acts/act1/a1_l2_layout_greybox.tscn
Completed load for: 'res://scenes/acts/act1/a1_l2_layout_greybox.tscn' remapped 'res://scenes/acts/act1/a1_l2_layout_greybox.tscn' at thread -1
Completed load for: 'res://scenes/acts/act1/a1_l2.tscn' remapped 'res://scenes/acts/act1/a1_l2.tscn' at thread -1
Loading resource: res://scenes/acts/act1/a1_l2.tscn remapped: res://scenes/acts/act1/a1_l2.tscn
Loading resource: res://scenes/acts/act1/a1_l2_layout_greybox.tscn remapped: res://scenes/acts/act1/a1_l2_layout_greybox.tscn
Completed load for: 'res://scenes/acts/act1/a1_l2_layout_greybox.tscn' remapped 'res://scenes/acts/act1/a1_l2_layout_greybox.tscn' at thread -1
Completed load for: 'res://scenes/acts/act1/a1_l2.tscn' remapped 'res://scenes/acts/act1/a1_l2.tscn' at thread -1
PASS: fatal format2 save preserves the exact earlier living entry checkpoint and no unearned progress
ACTUAL FATAL RECEIPT: { "clock_s": 2.31666666666666, "player_clock_s": 2.31666666666666, "shells": 2, "contacts": [{ "hero_id": "hero", "cycle": 1, "result": { "opportunity_consumed": true, "accepted": true, "raw_damage": 4.0, "hp_damage": 0.1, "impulse": (0.0, 0.0, 0.0) }, "paused": false }], "level_error": "" }
PASS: fatal shell closure frees actual @Node3D@512
PASS: fatal shell closure frees actual CraterGardens
PASS: fatal shell closure frees actual CinderPlayer
PASS: fatal shell closure frees actual @Node3D@514
PASS: fatal shell closure frees actual Floor
PASS: fatal shell closure frees actual WestEdge
PASS: fatal shell closure frees actual EastEdge
PASS: fatal shell closure frees actual NorthEdge
PASS: fatal shell closure frees actual SouthEdge
PASS: fatal shell closure frees actual ApproachRock
PASS: fatal shell closure frees actual RockRouteOuterFlat
PASS: fatal shell closure frees actual CraterThreatScheduler
PASS: fatal shell closure frees actual SoloRushSelenite
PASS: fatal shell closure frees actual ThreatCue
PASS: fatal shell closure frees actual RockRushSelenite
PASS: fatal shell closure frees actual ThreatCue
PASS: fatal shell closure frees actual OpenRushSelenite
PASS: fatal shell closure frees actual ThreatCue
PASS: fatal shell closure frees actual FinaleRushSelenite
PASS: fatal shell closure frees actual ThreatCue
PASS: fatal shell closure frees actual ThreatCue
PASS: fatal shell closure frees actual ThreatCue
PASS: fatal shell closure frees actual ThreatCue
PASS: fatal shell closure frees actual ThreatCue
PASS: fatal shell closure frees actual ThreatCue
PASS: fatal shell closure frees actual GrottoContactCue
PASS: fatal shell closure frees actual CelestialCampSaveCue
PASS: production registry configures only isolated PID user paths
Loading resource: res://scenes/acts/act1/a1_l1.tscn remapped: res://scenes/acts/act1/a1_l1.tscn
Loading resource: res://assets/acts/act1/launch/quiet_floor.png remapped: res://assets/acts/act1/launch/quiet_floor.png
Loading resource: res://.godot/imported/quiet_floor.png-0d5ba5ae403bf427577865af7ea91238.ctex remapped: res://.godot/imported/quiet_floor.png-0d5ba5ae403bf427577865af7ea91238.ctex
Completed load for: 'res://assets/acts/act1/launch/quiet_floor.png' remapped 'res://assets/acts/act1/launch/quiet_floor.png' at thread -1
Completed load for: 'res://scenes/acts/act1/a1_l1.tscn' remapped 'res://scenes/acts/act1/a1_l1.tscn' at thread -1
Loading resource: res://scenes/acts/act1/a1_l2.tscn remapped: res://scenes/acts/act1/a1_l2.tscn
Loading resource: res://scenes/acts/act1/a1_l2_layout_greybox.tscn remapped: res://scenes/acts/act1/a1_l2_layout_greybox.tscn
Completed load for: 'res://scenes/acts/act1/a1_l2_layout_greybox.tscn' remapped 'res://scenes/acts/act1/a1_l2_layout_greybox.tscn' at thread -1
Completed load for: 'res://scenes/acts/act1/a1_l2.tscn' remapped 'res://scenes/acts/act1/a1_l2.tscn' at thread -1
Loading resource: res://scenes/acts/act1/a1_l2.tscn remapped: res://scenes/acts/act1/a1_l2.tscn
Loading resource: res://scenes/acts/act1/a1_l2_layout_greybox.tscn remapped: res://scenes/acts/act1/a1_l2_layout_greybox.tscn
Completed load for: 'res://scenes/acts/act1/a1_l2_layout_greybox.tscn' remapped 'res://scenes/acts/act1/a1_l2_layout_greybox.tscn' at thread -1
Completed load for: 'res://scenes/acts/act1/a1_l2.tscn' remapped 'res://scenes/acts/act1/a1_l2.tscn' at thread -1
Loading resource: res://scenes/acts/act1/a1_l2.tscn remapped: res://scenes/acts/act1/a1_l2.tscn
Loading resource: res://scenes/acts/act1/a1_l2_layout_greybox.tscn remapped: res://scenes/acts/act1/a1_l2_layout_greybox.tscn
Completed load for: 'res://scenes/acts/act1/a1_l2_layout_greybox.tscn' remapped 'res://scenes/acts/act1/a1_l2_layout_greybox.tscn' at thread -1
Completed load for: 'res://scenes/acts/act1/a1_l2.tscn' remapped 'res://scenes/acts/act1/a1_l2.tscn' at thread -1
Loading resource: res://scenes/acts/act1/a1_l2.tscn remapped: res://scenes/acts/act1/a1_l2.tscn
Loading resource: res://scenes/acts/act1/a1_l2_layout_greybox.tscn remapped: res://scenes/acts/act1/a1_l2_layout_greybox.tscn
Completed load for: 'res://scenes/acts/act1/a1_l2_layout_greybox.tscn' remapped 'res://scenes/acts/act1/a1_l2_layout_greybox.tscn' at thread -1
Completed load for: 'res://scenes/acts/act1/a1_l2.tscn' remapped 'res://scenes/acts/act1/a1_l2.tscn' at thread -1
Loading resource: res://scenes/acts/act1/a1_l2.tscn remapped: res://scenes/acts/act1/a1_l2.tscn
Loading resource: res://scenes/acts/act1/a1_l2_layout_greybox.tscn remapped: res://scenes/acts/act1/a1_l2_layout_greybox.tscn
Completed load for: 'res://scenes/acts/act1/a1_l2_layout_greybox.tscn' remapped 'res://scenes/acts/act1/a1_l2_layout_greybox.tscn' at thread -1
Completed load for: 'res://scenes/acts/act1/a1_l2.tscn' remapped 'res://scenes/acts/act1/a1_l2.tscn' at thread -1
Loading resource: res://scenes/acts/act1/a1_l2.tscn remapped: res://scenes/acts/act1/a1_l2.tscn
Loading resource: res://scenes/acts/act1/a1_l2_layout_greybox.tscn remapped: res://scenes/acts/act1/a1_l2_layout_greybox.tscn
Completed load for: 'res://scenes/acts/act1/a1_l2_layout_greybox.tscn' remapped 'res://scenes/acts/act1/a1_l2_layout_greybox.tscn' at thread -1
Completed load for: 'res://scenes/acts/act1/a1_l2.tscn' remapped 'res://scenes/acts/act1/a1_l2.tscn' at thread -1
Loading resource: res://scenes/acts/act1/a1_l2.tscn remapped: res://scenes/acts/act1/a1_l2.tscn
Loading resource: res://scenes/acts/act1/a1_l2_layout_greybox.tscn remapped: res://scenes/acts/act1/a1_l2_layout_greybox.tscn
Completed load for: 'res://scenes/acts/act1/a1_l2_layout_greybox.tscn' remapped 'res://scenes/acts/act1/a1_l2_layout_greybox.tscn' at thread -1
Completed load for: 'res://scenes/acts/act1/a1_l2.tscn' remapped 'res://scenes/acts/act1/a1_l2.tscn' at thread -1
PASS: real production Title has no duplicate live world for actual fatal unit: 
Loading resource: res://scenes/acts/act1/a1_l2.tscn remapped: res://scenes/acts/act1/a1_l2.tscn
Loading resource: res://scenes/acts/act1/a1_l2_layout_greybox.tscn remapped: res://scenes/acts/act1/a1_l2_layout_greybox.tscn
Completed load for: 'res://scenes/acts/act1/a1_l2_layout_greybox.tscn' remapped 'res://scenes/acts/act1/a1_l2_layout_greybox.tscn' at thread -1
Completed load for: 'res://scenes/acts/act1/a1_l2.tscn' remapped 'res://scenes/acts/act1/a1_l2.tscn' at thread -1
Loading resource: res://scenes/acts/act1/a1_l2.tscn remapped: res://scenes/acts/act1/a1_l2.tscn
Loading resource: res://scenes/acts/act1/a1_l2_layout_greybox.tscn remapped: res://scenes/acts/act1/a1_l2_layout_greybox.tscn
Completed load for: 'res://scenes/acts/act1/a1_l2_layout_greybox.tscn' remapped 'res://scenes/acts/act1/a1_l2_layout_greybox.tscn' at thread -1
Completed load for: 'res://scenes/acts/act1/a1_l2.tscn' remapped 'res://scenes/acts/act1/a1_l2.tscn' at thread -1
Loading resource: res://scenes/acts/act1/a1_l2.tscn remapped: res://scenes/acts/act1/a1_l2.tscn
Loading resource: res://scenes/acts/act1/a1_l2_layout_greybox.tscn remapped: res://scenes/acts/act1/a1_l2_layout_greybox.tscn
Completed load for: 'res://scenes/acts/act1/a1_l2_layout_greybox.tscn' remapped 'res://scenes/acts/act1/a1_l2_layout_greybox.tscn' at thread -1
Completed load for: 'res://scenes/acts/act1/a1_l2.tscn' remapped 'res://scenes/acts/act1/a1_l2.tscn' at thread -1
Loading resource: res://scenes/acts/act1/a1_l2.tscn remapped: res://scenes/acts/act1/a1_l2.tscn
Loading resource: res://scenes/acts/act1/a1_l2_layout_greybox.tscn remapped: res://scenes/acts/act1/a1_l2_layout_greybox.tscn
Completed load for: 'res://scenes/acts/act1/a1_l2_layout_greybox.tscn' remapped 'res://scenes/acts/act1/a1_l2_layout_greybox.tscn' at thread -1
Completed load for: 'res://scenes/acts/act1/a1_l2.tscn' remapped 'res://scenes/acts/act1/a1_l2.tscn' at thread -1
PASS: production A1-L2 installation waits at its real paused Resume: 
PASS: reviewed Main owns one shared expedition Player/effects, four retained C30 and five HP-free stationary circles
PASS: retained actual C30 source/art binding: solo
PASS: retained actual C30 source/art binding: rock
PASS: retained actual C30 source/art binding: open
PASS: retained actual C30 source/art binding: finale
PASS: actual HP-free native circle/source/cue binding: landing-impact
PASS: actual HP-free native circle/source/cue binding: rock-impact
PASS: actual HP-free native circle/source/cue binding: open-impact
PASS: actual HP-free native circle/source/cue binding: finale-impact-a
PASS: actual HP-free native circle/source/cue binding: finale-impact-b
PASS: reviewed spawn, shared Scheduler and exact five-beat/four-checkpoint authored prefix remain intact
PASS: fresh actual GUI Continue restores exact actual fatal unit without gameplay callbacks: []
PASS: dead GUI Resume preserves the exact fatal actor/local/input/camera/disk and offers Retry without gameplay callbacks
Loading resource: res://scenes/acts/act1/a1_l2.tscn remapped: res://scenes/acts/act1/a1_l2.tscn
Loading resource: res://scenes/acts/act1/a1_l2_layout_greybox.tscn remapped: res://scenes/acts/act1/a1_l2_layout_greybox.tscn
Completed load for: 'res://scenes/acts/act1/a1_l2_layout_greybox.tscn' remapped 'res://scenes/acts/act1/a1_l2_layout_greybox.tscn' at thread -1
Completed load for: 'res://scenes/acts/act1/a1_l2.tscn' remapped 'res://scenes/acts/act1/a1_l2.tscn' at thread -1
Loading resource: res://scenes/acts/act1/a1_l2.tscn remapped: res://scenes/acts/act1/a1_l2.tscn
Loading resource: res://scenes/acts/act1/a1_l2_layout_greybox.tscn remapped: res://scenes/acts/act1/a1_l2_layout_greybox.tscn
Completed load for: 'res://scenes/acts/act1/a1_l2_layout_greybox.tscn' remapped 'res://scenes/acts/act1/a1_l2_layout_greybox.tscn' at thread -1
Completed load for: 'res://scenes/acts/act1/a1_l2.tscn' remapped 'res://scenes/acts/act1/a1_l2.tscn' at thread -1
Loading resource: res://scenes/acts/act1/a1_l2.tscn remapped: res://scenes/acts/act1/a1_l2.tscn
Loading resource: res://scenes/acts/act1/a1_l2_layout_greybox.tscn remapped: res://scenes/acts/act1/a1_l2_layout_greybox.tscn
Completed load for: 'res://scenes/acts/act1/a1_l2_layout_greybox.tscn' remapped 'res://scenes/acts/act1/a1_l2_layout_greybox.tscn' at thread -1
Completed load for: 'res://scenes/acts/act1/a1_l2.tscn' remapped 'res://scenes/acts/act1/a1_l2.tscn' at thread -1
Loading resource: res://scenes/acts/act1/a1_l2.tscn remapped: res://scenes/acts/act1/a1_l2.tscn
Loading resource: res://scenes/acts/act1/a1_l2_layout_greybox.tscn remapped: res://scenes/acts/act1/a1_l2_layout_greybox.tscn
Completed load for: 'res://scenes/acts/act1/a1_l2_layout_greybox.tscn' remapped 'res://scenes/acts/act1/a1_l2_layout_greybox.tscn' at thread -1
Completed load for: 'res://scenes/acts/act1/a1_l2.tscn' remapped 'res://scenes/acts/act1/a1_l2.tscn' at thread -1
Loading resource: res://scenes/acts/act1/a1_l2.tscn remapped: res://scenes/acts/act1/a1_l2.tscn
Loading resource: res://scenes/acts/act1/a1_l2_layout_greybox.tscn remapped: res://scenes/acts/act1/a1_l2_layout_greybox.tscn
Completed load for: 'res://scenes/acts/act1/a1_l2_layout_greybox.tscn' remapped 'res://scenes/acts/act1/a1_l2_layout_greybox.tscn' at thread -1
Completed load for: 'res://scenes/acts/act1/a1_l2.tscn' remapped 'res://scenes/acts/act1/a1_l2.tscn' at thread -1
Loading resource: res://scenes/acts/act1/a1_l2.tscn remapped: res://scenes/acts/act1/a1_l2.tscn
Loading resource: res://scenes/acts/act1/a1_l2_layout_greybox.tscn remapped: res://scenes/acts/act1/a1_l2_layout_greybox.tscn
Completed load for: 'res://scenes/acts/act1/a1_l2_layout_greybox.tscn' remapped 'res://scenes/acts/act1/a1_l2_layout_greybox.tscn' at thread -1
Completed load for: 'res://scenes/acts/act1/a1_l2.tscn' remapped 'res://scenes/acts/act1/a1_l2.tscn' at thread -1
Loading resource: res://scenes/acts/act1/a1_l2.tscn remapped: res://scenes/acts/act1/a1_l2.tscn
Loading resource: res://scenes/acts/act1/a1_l2_layout_greybox.tscn remapped: res://scenes/acts/act1/a1_l2_layout_greybox.tscn
Completed load for: 'res://scenes/acts/act1/a1_l2_layout_greybox.tscn' remapped 'res://scenes/acts/act1/a1_l2_layout_greybox.tscn' at thread -1
Completed load for: 'res://scenes/acts/act1/a1_l2.tscn' remapped 'res://scenes/acts/act1/a1_l2.tscn' at thread -1
Loading resource: res://scenes/acts/act1/a1_l2.tscn remapped: res://scenes/acts/act1/a1_l2.tscn
Loading resource: res://scenes/acts/act1/a1_l2_layout_greybox.tscn remapped: res://scenes/acts/act1/a1_l2_layout_greybox.tscn
Completed load for: 'res://scenes/acts/act1/a1_l2_layout_greybox.tscn' remapped 'res://scenes/acts/act1/a1_l2_layout_greybox.tscn' at thread -1
Completed load for: 'res://scenes/acts/act1/a1_l2.tscn' remapped 'res://scenes/acts/act1/a1_l2.tscn' at thread -1
Loading resource: res://scenes/acts/act1/a1_l2.tscn remapped: res://scenes/acts/act1/a1_l2.tscn
Loading resource: res://scenes/acts/act1/a1_l2_layout_greybox.tscn remapped: res://scenes/acts/act1/a1_l2_layout_greybox.tscn
Completed load for: 'res://scenes/acts/act1/a1_l2_layout_greybox.tscn' remapped 'res://scenes/acts/act1/a1_l2_layout_greybox.tscn' at thread -1
Completed load for: 'res://scenes/acts/act1/a1_l2.tscn' remapped 'res://scenes/acts/act1/a1_l2.tscn' at thread -1
Loading resource: res://scenes/acts/act1/a1_l2.tscn remapped: res://scenes/acts/act1/a1_l2.tscn
Loading resource: res://scenes/acts/act1/a1_l2_layout_greybox.tscn remapped: res://scenes/acts/act1/a1_l2_layout_greybox.tscn
Completed load for: 'res://scenes/acts/act1/a1_l2_layout_greybox.tscn' remapped 'res://scenes/acts/act1/a1_l2_layout_greybox.tscn' at thread -1
Completed load for: 'res://scenes/acts/act1/a1_l2.tscn' remapped 'res://scenes/acts/act1/a1_l2.tscn' at thread -1
Loading resource: res://scenes/acts/act1/a1_l2.tscn remapped: res://scenes/acts/act1/a1_l2.tscn
Loading resource: res://scenes/acts/act1/a1_l2_layout_greybox.tscn remapped: res://scenes/acts/act1/a1_l2_layout_greybox.tscn
Completed load for: 'res://scenes/acts/act1/a1_l2_layout_greybox.tscn' remapped 'res://scenes/acts/act1/a1_l2_layout_greybox.tscn' at thread -1
Completed load for: 'res://scenes/acts/act1/a1_l2.tscn' remapped 'res://scenes/acts/act1/a1_l2.tscn' at thread -1
PASS: production A1-L2 installation waits at its real paused Resume: 
PASS: reviewed Main owns one shared expedition Player/effects, four retained C30 and five HP-free stationary circles
PASS: retained actual C30 source/art binding: solo
PASS: retained actual C30 source/art binding: rock
PASS: retained actual C30 source/art binding: open
PASS: retained actual C30 source/art binding: finale
PASS: actual HP-free native circle/source/cue binding: landing-impact
PASS: actual HP-free native circle/source/cue binding: rock-impact
PASS: actual HP-free native circle/source/cue binding: open-impact
PASS: actual HP-free native circle/source/cue binding: finale-impact-a
PASS: actual HP-free native circle/source/cue binding: finale-impact-b
PASS: reviewed spawn, shared Scheduler and exact five-beat/four-checkpoint authored prefix remain intact
PASS: actual GUI Retry restores exact fatal world's living entry checkpoint without gameplay callbacks: []
PASS: fatal GUI Retry frees actual @Node3D@589
PASS: fatal GUI Retry frees actual CraterGardens
PASS: fatal GUI Retry frees actual CinderPlayer
PASS: fatal GUI Retry frees actual @Node3D@591
PASS: fatal GUI Retry frees actual Floor
PASS: fatal GUI Retry frees actual WestEdge
PASS: fatal GUI Retry frees actual EastEdge
PASS: fatal GUI Retry frees actual NorthEdge
PASS: fatal GUI Retry frees actual SouthEdge
PASS: fatal GUI Retry frees actual ApproachRock
PASS: fatal GUI Retry frees actual RockRouteOuterFlat
PASS: fatal GUI Retry frees actual CraterThreatScheduler
PASS: fatal GUI Retry frees actual SoloRushSelenite
PASS: fatal GUI Retry frees actual ThreatCue
PASS: fatal GUI Retry frees actual RockRushSelenite
PASS: fatal GUI Retry frees actual ThreatCue
PASS: fatal GUI Retry frees actual OpenRushSelenite
PASS: fatal GUI Retry frees actual ThreatCue
PASS: fatal GUI Retry frees actual FinaleRushSelenite
PASS: fatal GUI Retry frees actual ThreatCue
PASS: fatal GUI Retry frees actual ThreatCue
PASS: fatal GUI Retry frees actual ThreatCue
PASS: fatal GUI Retry frees actual ThreatCue
PASS: fatal GUI Retry frees actual ThreatCue
PASS: fatal GUI Retry frees actual ThreatCue
PASS: fatal GUI Retry frees actual GrottoContactCue
PASS: fatal GUI Retry frees actual CelestialCampSaveCue
Loading resource: res://scenes/acts/act1/a1_l2.tscn remapped: res://scenes/acts/act1/a1_l2.tscn
Loading resource: res://scenes/acts/act1/a1_l2_layout_greybox.tscn remapped: res://scenes/acts/act1/a1_l2_layout_greybox.tscn
Completed load for: 'res://scenes/acts/act1/a1_l2_layout_greybox.tscn' remapped 'res://scenes/acts/act1/a1_l2_layout_greybox.tscn' at thread -1
Completed load for: 'res://scenes/acts/act1/a1_l2.tscn' remapped 'res://scenes/acts/act1/a1_l2.tscn' at thread -1
Loading resource: res://scenes/acts/act1/a1_l2.tscn remapped: res://scenes/acts/act1/a1_l2.tscn
Loading resource: res://scenes/acts/act1/a1_l2_layout_greybox.tscn remapped: res://scenes/acts/act1/a1_l2_layout_greybox.tscn
Completed load for: 'res://scenes/acts/act1/a1_l2_layout_greybox.tscn' remapped 'res://scenes/acts/act1/a1_l2_layout_greybox.tscn' at thread -1
Completed load for: 'res://scenes/acts/act1/a1_l2.tscn' remapped 'res://scenes/acts/act1/a1_l2.tscn' at thread -1
PASS: fatal GUI Retry restores living lowHP/zeroammo entry without healing or redelivering the circle hit
PASS: retried Player/C30/circle/input/camera clocks stay exactly paused
PASS: fatal retry closure frees actual @Node3D@602
PASS: fatal retry closure frees actual CraterGardens
PASS: fatal retry closure frees actual CinderPlayer
PASS: fatal retry closure frees actual @Node3D@604
PASS: fatal retry closure frees actual Floor
PASS: fatal retry closure frees actual WestEdge
PASS: fatal retry closure frees actual EastEdge
PASS: fatal retry closure frees actual NorthEdge
PASS: fatal retry closure frees actual SouthEdge
PASS: fatal retry closure frees actual ApproachRock
PASS: fatal retry closure frees actual RockRouteOuterFlat
PASS: fatal retry closure frees actual CraterThreatScheduler
PASS: fatal retry closure frees actual SoloRushSelenite
PASS: fatal retry closure frees actual ThreatCue
PASS: fatal retry closure frees actual RockRushSelenite
PASS: fatal retry closure frees actual ThreatCue
PASS: fatal retry closure frees actual OpenRushSelenite
PASS: fatal retry closure frees actual ThreatCue
PASS: fatal retry closure frees actual FinaleRushSelenite
PASS: fatal retry closure frees actual ThreatCue
PASS: fatal retry closure frees actual ThreatCue
PASS: fatal retry closure frees actual ThreatCue
PASS: fatal retry closure frees actual ThreatCue
PASS: fatal retry closure frees actual ThreatCue
PASS: fatal retry closure frees actual ThreatCue
PASS: fatal retry closure frees actual GrottoContactCue
PASS: fatal retry closure frees actual CelestialCampSaveCue
PASS: disposed production worlds retain no required cue or actor group member
PASS: registration fixture leaves production registry bytes unchanged
Production Act1 L2 registration: 297 checks, 0 failures; expected_commit=dcd109857b966ea77b231944d0e41e3d88cc27bc; scope=Title/Journey/entry/dash+aim/save/Continue/Retry/fatal lifecycle; TEST ONLY A1-L1/initial-resource seeds; no predecessor gameplay, full-route or native-human claim
