Godot Engine v4.7.2.stable.official.ed1daf0bf - https://godotengine.org

PASS: fixture asserts exact accepted HANDOFF provenance (optional --expected-commit=<40hex>)
PASS: actual production registry validates the exact accepted authored A2-L2 scene: 
PASS: production registry configures only isolated PID user paths
PASS: real production Title has no duplicate live world for isolated first launch: 
PASS: first launch invents no prior story progress
PASS: real Journey keeps accepted A2-L2 locked behind its actual A2-L1 prerequisite
PASS: disabled locked card neither loads A2-L2 nor fabricates progression
PASS: TEST ONLY seed captures actual authored full runtime, not Horsell L1 or an art preview
PASS: TEST ONLY initial HP/zeroammo seed uses validated quiet public actor restore
PASS: TEST ONLY six-predecessor prefix/actual initial A2-L2 unit writes through public attempts/store:   
PASS: seed retains unchanged initial full Weybridge world/presentation with no admitted source or executed action
PASS: seed preview actor/level retire before production installation
TEST ONLY prefix/resource seed: ["A1-L1", "A1-L2", "A1-L3", "A1-L4", "A1-L5", "A2-L1"]; HP=37.0; initial shells=0; not predecessor gameplay or A2-L2 clear evidence
PASS: production registry configures only isolated PID user paths
PASS: real production Title has no duplicate live world for TEST ONLY six-predecessor story seed: 
PASS: TEST ONLY six-predecessor prefix offers protected uncompleted A2-L2 story Continue
PASS: real seeded Journey offers current A2-L2 Continue while A2-L3 stays locked
PASS: actual production A2-L2 installation waits paused at Resume: 
PASS: exact production Weybridge scene owns the shared actor/effects, six real targets and seven HP-free consumers
PASS: actual retained target has canonical actor binding: village_scout
PASS: actual retained target has canonical actor binding: yard_handler
PASS: actual retained target has canonical actor binding: apron_handler
PASS: actual retained target has canonical actor binding: crossing_scout
PASS: actual retained target has canonical actor binding: shelter_scout
PASS: actual retained target has canonical actor binding: shelter_handler
PASS: actual authored spawn and shared Scheduler/Ray driver remain intact
PASS: actual accepted full localversion1 entry is a coherent actor/three-Ray/three-Handler/mechanism/scheduler/shell unit
PASS: fresh TEST ONLY initial resources retain no executed action/input/tick
PASS: entry reopens actual checked format2 SaveStore data
PASS: initial living entry exposes actual paused GUI Resume
PASS: initial living entry GUI press/release is consumed before input/action/resource/pose/clock/anchor changes
PASS: actual viewport touch/drag/release starts one public physical dash and records exact release anchor
PASS: public deferred pause captures the actual routed movement and complete authored world: 
PASS: real routed release retains physical dash path and separate exact screen release anchor
PASS: live dash changes actual path/clocks/camera before the save
PASS: short actual movement preserves low HP/empty ammo/gear and one routed input
PASS: coherent movement save protects its initial checkpoint and awards no A2-L2 completion/reward
PASS: actual pause publishes an exact checked format2 generation
PASS: paused frames freeze complete actor/local/input/camera state exactly
PASS: first shell closure frees actual @Node3D@1076
PASS: first shell closure frees actual WeybridgeAndShepperton
PASS: first shell closure frees actual CinderPlayer
PASS: first shell closure frees actual @Node3D@1219
PASS: first shell closure frees actual village
PASS: first shell closure frees actual lock_apron
PASS: first shell closure frees actual grounded_crossing
PASS: first shell closure frees actual shelter_courtyard
PASS: first shell closure frees actual VillageEnd
PASS: first shell closure frees actual ShelterEnd
PASS: first shell closure frees actual QuayWest
PASS: first shell closure frees actual QuayEast
PASS: first shell closure frees actual WeybridgeThreatScheduler
PASS: first shell closure frees actual Scout_village_scout
PASS: first shell closure frees actual Handler_yard_handler
PASS: first shell closure frees actual ThreatCue
PASS: first shell closure frees actual LowToolOpening_yard_handler
PASS: first shell closure frees actual Handler_apron_handler
PASS: first shell closure frees actual ThreatCue
PASS: first shell closure frees actual LowToolOpening_apron_handler
PASS: first shell closure frees actual Scout_crossing_scout
PASS: first shell closure frees actual Scout_shelter_scout
PASS: first shell closure frees actual Handler_shelter_handler
PASS: first shell closure frees actual ThreatCue
PASS: first shell closure frees actual LowToolOpening_shelter_handler
PASS: first shell closure frees actual RayCue_0
PASS: first shell closure frees actual HousingCue_0
PASS: first shell closure frees actual RayCue_1
PASS: first shell closure frees actual HousingCue_1
PASS: first shell closure frees actual RayCue_2
PASS: first shell closure frees actual HousingCue_2
PASS: first shell closure frees actual ThreatCue
PASS: first shell closure frees actual ThreatCue
PASS: first shell closure frees actual ThreatCue
PASS: first shell closure frees actual ThreatCue
PASS: first shell closure frees actual ShelterContactExit
PASS: production registry configures only isolated PID user paths
PASS: real production Title has no duplicate live world for living saved movement: 
PASS: actual production A2-L2 installation waits paused at Resume: 
PASS: exact production Weybridge scene owns the shared actor/effects, six real targets and seven HP-free consumers
PASS: actual retained target has canonical actor binding: village_scout
PASS: actual retained target has canonical actor binding: yard_handler
PASS: actual retained target has canonical actor binding: apron_handler
PASS: actual retained target has canonical actor binding: crossing_scout
PASS: actual retained target has canonical actor binding: shelter_scout
PASS: actual retained target has canonical actor binding: shelter_handler
PASS: actual authored spawn and shared Scheduler/Ray driver remain intact
PASS: fresh actual GUI Continue restores exact living saved movement without gameplay callbacks: []
PASS: fresh Continue preserves actual resources and does not republish the past dash
PASS: actual production A2-L2 installation waits paused at Resume: 
PASS: exact production Weybridge scene owns the shared actor/effects, six real targets and seven HP-free consumers
PASS: actual retained target has canonical actor binding: village_scout
PASS: actual retained target has canonical actor binding: yard_handler
PASS: actual retained target has canonical actor binding: apron_handler
PASS: actual retained target has canonical actor binding: crossing_scout
PASS: actual retained target has canonical actor binding: shelter_scout
PASS: actual retained target has canonical actor binding: shelter_handler
PASS: actual authored spawn and shared Scheduler/Ray driver remain intact
PASS: actual GUI Retry restores exact initial living checkpoint without gameplay callbacks: []
PASS: living GUI Retry frees actual @Node3D@1966
PASS: living GUI Retry frees actual WeybridgeAndShepperton
PASS: living GUI Retry frees actual CinderPlayer
PASS: living GUI Retry frees actual @Node3D@2109
PASS: living GUI Retry frees actual village
PASS: living GUI Retry frees actual lock_apron
PASS: living GUI Retry frees actual grounded_crossing
PASS: living GUI Retry frees actual shelter_courtyard
PASS: living GUI Retry frees actual VillageEnd
PASS: living GUI Retry frees actual ShelterEnd
PASS: living GUI Retry frees actual QuayWest
PASS: living GUI Retry frees actual QuayEast
PASS: living GUI Retry frees actual WeybridgeThreatScheduler
PASS: living GUI Retry frees actual Scout_village_scout
PASS: living GUI Retry frees actual Handler_yard_handler
PASS: living GUI Retry frees actual ThreatCue
PASS: living GUI Retry frees actual LowToolOpening_yard_handler
PASS: living GUI Retry frees actual Handler_apron_handler
PASS: living GUI Retry frees actual ThreatCue
PASS: living GUI Retry frees actual LowToolOpening_apron_handler
PASS: living GUI Retry frees actual Scout_crossing_scout
PASS: living GUI Retry frees actual Scout_shelter_scout
PASS: living GUI Retry frees actual Handler_shelter_handler
PASS: living GUI Retry frees actual ThreatCue
PASS: living GUI Retry frees actual LowToolOpening_shelter_handler
PASS: living GUI Retry frees actual RayCue_0
PASS: living GUI Retry frees actual HousingCue_0
PASS: living GUI Retry frees actual RayCue_1
PASS: living GUI Retry frees actual HousingCue_1
PASS: living GUI Retry frees actual RayCue_2
PASS: living GUI Retry frees actual HousingCue_2
PASS: living GUI Retry frees actual ThreatCue
PASS: living GUI Retry frees actual ThreatCue
PASS: living GUI Retry frees actual ThreatCue
PASS: living GUI Retry frees actual ThreatCue
PASS: living GUI Retry frees actual ShelterContactExit
PASS: Retry uses exact checkpoint resources/history without healing or invented progress
PASS: living retry closure frees actual @Node3D@2252
PASS: living retry closure frees actual WeybridgeAndShepperton
PASS: living retry closure frees actual CinderPlayer
PASS: living retry closure frees actual @Node3D@2395
PASS: living retry closure frees actual village
PASS: living retry closure frees actual lock_apron
PASS: living retry closure frees actual grounded_crossing
PASS: living retry closure frees actual shelter_courtyard
PASS: living retry closure frees actual VillageEnd
PASS: living retry closure frees actual ShelterEnd
PASS: living retry closure frees actual QuayWest
PASS: living retry closure frees actual QuayEast
PASS: living retry closure frees actual WeybridgeThreatScheduler
PASS: living retry closure frees actual Scout_village_scout
PASS: living retry closure frees actual Handler_yard_handler
PASS: living retry closure frees actual ThreatCue
PASS: living retry closure frees actual LowToolOpening_yard_handler
PASS: living retry closure frees actual Handler_apron_handler
PASS: living retry closure frees actual ThreatCue
PASS: living retry closure frees actual LowToolOpening_apron_handler
PASS: living retry closure frees actual Scout_crossing_scout
PASS: living retry closure frees actual Scout_shelter_scout
PASS: living retry closure frees actual Handler_shelter_handler
PASS: living retry closure frees actual ThreatCue
PASS: living retry closure frees actual LowToolOpening_shelter_handler
PASS: living retry closure frees actual RayCue_0
PASS: living retry closure frees actual HousingCue_0
PASS: living retry closure frees actual RayCue_1
PASS: living retry closure frees actual HousingCue_1
PASS: living retry closure frees actual RayCue_2
PASS: living retry closure frees actual HousingCue_2
PASS: living retry closure frees actual ThreatCue
PASS: living retry closure frees actual ThreatCue
PASS: living retry closure frees actual ThreatCue
PASS: living retry closure frees actual ThreatCue
PASS: living retry closure frees actual ShelterContactExit
PASS: TEST ONLY seed captures actual authored full runtime, not Horsell L1 or an art preview
PASS: TEST ONLY initial HP/zeroammo seed uses validated quiet public actor restore
PASS: TEST ONLY six-predecessor prefix/actual initial A2-L2 unit writes through public attempts/store:   
PASS: seed retains unchanged initial full Weybridge world/presentation with no admitted source or executed action
PASS: seed preview actor/level retire before production installation
TEST ONLY prefix/resource seed: ["A1-L1", "A1-L2", "A1-L3", "A1-L4", "A1-L5", "A2-L1"]; HP=0.1; initial shells=0; not predecessor gameplay or A2-L2 clear evidence
PASS: production registry configures only isolated PID user paths
PASS: real production Title has no duplicate live world for fatal branch TEST ONLY initial HP0.1/zeroammo: 
PASS: actual production A2-L2 installation waits paused at Resume: 
PASS: exact production Weybridge scene owns the shared actor/effects, six real targets and seven HP-free consumers
PASS: actual retained target has canonical actor binding: village_scout
PASS: actual retained target has canonical actor binding: yard_handler
PASS: actual retained target has canonical actor binding: apron_handler
PASS: actual retained target has canonical actor binding: crossing_scout
PASS: actual retained target has canonical actor binding: shelter_scout
PASS: actual retained target has canonical actor binding: shelter_handler
PASS: actual authored spawn and shared Scheduler/Ray driver remain intact
PASS: fatal branch protects the exact actual living initial checkpoint through public seed/Continue
PASS: fatal branch initial living entry exposes actual paused GUI Resume
PASS: fatal branch initial living entry GUI press/release is consumed before input/action/resource/pose/clock/anchor changes
PASS: bounded stationary wait receives one real admitted first-Scout active contact/death, without forced live state: [{ "source_id": "village_scout", "result": { "opportunity_consumed": true, "accepted": true, "raw_damage": 10.0, "hp_damage": 0.1, "impulse": (0.0, 0.0, 0.0) }, "paused": false }]
ERROR: FAIL: real fatal callback settles a coherent paused actor/Ray/local aggregate: 
   at: push_error (core/variant/variant_utility.cpp:1023)
   GDScript backtrace (most recent call first):
       [0] _expect (res://tests/act2_l2_registration_smoke.gd:552)
       [1] _fatal_case (res://tests/act2_l2_registration_smoke.gd:219)
       [2] _settle (res://tests/act2_l2_registration_smoke.gd:528)
FIRST FAILURE PUBLIC CONTEXT: { "paused": true, "campaign_error": "", "level": { "beat": "village", "active_ids": ["village_scout"], "foot_id": "", "clock_s": 1.65, "exchanges": { "village_scout": { "api_revision": "act2-ray-exchange-1", "actor_id": "village_scout", "status": "cancelled", "phase": "clear", "cycle": 1, "remaining_s": 0.0, "armed": false, "reservation_id": "", "geometry": { "kind": "lane", "from": (0.0, 0.0, -0.5), "to": (-1.166611, 0.0, 3.116493), "radius": 0.31 }, "direction": (-0.307003, 0.0, 0.951709), "source_position": (0.0, 0.0, -0.5), "exchange": { "id": "threat-1", "source_position": (0.0, 0.0, -0.5), "geometry": { "kind": "lane", "from": (0.0, 0.0, -0.5), "to": (-1.166611, 0.0, 3.116493), "radius": 0.31 }, "opening_position": (0.0, 0.0, -0.5), "start_s": 0.08333333333333, "lock_from_s": 0.53333333333333, "active_from_s": 1.63333333333333, "active_until_s": 1.79333333333333, "recovery_until_s": 3.39333333333333, "cooldown_until_s": 3.23333333333333, "profile_id": "standard", "world_revision": 1, "adapter": { "kind": "tracking", "locked": true, "reach": 3.79999995231628, "radius": 0.31, "lock_s": 1.1, "active_s": 0.16, "recovery_s": 1.6, "attack_interval_s": 1.6 } }, "resolved_role": { "active_s": 0.16, "attack_interval_s": 1.6, "damage": 10.0, "difficulty_profile": "standard", "difficulty_schema": 1, "lock_s": 1.1, "max_hp": 30.0, "move_speed": 0.0, "raw_damage": 10.0, "raw_role": { "active_s": 0.16, "attack_interval_s": 1.6, "lock_s": 1.1, "max_hp": 30.0, "move_speed": 0.0, "raw_damage": 10.0, "recovery_s": 1.6, "windup_s": 1.55 }, "recovery_s": 1.6, "tuning_status": "provisional_unplaytested", "windup_s": 1.55 }, "hit_consumed": true, "last_cancel_reason": "hero_defeated", "proof": {  }, "proof_available": false, "presentation_witness": {  } }, "yard_handler": { "api_revision": "lane-mechanism-1", "mechanism_id": "tool_yard_handler", "status": "idle", "phase": "clear", "remaining_s": 0.0, "cycle": 0, "reservation_id": "", "geometry": { "kind": "lane", "from": (0.5, 0.0, -5.7), "to": (0.5, 0.0, -1.9), "radius": 0.31 }, "source_position": (0.5, 0.0, -5.7), "opening_position": (0.5, 0.0, -5.7), "resolved_role": {  }, "hit_ids": [], "last_cancel_reason": "", "proof": {  } }, "apron_handler": { "api_revision": "lane-mechanism-1", "mechanism_id": "tool_apron_handler", "status": "idle", "phase": "clear", "remaining_s": 0.0, "cycle": 0, "reservation_id": "", "geometry": { "kind": "lane", "from": (-0.45, 0.0, -15.2), "to": (-0.45, 0.0, -11.4), "radius": 0.31 }, "source_position": (-0.45, 0.0, -15.2), "opening_position": (-0.45, 0.0, -15.2), "resolved_role": {  }, "hit_ids": [], "last_cancel_reason": "", "proof": {  } }, "crossing_scout": { "api_revision": "act2-ray-exchange-1", "actor_id": "crossing_scout", "status": "idle", "phase": "clear", "cycle": 0, "remaining_s": 0.0, "armed": false, "reservation_id": "", "geometry": {  }, "direction": (0.0, 0.0, 1.0), "source_position": (0.45, 0.0, -23.5), "exchange": {  }, "resolved_role": { "active_s": 0.16, "attack_interval_s": 1.6, "damage": 10.0, "difficulty_profile": "standard", "difficulty_schema": 1, "lock_s": 1.1, "max_hp": 30.0, "move_speed": 0.0, "raw_damage": 10.0, "raw_role": { "active_s": 0.16, "attack_interval_s": 1.6, "lock_s": 1.1, "max_hp": 30.0, "move_speed": 0.0, "raw_damage": 10.0, "recovery_s": 1.6, "windup_s": 1.55 }, "recovery_s": 1.6, "tuning_status": "provisional_unplaytested", "windup_s": 1.55 }, "hit_consumed": false, "last_cancel_reason": "", "proof": {  }, "proof_available": false, "presentation_witness": {  } }, "shelter_scout": { "api_revision": "act2-ray-exchange-1", "actor_id": "shelter_scout", "status": "idle", "phase": "clear", "cycle": 0, "remaining_s": 0.0, "armed": false, "reservation_id": "", "geometry": {  }, "direction": (0.0, 0.0, 1.0), "source_position": (-0.6, 0.0, -33.0), "exchange": {  }, "resolved_role": { "active_s": 0.16, "attack_interval_s": 1.6, "damage": 10.0, "difficulty_profile": "standard", "difficulty_schema": 1, "lock_s": 1.1, "max_hp": 30.0, "move_speed": 0.0, "raw_damage": 10.0, "raw_role": { "active_s": 0.16, "attack_interval_s": 1.6, "lock_s": 1.1, "max_hp": 30.0, "move_speed": 0.0, "raw_damage": 10.0, "recovery_s": 1.6, "windup_s": 1.55 }, "recovery_s": 1.6, "tuning_status": "provisional_unplaytested", "windup_s": 1.55 }, "hit_consumed": false, "last_cancel_reason": "", "proof": {  }, "proof_available": false, "presentation_witness": {  } }, "shelter_handler": { "api_revision": "lane-mechanism-1", "mechanism_id": "tool_shelter_handler", "status": "idle", "phase": "clear", "remaining_s": 0.0, "cycle": 0, "reservation_id": "", "geometry": { "kind": "lane", "from": (0.65, 0.0, -35.2), "to": (0.65, 0.0, -31.4), "radius": 0.31 }, "source_position": (0.65, 0.0, -35.2), "opening_position": (0.65, 0.0, -35.2), "resolved_role": {  }, "hit_ids": [], "last_cancel_reason": "", "proof": {  } } }, "mechanisms": { "tool_yard_handler": { "api_revision": "lane-mechanism-1", "mechanism_id": "tool_yard_handler", "status": "idle", "phase": "clear", "remaining_s": 0.0, "cycle": 0, "reservation_id": "", "geometry": { "kind": "lane", "from": (0.5, 0.0, -5.7), "to": (0.5, 0.0, -1.9), "radius": 0.31 }, "source_position": (0.5, 0.0, -5.7), "opening_position": (0.5, 0.0, -5.7), "resolved_role": {  }, "hit_ids": [], "last_cancel_reason": "" }, "tool_apron_handler": { "api_revision": "lane-mechanism-1", "mechanism_id": "tool_apron_handler", "status": "idle", "phase": "clear", "remaining_s": 0.0, "cycle": 0, "reservation_id": "", "geometry": { "kind": "lane", "from": (-0.45, 0.0, -15.2), "to": (-0.45, 0.0, -11.4), "radius": 0.31 }, "source_position": (-0.45, 0.0, -15.2), "opening_position": (-0.45, 0.0, -15.2), "resolved_role": {  }, "hit_ids": [], "last_cancel_reason": "" }, "tool_shelter_handler": { "api_revision": "lane-mechanism-1", "mechanism_id": "tool_shelter_handler", "status": "idle", "phase": "clear", "remaining_s": 0.0, "cycle": 0, "reservation_id": "", "geometry": { "kind": "lane", "from": (0.65, 0.0, -35.2), "to": (0.65, 0.0, -31.4), "radius": 0.31 }, "source_position": (0.65, 0.0, -35.2), "opening_position": (0.65, 0.0, -35.2), "resolved_role": {  }, "hit_ids": [], "last_cancel_reason": "" }, "foot_demo": { "api_revision": "lane-mechanism-1", "mechanism_id": "foot_demo", "status": "idle", "phase": "clear", "remaining_s": 0.0, "cycle": 0, "reservation_id": "", "geometry": { "kind": "circle", "origin": (-0.25, 0.0, -10.5), "radius": 1.1 }, "source_position": (-0.25, 0.0, -10.5), "opening_position": (1.3, 0.0, -10.5), "resolved_role": {  }, "hit_ids": [], "last_cancel_reason": "" }, "foot_apron": { "api_revision": "lane-mechanism-1", "mechanism_id": "foot_apron", "status": "idle", "phase": "clear", "remaining_s": 0.0, "cycle": 0, "reservation_id": "", "geometry": { "kind": "circle", "origin": (0.3, 0.0, -13.2), "radius": 1.1 }, "source_position": (0.3, 0.0, -13.2), "opening_position": (-1.25, 0.0, -13.2), "resolved_role": {  }, "hit_ids": [], "last_cancel_reason": "" }, "foot_left": { "api_revision": "lane-mechanism-1", "mechanism_id": "foot_left", "status": "idle", "phase": "clear", "remaining_s": 0.0, "cycle": 0, "reservation_id": "", "geometry": { "kind": "circle", "origin": (-0.75, 0.0, -21.0), "radius": 1.1 }, "source_position": (-0.75, 0.0, -21.0), "opening_position": (0.8, 0.0, -21.0), "resolved_role": {  }, "hit_ids": [], "last_cancel_reason": "" }, "foot_right": { "api_revision": "lane-mechanism-1", "mechanism_id": "foot_right", "status": "idle", "phase": "clear", "remaining_s": 0.0, "cycle": 0, "reservation_id": "", "geometry": { "kind": "circle", "origin": (0.75, 0.0, -24.6), "radius": 1.1 }, "source_position": (0.75, 0.0, -24.6), "opening_position": (-0.8, 0.0, -24.6), "resolved_role": {  }, "hit_ids": [], "last_cancel_reason": "" } }, "runtime_error": "", "admission_errors": { "village_scout": {  } }, "exit_open": false }, "contacts": [{ "source_id": "village_scout", "result": { "opportunity_consumed": true, "accepted": true, "raw_damage": 10.0, "hp_damage": 0.1, "impulse": (0.0, 0.0, 0.0) }, "paused": false }], "armed_active_seen": true }
Production Act2 L2 registration: 191 checks, 1 failures; expected_commit=fd5fd3d95a8b8b9ea7ce546c1db6c732a2cc60f6; TEST ONLY six-predecessor/initial-resource seeds; actual production GUI/format2/routed dash/fatal Continue/Retry; no route-clear or native-human claim
