Godot Engine v4.7.2.stable.official.ed1daf0bf - https://godotengine.org
OpenGL API 4.1 Metal - 90.5 - Compatibility - Using Device: Apple - Apple M3

PASS: fixture asserts exact accepted HANDOFF provenance (optional --expected-commit=<40hex>)
PASS: actual production registry validates the exact accepted authored A2-L2 scene: 
PASS: production registry configures only isolated PID user paths
PASS: real production Title has no duplicate live world for isolated first launch: 
PASS: first launch invents no prior story progress
PASS: optional portrait capture uses actual graphical renderer
PASS: actual540x1170 production portrait captured: /Users/howardchen/Library/Application Support/Godot/app_userdata/Cinder/test-act2-l2-registration-captures-33073-818951/title-locked.png
PASS: real Journey keeps accepted A2-L2 locked behind its actual A2-L1 prerequisite
PASS: optional portrait capture uses actual graphical renderer
PASS: actual540x1170 production portrait captured: /Users/howardchen/Library/Application Support/Godot/app_userdata/Cinder/test-act2-l2-registration-captures-33073-818951/journey-locked.png
PASS: disabled locked card neither loads A2-L2 nor fabricates progression
PASS: TEST ONLY seed captures actual authored full runtime, not Horsell L1 or an art preview
PASS: TEST ONLY initial HP/zeroammo seed uses validated quiet public actor restore
PASS: TEST ONLY six-predecessor prefix/actual initial A2-L2 unit writes through public attempts/store:   
PASS: seed retains unchanged initial full Weybridge world/presentation with no admitted source or executed action
PASS: seed preview actor/level retire before production installation
TEST ONLY prefix/resource seed: ["A1-L1", "A1-L2", "A1-L3", "A1-L4", "A1-L5", "A2-L1"]; HP=37.0; initial shells=0; not predecessor gameplay or A2-L2 clear evidence
PASS: production registry configures only isolated PID user paths
PASS: real production Title has no duplicate live world for TEST ONLY six-predecessor story seed: 
PASS: TEST ONLY six-predecessor prefix offers protected uncompleted A2-L2 story Continue
PASS: real seeded Journey offers current A2-L2 Continue while A2-L3 stays locked
PASS: optional portrait capture uses actual graphical renderer
JOURNEY NATIVE RECT: { "marker": [P: (90.0, 607.0), S: (132.0, 22.0)], "marker_local": (70.0, 1461.0), "marker_min": (89.0, 22.0), "node": [P: (90.0, 518.0), S: (132.0, 85.0)], "node_local": (70.0, 1372.0), "text": "STORY HERE", "vertical": 0 }
PASS: actual540x1170 production portrait captured: /Users/howardchen/Library/Application Support/Godot/app_userdata/Cinder/test-act2-l2-registration-captures-33073-818951/journey-seeded.png
Production Act2 L2 registration: 22 checks, 0 failures; expected_commit=fd5fd3d95a8b8b9ea7ce546c1db6c732a2cc60f6; TEST ONLY six-predecessor/initial-resource seeds; actual production GUI/format2/routed dash/fatal Continue/Retry; no route-clear or native-human claim
