Godot Engine v4.7.2.stable.official.ed1daf0bf - https://godotengine.org
OpenGL API 4.1 Metal - 90.5 - Compatibility - Using Device: Apple - Apple M3

PASS: fixture asserts exact accepted HANDOFF provenance (optional --expected-commit=<40hex>)
PASS: actual production registry validates the exact accepted authored A2-L2 scene: 
PASS: production registry configures only isolated PID user paths
PASS: real production Title has no duplicate live world for isolated first launch: 
PASS: first launch invents no prior story progress
PASS: optional portrait capture uses actual graphical renderer
PASS: actual540x1170 production portrait captured: /Users/howardchen/Library/Application Support/Godot/app_userdata/Cinder/test-act2-l2-registration-captures-90181-987133/title-locked.png
PASS: real Journey keeps accepted A2-L2 locked behind its actual A2-L1 prerequisite
PASS: optional portrait capture uses actual graphical renderer
PASS: actual540x1170 production portrait captured: /Users/howardchen/Library/Application Support/Godot/app_userdata/Cinder/test-act2-l2-registration-captures-90181-987133/journey-locked.png
PASS: disabled locked card neither loads A2-L2 nor fabricates progression
PASS: TEST ONLY seed captures actual authored full runtime, not Horsell L1 or an art preview
PASS: TEST ONLY initial HP/zeroammo seed uses validated quiet public actor restore
PASS: TEST ONLY six-predecessor prefix/actual initial A2-L2 unit writes through public attempts/store:   
PASS: seed retains unchanged initial full Weybridge world/presentation with no admitted source or executed action
PASS: seed preview actor/level retire before production installation
TEST ONLY prefix/resource seed: ["A1-L1", "A1-L2", "A1-L3", "A1-L4", "A1-L5", "A2-L1"]; HP=37.0; initial shells=0; not predecessor gameplay or A2-L2 clear evidence
PASS: production registry configures only isolated PID user paths
PASS: real production Title has no duplicate live world for TEST ONLY six-predecessor story seed: 
PASS: TEST ONLY six-predecessor prefix offers protected uncompleted A2-L2 story Continue
PASS: real seeded Journey offers current A2-L2 Continue while A2-L3 stays locked
PASS: optional portrait capture uses actual graphical renderer
PASS: actual540x1170 production portrait captured: /Users/howardchen/Library/Application Support/Godot/app_userdata/Cinder/test-act2-l2-registration-captures-90181-987133/journey-seeded.png
PASS: actual production A2-L2 installation waits paused at Resume: 
PASS: exact production Weybridge scene owns the shared actor/effects, six real targets and seven HP-free consumers
PASS: actual retained target has canonical actor binding: village_scout
PASS: actual retained target has canonical actor binding: yard_handler
PASS: actual retained target has canonical actor binding: apron_handler
PASS: actual retained target has canonical actor binding: crossing_scout
PASS: actual retained target has canonical actor binding: shelter_scout
PASS: actual retained target has canonical actor binding: shelter_handler
PASS: actual authored spawn and shared Scheduler/Ray driver remain intact
PASS: actual accepted full localversion1 entry is a coherent actor/three-Ray/three-Handler/mechanism/scheduler/shell unit
PASS: fresh TEST ONLY initial resources retain no executed action/input/tick
PASS: entry reopens actual checked format2 SaveStore data
PASS: initial living entry exposes actual paused GUI Resume
PASS: initial living entry GUI press/release is consumed before input/action/resource/pose/clock/anchor changes
PASS: optional portrait capture uses actual graphical renderer
PASS: actual540x1170 production portrait captured: /Users/howardchen/Library/Application Support/Godot/app_userdata/Cinder/test-act2-l2-registration-captures-90181-987133/arrival.png
PASS: actual viewport touch/drag/release starts one public physical dash and records exact release anchor
PASS: public deferred pause captures the actual routed movement and complete authored world: 
PASS: real routed release retains physical dash path and separate exact screen release anchor
PASS: live dash changes actual path/clocks/camera before the save
PASS: short actual movement preserves low HP/empty ammo/gear and one routed input
PASS: coherent movement save protects its initial checkpoint and awards no A2-L2 completion/reward
PASS: actual pause publishes an exact checked format2 generation
PASS: paused frames freeze complete actor/local/input/camera state exactly
PASS: first shell closure frees actual @Node3D@1076
PASS: first shell closure frees actual WeybridgeAndShepperton
PASS: first shell closure frees actual CinderPlayer
PASS: first shell closure frees actual @Node3D@1219
PASS: first shell closure frees actual village
PASS: first shell closure frees actual lock_apron
PASS: first shell closure frees actual grounded_crossing
PASS: first shell closure frees actual shelter_courtyard
PASS: first shell closure frees actual VillageEnd
PASS: first shell closure frees actual ShelterEnd
PASS: first shell closure frees actual QuayWest
PASS: first shell closure frees actual QuayEast
PASS: first shell closure frees actual WeybridgeThreatScheduler
PASS: first shell closure frees actual Scout_village_scout
PASS: first shell closure frees actual Handler_yard_handler
PASS: first shell closure frees actual ThreatCue
PASS: first shell closure frees actual LowToolOpening_yard_handler
PASS: first shell closure frees actual Handler_apron_handler
PASS: first shell closure frees actual ThreatCue
PASS: first shell closure frees actual LowToolOpening_apron_handler
PASS: first shell closure frees actual Scout_crossing_scout
PASS: first shell closure frees actual Scout_shelter_scout
PASS: first shell closure frees actual Handler_shelter_handler
PASS: first shell closure frees actual ThreatCue
PASS: first shell closure frees actual LowToolOpening_shelter_handler
PASS: first shell closure frees actual RayCue_0
PASS: first shell closure frees actual HousingCue_0
PASS: first shell closure frees actual RayCue_1
PASS: first shell closure frees actual HousingCue_1
PASS: first shell closure frees actual RayCue_2
PASS: first shell closure frees actual HousingCue_2
PASS: first shell closure frees actual ThreatCue
PASS: first shell closure frees actual ThreatCue
PASS: first shell closure frees actual ThreatCue
PASS: first shell closure frees actual ThreatCue
PASS: first shell closure frees actual ShelterContactExit
PASS: production registry configures only isolated PID user paths
PASS: real production Title has no duplicate live world for living saved movement: 
PASS: actual production A2-L2 installation waits paused at Resume: 
PASS: exact production Weybridge scene owns the shared actor/effects, six real targets and seven HP-free consumers
PASS: actual retained target has canonical actor binding: village_scout
PASS: actual retained target has canonical actor binding: yard_handler
PASS: actual retained target has canonical actor binding: apron_handler
PASS: actual retained target has canonical actor binding: crossing_scout
PASS: actual retained target has canonical actor binding: shelter_scout
PASS: actual retained target has canonical actor binding: shelter_handler
PASS: actual authored spawn and shared Scheduler/Ray driver remain intact
PASS: fresh actual GUI Continue restores exact living saved movement without gameplay callbacks: []
PASS: fresh Continue preserves actual resources and does not republish the past dash
PASS: actual production A2-L2 installation waits paused at Resume: 
PASS: exact production Weybridge scene owns the shared actor/effects, six real targets and seven HP-free consumers
PASS: actual retained target has canonical actor binding: village_scout
PASS: actual retained target has canonical actor binding: yard_handler
PASS: actual retained target has canonical actor binding: apron_handler
PASS: actual retained target has canonical actor binding: crossing_scout
PASS: actual retained target has canonical actor binding: shelter_scout
PASS: actual retained target has canonical actor binding: shelter_handler
PASS: actual authored spawn and shared Scheduler/Ray driver remain intact
PASS: actual GUI Retry restores exact initial living checkpoint without gameplay callbacks: []
PASS: living GUI Retry frees actual @Node3D@1966
PASS: living GUI Retry frees actual WeybridgeAndShepperton
PASS: living GUI Retry frees actual CinderPlayer
PASS: living GUI Retry frees actual @Node3D@2109
PASS: living GUI Retry frees actual village
PASS: living GUI Retry frees actual lock_apron
PASS: living GUI Retry frees actual grounded_crossing
PASS: living GUI Retry frees actual shelter_courtyard
PASS: living GUI Retry frees actual VillageEnd
PASS: living GUI Retry frees actual ShelterEnd
PASS: living GUI Retry frees actual QuayWest
PASS: living GUI Retry frees actual QuayEast
PASS: living GUI Retry frees actual WeybridgeThreatScheduler
PASS: living GUI Retry frees actual Scout_village_scout
PASS: living GUI Retry frees actual Handler_yard_handler
PASS: living GUI Retry frees actual ThreatCue
PASS: living GUI Retry frees actual LowToolOpening_yard_handler
PASS: living GUI Retry frees actual Handler_apron_handler
PASS: living GUI Retry frees actual ThreatCue
PASS: living GUI Retry frees actual LowToolOpening_apron_handler
PASS: living GUI Retry frees actual Scout_crossing_scout
PASS: living GUI Retry frees actual Scout_shelter_scout
PASS: living GUI Retry frees actual Handler_shelter_handler
PASS: living GUI Retry frees actual ThreatCue
PASS: living GUI Retry frees actual LowToolOpening_shelter_handler
PASS: living GUI Retry frees actual RayCue_0
PASS: living GUI Retry frees actual HousingCue_0
PASS: living GUI Retry frees actual RayCue_1
PASS: living GUI Retry frees actual HousingCue_1
PASS: living GUI Retry frees actual RayCue_2
PASS: living GUI Retry frees actual HousingCue_2
PASS: living GUI Retry frees actual ThreatCue
PASS: living GUI Retry frees actual ThreatCue
PASS: living GUI Retry frees actual ThreatCue
PASS: living GUI Retry frees actual ThreatCue
PASS: living GUI Retry frees actual ShelterContactExit
PASS: Retry uses exact checkpoint resources/history without healing or invented progress
PASS: living retry closure frees actual @Node3D@2252
PASS: living retry closure frees actual WeybridgeAndShepperton
PASS: living retry closure frees actual CinderPlayer
PASS: living retry closure frees actual @Node3D@2395
PASS: living retry closure frees actual village
PASS: living retry closure frees actual lock_apron
PASS: living retry closure frees actual grounded_crossing
PASS: living retry closure frees actual shelter_courtyard
PASS: living retry closure frees actual VillageEnd
PASS: living retry closure frees actual ShelterEnd
PASS: living retry closure frees actual QuayWest
PASS: living retry closure frees actual QuayEast
PASS: living retry closure frees actual WeybridgeThreatScheduler
PASS: living retry closure frees actual Scout_village_scout
PASS: living retry closure frees actual Handler_yard_handler
PASS: living retry closure frees actual ThreatCue
PASS: living retry closure frees actual LowToolOpening_yard_handler
PASS: living retry closure frees actual Handler_apron_handler
PASS: living retry closure frees actual ThreatCue
PASS: living retry closure frees actual LowToolOpening_apron_handler
PASS: living retry closure frees actual Scout_crossing_scout
PASS: living retry closure frees actual Scout_shelter_scout
PASS: living retry closure frees actual Handler_shelter_handler
PASS: living retry closure frees actual ThreatCue
PASS: living retry closure frees actual LowToolOpening_shelter_handler
PASS: living retry closure frees actual RayCue_0
PASS: living retry closure frees actual HousingCue_0
PASS: living retry closure frees actual RayCue_1
PASS: living retry closure frees actual HousingCue_1
PASS: living retry closure frees actual RayCue_2
PASS: living retry closure frees actual HousingCue_2
PASS: living retry closure frees actual ThreatCue
PASS: living retry closure frees actual ThreatCue
PASS: living retry closure frees actual ThreatCue
PASS: living retry closure frees actual ThreatCue
PASS: living retry closure frees actual ShelterContactExit
PASS: TEST ONLY seed captures actual authored full runtime, not Horsell L1 or an art preview
PASS: TEST ONLY initial HP/zeroammo seed uses validated quiet public actor restore
PASS: TEST ONLY six-predecessor prefix/actual initial A2-L2 unit writes through public attempts/store:   
PASS: seed retains unchanged initial full Weybridge world/presentation with no admitted source or executed action
PASS: seed preview actor/level retire before production installation
TEST ONLY prefix/resource seed: ["A1-L1", "A1-L2", "A1-L3", "A1-L4", "A1-L5", "A2-L1"]; HP=0.1; initial shells=0; not predecessor gameplay or A2-L2 clear evidence
PASS: production registry configures only isolated PID user paths
PASS: real production Title has no duplicate live world for fatal branch TEST ONLY initial HP0.1/zeroammo: 
PASS: actual production A2-L2 installation waits paused at Resume: 
PASS: exact production Weybridge scene owns the shared actor/effects, six real targets and seven HP-free consumers
PASS: actual retained target has canonical actor binding: village_scout
PASS: actual retained target has canonical actor binding: yard_handler
PASS: actual retained target has canonical actor binding: apron_handler
PASS: actual retained target has canonical actor binding: crossing_scout
PASS: actual retained target has canonical actor binding: shelter_scout
PASS: actual retained target has canonical actor binding: shelter_handler
PASS: actual authored spawn and shared Scheduler/Ray driver remain intact
PASS: fatal branch protects the exact actual living initial checkpoint through public seed/Continue
PASS: fatal branch initial living entry exposes actual paused GUI Resume
PASS: fatal branch initial living entry GUI press/release is consumed before input/action/resource/pose/clock/anchor changes
PASS: bounded stationary wait receives one real admitted first-Scout active contact/death, without forced live state: [{ "source_id": "village_scout", "result": { "opportunity_consumed": true, "accepted": true, "raw_damage": 10.0, "hp_damage": 0.1, "impulse": (0.0, 0.0, 0.0) }, "paused": false }]
FATAL CAPTURE OPERANDS: { "paused": true, "page": "pause", "campaign_error": "", "empty": false, "player_error": "", "local_with_player_error": "", "player_resources": { "hp": 0.0, "max_hp": 100.0, "shells": 1, "max_shells": 2, "dead": true }, "level_writer_error": "" }
PASS: real fatal callback settles a coherent paused actor/Ray/local aggregate: 
PASS: initial empty ammo naturally reloads once before the admitted Scout hit; fatal save retains that actual shell and reload clock
PASS: death consumes the real Scout opportunity and retains its terminal receipt without any player attack/dash or input
PASS: fatal source cleanup creates no defeated target/foot/contact/completion or live damage lease
PASS: actual fatal format2 save retains its precise earlier living entry checkpoint and no unearned progress
PASS: fatal shell closure frees actual @Node3D@3511
PASS: fatal shell closure frees actual WeybridgeAndShepperton
PASS: fatal shell closure frees actual CinderPlayer
PASS: fatal shell closure frees actual @Node3D@3654
PASS: fatal shell closure frees actual village
PASS: fatal shell closure frees actual lock_apron
PASS: fatal shell closure frees actual grounded_crossing
PASS: fatal shell closure frees actual shelter_courtyard
PASS: fatal shell closure frees actual VillageEnd
PASS: fatal shell closure frees actual ShelterEnd
PASS: fatal shell closure frees actual QuayWest
PASS: fatal shell closure frees actual QuayEast
PASS: fatal shell closure frees actual WeybridgeThreatScheduler
PASS: fatal shell closure frees actual Scout_village_scout
PASS: fatal shell closure frees actual Handler_yard_handler
PASS: fatal shell closure frees actual ThreatCue
PASS: fatal shell closure frees actual LowToolOpening_yard_handler
PASS: fatal shell closure frees actual Handler_apron_handler
PASS: fatal shell closure frees actual ThreatCue
PASS: fatal shell closure frees actual LowToolOpening_apron_handler
PASS: fatal shell closure frees actual Scout_crossing_scout
PASS: fatal shell closure frees actual Scout_shelter_scout
PASS: fatal shell closure frees actual Handler_shelter_handler
PASS: fatal shell closure frees actual ThreatCue
PASS: fatal shell closure frees actual LowToolOpening_shelter_handler
PASS: fatal shell closure frees actual RayCue_0
PASS: fatal shell closure frees actual HousingCue_0
PASS: fatal shell closure frees actual RayCue_1
PASS: fatal shell closure frees actual HousingCue_1
PASS: fatal shell closure frees actual RayCue_2
PASS: fatal shell closure frees actual HousingCue_2
PASS: fatal shell closure frees actual ThreatCue
PASS: fatal shell closure frees actual ThreatCue
PASS: fatal shell closure frees actual ThreatCue
PASS: fatal shell closure frees actual ThreatCue
PASS: fatal shell closure frees actual ShelterContactExit
PASS: production registry configures only isolated PID user paths
PASS: real production Title has no duplicate live world for actual fatal saved unit: 
PASS: actual production A2-L2 installation waits paused at Resume: 
PASS: exact production Weybridge scene owns the shared actor/effects, six real targets and seven HP-free consumers
PASS: actual retained target has canonical actor binding: village_scout
PASS: actual retained target has canonical actor binding: yard_handler
PASS: actual retained target has canonical actor binding: apron_handler
PASS: actual retained target has canonical actor binding: crossing_scout
PASS: actual retained target has canonical actor binding: shelter_scout
PASS: actual retained target has canonical actor binding: shelter_handler
PASS: actual authored spawn and shared Scheduler/Ray driver remain intact
PASS: fresh actual GUI Continue restores exact actual fatal saved unit without gameplay callbacks: []
PASS: dead GUI Resume preserves exact paused fatal resources/clocks/history/input/camera/disk and offers Retry without gameplay callbacks
PASS: actual production A2-L2 installation waits paused at Resume: 
PASS: exact production Weybridge scene owns the shared actor/effects, six real targets and seven HP-free consumers
PASS: actual retained target has canonical actor binding: village_scout
PASS: actual retained target has canonical actor binding: yard_handler
PASS: actual retained target has canonical actor binding: apron_handler
PASS: actual retained target has canonical actor binding: crossing_scout
PASS: actual retained target has canonical actor binding: shelter_scout
PASS: actual retained target has canonical actor binding: shelter_handler
PASS: actual authored spawn and shared Scheduler/Ray driver remain intact
PASS: actual GUI Retry restores exact fatal world's actual living entry checkpoint without gameplay callbacks: []
PASS: fatal GUI Retry frees actual @Node3D@4407
PASS: fatal GUI Retry frees actual WeybridgeAndShepperton
PASS: fatal GUI Retry frees actual CinderPlayer
PASS: fatal GUI Retry frees actual @Node3D@4550
PASS: fatal GUI Retry frees actual village
PASS: fatal GUI Retry frees actual lock_apron
PASS: fatal GUI Retry frees actual grounded_crossing
PASS: fatal GUI Retry frees actual shelter_courtyard
PASS: fatal GUI Retry frees actual VillageEnd
PASS: fatal GUI Retry frees actual ShelterEnd
PASS: fatal GUI Retry frees actual QuayWest
PASS: fatal GUI Retry frees actual QuayEast
PASS: fatal GUI Retry frees actual WeybridgeThreatScheduler
PASS: fatal GUI Retry frees actual Scout_village_scout
PASS: fatal GUI Retry frees actual Handler_yard_handler
PASS: fatal GUI Retry frees actual ThreatCue
PASS: fatal GUI Retry frees actual LowToolOpening_yard_handler
PASS: fatal GUI Retry frees actual Handler_apron_handler
PASS: fatal GUI Retry frees actual ThreatCue
PASS: fatal GUI Retry frees actual LowToolOpening_apron_handler
PASS: fatal GUI Retry frees actual Scout_crossing_scout
PASS: fatal GUI Retry frees actual Scout_shelter_scout
PASS: fatal GUI Retry frees actual Handler_shelter_handler
PASS: fatal GUI Retry frees actual ThreatCue
PASS: fatal GUI Retry frees actual LowToolOpening_shelter_handler
PASS: fatal GUI Retry frees actual RayCue_0
PASS: fatal GUI Retry frees actual HousingCue_0
PASS: fatal GUI Retry frees actual RayCue_1
PASS: fatal GUI Retry frees actual HousingCue_1
PASS: fatal GUI Retry frees actual RayCue_2
PASS: fatal GUI Retry frees actual HousingCue_2
PASS: fatal GUI Retry frees actual ThreatCue
PASS: fatal GUI Retry frees actual ThreatCue
PASS: fatal GUI Retry frees actual ThreatCue
PASS: fatal GUI Retry frees actual ThreatCue
PASS: fatal GUI Retry frees actual ShelterContactExit
PASS: fatal GUI Retry restores exact living lowHP/emptyammo entry without healing or redelivering the Scout hit
PASS: retried actor/source/input/camera clocks remain exactly paused before any continuation tick
PASS: fatal retry closure frees actual @Node3D@4693
PASS: fatal retry closure frees actual WeybridgeAndShepperton
PASS: fatal retry closure frees actual CinderPlayer
PASS: fatal retry closure frees actual @Node3D@4836
PASS: fatal retry closure frees actual village
PASS: fatal retry closure frees actual lock_apron
PASS: fatal retry closure frees actual grounded_crossing
PASS: fatal retry closure frees actual shelter_courtyard
PASS: fatal retry closure frees actual VillageEnd
PASS: fatal retry closure frees actual ShelterEnd
PASS: fatal retry closure frees actual QuayWest
PASS: fatal retry closure frees actual QuayEast
PASS: fatal retry closure frees actual WeybridgeThreatScheduler
PASS: fatal retry closure frees actual Scout_village_scout
PASS: fatal retry closure frees actual Handler_yard_handler
PASS: fatal retry closure frees actual ThreatCue
PASS: fatal retry closure frees actual LowToolOpening_yard_handler
PASS: fatal retry closure frees actual Handler_apron_handler
PASS: fatal retry closure frees actual ThreatCue
PASS: fatal retry closure frees actual LowToolOpening_apron_handler
PASS: fatal retry closure frees actual Scout_crossing_scout
PASS: fatal retry closure frees actual Scout_shelter_scout
PASS: fatal retry closure frees actual Handler_shelter_handler
PASS: fatal retry closure frees actual ThreatCue
PASS: fatal retry closure frees actual LowToolOpening_shelter_handler
PASS: fatal retry closure frees actual RayCue_0
PASS: fatal retry closure frees actual HousingCue_0
PASS: fatal retry closure frees actual RayCue_1
PASS: fatal retry closure frees actual HousingCue_1
PASS: fatal retry closure frees actual RayCue_2
PASS: fatal retry closure frees actual HousingCue_2
PASS: fatal retry closure frees actual ThreatCue
PASS: fatal retry closure frees actual ThreatCue
PASS: fatal retry closure frees actual ThreatCue
PASS: fatal retry closure frees actual ThreatCue
PASS: fatal retry closure frees actual ShelterContactExit
PASS: disposed production worlds retain no required cue or actor group member
PASS: registration fixture leaves production registry bytes unchanged
Production Act2 L2 registration: 338 checks, 0 failures; expected_commit=fd5fd3d95a8b8b9ea7ce546c1db6c732a2cc60f6; TEST ONLY six-predecessor/initial-resource seeds; actual production GUI/format2/routed dash/fatal Continue/Retry; no route-clear or native-human claim
