Godot Engine v4.7.2.stable.official.ed1daf0bf - https://godotengine.org

PASS: component test has no inherited route/portrait/fatal selectors: 
PASS: same production A1-L2 registry supplies real component geometry
PASS: production registry configures only isolated PID user paths
PASS: real production Title has no duplicate live world for fresh native Challenge constructor: 
PASS: real public preference selects only the next actual fresh boundary
PASS: actual fresh A1-L2 native constructor: 
PASS: actual pristine standard receipt joins its saved encounter profile, dormant actor/impact set and zero clocks
PASS: genuine entry boundary selects closed recipe before any native attack/clock/action: 
PASS: TEST ONLY predecessor prefix writes the untouched actual fresh source recipe through Attempts/SaveStore: ; 
PASS: fresh test seed disposal frees actual fresh source Player
PASS: fresh test seed disposal frees actual fresh source Level
PASS: fresh test seed disposal frees actual Floor
PASS: fresh test seed disposal frees actual WestEdge
PASS: fresh test seed disposal frees actual EastEdge
PASS: fresh test seed disposal frees actual NorthEdge
PASS: fresh test seed disposal frees actual SouthEdge
PASS: fresh test seed disposal frees actual ApproachRock
PASS: fresh test seed disposal frees actual RockRouteOuterFlat
PASS: fresh test seed disposal frees actual CraterThreatScheduler
PASS: fresh test seed disposal frees actual SoloRushSelenite
PASS: fresh test seed disposal frees actual ThreatCue
PASS: fresh test seed disposal frees actual RockRushSelenite
PASS: fresh test seed disposal frees actual ThreatCue
PASS: fresh test seed disposal frees actual OpenRushSelenite
PASS: fresh test seed disposal frees actual ThreatCue
PASS: fresh test seed disposal frees actual FinaleRushSelenite
PASS: fresh test seed disposal frees actual ThreatCue
PASS: fresh test seed disposal frees actual ThreatCue
PASS: fresh test seed disposal frees actual ThreatCue
PASS: fresh test seed disposal frees actual ThreatCue
PASS: fresh test seed disposal frees actual ThreatCue
PASS: fresh test seed disposal frees actual ThreatCue
PASS: fresh test seed disposal frees actual GrottoContactCue
PASS: fresh test seed disposal frees actual CelestialCampSaveCue
PASS: production registry configures only isolated PID user paths
PASS: real production Title has no duplicate live world for focused component initial standard: 
PASS: production A1-L2 installation waits at its real paused Resume: 
PASS: reviewed Main owns one shared expedition Player/effects, four retained C30 and five HP-free stationary circles
PASS: retained actual C30 source/art binding: solo
PASS: retained actual C30 source/art binding: rock
PASS: retained actual C30 source/art binding: open
PASS: retained actual C30 source/art binding: finale
PASS: actual HP-free native circle/source/cue binding: landing-impact
PASS: actual HP-free native circle/source/cue binding: rock-impact
PASS: actual HP-free native circle/source/cue binding: open-impact
PASS: actual HP-free native circle/source/cue binding: finale-impact-a
PASS: actual HP-free native circle/source/cue binding: finale-impact-b
PASS: reviewed spawn, shared Scheduler and exact five-beat/four-checkpoint authored prefix remain intact
PASS: fresh actual GUI Continue restores exact focused component initial standard without gameplay callbacks: []
PASS: native landing start exposes actual paused GUI Resume
PASS: native landing start GUI press/release is consumed before input/action/resource/pose/clock/anchor changes
PASS: real landing uses native ordinary escape proof, independent of ammo
PASS: TEST landing escape side reaches actual paused whole-aggregate barrier: 
PASS: TEST landing escape side exposes actual paused GUI Resume
PASS: TEST landing escape side GUI press/release is consumed before input/action/resource/pose/clock/anchor changes
PASS: TEST solo primary approach reaches actual paused whole-aggregate barrier: 
PASS: TEST solo primary approach exposes actual paused GUI Resume
PASS: TEST solo primary approach GUI press/release is consumed before input/action/resource/pose/clock/anchor changes
PASS: solo reaches the actual living body on native clear floor with this kit
PASS: solo first tap uses current HUD-safe native camera direction/release anchor
PASS: solo one genuine immediate zero-ammo primary defeats its actual20HP body without blast or fake damage
PASS: TEST open fork/primary approach reaches actual paused whole-aggregate barrier: 
PASS: TEST open fork/primary approach exposes actual paused GUI Resume
PASS: TEST open fork/primary approach GUI press/release is consumed before input/action/resource/pose/clock/anchor changes
PASS: open reaches the actual living body on native clear floor with this kit
PASS: open first tap uses current HUD-safe native camera direction/release anchor
PASS: open one genuine immediate zero-ammo primary defeats its actual20HP body without blast or fake damage
PASS: TEST actual camp contact reaches actual paused whole-aggregate barrier: 
PASS: TEST actual camp contact exposes actual paused GUI Resume
PASS: TEST actual camp contact GUI press/release is consumed before input/action/resource/pose/clock/anchor changes
PASS: camp native checkpoint reaches actual paused whole-aggregate barrier: 
PASS: protected Retry is the actual earlier camp unit with two real defeats and dormant finale
PASS: TEST finale activation approach reaches actual paused whole-aggregate barrier: 
PASS: TEST finale activation approach exposes actual paused GUI Resume
PASS: TEST finale activation approach GUI press/release is consumed before input/action/resource/pose/clock/anchor changes
PASS: observable native standard order starts finale-impact-a with coherent full union: 
PASS: actual first-prefix and unchanged living finale HP are admitted, rather than fabricated cursors or source damage
PASS: native scheduled host+circle union and current source/cue/landing framing are valid together
PASS: component keeps shared Player/capsule/gear/geometry intact and uses two real ordinary primaries, no blast or fabricated level clear
PASS: cursor-zero cannot manufacture or reorder the actual admitted prefix refuses purely/atomically before altering native unit/model/disk: Companion cursor must match the actual ordered accepted cycle prefix
PASS: cursor-two cannot manufacture or reorder the actual admitted prefix refuses purely/atomically before altering native unit/model/disk: Companion cursor must match the actual ordered accepted cycle prefix
PASS: foreign-host cannot manufacture or reorder the actual admitted prefix refuses purely/atomically before altering native unit/model/disk: Compound sequence must retain its current host and bounded cursor
PASS: wrong-present-recipe cannot manufacture or reorder the actual admitted prefix refuses purely/atomically before altering native unit/model/disk: Saved arrangement must match its own fresh encounter profile
PASS: actual deferred admission pause commits the exact full native prefix to checked format2
PASS: current preference changes atomically without retuning or rewriting an already saved native recipe
PASS: native first-prefix donor frees actual @Node3D@157
PASS: native first-prefix donor frees actual CraterGardens
PASS: native first-prefix donor frees actual CinderPlayer
PASS: native first-prefix donor frees actual @Node3D@159
PASS: native first-prefix donor frees actual Floor
PASS: native first-prefix donor frees actual WestEdge
PASS: native first-prefix donor frees actual EastEdge
PASS: native first-prefix donor frees actual NorthEdge
PASS: native first-prefix donor frees actual SouthEdge
PASS: native first-prefix donor frees actual ApproachRock
PASS: native first-prefix donor frees actual RockRouteOuterFlat
PASS: native first-prefix donor frees actual CraterThreatScheduler
PASS: native first-prefix donor frees actual SoloRushSelenite
PASS: native first-prefix donor frees actual ThreatCue
PASS: native first-prefix donor frees actual RockRushSelenite
PASS: native first-prefix donor frees actual ThreatCue
PASS: native first-prefix donor frees actual OpenRushSelenite
PASS: native first-prefix donor frees actual ThreatCue
PASS: native first-prefix donor frees actual FinaleRushSelenite
PASS: native first-prefix donor frees actual ThreatCue
PASS: native first-prefix donor frees actual ThreatCue
PASS: native first-prefix donor frees actual ThreatCue
PASS: native first-prefix donor frees actual ThreatCue
PASS: native first-prefix donor frees actual ThreatCue
PASS: native first-prefix donor frees actual ThreatCue
PASS: native first-prefix donor frees actual GrottoContactCue
PASS: native first-prefix donor frees actual CelestialCampSaveCue
PASS: production registry configures only isolated PID user paths
PASS: real production Title has no duplicate live world for actual admitted finale-impact-a despite opposite preference: 
PASS: production A1-L2 installation waits at its real paused Resume: 
PASS: reviewed Main owns one shared expedition Player/effects, four retained C30 and five HP-free stationary circles
PASS: retained actual C30 source/art binding: solo
PASS: retained actual C30 source/art binding: rock
PASS: retained actual C30 source/art binding: open
PASS: retained actual C30 source/art binding: finale
PASS: actual HP-free native circle/source/cue binding: landing-impact
PASS: actual HP-free native circle/source/cue binding: rock-impact
PASS: actual HP-free native circle/source/cue binding: open-impact
PASS: actual HP-free native circle/source/cue binding: finale-impact-a
PASS: actual HP-free native circle/source/cue binding: finale-impact-b
PASS: reviewed spawn, shared Scheduler and exact five-beat/four-checkpoint authored prefix remain intact
PASS: fresh actual GUI Continue restores exact actual admitted finale-impact-a despite opposite preference without gameplay callbacks: []
PASS: actual A-first active Standard prefix remains readable as legacy omission
PASS: quiet actual active legacy unit recaptures omission and saves without rewriting resources/clocks
PASS: active legacy donor frees actual @Node3D@316
PASS: active legacy donor frees actual CraterGardens
PASS: active legacy donor frees actual CinderPlayer
PASS: active legacy donor frees actual @Node3D@318
PASS: active legacy donor frees actual Floor
PASS: active legacy donor frees actual WestEdge
PASS: active legacy donor frees actual EastEdge
PASS: active legacy donor frees actual NorthEdge
PASS: active legacy donor frees actual SouthEdge
PASS: active legacy donor frees actual ApproachRock
PASS: active legacy donor frees actual RockRouteOuterFlat
PASS: active legacy donor frees actual CraterThreatScheduler
PASS: active legacy donor frees actual SoloRushSelenite
PASS: active legacy donor frees actual ThreatCue
PASS: active legacy donor frees actual RockRushSelenite
PASS: active legacy donor frees actual ThreatCue
PASS: active legacy donor frees actual OpenRushSelenite
PASS: active legacy donor frees actual ThreatCue
PASS: active legacy donor frees actual FinaleRushSelenite
PASS: active legacy donor frees actual ThreatCue
PASS: active legacy donor frees actual ThreatCue
PASS: active legacy donor frees actual ThreatCue
PASS: active legacy donor frees actual ThreatCue
PASS: active legacy donor frees actual ThreatCue
PASS: active legacy donor frees actual ThreatCue
PASS: active legacy donor frees actual GrottoContactCue
PASS: active legacy donor frees actual CelestialCampSaveCue
PASS: production registry configures only isolated PID user paths
PASS: real production Title has no duplicate live world for actual active A-first missing key against Challenge preference: 
PASS: production A1-L2 installation waits at its real paused Resume: 
PASS: reviewed Main owns one shared expedition Player/effects, four retained C30 and five HP-free stationary circles
PASS: retained actual C30 source/art binding: solo
PASS: retained actual C30 source/art binding: rock
PASS: retained actual C30 source/art binding: open
PASS: retained actual C30 source/art binding: finale
PASS: actual HP-free native circle/source/cue binding: landing-impact
PASS: actual HP-free native circle/source/cue binding: rock-impact
PASS: actual HP-free native circle/source/cue binding: open-impact
PASS: actual HP-free native circle/source/cue binding: finale-impact-a
PASS: actual HP-free native circle/source/cue binding: finale-impact-b
PASS: reviewed spawn, shared Scheduler and exact five-beat/four-checkpoint authored prefix remain intact
PASS: fresh actual GUI Continue restores exact actual active A-first missing key against Challenge preference without gameplay callbacks: []
PASS: actual host cancellation clears danger without source HP edits
PASS: genuine cancelled first-impact history survives the cleared live cursor
PASS: production A1-L2 installation waits at its real paused Resume: 
PASS: reviewed Main owns one shared expedition Player/effects, four retained C30 and five HP-free stationary circles
PASS: retained actual C30 source/art binding: solo
PASS: retained actual C30 source/art binding: rock
PASS: retained actual C30 source/art binding: open
PASS: retained actual C30 source/art binding: finale
PASS: actual HP-free native circle/source/cue binding: landing-impact
PASS: actual HP-free native circle/source/cue binding: rock-impact
PASS: actual HP-free native circle/source/cue binding: open-impact
PASS: actual HP-free native circle/source/cue binding: finale-impact-a
PASS: actual HP-free native circle/source/cue binding: finale-impact-b
PASS: reviewed spawn, shared Scheduler and exact five-beat/four-checkpoint authored prefix remain intact
PASS: actual GUI Retry restores exact genuine earlier camp checkpoint without gameplay callbacks: []
PASS: native finale-prefix GUI Retry frees actual @Node3D@411
PASS: native finale-prefix GUI Retry frees actual CraterGardens
PASS: native finale-prefix GUI Retry frees actual CinderPlayer
PASS: native finale-prefix GUI Retry frees actual @Node3D@413
PASS: native finale-prefix GUI Retry frees actual Floor
PASS: native finale-prefix GUI Retry frees actual WestEdge
PASS: native finale-prefix GUI Retry frees actual EastEdge
PASS: native finale-prefix GUI Retry frees actual NorthEdge
PASS: native finale-prefix GUI Retry frees actual SouthEdge
PASS: native finale-prefix GUI Retry frees actual ApproachRock
PASS: native finale-prefix GUI Retry frees actual RockRouteOuterFlat
PASS: native finale-prefix GUI Retry frees actual CraterThreatScheduler
PASS: native finale-prefix GUI Retry frees actual SoloRushSelenite
PASS: native finale-prefix GUI Retry frees actual ThreatCue
PASS: native finale-prefix GUI Retry frees actual RockRushSelenite
PASS: native finale-prefix GUI Retry frees actual ThreatCue
PASS: native finale-prefix GUI Retry frees actual OpenRushSelenite
PASS: native finale-prefix GUI Retry frees actual ThreatCue
PASS: native finale-prefix GUI Retry frees actual FinaleRushSelenite
PASS: native finale-prefix GUI Retry frees actual ThreatCue
PASS: native finale-prefix GUI Retry frees actual ThreatCue
PASS: native finale-prefix GUI Retry frees actual ThreatCue
PASS: native finale-prefix GUI Retry frees actual ThreatCue
PASS: native finale-prefix GUI Retry frees actual ThreatCue
PASS: native finale-prefix GUI Retry frees actual ThreatCue
PASS: native finale-prefix GUI Retry frees actual GrottoContactCue
PASS: native finale-prefix GUI Retry frees actual CelestialCampSaveCue
PASS: actual earlier Retry preserves original camp HP/ammo/gear/actions without refresh or replay
PASS: component case recipient cleanup frees actual @Node3D@445
PASS: component case recipient cleanup frees actual CraterGardens
PASS: component case recipient cleanup frees actual CinderPlayer
PASS: component case recipient cleanup frees actual @Node3D@447
PASS: component case recipient cleanup frees actual Floor
PASS: component case recipient cleanup frees actual WestEdge
PASS: component case recipient cleanup frees actual EastEdge
PASS: component case recipient cleanup frees actual NorthEdge
PASS: component case recipient cleanup frees actual SouthEdge
PASS: component case recipient cleanup frees actual ApproachRock
PASS: component case recipient cleanup frees actual RockRouteOuterFlat
PASS: component case recipient cleanup frees actual CraterThreatScheduler
PASS: component case recipient cleanup frees actual SoloRushSelenite
PASS: component case recipient cleanup frees actual ThreatCue
PASS: component case recipient cleanup frees actual RockRushSelenite
PASS: component case recipient cleanup frees actual ThreatCue
PASS: component case recipient cleanup frees actual OpenRushSelenite
PASS: component case recipient cleanup frees actual ThreatCue
PASS: component case recipient cleanup frees actual FinaleRushSelenite
PASS: component case recipient cleanup frees actual ThreatCue
PASS: component case recipient cleanup frees actual ThreatCue
PASS: component case recipient cleanup frees actual ThreatCue
PASS: component case recipient cleanup frees actual ThreatCue
PASS: component case recipient cleanup frees actual ThreatCue
PASS: component case recipient cleanup frees actual ThreatCue
PASS: component case recipient cleanup frees actual GrottoContactCue
PASS: component case recipient cleanup frees actual CelestialCampSaveCue
PASS: production registry configures only isolated PID user paths
PASS: real production Title has no duplicate live world for fresh native Challenge constructor: 
PASS: real public preference selects only the next actual fresh boundary
PASS: actual fresh A1-L2 native constructor: 
PASS: actual pristine challenge receipt joins its saved encounter profile, dormant actor/impact set and zero clocks
PASS: genuine entry boundary selects closed recipe before any native attack/clock/action: 
PASS: TEST ONLY predecessor prefix writes the untouched actual fresh source recipe through Attempts/SaveStore: ; 
PASS: fresh test seed disposal frees actual fresh source Player
PASS: fresh test seed disposal frees actual fresh source Level
PASS: fresh test seed disposal frees actual Floor
PASS: fresh test seed disposal frees actual WestEdge
PASS: fresh test seed disposal frees actual EastEdge
PASS: fresh test seed disposal frees actual NorthEdge
PASS: fresh test seed disposal frees actual SouthEdge
PASS: fresh test seed disposal frees actual ApproachRock
PASS: fresh test seed disposal frees actual RockRouteOuterFlat
PASS: fresh test seed disposal frees actual CraterThreatScheduler
PASS: fresh test seed disposal frees actual SoloRushSelenite
PASS: fresh test seed disposal frees actual ThreatCue
PASS: fresh test seed disposal frees actual RockRushSelenite
PASS: fresh test seed disposal frees actual ThreatCue
PASS: fresh test seed disposal frees actual OpenRushSelenite
PASS: fresh test seed disposal frees actual ThreatCue
PASS: fresh test seed disposal frees actual FinaleRushSelenite
PASS: fresh test seed disposal frees actual ThreatCue
PASS: fresh test seed disposal frees actual ThreatCue
PASS: fresh test seed disposal frees actual ThreatCue
PASS: fresh test seed disposal frees actual ThreatCue
PASS: fresh test seed disposal frees actual ThreatCue
PASS: fresh test seed disposal frees actual ThreatCue
PASS: fresh test seed disposal frees actual GrottoContactCue
PASS: fresh test seed disposal frees actual CelestialCampSaveCue
PASS: production registry configures only isolated PID user paths
PASS: real production Title has no duplicate live world for focused component initial challenge: 
PASS: production A1-L2 installation waits at its real paused Resume: 
PASS: reviewed Main owns one shared expedition Player/effects, four retained C30 and five HP-free stationary circles
PASS: retained actual C30 source/art binding: solo
PASS: retained actual C30 source/art binding: rock
PASS: retained actual C30 source/art binding: open
PASS: retained actual C30 source/art binding: finale
PASS: actual HP-free native circle/source/cue binding: landing-impact
PASS: actual HP-free native circle/source/cue binding: rock-impact
PASS: actual HP-free native circle/source/cue binding: open-impact
PASS: actual HP-free native circle/source/cue binding: finale-impact-a
PASS: actual HP-free native circle/source/cue binding: finale-impact-b
PASS: reviewed spawn, shared Scheduler and exact five-beat/four-checkpoint authored prefix remain intact
PASS: fresh actual GUI Continue restores exact focused component initial challenge without gameplay callbacks: []
PASS: native landing start exposes actual paused GUI Resume
PASS: native landing start GUI press/release is consumed before input/action/resource/pose/clock/anchor changes
PASS: real landing uses native ordinary escape proof, independent of ammo
PASS: TEST landing escape side reaches actual paused whole-aggregate barrier: 
PASS: TEST landing escape side exposes actual paused GUI Resume
PASS: TEST landing escape side GUI press/release is consumed before input/action/resource/pose/clock/anchor changes
PASS: TEST solo primary approach reaches actual paused whole-aggregate barrier: 
PASS: TEST solo primary approach exposes actual paused GUI Resume
PASS: TEST solo primary approach GUI press/release is consumed before input/action/resource/pose/clock/anchor changes
PASS: solo reaches the actual living body on native clear floor with this kit
PASS: solo first tap uses current HUD-safe native camera direction/release anchor
PASS: solo one genuine immediate zero-ammo primary defeats its actual20HP body without blast or fake damage
PASS: TEST open fork/primary approach reaches actual paused whole-aggregate barrier: 
PASS: TEST open fork/primary approach exposes actual paused GUI Resume
PASS: TEST open fork/primary approach GUI press/release is consumed before input/action/resource/pose/clock/anchor changes
PASS: open reaches the actual living body on native clear floor with this kit
PASS: open first tap uses current HUD-safe native camera direction/release anchor
PASS: open one genuine immediate zero-ammo primary defeats its actual20HP body without blast or fake damage
PASS: TEST actual camp contact reaches actual paused whole-aggregate barrier: 
PASS: TEST actual camp contact exposes actual paused GUI Resume
PASS: TEST actual camp contact GUI press/release is consumed before input/action/resource/pose/clock/anchor changes
PASS: camp native checkpoint reaches actual paused whole-aggregate barrier: 
PASS: protected Retry is the actual earlier camp unit with two real defeats and dormant finale
PASS: TEST finale activation approach reaches actual paused whole-aggregate barrier: 
PASS: TEST finale activation approach exposes actual paused GUI Resume
PASS: TEST finale activation approach GUI press/release is consumed before input/action/resource/pose/clock/anchor changes
PASS: observable native challenge order starts finale-impact-b with coherent full union: 
PASS: actual first-prefix and unchanged living finale HP are admitted, rather than fabricated cursors or source damage
PASS: native scheduled host+circle union and current source/cue/landing framing are valid together
PASS: component keeps shared Player/capsule/gear/geometry intact and uses two real ordinary primaries, no blast or fabricated level clear
PASS: cursor-zero cannot manufacture or reorder the actual admitted prefix refuses purely/atomically before altering native unit/model/disk: Companion cursor must match the actual ordered accepted cycle prefix
PASS: cursor-two cannot manufacture or reorder the actual admitted prefix refuses purely/atomically before altering native unit/model/disk: Companion cursor must match the actual ordered accepted cycle prefix
PASS: foreign-host cannot manufacture or reorder the actual admitted prefix refuses purely/atomically before altering native unit/model/disk: Compound sequence must retain its current host and bounded cursor
PASS: wrong-present-recipe cannot manufacture or reorder the actual admitted prefix refuses purely/atomically before altering native unit/model/disk: Saved arrangement must match its own fresh encounter profile
PASS: actual deferred admission pause commits the exact full native prefix to checked format2
PASS: current preference changes atomically without retuning or rewriting an already saved native recipe
PASS: native first-prefix donor frees actual @Node3D@629
PASS: native first-prefix donor frees actual CraterGardens
PASS: native first-prefix donor frees actual CinderPlayer
PASS: native first-prefix donor frees actual @Node3D@631
PASS: native first-prefix donor frees actual Floor
PASS: native first-prefix donor frees actual WestEdge
PASS: native first-prefix donor frees actual EastEdge
PASS: native first-prefix donor frees actual NorthEdge
PASS: native first-prefix donor frees actual SouthEdge
PASS: native first-prefix donor frees actual ApproachRock
PASS: native first-prefix donor frees actual RockRouteOuterFlat
PASS: native first-prefix donor frees actual CraterThreatScheduler
PASS: native first-prefix donor frees actual SoloRushSelenite
PASS: native first-prefix donor frees actual ThreatCue
PASS: native first-prefix donor frees actual RockRushSelenite
PASS: native first-prefix donor frees actual ThreatCue
PASS: native first-prefix donor frees actual OpenRushSelenite
PASS: native first-prefix donor frees actual ThreatCue
PASS: native first-prefix donor frees actual FinaleRushSelenite
PASS: native first-prefix donor frees actual ThreatCue
PASS: native first-prefix donor frees actual ThreatCue
PASS: native first-prefix donor frees actual ThreatCue
PASS: native first-prefix donor frees actual ThreatCue
PASS: native first-prefix donor frees actual ThreatCue
PASS: native first-prefix donor frees actual ThreatCue
PASS: native first-prefix donor frees actual GrottoContactCue
PASS: native first-prefix donor frees actual CelestialCampSaveCue
PASS: production registry configures only isolated PID user paths
PASS: real production Title has no duplicate live world for actual admitted finale-impact-b despite opposite preference: 
PASS: production A1-L2 installation waits at its real paused Resume: 
PASS: reviewed Main owns one shared expedition Player/effects, four retained C30 and five HP-free stationary circles
PASS: retained actual C30 source/art binding: solo
PASS: retained actual C30 source/art binding: rock
PASS: retained actual C30 source/art binding: open
PASS: retained actual C30 source/art binding: finale
PASS: actual HP-free native circle/source/cue binding: landing-impact
PASS: actual HP-free native circle/source/cue binding: rock-impact
PASS: actual HP-free native circle/source/cue binding: open-impact
PASS: actual HP-free native circle/source/cue binding: finale-impact-a
PASS: actual HP-free native circle/source/cue binding: finale-impact-b
PASS: reviewed spawn, shared Scheduler and exact five-beat/four-checkpoint authored prefix remain intact
PASS: fresh actual GUI Continue restores exact actual admitted finale-impact-b despite opposite preference without gameplay callbacks: []
PASS: missing key cannot reinterpret a genuine B-first active Challenge prefix as historical A-first refuses purely/atomically before altering native unit/model/disk: Retained second finale impact requires its earlier first impact
PASS: actual host cancellation clears danger without source HP edits
PASS: genuine cancelled first-impact history survives the cleared live cursor
PASS: inactive retained B-first history still rejects an invented legacy A-first recipe refuses purely/atomically before altering native unit/model/disk: Retained second finale impact requires its earlier first impact
PASS: production A1-L2 installation waits at its real paused Resume: 
PASS: reviewed Main owns one shared expedition Player/effects, four retained C30 and five HP-free stationary circles
PASS: retained actual C30 source/art binding: solo
PASS: retained actual C30 source/art binding: rock
PASS: retained actual C30 source/art binding: open
PASS: retained actual C30 source/art binding: finale
PASS: actual HP-free native circle/source/cue binding: landing-impact
PASS: actual HP-free native circle/source/cue binding: rock-impact
PASS: actual HP-free native circle/source/cue binding: open-impact
PASS: actual HP-free native circle/source/cue binding: finale-impact-a
PASS: actual HP-free native circle/source/cue binding: finale-impact-b
PASS: reviewed spawn, shared Scheduler and exact five-beat/four-checkpoint authored prefix remain intact
PASS: actual GUI Retry restores exact genuine earlier camp checkpoint without gameplay callbacks: []
PASS: native finale-prefix GUI Retry frees actual @Node3D@788
PASS: native finale-prefix GUI Retry frees actual CraterGardens
PASS: native finale-prefix GUI Retry frees actual CinderPlayer
PASS: native finale-prefix GUI Retry frees actual @Node3D@790
PASS: native finale-prefix GUI Retry frees actual Floor
PASS: native finale-prefix GUI Retry frees actual WestEdge
PASS: native finale-prefix GUI Retry frees actual EastEdge
PASS: native finale-prefix GUI Retry frees actual NorthEdge
PASS: native finale-prefix GUI Retry frees actual SouthEdge
PASS: native finale-prefix GUI Retry frees actual ApproachRock
PASS: native finale-prefix GUI Retry frees actual RockRouteOuterFlat
PASS: native finale-prefix GUI Retry frees actual CraterThreatScheduler
PASS: native finale-prefix GUI Retry frees actual SoloRushSelenite
PASS: native finale-prefix GUI Retry frees actual ThreatCue
PASS: native finale-prefix GUI Retry frees actual RockRushSelenite
PASS: native finale-prefix GUI Retry frees actual ThreatCue
PASS: native finale-prefix GUI Retry frees actual OpenRushSelenite
PASS: native finale-prefix GUI Retry frees actual ThreatCue
PASS: native finale-prefix GUI Retry frees actual FinaleRushSelenite
PASS: native finale-prefix GUI Retry frees actual ThreatCue
PASS: native finale-prefix GUI Retry frees actual ThreatCue
PASS: native finale-prefix GUI Retry frees actual ThreatCue
PASS: native finale-prefix GUI Retry frees actual ThreatCue
PASS: native finale-prefix GUI Retry frees actual ThreatCue
PASS: native finale-prefix GUI Retry frees actual ThreatCue
PASS: native finale-prefix GUI Retry frees actual GrottoContactCue
PASS: native finale-prefix GUI Retry frees actual CelestialCampSaveCue
PASS: actual earlier Retry preserves original camp HP/ammo/gear/actions without refresh or replay
PASS: component case recipient cleanup frees actual @Node3D@822
PASS: component case recipient cleanup frees actual CraterGardens
PASS: component case recipient cleanup frees actual CinderPlayer
PASS: component case recipient cleanup frees actual @Node3D@824
PASS: component case recipient cleanup frees actual Floor
PASS: component case recipient cleanup frees actual WestEdge
PASS: component case recipient cleanup frees actual EastEdge
PASS: component case recipient cleanup frees actual NorthEdge
PASS: component case recipient cleanup frees actual SouthEdge
PASS: component case recipient cleanup frees actual ApproachRock
PASS: component case recipient cleanup frees actual RockRouteOuterFlat
PASS: component case recipient cleanup frees actual CraterThreatScheduler
PASS: component case recipient cleanup frees actual SoloRushSelenite
PASS: component case recipient cleanup frees actual ThreatCue
PASS: component case recipient cleanup frees actual RockRushSelenite
PASS: component case recipient cleanup frees actual ThreatCue
PASS: component case recipient cleanup frees actual OpenRushSelenite
PASS: component case recipient cleanup frees actual ThreatCue
PASS: component case recipient cleanup frees actual FinaleRushSelenite
PASS: component case recipient cleanup frees actual ThreatCue
PASS: component case recipient cleanup frees actual ThreatCue
PASS: component case recipient cleanup frees actual ThreatCue
PASS: component case recipient cleanup frees actual ThreatCue
PASS: component case recipient cleanup frees actual ThreatCue
PASS: component case recipient cleanup frees actual ThreatCue
PASS: component case recipient cleanup frees actual GrottoContactCue
PASS: component case recipient cleanup frees actual CelestialCampSaveCue
PASS: production registry configures only isolated PID user paths
PASS: real production Title has no duplicate live world for fresh native Challenge constructor: 
PASS: real public preference selects only the next actual fresh boundary
PASS: actual fresh A1-L2 native constructor: 
PASS: actual pristine challenge receipt joins its saved encounter profile, dormant actor/impact set and zero clocks
PASS: genuine entry boundary selects closed recipe before any native attack/clock/action: 
PASS: TEST ONLY predecessor prefix writes the untouched actual fresh source recipe through Attempts/SaveStore: ; 
PASS: fresh test seed disposal frees actual fresh source Player
PASS: fresh test seed disposal frees actual fresh source Level
PASS: fresh test seed disposal frees actual Floor
PASS: fresh test seed disposal frees actual WestEdge
PASS: fresh test seed disposal frees actual EastEdge
PASS: fresh test seed disposal frees actual NorthEdge
PASS: fresh test seed disposal frees actual SouthEdge
PASS: fresh test seed disposal frees actual ApproachRock
PASS: fresh test seed disposal frees actual RockRouteOuterFlat
PASS: fresh test seed disposal frees actual CraterThreatScheduler
PASS: fresh test seed disposal frees actual SoloRushSelenite
PASS: fresh test seed disposal frees actual ThreatCue
PASS: fresh test seed disposal frees actual RockRushSelenite
PASS: fresh test seed disposal frees actual ThreatCue
PASS: fresh test seed disposal frees actual OpenRushSelenite
PASS: fresh test seed disposal frees actual ThreatCue
PASS: fresh test seed disposal frees actual FinaleRushSelenite
PASS: fresh test seed disposal frees actual ThreatCue
PASS: fresh test seed disposal frees actual ThreatCue
PASS: fresh test seed disposal frees actual ThreatCue
PASS: fresh test seed disposal frees actual ThreatCue
PASS: fresh test seed disposal frees actual ThreatCue
PASS: fresh test seed disposal frees actual ThreatCue
PASS: fresh test seed disposal frees actual GrottoContactCue
PASS: fresh test seed disposal frees actual CelestialCampSaveCue
PASS: production registry configures only isolated PID user paths
PASS: real production Title has no duplicate live world for focused component initial challenge: 
PASS: production A1-L2 installation waits at its real paused Resume: 
PASS: reviewed Main owns one shared expedition Player/effects, four retained C30 and five HP-free stationary circles
PASS: retained actual C30 source/art binding: solo
PASS: retained actual C30 source/art binding: rock
PASS: retained actual C30 source/art binding: open
PASS: retained actual C30 source/art binding: finale
PASS: actual HP-free native circle/source/cue binding: landing-impact
PASS: actual HP-free native circle/source/cue binding: rock-impact
PASS: actual HP-free native circle/source/cue binding: open-impact
PASS: actual HP-free native circle/source/cue binding: finale-impact-a
PASS: actual HP-free native circle/source/cue binding: finale-impact-b
PASS: reviewed spawn, shared Scheduler and exact five-beat/four-checkpoint authored prefix remain intact
PASS: fresh actual GUI Continue restores exact focused component initial challenge without gameplay callbacks: []
PASS: native landing start exposes actual paused GUI Resume
PASS: native landing start GUI press/release is consumed before input/action/resource/pose/clock/anchor changes
PASS: real landing uses native ordinary escape proof, independent of ammo
PASS: TEST landing escape side reaches actual paused whole-aggregate barrier: 
PASS: TEST landing escape side exposes actual paused GUI Resume
PASS: TEST landing escape side GUI press/release is consumed before input/action/resource/pose/clock/anchor changes
PASS: TEST solo primary approach reaches actual paused whole-aggregate barrier: 
PASS: TEST solo primary approach exposes actual paused GUI Resume
PASS: TEST solo primary approach GUI press/release is consumed before input/action/resource/pose/clock/anchor changes
PASS: solo reaches the actual living body on native clear floor with this kit
PASS: solo first tap uses current HUD-safe native camera direction/release anchor
PASS: solo one genuine immediate zero-ammo primary defeats its actual20HP body without blast or fake damage
PASS: TEST open fork/primary approach reaches actual paused whole-aggregate barrier: 
PASS: TEST open fork/primary approach exposes actual paused GUI Resume
PASS: TEST open fork/primary approach GUI press/release is consumed before input/action/resource/pose/clock/anchor changes
PASS: open reaches the actual living body on native clear floor with this kit
PASS: open first tap uses current HUD-safe native camera direction/release anchor
PASS: open one genuine immediate zero-ammo primary defeats its actual20HP body without blast or fake damage
PASS: TEST actual camp contact reaches actual paused whole-aggregate barrier: 
PASS: TEST actual camp contact exposes actual paused GUI Resume
PASS: TEST actual camp contact GUI press/release is consumed before input/action/resource/pose/clock/anchor changes
PASS: camp native checkpoint reaches actual paused whole-aggregate barrier: 
PASS: protected Retry is the actual earlier camp unit with two real defeats and dormant finale
PASS: TEST finale activation approach reaches actual paused whole-aggregate barrier: 
PASS: TEST finale activation approach exposes actual paused GUI Resume
PASS: TEST finale activation approach GUI press/release is consumed before input/action/resource/pose/clock/anchor changes
PASS: observable native challenge order starts finale-impact-b with coherent full union: 
PASS: actual first-prefix and unchanged living finale HP are admitted, rather than fabricated cursors or source damage
PASS: native scheduled host+circle union and current source/cue/landing framing are valid together
PASS: component keeps shared Player/capsule/gear/geometry intact and uses two real ordinary primaries, no blast or fabricated level clear
PASS: cursor-zero cannot manufacture or reorder the actual admitted prefix refuses purely/atomically before altering native unit/model/disk: Companion cursor must match the actual ordered accepted cycle prefix
PASS: cursor-two cannot manufacture or reorder the actual admitted prefix refuses purely/atomically before altering native unit/model/disk: Companion cursor must match the actual ordered accepted cycle prefix
PASS: foreign-host cannot manufacture or reorder the actual admitted prefix refuses purely/atomically before altering native unit/model/disk: Compound sequence must retain its current host and bounded cursor
PASS: wrong-present-recipe cannot manufacture or reorder the actual admitted prefix refuses purely/atomically before altering native unit/model/disk: Saved arrangement must match its own fresh encounter profile
PASS: actual deferred admission pause commits the exact full native prefix to checked format2
PASS: current preference changes atomically without retuning or rewriting an already saved native recipe
PASS: native first-prefix donor frees actual @Node3D@1006
PASS: native first-prefix donor frees actual CraterGardens
PASS: native first-prefix donor frees actual CinderPlayer
PASS: native first-prefix donor frees actual @Node3D@1008
PASS: native first-prefix donor frees actual Floor
PASS: native first-prefix donor frees actual WestEdge
PASS: native first-prefix donor frees actual EastEdge
PASS: native first-prefix donor frees actual NorthEdge
PASS: native first-prefix donor frees actual SouthEdge
PASS: native first-prefix donor frees actual ApproachRock
PASS: native first-prefix donor frees actual RockRouteOuterFlat
PASS: native first-prefix donor frees actual CraterThreatScheduler
PASS: native first-prefix donor frees actual SoloRushSelenite
PASS: native first-prefix donor frees actual ThreatCue
PASS: native first-prefix donor frees actual RockRushSelenite
PASS: native first-prefix donor frees actual ThreatCue
PASS: native first-prefix donor frees actual OpenRushSelenite
PASS: native first-prefix donor frees actual ThreatCue
PASS: native first-prefix donor frees actual FinaleRushSelenite
PASS: native first-prefix donor frees actual ThreatCue
PASS: native first-prefix donor frees actual ThreatCue
PASS: native first-prefix donor frees actual ThreatCue
PASS: native first-prefix donor frees actual ThreatCue
PASS: native first-prefix donor frees actual ThreatCue
PASS: native first-prefix donor frees actual ThreatCue
PASS: native first-prefix donor frees actual GrottoContactCue
PASS: native first-prefix donor frees actual CelestialCampSaveCue
PASS: production registry configures only isolated PID user paths
PASS: real production Title has no duplicate live world for actual admitted finale-impact-b despite opposite preference: 
PASS: production A1-L2 installation waits at its real paused Resume: 
PASS: reviewed Main owns one shared expedition Player/effects, four retained C30 and five HP-free stationary circles
PASS: retained actual C30 source/art binding: solo
PASS: retained actual C30 source/art binding: rock
PASS: retained actual C30 source/art binding: open
PASS: retained actual C30 source/art binding: finale
PASS: actual HP-free native circle/source/cue binding: landing-impact
PASS: actual HP-free native circle/source/cue binding: rock-impact
PASS: actual HP-free native circle/source/cue binding: open-impact
PASS: actual HP-free native circle/source/cue binding: finale-impact-a
PASS: actual HP-free native circle/source/cue binding: finale-impact-b
PASS: reviewed spawn, shared Scheduler and exact five-beat/four-checkpoint authored prefix remain intact
PASS: fresh actual GUI Continue restores exact actual admitted finale-impact-b despite opposite preference without gameplay callbacks: []
PASS: missing key cannot reinterpret a genuine B-first active Challenge prefix as historical A-first refuses purely/atomically before altering native unit/model/disk: Retained second finale impact requires its earlier first impact
PASS: actual host cancellation clears danger without source HP edits
PASS: genuine cancelled first-impact history survives the cleared live cursor
PASS: inactive retained B-first history still rejects an invented legacy A-first recipe refuses purely/atomically before altering native unit/model/disk: Retained second finale impact requires its earlier first impact
PASS: production A1-L2 installation waits at its real paused Resume: 
PASS: reviewed Main owns one shared expedition Player/effects, four retained C30 and five HP-free stationary circles
PASS: retained actual C30 source/art binding: solo
PASS: retained actual C30 source/art binding: rock
PASS: retained actual C30 source/art binding: open
PASS: retained actual C30 source/art binding: finale
PASS: actual HP-free native circle/source/cue binding: landing-impact
PASS: actual HP-free native circle/source/cue binding: rock-impact
PASS: actual HP-free native circle/source/cue binding: open-impact
PASS: actual HP-free native circle/source/cue binding: finale-impact-a
PASS: actual HP-free native circle/source/cue binding: finale-impact-b
PASS: reviewed spawn, shared Scheduler and exact five-beat/four-checkpoint authored prefix remain intact
PASS: actual GUI Retry restores exact genuine earlier camp checkpoint without gameplay callbacks: []
PASS: native finale-prefix GUI Retry frees actual @Node3D@1165
PASS: native finale-prefix GUI Retry frees actual CraterGardens
PASS: native finale-prefix GUI Retry frees actual CinderPlayer
PASS: native finale-prefix GUI Retry frees actual @Node3D@1167
PASS: native finale-prefix GUI Retry frees actual Floor
PASS: native finale-prefix GUI Retry frees actual WestEdge
PASS: native finale-prefix GUI Retry frees actual EastEdge
PASS: native finale-prefix GUI Retry frees actual NorthEdge
PASS: native finale-prefix GUI Retry frees actual SouthEdge
PASS: native finale-prefix GUI Retry frees actual ApproachRock
PASS: native finale-prefix GUI Retry frees actual RockRouteOuterFlat
PASS: native finale-prefix GUI Retry frees actual CraterThreatScheduler
PASS: native finale-prefix GUI Retry frees actual SoloRushSelenite
PASS: native finale-prefix GUI Retry frees actual ThreatCue
PASS: native finale-prefix GUI Retry frees actual RockRushSelenite
PASS: native finale-prefix GUI Retry frees actual ThreatCue
PASS: native finale-prefix GUI Retry frees actual OpenRushSelenite
PASS: native finale-prefix GUI Retry frees actual ThreatCue
PASS: native finale-prefix GUI Retry frees actual FinaleRushSelenite
PASS: native finale-prefix GUI Retry frees actual ThreatCue
PASS: native finale-prefix GUI Retry frees actual ThreatCue
PASS: native finale-prefix GUI Retry frees actual ThreatCue
PASS: native finale-prefix GUI Retry frees actual ThreatCue
PASS: native finale-prefix GUI Retry frees actual ThreatCue
PASS: native finale-prefix GUI Retry frees actual ThreatCue
PASS: native finale-prefix GUI Retry frees actual GrottoContactCue
PASS: native finale-prefix GUI Retry frees actual CelestialCampSaveCue
PASS: actual earlier Retry preserves original camp HP/ammo/gear/actions without refresh or replay
PASS: component case recipient cleanup frees actual @Node3D@1199
PASS: component case recipient cleanup frees actual CraterGardens
PASS: component case recipient cleanup frees actual CinderPlayer
PASS: component case recipient cleanup frees actual @Node3D@1201
PASS: component case recipient cleanup frees actual Floor
PASS: component case recipient cleanup frees actual WestEdge
PASS: component case recipient cleanup frees actual EastEdge
PASS: component case recipient cleanup frees actual NorthEdge
PASS: component case recipient cleanup frees actual SouthEdge
PASS: component case recipient cleanup frees actual ApproachRock
PASS: component case recipient cleanup frees actual RockRouteOuterFlat
PASS: component case recipient cleanup frees actual CraterThreatScheduler
PASS: component case recipient cleanup frees actual SoloRushSelenite
PASS: component case recipient cleanup frees actual ThreatCue
PASS: component case recipient cleanup frees actual RockRushSelenite
PASS: component case recipient cleanup frees actual ThreatCue
PASS: component case recipient cleanup frees actual OpenRushSelenite
PASS: component case recipient cleanup frees actual ThreatCue
PASS: component case recipient cleanup frees actual FinaleRushSelenite
PASS: component case recipient cleanup frees actual ThreatCue
PASS: component case recipient cleanup frees actual ThreatCue
PASS: component case recipient cleanup frees actual ThreatCue
PASS: component case recipient cleanup frees actual ThreatCue
PASS: component case recipient cleanup frees actual ThreatCue
PASS: component case recipient cleanup frees actual ThreatCue
PASS: component case recipient cleanup frees actual GrottoContactCue
PASS: component case recipient cleanup frees actual CelestialCampSaveCue
PASS: component cleanup leaves canonical registry and native groups unchanged
ACTUAL CHALLENGE COMPONENT RESULTS {"api_revision":"exact-json-1","schema_version":1,"value":["array",[["dictionary",[["active_legacy_scope",["string","actual Standard A-first only"]],["admissions",["array",[["dictionary",[["attack_position",["array",[["float64","000000a099990540"],["float64","000000600dd773bf"],["float64","0000000000003040"]]]],["landing",["array",[["float64","000000a099990540"],["float64","000000600dd773bf"],["float64","0000000000003040"]]]],["primary_time_s",["float64","dacef753e3a50440"]],["reservation_id",["string","threat-1"]],["response_complete_s",["float64","40355eba490c0740"]],["source_id",["string","landing-impact"]],["uses_blast",["boolean",false]],["uses_invulnerability",["boolean",false]]]],["dictionary",[["attack_position",["array",[["float64","00000080fbb90c40"],["float64","00000080b81e73bf"],["float64","000000403cbff13f"]]]],["landing",["array",[["float64","0000000000001640"],["float64","00000080b81e73bf"],["float64","000000809999e9bf"]]]],["primary_time_s",["float64","17d9cef753e30440"]],["reservation_id",["string","threat-2"]],["response_complete_s",["float64","7d3f355eba490740"]],["source_id",["string","open"]],["uses_blast",["boolean",false]],["uses_invulnerability",["boolean",false]]]],["dictionary",[["attack_position",["array",[["float64","00000080fbb90c40"],["float64","00000080b81e73bf"],["float64","000000403cbff13f"]]]],["landing",["array",[["float64","0000000000001640"],["float64","00000080b81e73bf"],["float64","000000809999e9bf"]]]],["primary_time_s",["float64","6d2e244da9380640"]],["reservation_id",["string","threat-3"]],["response_complete_s",["float64","d3948ab30f9f0840"]],["source_id",["string","open-impact"]],["uses_blast",["boolean",false]],["uses_invulnerability",["boolean",false]]]],["dictionary",[["attack_position",["array",[["float64","00000080544ee93f"],["float64","00000080b81e73bf"],["float64","0000002081d12ec0"]]]],["landing",["array",[["float64","000000a099990540"],["float64","00000080b81e73bf"],["float64","0000000000002bc0"]]]],["primary_time_s",["float64","39fbf01976050540"]],["reservation_id",["string","threat-4"]],["response_complete_s",["float64","9f615780dc6b0740"]],["source_id",["string","finale"]],["uses_blast",["boolean",false]],["uses_invulnerability",["boolean",false]]]],["dictionary",[["attack_position",["array",[["float64","00000080544ee93f"],["float64","00000080b81e73bf"],["float64","0000002081d12ec0"]]]],["landing",["array",[["float64","000000a099990540"],["float64","00000080b81e73bf"],["float64","0000000000002bc0"]]]],["primary_time_s",["float64","8f50466fcb5a0640"]],["reservation_id",["string","threat-5"]],["response_complete_s",["float64","f5b6acd531c10840"]],["source_id",["string","finale-impact-a"]],["uses_blast",["boolean",false]],["uses_invulnerability",["boolean",false]]]]]]],["finale_defeated",["boolean",false]],["first_native_companion",["string","finale-impact-a"]],["inactive_history_checked",["boolean",false]],["kit",["string","starter"]],["placements",["array",[["dictionary",[["from",["array",[["float64","0000000000000000"],["float64","000000600dd773bf"],["float64","0000000000003040"]]]],["label",["string","TEST landing escape side"]],["scope",["string","TEST floor approach; next real physics produces native samples"]],["to",["array",[["float64","000000a099990540"],["float64","00000040e17a743f"],["float64","0000000000003040"]]]]]],["dictionary",[["from",["array",[["float64","000000a099990540"],["float64","00000080b81e73bf"],["float64","0000000000003040"]]]],["label",["string","TEST solo primary approach"]],["scope",["string","TEST floor approach; next real physics produces native samples"]],["to",["array",[["float64","0000000000000000"],["float64","00000040e17a743f"],["float64","0000000000002240"]]]]]],["dictionary",[["from",["array",[["float64","0000000000000000"],["float64","00000080b81e73bf"],["float64","0000000000002240"]]]],["label",["string","TEST open fork/primary approach"]],["scope",["string","TEST floor approach; next real physics produces native samples"]],["to",["array",[["float64","0000006066660640"],["float64","00000040e17a743f"],["float64","000000809999e9bf"]]]]]],["dictionary",[["from",["array",[["float64","0000006066660640"],["float64","00000080b81e73bf"],["float64","000000809999e9bf"]]]],["label",["string","TEST actual camp contact"]],["scope",["string","TEST floor approach; next real physics produces native samples"]],["to",["array",[["float64","0000000000000000"],["float64","00000040e17a743f"],["float64","00000000000023c0"]]]]]],["dictionary",[["from",["array",[["float64","0000000000000000"],["float64","00000080b81e73bf"],["float64","00000000000023c0"]]]],["label",["string","TEST finale activation approach"]],["scope",["string","TEST floor approach; next real physics produces native samples"]],["to",["array",[["float64","0000000000000000"],["float64","00000040e17a743f"],["float64","0000000000002bc0"]]]]]]]]],["prefix_clock_s",["float64","111111111111c13f"]],["profile",["string","standard"]],["retry_checkpoint",["string","celestial-camp"]],["zero_ammo_primary_controls",["array",[["dictionary",[["clock_s",["float64","3b44444444440440"]],["hits",["integer","1"]],["hp_after",["float64","0000000000000000"]],["hp_before",["float64","0000000000003440"]],["input_sequence",["integer","1"]],["kind",["string","primary"]],["shells_after",["integer","0"]],["shells_before",["integer","0"]],["source_id",["string","solo"]]]],["dictionary",[["clock_s",["float64","c1cccccccccc0640"]],["hits",["integer","1"]],["hp_after",["float64","0000000000000000"]],["hp_before",["float64","0000000000003440"]],["input_sequence",["integer","2"]],["kind",["string","primary"]],["shells_after",["integer","0"]],["shells_before",["integer","0"]],["source_id",["string","open"]]]]]]]]],["dictionary",[["active_legacy_scope",["string","Challenge B-first stripped-key refusal"]],["admissions",["array",[["dictionary",[["attack_position",["array",[["float64","000000a099990540"],["float64","000000600dd773bf"],["float64","0000000000003040"]]]],["landing",["array",[["float64","000000a099990540"],["float64","000000600dd773bf"],["float64","0000000000003040"]]]],["primary_time_s",["float64","dacef753e3a50440"]],["reservation_id",["string","threat-1"]],["response_complete_s",["float64","40355eba490c0740"]],["source_id",["string","landing-impact"]],["uses_blast",["boolean",false]],["uses_invulnerability",["boolean",false]]]],["dictionary",[["attack_position",["array",[["float64","00000080fbb90c40"],["float64","00000080b81e73bf"],["float64","000000403cbff13f"]]]],["landing",["array",[["float64","0000000000001640"],["float64","00000080b81e73bf"],["float64","000000809999e9bf"]]]],["primary_time_s",["float64","17d9cef753e30440"]],["reservation_id",["string","threat-2"]],["response_complete_s",["float64","7d3f355eba490740"]],["source_id",["string","open"]],["uses_blast",["boolean",false]],["uses_invulnerability",["boolean",false]]]],["dictionary",[["attack_position",["array",[["float64","00000080fbb90c40"],["float64","00000080b81e73bf"],["float64","000000403cbff13f"]]]],["landing",["array",[["float64","0000000000001640"],["float64","00000080b81e73bf"],["float64","000000809999e9bf"]]]],["primary_time_s",["float64","6d2e244da9380640"]],["reservation_id",["string","threat-3"]],["response_complete_s",["float64","d3948ab30f9f0840"]],["source_id",["string","open-impact"]],["uses_blast",["boolean",false]],["uses_invulnerability",["boolean",false]]]],["dictionary",[["attack_position",["array",[["float64","00000080544ee93f"],["float64","00000080b81e73bf"],["float64","0000002081d12ec0"]]]],["landing",["array",[["float64","000000a099990540"],["float64","00000080b81e73bf"],["float64","0000000000002bc0"]]]],["primary_time_s",["float64","39fbf01976050540"]],["reservation_id",["string","threat-4"]],["response_complete_s",["float64","9f615780dc6b0740"]],["source_id",["string","finale"]],["uses_blast",["boolean",false]],["uses_invulnerability",["boolean",false]]]],["dictionary",[["attack_position",["array",[["float64","00000080544ee93f"],["float64","00000080b81e73bf"],["float64","0000002081d12ec0"]]]],["landing",["array",[["float64","000000a099990540"],["float64","00000080b81e73bf"],["float64","0000000000002bc0"]]]],["primary_time_s",["float64","8f50466fcb5a0640"]],["reservation_id",["string","threat-5"]],["response_complete_s",["float64","f5b6acd531c10840"]],["source_id",["string","finale-impact-b"]],["uses_blast",["boolean",false]],["uses_invulnerability",["boolean",false]]]]]]],["finale_defeated",["boolean",false]],["first_native_companion",["string","finale-impact-b"]],["inactive_history_checked",["boolean",true]],["kit",["string","starter"]],["placements",["array",[["dictionary",[["from",["array",[["float64","0000000000000000"],["float64","000000600dd773bf"],["float64","0000000000003040"]]]],["label",["string","TEST landing escape side"]],["scope",["string","TEST floor approach; next real physics produces native samples"]],["to",["array",[["float64","000000a099990540"],["float64","00000040e17a743f"],["float64","0000000000003040"]]]]]],["dictionary",[["from",["array",[["float64","000000a099990540"],["float64","00000080b81e73bf"],["float64","0000000000003040"]]]],["label",["string","TEST solo primary approach"]],["scope",["string","TEST floor approach; next real physics produces native samples"]],["to",["array",[["float64","0000000000000000"],["float64","00000040e17a743f"],["float64","0000000000002240"]]]]]],["dictionary",[["from",["array",[["float64","0000000000000000"],["float64","00000080b81e73bf"],["float64","0000000000002240"]]]],["label",["string","TEST open fork/primary approach"]],["scope",["string","TEST floor approach; next real physics produces native samples"]],["to",["array",[["float64","0000006066660640"],["float64","00000040e17a743f"],["float64","000000809999e9bf"]]]]]],["dictionary",[["from",["array",[["float64","0000006066660640"],["float64","00000080b81e73bf"],["float64","000000809999e9bf"]]]],["label",["string","TEST actual camp contact"]],["scope",["string","TEST floor approach; next real physics produces native samples"]],["to",["array",[["float64","0000000000000000"],["float64","00000040e17a743f"],["float64","00000000000023c0"]]]]]],["dictionary",[["from",["array",[["float64","0000000000000000"],["float64","00000080b81e73bf"],["float64","00000000000023c0"]]]],["label",["string","TEST finale activation approach"]],["scope",["string","TEST floor approach; next real physics produces native samples"]],["to",["array",[["float64","0000000000000000"],["float64","00000040e17a743f"],["float64","0000000000002bc0"]]]]]]]]],["prefix_clock_s",["float64","111111111111c13f"]],["profile",["string","challenge"]],["retry_checkpoint",["string","celestial-camp"]],["zero_ammo_primary_controls",["array",[["dictionary",[["clock_s",["float64","3b44444444440440"]],["hits",["integer","1"]],["hp_after",["float64","0000000000000000"]],["hp_before",["float64","0000000000003440"]],["input_sequence",["integer","1"]],["kind",["string","primary"]],["shells_after",["integer","0"]],["shells_before",["integer","0"]],["source_id",["string","solo"]]]],["dictionary",[["clock_s",["float64","c1cccccccccc0640"]],["hits",["integer","1"]],["hp_after",["float64","0000000000000000"]],["hp_before",["float64","0000000000003440"]],["input_sequence",["integer","2"]],["kind",["string","primary"]],["shells_after",["integer","0"]],["shells_before",["integer","0"]],["source_id",["string","open"]]]]]]]]],["dictionary",[["active_legacy_scope",["string","Challenge B-first stripped-key refusal"]],["admissions",["array",[["dictionary",[["attack_position",["array",[["float64","000000608fc20740"],["float64","000000600dd773bf"],["float64","0000000000003040"]]]],["landing",["array",[["float64","000000608fc20740"],["float64","000000600dd773bf"],["float64","0000000000003040"]]]],["primary_time_s",["float64","fcf0197605c80440"]],["reservation_id",["string","threat-1"]],["response_complete_s",["float64","2f244da938fb0740"]],["source_id",["string","landing-impact"]],["uses_blast",["boolean",false]],["uses_invulnerability",["boolean",false]]]],["dictionary",[["attack_position",["array",[["float64","000000c0f05b0d40"],["float64","00000080b81e73bf"],["float64","000000403dcdf43f"]]]],["landing",["array",[["float64","000000e07a141740"],["float64","00000080b81e73bf"],["float64","000000809999e9bf"]]]],["primary_time_s",["float64","6991ed7c3f350540"]],["reservation_id",["string","threat-2"]],["response_complete_s",["float64","9cc420b072680840"]],["source_id",["string","open"]],["uses_blast",["boolean",false]],["uses_invulnerability",["boolean",false]]]],["dictionary",[["attack_position",["array",[["float64","000000c0f05b0d40"],["float64","00000080b81e73bf"],["float64","000000403dcdf43f"]]]],["landing",["array",[["float64","000000e07a141740"],["float64","00000080b81e73bf"],["float64","000000809999e9bf"]]]],["primary_time_s",["float64","bfe642d2948a0640"]],["reservation_id",["string","threat-3"]],["response_complete_s",["float64","f2197605c8bd0940"]],["source_id",["string","open-impact"]],["uses_blast",["boolean",false]],["uses_invulnerability",["boolean",false]]]],["dictionary",[["attack_position",["array",[["float64","0000008029d6eb3f"],["float64","00000080b81e73bf"],["float64","0000004041332fc0"]]]],["landing",["array",[["float64","000000608fc20740"],["float64","00000080b81e73bf"],["float64","0000000000002bc0"]]]],["primary_time_s",["float64","8bb30f9f61570540"]],["reservation_id",["string","threat-4"]],["response_complete_s",["float64","bee642d2948a0840"]],["source_id",["string","finale"]],["uses_blast",["boolean",false]],["uses_invulnerability",["boolean",false]]]],["dictionary",[["attack_position",["array",[["float64","0000008029d6eb3f"],["float64","00000080b81e73bf"],["float64","0000004041332fc0"]]]],["landing",["array",[["float64","000000608fc20740"],["float64","00000080b81e73bf"],["float64","0000000000002bc0"]]]],["primary_time_s",["float64","e10865f4b6ac0640"]],["reservation_id",["string","threat-5"]],["response_complete_s",["float64","143c9827eadf0940"]],["source_id",["string","finale-impact-b"]],["uses_blast",["boolean",false]],["uses_invulnerability",["boolean",false]]]]]]],["finale_defeated",["boolean",false]],["first_native_companion",["string","finale-impact-b"]],["inactive_history_checked",["boolean",true]],["kit",["string","slow-long-short"]],["placements",["array",[["dictionary",[["from",["array",[["float64","0000000000000000"],["float64","000000600dd773bf"],["float64","0000000000003040"]]]],["label",["string","TEST landing escape side"]],["scope",["string","TEST floor approach; next real physics produces native samples"]],["to",["array",[["float64","000000608fc20740"],["float64","00000040e17a743f"],["float64","0000000000003040"]]]]]],["dictionary",[["from",["array",[["float64","000000608fc20740"],["float64","00000080b81e73bf"],["float64","0000000000003040"]]]],["label",["string","TEST solo primary approach"]],["scope",["string","TEST floor approach; next real physics produces native samples"]],["to",["array",[["float64","0000000000000000"],["float64","00000040e17a743f"],["float64","0000000000002240"]]]]]],["dictionary",[["from",["array",[["float64","0000000000000000"],["float64","00000080b81e73bf"],["float64","0000000000002240"]]]],["label",["string","TEST open fork/primary approach"]],["scope",["string","TEST floor approach; next real physics produces native samples"]],["to",["array",[["float64","0000006066660640"],["float64","00000040e17a743f"],["float64","000000809999e9bf"]]]]]],["dictionary",[["from",["array",[["float64","0000006066660640"],["float64","00000080b81e73bf"],["float64","000000809999e9bf"]]]],["label",["string","TEST actual camp contact"]],["scope",["string","TEST floor approach; next real physics produces native samples"]],["to",["array",[["float64","0000000000000000"],["float64","00000040e17a743f"],["float64","00000000000023c0"]]]]]],["dictionary",[["from",["array",[["float64","0000000000000000"],["float64","00000080b81e73bf"],["float64","00000000000023c0"]]]],["label",["string","TEST finale activation approach"]],["scope",["string","TEST floor approach; next real physics produces native samples"]],["to",["array",[["float64","0000000000000000"],["float64","00000040e17a743f"],["float64","0000000000002bc0"]]]]]]]]],["prefix_clock_s",["float64","111111111111c13f"]],["profile",["string","challenge"]],["retry_checkpoint",["string","celestial-camp"]],["zero_ammo_primary_controls",["array",[["dictionary",[["clock_s",["float64","5d66666666660440"]],["hits",["integer","1"]],["hp_after",["float64","0000000000000000"]],["hp_before",["float64","0000000000003440"]],["input_sequence",["integer","1"]],["kind",["string","primary"]],["shells_after",["integer","0"]],["shells_before",["integer","0"]],["source_id",["string","solo"]]]],["dictionary",[["clock_s",["float64","afbbbbbbbbbb0740"]],["hits",["integer","1"]],["hp_after",["float64","0000000000000000"]],["hp_before",["float64","0000000000003440"]],["input_sequence",["integer","2"]],["kind",["string","primary"]],["shells_after",["integer","0"]],["shells_before",["integer","0"]],["source_id",["string","open"]]]]]]]]]]]}
Act1 L2 Challenge native component: 636 checks, 0 failures; TEST Hero approaches/zeroammo; actual landing+2primaries+camp+first finale admission; no exit/full-route/finale-defeat/portrait/balance claim
