Godot Engine v4.7.2.stable.official.ed1daf0bf - https://godotengine.org

ERROR: FAIL: frame_loss pre100 presentation loss prevents the next real eligible contact HP/opportunity
   at: push_error (core/variant/variant_utility.cpp:1023)
   GDScript backtrace (most recent call first):
       [0] _expect (res://tests/acts/act2/a2_l3_entry_smoke.gd:155)
       [1] _eligible_contact_loss (res://tests/acts/act2/a2_l3_smoke_custody.gd:151)
       [2] _barrier (res://tests/acts/act2/a2_l3_smoke_custody.gd:67)
ERROR: FAIL: frame_loss priority99 guard cancels the original cycle without replacement
   at: push_error (core/variant/variant_utility.cpp:1023)
   GDScript backtrace (most recent call first):
       [0] _expect (res://tests/acts/act2/a2_l3_entry_smoke.gd:155)
       [1] _eligible_contact_loss (res://tests/acts/act2/a2_l3_smoke_custody.gd:152)
       [2] _barrier (res://tests/acts/act2/a2_l3_smoke_custody.gd:67)
ERROR: FAIL: frame_loss cancellation leaves no regranted witness or danger lease
   at: push_error (core/variant/variant_utility.cpp:1023)
   GDScript backtrace (most recent call first):
       [0] _expect (res://tests/acts/act2/a2_l3_entry_smoke.gd:155)
       [1] _eligible_contact_loss (res://tests/acts/act2/a2_l3_smoke_custody.gd:153)
       [2] _barrier (res://tests/acts/act2/a2_l3_smoke_custody.gd:67)
ERROR: FAIL: actual resized native view really fails the parent source/footprint/landing projection
   at: push_error (core/variant/variant_utility.cpp:1023)
   GDScript backtrace (most recent call first):
       [0] _expect (res://tests/acts/act2/a2_l3_entry_smoke.gd:155)
       [1] _eligible_contact_loss (res://tests/acts/act2/a2_l3_smoke_custody.gd:155)
       [2] _barrier (res://tests/acts/act2/a2_l3_smoke_custody.gd:67)
ERROR: FAIL: frame_loss original canceled bank is a valid pure paused capture
   at: push_error (core/variant/variant_utility.cpp:1023)
   GDScript backtrace (most recent call first):
       [0] _expect (res://tests/acts/act2/a2_l3_entry_smoke.gd:155)
       [1] _capture_cancelled (res://tests/acts/act2/a2_l3_smoke_custody.gd:206)
       [2] _eligible_contact_loss (res://tests/acts/act2/a2_l3_smoke_custody.gd:157)
       [3] _barrier (res://tests/acts/act2/a2_l3_smoke_custody.gd:67)
ERROR: FAIL: frame_loss whole actual canceled checkpoint is coherent and grants no replacement view
   at: push_error (core/variant/variant_utility.cpp:1023)
   GDScript backtrace (most recent call first):
       [0] _expect (res://tests/acts/act2/a2_l3_entry_smoke.gd:155)
       [1] _capture_cancelled (res://tests/acts/act2/a2_l3_smoke_custody.gd:221)
       [2] _eligible_contact_loss (res://tests/acts/act2/a2_l3_smoke_custody.gd:157)
       [3] _barrier (res://tests/acts/act2/a2_l3_smoke_custody.gd:67)
A2-L3 actual smoke custody: 123 checks, 6 failures; real road-bank contact, poststart held pause, pre100 exposure loss and real recovery primary; no full route/pruning-callback claim
