Godot Engine v4.7.2.stable.official.ed1daf0bf - https://godotengine.org

ERROR: Condition "ret != noErr" is true. Returning: ""
   at: get_system_ca_certificates (platform/macos/os_macos.mm:1035)
PASS: capture arms at real paused shared-player boundary
PASS: actual immutable four-Box floor ring has a supported capture signature
PASS: capture ingests actual contiguous dash
PASS: capture ingests actual contiguous primary
PASS: capture ingests actual contiguous blast
PASS: completed native dash and real primary seal exactly one immutable slot
PASS: sealed Sequence derives its unchanged original event order/deadlines: 
PASS: original capture and present admission use exactly the same real scenery
PASS: actual Playback configures exact sealed Sequence
PASS: real Scheduler starts the shared Standard profile
ERROR: FAIL: actual complete-union full-cone witness admits the native ring/wall world: No supported timed route clears every replay dispatch window and reaches the tether with ordinary-primary recovery
   at: push_error (core/variant/variant_utility.cpp:1023)
   GDScript backtrace (most recent call first):
       [0] _expect (res://tests/projected_replay_smoke.gd:758)
       [1] _install (res://tests/projected_replay_smoke.gd:464)
       [2] _projected_phases (res://tests/projected_replay_smoke.gd:91)
       [3] _record (res://tests/projected_replay_smoke.gd:451)
PASS: capture arms at real paused shared-player boundary
PASS: actual immutable four-Box floor ring has a supported capture signature
PASS: capture ingests actual contiguous dash
PASS: capture ingests actual contiguous primary
PASS: completed native dash and real primary seal exactly one immutable slot
PASS: sealed Sequence derives its unchanged original event order/deadlines: 
PASS: original capture and present admission use exactly the same real scenery
PASS: actual Playback configures exact sealed Sequence
PASS: real Scheduler starts the shared Standard profile
PASS: actual complete-union full-cone witness admits the native ring/wall world: 
PASS: empty or altered later-event projection rejects before any native owner/cue publication
PASS: rejected projected binding consumes no parent capture or actor state and leaves no partial cue binding
PASS: empty or altered later-event projection rejects before any native owner/cue publication
PASS: rejected projected binding consumes no parent capture or actor state and leaves no partial cue binding
PASS: fixture parent retires its one original current sealed slot once before bind
PASS: actual consumer binds exactly its admitted player/lease: 
PASS: actual lock freshly reproves original full-cone complete union: 
PASS: consumer observes exact real immutable lock deadlines
PASS: open preserves original instantaneous geometry/native LOS and adds only authenticated floor membership: 
PASS: open live HP records exactly the original accepted or missed primary opportunity
PASS: open replay changes neither current ammo nor actual player publication history
PASS: open equal-clock advance never repeats an original notification
PASS: capture arms at real paused shared-player boundary
PASS: actual immutable four-Box floor ring has a supported capture signature
PASS: capture ingests actual contiguous dash
PASS: capture ingests actual contiguous primary
PASS: completed native dash and real primary seal exactly one immutable slot
PASS: sealed Sequence derives its unchanged original event order/deadlines: 
PASS: original capture and present admission use exactly the same real scenery
PASS: actual Playback configures exact sealed Sequence
PASS: real Scheduler starts the shared Standard profile
PASS: actual complete-union full-cone witness admits the native ring/wall world: 
PASS: fixture parent retires its one original current sealed slot once before bind
PASS: actual consumer binds exactly its admitted player/lease: 
PASS: actual lock freshly reproves original full-cone complete union: 
PASS: consumer observes exact real immutable lock deadlines
PASS: disk preserves original instantaneous geometry/native LOS and adds only authenticated floor membership: 
PASS: disk live HP records exactly the original accepted or missed primary opportunity
PASS: disk replay changes neither current ammo nor actual player publication history
PASS: disk equal-clock advance never repeats an original notification
PASS: capture arms at real paused shared-player boundary
PASS: actual immutable four-Box floor ring has a supported capture signature
PASS: capture ingests actual contiguous dash
PASS: capture ingests actual contiguous primary
PASS: completed native dash and real primary seal exactly one immutable slot
PASS: sealed Sequence derives its unchanged original event order/deadlines: 
PASS: original capture and present admission use exactly the same real scenery
PASS: actual Playback configures exact sealed Sequence
PASS: real Scheduler starts the shared Standard profile
PASS: actual complete-union full-cone witness admits the native ring/wall world: 
PASS: fixture parent retires its one original current sealed slot once before bind
PASS: actual consumer binds exactly its admitted player/lease: 
PASS: actual lock freshly reproves original full-cone complete union: 
PASS: consumer observes exact real immutable lock deadlines
PASS: cone preserves original instantaneous geometry/native LOS and adds only authenticated floor membership: 
PASS: cone live HP records exactly the original accepted or missed primary opportunity
PASS: cone replay changes neither current ammo nor actual player publication history
PASS: cone equal-clock advance never repeats an original notification
PASS: capture arms at real paused shared-player boundary
PASS: actual immutable four-Box floor ring has a supported capture signature
PASS: capture ingests actual contiguous dash
PASS: capture ingests actual contiguous primary
PASS: completed native dash and real primary seal exactly one immutable slot
PASS: sealed Sequence derives its unchanged original event order/deadlines: 
PASS: original capture and present admission use exactly the same real scenery
PASS: actual Playback configures exact sealed Sequence
PASS: real Scheduler starts the shared Standard profile
PASS: actual complete-union full-cone witness admits the native ring/wall world: 
PASS: fixture parent retires its one original current sealed slot once before bind
PASS: actual consumer binds exactly its admitted player/lease: 
PASS: actual lock freshly reproves original full-cone complete union: 
PASS: consumer observes exact real immutable lock deadlines
PASS: range preserves original instantaneous geometry/native LOS and adds only authenticated floor membership: 
PASS: range live HP records exactly the original accepted or missed primary opportunity
PASS: range replay changes neither current ammo nor actual player publication history
PASS: range equal-clock advance never repeats an original notification
PASS: capture arms at real paused shared-player boundary
PASS: actual immutable four-Box floor ring has a supported capture signature
PASS: capture ingests actual contiguous dash
PASS: capture ingests actual contiguous primary
PASS: completed native dash and real primary seal exactly one immutable slot
PASS: sealed Sequence derives its unchanged original event order/deadlines: 
PASS: original capture and present admission use exactly the same real scenery
PASS: actual Playback configures exact sealed Sequence
PASS: real Scheduler starts the shared Standard profile
PASS: actual complete-union full-cone witness admits the native ring/wall world: 
PASS: fixture parent retires its one original current sealed slot once before bind
PASS: actual consumer binds exactly its admitted player/lease: 
PASS: actual lock freshly reproves original full-cone complete union: 
PASS: consumer observes exact real immutable lock deadlines
PASS: vertical preserves original instantaneous geometry/native LOS and adds only authenticated floor membership: 
PASS: vertical live HP records exactly the original accepted or missed primary opportunity
PASS: vertical replay changes neither current ammo nor actual player publication history
PASS: vertical equal-clock advance never repeats an original notification
PASS: capture arms at real paused shared-player boundary
PASS: actual immutable four-Box floor ring has a supported capture signature
PASS: capture ingests actual contiguous dash
PASS: capture ingests actual contiguous primary
PASS: completed native dash and real primary seal exactly one immutable slot
PASS: sealed Sequence derives its unchanged original event order/deadlines: 
PASS: original capture and present admission use exactly the same real scenery
PASS: actual Playback configures exact sealed Sequence
PASS: real Scheduler starts the shared Standard profile
PASS: actual complete-union full-cone witness admits the native ring/wall world: 
PASS: fixture parent retires its one original current sealed slot once before bind
PASS: actual consumer binds exactly its admitted player/lease: 
PASS: actual lock freshly reproves original full-cone complete union: 
PASS: consumer observes exact real immutable lock deadlines
PASS: shadow control lies inside unchanged recorded range/cone/height
PASS: shadow control observes actual scenery LOS separately from floor membership
PASS: shadow preserves original instantaneous geometry/native LOS and adds only authenticated floor membership: 
PASS: shadow live HP records exactly the original accepted or missed primary opportunity
PASS: shadow replay changes neither current ammo nor actual player publication history
PASS: shadow equal-clock advance never repeats an original notification
PASS: capture arms at real paused shared-player boundary
PASS: actual immutable four-Box floor ring has a supported capture signature
PASS: capture ingests actual contiguous dash
PASS: capture ingests actual contiguous primary
PASS: completed native dash and real primary seal exactly one immutable slot
PASS: sealed Sequence derives its unchanged original event order/deadlines: 
PASS: original capture and present admission use exactly the same real scenery
PASS: actual Playback configures exact sealed Sequence
PASS: real Scheduler starts the shared Standard profile
PASS: actual complete-union full-cone witness admits the native ring/wall world: 
PASS: fixture parent retires its one original current sealed slot once before bind
PASS: actual consumer binds exactly its admitted player/lease: 
PASS: actual lock freshly reproves original full-cone complete union: 
PASS: consumer observes exact real immutable lock deadlines
PASS: hole control lies inside unchanged recorded range/cone/height
PASS: hole control observes actual scenery LOS separately from floor membership
PASS: hole preserves original instantaneous geometry/native LOS and adds only authenticated floor membership: 
PASS: hole live HP records exactly the original accepted or missed primary opportunity
PASS: hole replay changes neither current ammo nor actual player publication history
PASS: hole equal-clock advance never repeats an original notification
PASS: capture arms at real paused shared-player boundary
PASS: actual immutable four-Box floor ring has a supported capture signature
PASS: capture ingests actual contiguous dash
PASS: capture ingests actual contiguous primary
PASS: capture ingests actual contiguous blast
PASS: completed native dash and real primary seal exactly one immutable slot
PASS: sealed Sequence derives its unchanged original event order/deadlines: 
PASS: original capture and present admission use exactly the same real scenery
PASS: actual Playback configures exact sealed Sequence
PASS: real Scheduler starts the shared Standard profile
ERROR: FAIL: actual complete-union full-cone witness admits the native ring/wall world: No supported timed route clears every replay dispatch window and reaches the tether with ordinary-primary recovery
   at: push_error (core/variant/variant_utility.cpp:1023)
   GDScript backtrace (most recent call first):
       [0] _expect (res://tests/projected_replay_smoke.gd:758)
       [1] _install (res://tests/projected_replay_smoke.gd:464)
       [2] _contacts (res://tests/projected_replay_smoke.gd:142)
       [3] _record (res://tests/projected_replay_smoke.gd:451)
PASS: capture arms at real paused shared-player boundary
PASS: actual immutable four-Box floor ring has a supported capture signature
PASS: capture ingests actual contiguous dash
PASS: capture ingests actual contiguous primary
PASS: completed native dash and real primary seal exactly one immutable slot
PASS: sealed Sequence derives its unchanged original event order/deadlines: 
PASS: original capture and present admission use exactly the same real scenery
PASS: actual Playback configures exact sealed Sequence
PASS: real Scheduler starts the shared Standard profile
PASS: actual complete-union full-cone witness admits the native ring/wall world: 
PASS: fixture parent retires its one original current sealed slot once before bind
PASS: actual consumer binds exactly its admitted player/lease: 
PASS: actual lock freshly reproves original full-cone complete union: 
PASS: consumer observes exact real immutable lock deadlines
PASS: actual gravity over the physical hole produces a below-floor native contact inside original cone/height/LOS
PASS: fall preserves original instantaneous geometry/native LOS and adds only authenticated floor membership: 
PASS: fall live HP records exactly the original accepted or missed primary opportunity
ERROR: FAIL: fall replay changes neither current ammo nor actual player publication history
   at: push_error (core/variant/variant_utility.cpp:1023)
   GDScript backtrace (most recent call first):
       [0] _expect (res://tests/projected_replay_smoke.gd:758)
       [1] _contacts (res://tests/projected_replay_smoke.gd:184)
       [2] _until (res://tests/projected_replay_smoke.gd:735)
       [3] _ticks (res://tests/projected_replay_smoke.gd:743)
PASS: fall equal-clock advance never repeats an original notification
PASS: capture arms at real paused shared-player boundary
PASS: actual immutable four-Box floor ring has a supported capture signature
PASS: capture ingests actual contiguous dash
PASS: capture ingests actual contiguous primary
PASS: capture ingests actual contiguous blast
PASS: completed native dash and real primary seal exactly one immutable slot
PASS: sealed Sequence derives its unchanged original event order/deadlines: 
PASS: original capture and present admission use exactly the same real scenery
PASS: actual Playback configures exact sealed Sequence
PASS: real Scheduler starts the shared Standard profile
ERROR: FAIL: actual complete-union full-cone witness admits the native ring/wall world: No supported timed route clears every replay dispatch window and reaches the tether with ordinary-primary recovery
   at: push_error (core/variant/variant_utility.cpp:1023)
   GDScript backtrace (most recent call first):
       [0] _expect (res://tests/projected_replay_smoke.gd:758)
       [1] _install (res://tests/projected_replay_smoke.gd:464)
       [2] _held_phases (res://tests/projected_replay_smoke.gd:280)
       [3] _record (res://tests/projected_replay_smoke.gd:451)
PASS: capture arms at real paused shared-player boundary
PASS: actual immutable four-Box floor ring has a supported capture signature
PASS: capture ingests actual contiguous dash
PASS: capture ingests actual contiguous primary
PASS: capture ingests actual contiguous blast
PASS: completed native dash and real primary seal exactly one immutable slot
PASS: sealed Sequence derives its unchanged original event order/deadlines: 
PASS: original capture and present admission use exactly the same real scenery
PASS: actual Playback configures exact sealed Sequence
PASS: real Scheduler starts the shared Standard profile
ERROR: FAIL: actual complete-union full-cone witness admits the native ring/wall world: No supported timed route clears every replay dispatch window and reaches the tether with ordinary-primary recovery
   at: push_error (core/variant/variant_utility.cpp:1023)
   GDScript backtrace (most recent call first):
       [0] _expect (res://tests/projected_replay_smoke.gd:758)
       [1] _install (res://tests/projected_replay_smoke.gd:464)
       [2] _held_phases (res://tests/projected_replay_smoke.gd:280)
       [3] _record (res://tests/projected_replay_smoke.gd:451)
PASS: capture arms at real paused shared-player boundary
PASS: actual immutable four-Box floor ring has a supported capture signature
PASS: capture ingests actual contiguous dash
PASS: capture ingests actual contiguous primary
PASS: capture ingests actual contiguous blast
PASS: completed native dash and real primary seal exactly one immutable slot
PASS: sealed Sequence derives its unchanged original event order/deadlines: 
PASS: original capture and present admission use exactly the same real scenery
PASS: actual Playback configures exact sealed Sequence
PASS: real Scheduler starts the shared Standard profile
ERROR: FAIL: actual complete-union full-cone witness admits the native ring/wall world: No supported timed route clears every replay dispatch window and reaches the tether with ordinary-primary recovery
   at: push_error (core/variant/variant_utility.cpp:1023)
   GDScript backtrace (most recent call first):
       [0] _expect (res://tests/projected_replay_smoke.gd:758)
       [1] _install (res://tests/projected_replay_smoke.gd:464)
       [2] _held_restore (res://tests/projected_replay_smoke.gd:193)
       [3] _record (res://tests/projected_replay_smoke.gd:451)
PASS: capture arms at real paused shared-player boundary
PASS: actual immutable four-Box floor ring has a supported capture signature
PASS: capture ingests actual contiguous dash
PASS: capture ingests actual contiguous primary
PASS: capture ingests actual contiguous blast
PASS: completed native dash and real primary seal exactly one immutable slot
PASS: sealed Sequence derives its unchanged original event order/deadlines: 
PASS: original capture and present admission use exactly the same real scenery
PASS: actual Playback configures exact sealed Sequence
PASS: real Scheduler starts the shared Standard profile
ERROR: FAIL: actual complete-union full-cone witness admits the native ring/wall world: No supported timed route clears every replay dispatch window and reaches the tether with ordinary-primary recovery
   at: push_error (core/variant/variant_utility.cpp:1023)
   GDScript backtrace (most recent call first):
       [0] _expect (res://tests/projected_replay_smoke.gd:758)
       [1] _install (res://tests/projected_replay_smoke.gd:464)
       [2] _forgeries (res://tests/projected_replay_smoke.gd:311)
       [3] _record (res://tests/projected_replay_smoke.gd:451)
PASS: capture arms at real paused shared-player boundary
PASS: actual immutable four-Box floor ring has a supported capture signature
PASS: capture ingests actual contiguous dash
PASS: capture ingests actual contiguous primary
PASS: completed native dash and real primary seal exactly one immutable slot
PASS: sealed Sequence derives its unchanged original event order/deadlines: 
PASS: original capture and present admission use exactly the same real scenery
PASS: actual Playback configures exact sealed Sequence
PASS: real Scheduler starts the shared Standard profile
PASS: actual complete-union full-cone witness admits the native ring/wall world: 
PASS: fixture parent retires its one original current sealed slot once before bind
PASS: actual consumer binds exactly its admitted player/lease: 
PASS: paused aggregate captures actual actor/scheduler/projected playback: 
PASS: exact native tagged transport preserves the whole finite projected aggregate without decimal clock tolerance
PASS: lost lost native projected renderer cannot heal itself through paused capture or restore
PASS: lost native binding failure visibly cancels before any original attack opportunity
PASS: capture arms at real paused shared-player boundary
PASS: actual immutable four-Box floor ring has a supported capture signature
PASS: capture ingests actual contiguous dash
PASS: capture ingests actual contiguous primary
PASS: completed native dash and real primary seal exactly one immutable slot
PASS: sealed Sequence derives its unchanged original event order/deadlines: 
PASS: original capture and present admission use exactly the same real scenery
PASS: actual Playback configures exact sealed Sequence
PASS: real Scheduler starts the shared Standard profile
PASS: actual complete-union full-cone witness admits the native ring/wall world: 
PASS: fixture parent retires its one original current sealed slot once before bind
PASS: actual consumer binds exactly its admitted player/lease: 
PASS: paused aggregate captures actual actor/scheduler/projected playback: 
PASS: exact native tagged transport preserves the whole finite projected aggregate without decimal clock tolerance
PASS: hidden lost native projected renderer cannot heal itself through paused capture or restore
PASS: hidden native binding failure visibly cancels before any original attack opportunity
PASS: capture arms at real paused shared-player boundary
PASS: actual immutable four-Box floor ring has a supported capture signature
PASS: capture ingests actual contiguous dash
PASS: capture ingests actual contiguous primary
PASS: completed native dash and real primary seal exactly one immutable slot
PASS: sealed Sequence derives its unchanged original event order/deadlines: 
PASS: original capture and present admission use exactly the same real scenery
PASS: actual Playback configures exact sealed Sequence
PASS: real Scheduler starts the shared Standard profile
PASS: actual complete-union full-cone witness admits the native ring/wall world: 
PASS: fixture parent retires its one original current sealed slot once before bind
PASS: actual consumer binds exactly its admitted player/lease: 
PASS: paused aggregate captures actual actor/scheduler/projected playback: 
PASS: exact native tagged transport preserves the whole finite projected aggregate without decimal clock tolerance
PASS: replacement lost native projected renderer cannot heal itself through paused capture or restore
PASS: replacement native binding failure visibly cancels before any original attack opportunity
PASS: capture arms at real paused shared-player boundary
PASS: actual immutable four-Box floor ring has a supported capture signature
PASS: capture ingests actual contiguous dash
PASS: capture ingests actual contiguous primary
PASS: completed native dash and real primary seal exactly one immutable slot
PASS: sealed Sequence derives its unchanged original event order/deadlines: 
PASS: original capture and present admission use exactly the same real scenery
PASS: actual Playback configures exact sealed Sequence
PASS: real Scheduler starts the shared Standard profile
PASS: actual complete-union full-cone witness admits the native ring/wall world: 
PASS: fixture parent retires its one original current sealed slot once before bind
PASS: actual consumer binds exactly its admitted player/lease: 
PASS: paused aggregate captures actual actor/scheduler/projected playback: 
PASS: exact native tagged transport preserves the whole finite projected aggregate without decimal clock tolerance
PASS: surface lost native projected renderer cannot heal itself through paused capture or restore
PASS: surface native binding failure visibly cancels before any original attack opportunity
PASS: capture arms at real paused shared-player boundary
PASS: actual immutable four-Box floor ring has a supported capture signature
PASS: capture ingests actual contiguous dash
PASS: capture ingests actual contiguous primary
PASS: completed native dash and real primary seal exactly one immutable slot
PASS: sealed Sequence derives its unchanged original event order/deadlines: 
PASS: original capture and present admission use exactly the same real scenery
PASS: actual Playback configures exact sealed Sequence
PASS: real Scheduler starts the shared Standard profile
PASS: actual complete-union full-cone witness admits the native ring/wall world: 
PASS: fixture parent retires its one original current sealed slot once before bind
PASS: actual consumer binds exactly its admitted player/lease: 
PASS: paused aggregate captures actual actor/scheduler/projected playback: 
PASS: exact native tagged transport preserves the whole finite projected aggregate without decimal clock tolerance
PASS: transform lost native projected renderer cannot heal itself through paused capture or restore
PASS: transform native binding failure visibly cancels before any original attack opportunity
PASS: capture arms at real paused shared-player boundary
PASS: actual immutable four-Box floor ring has a supported capture signature
PASS: capture ingests actual contiguous dash
PASS: capture ingests actual contiguous primary
PASS: completed native dash and real primary seal exactly one immutable slot
PASS: sealed Sequence derives its unchanged original event order/deadlines: 
PASS: original capture and present admission use exactly the same real scenery
PASS: actual Playback configures exact sealed Sequence
PASS: real Scheduler starts the shared Standard profile
PASS: actual complete-union full-cone witness admits the native ring/wall world: 
PASS: fixture parent retires its one original current sealed slot once before bind
PASS: actual consumer binds exactly its admitted player/lease: 
PASS: paused aggregate captures actual actor/scheduler/projected playback: 
PASS: exact native tagged transport preserves the whole finite projected aggregate without decimal clock tolerance
PASS: source lost native projected renderer cannot heal itself through paused capture or restore
PASS: source native binding failure visibly cancels before any original attack opportunity
Projected replay smoke: 315 checks, 7 failures
