Godot Engine v4.7.2.stable.official.ed1daf0bf - https://godotengine.org

ERROR: Condition "ret != noErr" is true. Returning: ""
   at: get_system_ca_certificates (platform/macos/os_macos.mm:1035)
PASS: circle outline samples the supplied radius in its anchor plane
PASS: circle spans its complete logical diameter
PASS: cardinal/continuous lane includes both round endcaps beyond from/to
PASS: lane width follows its radius around the exact committed direction
PASS: both endcaps and sides lie on the authoritative swept capsule boundary
PASS: each complete lane builds active fill and warning outline
PASS: cardinal/continuous lane includes both round endcaps beyond from/to
PASS: lane width follows its radius around the exact committed direction
PASS: both endcaps and sides lie on the authoritative swept capsule boundary
PASS: each complete lane builds active fill and warning outline
PASS: cardinal/continuous lane includes both round endcaps beyond from/to
PASS: lane width follows its radius around the exact committed direction
PASS: both endcaps and sides lie on the authoritative swept capsule boundary
PASS: each complete lane builds active fill and warning outline
PASS: zero-length lane retains its full circular footprint
PASS: cone preserves supplied origin disk radius and full forward reach
PASS: cone arc and rear disk use the geometry's exact angular/radius parameters
PASS: active cone does not lose its longest radial reach
PASS: cone preserves supplied origin disk radius and full forward reach
PASS: cone arc and rear disk use the geometry's exact angular/radius parameters
PASS: active cone does not lose its longest radial reach
PASS: cone preserves supplied origin disk radius and full forward reach
PASS: cone arc and rear disk use the geometry's exact angular/radius parameters
PASS: active cone does not lose its longest radial reach
PASS: supported half-plane cone renders without degenerate-angle failure
PASS: unready threat presentation rejects without state mutation
PASS: nonenemy act arm accepts the same required warning grammar
PASS: threat signal has required classification without a cosmetic suppression switch
PASS: world-space geometry stays undistorted under translated/rotated/scaled act parents
PASS: state retains only authoritative parameters and ignores arbitrary caller metadata
PASS: getter, signal and caller dictionaries cannot mutate committed cue state
PASS: warning shows its complete outline and source without active fill
PASS: required floor cues retain depth occlusion, nearest filtering and no decorative shadows
PASS: external lock immediately commits a distinct state once
PASS: lock preserves the same footprint while changing source shape independently of color
PASS: repeated unchanged lock does not republish or advance a phase
PASS: committed lock cannot silently retarget or replace its authoritative footprint
PASS: external active phase releases visible complete danger fill immediately
PASS: active shape differs from lock without changing committed danger outline
PASS: pause leaves required cue state exactly aligned with its external owner
PASS: cue has no autonomous timer to expire active danger
PASS: actual scenery does not remove authoritative footprint geometry via decorative LOS clipping
PASS: recovery removes danger footprint/fill while retaining a distinct source opening/settling marker
PASS: authored art receives recovery through the public state callback
PASS: moving-source recovery keeps the committed lane's original world anchor
PASS: explicit actual landing moves only the source marker and never retargets lane geometry
PASS: invalid geometry rejects atomically before visible state/mesh changes
PASS: invalid geometry rejects atomically before visible state/mesh changes
PASS: invalid geometry rejects atomically before visible state/mesh changes
PASS: invalid geometry rejects atomically before visible state/mesh changes
PASS: invalid geometry rejects atomically before visible state/mesh changes
PASS: invalid geometry rejects atomically before visible state/mesh changes
PASS: nonfinite source override rejects without losing valid committed geometry
PASS: unknown phase cannot silently substitute a warning or active state
PASS: nested callbacks cannot replace committed presentation mid-notification
PASS: cancel visibly removes all required warning parts and informs act artwork
PASS: idempotent clear releases geometry without a duplicate state notification
PASS: separate cue instances keep independent state/materials
PASS: presentation adds no attack/damage API or independent pause policy
PASS: unready interaction presentation rejects atomically
PASS: available attack marker is a required local cue through the supported default trigger
PASS: public interaction state/callback copies cannot change internal state
PASS: unchanged interaction state does not duplicate art notifications
PASS: attack activation changes local marker geometry as well as value
PASS: spent attack leaves a restrained broken marker instead of an available target cue
PASS: contact supports every shared interaction state
PASS: contact remains a broad open approach shape distinct from the attackable-part diamond
PASS: contact supports every shared interaction state
PASS: contact remains a broad open approach shape distinct from the attackable-part diamond
PASS: contact supports every shared interaction state
PASS: contact remains a broad open approach shape distinct from the attackable-part diamond
PASS: paused interaction remains in the authoritative externally supplied state
PASS: interaction has no local pulse/expiry clock that changes logical availability
PASS: invalid state/trigger rejects before replacing the current marker
PASS: invalid state/trigger rejects before replacing the current marker
PASS: invalid state/trigger rejects before replacing the current marker
PASS: invalid state/trigger rejects before replacing the current marker
PASS: interaction callback cannot reenter an unfinished state publication
PASS: required interaction art is pixel-filtered, occluded normally and adds no damage/reward mechanism
PASS: interaction cancellation removes the cue and updates authored art
PASS: interaction clear is idempotent and releases its mesh
PASS: interaction instances do not share mutable visual state
Shared cue smoke: 82 checks, 0 failures
