Godot Engine v4.7.2.stable.official.ed1daf0bf - https://godotengine.org

SCRIPT ERROR: Parse Error: The member "Projection" cannot have the same name as a builtin type.
   at: GDScript::reload (res://scripts/combat/replay_playback.gd:19)
SCRIPT ERROR: Parse Error: Cannot find member "current_world_error" in base "Projection".
   at: GDScript::reload (res://scripts/combat/replay_playback.gd:302)
SCRIPT ERROR: Parse Error: Function "current_world_error()" not found in base Projection.
   at: GDScript::reload (res://scripts/combat/replay_playback.gd:302)
SCRIPT ERROR: Parse Error: Cannot find member "projection_error" in base "Projection".
   at: GDScript::reload (res://scripts/combat/replay_playback.gd:395)
SCRIPT ERROR: Parse Error: Function "projection_error()" not found in base Projection.
   at: GDScript::reload (res://scripts/combat/replay_playback.gd:395)
SCRIPT ERROR: Parse Error: Cannot find member "floor_contains" in base "Projection".
   at: GDScript::reload (res://scripts/combat/replay_playback.gd:715)
SCRIPT ERROR: Parse Error: Function "floor_contains()" not found in base Projection.
   at: GDScript::reload (res://scripts/combat/replay_playback.gd:715)
SCRIPT ERROR: Compile Error: Failed to compile depended scripts.
   at: GDScript::reload (res://tests/projected_replay_smoke.gd:0)
ERROR: Failed to load script "res://tests/projected_replay_smoke.gd" with error "Compilation failed".
   at: load (modules/gdscript/gdscript_resource_format.cpp:46)
ERROR: Condition "ret != noErr" is true. Returning: ""
   at: get_system_ca_certificates (platform/macos/os_macos.mm:1035)
PASS: capture arms at real paused shared-player boundary
PASS: actual immutable four-Box floor ring has a supported capture signature
PASS: capture ingests actual contiguous dash
PASS: capture ingests actual contiguous primary
PASS: capture ingests actual contiguous blast
PASS: completed native dash and real primary seal exactly one immutable slot
PASS: sealed Sequence derives its unchanged original event order/deadlines: 
PASS: original capture and present admission use exactly the same real scenery
SCRIPT ERROR: Invalid call. Nonexistent function 'new' in base 'GDScript'.
   at: _install (res://tests/projected_replay_smoke.gd:455)
   GDScript backtrace (most recent call first):
       [0] _install (res://tests/projected_replay_smoke.gd:455)
       [1] _projected_phases (res://tests/projected_replay_smoke.gd:91)
       [2] _record (res://tests/projected_replay_smoke.gd:451)
PASS: capture arms at real paused shared-player boundary
PASS: actual immutable four-Box floor ring has a supported capture signature
PASS: capture ingests actual contiguous dash
PASS: capture ingests actual contiguous primary
PASS: completed native dash and real primary seal exactly one immutable slot
PASS: sealed Sequence derives its unchanged original event order/deadlines: 
PASS: original capture and present admission use exactly the same real scenery
SCRIPT ERROR: Invalid call. Nonexistent function 'new' in base 'GDScript'.
   at: _install (res://tests/projected_replay_smoke.gd:455)
   GDScript backtrace (most recent call first):
       [0] _install (res://tests/projected_replay_smoke.gd:455)
       [1] _contacts (res://tests/projected_replay_smoke.gd:142)
       [2] _record (res://tests/projected_replay_smoke.gd:451)
PASS: capture arms at real paused shared-player boundary
PASS: actual immutable four-Box floor ring has a supported capture signature
PASS: capture ingests actual contiguous dash
PASS: capture ingests actual contiguous primary
PASS: completed native dash and real primary seal exactly one immutable slot
PASS: sealed Sequence derives its unchanged original event order/deadlines: 
PASS: original capture and present admission use exactly the same real scenery
SCRIPT ERROR: Invalid call. Nonexistent function 'new' in base 'GDScript'.
   at: _install (res://tests/projected_replay_smoke.gd:455)
   GDScript backtrace (most recent call first):
       [0] _install (res://tests/projected_replay_smoke.gd:455)
       [1] _contacts (res://tests/projected_replay_smoke.gd:142)
       [2] _record (res://tests/projected_replay_smoke.gd:451)
PASS: capture arms at real paused shared-player boundary
PASS: actual immutable four-Box floor ring has a supported capture signature
PASS: capture ingests actual contiguous dash
PASS: capture ingests actual contiguous primary
PASS: completed native dash and real primary seal exactly one immutable slot
PASS: sealed Sequence derives its unchanged original event order/deadlines: 
PASS: original capture and present admission use exactly the same real scenery
SCRIPT ERROR: Invalid call. Nonexistent function 'new' in base 'GDScript'.
   at: _install (res://tests/projected_replay_smoke.gd:455)
   GDScript backtrace (most recent call first):
       [0] _install (res://tests/projected_replay_smoke.gd:455)
       [1] _contacts (res://tests/projected_replay_smoke.gd:142)
       [2] _record (res://tests/projected_replay_smoke.gd:451)
PASS: capture arms at real paused shared-player boundary
PASS: actual immutable four-Box floor ring has a supported capture signature
PASS: capture ingests actual contiguous dash
PASS: capture ingests actual contiguous primary
PASS: completed native dash and real primary seal exactly one immutable slot
PASS: sealed Sequence derives its unchanged original event order/deadlines: 
PASS: original capture and present admission use exactly the same real scenery
SCRIPT ERROR: Invalid call. Nonexistent function 'new' in base 'GDScript'.
   at: _install (res://tests/projected_replay_smoke.gd:455)
   GDScript backtrace (most recent call first):
       [0] _install (res://tests/projected_replay_smoke.gd:455)
       [1] _contacts (res://tests/projected_replay_smoke.gd:142)
       [2] _record (res://tests/projected_replay_smoke.gd:451)
PASS: capture arms at real paused shared-player boundary
PASS: actual immutable four-Box floor ring has a supported capture signature
PASS: capture ingests actual contiguous dash
PASS: capture ingests actual contiguous primary
PASS: completed native dash and real primary seal exactly one immutable slot
PASS: sealed Sequence derives its unchanged original event order/deadlines: 
PASS: original capture and present admission use exactly the same real scenery
SCRIPT ERROR: Invalid call. Nonexistent function 'new' in base 'GDScript'.
   at: _install (res://tests/projected_replay_smoke.gd:455)
   GDScript backtrace (most recent call first):
       [0] _install (res://tests/projected_replay_smoke.gd:455)
       [1] _contacts (res://tests/projected_replay_smoke.gd:142)
       [2] _record (res://tests/projected_replay_smoke.gd:451)
PASS: capture arms at real paused shared-player boundary
PASS: actual immutable four-Box floor ring has a supported capture signature
PASS: capture ingests actual contiguous dash
PASS: capture ingests actual contiguous primary
PASS: completed native dash and real primary seal exactly one immutable slot
PASS: sealed Sequence derives its unchanged original event order/deadlines: 
PASS: original capture and present admission use exactly the same real scenery
SCRIPT ERROR: Invalid call. Nonexistent function 'new' in base 'GDScript'.
   at: _install (res://tests/projected_replay_smoke.gd:455)
   GDScript backtrace (most recent call first):
       [0] _install (res://tests/projected_replay_smoke.gd:455)
       [1] _contacts (res://tests/projected_replay_smoke.gd:142)
       [2] _record (res://tests/projected_replay_smoke.gd:451)
PASS: capture arms at real paused shared-player boundary
PASS: actual immutable four-Box floor ring has a supported capture signature
PASS: capture ingests actual contiguous dash
PASS: capture ingests actual contiguous primary
PASS: completed native dash and real primary seal exactly one immutable slot
PASS: sealed Sequence derives its unchanged original event order/deadlines: 
PASS: original capture and present admission use exactly the same real scenery
SCRIPT ERROR: Invalid call. Nonexistent function 'new' in base 'GDScript'.
   at: _install (res://tests/projected_replay_smoke.gd:455)
   GDScript backtrace (most recent call first):
       [0] _install (res://tests/projected_replay_smoke.gd:455)
       [1] _contacts (res://tests/projected_replay_smoke.gd:142)
       [2] _record (res://tests/projected_replay_smoke.gd:451)
PASS: capture arms at real paused shared-player boundary
PASS: actual immutable four-Box floor ring has a supported capture signature
PASS: capture ingests actual contiguous dash
PASS: capture ingests actual contiguous primary
PASS: capture ingests actual contiguous blast
PASS: completed native dash and real primary seal exactly one immutable slot
PASS: sealed Sequence derives its unchanged original event order/deadlines: 
PASS: original capture and present admission use exactly the same real scenery
SCRIPT ERROR: Invalid call. Nonexistent function 'new' in base 'GDScript'.
   at: _install (res://tests/projected_replay_smoke.gd:455)
   GDScript backtrace (most recent call first):
       [0] _install (res://tests/projected_replay_smoke.gd:455)
       [1] _contacts (res://tests/projected_replay_smoke.gd:142)
       [2] _record (res://tests/projected_replay_smoke.gd:451)
PASS: capture arms at real paused shared-player boundary
PASS: actual immutable four-Box floor ring has a supported capture signature
PASS: capture ingests actual contiguous dash
PASS: capture ingests actual contiguous primary
PASS: completed native dash and real primary seal exactly one immutable slot
PASS: sealed Sequence derives its unchanged original event order/deadlines: 
PASS: original capture and present admission use exactly the same real scenery
SCRIPT ERROR: Invalid call. Nonexistent function 'new' in base 'GDScript'.
   at: _install (res://tests/projected_replay_smoke.gd:455)
   GDScript backtrace (most recent call first):
       [0] _install (res://tests/projected_replay_smoke.gd:455)
       [1] _contacts (res://tests/projected_replay_smoke.gd:142)
       [2] _record (res://tests/projected_replay_smoke.gd:451)
PASS: capture arms at real paused shared-player boundary
PASS: actual immutable four-Box floor ring has a supported capture signature
PASS: capture ingests actual contiguous dash
PASS: capture ingests actual contiguous primary
PASS: capture ingests actual contiguous blast
PASS: completed native dash and real primary seal exactly one immutable slot
PASS: sealed Sequence derives its unchanged original event order/deadlines: 
PASS: original capture and present admission use exactly the same real scenery
SCRIPT ERROR: Invalid call. Nonexistent function 'new' in base 'GDScript'.
   at: _install (res://tests/projected_replay_smoke.gd:455)
   GDScript backtrace (most recent call first):
       [0] _install (res://tests/projected_replay_smoke.gd:455)
       [1] _held_phases (res://tests/projected_replay_smoke.gd:280)
       [2] _record (res://tests/projected_replay_smoke.gd:451)
PASS: capture arms at real paused shared-player boundary
PASS: actual immutable four-Box floor ring has a supported capture signature
PASS: capture ingests actual contiguous dash
PASS: capture ingests actual contiguous primary
PASS: capture ingests actual contiguous blast
PASS: completed native dash and real primary seal exactly one immutable slot
PASS: sealed Sequence derives its unchanged original event order/deadlines: 
PASS: original capture and present admission use exactly the same real scenery
SCRIPT ERROR: Invalid call. Nonexistent function 'new' in base 'GDScript'.
   at: _install (res://tests/projected_replay_smoke.gd:455)
   GDScript backtrace (most recent call first):
       [0] _install (res://tests/projected_replay_smoke.gd:455)
       [1] _held_phases (res://tests/projected_replay_smoke.gd:280)
       [2] _record (res://tests/projected_replay_smoke.gd:451)
PASS: capture arms at real paused shared-player boundary
PASS: actual immutable four-Box floor ring has a supported capture signature
PASS: capture ingests actual contiguous dash
PASS: capture ingests actual contiguous primary
PASS: capture ingests actual contiguous blast
PASS: completed native dash and real primary seal exactly one immutable slot
PASS: sealed Sequence derives its unchanged original event order/deadlines: 
PASS: original capture and present admission use exactly the same real scenery
SCRIPT ERROR: Invalid call. Nonexistent function 'new' in base 'GDScript'.
   at: _install (res://tests/projected_replay_smoke.gd:455)
   GDScript backtrace (most recent call first):
       [0] _install (res://tests/projected_replay_smoke.gd:455)
       [1] _held_restore (res://tests/projected_replay_smoke.gd:193)
       [2] _record (res://tests/projected_replay_smoke.gd:451)
PASS: capture arms at real paused shared-player boundary
PASS: actual immutable four-Box floor ring has a supported capture signature
PASS: capture ingests actual contiguous dash
PASS: capture ingests actual contiguous primary
PASS: capture ingests actual contiguous blast
PASS: completed native dash and real primary seal exactly one immutable slot
PASS: sealed Sequence derives its unchanged original event order/deadlines: 
PASS: original capture and present admission use exactly the same real scenery
SCRIPT ERROR: Invalid call. Nonexistent function 'new' in base 'GDScript'.
   at: _install (res://tests/projected_replay_smoke.gd:455)
   GDScript backtrace (most recent call first):
       [0] _install (res://tests/projected_replay_smoke.gd:455)
       [1] _forgeries (res://tests/projected_replay_smoke.gd:311)
       [2] _record (res://tests/projected_replay_smoke.gd:451)
PASS: capture arms at real paused shared-player boundary
PASS: actual immutable four-Box floor ring has a supported capture signature
PASS: capture ingests actual contiguous dash
PASS: capture ingests actual contiguous primary
PASS: completed native dash and real primary seal exactly one immutable slot
PASS: sealed Sequence derives its unchanged original event order/deadlines: 
PASS: original capture and present admission use exactly the same real scenery
SCRIPT ERROR: Invalid call. Nonexistent function 'new' in base 'GDScript'.
   at: _install (res://tests/projected_replay_smoke.gd:455)
   GDScript backtrace (most recent call first):
       [0] _install (res://tests/projected_replay_smoke.gd:455)
       [1] _lost_meshes (res://tests/projected_replay_smoke.gd:365)
       [2] _record (res://tests/projected_replay_smoke.gd:451)
PASS: capture arms at real paused shared-player boundary
PASS: actual immutable four-Box floor ring has a supported capture signature
PASS: capture ingests actual contiguous dash
PASS: capture ingests actual contiguous primary
PASS: completed native dash and real primary seal exactly one immutable slot
PASS: sealed Sequence derives its unchanged original event order/deadlines: 
PASS: original capture and present admission use exactly the same real scenery
SCRIPT ERROR: Invalid call. Nonexistent function 'new' in base 'GDScript'.
   at: _install (res://tests/projected_replay_smoke.gd:455)
   GDScript backtrace (most recent call first):
       [0] _install (res://tests/projected_replay_smoke.gd:455)
       [1] _lost_meshes (res://tests/projected_replay_smoke.gd:365)
       [2] _record (res://tests/projected_replay_smoke.gd:451)
PASS: capture arms at real paused shared-player boundary
PASS: actual immutable four-Box floor ring has a supported capture signature
PASS: capture ingests actual contiguous dash
PASS: capture ingests actual contiguous primary
PASS: completed native dash and real primary seal exactly one immutable slot
PASS: sealed Sequence derives its unchanged original event order/deadlines: 
PASS: original capture and present admission use exactly the same real scenery
SCRIPT ERROR: Invalid call. Nonexistent function 'new' in base 'GDScript'.
   at: _install (res://tests/projected_replay_smoke.gd:455)
   GDScript backtrace (most recent call first):
       [0] _install (res://tests/projected_replay_smoke.gd:455)
       [1] _lost_meshes (res://tests/projected_replay_smoke.gd:365)
       [2] _record (res://tests/projected_replay_smoke.gd:451)
PASS: capture arms at real paused shared-player boundary
PASS: actual immutable four-Box floor ring has a supported capture signature
PASS: capture ingests actual contiguous dash
PASS: capture ingests actual contiguous primary
PASS: completed native dash and real primary seal exactly one immutable slot
PASS: sealed Sequence derives its unchanged original event order/deadlines: 
PASS: original capture and present admission use exactly the same real scenery
SCRIPT ERROR: Invalid call. Nonexistent function 'new' in base 'GDScript'.
   at: _install (res://tests/projected_replay_smoke.gd:455)
   GDScript backtrace (most recent call first):
       [0] _install (res://tests/projected_replay_smoke.gd:455)
       [1] _lost_meshes (res://tests/projected_replay_smoke.gd:365)
       [2] _record (res://tests/projected_replay_smoke.gd:451)
PASS: capture arms at real paused shared-player boundary
PASS: actual immutable four-Box floor ring has a supported capture signature
PASS: capture ingests actual contiguous dash
PASS: capture ingests actual contiguous primary
PASS: completed native dash and real primary seal exactly one immutable slot
PASS: sealed Sequence derives its unchanged original event order/deadlines: 
PASS: original capture and present admission use exactly the same real scenery
SCRIPT ERROR: Invalid call. Nonexistent function 'new' in base 'GDScript'.
   at: _install (res://tests/projected_replay_smoke.gd:455)
   GDScript backtrace (most recent call first):
       [0] _install (res://tests/projected_replay_smoke.gd:455)
       [1] _lost_meshes (res://tests/projected_replay_smoke.gd:365)
       [2] _record (res://tests/projected_replay_smoke.gd:451)
PASS: capture arms at real paused shared-player boundary
PASS: actual immutable four-Box floor ring has a supported capture signature
PASS: capture ingests actual contiguous dash
PASS: capture ingests actual contiguous primary
PASS: completed native dash and real primary seal exactly one immutable slot
PASS: sealed Sequence derives its unchanged original event order/deadlines: 
PASS: original capture and present admission use exactly the same real scenery
SCRIPT ERROR: Invalid call. Nonexistent function 'new' in base 'GDScript'.
   at: _install (res://tests/projected_replay_smoke.gd:455)
   GDScript backtrace (most recent call first):
       [0] _install (res://tests/projected_replay_smoke.gd:455)
       [1] _lost_meshes (res://tests/projected_replay_smoke.gd:365)
       [2] _record (res://tests/projected_replay_smoke.gd:451)
Projected replay smoke: 146 checks, 0 failures
