Godot Engine v4.7.2.stable.official.ed1daf0bf - https://godotengine.org

ERROR: Condition "ret != noErr" is true. Returning: ""
   at: get_system_ca_certificates (platform/macos/os_macos.mm:1035)
PASS: capture arms at real paused shared-player boundary
PASS: actual immutable four-Box floor ring has a supported capture signature
PASS: capture ingests actual contiguous dash
PASS: capture ingests actual contiguous primary
PASS: completed native dash and real primary seal exactly one immutable slot
PASS: sealed Sequence derives its unchanged original event order/deadlines: 
PASS: original capture and present admission use exactly the same real scenery
PASS: actual Playback configures exact sealed Sequence
PASS: real Scheduler starts the shared Standard profile
PASS: actual complete-union full-cone witness admits the native ring/wall world: 
PASS: fixture parent retires its one original current sealed slot once before bind
PASS: actual consumer binds exactly its admitted player/lease: 
PASS: original actual bound owner presents visible warning outline and retains its future active fill
ORIGINAL native warning: hole_fill=true shadow_fill=true blocked_visible_outline_vertices=66
ERROR: FAIL: required recorded warning/future-active native fill must exclude the actual physical floor hole
   at: push_error (core/variant/variant_utility.cpp:1023)
   GDScript backtrace (most recent call first):
       [0] _expect (res://tests/projected_replay_smoke.gd:258)
       [1] _original_warning (res://tests/projected_replay_smoke.gd:46)
       [2] _record (res://tests/projected_replay_smoke.gd:125)
ERROR: FAIL: required recorded warning/future-active native fill must exclude the wall's full native LOS shadow
   at: push_error (core/variant/variant_utility.cpp:1023)
   GDScript backtrace (most recent call first):
       [0] _expect (res://tests/projected_replay_smoke.gd:258)
       [1] _original_warning (res://tests/projected_replay_smoke.gd:47)
       [2] _record (res://tests/projected_replay_smoke.gd:125)
ERROR: FAIL: visible warning outline must not extend into scenery-blocked floor
   at: push_error (core/variant/variant_utility.cpp:1023)
   GDScript backtrace (most recent call first):
       [0] _expect (res://tests/projected_replay_smoke.gd:258)
       [1] _original_warning (res://tests/projected_replay_smoke.gd:48)
       [2] _record (res://tests/projected_replay_smoke.gd:125)
PASS: same actual recorded sequence/world has a supported clipped projection: 
PASS: actual lock freshly reproves original full-cone complete union: 
PASS: consumer observes exact real immutable lock deadlines
ERROR: FAIL: actual original active callback still exposes the missing physical-hole clipping
   at: push_error (core/variant/variant_utility.cpp:1023)
   GDScript backtrace (most recent call first):
       [0] _expect (res://tests/projected_replay_smoke.gd:258)
       [1] <anonymous lambda> (res://tests/projected_replay_smoke.gd:56)
       [2] _notify (res://scripts/cues/threat_cue.gd:99)
       [3] present (res://scripts/cues/threat_cue.gd:68)
       [4] _present_event (res://scripts/combat/replay_playback.gd:877)
       [5] _drain_pending (res://scripts/combat/replay_playback.gd:225)
       [6] advance (res://scripts/combat/replay_playback.gd:200)
       [7] _original_warning (res://tests/projected_replay_smoke.gd:62)
       [8] _until (res://tests/projected_replay_smoke.gd:235)
       [9] _ticks (res://tests/projected_replay_smoke.gd:243)
ERROR: FAIL: actual original active callback still exposes the missing native wall-shadow clipping
   at: push_error (core/variant/variant_utility.cpp:1023)
   GDScript backtrace (most recent call first):
       [0] _expect (res://tests/projected_replay_smoke.gd:258)
       [1] <anonymous lambda> (res://tests/projected_replay_smoke.gd:57)
       [2] _notify (res://scripts/cues/threat_cue.gd:99)
       [3] present (res://scripts/cues/threat_cue.gd:68)
       [4] _present_event (res://scripts/combat/replay_playback.gd:877)
       [5] _drain_pending (res://scripts/combat/replay_playback.gd:225)
       [6] advance (res://scripts/combat/replay_playback.gd:200)
       [7] _original_warning (res://tests/projected_replay_smoke.gd:62)
       [8] _until (res://tests/projected_replay_smoke.gd:235)
       [9] _ticks (res://tests/projected_replay_smoke.gd:243)
PASS: original regression reaches the actual active event callback once without fabricated actions or missing-API assertions
Projected replay smoke: 22 checks, 5 failures
