Godot Engine v4.7.2.stable.official.ed1daf0bf - https://godotengine.org

ERROR: Condition "ret != noErr" is true. Returning: ""
   at: get_system_ca_certificates (platform/macos/os_macos.mm:1035)
PASS: capture arms at actual paused stable Player boundary
PASS: actual supported floor bindings have a finite capture signature
PASS: capture ingests actual contiguous dash
PASS: capture ingests actual contiguous primary
PASS: capture ingests actual contiguous blast
PASS: actual completed capture contains exactly sealed requested slots
PASS: actual capture completes against the same originally held immutable world
PASS: immutable Sequence derives its original event timetable: 
PASS: actual completed dash, primary and separately aimed blast project: 
PASS: successful pure world/projection queries retain both Scheduler diagnostics
PASS: planning changes no native actor pose/velocity/HP/ammo/clock, capture retirement, reservation or callback
PASS: original primary/blast event order and IDs remain separate
PASS: all original raw records/geometry/origins/aims remain unchanged
PASS: primary retains its actual right-facing range
PASS: independently left-aimed blast is not rotated into primary aim
PASS: original supplied origin disk survives behind the cone source
PASS: finite closed encoded outer contours and domain helper accept the original source
PASS: floor membership rejects below-floor targets while allowing airborne X/Z membership; original event height/LOS remain separate
PASS: exact tagged JSON validates by deterministic whole projection recomputation
PASS: finite forged mesh vertex rejects against exact recomputation
PASS: reordered event projection rejects without renumbering or rewriting records
PASS: one tagged float64 bit of capture fingerprint forgery rejects without weak equality
PASS: one native float32 bit of actual immutable world fingerprint invalidates the current projection
PASS: restoring the exact original world restores the pure current guard
PASS: authored safe-floor change rejects even when native collision fingerprint is unchanged
PASS: same synchronous native world produces identical projection regardless of pause flag without advancing simulation
PASS: wrong actual capture generation cannot authenticate sealed Sequence
PASS: capture arms at actual paused stable Player boundary
PASS: actual supported floor bindings have a finite capture signature
PASS: capture ingests actual contiguous dash
PASS: capture ingests actual contiguous primary
PASS: actual completed capture contains exactly sealed requested slots
PASS: actual capture completes against the same originally held immutable world
PASS: immutable Sequence derives its original event timetable: 
PASS: actual native hole floor topology projects: 
PASS: hole boundary contours are finite and explicitly closed
PASS: actual four-Box floor ring retains an inner hole contour
PASS: actual floor hole has neither warning fill nor floor membership
PASS: no triangle crosses or fills any part of the actual floor hole
PASS: valid floor beyond the hole remains as its own reachable projection region
PASS: hole preserves a supported source-side fill interior away from the declared subpixel decomposition seams
PASS: capture arms at actual paused stable Player boundary
PASS: actual supported floor bindings have a finite capture signature
PASS: capture ingests actual contiguous dash
PASS: capture ingests actual contiguous primary
PASS: actual completed capture contains exactly sealed requested slots
PASS: actual capture completes against the same originally held immutable world
PASS: immutable Sequence derives its original event timetable: 
PASS: actual native disconnected floor topology projects: 
PASS: disconnected boundary contours are finite and explicitly closed
PASS: disconnected floor pieces retain separate outer contours
PASS: no triangle bridges the physical unsupported gap
PASS: disconnected preserves a supported source-side fill interior away from the declared subpixel decomposition seams
PASS: capture arms at actual paused stable Player boundary
PASS: actual supported floor bindings have a finite capture signature
PASS: capture ingests actual contiguous dash
PASS: capture ingests actual contiguous primary
PASS: actual completed capture contains exactly sealed requested slots
PASS: actual capture completes against the same originally held immutable world
PASS: immutable Sequence derives its original event timetable: 
PASS: actual native overlap floor topology projects: 
PASS: overlap boundary contours are finite and explicitly closed
PASS: overlapping floor boxes form one outline without internal overlap seams
PASS: overlapping support does not double-fill or double-count area
PASS: overlap preserves a supported source-side fill interior away from the declared subpixel decomposition seams
PASS: capture arms at actual paused stable Player boundary
PASS: actual supported floor bindings have a finite capture signature
PASS: capture ingests actual contiguous dash
PASS: capture ingests actual contiguous primary
PASS: actual completed capture contains exactly sealed requested slots
PASS: actual capture completes against the same originally held immutable world
PASS: immutable Sequence derives its original event timetable: 
PASS: actual full-height axis-aligned native Box clips its complete LOS shadow: 
PASS: far floor behind the wall is shadowed, not merely the wall's Box footprint
PASS: open off-shadow floor remains visible and filled
PASS: analytic tangent corner separates actual blocked and open rays
PASS: floor in front of the blocker remains in the warning
PASS: every actual native-converted wall-clipped triangle vertex retains clear native LOS; inset never expands fill into the blocked shadow
PASS: wall-clipped fill exposes only closed true boundary contours
PASS: capture arms at actual paused stable Player boundary
PASS: actual supported floor bindings have a finite capture signature
PASS: capture ingests actual contiguous dash
PASS: capture ingests actual contiguous primary
PASS: actual completed capture contains exactly sealed requested slots
PASS: actual capture completes against the same originally held immutable world
PASS: immutable Sequence derives its original event timetable: 
PASS: short Box wholly outside the supported LOS band does not cast a fake shadow
PASS: capture arms at actual paused stable Player boundary
PASS: actual supported floor bindings have a finite capture signature
PASS: capture ingests actual contiguous dash
PASS: capture ingests actual contiguous primary
PASS: actual completed capture contains exactly sealed requested slots
PASS: actual capture completes against the same originally held immutable world
PASS: immutable Sequence derives its original event timetable: 
PASS: overhead Box wholly outside the supported LOS band does not cast a fake shadow
PASS: capture arms at actual paused stable Player boundary
PASS: actual supported floor bindings have a finite capture signature
PASS: capture ingests actual contiguous dash
PASS: capture ingests actual contiguous primary
PASS: actual completed capture contains exactly sealed requested slots
PASS: actual capture completes against the same originally held immutable world
PASS: immutable Sequence derives its original event timetable: 
PASS: partial-height blocker rejects rather than projecting a horizontal proxy for sloping native LOS
PASS: capture arms at actual paused stable Player boundary
PASS: actual supported floor bindings have a finite capture signature
PASS: capture ingests actual contiguous dash
PASS: capture ingests actual contiguous primary
PASS: actual completed capture contains exactly sealed requested slots
PASS: actual capture completes against the same originally held immutable world
PASS: immutable Sequence derives its original event timetable: 
PASS: excessive actual floor bindings reject before arrangement expansion
PASS: unsupported pure fingerprint leaves both previous diagnostics unchanged
PASS: moving static floor fails closed
PASS: actually rotated floor fails closed
PASS: unsupported actual floor shape fails closed
PASS: added real native blocker rejects old capture and current projection
PASS: rotated blocker is not approximated by an axis-aligned decorative Box
PASS: moving blocker is rejected without changing it or pruning the scheduler
PASS: source inside/on a blocker rejects instead of inventing hit_from_inside semantics
PASS: unsupported native Capsule blocker fails closed
PASS: generic caller cannot impersonate the real shared Scheduler fingerprint authority
PASS: nonfinite malformed sealed record rejects specifically at Sequence validation before mesh expansion
PASS: capture arms at actual paused stable Player boundary
PASS: actual supported floor bindings have a finite capture signature
PASS: capture ingests actual contiguous dash
PASS: capture ingests actual contiguous primary
PASS: capture ingests actual contiguous blast
PASS: capture ingests actual contiguous dash
PASS: capture ingests actual contiguous primary
PASS: capture ingests actual contiguous blast
PASS: actual completed capture contains exactly sealed requested slots
PASS: actual capture completes against the same originally held immutable world
PASS: immutable Sequence derives its original event timetable: 
PASS: two actual sealed slots project all four independently ordered original attacks: 
PASS: bounded FIFO record IDs survive projection without regrouping equal times
PASS: actual grounded paused bench permits clothing changes
PASS: fixture equips actual legal item CLOTH-J0
PASS: fixture equips actual legal item CLOTH-P2
PASS: fixture equips actual legal item CLOTH-S2
PASS: fixture equips actual legal item WEAPON-03
PASS: capture arms at actual paused stable Player boundary
PASS: actual supported floor bindings have a finite capture signature
PASS: capture ingests actual contiguous dash
PASS: capture ingests actual contiguous primary
PASS: capture ingests actual contiguous blast
PASS: actual completed capture contains exactly sealed requested slots
PASS: actual capture completes against the same originally held immutable world
PASS: immutable Sequence derives its original event timetable: 
PASS: actual legal range/cone kit projects finite original curves: ["CLOTH-J0", "CLOTH-P2", "CLOTH-S2", "WEAPON-03"] 
PASS: actual grounded paused bench permits clothing changes
PASS: fixture equips actual legal item CLOTH-J0
PASS: fixture equips actual legal item CLOTH-P1
PASS: fixture equips actual legal item CLOTH-S0
PASS: fixture equips actual legal item WEAPON-04
PASS: capture arms at actual paused stable Player boundary
PASS: actual supported floor bindings have a finite capture signature
PASS: capture ingests actual contiguous dash
PASS: capture ingests actual contiguous primary
PASS: capture ingests actual contiguous blast
PASS: actual completed capture contains exactly sealed requested slots
PASS: actual capture completes against the same originally held immutable world
PASS: immutable Sequence derives its original event timetable: 
PASS: actual legal range/cone kit projects finite original curves: ["CLOTH-J0", "CLOTH-P1", "CLOTH-S0", "WEAPON-04"] 
PASS: actual gear-only minimum/maximum reaches 1.8/2.3 retain the canonical primary cone; blast supplies its distinct narrower cone
Replay footprint smoke: 164 checks, 0 failures
