Godot Engine v4.7.2.stable.official.ed1daf0bf - https://godotengine.org

PASS: live public model retains thirteen IDs and108 implemented static combinations
ACTUAL CARRIED KIT: --weak-damage IDs={ "jacket": "CLOTH-J1", "pants": "CLOTH-P0", "shoes": "CLOTH-S1", "weapon": "WEAPON-02" } stats={ "primary_damage": 16.0, "followup_damage": 33.6, "primary_range": 1.9, "followup_range": 2.945, "primary_cooldown": 0.27272727272727, "followup_cooldown": 0.40909090909091, "primary_cone_min_dot": 0.05, "followup_cone_min_dot": 0.5, "primary_cadence_estimate": 0.3, "dash_speed": 16.5, "dash_distance": 2.7, "dash_duration": 0.16363636363636, "dash_cooldown": 0.34, "dash_invulnerability": 0.12, "hurt_invulnerability": 0.8, "max_health": 100.0, "armour": 1.2, "damage_reduction": 0.16666666666667, "effective_health": 120.0, "shell_capacity": 2, "shell_reload": 1.15, "primary_hit_reload_credit": 0.45, "gear_multipliers": { "damage": 0.8, "attack_speed": 1.1, "attack_range": 0.95, "dash_speed": 1.1, "dash_distance": 1.0, "max_health": 1.0, "armour": 1.2 }, "total_multipliers": { "damage": 0.8, "attack_speed": 1.1, "attack_range": 0.95, "dash_speed": 1.1, "dash_distance": 1.0, "max_health": 1.0, "armour": 1.2 }, "raw_gear_multipliers": { "damage": 0.8, "attack_speed": 1.1, "attack_range": 0.95, "dash_speed": 1.1, "dash_distance": 1.0, "max_health": 1.0, "armour": 1.2 }, "capped_stats": [], "weapon_id": "WEAPON-02", "weapon_name": "Quick Edge" }
PASS: public paused lab carryover enters the actual nine-source forest before physics
PASS: exact native entry pair forest-threshold-entry binds its real spatial crossing
FOLLOW ACTUAL TYPED PROOF: source=l2-threshold-stalker reservation=threat-1 start=2.84999999999999 held=1
ACTUAL PRIMARY: source=l2-threshold-stalker hits=1 damage=16.0 targetHP=36.0→20.0
FOLLOW ACTUAL TYPED PROOF: source=l2-threshold-stalker reservation=threat-2 start=7.91666666666664 held=1
ACTUAL PRIMARY: source=l2-threshold-stalker hits=1 damage=16.0 targetHP=20.0→4.0
FOLLOW ACTUAL TYPED PROOF: source=l2-threshold-stalker reservation=threat-3 start=12.9666666666669 held=1
ACTUAL PRIMARY: source=l2-threshold-stalker hits=1 damage=16.0 targetHP=4.0→0.0
PASS: actual vast-trunks source(s) die to admitted ordinary-primary paths
PASS: exact native entry pair root-promise-entry binds its real spatial crossing
FOLLOW ACTUAL TYPED PROOF: source=l2-promise-root reservation=threat-4 start=16.6833333333337 held=1
ACTUAL PRIMARY: source=l2-promise-root hits=1 damage=16.0 targetHP=20.0→4.0
FOLLOW ACTUAL TYPED PROOF: source=l2-promise-root reservation=threat-5 start=23.05 held=1
ACTUAL PRIMARY: source=l2-promise-root hits=1 damage=16.0 targetHP=4.0→0.0
PASS: actual root-promise source(s) die to admitted ordinary-primary paths
PASS: exact native entry pair trunk-court-entry binds its real spatial crossing
ORDINARY UNLEASED COURT NAVIGATION: l2-trunk-root from=(-2.40708, -0.004844, 11.54556) to=(-0.508336, -0.004844, 9.625981) held=0
FOLLOW ACTUAL TYPED PROOF: source=l2-trunk-root reservation=threat-6 start=27.9166666666664 held=1
ACTUAL PRIMARY: source=l2-trunk-root hits=1 damage=16.0 targetHP=20.0→4.0
FOLLOW ACTUAL TYPED PROOF: source=l2-trunk-root reservation=threat-7 start=34.2833333333327 held=1
ACTUAL PRIMARY: source=l2-trunk-root hits=1 damage=16.0 targetHP=4.0→0.0
PASS: actual trunk-court source(s) die to admitted ordinary-primary paths
PASS: exact native entry pair priority-court-entry binds its real spatial crossing
ORDINARY UNLEASED COURT NAVIGATION: l2-priority-root from=(-1.47569, -0.004844, -0.073115) to=(-0.079052, -0.004844, -2.383829) held=0
FOLLOW ACTUAL TYPED PROOF: source=l2-priority-root reservation=threat-8 start=39.5833333333324 held=1
REPLAN: yield only to a fresh genuine warning; cancelled proof grants no later action permission
FOLLOW ACTUAL TYPED PROOF: source=l2-priority-stalker reservation=threat-9 start=41.4999999999989 held=2
ACTUAL PRIMARY: source=l2-priority-stalker hits=1 damage=16.0 targetHP=36.0→20.0
FOLLOW ACTUAL TYPED PROOF: source=l2-priority-root reservation=threat-10 start=45.9499999999987 held=1
ACTUAL PRIMARY: source=l2-priority-root hits=1 damage=16.0 targetHP=20.0→4.0
FOLLOW ACTUAL TYPED PROOF: source=l2-priority-stalker reservation=threat-11 start=49.5999999999985 held=2
ACTUAL PRIMARY: source=l2-priority-stalker hits=1 damage=16.0 targetHP=20.0→4.0
FOLLOW ACTUAL TYPED PROOF: source=l2-priority-root reservation=threat-12 start=52.316666666665 held=1
REPLAN: yield only to a fresh genuine warning; cancelled proof grants no later action permission
FOLLOW ACTUAL TYPED PROOF: source=l2-priority-stalker reservation=threat-13 start=54.6666666666648 held=2
ACTUAL PRIMARY: source=l2-priority-stalker hits=1 damage=16.0 targetHP=4.0→0.0
FOLLOW ACTUAL TYPED PROOF: source=l2-priority-root reservation=threat-14 start=58.6833333333313 held=1
ACTUAL PRIMARY: source=l2-priority-root hits=1 damage=16.0 targetHP=4.0→0.0
PASS: actual priority-court source(s) die to admitted ordinary-primary paths
PASS: exact native entry pair watched-clearing-entry binds its real spatial crossing
ORDINARY UNLEASED COURT NAVIGATION: l2-watched-root from=(-2.314652, -0.004844, -16.0462) to=(-1.582028, -0.004844, -18.6449) held=0
FOLLOW ACTUAL TYPED PROOF: source=l2-watched-root reservation=threat-15 start=63.6499999999977 held=1
ACTUAL PRIMARY: source=l2-watched-root hits=1 damage=16.0 targetHP=20.0→4.0
FOLLOW ACTUAL TYPED PROOF: source=l2-watched-stalker reservation=threat-16 start=68.4166666666641 held=1
REPLAN: yield only to a fresh genuine warning; cancelled proof grants no later action permission
FOLLOW ACTUAL TYPED PROOF: source=l2-watched-root reservation=threat-17 start=70.016666666664 held=2
ACTUAL PRIMARY: source=l2-watched-root hits=1 damage=16.0 targetHP=4.0→0.0
FOLLOW ACTUAL TYPED PROOF: source=l2-watched-stalker reservation=threat-18 start=75.6166666666637 held=1
ACTUAL PRIMARY: source=l2-watched-stalker hits=1 damage=16.0 targetHP=36.0→20.0
FOLLOW ACTUAL TYPED PROOF: source=l2-watched-stalker reservation=threat-19 start=80.68333333333 held=1
ACTUAL PRIMARY: source=l2-watched-stalker hits=1 damage=16.0 targetHP=20.0→4.0
FOLLOW ACTUAL TYPED PROOF: source=l2-watched-stalker reservation=threat-20 start=85.7499999999964 held=1
ACTUAL PRIMARY: source=l2-watched-stalker hits=1 damage=16.0 targetHP=4.0→0.0
PASS: actual watched-clearing source(s) die to admitted ordinary-primary paths
PASS: exact native entry pair canopy-slit-entry binds its real spatial crossing
ORDINARY UNLEASED COURT NAVIGATION: l2-slit-root from=(-3.4958, -0.004844, -31.25671) to=(-1.694509, -0.004844, -33.26802) held=0
FOLLOW ACTUAL TYPED PROOF: source=l2-slit-root reservation=threat-21 start=89.8499999999962 held=1
REPLAN: yield only to a fresh genuine warning; cancelled proof grants no later action permission
FOLLOW ACTUAL TYPED PROOF: source=l2-slit-stalker reservation=threat-22 start=91.2999999999961 held=2
ACTUAL PRIMARY: source=l2-slit-stalker hits=1 damage=16.0 targetHP=36.0→20.0
FOLLOW ACTUAL TYPED PROOF: source=l2-slit-root reservation=threat-23 start=96.2166666666625 held=1
REPLAN: yield only to a fresh genuine warning; cancelled proof grants no later action permission
FOLLOW ACTUAL TYPED PROOF: source=l2-slit-stalker reservation=threat-24 start=96.3666666666625 held=2
ACTUAL PRIMARY: source=l2-slit-stalker hits=1 damage=16.0 targetHP=20.0→4.0
FOLLOW ACTUAL TYPED PROOF: source=l2-slit-stalker reservation=threat-25 start=101.433333333329 held=1
REPLAN: yield only to a fresh genuine warning; cancelled proof grants no later action permission
FOLLOW ACTUAL TYPED PROOF: source=l2-slit-root reservation=threat-26 start=102.583333333329 held=2
ACTUAL PRIMARY: source=l2-slit-root hits=1 damage=16.0 targetHP=20.0→4.0
FOLLOW ACTUAL TYPED PROOF: source=l2-slit-stalker reservation=threat-27 start=107.566666666662 held=1
REPLAN: yield only to a fresh genuine warning; cancelled proof grants no later action permission
FOLLOW ACTUAL TYPED PROOF: source=l2-slit-root reservation=threat-28 start=108.949999999995 held=2
ACTUAL PRIMARY: source=l2-slit-root hits=1 damage=16.0 targetHP=4.0→0.0
FOLLOW ACTUAL TYPED PROOF: source=l2-slit-stalker reservation=threat-29 start=112.633333333328 held=1
ACTUAL PRIMARY: source=l2-slit-stalker hits=1 damage=16.0 targetHP=4.0→0.0
PASS: actual canopy-slit source(s) die to admitted ordinary-primary paths
PASS: nine actual deaths make one available contact exit reached by real ordinary dashes
PASS: selected route scope retains real action, checkpoint, tombstone and no-blast evidence
PASS: actual public full-level exit releases all typed source leases
PASS: actual whole forest/lab/source/cue lifecycle frees without residual groups after finite audio drain
Living Forest actual route: 18 checks, 0 failures; first_only=false kit=--weak-damage
