Waiting for the shared Godot session to close…
Godot Engine v4.7.2.stable.official.ed1daf0bf - https://godotengine.org

PASS: default full unit proof or the bounded fatal-capture selector
PASS: actual MainScene supplies the nine-source typed Living Forest
PASS: real shared actor/scheduler and owned consumers precede the pausable post-actor observer
PASS: actual grounded arrival has natural full HP and nine dormant sources before any entry
PASS: bounded real forward dashes reach the first-entry observer's complete-tick living pause before contact
PASS: paused public writers capture the complete Hero, sun, route and all typed native sources
PASS: published exact JSON preserves every native scalar/type of living entry
PASS: retained living pair binds the actual first floor crossing and incomplete checkpoint prefix
PASS: entry capture retains the actual unfinished ordinary dash and all unhurt source resources
PASS: paused public writers capture the complete Hero, sun, route and all typed native sources
PASS: paused public writers capture the complete Hero, sun, route and all typed native sources
PASS: independently validated Hero then complete typed actual living entry proof is pure; 
ACTUAL FIRST STALKER CONTACT: cycle=1 hp_damage=12.0 heroHP=88.0 clock=3.56666666666666
ACTUAL FIRST STALKER CONTACT: cycle=2 hp_damage=12.0 heroHP=76.0 clock=9.15000000000003
ACTUAL FIRST STALKER CONTACT: cycle=3 hp_damage=12.0 heroHP=64.0 clock=14.9500000000003
ACTUAL FIRST STALKER CONTACT: cycle=4 hp_damage=12.0 heroHP=52.0 clock=21.3500000000001
ACTUAL FIRST STALKER CONTACT: cycle=5 hp_damage=12.0 heroHP=40.0 clock=26.9499999999998
ACTUAL FIRST STALKER CONTACT: cycle=6 hp_damage=12.0 heroHP=28.0 clock=33.3499999999994
ACTUAL FIRST STALKER CONTACT: cycle=7 hp_damage=12.0 heroHP=16.0 clock=38.9499999999991
ACTUAL FIRST STALKER CONTACT: cycle=8 hp_damage=12.0 heroHP=4.0 clock=45.3499999999987
ACTUAL FIRST STALKER CONTACT: cycle=9 hp_damage=4.0 heroHP=0.0 clock=50.9499999999984
PASS: genuine repeated first-Stalker contacts produce one fatal Hero and supported complete-tick pause
PASS: only real first-source contact depletes natural HP; death observer queues rather than interrupts the native tick
PASS: paused public writers capture the complete Hero, sun, route and all typed native sources
PASS: published exact JSON preserves every native scalar/type of fatal complete tick
PASS: fatal native unit retains the exact current Hero sample, unchanged first-entry progress and all nine living sources
PASS: fatal full-parent aggregate includes all four Stalkers/five Roots without a later entry, reward or contact exit
PASS: fatal capture leaves the independently retained original living entry pair unchanged
PASS: paused public writers capture the complete Hero, sun, route and all typed native sources
PASS: paused public writers capture the complete Hero, sun, route and all typed native sources
PASS: independently validated Hero then complete typed actual fatal unit proof is pure; 
PASS: paused public writers capture the complete Hero, sun, route and all typed native sources
PASS: paused public writers capture the complete Hero, sun, route and all typed native sources
PASS: fatal typed aggregate rejects a crossed Root/Stalker envelope atomically
PASS: paused public writers capture the complete Hero, sun, route and all typed native sources
PASS: valid earlier living Hero cannot replace the same-tick fatal source sample in pure parent validation
PASS: paused public writers capture the complete Hero, sun, route and all typed native sources
PASS: actual fatal remains paused without extra contact, callback, clock or presentation change
PASS: public full-level exit releases every actual typed lease
PASS: actual old Hero/world, all typed sources, mechanisms and cue groups are freed: []
PASS: actual MainScene supplies the nine-source typed Living Forest at a fresh zero-tick boundary
PASS: real shared actor/scheduler and owned consumers precede the pausable post-actor observer
PASS: fresh actual full layout is paused before any tick, contact or admission
PASS: paused public writers capture the complete Hero, sun, route and all typed native sources
PASS: paused public writers capture the complete Hero, sun, route and all typed native sources
PASS: independently validated Hero then complete typed fresh fatal proof is pure; 
PASS: paused public writers capture the complete Hero, sun, route and all typed native sources
PASS: quiet public Hero then typed level restore retains exact fatal resources/clocks/callback custody; ; 
PASS: restored fatal preserves native required source/art/cue, sun and route-derived presentation
PASS: paused public writers capture the complete Hero, sun, route and all typed native sources
PASS: fresh fatal remains paused without extra contact, callback, clock or presentation change
PASS: fresh fatal reconstruction stays dead and emits no duplicate hurt/death while retaining the original living pair
PASS: public full-level exit releases every actual typed lease
PASS: actual old Hero/world, all typed sources, mechanisms and cue groups are freed: []
PASS: actual MainScene supplies the nine-source typed Living Forest at a fresh zero-tick boundary
PASS: real shared actor/scheduler and owned consumers precede the pausable post-actor observer
PASS: paused public writers capture the complete Hero, sun, route and all typed native sources
PASS: paused public writers capture the complete Hero, sun, route and all typed native sources
PASS: independently validated Hero then complete typed fresh retained living entry proof is pure; 
PASS: paused public writers capture the complete Hero, sun, route and all typed native sources
PASS: quiet public Hero then typed level restore retains exact retained living entry resources/clocks/callback custody; ; 
PASS: restored retained living entry preserves native required source/art/cue, sun and route-derived presentation
PASS: paused public writers capture the complete Hero, sun, route and all typed native sources
PASS: fresh retained living entry remains paused without extra contact, callback, clock or presentation change
PASS: mechanical Retry restores exactly the old living resources, unfinished dash and no source-clear/checkpoint event
PASS: public resume advances the reconstructed living Hero, sun and scheduler on one genuine native tick
PASS: original unfinished dash completes once with its exact saved native path prefix and no replayed input or extra contact
PASS: public full-level exit releases every actual typed lease
PASS: actual old Hero/world, all typed sources, mechanisms and cue groups are freed: []
Living Forest actual fatal unit: 60 checks, 0 failures; capture_only=false. Direct full-parent mechanical restore; no ProductionShell/disk/GUI Retry/native-input/full-route claim.
