Waiting for the shared Godot session to close…
Godot Engine v4.7.2.stable.official.ed1daf0bf - https://godotengine.org

PASS: live public model retains thirteen IDs and108 implemented static combinations
ACTUAL CARRIED KIT:  IDs={ "jacket": "CLOTH-J0", "pants": "CLOTH-P0", "shoes": "CLOTH-S0", "weapon": "WEAPON-01" } stats={ "primary_damage": 20.0, "followup_damage": 42.0, "primary_range": 2.0, "followup_range": 3.1, "primary_cooldown": 0.3, "followup_cooldown": 0.45, "primary_cone_min_dot": 0.05, "followup_cone_min_dot": 0.5, "primary_cadence_estimate": 0.3, "dash_speed": 15.0, "dash_distance": 2.7, "dash_duration": 0.18, "dash_cooldown": 0.34, "dash_invulnerability": 0.12, "hurt_invulnerability": 0.8, "max_health": 100.0, "armour": 1.0, "damage_reduction": 0.0, "effective_health": 100.0, "shell_capacity": 2, "shell_reload": 1.15, "primary_hit_reload_credit": 0.45, "gear_multipliers": { "damage": 1.0, "attack_speed": 1.0, "attack_range": 1.0, "dash_speed": 1.0, "dash_distance": 1.0, "max_health": 1.0, "armour": 1.0 }, "total_multipliers": { "damage": 1.0, "attack_speed": 1.0, "attack_range": 1.0, "dash_speed": 1.0, "dash_distance": 1.0, "max_health": 1.0, "armour": 1.0 }, "raw_gear_multipliers": { "damage": 1.0, "attack_speed": 1.0, "attack_range": 1.0, "dash_speed": 1.0, "dash_distance": 1.0, "max_health": 1.0, "armour": 1.0 }, "capped_stats": [], "weapon_id": "WEAPON-01", "weapon_name": "Balanced Edge" }
PASS: initial production entry: actual routed GUI Resume is consumed without input/action/resource change
PASS: TEST ONLY public registry/session opens the actual Forest production shell
PASS: independent production SaveStore reads the exact primary format2 generation
PASS: actual spatial entry forest-threshold-entry reaches production exact format2 disk with complete typed actors
PASS: natural contact observation: actual routed GUI Resume is consumed without input/action/resource change
PASS: independent production SaveStore reads the exact primary format2 generation
PASS: natural contact saves actual depleted HP and complete nine-source clocks while protecting the original living crossing checkpoint
PASS: independent production SaveStore reads the exact primary format2 generation
PASS: fresh production disk load and actual menu Continue preserve depleted HP/ammo/reload/gear/native clocks/history/input/camera without refill or replay
PASS: independent production SaveStore reads the exact primary format2 generation
PASS: protected first-entry Retry: actual routed GUI Resume is consumed without input/action/resource change
PASS: public production Retry uses exact protected living resources, frees old typed World and resumes only its unfinished real crossing dash
PASS: selected production scope retains exact saved custody and resources
PASS: production lifecycle releases every old/fresh typed World/actor/cue after finite audio drain
PASS: TEST ONLY production registry bytes remain unchanged
Living Forest TEST ONLY production: 16 checks, 0 failures; checkpoint_only=true; actual Save/Continue/Retry/contact; no canonical acceptance, authoredL3/native gestures/human/art claim.
