Godot Engine v4.7.2.stable.official.ed1daf0bf - https://godotengine.org

PASS: live public model retains thirteen IDs and108 implemented static combinations
ACTUAL CARRIED KIT:  IDs={ "jacket": "CLOTH-J0", "pants": "CLOTH-P0", "shoes": "CLOTH-S0", "weapon": "WEAPON-01" } stats={ "primary_damage": 20.0, "followup_damage": 42.0, "primary_range": 2.0, "followup_range": 3.1, "primary_cooldown": 0.3, "followup_cooldown": 0.45, "primary_cone_min_dot": 0.05, "followup_cone_min_dot": 0.5, "primary_cadence_estimate": 0.3, "dash_speed": 15.0, "dash_distance": 2.7, "dash_duration": 0.18, "dash_cooldown": 0.34, "dash_invulnerability": 0.12, "hurt_invulnerability": 0.8, "max_health": 100.0, "armour": 1.0, "damage_reduction": 0.0, "effective_health": 100.0, "shell_capacity": 2, "shell_reload": 1.15, "primary_hit_reload_credit": 0.45, "gear_multipliers": { "damage": 1.0, "attack_speed": 1.0, "attack_range": 1.0, "dash_speed": 1.0, "dash_distance": 1.0, "max_health": 1.0, "armour": 1.0 }, "total_multipliers": { "damage": 1.0, "attack_speed": 1.0, "attack_range": 1.0, "dash_speed": 1.0, "dash_distance": 1.0, "max_health": 1.0, "armour": 1.0 }, "raw_gear_multipliers": { "damage": 1.0, "attack_speed": 1.0, "attack_range": 1.0, "dash_speed": 1.0, "dash_distance": 1.0, "max_health": 1.0, "armour": 1.0 }, "capped_stats": [], "weapon_id": "WEAPON-01", "weapon_name": "Balanced Edge" }
PASS: initial production entry: actual routed GUI Resume is consumed without input/action/resource change
PASS: TEST ONLY public registry/session opens the actual Forest production shell
PASS: independent production SaveStore reads the exact primary format2 generation
PASS: actual spatial entry forest-threshold-entry reaches production exact format2 disk with complete typed actors
PASS: natural contact observation: actual routed GUI Resume is consumed without input/action/resource change
PASS: independent production SaveStore reads the exact primary format2 generation
PASS: natural contact saves actual depleted HP and complete nine-source clocks while protecting the original living crossing checkpoint
PASS: independent production SaveStore reads the exact primary format2 generation
PASS: fresh production disk load and actual menu Continue preserve depleted HP/ammo/reload/gear/native clocks/history/input/camera without refill or replay
PASS: independent production SaveStore reads the exact primary format2 generation
PASS: protected first-entry Retry: actual routed GUI Resume is consumed without input/action/resource change
PASS: public production Retry uses exact protected living resources, frees old typed World and resumes only its unfinished real crossing dash
FOLLOW ACTUAL TYPED PROOF: source=l2-threshold-stalker reservation=threat-1 start=2.96666666666666 held=1
ACTUAL PRIMARY: source=l2-threshold-stalker hits=1 damage=20.0 targetHP=36.0→16.0
FOLLOW ACTUAL TYPED PROOF: source=l2-threshold-stalker reservation=threat-2 start=8.03333333333331 held=1
ACTUAL PRIMARY: source=l2-threshold-stalker hits=1 damage=20.0 targetHP=16.0→0.0
PASS: production actual vast-trunks clears by the inherited ordinary-primary driver
PASS: independent production SaveStore reads the exact primary format2 generation
PASS: actual spatial entry root-promise-entry reaches production exact format2 disk with complete typed actors
PASS: actual entry root-promise-entry: actual routed GUI Resume is consumed without input/action/resource change
FOLLOW ACTUAL TYPED PROOF: source=l2-promise-root reservation=threat-3 start=12.3333333333335 held=1
ACTUAL PRIMARY: source=l2-promise-root hits=1 damage=20.0 targetHP=20.0→0.0
PASS: production actual root-promise clears by the inherited ordinary-primary driver
PASS: independent production SaveStore reads the exact primary format2 generation
PASS: actual spatial entry trunk-court-entry reaches production exact format2 disk with complete typed actors
PASS: actual entry trunk-court-entry: actual routed GUI Resume is consumed without input/action/resource change
ORDINARY UNLEASED COURT NAVIGATION: l2-trunk-root from=(-3.284184, -0.004844, 12.58839) to=(-1.41893, -0.004844, 10.63626) held=0
FOLLOW ACTUAL TYPED PROOF: source=l2-trunk-root reservation=threat-4 start=17.3333333333336 held=1
ACTUAL PRIMARY: source=l2-trunk-root hits=1 damage=20.0 targetHP=20.0→0.0
PASS: production actual trunk-court clears by the inherited ordinary-primary driver
PASS: independent production SaveStore reads the exact primary format2 generation
PASS: actual spatial entry priority-court-entry reaches production exact format2 disk with complete typed actors
PASS: actual entry priority-court-entry: actual routed GUI Resume is consumed without input/action/resource change
FOLLOW ACTUAL TYPED PROOF: source=l2-priority-root reservation=threat-5 start=22.0166666666667 held=1
REPLAN: yield only to a fresh genuine warning; cancelled proof grants no later action permission
FOLLOW ACTUAL TYPED PROOF: source=l2-priority-stalker reservation=threat-6 start=23.1666666666666 held=2
ACTUAL PRIMARY: source=l2-priority-stalker hits=1 damage=20.0 targetHP=36.0→16.0
ORDINARY UNLEASED COURT NAVIGATION: l2-priority-root from=(-0.816975, -0.004844, 1.130369) to=(0.093587, -0.004844, -1.411456) held=0
FOLLOW ACTUAL TYPED PROOF: source=l2-priority-root reservation=threat-7 start=28.383333333333 held=1
REPLAN: yield only to a fresh genuine warning; cancelled proof grants no later action permission
FOLLOW ACTUAL TYPED PROOF: source=l2-priority-stalker reservation=threat-8 start=28.4999999999997 held=2
ACTUAL PRIMARY: source=l2-priority-stalker hits=1 damage=20.0 targetHP=16.0→0.0
ORDINARY UNLEASED COURT NAVIGATION: l2-priority-root from=(-2.29273, -0.004844, -0.148327) to=(-0.602694, -0.004844, -2.253981) held=0
FOLLOW ACTUAL TYPED PROOF: source=l2-priority-root reservation=threat-9 start=34.7499999999993 held=1
ACTUAL PRIMARY: source=l2-priority-root hits=1 damage=20.0 targetHP=20.0→0.0
PASS: production actual priority-court clears by the inherited ordinary-primary driver
PASS: independent production SaveStore reads the exact primary format2 generation
PASS: actual spatial entry watched-clearing-entry reaches production exact format2 disk with complete typed actors
PASS: actual entry watched-clearing-entry: actual routed GUI Resume is consumed without input/action/resource change
FOLLOW ACTUAL TYPED PROOF: source=l2-watched-root reservation=threat-10 start=39.799999999999 held=1
ACTUAL PRIMARY: source=l2-watched-root hits=1 damage=20.0 targetHP=20.0→0.0
FOLLOW ACTUAL TYPED PROOF: source=l2-watched-stalker reservation=threat-11 start=44.7666666666654 held=1
ACTUAL PRIMARY: source=l2-watched-stalker hits=1 damage=20.0 targetHP=36.0→16.0
FOLLOW ACTUAL TYPED PROOF: source=l2-watched-stalker reservation=threat-12 start=49.8333333333318 held=1
ACTUAL PRIMARY: source=l2-watched-stalker hits=1 damage=20.0 targetHP=16.0→0.0
PASS: production actual watched-clearing clears by the inherited ordinary-primary driver
PASS: independent production SaveStore reads the exact primary format2 generation
PASS: actual spatial entry canopy-slit-entry reaches production exact format2 disk with complete typed actors
PASS: actual entry canopy-slit-entry: actual routed GUI Resume is consumed without input/action/resource change
ORDINARY UNLEASED COURT NAVIGATION: l2-slit-root from=(-3.183517, -0.004844, -33.27289) to=(-1.009191, -0.004844, -34.87361) held=0
FOLLOW ACTUAL TYPED PROOF: source=l2-slit-root reservation=threat-13 start=54.5333333333315 held=1
ACTUAL PRIMARY: source=l2-slit-root hits=1 damage=20.0 targetHP=20.0→0.0
FOLLOW ACTUAL TYPED PROOF: source=l2-slit-stalker reservation=threat-14 start=58.9833333333313 held=1
ACTUAL PRIMARY: source=l2-slit-stalker hits=1 damage=20.0 targetHP=36.0→16.0
FOLLOW ACTUAL TYPED PROOF: source=l2-slit-stalker reservation=threat-15 start=64.0499999999977 held=1
ACTUAL PRIMARY: source=l2-slit-stalker hits=1 damage=20.0 targetHP=16.0→0.0
PASS: production actual canopy-slit clears by the inherited ordinary-primary driver
PASS: independent production SaveStore reads the exact primary format2 generation
PASS: completed route before actual contact: actual routed GUI Resume is consumed without input/action/resource change
ACTUAL CONTACT SIGNAL BOUNDARY: { "paused": false, "physics_frame": true, "snapshot_available": false, "snapshot_error": "Player snapshots require the paused deferred shell boundary", "sample_clock_s": 67.4999999999975, "scheduler_clock_s": 67.4999999999975, "player_clock_s": 67.4999999999975, "supported": true }
PASS: independent production SaveStore reads the exact primary format2 generation
PASS: one genuine Forest capsule contact installs fresh TEST ONLY A3-L3 with exact resource/gear/anchor carry, prefix12, new clocks/history and all old typed actors freed
PASS: next TEST ONLY floor: actual routed GUI Resume is consumed without input/action/resource change
PASS: actual completed Forest contact durably installs only the next TEST ONLY floor
PASS: selected production scope retains exact saved custody and resources
PASS: production lifecycle releases every old/fresh typed World/actor/cue after finite audio drain
PASS: TEST ONLY production registry bytes remain unchanged
Living Forest TEST ONLY production: 43 checks, 0 failures; checkpoint_only=false; actual Save/Continue/Retry/contact; no canonical acceptance, authoredL3/native gestures/human/art claim.
