Godot Engine v4.7.2.stable.official.ed1daf0bf - https://godotengine.org

PASS: live public model retains thirteen IDs and108 implemented static combinations
ACTUAL CARRIED KIT:  IDs={ "jacket": "CLOTH-J0", "pants": "CLOTH-P0", "shoes": "CLOTH-S0", "weapon": "WEAPON-01" } stats={ "primary_damage": 20.0, "followup_damage": 42.0, "primary_range": 2.0, "followup_range": 3.1, "primary_cooldown": 0.3, "followup_cooldown": 0.45, "primary_cone_min_dot": 0.05, "followup_cone_min_dot": 0.5, "primary_cadence_estimate": 0.3, "dash_speed": 15.0, "dash_distance": 2.7, "dash_duration": 0.18, "dash_cooldown": 0.34, "dash_invulnerability": 0.12, "hurt_invulnerability": 0.8, "max_health": 100.0, "armour": 1.0, "damage_reduction": 0.0, "effective_health": 100.0, "shell_capacity": 2, "shell_reload": 1.15, "primary_hit_reload_credit": 0.45, "gear_multipliers": { "damage": 1.0, "attack_speed": 1.0, "attack_range": 1.0, "dash_speed": 1.0, "dash_distance": 1.0, "max_health": 1.0, "armour": 1.0 }, "total_multipliers": { "damage": 1.0, "attack_speed": 1.0, "attack_range": 1.0, "dash_speed": 1.0, "dash_distance": 1.0, "max_health": 1.0, "armour": 1.0 }, "raw_gear_multipliers": { "damage": 1.0, "attack_speed": 1.0, "attack_range": 1.0, "dash_speed": 1.0, "dash_distance": 1.0, "max_health": 1.0, "armour": 1.0 }, "capped_stats": [], "weapon_id": "WEAPON-01", "weapon_name": "Balanced Edge" }
PASS: actual fresh paused nine-source arrival exists before any entry
PASS: original actual arrival pair validates without mutation
PASS: unentered future Stalker matching cycle-zero tombstone/death record pure validation preserves original whole unit and copied input
ERROR: FAIL: unentered future Stalker matching cycle-zero tombstone/death record is rejected by saved-Hero and actual-Hero pure validation; paired=; live=; unchanged=true; original=
   at: push_error (core/variant/variant_utility.cpp:1023)
   GDScript backtrace (most recent call first):
       [0] _expect (res://tests/acts/act3/living_forest_route_smoke.gd:870)
       [1] _require_rejection (res://tests/acts/act3/living_forest_custody_smoke.gd:81)
       [2] _dormant_cases (res://tests/acts/act3/living_forest_custody_smoke.gd:60)
       [3] _run (res://tests/acts/act3/living_forest_custody_smoke.gd:31)
       [4] _prepare (res://tests/acts/act3/living_forest_route_smoke.gd:256)
PASS: unentered future Stalker partial HP with otherwise untouched live state pure validation preserves original whole unit and copied input
ERROR: FAIL: unentered future Stalker partial HP with otherwise untouched live state is rejected by saved-Hero and actual-Hero pure validation; paired=; live=; unchanged=true; original=
   at: push_error (core/variant/variant_utility.cpp:1023)
   GDScript backtrace (most recent call first):
       [0] _expect (res://tests/acts/act3/living_forest_route_smoke.gd:870)
       [1] _require_rejection (res://tests/acts/act3/living_forest_custody_smoke.gd:81)
       [2] _dormant_cases (res://tests/acts/act3/living_forest_custody_smoke.gd:66)
       [3] _run (res://tests/acts/act3/living_forest_custody_smoke.gd:31)
       [4] _prepare (res://tests/acts/act3/living_forest_route_smoke.gd:256)
FIRST MEANINGFUL CUSTODY FAILURE: unentered future Stalker matching cycle-zero tombstone/death record: invalid custody was accepted; paired=; live=; unchanged=true; original=
PASS: actual public full-level exit releases all typed source leases
PASS: actual whole forest/lab/source/cue lifecycle frees without residual groups after finite audio drain
Living Forest custody: selector=--dormant-only checks=9 failures=2; copied snapshots only; no forged restore
Living Forest actual route: 9 checks, 2 failures; first_only=false kit=
