Godot Engine v4.7.2.stable.official.ed1daf0bf - https://godotengine.org

PASS: current selector is the bounded actual arrival/aggregate check
PASS: real MainScene opens the full authored Living Forest layout
PASS: actual full-layout authoring and native source bindings configure without an error
PASS: actual arrival retains all nine sources dormant before the six entries
PASS: actual native roster contains the four familiar Stalkers and five living Roots
PASS: typed aggregate binds the actual shared World, Hero, native sources and immutable floor
PASS: actual traveller starts on firm portrait floor with no premature threat or entry
PASS: public pause settles the complete actual arrival tick
PASS: public paused whole-unit writers retain complete native arrival state
PASS: exact public JSON retains the whole Hero, sun, route and nine typed source envelopes
PASS: independently validated Hero and complete typed level unit agree at the paused arrival
PASS: public paused whole-unit writers retain complete native arrival state
PASS: public paused whole-unit writers retain complete native arrival state
PASS: pure full-level validation rejects fabricated entry history without changing the unit
PASS: public paused whole-unit writers retain complete native arrival state
PASS: pure full-level validation rejects crossing the Root and Stalker source types
PASS: actual full-layout exit releases every owned threat lease
PASS: old actual Hero and complete nine-source layout release before fresh reconstruction
PASS: real MainScene opens the full authored Living Forest layout at a quiet zero-tick boundary
PASS: actual full-layout authoring and native source bindings configure without an error
PASS: public paused whole-unit writers retain complete native arrival state
PASS: public paused whole-unit writers retain complete native arrival state
PASS: fresh complete typed prevalidation accepts saved arrival without advancing or mutating the new unit
PASS: actual Hero then complete typed level quietly restores the saved arrival
PASS: public paused whole-unit writers retain complete native arrival state
PASS: fresh recapture retains exact route/sun/native clocks, resources and all typed source states
PASS: public paused whole-unit writers retain complete native arrival state
PASS: public paused whole-unit writers retain complete native arrival state
PASS: restored arrival stays frozen without manufacturing a threat, defeat or completion
PASS: public resume continues the same actual quiet arrival on the next native tick
PASS: actual full-layout exit releases every owned threat lease
Living Forest arrival aggregate: 31 checks; failures: 0
