Waiting for the shared Godot session to close…
Godot Engine v4.7.2.stable.official.ed1daf0bf - https://godotengine.org

PASS: live public model retains thirteen IDs and108 implemented static combinations
ACTUAL CARRIED KIT:  IDs={ "jacket": "CLOTH-J0", "pants": "CLOTH-P0", "shoes": "CLOTH-S0", "weapon": "WEAPON-01" } stats={ "primary_damage": 20.0, "followup_damage": 42.0, "primary_range": 2.0, "followup_range": 3.1, "primary_cooldown": 0.3, "followup_cooldown": 0.45, "primary_cone_min_dot": 0.05, "followup_cone_min_dot": 0.5, "primary_cadence_estimate": 0.3, "dash_speed": 15.0, "dash_distance": 2.7, "dash_duration": 0.18, "dash_cooldown": 0.34, "dash_invulnerability": 0.12, "hurt_invulnerability": 0.8, "max_health": 100.0, "armour": 1.0, "damage_reduction": 0.0, "effective_health": 100.0, "shell_capacity": 2, "shell_reload": 1.15, "primary_hit_reload_credit": 0.45, "gear_multipliers": { "damage": 1.0, "attack_speed": 1.0, "attack_range": 1.0, "dash_speed": 1.0, "dash_distance": 1.0, "max_health": 1.0, "armour": 1.0 }, "total_multipliers": { "damage": 1.0, "attack_speed": 1.0, "attack_range": 1.0, "dash_speed": 1.0, "dash_distance": 1.0, "max_health": 1.0, "armour": 1.0 }, "raw_gear_multipliers": { "damage": 1.0, "attack_speed": 1.0, "attack_range": 1.0, "dash_speed": 1.0, "dash_distance": 1.0, "max_health": 1.0, "armour": 1.0 }, "capped_stats": [], "weapon_id": "WEAPON-01", "weapon_name": "Balanced Edge" }
PASS: public paused lab carryover enters the actual nine-source forest before physics
PASS: exact native entry pair forest-threshold-entry binds its real spatial crossing
FOLLOW ACTUAL TYPED PROOF: source=l2-threshold-stalker reservation=threat-1 start=2.86666666666666 held=1
ACTUAL PRIMARY: source=l2-threshold-stalker hits=1 damage=20.0 targetHP=36.0→16.0
FOLLOW ACTUAL TYPED PROOF: source=l2-threshold-stalker reservation=threat-2 start=7.93333333333331 held=1
ACTUAL PRIMARY: source=l2-threshold-stalker hits=1 damage=20.0 targetHP=16.0→0.0
PASS: actual vast-trunks source(s) die to admitted ordinary-primary paths
PASS: exact native entry pair root-promise-entry binds its real spatial crossing
PASS: genuine second-entry whole unit validates before equal-clock forgery
PASS: equal adjacent entry clocks in a real two-entry checkpoint unit pure validation preserves original whole unit and copied input
PASS: equal adjacent entry clocks in a real two-entry checkpoint unit is rejected by saved-Hero and actual-Hero pure validation
FOLLOW ACTUAL TYPED PROOF: source=l2-promise-root reservation=threat-3 start=12.2333333333335 held=1
ACTUAL PRIMARY: source=l2-promise-root hits=1 damage=20.0 targetHP=20.0→0.0
PASS: actual root-promise source(s) die to admitted ordinary-primary paths
PASS: exact native entry pair trunk-court-entry binds its real spatial crossing
ORDINARY UNLEASED COURT NAVIGATION: l2-trunk-root from=(-3.284184, -0.004844, 12.58839) to=(-3.284184, -0.004844, 9.888389) held=0
FOLLOW ACTUAL TYPED PROOF: source=l2-trunk-root reservation=threat-4 start=17.2333333333336 held=1
ACTUAL PRIMARY: source=l2-trunk-root hits=1 damage=20.0 targetHP=20.0→0.0
PASS: actual trunk-court source(s) die to admitted ordinary-primary paths
PASS: exact native entry pair priority-court-entry binds its real spatial crossing
ORDINARY UNLEASED COURT NAVIGATION: l2-priority-root from=(-3.375283, -0.004844, -1.607046) to=(-3.375283, -0.004844, -4.307046) held=0
FOLLOW ACTUAL TYPED PROOF: source=l2-priority-root reservation=threat-5 start=22.5 held=1
ACTUAL PRIMARY: source=l2-priority-root hits=1 damage=20.0 targetHP=20.0→0.0
FOLLOW ACTUAL TYPED PROOF: source=l2-priority-stalker reservation=threat-6 start=25.9666666666665 held=1
ACTUAL PRIMARY: source=l2-priority-stalker hits=1 damage=20.0 targetHP=36.0→16.0
FOLLOW ACTUAL TYPED PROOF: source=l2-priority-stalker reservation=threat-7 start=31.0333333333329 held=1
ACTUAL PRIMARY: source=l2-priority-stalker hits=1 damage=20.0 targetHP=16.0→0.0
PASS: actual priority-court source(s) die to admitted ordinary-primary paths
PASS: exact native entry pair watched-clearing-entry binds its real spatial crossing
ORDINARY UNLEASED COURT NAVIGATION: l2-watched-root from=(-3.782659, -0.004844, -15.51075) to=(-1.082659, -0.004844, -15.51075) held=0
FOLLOW ACTUAL TYPED PROOF: source=l2-watched-root reservation=threat-8 start=36.1999999999992 held=1
REPLAN: yield only to a fresh genuine warning; cancelled proof grants no later action permission
FOLLOW ACTUAL TYPED PROOF: source=l2-watched-stalker reservation=threat-9 start=37.2833333333325 held=2
ACTUAL PRIMARY: source=l2-watched-stalker hits=1 damage=20.0 targetHP=36.0→16.0
FOLLOW ACTUAL TYPED PROOF: source=l2-watched-stalker reservation=threat-10 start=42.3499999999989 held=1
REPLAN: yield only to a fresh genuine warning; cancelled proof grants no later action permission
FOLLOW ACTUAL TYPED PROOF: source=l2-watched-root reservation=threat-11 start=42.5666666666655 held=2
ACTUAL PRIMARY: source=l2-watched-root hits=1 damage=20.0 targetHP=20.0→0.0
FOLLOW ACTUAL TYPED PROOF: source=l2-watched-stalker reservation=threat-12 start=48.0166666666652 held=1
ACTUAL PRIMARY: source=l2-watched-stalker hits=1 damage=20.0 targetHP=16.0→0.0
PASS: actual watched-clearing source(s) die to admitted ordinary-primary paths
PASS: exact native entry pair canopy-slit-entry binds its real spatial crossing
ORDINARY UNLEASED COURT NAVIGATION: l2-slit-root from=(-3.892012, -0.004844, -31.86171) to=(-1.192012, -0.004844, -31.86171) held=0
FOLLOW ACTUAL TYPED PROOF: source=l2-slit-root reservation=threat-13 start=52.816666666665 held=1
REPLAN: yield only to a fresh genuine warning; cancelled proof grants no later action permission
FOLLOW ACTUAL TYPED PROOF: source=l2-slit-stalker reservation=threat-14 start=54.3333333333315 held=2
ACTUAL PRIMARY: source=l2-slit-stalker hits=1 damage=20.0 targetHP=36.0→16.0
FOLLOW ACTUAL TYPED PROOF: source=l2-slit-root reservation=threat-15 start=59.1833333333313 held=1
REPLAN: yield only to a fresh genuine warning; cancelled proof grants no later action permission
FOLLOW ACTUAL TYPED PROOF: source=l2-slit-stalker reservation=threat-16 start=59.3999999999979 held=2
ACTUAL PRIMARY: source=l2-slit-stalker hits=1 damage=20.0 targetHP=16.0→0.0
FOLLOW ACTUAL TYPED PROOF: source=l2-slit-root reservation=threat-17 start=65.5499999999976 held=1
ACTUAL PRIMARY: source=l2-slit-root hits=1 damage=20.0 targetHP=20.0→0.0
PASS: actual canopy-slit source(s) die to admitted ordinary-primary paths
PASS: genuine nine-death spent-contact whole unit validates before chronology forgeries
PASS: real priority Stalker death record predating its actual entry pure validation preserves original whole unit and copied input
PASS: real priority Stalker death record predating its actual entry is rejected by saved-Hero and actual-Hero pure validation
PASS: real spent contact record predating the actual final source death pure validation preserves original whole unit and copied input
PASS: real spent contact record predating the actual final source death is rejected by saved-Hero and actual-Hero pure validation
PASS: nine actual deaths make one available contact exit reached by real ordinary dashes
PASS: selected route scope retains real action, checkpoint, tombstone and no-blast evidence
PASS: actual public full-level exit releases all typed source leases
PASS: actual whole forest/lab/source/cue lifecycle frees without residual groups after finite audio drain
Living Forest custody: selector=--chronology-route checks=26 failures=0; copied snapshots only; no forged restore
Living Forest actual route: 26 checks, 0 failures; first_only=false kit=
