Godot Engine v4.7.2.stable.official.ed1daf0bf - https://godotengine.org

PASS: actual enemy-free lab provides the legal carried equipment boundary
PASS: actual public equip accepts selected jacket
PASS: actual public equip accepts selected pants
PASS: actual public equip accepts selected shoes
PASS: actual public equip accepts selected weapon
PASS: public transition carries selected equipment into a fresh real rule room
PASS: real shared shell opens the selected isolated Root crescent room
PASS: actual fixed attackable bulb composes shared stationary consumer
PASS: authored live bindings configure without an error
PASS: one actual traveller stands on continuous firm floor
PASS: fresh traveller carries exactly the canonical selected kit and resolved stats
ACTUAL ROOT KIT: { "jacket": "CLOTH-J1", "pants": "CLOTH-P0", "shoes": "CLOTH-S1", "weapon": "WEAPON-02" } damage=16.0 range=1.9 dash=2.7 speed=16.5
PASS: fixed live bulb participates in ordinary enemy primary targeting
PASS: actual low capsule uses legal native .32 radius/.64 total height
PASS: real consumer reaches warning
PASS: actual scheduler owns the bounded hollow native crescent with the configured radii and sector
PASS: actual initial bait selects the Hero-facing planar bearing at the rooted source
PASS: source retains the selected native landing and primary opening for required held framing
PASS: native source art, complete crescent and selected response pass the required portrait guard before allocation
PASS: ordinary immediate primary cannot damage the closed knot during warning
PASS: real consumer reaches lock
PASS: fixed source/geometry do not track before lock
PASS: actual manual pause freezes scheduler/source/player clocks and states
PASS: shared public resume returns the existing paused exchange
PASS: actual ordinary swipe mechanic escapes to a useful flank without moving the rooted source
PASS: completed dash changes neither locked crescent nor its selected historical framing witness
PASS: real consumer reaches active
PASS: real consumer reaches recovery
PASS: shared continuous-path damage consumer respects actual lateral escape
PASS: real return dash reaches the low ordinary-primary recovery opening
ROOT ORDINARY OPENING: { "hero_position": (0.491923, -0.004844, -0.053832), "source_position": (0.0, 0.0, -0.4), "source_phase": "recovery", "source_hp_before": 20.0, "source_hp_after": 4.0, "direction": (-0.817807, 0.0, -0.575493), "response_before": { "actor": Player:<CharacterBody3D#94371842469>, "stats": { "primary_damage": 16.0, "followup_damage": 33.6, "primary_range": 1.9, "followup_range": 2.945, "primary_cooldown": 0.27272727272727, "followup_cooldown": 0.40909090909091, "primary_cone_min_dot": 0.05, "followup_cone_min_dot": 0.5, "primary_cadence_estimate": 0.3, "dash_speed": 16.5, "dash_distance": 2.7, "dash_duration": 0.16363636363636, "dash_cooldown": 0.34, "dash_invulnerability": 0.12, "hurt_invulnerability": 0.8, "max_health": 100.0, "armour": 1.2, "damage_reduction": 0.16666666666667, "effective_health": 120.0, "shell_capacity": 2, "shell_reload": 1.15, "primary_hit_reload_credit": 0.45, "gear_multipliers": { "damage": 0.8, "attack_speed": 1.1, "attack_range": 0.95, "dash_speed": 1.1, "dash_distance": 1.0, "max_health": 1.0, "armour": 1.2 }, "total_multipliers": { "damage": 0.8, "attack_speed": 1.1, "attack_range": 0.95, "dash_speed": 1.1, "dash_distance": 1.0, "max_health": 1.0, "armour": 1.2 }, "raw_gear_multipliers": { "damage": 0.8, "attack_speed": 1.1, "attack_range": 0.95, "dash_speed": 1.1, "dash_distance": 1.0, "max_health": 1.0, "armour": 1.2 }, "capped_stats": [], "weapon_id": "WEAPON-02", "weapon_name": "Quick Edge" }, "stable": false, "dash_cooldown_left_s": 0.17333333333333, "primary_cooldown_left_s": 0.0, "commitment_remaining_s": 0.0, "primary_commitment_s": 0.11818181818182, "motion": { "position": (0.491923, -0.004844, -0.053832), "velocity": (-11.04039, 0.0, -7.769161), "grounded": true, "dash_left_s": 0.0, "queued_dash": (0.0, 0.0, 0.0), "knockback_left_s": 0.0 }, "equipment_ids": { "jacket": "CLOTH-J1", "pants": "CLOTH-P0", "shoes": "CLOTH-S1", "weapon": "WEAPON-02" }, "action_clock_s": 2.84999999999999, "pending_weapon_id": "" }, "slash_return": 1, "last_action": { "kind": "slash", "hits": 1, "damage": 16.0, "reach": 1.9 } }
ERROR: FAIL: actual minimum-damage ordinary primary reduces the20HP recovery knot to4HP
   at: push_error (core/variant/variant_utility.cpp:1023)
   GDScript backtrace (most recent call first):
       [0] _expect (res://tests/acts/act3/root_latcher_room_smoke.gd:287)
       [1] _run (res://tests/acts/act3/root_latcher_room_smoke.gd:193)
       [2] _wait_idle_dash (res://tests/acts/act3/root_latcher_room_smoke.gd:260)
       [3] _ticks (res://tests/acts/act3/root_latcher_room_smoke.gd:280)
       [4] _physics_process (res://tests/acts/act3/root_latcher_room_smoke.gd:20)
Root crescent room checks: 30; failures: 1
WARNING: 2 ObjectDB instances were leaked at exit (run with `--verbose` for details).
   at: cleanup (core/object/object.cpp:2536)
