Godot Engine v4.7.2.stable.official.ed1daf0bf - https://godotengine.org

PASS: selectors choose one direct case or the default three
CASE: actual active callback/deferred drained schema1
PASS: actual MainScene opens ready isolated crescent bindings
PASS: post-actor observation follows actual source/mechanism/level transactions
PASS: real shared traveller uses continuous firm floor and Act3 presentation
PASS: real shared stationary exchange supplies the case deadlines
PASS: actual oblique bait supplies the selected nondefault crescent for exact fresh restoration
PASS: actual earlier stationary hero independently validates before pairing checks
PASS: actual lock clock reaches the finite dash-start tick without retiming
PASS: a real right dash begins during the final lock ticks
PASS: actual active callback queues supported complete-tick pause
PASS: active observer reaches its declared deferred complete native tick
PASS: deferred paused unit capture retains a genuinely moving unfinished dash
PASS: conditional common mechanism payload retains exactly this actual pending/consumed state
ACTUAL DEFERRED CONTACT: { "hero_position": (1.0, -0.004844, 1.5), "geometry": { "kind": "crescent", "origin": (0.0, 0.0, -0.4), "direction": (0.254493, 0.0, 0.967075), "inner_radius": 0.55, "outer_radius": 2.0, "min_dot": 0.5 }, "hit_ids": ["hero"], "hit_events": [{ "hero_id": "hero", "cycle": 1, "result": { "opportunity_consumed": true, "accepted": false, "raw_damage": 10.0, "hp_damage": 0.0, "impulse": (0.0, 0.0, 0.0) } }], "dash": { "api_revision": "player-dash-framing-1", "active": true, "origin": (0.5, -0.004844, 1.5), "direction": (1.0, 0.0, 0.0), "speed": 15.0, "duration_s": 0.18, "distance": 2.7, "remaining_s": 0.14666666666667 } }
PASS: supported pause flush drains the actual active opportunity once before capturing the aggregate
PASS: published exact JSON preserves every native type, scalar bit, actor and conditional path
PASS: actual paused native pair independently validates without input/live mutation
PASS: pure and direct restore reject fixed bulb position without mutating the unit; Fixed bulb identity, position, profile and native mechanism required
PASS: pure and direct restore reject unsupported owned schema without mutating the unit; Fixed bulb identity, position, profile and native mechanism required
PASS: pure and direct restore reject immutable shared mechanism geometry without mutating the unit; Invalid immutable mechanism identity/configuration/schema
PASS: pure and direct restore reject running source without its retained selected frame without mutating the unit; Executed bulb must retain both selected historical render points
PASS: pure and direct restore reject off-floor historical landing without mutating the unit; Historical framing point lacks its stable supported floor envelope
PASS: pure and direct restore reject valid nondefault source direction detached from paired scheduler without mutating the unit; Running mechanism and scheduler reservation disagree
PASS: pure and direct restore reject forged death with live HP without mutating the unit; Fixed bulb resources/lifecycle differ from its immutable role
PASS: pure and direct restore reject live bulb with disabled collision without mutating the unit; Actual bulb collision must match living/dead lifecycle
PASS: pure and direct restore reject independently valid role crossed with another scheduler profile without mutating the unit; Bulb HP role must resolve from the paired shared profile
PASS: pure and direct restore reject one-bit source/scheduler clock join without mutating the unit; Defeated bulb cannot retain a threat; actor/mechanism clocks must match
PASS: pure and direct restore reject one-bit common current path-sample clock without mutating the unit; Running hero path sample must match the same actual/staged actor tick
PASS: independently valid earlier hero cannot replace the moving same-tick path sample
PASS: paused pair leaves motion, clocks, HP/resources, path custody, cue and events frozen
PASS: public old-world exit releases all stationary leases
PASS: old real world and both source/hero nodes are released before reconstruction
PASS: actual MainScene opens ready isolated crescent bindings at a quiet fresh barrier
PASS: post-actor observation follows actual source/mechanism/level transactions
PASS: fresh world is configured without a physics tick, lease, damage or cooldown
PASS: complete saved hero/source/scheduler prevalidation is pure on fresh actual bindings; 
PASS: ordered actual hero → fixed bulb → scheduler → mechanism quietly reconstructs the unit; ; ; 
PASS: fresh recapture preserves exact phase/deadlines/HP/resources/history/pending dash/cues without restore events
PASS: restored real capsule, living primary target, native hero pose and shared clock match saved authority
PASS: fresh reconstructed unit remains frozen before public resume
PASS: public resume continues the saved real dash and original shared cycle on a new tick
PASS: continued pending opportunity resolves once (dash immunity may reject HP); consumed history never re-damages
PASS: restored unfinished dash publishes one real completed action preserving its exact original path prefix
PASS: actual ordinary return dash reaches the fixed low recovery knot
PASS: one real ordinary primary severs the restored recovery knot with zero ammo and no additional HP loss
PASS: genuine spent bulb retains a valid paused cooldown/lifecycle pair, quiet art and no lease/group/damage authority
PASS: direct unit proof grants no level checkpoint, completion or campaign acceptance
PASS: public old-world exit releases all stationary leases
Root crescent direct snapshots: 47 checks; failures: 0
