Waiting for the shared Godot session to close…
Godot Engine v4.7.2.stable.official.ed1daf0bf - https://godotengine.org

PASS: selectors choose one direct case or the default three
CASE: actual active callback/deferred drained schema1
PASS: actual MainScene opens ready isolated crescent bindings
PASS: post-actor observation follows actual source/mechanism/level transactions
PASS: real shared traveller uses continuous firm floor and Act3 presentation
PASS: real shared stationary exchange supplies the case deadlines
PASS: actual oblique bait supplies the selected nondefault crescent for exact fresh restoration
PASS: actual earlier stationary hero independently validates before pairing checks
PASS: actual lock clock reaches the finite dash-start tick without retiming
PASS: a real right dash begins during the final lock ticks
PASS: actual active callback queues supported complete-tick pause
PASS: active observer reaches its declared deferred complete native tick
PASS: deferred paused unit capture retains a genuinely moving unfinished dash
PASS: conditional common mechanism payload retains exactly this actual pending/consumed state
ERROR: FAIL: supported pause flush drains the actual active opportunity once before capturing the aggregate
   at: push_error (core/variant/variant_utility.cpp:1023)
   GDScript backtrace (most recent call first):
       [0] _expect (res://tests/acts/act3/root_latcher_snapshot_smoke.gd:482)
       [1] _case (res://tests/acts/act3/root_latcher_snapshot_smoke.gd:124)
       [2] _settle_pause (res://tests/acts/act3/root_latcher_snapshot_smoke.gd:421)
DIRECT UNIT DIAGNOSTIC clock=2.48333333333333 phase=active hero=(1.75, -0.005781, 1.5) HP=100.0 dash={ "api_revision": "player-dash-framing-1", "active": true, "origin": (1.25, -0.005781, 1.5), "direction": (1.0, 0.0, 0.0), "speed": 15.0, "duration_s": 0.18, "distance": 2.7, "remaining_s": 0.14666666666667 } mechanism={ "api_revision": "lane-mechanism-1", "mechanism_id": "root-crescent-source/attack", "status": "running", "phase": "active", "remaining_s": 0.18333333333334, "cycle": 1, "reservation_id": "threat-1", "geometry": { "kind": "crescent", "origin": (0.0, 0.0, -0.4), "direction": (0.549617, 0.0, 0.835417), "inner_radius": 0.55, "outer_radius": 2.0, "min_dot": 0.5 }, "source_position": (0.0, 0.0, -0.4), "opening_position": (0.0, 0.0, -0.4), "resolved_role": { "raw_damage": 10.0, "max_hp": 20.0, "windup_s": 2.2, "lock_s": 1.1, "active_s": 0.2, "recovery_s": 1.8, "attack_interval_s": 4.0, "move_speed": 0.0, "damage": 10.0, "difficulty_schema": 1, "difficulty_profile": "standard", "tuning_status": "provisional_unplaytested", "raw_role": { "raw_damage": 10.0, "max_hp": 20.0, "windup_s": 2.2, "lock_s": 1.1, "active_s": 0.2, "recovery_s": 1.8, "attack_interval_s": 4.0, "move_speed": 0.0 } }, "hit_ids": [], "last_cancel_reason": "" } framing=
PASS: public old-world exit releases all stationary leases
Root crescent direct snapshots: 15 checks; failures: 1
