Waiting for the shared Godot session to close…
Godot Engine v4.7.2.stable.official.ed1daf0bf - https://godotengine.org

PASS: public catalogue enumerates exactly13 canonical static IDs
PASS: 3×3×3×4 public resolutions yield exactly108 unique kits
COVERAGE: 108 selected actual native crescent admissions; catalogue13 static IDs/108 legal kits; zero-ammo setup; 4.0s first-warning simulation/wall bound. No clears or two-sun coverage.
PASS: case001/108 CLOTH-J0/CLOTH-P0/CLOTH-S0/WEAPON-01: actual preview, zero-ammo warning witness and cleanup
PASS: case002/108 CLOTH-J0/CLOTH-P0/CLOTH-S0/WEAPON-02: actual preview, zero-ammo warning witness and cleanup
PASS: case003/108 CLOTH-J0/CLOTH-P0/CLOTH-S0/WEAPON-03: actual preview, zero-ammo warning witness and cleanup
PASS: case004/108 CLOTH-J0/CLOTH-P0/CLOTH-S0/WEAPON-04: actual preview, zero-ammo warning witness and cleanup
PASS: case005/108 CLOTH-J0/CLOTH-P0/CLOTH-S1/WEAPON-01: actual preview, zero-ammo warning witness and cleanup
PASS: case006/108 CLOTH-J0/CLOTH-P0/CLOTH-S1/WEAPON-02: actual preview, zero-ammo warning witness and cleanup
PASS: case007/108 CLOTH-J0/CLOTH-P0/CLOTH-S1/WEAPON-03: actual preview, zero-ammo warning witness and cleanup
PASS: case008/108 CLOTH-J0/CLOTH-P0/CLOTH-S1/WEAPON-04: actual preview, zero-ammo warning witness and cleanup
PASS: case009/108 CLOTH-J0/CLOTH-P0/CLOTH-S2/WEAPON-01: actual preview, zero-ammo warning witness and cleanup
PASS: case010/108 CLOTH-J0/CLOTH-P0/CLOTH-S2/WEAPON-02: actual preview, zero-ammo warning witness and cleanup
PASS: case011/108 CLOTH-J0/CLOTH-P0/CLOTH-S2/WEAPON-03: actual preview, zero-ammo warning witness and cleanup
PASS: case012/108 CLOTH-J0/CLOTH-P0/CLOTH-S2/WEAPON-04: actual preview, zero-ammo warning witness and cleanup
PASS: case013/108 CLOTH-J0/CLOTH-P1/CLOTH-S0/WEAPON-01: actual preview, zero-ammo warning witness and cleanup
PASS: case014/108 CLOTH-J0/CLOTH-P1/CLOTH-S0/WEAPON-02: actual preview, zero-ammo warning witness and cleanup
PASS: case015/108 CLOTH-J0/CLOTH-P1/CLOTH-S0/WEAPON-03: actual preview, zero-ammo warning witness and cleanup
PASS: case016/108 CLOTH-J0/CLOTH-P1/CLOTH-S0/WEAPON-04: actual preview, zero-ammo warning witness and cleanup
PASS: case017/108 CLOTH-J0/CLOTH-P1/CLOTH-S1/WEAPON-01: actual preview, zero-ammo warning witness and cleanup
PASS: case018/108 CLOTH-J0/CLOTH-P1/CLOTH-S1/WEAPON-02: actual preview, zero-ammo warning witness and cleanup
PASS: case019/108 CLOTH-J0/CLOTH-P1/CLOTH-S1/WEAPON-03: actual preview, zero-ammo warning witness and cleanup
PASS: case020/108 CLOTH-J0/CLOTH-P1/CLOTH-S1/WEAPON-04: actual preview, zero-ammo warning witness and cleanup
PASS: case021/108 CLOTH-J0/CLOTH-P1/CLOTH-S2/WEAPON-01: actual preview, zero-ammo warning witness and cleanup
PASS: case022/108 CLOTH-J0/CLOTH-P1/CLOTH-S2/WEAPON-02: actual preview, zero-ammo warning witness and cleanup
PASS: case023/108 CLOTH-J0/CLOTH-P1/CLOTH-S2/WEAPON-03: actual preview, zero-ammo warning witness and cleanup
PASS: case024/108 CLOTH-J0/CLOTH-P1/CLOTH-S2/WEAPON-04: actual preview, zero-ammo warning witness and cleanup
PASS: case025/108 CLOTH-J0/CLOTH-P2/CLOTH-S0/WEAPON-01: actual preview, zero-ammo warning witness and cleanup
PASS: case026/108 CLOTH-J0/CLOTH-P2/CLOTH-S0/WEAPON-02: actual preview, zero-ammo warning witness and cleanup
PASS: case027/108 CLOTH-J0/CLOTH-P2/CLOTH-S0/WEAPON-03: actual preview, zero-ammo warning witness and cleanup
PASS: case028/108 CLOTH-J0/CLOTH-P2/CLOTH-S0/WEAPON-04: actual preview, zero-ammo warning witness and cleanup
PASS: case029/108 CLOTH-J0/CLOTH-P2/CLOTH-S1/WEAPON-01: actual preview, zero-ammo warning witness and cleanup
PASS: case030/108 CLOTH-J0/CLOTH-P2/CLOTH-S1/WEAPON-02: actual preview, zero-ammo warning witness and cleanup
PASS: case031/108 CLOTH-J0/CLOTH-P2/CLOTH-S1/WEAPON-03: actual preview, zero-ammo warning witness and cleanup
PASS: case032/108 CLOTH-J0/CLOTH-P2/CLOTH-S1/WEAPON-04: actual preview, zero-ammo warning witness and cleanup
PASS: case033/108 CLOTH-J0/CLOTH-P2/CLOTH-S2/WEAPON-01: actual preview, zero-ammo warning witness and cleanup
PASS: case034/108 CLOTH-J0/CLOTH-P2/CLOTH-S2/WEAPON-02: actual preview, zero-ammo warning witness and cleanup
PASS: case035/108 CLOTH-J0/CLOTH-P2/CLOTH-S2/WEAPON-03: actual preview, zero-ammo warning witness and cleanup
PASS: case036/108 CLOTH-J0/CLOTH-P2/CLOTH-S2/WEAPON-04: actual preview, zero-ammo warning witness and cleanup
PASS: case037/108 CLOTH-J1/CLOTH-P0/CLOTH-S0/WEAPON-01: actual preview, zero-ammo warning witness and cleanup
PASS: case038/108 CLOTH-J1/CLOTH-P0/CLOTH-S0/WEAPON-02: actual preview, zero-ammo warning witness and cleanup
PASS: case039/108 CLOTH-J1/CLOTH-P0/CLOTH-S0/WEAPON-03: actual preview, zero-ammo warning witness and cleanup
PASS: case040/108 CLOTH-J1/CLOTH-P0/CLOTH-S0/WEAPON-04: actual preview, zero-ammo warning witness and cleanup
PASS: case041/108 CLOTH-J1/CLOTH-P0/CLOTH-S1/WEAPON-01: actual preview, zero-ammo warning witness and cleanup
PASS: case042/108 CLOTH-J1/CLOTH-P0/CLOTH-S1/WEAPON-02: actual preview, zero-ammo warning witness and cleanup
PASS: case043/108 CLOTH-J1/CLOTH-P0/CLOTH-S1/WEAPON-03: actual preview, zero-ammo warning witness and cleanup
PASS: case044/108 CLOTH-J1/CLOTH-P0/CLOTH-S1/WEAPON-04: actual preview, zero-ammo warning witness and cleanup
PASS: case045/108 CLOTH-J1/CLOTH-P0/CLOTH-S2/WEAPON-01: actual preview, zero-ammo warning witness and cleanup
PASS: case046/108 CLOTH-J1/CLOTH-P0/CLOTH-S2/WEAPON-02: actual preview, zero-ammo warning witness and cleanup
PASS: case047/108 CLOTH-J1/CLOTH-P0/CLOTH-S2/WEAPON-03: actual preview, zero-ammo warning witness and cleanup
PASS: case048/108 CLOTH-J1/CLOTH-P0/CLOTH-S2/WEAPON-04: actual preview, zero-ammo warning witness and cleanup
PASS: case049/108 CLOTH-J1/CLOTH-P1/CLOTH-S0/WEAPON-01: actual preview, zero-ammo warning witness and cleanup
PASS: case050/108 CLOTH-J1/CLOTH-P1/CLOTH-S0/WEAPON-02: actual preview, zero-ammo warning witness and cleanup
PASS: case051/108 CLOTH-J1/CLOTH-P1/CLOTH-S0/WEAPON-03: actual preview, zero-ammo warning witness and cleanup
PASS: case052/108 CLOTH-J1/CLOTH-P1/CLOTH-S0/WEAPON-04: actual preview, zero-ammo warning witness and cleanup
PASS: case053/108 CLOTH-J1/CLOTH-P1/CLOTH-S1/WEAPON-01: actual preview, zero-ammo warning witness and cleanup
PASS: case054/108 CLOTH-J1/CLOTH-P1/CLOTH-S1/WEAPON-02: actual preview, zero-ammo warning witness and cleanup
PASS: case055/108 CLOTH-J1/CLOTH-P1/CLOTH-S1/WEAPON-03: actual preview, zero-ammo warning witness and cleanup
PASS: case056/108 CLOTH-J1/CLOTH-P1/CLOTH-S1/WEAPON-04: actual preview, zero-ammo warning witness and cleanup
PASS: case057/108 CLOTH-J1/CLOTH-P1/CLOTH-S2/WEAPON-01: actual preview, zero-ammo warning witness and cleanup
PASS: case058/108 CLOTH-J1/CLOTH-P1/CLOTH-S2/WEAPON-02: actual preview, zero-ammo warning witness and cleanup
PASS: case059/108 CLOTH-J1/CLOTH-P1/CLOTH-S2/WEAPON-03: actual preview, zero-ammo warning witness and cleanup
PASS: case060/108 CLOTH-J1/CLOTH-P1/CLOTH-S2/WEAPON-04: actual preview, zero-ammo warning witness and cleanup
PASS: case061/108 CLOTH-J1/CLOTH-P2/CLOTH-S0/WEAPON-01: actual preview, zero-ammo warning witness and cleanup
PASS: case062/108 CLOTH-J1/CLOTH-P2/CLOTH-S0/WEAPON-02: actual preview, zero-ammo warning witness and cleanup
PASS: case063/108 CLOTH-J1/CLOTH-P2/CLOTH-S0/WEAPON-03: actual preview, zero-ammo warning witness and cleanup
PASS: case064/108 CLOTH-J1/CLOTH-P2/CLOTH-S0/WEAPON-04: actual preview, zero-ammo warning witness and cleanup
PASS: case065/108 CLOTH-J1/CLOTH-P2/CLOTH-S1/WEAPON-01: actual preview, zero-ammo warning witness and cleanup
PASS: case066/108 CLOTH-J1/CLOTH-P2/CLOTH-S1/WEAPON-02: actual preview, zero-ammo warning witness and cleanup
PASS: case067/108 CLOTH-J1/CLOTH-P2/CLOTH-S1/WEAPON-03: actual preview, zero-ammo warning witness and cleanup
PASS: case068/108 CLOTH-J1/CLOTH-P2/CLOTH-S1/WEAPON-04: actual preview, zero-ammo warning witness and cleanup
PASS: case069/108 CLOTH-J1/CLOTH-P2/CLOTH-S2/WEAPON-01: actual preview, zero-ammo warning witness and cleanup
PASS: case070/108 CLOTH-J1/CLOTH-P2/CLOTH-S2/WEAPON-02: actual preview, zero-ammo warning witness and cleanup
PASS: case071/108 CLOTH-J1/CLOTH-P2/CLOTH-S2/WEAPON-03: actual preview, zero-ammo warning witness and cleanup
PASS: case072/108 CLOTH-J1/CLOTH-P2/CLOTH-S2/WEAPON-04: actual preview, zero-ammo warning witness and cleanup
PASS: case073/108 CLOTH-J2/CLOTH-P0/CLOTH-S0/WEAPON-01: actual preview, zero-ammo warning witness and cleanup
PASS: case074/108 CLOTH-J2/CLOTH-P0/CLOTH-S0/WEAPON-02: actual preview, zero-ammo warning witness and cleanup
PASS: case075/108 CLOTH-J2/CLOTH-P0/CLOTH-S0/WEAPON-03: actual preview, zero-ammo warning witness and cleanup
PASS: case076/108 CLOTH-J2/CLOTH-P0/CLOTH-S0/WEAPON-04: actual preview, zero-ammo warning witness and cleanup
PASS: case077/108 CLOTH-J2/CLOTH-P0/CLOTH-S1/WEAPON-01: actual preview, zero-ammo warning witness and cleanup
PASS: case078/108 CLOTH-J2/CLOTH-P0/CLOTH-S1/WEAPON-02: actual preview, zero-ammo warning witness and cleanup
PASS: case079/108 CLOTH-J2/CLOTH-P0/CLOTH-S1/WEAPON-03: actual preview, zero-ammo warning witness and cleanup
PASS: case080/108 CLOTH-J2/CLOTH-P0/CLOTH-S1/WEAPON-04: actual preview, zero-ammo warning witness and cleanup
PASS: case081/108 CLOTH-J2/CLOTH-P0/CLOTH-S2/WEAPON-01: actual preview, zero-ammo warning witness and cleanup
PASS: case082/108 CLOTH-J2/CLOTH-P0/CLOTH-S2/WEAPON-02: actual preview, zero-ammo warning witness and cleanup
PASS: case083/108 CLOTH-J2/CLOTH-P0/CLOTH-S2/WEAPON-03: actual preview, zero-ammo warning witness and cleanup
PASS: case084/108 CLOTH-J2/CLOTH-P0/CLOTH-S2/WEAPON-04: actual preview, zero-ammo warning witness and cleanup
PASS: case085/108 CLOTH-J2/CLOTH-P1/CLOTH-S0/WEAPON-01: actual preview, zero-ammo warning witness and cleanup
PASS: case086/108 CLOTH-J2/CLOTH-P1/CLOTH-S0/WEAPON-02: actual preview, zero-ammo warning witness and cleanup
PASS: case087/108 CLOTH-J2/CLOTH-P1/CLOTH-S0/WEAPON-03: actual preview, zero-ammo warning witness and cleanup
PASS: case088/108 CLOTH-J2/CLOTH-P1/CLOTH-S0/WEAPON-04: actual preview, zero-ammo warning witness and cleanup
PASS: case089/108 CLOTH-J2/CLOTH-P1/CLOTH-S1/WEAPON-01: actual preview, zero-ammo warning witness and cleanup
PASS: case090/108 CLOTH-J2/CLOTH-P1/CLOTH-S1/WEAPON-02: actual preview, zero-ammo warning witness and cleanup
PASS: case091/108 CLOTH-J2/CLOTH-P1/CLOTH-S1/WEAPON-03: actual preview, zero-ammo warning witness and cleanup
PASS: case092/108 CLOTH-J2/CLOTH-P1/CLOTH-S1/WEAPON-04: actual preview, zero-ammo warning witness and cleanup
PASS: case093/108 CLOTH-J2/CLOTH-P1/CLOTH-S2/WEAPON-01: actual preview, zero-ammo warning witness and cleanup
PASS: case094/108 CLOTH-J2/CLOTH-P1/CLOTH-S2/WEAPON-02: actual preview, zero-ammo warning witness and cleanup
PASS: case095/108 CLOTH-J2/CLOTH-P1/CLOTH-S2/WEAPON-03: actual preview, zero-ammo warning witness and cleanup
PASS: case096/108 CLOTH-J2/CLOTH-P1/CLOTH-S2/WEAPON-04: actual preview, zero-ammo warning witness and cleanup
PASS: case097/108 CLOTH-J2/CLOTH-P2/CLOTH-S0/WEAPON-01: actual preview, zero-ammo warning witness and cleanup
PASS: case098/108 CLOTH-J2/CLOTH-P2/CLOTH-S0/WEAPON-02: actual preview, zero-ammo warning witness and cleanup
PASS: case099/108 CLOTH-J2/CLOTH-P2/CLOTH-S0/WEAPON-03: actual preview, zero-ammo warning witness and cleanup
PASS: case100/108 CLOTH-J2/CLOTH-P2/CLOTH-S0/WEAPON-04: actual preview, zero-ammo warning witness and cleanup
PASS: case101/108 CLOTH-J2/CLOTH-P2/CLOTH-S1/WEAPON-01: actual preview, zero-ammo warning witness and cleanup
PASS: case102/108 CLOTH-J2/CLOTH-P2/CLOTH-S1/WEAPON-02: actual preview, zero-ammo warning witness and cleanup
PASS: case103/108 CLOTH-J2/CLOTH-P2/CLOTH-S1/WEAPON-03: actual preview, zero-ammo warning witness and cleanup
PASS: case104/108 CLOTH-J2/CLOTH-P2/CLOTH-S1/WEAPON-04: actual preview, zero-ammo warning witness and cleanup
PASS: case105/108 CLOTH-J2/CLOTH-P2/CLOTH-S2/WEAPON-01: actual preview, zero-ammo warning witness and cleanup
PASS: case106/108 CLOTH-J2/CLOTH-P2/CLOTH-S2/WEAPON-02: actual preview, zero-ammo warning witness and cleanup
PASS: case107/108 CLOTH-J2/CLOTH-P2/CLOTH-S2/WEAPON-03: actual preview, zero-ammo warning witness and cleanup
PASS: case108/108 CLOTH-J2/CLOTH-P2/CLOTH-S2/WEAPON-04: actual preview, zero-ammo warning witness and cleanup
PASS: every selected kit receives a pure native preview and real zero-ammo Root lease
Root native crescent loadout admissions: 111 checks; failures:0; attempted:108/108; pure previews:108; actual zero-ammo leases:108. No kit clears, two-sun states, native gestures or human fairness claim.
