Godot Engine v4.7.2.stable.official.ed1daf0bf - https://godotengine.org

PASS: actual enemy-free lab provides the legal carried equipment boundary
PASS: actual public equip accepts selected jacket
PASS: actual public equip accepts selected pants
PASS: actual public equip accepts selected shoes
PASS: actual public equip accepts selected weapon
PASS: public transition carries selected equipment into a fresh real rule room
PASS: real shared shell opens the selected isolated Root crescent room
PASS: actual fixed attackable bulb composes shared stationary consumer
PASS: authored live bindings configure without an error
PASS: one actual traveller stands on continuous firm floor
PASS: fresh traveller carries exactly the canonical selected kit and resolved stats
ACTUAL ROOT KIT: { "jacket": "CLOTH-J1", "pants": "CLOTH-P0", "shoes": "CLOTH-S1", "weapon": "WEAPON-02" } damage=16.0 range=1.9 dash=2.7 speed=16.5
PASS: fixed live bulb participates in ordinary enemy primary targeting
PASS: actual low capsule uses legal native .32 radius/.64 total height
PASS: real consumer reaches warning
PASS: actual scheduler owns the bounded hollow native crescent with the configured radii and sector
PASS: actual initial bait selects the Hero-facing planar bearing at the rooted source
PASS: source retains the selected native landing and primary opening for required held framing
PASS: native source art, complete crescent and selected response pass the required portrait guard before allocation
PASS: ordinary immediate primary cannot damage the closed knot during warning
PASS: real consumer reaches lock
PASS: fixed source/geometry do not track before lock
PASS: actual manual pause freezes scheduler/source/player clocks and states
PASS: shared public resume returns the existing paused exchange
PASS: actual ordinary swipe mechanic escapes to a useful flank without moving the rooted source
PASS: completed dash changes neither locked crescent nor its selected historical framing witness
PASS: real consumer reaches active
PASS: real consumer reaches recovery
PASS: shared continuous-path damage consumer respects actual lateral escape
PASS: real return dash reaches the low ordinary-primary recovery opening
ERROR: FAIL: actual minimum-damage ordinary primary reduces the20HP recovery knot to4HP
   at: push_error (core/variant/variant_utility.cpp:1023)
   GDScript backtrace (most recent call first):
       [0] _expect (res://tests/acts/act3/root_latcher_room_smoke.gd:285)
       [1] _run (res://tests/acts/act3/root_latcher_room_smoke.gd:191)
       [2] _wait_idle_dash (res://tests/acts/act3/root_latcher_room_smoke.gd:258)
       [3] _ticks (res://tests/acts/act3/root_latcher_room_smoke.gd:278)
       [4] _physics_process (res://tests/acts/act3/root_latcher_room_smoke.gd:20)
Root crescent room checks: 30; failures: 1
