Waiting for the shared Godot session to close…
Godot Engine v4.7.2.stable.official.ed1daf0bf - https://godotengine.org

PASS: actual enemy-free lab provides the legal carried equipment boundary
PASS: actual public equip accepts selected jacket
PASS: actual public equip accepts selected pants
PASS: actual public equip accepts selected shoes
PASS: actual public equip accepts selected weapon
PASS: public transition carries selected equipment into a fresh real rule room
PASS: real shared shell opens the selected isolated Root crescent room
PASS: actual fixed attackable bulb composes shared stationary consumer
PASS: authored live bindings configure without an error
PASS: one actual traveller stands on continuous firm floor
PASS: fresh traveller carries exactly the canonical selected kit and resolved stats
ACTUAL ROOT KIT: { "jacket": "CLOTH-J1", "pants": "CLOTH-P0", "shoes": "CLOTH-S1", "weapon": "WEAPON-02" } damage=16.0 range=1.9 dash=2.7 speed=16.5
PASS: fixed live bulb participates in ordinary enemy primary targeting
PASS: actual low capsule uses legal native .32 radius/.64 total height
PASS: real consumer reaches warning
PASS: actual scheduler owns the bounded hollow native crescent with the configured radii and sector
PASS: actual initial bait selects the Hero-facing planar bearing at the rooted source
PASS: source retains the selected native landing and primary opening for required held framing
PASS: native source art, complete crescent and selected response pass the required portrait guard before allocation
PASS: ordinary immediate primary cannot damage the closed knot during warning
PASS: real consumer reaches lock
PASS: fixed source/geometry do not track before lock
PASS: actual manual pause freezes scheduler/source/player clocks and states
PASS: shared public resume returns the existing paused exchange
PASS: actual ordinary swipe mechanic escapes to a useful flank without moving the rooted source
PASS: completed dash changes neither locked crescent nor its selected historical framing witness
PASS: real consumer reaches active
PASS: real consumer reaches recovery
PASS: shared continuous-path damage consumer respects actual lateral escape
PASS: real return dash reaches the low ordinary-primary recovery opening
ROOT ORDINARY OPENING: { "hero_position": (0.491923, -0.004844, -0.053832), "source_position": (0.0, 0.0, -0.4), "source_phase": "recovery", "cooldown_before": 0.0, "slash_return": 1, "last_action": { "kind": "slash", "hits": 1, "damage": 16.0, "reach": 1.9 }, "exact_damage_and_hp": "{\"api_revision\":\"exact-json-1\",\"schema_version\":1,\"value\":[\"dictionary\",[[\"damage\",[\"float64\",\"ffffffffffff2f40\"]],[\"hp_after\",[\"float64\",\"0200000000001040\"]],[\"hp_before\",[\"float64\",\"0000000000003440\"]]]]}" }
PASS: actual minimum-damage kit subtracts its resolved ordinary primary once from the20HP recovery knot
PASS: actual weak-kit primary cooldown expires within the same held recovery opening
PASS: real ordinary primary severs the exposed knot with no blast ammo
PASS: defeat removes attackable/collision authority and emits exactly one death
PASS: defeat cancels the exact stationary lease and clears shared danger cues
PASS: spent source stays harmless without recurring damage, blast or duplicate death
Root crescent room checks: 35; failures: 0
