Godot Engine v4.7.2.stable.official.ed1daf0bf - https://godotengine.org

PASS: real shared shell opens the selected isolated Root crescent room
PASS: actual fixed attackable bulb composes shared stationary consumer
PASS: authored live bindings configure without an error
PASS: one actual traveller stands on continuous firm floor
PASS: fixed live bulb participates in ordinary enemy primary targeting
PASS: actual low capsule uses legal native .32 radius/.64 total height
PASS: real consumer reaches warning
PASS: actual scheduler owns the bounded hollow native crescent with the configured radii and sector
PASS: actual initial bait selects the Hero-facing planar bearing at the rooted source
PASS: source retains the selected native landing and primary opening for required held framing
PASS: native source art, complete crescent and selected response pass the required portrait guard before allocation
PASS: ordinary immediate primary cannot damage the closed knot during warning
PASS: real consumer reaches lock
PASS: fixed source/geometry do not track before lock
PASS: actual manual pause freezes scheduler/source/player clocks and states
PASS: shared public resume returns the existing paused exchange
PASS: actual ordinary swipe mechanic escapes to a useful flank without moving the rooted source
PASS: completed dash changes neither locked crescent nor its selected historical framing witness
PASS: real consumer reaches active
PASS: real consumer reaches recovery
PASS: shared continuous-path damage consumer respects actual lateral escape
PASS: real return dash reaches the low ordinary-primary recovery opening
PASS: real ordinary primary severs the exposed knot with no blast ammo
PASS: defeat removes attackable/collision authority and emits exactly one death
PASS: defeat cancels the exact stationary lease and clears shared danger cues
PASS: spent source stays harmless without recurring damage, blast or duplicate death
Root crescent room checks: 26; failures: 0
