Waiting for the shared Godot session to close…
Godot Engine v4.7.2.stable.official.ed1daf0bf - https://godotengine.org
OpenGL API 4.1 Metal - 90.5 - Compatibility - Using Device: Apple - Apple M3

PASS: fixture asserts exact accepted HANDOFF provenance (optional --expected-commit=<40hex>)
PASS: actual production registry validates the exact accepted authored A3 scene: 
PASS: production registry configures only isolated PID user paths
PASS: real production Title has no duplicate live world for isolated first launch: 
PASS: first launch invents no prior story progress
PASS: optional portrait capture uses actual graphical renderer
PASS: actual540x1170 production portrait captured: /Users/howardchen/Library/Application Support/Godot/app_userdata/Cinder/test-act3-registration-captures-48067-1499527/title-locked.png
PASS: real Journey keeps accepted A3-L1 locked behind its actual A2-L5 prerequisite
PASS: optional portrait capture uses actual graphical renderer
PASS: actual540x1170 production portrait captured: /Users/howardchen/Library/Application Support/Godot/app_userdata/Cinder/test-act3-registration-captures-48067-1499527/journey-locked.png
PASS: disabled locked card neither loads A3 nor fabricates progression
PASS: TEST ONLY seed captures actual authored full runtime, not historical twin_suns.gd
PASS: TEST ONLY initial HP/zeroammo seed uses validated quiet public actor restore
PASS: TEST ONLY ten-predecessor prefix/actual initial A3 unit writes through public attempts/store:   
PASS: seed retains unchanged initial full A3 world/presentation with no entered source or executed action
PASS: seed preview actor/level retire before production installation
TEST ONLY prefix/resource seed: ["A1-L1", "A1-L2", "A1-L3", "A1-L4", "A1-L5", "A2-L1", "A2-L2", "A2-L3", "A2-L4", "A2-L5"]; HP=37.0; initial shells=0; not predecessor gameplay or A3 clear evidence
PASS: production registry configures only isolated PID user paths
PASS: real production Title has no duplicate live world for TEST ONLY ten-predecessor story seed: 
PASS: TEST ONLY ten-predecessor prefix offers protected uncompleted A3 story Continue
PASS: real seeded Journey offers current A3-L1 Continue while A3-L2 stays locked
PASS: optional portrait capture uses actual graphical renderer
PASS: actual540x1170 production portrait captured: /Users/howardchen/Library/Application Support/Godot/app_userdata/Cinder/test-act3-registration-captures-48067-1499527/journey-seeded.png
PASS: actual production A3 installation waits paused at Resume: 
PASS: exact production full A3 scene owns the shared actor/effects and five authored sources
PASS: actual retained source has canonical binding: l1-flank-stalker
PASS: actual retained source has canonical binding: l1-approach-stalker
PASS: actual retained source has canonical binding: l1-crossing-west
PASS: actual retained source has canonical binding: l1-crossing-east
PASS: actual retained source has canonical binding: l1-departure-stalker
PASS: full authored level binds actual sources and world to its one common scheduler
PASS: actual accepted full localversion5 entry is a coherent actor/five-source/scheduler/shell unit
PASS: fresh TEST ONLY initial resources retain no executed action/input/tick
PASS: entry reopens actual checked format2 SaveStore data
PASS: initial living entry exposes actual paused GUI Resume
PASS: initial living entry GUI press/release is consumed before input/action/resource/pose/clock/anchor changes
PASS: optional portrait capture uses actual graphical renderer
PASS: actual540x1170 production portrait captured: /Users/howardchen/Library/Application Support/Godot/app_userdata/Cinder/test-act3-registration-captures-48067-1499527/arrival.png
PASS: actual viewport touch/drag/release starts one public physical dash and records exact release anchor
PASS: public deferred pause captures the actual routed movement and complete authored world: 
PASS: real routed release retains physical dash path and separate exact screen release anchor
PASS: live dash changes actual path/clocks/camera before the save
PASS: short actual movement preserves low HP/empty ammo/gear and one routed input
PASS: coherent movement save protects its initial checkpoint and awards no A3 completion/reward
PASS: actual pause publishes an exact checked format2 generation
PASS: paused frames freeze complete actor/local/input/camera state exactly
PASS: first shell closure frees actual @Node3D@1175
PASS: first shell closure frees actual TwinSuns
PASS: first shell closure frees actual CinderPlayer
PASS: first shell closure frees actual @Node3D@1483
PASS: first shell closure frees actual SafeShelfFloor
PASS: first shell closure frees actual WestBoundary
PASS: first shell closure frees actual EastBoundary
PASS: first shell closure frees actual NorthBoundary
PASS: first shell closure frees actual SouthBoundary
PASS: first shell closure frees actual TwoApproachesTreeLowTrunk
PASS: first shell closure frees actual CrossingTreeLowTrunk
PASS: first shell closure frees actual TwinSunsThreatScheduler
PASS: first shell closure frees actual l1_flank_stalker
PASS: first shell closure frees actual RequiredThreatCue
PASS: first shell closure frees actual l1_approach_stalker
PASS: first shell closure frees actual RequiredThreatCue
PASS: first shell closure frees actual l1_crossing_west
PASS: first shell closure frees actual RequiredThreatCue
PASS: first shell closure frees actual l1_crossing_east
PASS: first shell closure frees actual RequiredThreatCue
PASS: first shell closure frees actual l1_departure_stalker
PASS: first shell closure frees actual RequiredThreatCue
PASS: first shell closure frees actual PoolingdredContactCue
PASS: production registry configures only isolated PID user paths
PASS: real production Title has no duplicate live world for living saved movement: 
PASS: actual production A3 installation waits paused at Resume: 
PASS: exact production full A3 scene owns the shared actor/effects and five authored sources
PASS: actual retained source has canonical binding: l1-flank-stalker
PASS: actual retained source has canonical binding: l1-approach-stalker
PASS: actual retained source has canonical binding: l1-crossing-west
PASS: actual retained source has canonical binding: l1-crossing-east
PASS: actual retained source has canonical binding: l1-departure-stalker
PASS: full authored level binds actual sources and world to its one common scheduler
PASS: fresh actual GUI Continue restores exact living saved movement without gameplay callbacks: []
PASS: fresh Continue preserves actual resources and does not republish the past dash
PASS: actual production A3 installation waits paused at Resume: 
PASS: exact production full A3 scene owns the shared actor/effects and five authored sources
PASS: actual retained source has canonical binding: l1-flank-stalker
PASS: actual retained source has canonical binding: l1-approach-stalker
PASS: actual retained source has canonical binding: l1-crossing-west
PASS: actual retained source has canonical binding: l1-crossing-east
PASS: actual retained source has canonical binding: l1-departure-stalker
PASS: full authored level binds actual sources and world to its one common scheduler
PASS: actual GUI Retry restores exact initial living checkpoint without gameplay callbacks: []
PASS: living GUI Retry frees actual @Node3D@2164
PASS: living GUI Retry frees actual TwinSuns
PASS: living GUI Retry frees actual CinderPlayer
PASS: living GUI Retry frees actual @Node3D@2472
PASS: living GUI Retry frees actual SafeShelfFloor
PASS: living GUI Retry frees actual WestBoundary
PASS: living GUI Retry frees actual EastBoundary
PASS: living GUI Retry frees actual NorthBoundary
PASS: living GUI Retry frees actual SouthBoundary
PASS: living GUI Retry frees actual TwoApproachesTreeLowTrunk
PASS: living GUI Retry frees actual CrossingTreeLowTrunk
PASS: living GUI Retry frees actual TwinSunsThreatScheduler
PASS: living GUI Retry frees actual l1_flank_stalker
PASS: living GUI Retry frees actual RequiredThreatCue
PASS: living GUI Retry frees actual l1_approach_stalker
PASS: living GUI Retry frees actual RequiredThreatCue
PASS: living GUI Retry frees actual l1_crossing_west
PASS: living GUI Retry frees actual RequiredThreatCue
PASS: living GUI Retry frees actual l1_crossing_east
PASS: living GUI Retry frees actual RequiredThreatCue
PASS: living GUI Retry frees actual l1_departure_stalker
PASS: living GUI Retry frees actual RequiredThreatCue
PASS: living GUI Retry frees actual PoolingdredContactCue
PASS: Retry uses exact checkpoint resources/history without healing or invented progress
PASS: living retry closure frees actual @Node3D@2483
PASS: living retry closure frees actual TwinSuns
PASS: living retry closure frees actual CinderPlayer
PASS: living retry closure frees actual @Node3D@2791
PASS: living retry closure frees actual SafeShelfFloor
PASS: living retry closure frees actual WestBoundary
PASS: living retry closure frees actual EastBoundary
PASS: living retry closure frees actual NorthBoundary
PASS: living retry closure frees actual SouthBoundary
PASS: living retry closure frees actual TwoApproachesTreeLowTrunk
PASS: living retry closure frees actual CrossingTreeLowTrunk
PASS: living retry closure frees actual TwinSunsThreatScheduler
PASS: living retry closure frees actual l1_flank_stalker
PASS: living retry closure frees actual RequiredThreatCue
PASS: living retry closure frees actual l1_approach_stalker
PASS: living retry closure frees actual RequiredThreatCue
PASS: living retry closure frees actual l1_crossing_west
PASS: living retry closure frees actual RequiredThreatCue
PASS: living retry closure frees actual l1_crossing_east
PASS: living retry closure frees actual RequiredThreatCue
PASS: living retry closure frees actual l1_departure_stalker
PASS: living retry closure frees actual RequiredThreatCue
PASS: living retry closure frees actual PoolingdredContactCue
PASS: TEST ONLY seed captures actual authored full runtime, not historical twin_suns.gd
PASS: TEST ONLY initial HP/zeroammo seed uses validated quiet public actor restore
PASS: TEST ONLY ten-predecessor prefix/actual initial A3 unit writes through public attempts/store:   
PASS: seed retains unchanged initial full A3 world/presentation with no entered source or executed action
PASS: seed preview actor/level retire before production installation
TEST ONLY prefix/resource seed: ["A1-L1", "A1-L2", "A1-L3", "A1-L4", "A1-L5", "A2-L1", "A2-L2", "A2-L3", "A2-L4", "A2-L5"]; HP=0.1; initial shells=0; not predecessor gameplay or A3 clear evidence
PASS: production registry configures only isolated PID user paths
PASS: real production Title has no duplicate live world for fatal branch initial TEST ONLY HP0.1/zeroammo: 
PASS: actual production A3 installation waits paused at Resume: 
PASS: exact production full A3 scene owns the shared actor/effects and five authored sources
PASS: actual retained source has canonical binding: l1-flank-stalker
PASS: actual retained source has canonical binding: l1-approach-stalker
PASS: actual retained source has canonical binding: l1-crossing-west
PASS: actual retained source has canonical binding: l1-crossing-east
PASS: actual retained source has canonical binding: l1-departure-stalker
PASS: full authored level binds actual sources and world to its one common scheduler
PASS: fatal branch starts from quiet public initial lowHP/zeroammo seed
PASS: fatal branch living entry exposes actual paused GUI Resume
PASS: fatal branch living entry GUI press/release is consumed before input/action/resource/pose/clock/anchor changes
PASS: actual viewport touch/drag/release starts one public physical dash and records exact release anchor
PASS: actual viewport touch/drag/release starts one public physical dash and records exact release anchor
PASS: actual viewport touch/drag/release starts one public physical dash and records exact release anchor
PASS: actual viewport touch/drag/release starts one public physical dash and records exact release anchor
PASS: actual viewport touch/drag/release starts one public physical dash and records exact release anchor
PASS: real forward swipes cross useful-flank-entry and commit one actual paused checkpoint
PASS: protected first entry retains its true unfinished dash, living lowHP and exact paired source state
PASS: actual first-entry checkpoint exposes actual paused GUI Resume
PASS: actual first-entry checkpoint GUI press/release is consumed before input/action/resource/pose/clock/anchor changes
PASS: bounded stationary wait receives actual admitted first Stalker contact/death, without forced HP/phase/damage: [{ "source_id": "l1-flank-stalker", "result": { "stable_id": "l1-flank-stalker", "cycle": 1, "opportunity_consumed": true, "accepted": true, "hp_damage": 0.1, "raw_damage": 12.0, "impulse": (0.0, 0.0, 0.0), "source_from": (0.672446, -0.004161, 29.03817), "source_to": (0.673923, -0.004161, 29.23816), "active_from_s": 4.83333333333332, "active_until_s": 4.84999999999999 }, "paused": true }]
PASS: real fatal callback settles and saves a coherent paused dead actor/source/local unit: 
PASS: fatal branch consumes real enemy contact without a player attack, source death or replayed hit
PASS: fatal format2 save retains its real earlier living checkpoint and no manufactured completion
PASS: fatal shell closure frees actual @Node3D@3874
PASS: fatal shell closure frees actual TwinSuns
PASS: fatal shell closure frees actual CinderPlayer
PASS: fatal shell closure frees actual @Node3D@4182
PASS: fatal shell closure frees actual SafeShelfFloor
PASS: fatal shell closure frees actual WestBoundary
PASS: fatal shell closure frees actual EastBoundary
PASS: fatal shell closure frees actual NorthBoundary
PASS: fatal shell closure frees actual SouthBoundary
PASS: fatal shell closure frees actual TwoApproachesTreeLowTrunk
PASS: fatal shell closure frees actual CrossingTreeLowTrunk
PASS: fatal shell closure frees actual TwinSunsThreatScheduler
PASS: fatal shell closure frees actual l1_flank_stalker
PASS: fatal shell closure frees actual RequiredThreatCue
PASS: fatal shell closure frees actual l1_approach_stalker
PASS: fatal shell closure frees actual RequiredThreatCue
PASS: fatal shell closure frees actual l1_crossing_west
PASS: fatal shell closure frees actual RequiredThreatCue
PASS: fatal shell closure frees actual l1_crossing_east
PASS: fatal shell closure frees actual RequiredThreatCue
PASS: fatal shell closure frees actual l1_departure_stalker
PASS: fatal shell closure frees actual RequiredThreatCue
PASS: fatal shell closure frees actual PoolingdredContactCue
PASS: production registry configures only isolated PID user paths
PASS: real production Title has no duplicate live world for actual fatal saved unit: 
PASS: actual production A3 installation waits paused at Resume: 
PASS: exact production full A3 scene owns the shared actor/effects and five authored sources
PASS: actual retained source has canonical binding: l1-flank-stalker
PASS: actual retained source has canonical binding: l1-approach-stalker
PASS: actual retained source has canonical binding: l1-crossing-west
PASS: actual retained source has canonical binding: l1-crossing-east
PASS: actual retained source has canonical binding: l1-departure-stalker
PASS: full authored level binds actual sources and world to its one common scheduler
PASS: fresh actual GUI Continue restores exact actual fatal saved unit without gameplay callbacks: []
PASS: actual dead GUI Resume offers checkpoint Retry while preserving exact paused fatal resources/clocks/history/input/camera/disk without gameplay callbacks
PASS: actual production A3 installation waits paused at Resume: 
PASS: exact production full A3 scene owns the shared actor/effects and five authored sources
PASS: actual retained source has canonical binding: l1-flank-stalker
PASS: actual retained source has canonical binding: l1-approach-stalker
PASS: actual retained source has canonical binding: l1-crossing-west
PASS: actual retained source has canonical binding: l1-crossing-east
PASS: actual retained source has canonical binding: l1-departure-stalker
PASS: full authored level binds actual sources and world to its one common scheduler
PASS: actual GUI Retry restores exact fatal world's actual unfinished-dash checkpoint without gameplay callbacks: []
PASS: fatal GUI Retry frees actual @Node3D@4883
PASS: fatal GUI Retry frees actual TwinSuns
PASS: fatal GUI Retry frees actual CinderPlayer
PASS: fatal GUI Retry frees actual @Node3D@5191
PASS: fatal GUI Retry frees actual SafeShelfFloor
PASS: fatal GUI Retry frees actual WestBoundary
PASS: fatal GUI Retry frees actual EastBoundary
PASS: fatal GUI Retry frees actual NorthBoundary
PASS: fatal GUI Retry frees actual SouthBoundary
PASS: fatal GUI Retry frees actual TwoApproachesTreeLowTrunk
PASS: fatal GUI Retry frees actual CrossingTreeLowTrunk
PASS: fatal GUI Retry frees actual TwinSunsThreatScheduler
PASS: fatal GUI Retry frees actual l1_flank_stalker
PASS: fatal GUI Retry frees actual RequiredThreatCue
PASS: fatal GUI Retry frees actual l1_approach_stalker
PASS: fatal GUI Retry frees actual RequiredThreatCue
PASS: fatal GUI Retry frees actual l1_crossing_west
PASS: fatal GUI Retry frees actual RequiredThreatCue
PASS: fatal GUI Retry frees actual l1_crossing_east
PASS: fatal GUI Retry frees actual RequiredThreatCue
PASS: fatal GUI Retry frees actual l1_departure_stalker
PASS: fatal GUI Retry frees actual RequiredThreatCue
PASS: fatal GUI Retry frees actual PoolingdredContactCue
PASS: fatal Retry restores exact living checkpoint HP/ammo and pending dash without healing or past delivery
PASS: retried unfinished dash/source clocks remain exactly paused before any continuation tick
PASS: fatal retry closure frees actual @Node3D@5202
PASS: fatal retry closure frees actual TwinSuns
PASS: fatal retry closure frees actual CinderPlayer
PASS: fatal retry closure frees actual @Node3D@5510
PASS: fatal retry closure frees actual SafeShelfFloor
PASS: fatal retry closure frees actual WestBoundary
PASS: fatal retry closure frees actual EastBoundary
PASS: fatal retry closure frees actual NorthBoundary
PASS: fatal retry closure frees actual SouthBoundary
PASS: fatal retry closure frees actual TwoApproachesTreeLowTrunk
PASS: fatal retry closure frees actual CrossingTreeLowTrunk
PASS: fatal retry closure frees actual TwinSunsThreatScheduler
PASS: fatal retry closure frees actual l1_flank_stalker
PASS: fatal retry closure frees actual RequiredThreatCue
PASS: fatal retry closure frees actual l1_approach_stalker
PASS: fatal retry closure frees actual RequiredThreatCue
PASS: fatal retry closure frees actual l1_crossing_west
PASS: fatal retry closure frees actual RequiredThreatCue
PASS: fatal retry closure frees actual l1_crossing_east
PASS: fatal retry closure frees actual RequiredThreatCue
PASS: fatal retry closure frees actual l1_departure_stalker
PASS: fatal retry closure frees actual RequiredThreatCue
PASS: fatal retry closure frees actual PoolingdredContactCue
PASS: disposed production worlds retain no required cue or actor group member
PASS: registration fixture leaves production registry bytes unchanged
Production Act3 registration: 261 checks, 0 failures; expected_commit=fb9da07faa58e1b8e9517c8241007b4eaf2cc221; TEST ONLY ten-predecessor/initial-resource seeds; actual production GUI/format2/routed dash/fatal Continue/Retry; no route-clear or native-human claim
