Waiting for the shared Godot session to close…
Godot Engine v4.7.2.stable.official.ed1daf0bf - https://godotengine.org

ERROR: FAIL: title notification enqueues no operation or deferred save
   at: push_error (core/variant/variant_utility.cpp:1023)
   GDScript backtrace (most recent call first):
       [0] _expect (res://tests/campaign_shell_smoke.gd:462)
       [1] _test_focus_notifications (res://tests/campaign_shell_smoke.gd:313)
       [2] _settle (res://tests/campaign_shell_smoke.gd:445)
ERROR: FAIL: title remains the same idle page after native notification/deferred frames
   at: push_error (core/variant/variant_utility.cpp:1023)
   GDScript backtrace (most recent call first):
       [0] _expect (res://tests/campaign_shell_smoke.gd:462)
       [1] _test_focus_notifications (res://tests/campaign_shell_smoke.gd:315)
       [2] _settle (res://tests/campaign_shell_smoke.gd:445)
ERROR: FAIL: title preserves Attempts/store generation/all disk bytes/input and publishes no gesture observation
   at: push_error (core/variant/variant_utility.cpp:1023)
   GDScript backtrace (most recent call first):
       [0] _expect (res://tests/campaign_shell_smoke.gd:462)
       [1] _test_focus_notifications (res://tests/campaign_shell_smoke.gd:316)
       [2] _settle (res://tests/campaign_shell_smoke.gd:445)
ERROR: FAIL: title starts with nonempty exact idle receipts
   at: push_error (core/variant/variant_utility.cpp:1023)
   GDScript backtrace (most recent call first):
       [0] _expect (res://tests/campaign_shell_smoke.gd:462)
       [1] _test_focus_notifications (res://tests/campaign_shell_smoke.gd:311)
       [2] _settle (res://tests/campaign_shell_smoke.gd:445)
ERROR: FAIL: title notification enqueues no operation or deferred save
   at: push_error (core/variant/variant_utility.cpp:1023)
   GDScript backtrace (most recent call first):
       [0] _expect (res://tests/campaign_shell_smoke.gd:462)
       [1] _test_focus_notifications (res://tests/campaign_shell_smoke.gd:313)
       [2] _settle (res://tests/campaign_shell_smoke.gd:445)
ERROR: FAIL: title remains the same idle page after native notification/deferred frames
   at: push_error (core/variant/variant_utility.cpp:1023)
   GDScript backtrace (most recent call first):
       [0] _expect (res://tests/campaign_shell_smoke.gd:462)
       [1] _test_focus_notifications (res://tests/campaign_shell_smoke.gd:315)
       [2] _settle (res://tests/campaign_shell_smoke.gd:445)
ERROR: FAIL: journey notification enqueues no operation or deferred save
   at: push_error (core/variant/variant_utility.cpp:1023)
   GDScript backtrace (most recent call first):
       [0] _expect (res://tests/campaign_shell_smoke.gd:462)
       [1] _test_focus_notifications (res://tests/campaign_shell_smoke.gd:313)
       [2] _settle (res://tests/campaign_shell_smoke.gd:445)
ERROR: FAIL: journey remains the same idle page after native notification/deferred frames
   at: push_error (core/variant/variant_utility.cpp:1023)
   GDScript backtrace (most recent call first):
       [0] _expect (res://tests/campaign_shell_smoke.gd:462)
       [1] _test_focus_notifications (res://tests/campaign_shell_smoke.gd:315)
       [2] _settle (res://tests/campaign_shell_smoke.gd:445)
ERROR: FAIL: journey preserves Attempts/store generation/all disk bytes/input and publishes no gesture observation
   at: push_error (core/variant/variant_utility.cpp:1023)
   GDScript backtrace (most recent call first):
       [0] _expect (res://tests/campaign_shell_smoke.gd:462)
       [1] _test_focus_notifications (res://tests/campaign_shell_smoke.gd:316)
       [2] _settle (res://tests/campaign_shell_smoke.gd:445)
ERROR: FAIL: journey starts with nonempty exact idle receipts
   at: push_error (core/variant/variant_utility.cpp:1023)
   GDScript backtrace (most recent call first):
       [0] _expect (res://tests/campaign_shell_smoke.gd:462)
       [1] _test_focus_notifications (res://tests/campaign_shell_smoke.gd:311)
       [2] _settle (res://tests/campaign_shell_smoke.gd:445)
ERROR: FAIL: journey notification enqueues no operation or deferred save
   at: push_error (core/variant/variant_utility.cpp:1023)
   GDScript backtrace (most recent call first):
       [0] _expect (res://tests/campaign_shell_smoke.gd:462)
       [1] _test_focus_notifications (res://tests/campaign_shell_smoke.gd:313)
       [2] _settle (res://tests/campaign_shell_smoke.gd:445)
ERROR: FAIL: journey remains the same idle page after native notification/deferred frames
   at: push_error (core/variant/variant_utility.cpp:1023)
   GDScript backtrace (most recent call first):
       [0] _expect (res://tests/campaign_shell_smoke.gd:462)
       [1] _test_focus_notifications (res://tests/campaign_shell_smoke.gd:315)
       [2] _settle (res://tests/campaign_shell_smoke.gd:445)
ERROR: FAIL: settings notification enqueues no operation or deferred save
   at: push_error (core/variant/variant_utility.cpp:1023)
   GDScript backtrace (most recent call first):
       [0] _expect (res://tests/campaign_shell_smoke.gd:462)
       [1] _test_focus_notifications (res://tests/campaign_shell_smoke.gd:313)
       [2] _settle (res://tests/campaign_shell_smoke.gd:445)
ERROR: FAIL: settings remains the same idle page after native notification/deferred frames
   at: push_error (core/variant/variant_utility.cpp:1023)
   GDScript backtrace (most recent call first):
       [0] _expect (res://tests/campaign_shell_smoke.gd:462)
       [1] _test_focus_notifications (res://tests/campaign_shell_smoke.gd:315)
       [2] _settle (res://tests/campaign_shell_smoke.gd:445)
ERROR: FAIL: settings preserves Attempts/store generation/all disk bytes/input and publishes no gesture observation
   at: push_error (core/variant/variant_utility.cpp:1023)
   GDScript backtrace (most recent call first):
       [0] _expect (res://tests/campaign_shell_smoke.gd:462)
       [1] _test_focus_notifications (res://tests/campaign_shell_smoke.gd:316)
       [2] _settle (res://tests/campaign_shell_smoke.gd:445)
ERROR: FAIL: settings starts with nonempty exact idle receipts
   at: push_error (core/variant/variant_utility.cpp:1023)
   GDScript backtrace (most recent call first):
       [0] _expect (res://tests/campaign_shell_smoke.gd:462)
       [1] _test_focus_notifications (res://tests/campaign_shell_smoke.gd:311)
       [2] _settle (res://tests/campaign_shell_smoke.gd:445)
ERROR: FAIL: settings notification enqueues no operation or deferred save
   at: push_error (core/variant/variant_utility.cpp:1023)
   GDScript backtrace (most recent call first):
       [0] _expect (res://tests/campaign_shell_smoke.gd:462)
       [1] _test_focus_notifications (res://tests/campaign_shell_smoke.gd:313)
       [2] _settle (res://tests/campaign_shell_smoke.gd:445)
ERROR: FAIL: settings remains the same idle page after native notification/deferred frames
   at: push_error (core/variant/variant_utility.cpp:1023)
   GDScript backtrace (most recent call first):
       [0] _expect (res://tests/campaign_shell_smoke.gd:462)
       [1] _test_focus_notifications (res://tests/campaign_shell_smoke.gd:315)
       [2] _settle (res://tests/campaign_shell_smoke.gd:445)
Campaign shell smoke: 53 checks, 18 failures (TEST ONLY live fixtures)
