Godot Engine v4.7.2.stable.official.ed1daf0bf - https://godotengine.org

PASS: actual MainScene binds owned finite C52 room
PASS: real stationary HP/lease/native-renderer owner admits one enemy-authored warning without Player art/capture/ammo
PASS: deferred warning captures exact complete native Hero/source/Scheduler/projected Playback unit
PASS: complete pure/restore rejects forged clock without native mutation
PASS: complete pure/restore rejects forged generation without native mutation
PASS: complete pure/restore rejects forged hp without native mutation
PASS: complete pure/restore rejects forged native without native mutation
PASS: complete pure/restore rejects forged view without native mutation
PASS: complete pure/restore rejects forged unknown without native mutation
PASS: actual source/world/leases/groups retire before replacement
PASS: actual MainScene binds owned finite C52 room
PASS: fresh zero-tick actor fully prevalidates saved native warning pair purely
PASS: fresh quiet Hero→source→Scheduler→Playback reconstruction is exact/event-free
PASS: actual due lock reproves full warning/lead/escape/return with current Hero
OWNED PROOF: { "accepted": true, "api_revision": "replay-witness-1", "proof_scope": "static_box_floor_bounded_dispatch_replay_union_and_stationary_tether", "dispatch_delay_bound_s": 0.05, "path": [{ "from": (0.0, -0.005078, 0.8), "to": (0.0, -0.005078, 0.8), "start_s": 1.2, "end_s": 1.45, "kind": "recognition_and_ready" }, { "from": (0.0, -0.005078, 0.8), "to": (2.7, -0.005078, 0.8), "start_s": 1.45, "end_s": 1.63, "kind": "first_escape_dash" }, { "from": (2.7, -0.005078, 0.8), "to": (2.7, -0.005078, 0.8), "start_s": 1.63, "end_s": 2.781, "kind": "tether_return_ready" }, { "from": (2.7, -0.005078, 0.8), "to": (0.0, -0.005078, 0.8), "start_s": 2.781, "end_s": 2.961, "kind": "tether_positioning_dash" }, { "from": (0.0, -0.005078, 0.8), "to": (0.0, -0.005078, 0.8), "start_s": 2.961, "end_s": 3.021, "kind": "ordinary_primary_ready" }, { "from": (0.0, -0.005078, 0.8), "to": (0.0, -0.005078, 0.8), "start_s": 3.021, "end_s": 3.321, "kind": "ordinary_primary_full_recovery" }], "attack_position": (0.0, -0.005078, 0.8), "primary_time_s": 3.021, "response_complete_s": 3.321, "timeline_origin_s": 0.1, "evaluated_at_s": 1.2, "at_lock": true, "event_count": 1, "slot_count": 1, "source_epoch": "A3-L3/first-rule-room", "generation": 1, "sequence_id": "mirror-rule/real-knot/own-sequence", "world_revision": 1, "profile_id": "standard", "collision_fingerprint": { "schema_version": 1, "physics_engine": "DEFAULT", "physics_ticks_per_second": 60, "colliders": [{ "path": "MirrorEchoRuleRoom/FixedShoreStone", "transform": [[1.0, 0.0, 0.0], [0.0, 1.0, 0.0], [0.0, 0.0, 1.0], [-2.29999995231628, 0.80000001192093, -0.40000000596046]], "layer": 1, "mask": 0, "priority": 1.0, "shapes": [{ "path": "Solid", "index": 0, "transform": [[1.0, 0.0, 0.0], [0.0, 1.0, 0.0], [0.0, 0.0, 1.0], [0.0, 0.0, 0.0]], "data": { "type": "BoxShape3D", "margin": 0.03999999910593, "custom_solver_bias": 0.0, "size": [0.80000001192093, 1.60000002384186, 1.20000004768372] } }] }, { "path": "MirrorEchoRuleRoom/MirrorSeaScenery/EastBoundary", "transform": [[1.0, 0.0, 0.0], [0.0, 1.0, 0.0], [0.0, 0.0, 1.0], [7.25, 0.80000001192093, 0.0]], "layer": 1, "mask": 0, "priority": 1.0, "shapes": [{ "path": "Solid", "index": 0, "transform": [[1.0, 0.0, 0.0], [0.0, 1.0, 0.0], [0.0, 0.0, 1.0], [0.0, 0.0, 0.0]], "data": { "type": "BoxShape3D", "margin": 0.03999999910593, "custom_solver_bias": 0.0, "size": [0.5, 2.0, 22.0] } }] }, { "path": "MirrorEchoRuleRoom/MirrorSeaScenery/MirrorShoreFloor", "transform": [[1.0, 0.0, 0.0], [0.0, 1.0, 0.0], [0.0, 0.0, 1.0], [0.0, -0.5, 0.0]], "layer": 1, "mask": 0, "priority": 1.0, "shapes": [{ "path": "Solid", "index": 0, "transform": [[1.0, 0.0, 0.0], [0.0, 1.0, 0.0], [0.0, 0.0, 1.0], [0.0, 0.0, 0.0]], "data": { "type": "BoxShape3D", "margin": 0.03999999910593, "custom_solver_bias": 0.0, "size": [14.0, 1.0, 22.0] } }] }, { "path": "MirrorEchoRuleRoom/MirrorSeaScenery/NorthBoundary", "transform": [[1.0, 0.0, 0.0], [0.0, 1.0, 0.0], [0.0, 0.0, 1.0], [0.0, 0.80000001192093, -11.25]], "layer": 1, "mask": 0, "priority": 1.0, "shapes": [{ "path": "Solid", "index": 0, "transform": [[1.0, 0.0, 0.0], [0.0, 1.0, 0.0], [0.0, 0.0, 1.0], [0.0, 0.0, 0.0]], "data": { "type": "BoxShape3D", "margin": 0.03999999910593, "custom_solver_bias": 0.0, "size": [14.5, 2.0, 0.5] } }] }, { "path": "MirrorEchoRuleRoom/MirrorSeaScenery/SouthBoundary", "transform": [[1.0, 0.0, 0.0], [0.0, 1.0, 0.0], [0.0, 0.0, 1.0], [0.0, 0.80000001192093, 11.25]], "layer": 1, "mask": 0, "priority": 1.0, "shapes": [{ "path": "Solid", "index": 0, "transform": [[1.0, 0.0, 0.0], [0.0, 1.0, 0.0], [0.0, 0.0, 1.0], [0.0, 0.0, 0.0]], "data": { "type": "BoxShape3D", "margin": 0.03999999910593, "custom_solver_bias": 0.0, "size": [14.5, 2.0, 0.5] } }] }, { "path": "MirrorEchoRuleRoom/MirrorSeaScenery/WestBoundary", "transform": [[1.0, 0.0, 0.0], [0.0, 1.0, 0.0], [0.0, 0.0, 1.0], [-7.25, 0.80000001192093, 0.0]], "layer": 1, "mask": 0, "priority": 1.0, "shapes": [{ "path": "Solid", "index": 0, "transform": [[1.0, 0.0, 0.0], [0.0, 1.0, 0.0], [0.0, 0.0, 1.0], [0.0, 0.0, 0.0]], "data": { "type": "BoxShape3D", "margin": 0.03999999910593, "custom_solver_bias": 0.0, "size": [0.5, 2.0, 22.0] } }] }] }, "uses_blast": false, "uses_invulnerability": false, "reserves_threat": false }
PASS: actual action uses first available native tick
PASS: shared viewport swipe starts actual first_escape_dash
PASS: real completed dash reaches proof landing while actual HP knot stays fixed
PASS: actual action uses first available native tick
PASS: shared viewport swipe starts actual tether_positioning_dash
PASS: real completed dash reaches proof landing while actual HP knot stays fixed
PASS: actual action uses first available native tick
PASS: harmless native apparition travelled; Hero returns to reachable ordinary recovery position
PASS: actual final-release-aim first tap applies one ordinary primary at recovery
PASS: 36HP source genuinely survives first ordinary hit without lease reset
PASS: finite live source completes original recovery and remains the same reachable knot
PASS: bounded ordinary hit count derives from the actual carried kit
PASS: actual action uses first available native tick
PASS: actual final-release-aim first tap applies one ordinary primary at complete
PASS: genuine post-complete ordinary hits defeat same stationary knot with no damage/reward/rearm
PASS: exact native history has two dashes/kit-required ordinary hits/one own slash opportunity and no progression
LIMIT: late completed-dead production checkpoint not claimed by this finite shared28 route.
PASS: actual source/world/leases/groups retire before replacement
PASS: actual MainScene binds owned finite C52 room
ERROR: FAIL: legal initial slow/long/weak kit selects CLOTH-J1
   at: push_error (core/variant/variant_utility.cpp:1023)
   GDScript backtrace (most recent call first):
       [0] _expect (res://tests/acts/act3/mirror_echo_rule_room_smoke.gd:281)
       [1] _open (res://tests/acts/act3/mirror_echo_rule_room_smoke.gd:70)
       [2] _case (res://tests/acts/act3/mirror_echo_rule_room_smoke.gd:93)
       [3] _run (res://tests/acts/act3/mirror_echo_rule_room_smoke.gd:47)
       [4] _close (res://tests/acts/act3/mirror_echo_rule_room_smoke.gd:303)
PASS: actual source/world/leases/groups retire before replacement
Mirror Echo owned rule room: 34 checks; failures: 1. Finite actual C52 only; no full-level or lifecycle29 acceptance.
