Godot Engine v4.7.2.stable.official.ed1daf0bf - https://godotengine.org
OpenGL API 4.1 Metal - 90.5 - Compatibility - Using Device: Apple - Apple M3

PASS: native equality keeps scalar/vector tags distinct
PASS: actual Main installs the separate test-only native court
PASS: fresh actual source is untracked API1/HP36/sixteen-mesh with no admission or history
PASS: actual spent annotation: initial live native source
PASS: public initial zero-ammo seed and real opt-in earn only cycle_ready
PASS: initial ready snapshot has no invented exchange/Cursor/event/hit history
PASS: marker negatives use a genuine paused complete native unit
PASS: pure/restore marker refusal retains exact unit for saved_marker_recipe
PASS: pure/restore marker refusal retains exact unit for saved_marker_missing
PASS: pure/restore marker refusal retains exact unit for native_visibility
PASS: pure/restore marker refusal retains exact unit for native_geometry
PASS: format2 transport preserves the complete exact native fixture pair
PASS: actual spent annotation: saved native donor
PASS: actual source/world/Scheduler/barrier/groups retire before replacement
PASS: actual Main installs the separate test-only native court
PASS: fresh actual source is untracked API1/HP36/sixteen-mesh with no admission or history
PASS: actual spent annotation: initial live native source
PASS: fresh recipient retains identical marker recipe hidden before physical history
PASS: fresh constructor builds only explicitly saved immutable native recipients
PASS: fresh native Hero/source/journal preflight is pure before immutable preparation
PASS: saved-generation construction recipe does not earn HP/clock/hit/terminal history
PASS: prepared recipient completely prevalidates the exact pair without physical/history commit
PASS: quiet actual Hero→source→Scheduler3→Playback2 reconstruction is exact and event-free
PASS: quiet fresh living/dead reconstruction preserves marker descriptor and emits no presentation signal
PASS: actual spent annotation: fresh accepted physical reconstruction
PASS: spent portrait uses existing genuine paused lifecycle boundary
MARKER NATIVE DRAW DIAGNOSTIC: { "boundary": "ordinary-draw-before-TEST-pause", "tree_paused": false, "display_window_focused": false, "public_pause_request_pending": false, "configuration_error": "", "camera_error": "", "camera_framing_error": "", "input": { "schema_version": 1, "anchor_normalized": (0.5, 0.5), "sequence": 0, "last_observation": {  } }, "source_phase": "cycle_ready", "clock_s": 0.0 }
ERROR: FAIL: actual normal-HUD unchanged native339x736 marker portrait live-ready; actual public resume must dismiss the ordinary bench overlay
   at: push_error (core/variant/variant_utility.cpp:1023)
   GDScript backtrace (most recent call first):
       [0] _expect (res://tests/acts/act3/mirror_echo_lifecycle_smoke.gd:809)
       [1] _marker_portrait (res://tests/acts/act3/mirror_echo_lifecycle_smoke.gd:566)
PASS: actual source/world/Scheduler/barrier/groups retire before replacement
Owned production Echo lifecycle: 28 checks; failures: 1. Managed native source only; no full-level/Shell/presentation-gate acceptance.
