WorkerThreadPool: 8 threads, 2 max low-priority.
Godot Engine v4.7.2.stable.official.ed1daf0bf - https://godotengine.org
TextServer: Added interface "Dummy"
TextServer: Added interface "ICU / HarfBuzz / Graphite (Built-in)"
SDL: Init OK!
Using "default" pen tablet driver...

TextServer: Primary interface set to: "ICU / HarfBuzz / Graphite (Built-in)".
CORE API HASH: 2004498165
EDITOR API HASH: 1696660745
Loading resource: res://tests/restore_candidate_smoke.gd remapped: res://tests/restore_candidate_smoke.gd
Loading resource: res://scenes/player.tscn remapped: res://scenes/player.tscn
Completed load for: 'res://scenes/player.tscn' remapped 'res://scenes/player.tscn' at thread -1
Loading resource: res://scenes/practice_target.tscn remapped: res://scenes/practice_target.tscn
Loading resource: res://scripts/practice_target.gd remapped: res://scripts/practice_target.gd
Completed load for: 'res://scripts/practice_target.gd' remapped 'res://scripts/practice_target.gd' at thread -1
Completed load for: 'res://scenes/practice_target.tscn' remapped 'res://scenes/practice_target.tscn' at thread -1
Loading resource: res://scenes/lab_arena.tscn remapped: res://scenes/lab_arena.tscn
Completed load for: 'res://scenes/lab_arena.tscn' remapped 'res://scenes/lab_arena.tscn' at thread -1
Completed load for: 'res://tests/restore_candidate_smoke.gd' remapped 'res://tests/restore_candidate_smoke.gd' at thread -1
SceneTreeFTI: traversal method DEFAULT
Loaded system CA certificates
Loading resource: res://tests/fixtures/restore_candidate_level.tscn remapped: res://tests/fixtures/restore_candidate_level.tscn
Completed load for: 'res://tests/fixtures/restore_candidate_level.tscn' remapped 'res://tests/fixtures/restore_candidate_level.tscn' at thread -1
Loading resource: res://tests/fixtures/restore_candidate_level.tscn remapped: res://tests/fixtures/restore_candidate_level.tscn
Completed load for: 'res://tests/fixtures/restore_candidate_level.tscn' remapped 'res://tests/fixtures/restore_candidate_level.tscn' at thread -1
Loading resource: res://tests/fixtures/restore_candidate_level.tscn remapped: res://tests/fixtures/restore_candidate_level.tscn
Completed load for: 'res://tests/fixtures/restore_candidate_level.tscn' remapped 'res://tests/fixtures/restore_candidate_level.tscn' at thread -1
Loading resource: res://tests/fixtures/restore_candidate_level.tscn remapped: res://tests/fixtures/restore_candidate_level.tscn
Completed load for: 'res://tests/fixtures/restore_candidate_level.tscn' remapped 'res://tests/fixtures/restore_candidate_level.tscn' at thread -1
Loading resource: res://tests/fixtures/restore_candidate_level.tscn remapped: res://tests/fixtures/restore_candidate_level.tscn
Completed load for: 'res://tests/fixtures/restore_candidate_level.tscn' remapped 'res://tests/fixtures/restore_candidate_level.tscn' at thread -1
Loading resource: res://tests/fixtures/restore_candidate_level.tscn remapped: res://tests/fixtures/restore_candidate_level.tscn
Completed load for: 'res://tests/fixtures/restore_candidate_level.tscn' remapped 'res://tests/fixtures/restore_candidate_level.tscn' at thread -1
Loading resource: res://tests/fixtures/restore_candidate_level.tscn remapped: res://tests/fixtures/restore_candidate_level.tscn
Completed load for: 'res://tests/fixtures/restore_candidate_level.tscn' remapped 'res://tests/fixtures/restore_candidate_level.tscn' at thread -1
Loading resource: res://tests/fixtures/restore_candidate_level.tscn remapped: res://tests/fixtures/restore_candidate_level.tscn
Completed load for: 'res://tests/fixtures/restore_candidate_level.tscn' remapped 'res://tests/fixtures/restore_candidate_level.tscn' at thread -1
Loading resource: res://tests/fixtures/restore_candidate_level.tscn remapped: res://tests/fixtures/restore_candidate_level.tscn
Completed load for: 'res://tests/fixtures/restore_candidate_level.tscn' remapped 'res://tests/fixtures/restore_candidate_level.tscn' at thread -1
Loading resource: res://tests/fixtures/restore_candidate_level.tscn remapped: res://tests/fixtures/restore_candidate_level.tscn
Completed load for: 'res://tests/fixtures/restore_candidate_level.tscn' remapped 'res://tests/fixtures/restore_candidate_level.tscn' at thread -1
Loading resource: res://tests/fixtures/restore_candidate_level.tscn remapped: res://tests/fixtures/restore_candidate_level.tscn
Completed load for: 'res://tests/fixtures/restore_candidate_level.tscn' remapped 'res://tests/fixtures/restore_candidate_level.tscn' at thread -1
Loading resource: res://tests/fixtures/restore_candidate_level.tscn remapped: res://tests/fixtures/restore_candidate_level.tscn
Completed load for: 'res://tests/fixtures/restore_candidate_level.tscn' remapped 'res://tests/fixtures/restore_candidate_level.tscn' at thread -1
Loading resource: res://tests/fixtures/restore_candidate_level.tscn remapped: res://tests/fixtures/restore_candidate_level.tscn
Completed load for: 'res://tests/fixtures/restore_candidate_level.tscn' remapped 'res://tests/fixtures/restore_candidate_level.tscn' at thread -1
Loading resource: res://tests/fixtures/restore_candidate_level.tscn remapped: res://tests/fixtures/restore_candidate_level.tscn
Completed load for: 'res://tests/fixtures/restore_candidate_level.tscn' remapped 'res://tests/fixtures/restore_candidate_level.tscn' at thread -1
Loading resource: res://tests/fixtures/restore_candidate_level.tscn remapped: res://tests/fixtures/restore_candidate_level.tscn
Completed load for: 'res://tests/fixtures/restore_candidate_level.tscn' remapped 'res://tests/fixtures/restore_candidate_level.tscn' at thread -1
Loading resource: res://tests/fixtures/restore_candidate_level.tscn remapped: res://tests/fixtures/restore_candidate_level.tscn
Completed load for: 'res://tests/fixtures/restore_candidate_level.tscn' remapped 'res://tests/fixtures/restore_candidate_level.tscn' at thread -1
Loading resource: res://tests/fixtures/restore_candidate_level.tscn remapped: res://tests/fixtures/restore_candidate_level.tscn
Completed load for: 'res://tests/fixtures/restore_candidate_level.tscn' remapped 'res://tests/fixtures/restore_candidate_level.tscn' at thread -1
Loading resource: res://tests/fixtures/restore_candidate_level.tscn remapped: res://tests/fixtures/restore_candidate_level.tscn
Completed load for: 'res://tests/fixtures/restore_candidate_level.tscn' remapped 'res://tests/fixtures/restore_candidate_level.tscn' at thread -1
Loading resource: res://tests/fixtures/restore_candidate_level.tscn remapped: res://tests/fixtures/restore_candidate_level.tscn
Completed load for: 'res://tests/fixtures/restore_candidate_level.tscn' remapped 'res://tests/fixtures/restore_candidate_level.tscn' at thread -1
Loading resource: res://tests/fixtures/restore_candidate_level.tscn remapped: res://tests/fixtures/restore_candidate_level.tscn
Completed load for: 'res://tests/fixtures/restore_candidate_level.tscn' remapped 'res://tests/fixtures/restore_candidate_level.tscn' at thread -1
Loading resource: res://tests/fixtures/restore_candidate_level.tscn remapped: res://tests/fixtures/restore_candidate_level.tscn
Completed load for: 'res://tests/fixtures/restore_candidate_level.tscn' remapped 'res://tests/fixtures/restore_candidate_level.tscn' at thread -1
Loading resource: res://tests/fixtures/restore_candidate_level.tscn remapped: res://tests/fixtures/restore_candidate_level.tscn
Completed load for: 'res://tests/fixtures/restore_candidate_level.tscn' remapped 'res://tests/fixtures/restore_candidate_level.tscn' at thread -1
Loading resource: res://tests/fixtures/restore_candidate_level.tscn remapped: res://tests/fixtures/restore_candidate_level.tscn
Completed load for: 'res://tests/fixtures/restore_candidate_level.tscn' remapped 'res://tests/fixtures/restore_candidate_level.tscn' at thread -1
Loading resource: res://tests/fixtures/restore_candidate_level.tscn remapped: res://tests/fixtures/restore_candidate_level.tscn
Completed load for: 'res://tests/fixtures/restore_candidate_level.tscn' remapped 'res://tests/fixtures/restore_candidate_level.tscn' at thread -1
Loading resource: res://tests/fixtures/restore_candidate_level.tscn remapped: res://tests/fixtures/restore_candidate_level.tscn
Completed load for: 'res://tests/fixtures/restore_candidate_level.tscn' remapped 'res://tests/fixtures/restore_candidate_level.tscn' at thread -1
Loading resource: res://tests/fixtures/restore_candidate_level.tscn remapped: res://tests/fixtures/restore_candidate_level.tscn
Completed load for: 'res://tests/fixtures/restore_candidate_level.tscn' remapped 'res://tests/fixtures/restore_candidate_level.tscn' at thread -1
Loading resource: res://tests/fixtures/restore_candidate_level.tscn remapped: res://tests/fixtures/restore_candidate_level.tscn
Completed load for: 'res://tests/fixtures/restore_candidate_level.tscn' remapped 'res://tests/fixtures/restore_candidate_level.tscn' at thread -1
Loading resource: res://tests/fixtures/restore_candidate_level.tscn remapped: res://tests/fixtures/restore_candidate_level.tscn
Completed load for: 'res://tests/fixtures/restore_candidate_level.tscn' remapped 'res://tests/fixtures/restore_candidate_level.tscn' at thread -1
Loading resource: res://tests/fixtures/restore_candidate_level.tscn remapped: res://tests/fixtures/restore_candidate_level.tscn
Completed load for: 'res://tests/fixtures/restore_candidate_level.tscn' remapped 'res://tests/fixtures/restore_candidate_level.tscn' at thread -1
Loading resource: res://tests/fixtures/restore_candidate_level.tscn remapped: res://tests/fixtures/restore_candidate_level.tscn
Completed load for: 'res://tests/fixtures/restore_candidate_level.tscn' remapped 'res://tests/fixtures/restore_candidate_level.tscn' at thread -1
Loading resource: res://tests/fixtures/restore_candidate_level.tscn remapped: res://tests/fixtures/restore_candidate_level.tscn
Completed load for: 'res://tests/fixtures/restore_candidate_level.tscn' remapped 'res://tests/fixtures/restore_candidate_level.tscn' at thread -1
Loading resource: res://tests/fixtures/restore_candidate_level.tscn remapped: res://tests/fixtures/restore_candidate_level.tscn
Completed load for: 'res://tests/fixtures/restore_candidate_level.tscn' remapped 'res://tests/fixtures/restore_candidate_level.tscn' at thread -1
Loading resource: res://tests/fixtures/restore_candidate_level.tscn remapped: res://tests/fixtures/restore_candidate_level.tscn
Completed load for: 'res://tests/fixtures/restore_candidate_level.tscn' remapped 'res://tests/fixtures/restore_candidate_level.tscn' at thread -1
Loading resource: res://tests/fixtures/restore_candidate_level.tscn remapped: res://tests/fixtures/restore_candidate_level.tscn
Completed load for: 'res://tests/fixtures/restore_candidate_level.tscn' remapped 'res://tests/fixtures/restore_candidate_level.tscn' at thread -1
Loading resource: res://tests/fixtures/restore_candidate_level.tscn remapped: res://tests/fixtures/restore_candidate_level.tscn
Completed load for: 'res://tests/fixtures/restore_candidate_level.tscn' remapped 'res://tests/fixtures/restore_candidate_level.tscn' at thread -1
Loading resource: res://tests/fixtures/restore_candidate_level.tscn remapped: res://tests/fixtures/restore_candidate_level.tscn
Completed load for: 'res://tests/fixtures/restore_candidate_level.tscn' remapped 'res://tests/fixtures/restore_candidate_level.tscn' at thread -1
Loading resource: res://tests/fixtures/restore_candidate_level.tscn remapped: res://tests/fixtures/restore_candidate_level.tscn
Completed load for: 'res://tests/fixtures/restore_candidate_level.tscn' remapped 'res://tests/fixtures/restore_candidate_level.tscn' at thread -1
Loading resource: res://tests/fixtures/restore_candidate_level.tscn remapped: res://tests/fixtures/restore_candidate_level.tscn
Completed load for: 'res://tests/fixtures/restore_candidate_level.tscn' remapped 'res://tests/fixtures/restore_candidate_level.tscn' at thread -1
Loading resource: res://tests/fixtures/restore_candidate_level.tscn remapped: res://tests/fixtures/restore_candidate_level.tscn
Completed load for: 'res://tests/fixtures/restore_candidate_level.tscn' remapped 'res://tests/fixtures/restore_candidate_level.tscn' at thread -1
Loading resource: res://tests/fixtures/restore_candidate_level.tscn remapped: res://tests/fixtures/restore_candidate_level.tscn
Completed load for: 'res://tests/fixtures/restore_candidate_level.tscn' remapped 'res://tests/fixtures/restore_candidate_level.tscn' at thread -1
Loading resource: res://tests/fixtures/restore_candidate_level.tscn remapped: res://tests/fixtures/restore_candidate_level.tscn
Completed load for: 'res://tests/fixtures/restore_candidate_level.tscn' remapped 'res://tests/fixtures/restore_candidate_level.tscn' at thread -1
Loading resource: res://tests/fixtures/restore_candidate_level.tscn remapped: res://tests/fixtures/restore_candidate_level.tscn
Completed load for: 'res://tests/fixtures/restore_candidate_level.tscn' remapped 'res://tests/fixtures/restore_candidate_level.tscn' at thread -1
Loading resource: res://tests/fixtures/restore_candidate_level.tscn remapped: res://tests/fixtures/restore_candidate_level.tscn
Completed load for: 'res://tests/fixtures/restore_candidate_level.tscn' remapped 'res://tests/fixtures/restore_candidate_level.tscn' at thread -1
Loading resource: res://tests/fixtures/restore_candidate_level.tscn remapped: res://tests/fixtures/restore_candidate_level.tscn
Completed load for: 'res://tests/fixtures/restore_candidate_level.tscn' remapped 'res://tests/fixtures/restore_candidate_level.tscn' at thread -1
Loading resource: res://tests/fixtures/restore_candidate_level.tscn remapped: res://tests/fixtures/restore_candidate_level.tscn
Completed load for: 'res://tests/fixtures/restore_candidate_level.tscn' remapped 'res://tests/fixtures/restore_candidate_level.tscn' at thread -1
Loading resource: res://tests/fixtures/restore_candidate_level.tscn remapped: res://tests/fixtures/restore_candidate_level.tscn
Completed load for: 'res://tests/fixtures/restore_candidate_level.tscn' remapped 'res://tests/fixtures/restore_candidate_level.tscn' at thread -1
Loading resource: res://tests/fixtures/restore_candidate_level.tscn remapped: res://tests/fixtures/restore_candidate_level.tscn
Completed load for: 'res://tests/fixtures/restore_candidate_level.tscn' remapped 'res://tests/fixtures/restore_candidate_level.tscn' at thread -1
Loading resource: res://tests/fixtures/restore_candidate_level.tscn remapped: res://tests/fixtures/restore_candidate_level.tscn
Completed load for: 'res://tests/fixtures/restore_candidate_level.tscn' remapped 'res://tests/fixtures/restore_candidate_level.tscn' at thread -1
Loading resource: res://tests/fixtures/restore_candidate_level.tscn remapped: res://tests/fixtures/restore_candidate_level.tscn
Completed load for: 'res://tests/fixtures/restore_candidate_level.tscn' remapped 'res://tests/fixtures/restore_candidate_level.tscn' at thread -1
Loading resource: res://tests/fixtures/restore_candidate_level.tscn remapped: res://tests/fixtures/restore_candidate_level.tscn
Completed load for: 'res://tests/fixtures/restore_candidate_level.tscn' remapped 'res://tests/fixtures/restore_candidate_level.tscn' at thread -1
Loading resource: res://tests/fixtures/restore_candidate_level.tscn remapped: res://tests/fixtures/restore_candidate_level.tscn
Completed load for: 'res://tests/fixtures/restore_candidate_level.tscn' remapped 'res://tests/fixtures/restore_candidate_level.tscn' at thread -1
Loading resource: res://tests/fixtures/restore_candidate_level.tscn remapped: res://tests/fixtures/restore_candidate_level.tscn
Completed load for: 'res://tests/fixtures/restore_candidate_level.tscn' remapped 'res://tests/fixtures/restore_candidate_level.tscn' at thread -1
Loading resource: res://tests/fixtures/restore_candidate_level.tscn remapped: res://tests/fixtures/restore_candidate_level.tscn
Completed load for: 'res://tests/fixtures/restore_candidate_level.tscn' remapped 'res://tests/fixtures/restore_candidate_level.tscn' at thread -1
Loading resource: res://tests/fixtures/restore_candidate_level.tscn remapped: res://tests/fixtures/restore_candidate_level.tscn
Completed load for: 'res://tests/fixtures/restore_candidate_level.tscn' remapped 'res://tests/fixtures/restore_candidate_level.tscn' at thread -1
Loading resource: res://tests/fixtures/restore_candidate_level.tscn remapped: res://tests/fixtures/restore_candidate_level.tscn
Completed load for: 'res://tests/fixtures/restore_candidate_level.tscn' remapped 'res://tests/fixtures/restore_candidate_level.tscn' at thread -1
Loading resource: res://tests/fixtures/restore_candidate_level.tscn remapped: res://tests/fixtures/restore_candidate_level.tscn
Completed load for: 'res://tests/fixtures/restore_candidate_level.tscn' remapped 'res://tests/fixtures/restore_candidate_level.tscn' at thread -1
Loading resource: res://tests/fixtures/restore_candidate_level.tscn remapped: res://tests/fixtures/restore_candidate_level.tscn
Completed load for: 'res://tests/fixtures/restore_candidate_level.tscn' remapped 'res://tests/fixtures/restore_candidate_level.tscn' at thread -1
Loading resource: res://tests/fixtures/restore_candidate_level.tscn remapped: res://tests/fixtures/restore_candidate_level.tscn
Completed load for: 'res://tests/fixtures/restore_candidate_level.tscn' remapped 'res://tests/fixtures/restore_candidate_level.tscn' at thread -1
Loading resource: res://tests/fixtures/restore_candidate_level.tscn remapped: res://tests/fixtures/restore_candidate_level.tscn
Completed load for: 'res://tests/fixtures/restore_candidate_level.tscn' remapped 'res://tests/fixtures/restore_candidate_level.tscn' at thread -1
Loading resource: res://tests/fixtures/restore_candidate_level.tscn remapped: res://tests/fixtures/restore_candidate_level.tscn
Completed load for: 'res://tests/fixtures/restore_candidate_level.tscn' remapped 'res://tests/fixtures/restore_candidate_level.tscn' at thread -1
Loading resource: res://tests/fixtures/restore_candidate_level.tscn remapped: res://tests/fixtures/restore_candidate_level.tscn
Completed load for: 'res://tests/fixtures/restore_candidate_level.tscn' remapped 'res://tests/fixtures/restore_candidate_level.tscn' at thread -1
Loading resource: res://tests/fixtures/restore_candidate_level.tscn remapped: res://tests/fixtures/restore_candidate_level.tscn
Completed load for: 'res://tests/fixtures/restore_candidate_level.tscn' remapped 'res://tests/fixtures/restore_candidate_level.tscn' at thread -1
Loading resource: res://tests/fixtures/restore_candidate_level.tscn remapped: res://tests/fixtures/restore_candidate_level.tscn
Completed load for: 'res://tests/fixtures/restore_candidate_level.tscn' remapped 'res://tests/fixtures/restore_candidate_level.tscn' at thread -1
Loading resource: res://tests/fixtures/restore_candidate_level.tscn remapped: res://tests/fixtures/restore_candidate_level.tscn
Completed load for: 'res://tests/fixtures/restore_candidate_level.tscn' remapped 'res://tests/fixtures/restore_candidate_level.tscn' at thread -1
Loading resource: res://tests/fixtures/restore_candidate_level.tscn remapped: res://tests/fixtures/restore_candidate_level.tscn
Completed load for: 'res://tests/fixtures/restore_candidate_level.tscn' remapped 'res://tests/fixtures/restore_candidate_level.tscn' at thread -1
Loading resource: res://tests/fixtures/restore_candidate_level.tscn remapped: res://tests/fixtures/restore_candidate_level.tscn
Completed load for: 'res://tests/fixtures/restore_candidate_level.tscn' remapped 'res://tests/fixtures/restore_candidate_level.tscn' at thread -1
Loading resource: res://tests/fixtures/restore_candidate_level.tscn remapped: res://tests/fixtures/restore_candidate_level.tscn
Completed load for: 'res://tests/fixtures/restore_candidate_level.tscn' remapped 'res://tests/fixtures/restore_candidate_level.tscn' at thread -1
Loading resource: res://tests/fixtures/restore_candidate_level.tscn remapped: res://tests/fixtures/restore_candidate_level.tscn
Completed load for: 'res://tests/fixtures/restore_candidate_level.tscn' remapped 'res://tests/fixtures/restore_candidate_level.tscn' at thread -1
Loading resource: res://tests/fixtures/restore_candidate_level.tscn remapped: res://tests/fixtures/restore_candidate_level.tscn
Completed load for: 'res://tests/fixtures/restore_candidate_level.tscn' remapped 'res://tests/fixtures/restore_candidate_level.tscn' at thread -1
Loading resource: res://tests/fixtures/restore_candidate_level.tscn remapped: res://tests/fixtures/restore_candidate_level.tscn
Completed load for: 'res://tests/fixtures/restore_candidate_level.tscn' remapped 'res://tests/fixtures/restore_candidate_level.tscn' at thread -1
Loading resource: res://tests/fixtures/restore_candidate_level.tscn remapped: res://tests/fixtures/restore_candidate_level.tscn
Completed load for: 'res://tests/fixtures/restore_candidate_level.tscn' remapped 'res://tests/fixtures/restore_candidate_level.tscn' at thread -1
Loading resource: res://tests/fixtures/restore_candidate_level.tscn remapped: res://tests/fixtures/restore_candidate_level.tscn
Completed load for: 'res://tests/fixtures/restore_candidate_level.tscn' remapped 'res://tests/fixtures/restore_candidate_level.tscn' at thread -1
Loading resource: res://tests/fixtures/restore_candidate_level.tscn remapped: res://tests/fixtures/restore_candidate_level.tscn
Completed load for: 'res://tests/fixtures/restore_candidate_level.tscn' remapped 'res://tests/fixtures/restore_candidate_level.tscn' at thread -1
Loading resource: res://tests/fixtures/restore_candidate_level.tscn remapped: res://tests/fixtures/restore_candidate_level.tscn
Completed load for: 'res://tests/fixtures/restore_candidate_level.tscn' remapped 'res://tests/fixtures/restore_candidate_level.tscn' at thread -1
Loading resource: res://tests/fixtures/restore_candidate_level.tscn remapped: res://tests/fixtures/restore_candidate_level.tscn
Completed load for: 'res://tests/fixtures/restore_candidate_level.tscn' remapped 'res://tests/fixtures/restore_candidate_level.tscn' at thread -1
Loading resource: res://tests/fixtures/restore_candidate_level.tscn remapped: res://tests/fixtures/restore_candidate_level.tscn
Completed load for: 'res://tests/fixtures/restore_candidate_level.tscn' remapped 'res://tests/fixtures/restore_candidate_level.tscn' at thread -1
Loading resource: res://tests/fixtures/restore_candidate_level.tscn remapped: res://tests/fixtures/restore_candidate_level.tscn
Completed load for: 'res://tests/fixtures/restore_candidate_level.tscn' remapped 'res://tests/fixtures/restore_candidate_level.tscn' at thread -1
Loading resource: res://tests/fixtures/restore_candidate_level.tscn remapped: res://tests/fixtures/restore_candidate_level.tscn
Completed load for: 'res://tests/fixtures/restore_candidate_level.tscn' remapped 'res://tests/fixtures/restore_candidate_level.tscn' at thread -1
Loading resource: res://tests/fixtures/restore_candidate_level.tscn remapped: res://tests/fixtures/restore_candidate_level.tscn
Completed load for: 'res://tests/fixtures/restore_candidate_level.tscn' remapped 'res://tests/fixtures/restore_candidate_level.tscn' at thread -1
Loading resource: res://tests/fixtures/restore_candidate_level.tscn remapped: res://tests/fixtures/restore_candidate_level.tscn
Completed load for: 'res://tests/fixtures/restore_candidate_level.tscn' remapped 'res://tests/fixtures/restore_candidate_level.tscn' at thread -1
Loading resource: res://tests/fixtures/restore_candidate_level.tscn remapped: res://tests/fixtures/restore_candidate_level.tscn
Completed load for: 'res://tests/fixtures/restore_candidate_level.tscn' remapped 'res://tests/fixtures/restore_candidate_level.tscn' at thread -1
Loading resource: res://tests/fixtures/restore_candidate_level.tscn remapped: res://tests/fixtures/restore_candidate_level.tscn
Completed load for: 'res://tests/fixtures/restore_candidate_level.tscn' remapped 'res://tests/fixtures/restore_candidate_level.tscn' at thread -1
Loading resource: res://tests/fixtures/restore_candidate_level.tscn remapped: res://tests/fixtures/restore_candidate_level.tscn
Completed load for: 'res://tests/fixtures/restore_candidate_level.tscn' remapped 'res://tests/fixtures/restore_candidate_level.tscn' at thread -1
Loading resource: res://tests/fixtures/restore_candidate_level.tscn remapped: res://tests/fixtures/restore_candidate_level.tscn
Completed load for: 'res://tests/fixtures/restore_candidate_level.tscn' remapped 'res://tests/fixtures/restore_candidate_level.tscn' at thread -1
Loading resource: res://tests/fixtures/restore_candidate_level.tscn remapped: res://tests/fixtures/restore_candidate_level.tscn
Completed load for: 'res://tests/fixtures/restore_candidate_level.tscn' remapped 'res://tests/fixtures/restore_candidate_level.tscn' at thread -1
Loading resource: res://tests/fixtures/restore_candidate_level.tscn remapped: res://tests/fixtures/restore_candidate_level.tscn
Completed load for: 'res://tests/fixtures/restore_candidate_level.tscn' remapped 'res://tests/fixtures/restore_candidate_level.tscn' at thread -1
Loading resource: res://tests/fixtures/restore_candidate_level.tscn remapped: res://tests/fixtures/restore_candidate_level.tscn
Completed load for: 'res://tests/fixtures/restore_candidate_level.tscn' remapped 'res://tests/fixtures/restore_candidate_level.tscn' at thread -1
Loading resource: res://tests/fixtures/restore_candidate_level.tscn remapped: res://tests/fixtures/restore_candidate_level.tscn
Completed load for: 'res://tests/fixtures/restore_candidate_level.tscn' remapped 'res://tests/fixtures/restore_candidate_level.tscn' at thread -1
Loading resource: res://tests/fixtures/restore_candidate_level.tscn remapped: res://tests/fixtures/restore_candidate_level.tscn
Completed load for: 'res://tests/fixtures/restore_candidate_level.tscn' remapped 'res://tests/fixtures/restore_candidate_level.tscn' at thread -1
Loading resource: res://tests/fixtures/restore_candidate_level.tscn remapped: res://tests/fixtures/restore_candidate_level.tscn
Completed load for: 'res://tests/fixtures/restore_candidate_level.tscn' remapped 'res://tests/fixtures/restore_candidate_level.tscn' at thread -1
Loading resource: res://tests/fixtures/restore_candidate_level.tscn remapped: res://tests/fixtures/restore_candidate_level.tscn
Completed load for: 'res://tests/fixtures/restore_candidate_level.tscn' remapped 'res://tests/fixtures/restore_candidate_level.tscn' at thread -1
Loading resource: res://tests/fixtures/restore_candidate_level.tscn remapped: res://tests/fixtures/restore_candidate_level.tscn
Completed load for: 'res://tests/fixtures/restore_candidate_level.tscn' remapped 'res://tests/fixtures/restore_candidate_level.tscn' at thread -1
Loading resource: res://tests/fixtures/restore_candidate_level.tscn remapped: res://tests/fixtures/restore_candidate_level.tscn
Completed load for: 'res://tests/fixtures/restore_candidate_level.tscn' remapped 'res://tests/fixtures/restore_candidate_level.tscn' at thread -1
Loading resource: res://tests/fixtures/restore_candidate_level.tscn remapped: res://tests/fixtures/restore_candidate_level.tscn
Completed load for: 'res://tests/fixtures/restore_candidate_level.tscn' remapped 'res://tests/fixtures/restore_candidate_level.tscn' at thread -1
Loading resource: res://tests/fixtures/restore_candidate_level.tscn remapped: res://tests/fixtures/restore_candidate_level.tscn
Completed load for: 'res://tests/fixtures/restore_candidate_level.tscn' remapped 'res://tests/fixtures/restore_candidate_level.tscn' at thread -1
Loading resource: res://tests/fixtures/restore_candidate_level.tscn remapped: res://tests/fixtures/restore_candidate_level.tscn
Completed load for: 'res://tests/fixtures/restore_candidate_level.tscn' remapped 'res://tests/fixtures/restore_candidate_level.tscn' at thread -1
Loading resource: res://tests/fixtures/restore_candidate_level.tscn remapped: res://tests/fixtures/restore_candidate_level.tscn
Completed load for: 'res://tests/fixtures/restore_candidate_level.tscn' remapped 'res://tests/fixtures/restore_candidate_level.tscn' at thread -1
Loading resource: res://tests/fixtures/restore_candidate_level.tscn remapped: res://tests/fixtures/restore_candidate_level.tscn
Completed load for: 'res://tests/fixtures/restore_candidate_level.tscn' remapped 'res://tests/fixtures/restore_candidate_level.tscn' at thread -1
Loading resource: res://tests/fixtures/restore_candidate_level.tscn remapped: res://tests/fixtures/restore_candidate_level.tscn
Completed load for: 'res://tests/fixtures/restore_candidate_level.tscn' remapped 'res://tests/fixtures/restore_candidate_level.tscn' at thread -1
Loading resource: res://tests/fixtures/restore_candidate_level.tscn remapped: res://tests/fixtures/restore_candidate_level.tscn
Completed load for: 'res://tests/fixtures/restore_candidate_level.tscn' remapped 'res://tests/fixtures/restore_candidate_level.tscn' at thread -1
Loading resource: res://tests/fixtures/restore_candidate_level.tscn remapped: res://tests/fixtures/restore_candidate_level.tscn
Completed load for: 'res://tests/fixtures/restore_candidate_level.tscn' remapped 'res://tests/fixtures/restore_candidate_level.tscn' at thread -1
Loading resource: res://tests/fixtures/restore_candidate_level.tscn remapped: res://tests/fixtures/restore_candidate_level.tscn
Completed load for: 'res://tests/fixtures/restore_candidate_level.tscn' remapped 'res://tests/fixtures/restore_candidate_level.tscn' at thread -1
Loading resource: res://tests/fixtures/restore_candidate_level.tscn remapped: res://tests/fixtures/restore_candidate_level.tscn
Completed load for: 'res://tests/fixtures/restore_candidate_level.tscn' remapped 'res://tests/fixtures/restore_candidate_level.tscn' at thread -1
Loading resource: res://tests/fixtures/restore_candidate_level.tscn remapped: res://tests/fixtures/restore_candidate_level.tscn
Completed load for: 'res://tests/fixtures/restore_candidate_level.tscn' remapped 'res://tests/fixtures/restore_candidate_level.tscn' at thread -1
Loading resource: res://tests/fixtures/restore_candidate_level.tscn remapped: res://tests/fixtures/restore_candidate_level.tscn
Completed load for: 'res://tests/fixtures/restore_candidate_level.tscn' remapped 'res://tests/fixtures/restore_candidate_level.tscn' at thread -1
Loading resource: res://tests/fixtures/restore_candidate_level.tscn remapped: res://tests/fixtures/restore_candidate_level.tscn
Completed load for: 'res://tests/fixtures/restore_candidate_level.tscn' remapped 'res://tests/fixtures/restore_candidate_level.tscn' at thread -1
Loading resource: res://tests/fixtures/restore_candidate_level.tscn remapped: res://tests/fixtures/restore_candidate_level.tscn
Completed load for: 'res://tests/fixtures/restore_candidate_level.tscn' remapped 'res://tests/fixtures/restore_candidate_level.tscn' at thread -1
Loading resource: res://tests/fixtures/restore_candidate_level.tscn remapped: res://tests/fixtures/restore_candidate_level.tscn
Completed load for: 'res://tests/fixtures/restore_candidate_level.tscn' remapped 'res://tests/fixtures/restore_candidate_level.tscn' at thread -1
Loading resource: res://tests/fixtures/restore_candidate_level.tscn remapped: res://tests/fixtures/restore_candidate_level.tscn
Completed load for: 'res://tests/fixtures/restore_candidate_level.tscn' remapped 'res://tests/fixtures/restore_candidate_level.tscn' at thread -1
Loading resource: res://tests/fixtures/restore_candidate_level.tscn remapped: res://tests/fixtures/restore_candidate_level.tscn
Completed load for: 'res://tests/fixtures/restore_candidate_level.tscn' remapped 'res://tests/fixtures/restore_candidate_level.tscn' at thread -1
Loading resource: res://tests/fixtures/restore_candidate_level.tscn remapped: res://tests/fixtures/restore_candidate_level.tscn
Completed load for: 'res://tests/fixtures/restore_candidate_level.tscn' remapped 'res://tests/fixtures/restore_candidate_level.tscn' at thread -1
Loading resource: res://tests/fixtures/restore_candidate_level.tscn remapped: res://tests/fixtures/restore_candidate_level.tscn
Completed load for: 'res://tests/fixtures/restore_candidate_level.tscn' remapped 'res://tests/fixtures/restore_candidate_level.tscn' at thread -1
Loading resource: res://tests/fixtures/restore_candidate_level.tscn remapped: res://tests/fixtures/restore_candidate_level.tscn
Completed load for: 'res://tests/fixtures/restore_candidate_level.tscn' remapped 'res://tests/fixtures/restore_candidate_level.tscn' at thread -1
Loading resource: res://tests/fixtures/restore_candidate_level.tscn remapped: res://tests/fixtures/restore_candidate_level.tscn
Completed load for: 'res://tests/fixtures/restore_candidate_level.tscn' remapped 'res://tests/fixtures/restore_candidate_level.tscn' at thread -1
Loading resource: res://tests/fixtures/restore_candidate_level.tscn remapped: res://tests/fixtures/restore_candidate_level.tscn
Completed load for: 'res://tests/fixtures/restore_candidate_level.tscn' remapped 'res://tests/fixtures/restore_candidate_level.tscn' at thread -1
Loading resource: res://tests/fixtures/restore_candidate_level.tscn remapped: res://tests/fixtures/restore_candidate_level.tscn
Completed load for: 'res://tests/fixtures/restore_candidate_level.tscn' remapped 'res://tests/fixtures/restore_candidate_level.tscn' at thread -1
Loading resource: res://tests/fixtures/restore_candidate_level.tscn remapped: res://tests/fixtures/restore_candidate_level.tscn
Completed load for: 'res://tests/fixtures/restore_candidate_level.tscn' remapped 'res://tests/fixtures/restore_candidate_level.tscn' at thread -1
Loading resource: res://tests/fixtures/restore_candidate_level.tscn remapped: res://tests/fixtures/restore_candidate_level.tscn
Completed load for: 'res://tests/fixtures/restore_candidate_level.tscn' remapped 'res://tests/fixtures/restore_candidate_level.tscn' at thread -1
Loading resource: res://tests/fixtures/restore_candidate_level.tscn remapped: res://tests/fixtures/restore_candidate_level.tscn
Completed load for: 'res://tests/fixtures/restore_candidate_level.tscn' remapped 'res://tests/fixtures/restore_candidate_level.tscn' at thread -1
Loading resource: res://tests/fixtures/restore_candidate_level.tscn remapped: res://tests/fixtures/restore_candidate_level.tscn
Completed load for: 'res://tests/fixtures/restore_candidate_level.tscn' remapped 'res://tests/fixtures/restore_candidate_level.tscn' at thread -1
Loading resource: res://tests/fixtures/restore_candidate_level.tscn remapped: res://tests/fixtures/restore_candidate_level.tscn
Completed load for: 'res://tests/fixtures/restore_candidate_level.tscn' remapped 'res://tests/fixtures/restore_candidate_level.tscn' at thread -1
Loading resource: res://tests/fixtures/restore_candidate_level.tscn remapped: res://tests/fixtures/restore_candidate_level.tscn
Completed load for: 'res://tests/fixtures/restore_candidate_level.tscn' remapped 'res://tests/fixtures/restore_candidate_level.tscn' at thread -1
Loading resource: res://tests/fixtures/restore_candidate_level.tscn remapped: res://tests/fixtures/restore_candidate_level.tscn
Completed load for: 'res://tests/fixtures/restore_candidate_level.tscn' remapped 'res://tests/fixtures/restore_candidate_level.tscn' at thread -1
Loading resource: res://tests/fixtures/restore_candidate_level.tscn remapped: res://tests/fixtures/restore_candidate_level.tscn
Completed load for: 'res://tests/fixtures/restore_candidate_level.tscn' remapped 'res://tests/fixtures/restore_candidate_level.tscn' at thread -1
Loading resource: res://tests/fixtures/restore_candidate_level.tscn remapped: res://tests/fixtures/restore_candidate_level.tscn
Completed load for: 'res://tests/fixtures/restore_candidate_level.tscn' remapped 'res://tests/fixtures/restore_candidate_level.tscn' at thread -1
Loading resource: res://tests/fixtures/restore_candidate_level.tscn remapped: res://tests/fixtures/restore_candidate_level.tscn
Completed load for: 'res://tests/fixtures/restore_candidate_level.tscn' remapped 'res://tests/fixtures/restore_candidate_level.tscn' at thread -1
Loading resource: res://tests/fixtures/restore_candidate_level.tscn remapped: res://tests/fixtures/restore_candidate_level.tscn
Completed load for: 'res://tests/fixtures/restore_candidate_level.tscn' remapped 'res://tests/fixtures/restore_candidate_level.tscn' at thread -1
Loading resource: res://tests/fixtures/restore_candidate_level.tscn remapped: res://tests/fixtures/restore_candidate_level.tscn
Completed load for: 'res://tests/fixtures/restore_candidate_level.tscn' remapped 'res://tests/fixtures/restore_candidate_level.tscn' at thread -1
Loading resource: res://tests/fixtures/restore_candidate_level.tscn remapped: res://tests/fixtures/restore_candidate_level.tscn
Completed load for: 'res://tests/fixtures/restore_candidate_level.tscn' remapped 'res://tests/fixtures/restore_candidate_level.tscn' at thread -1
Loading resource: res://tests/fixtures/restore_candidate_level.tscn remapped: res://tests/fixtures/restore_candidate_level.tscn
Completed load for: 'res://tests/fixtures/restore_candidate_level.tscn' remapped 'res://tests/fixtures/restore_candidate_level.tscn' at thread -1
Loading resource: res://tests/fixtures/restore_candidate_level.tscn remapped: res://tests/fixtures/restore_candidate_level.tscn
Completed load for: 'res://tests/fixtures/restore_candidate_level.tscn' remapped 'res://tests/fixtures/restore_candidate_level.tscn' at thread -1
Loading resource: res://tests/fixtures/restore_candidate_level.tscn remapped: res://tests/fixtures/restore_candidate_level.tscn
Completed load for: 'res://tests/fixtures/restore_candidate_level.tscn' remapped 'res://tests/fixtures/restore_candidate_level.tscn' at thread -1
Loading resource: res://tests/fixtures/restore_candidate_level.tscn remapped: res://tests/fixtures/restore_candidate_level.tscn
Completed load for: 'res://tests/fixtures/restore_candidate_level.tscn' remapped 'res://tests/fixtures/restore_candidate_level.tscn' at thread -1
Loading resource: res://tests/fixtures/restore_candidate_level.tscn remapped: res://tests/fixtures/restore_candidate_level.tscn
Completed load for: 'res://tests/fixtures/restore_candidate_level.tscn' remapped 'res://tests/fixtures/restore_candidate_level.tscn' at thread -1
Loading resource: res://tests/fixtures/restore_candidate_level.tscn remapped: res://tests/fixtures/restore_candidate_level.tscn
Completed load for: 'res://tests/fixtures/restore_candidate_level.tscn' remapped 'res://tests/fixtures/restore_candidate_level.tscn' at thread -1
Loading resource: res://tests/fixtures/restore_candidate_level.tscn remapped: res://tests/fixtures/restore_candidate_level.tscn
Completed load for: 'res://tests/fixtures/restore_candidate_level.tscn' remapped 'res://tests/fixtures/restore_candidate_level.tscn' at thread -1
Loading resource: res://tests/fixtures/restore_candidate_level.tscn remapped: res://tests/fixtures/restore_candidate_level.tscn
Completed load for: 'res://tests/fixtures/restore_candidate_level.tscn' remapped 'res://tests/fixtures/restore_candidate_level.tscn' at thread -1
Loading resource: res://tests/fixtures/restore_candidate_level.tscn remapped: res://tests/fixtures/restore_candidate_level.tscn
Completed load for: 'res://tests/fixtures/restore_candidate_level.tscn' remapped 'res://tests/fixtures/restore_candidate_level.tscn' at thread -1
Restore candidate smoke: 71 checks, 0 failures (TEST ONLY native constructor/Shell paths)
XR: Clearing primary interface
XR: Removed interface "Native mobile"
XR: Removed interface "OpenXR"
