Godot Engine v4.7.2.stable.official.ed1daf0bf - https://godotengine.org
TextServer: Added interface "Dummy"
TextServer: Added interface "ICU / HarfBuzz / Graphite (Built-in)"
SDL: Init OK!
Using "default" pen tablet driver...

TextServer: Primary interface set to: "ICU / HarfBuzz / Graphite (Built-in)".
CORE API HASH: 2004498165
EDITOR API HASH: 1696660745
Loading resource: res://tests/campaign_shell_smoke.gd remapped: res://tests/campaign_shell_smoke.gd
Loading resource: res://scenes/player.tscn remapped: res://scenes/player.tscn
Loading resource: res://scripts/player.gd remapped: res://scripts/player.gd
Completed load for: 'res://scripts/player.gd' remapped 'res://scripts/player.gd' at thread -1
Completed load for: 'res://scenes/player.tscn' remapped 'res://scenes/player.tscn' at thread -1
Loading resource: res://scenes/practice_target.tscn remapped: res://scenes/practice_target.tscn
Loading resource: res://scripts/practice_target.gd remapped: res://scripts/practice_target.gd
Completed load for: 'res://scripts/practice_target.gd' remapped 'res://scripts/practice_target.gd' at thread -1
Completed load for: 'res://scenes/practice_target.tscn' remapped 'res://scenes/practice_target.tscn' at thread -1
Loading resource: res://scenes/lab_arena.tscn remapped: res://scenes/lab_arena.tscn
Completed load for: 'res://scenes/lab_arena.tscn' remapped 'res://scenes/lab_arena.tscn' at thread -1
Completed load for: 'res://tests/campaign_shell_smoke.gd' remapped 'res://tests/campaign_shell_smoke.gd' at thread -1
SceneTreeFTI: traversal method DEFAULT
ERROR: Condition "ret != noErr" is true. Returning: ""
   at: get_system_ca_certificates (platform/macos/os_macos.mm:1035)
Loaded builtin CA certificates
Loading resource: res://tests/fixtures/campaign/live_a1_l1.tscn remapped: res://tests/fixtures/campaign/live_a1_l1.tscn
Loading resource: res://tests/fixtures/campaign/live_level.gd remapped: res://tests/fixtures/campaign/live_level.gd
Completed load for: 'res://tests/fixtures/campaign/live_level.gd' remapped 'res://tests/fixtures/campaign/live_level.gd' at thread -1
Completed load for: 'res://tests/fixtures/campaign/live_a1_l1.tscn' remapped 'res://tests/fixtures/campaign/live_a1_l1.tscn' at thread -1
Loading resource: res://tests/fixtures/campaign/live_a1_l1.tscn remapped: res://tests/fixtures/campaign/live_a1_l1.tscn
Completed load for: 'res://tests/fixtures/campaign/live_a1_l1.tscn' remapped 'res://tests/fixtures/campaign/live_a1_l1.tscn' at thread -1
Loading resource: res://tests/fixtures/campaign/live_a1_l1.tscn remapped: res://tests/fixtures/campaign/live_a1_l1.tscn
Completed load for: 'res://tests/fixtures/campaign/live_a1_l1.tscn' remapped 'res://tests/fixtures/campaign/live_a1_l1.tscn' at thread -1
Loading resource: res://tests/fixtures/campaign/live_a1_l1.tscn remapped: res://tests/fixtures/campaign/live_a1_l1.tscn
Completed load for: 'res://tests/fixtures/campaign/live_a1_l1.tscn' remapped 'res://tests/fixtures/campaign/live_a1_l1.tscn' at thread -1
Loading resource: res://tests/fixtures/campaign/live_a1_l1.tscn remapped: res://tests/fixtures/campaign/live_a1_l1.tscn
Completed load for: 'res://tests/fixtures/campaign/live_a1_l1.tscn' remapped 'res://tests/fixtures/campaign/live_a1_l1.tscn' at thread -1
Loading resource: res://tests/fixtures/campaign/live_a1_l1.tscn remapped: res://tests/fixtures/campaign/live_a1_l1.tscn
Completed load for: 'res://tests/fixtures/campaign/live_a1_l1.tscn' remapped 'res://tests/fixtures/campaign/live_a1_l1.tscn' at thread -1
Loading resource: res://tests/fixtures/campaign/live_a1_l1.tscn remapped: res://tests/fixtures/campaign/live_a1_l1.tscn
Completed load for: 'res://tests/fixtures/campaign/live_a1_l1.tscn' remapped 'res://tests/fixtures/campaign/live_a1_l1.tscn' at thread -1
Loading resource: res://tests/fixtures/campaign/live_a1_l1.tscn remapped: res://tests/fixtures/campaign/live_a1_l1.tscn
Completed load for: 'res://tests/fixtures/campaign/live_a1_l1.tscn' remapped 'res://tests/fixtures/campaign/live_a1_l1.tscn' at thread -1
Loading resource: res://tests/fixtures/campaign/live_a1_l1.tscn remapped: res://tests/fixtures/campaign/live_a1_l1.tscn
Completed load for: 'res://tests/fixtures/campaign/live_a1_l1.tscn' remapped 'res://tests/fixtures/campaign/live_a1_l1.tscn' at thread -1
Loading resource: res://tests/fixtures/campaign/live_a1_l1.tscn remapped: res://tests/fixtures/campaign/live_a1_l1.tscn
Completed load for: 'res://tests/fixtures/campaign/live_a1_l1.tscn' remapped 'res://tests/fixtures/campaign/live_a1_l1.tscn' at thread -1
Loading resource: res://tests/fixtures/campaign/live_a1_l1.tscn remapped: res://tests/fixtures/campaign/live_a1_l1.tscn
Completed load for: 'res://tests/fixtures/campaign/live_a1_l1.tscn' remapped 'res://tests/fixtures/campaign/live_a1_l1.tscn' at thread -1
Loading resource: res://tests/fixtures/campaign/live_a1_l1.tscn remapped: res://tests/fixtures/campaign/live_a1_l1.tscn
Completed load for: 'res://tests/fixtures/campaign/live_a1_l1.tscn' remapped 'res://tests/fixtures/campaign/live_a1_l1.tscn' at thread -1
Loading resource: res://tests/fixtures/campaign/live_a1_l1.tscn remapped: res://tests/fixtures/campaign/live_a1_l1.tscn
Completed load for: 'res://tests/fixtures/campaign/live_a1_l1.tscn' remapped 'res://tests/fixtures/campaign/live_a1_l1.tscn' at thread -1
Loading resource: res://tests/fixtures/campaign/live_a1_l1.tscn remapped: res://tests/fixtures/campaign/live_a1_l1.tscn
Completed load for: 'res://tests/fixtures/campaign/live_a1_l1.tscn' remapped 'res://tests/fixtures/campaign/live_a1_l1.tscn' at thread -1
Loading resource: res://tests/fixtures/campaign/live_a1_l1.tscn remapped: res://tests/fixtures/campaign/live_a1_l1.tscn
Completed load for: 'res://tests/fixtures/campaign/live_a1_l1.tscn' remapped 'res://tests/fixtures/campaign/live_a1_l1.tscn' at thread -1
Loading resource: res://tests/fixtures/campaign/live_a1_l1.tscn remapped: res://tests/fixtures/campaign/live_a1_l1.tscn
Completed load for: 'res://tests/fixtures/campaign/live_a1_l1.tscn' remapped 'res://tests/fixtures/campaign/live_a1_l1.tscn' at thread -1
Loading resource: res://tests/fixtures/campaign/live_a1_l1.tscn remapped: res://tests/fixtures/campaign/live_a1_l1.tscn
Completed load for: 'res://tests/fixtures/campaign/live_a1_l1.tscn' remapped 'res://tests/fixtures/campaign/live_a1_l1.tscn' at thread -1
Loading resource: res://tests/fixtures/campaign/live_a1_l1.tscn remapped: res://tests/fixtures/campaign/live_a1_l1.tscn
Completed load for: 'res://tests/fixtures/campaign/live_a1_l1.tscn' remapped 'res://tests/fixtures/campaign/live_a1_l1.tscn' at thread -1
Loading resource: res://tests/fixtures/campaign/live_a1_l1.tscn remapped: res://tests/fixtures/campaign/live_a1_l1.tscn
Completed load for: 'res://tests/fixtures/campaign/live_a1_l1.tscn' remapped 'res://tests/fixtures/campaign/live_a1_l1.tscn' at thread -1
ERROR: Could not create directory: '/Users/howardchen/Library/Application Support/Godot/app_userdata/Cinder/test-campaign-shell'.
   at: make_dir_recursive (core/io/dir_access.cpp:179)
   GDScript backtrace (most recent call first):
       [0] write_payload (res://scripts/campaign/save_store.gd:75)
       [1] _commit (res://scripts/campaign/attempts.gd:363)
       [2] begin_story (res://scripts/campaign/attempts.gd:52)
       [3] _perform (res://scripts/campaign/shell.gd:235)
       [4] _commit_drain (res://scripts/campaign/shell.gd:205)
Loading resource: res://tests/fixtures/campaign/live_a1_l1.tscn remapped: res://tests/fixtures/campaign/live_a1_l1.tscn
Completed load for: 'res://tests/fixtures/campaign/live_a1_l1.tscn' remapped 'res://tests/fixtures/campaign/live_a1_l1.tscn' at thread -1
ERROR: FAIL: accepted test fixture begins through actual shell: Cannot create save directory
   at: push_error (core/variant/variant_utility.cpp:1023)
   GDScript backtrace (most recent call first):
       [0] _expect (res://tests/campaign_shell_smoke.gd:285)
       [1] _run (res://tests/campaign_shell_smoke.gd:34)
       [2] _settle (res://tests/campaign_shell_smoke.gd:268)
Campaign shell smoke: 3 checks, 1 failures (TEST ONLY live fixtures)
