Godot Engine v4.7.2.stable.official.ed1daf0bf - https://godotengine.org
OpenGL API 4.1 Metal - 90.5 - Compatibility - Using Device: Apple - Apple M3

L5 brief scope: actual initial production Shell entry, independently constructed native presented Sentry/Foot locks, direct permanently inert kit coda. Synthetic prior prefix only; no earned boss/host coda, full route, balance or art acceptance.
ERROR: bounded actual lock publication: { "api_revision": "act2-b05-ray-exchange-1", "source_id": "A2-L5:dying-sentry", "status": "cancelled", "phase": "clear", "phase_progress": 0.0, "cycle": 4, "direction": (0.0, 0.0, 1.0), "armed": false, "geometry": { "kind": "lane", "from": (0.0, 0.0, -28.4), "to": (0.0, 0.0, -24.6), "radius": 0.31 }, "exchange": { "id": "threat-4", "source_position": (0.0, 0.0, -28.4), "geometry": { "kind": "lane", "from": (0.0, 0.0, -28.4), "to": (0.0, 0.0, -24.6), "radius": 0.31 }, "opening_position": (0.0, 0.0, -28.4), "start_s": 9.50000000000005, "lock_from_s": 9.95000000000005, "active_from_s": 11.0500000000001, "active_until_s": 11.2100000000001, "recovery_until_s": 12.8100000000001, "cooldown_until_s": 12.6500000000001, "profile_id": "standard", "world_revision": 1, "adapter": { "kind": "tracking", "locked": false, "reach": 3.79999923706055, "radius": 0.31, "lock_s": 1.1, "active_s": 0.16, "recovery_s": 1.6, "attack_interval_s": 1.6 } }, "bait_sample": { "boundary": "sentry-entry", "point": (0.0, 0.0, -27.74356), "last_sequence": 3, "dash_sequence": 3, "initial_floor": (0.0, 0.0, -26.1), "initial_sequence": 0, "receipt": { "kind": "dash", "started_at_s": 1.03333333333333, "origin": "player_direct", "world_origin": [0.0, -0.00415791757405, -25.6009769439697], "direction": [0.0, 0.0, -1.0], "blocked": true, "equipment_ids": { "jacket": "CLOTH-J0", "pants": "CLOTH-P0", "shoes": "CLOTH-S0", "weapon": "WEAPON-01" }, "resolved_stats": { "primary_damage": 20.0, "followup_damage": 42.0, "primary_range": 2.0, "followup_range": 3.1, "primary_cooldown": 0.3, "followup_cooldown": 0.45, "primary_cone_min_dot": 0.05, "followup_cone_min_dot": 0.5, "primary_cadence_estimate": 0.3, "dash_speed": 15.0, "dash_distance": 2.7, "dash_duration": 0.18, "dash_cooldown": 0.34, "dash_invulnerability": 0.12, "hurt_invulnerability": 0.8, "max_health": 100.0, "armour": 1.0, "damage_reduction": 0.0, "effective_health": 100.0, "shell_capacity": 2, "shell_reload": 1.15, "primary_hit_reload_credit": 0.45, "gear_multipliers": { "damage": 1.0, "attack_speed": 1.0, "attack_range": 1.0, "dash_speed": 1.0, "dash_distance": 1.0, "max_health": 1.0, "armour": 1.0 }, "total_multipliers": { "damage": 1.0, "attack_speed": 1.0, "attack_range": 1.0, "dash_speed": 1.0, "dash_distance": 1.0, "max_health": 1.0, "armour": 1.0 }, "raw_gear_multipliers": { "damage": 1.0, "attack_speed": 1.0, "attack_range": 1.0, "dash_speed": 1.0, "dash_distance": 1.0, "max_health": 1.0, "armour": 1.0 }, "capped_stats": [], "weapon_id": "WEAPON-01", "weapon_name": "Balanced Edge" }, "path": [{ "position": [0.0, -0.00415791757405, -25.6009769439697], "time_s": 1.03333333333333 }, { "position": [0.0, -0.00415791757405, -25.8509769439697], "time_s": 1.05 }, { "position": [0.0, -0.00415791757405, -26.1009769439697], "time_s": 1.06666666666667 }, { "position": [0.0, -0.00415791757405, -26.3509769439697], "time_s": 1.08333333333333 }, { "position": [0.0, -0.00415791757405, -26.6009769439697], "time_s": 1.1 }, { "position": [0.0, -0.00415791757405, -26.8509769439697], "time_s": 1.11666666666667 }, { "position": [0.0, -0.00415791757405, -27.1009769439697], "time_s": 1.13333333333333 }, { "position": [0.0, -0.00415791757405, -27.3509769439697], "time_s": 1.15 }, { "position": [0.0, -0.00415791757405, -27.6009769439697], "time_s": 1.16666666666667 }, { "position": [0.0, -0.00415791757405, -27.7435550689697], "time_s": 1.18333333333333 }, { "position": [0.0, -0.00415791757405, -27.7435550689697], "time_s": 1.2 }, { "position": [0.0, -0.00415791757405, -27.7435550689697], "time_s": 1.21666666666667 }], "landing": [0.0, -0.00415791757405, -27.7435550689697], "completed_at_s": 1.21666666666667, "distance": 2.142578125, "collision_shortened": true, "movement_damage": false, "schema_version": 1, "sequence": 3 }, "player_clock_s": 10.9000000000001 }, "hit_consumed": false, "last_cancel_reason": "tracking_lock_unproved", "proof": {  }, "proof_available": false, "presentation_witness": {  } } / []
   at: push_error (core/variant/variant_utility.cpp:1023)
   GDScript backtrace (most recent call first):
       [0] _expect (res://tests/acts/act2/a2_l2_live_level_smoke.gd:692)
       [1] _art_until_phase (res://tests/acts/act2/a2_l5_production_portrait_smoke.gd:335)
       [2] _art_step (res://tests/acts/act2/a2_l5_production_portrait_smoke.gd:344)
       [3] _physics_process (res://tests/acts/act2/a2_l4_live_level_smoke.gd:55)
ERROR: exact four selected brief views, no partial gallery accepted
   at: push_error (core/variant/variant_utility.cpp:1023)
   GDScript backtrace (most recent call first):
       [0] _expect (res://tests/acts/act2/a2_l2_live_level_smoke.gd:692)
       [1] _run (res://tests/acts/act2/a2_l5_production_portrait_smoke.gd:58)
       [2] _art_release_shell (res://tests/acts/act2/a2_l5_production_portrait_smoke.gd:404)
       [3] _art_settle (res://tests/acts/act2/a2_l5_production_portrait_smoke.gd:347)
ERROR: actual rendered labels preserve exact scoped order
   at: push_error (core/variant/variant_utility.cpp:1023)
   GDScript backtrace (most recent call first):
       [0] _expect (res://tests/acts/act2/a2_l2_live_level_smoke.gd:692)
       [1] _run (res://tests/acts/act2/a2_l5_production_portrait_smoke.gd:61)
       [2] _art_release_shell (res://tests/acts/act2/a2_l5_production_portrait_smoke.gd:404)
       [3] _art_settle (res://tests/acts/act2/a2_l5_production_portrait_smoke.gd:347)
L5 brief production portrait smoke: 2842 checks, 3 failures; scope_complete=false; entry + native component locks + direct inert scenery only
