Godot Engine v4.7.2.stable.official.ed1daf0bf - https://godotengine.org

PASS: authored equipment uses canonical shortest-reach Heavy primary
PASS: actor binds actual ready shared context and same-world parent cue
PASS: isolated incoming gate reads the actual pure source projection
PASS: actual Player settles on supported native floor
PASS: ordinary Heavy profile reaches authored low joint without dash or blast
PASS: actor has no independent clock or body collider
PASS: initial native snapshot has one finite total 30 first pool
PASS: public manual recovery and actual joint cue expose isolated actor opening
PASS: actual 24 primary accepts exactly first 15 with no refill or movement
PASS: one threshold commits pending 15 and preserves immutable anchor
PASS: gate reads nonempty native source projection inside both damage transactions
PASS: threshold observers reject reentry and parent spends cue before later observers
PASS: later observer reads coherent pending source with real spent cue
PASS: actual Player publishes one raw 24 accepted ordinary action, without blast
PASS: phase commit rejects the actual unfinished primary commitment
PASS: actual primary commitment and cooldown settle before component pause
PASS: actual pending actor quietly round-trips without player changes or a new threshold
PASS: spent first brace cannot consume a second actual ordinary action
PASS: stable actual Player permits public actor phase commit without claiming parent foot receipts
PASS: actor phase commit retains remaining 15 and does not silently expose a new opening
PASS: isolated second pool opens only through explicit public recovery presentation
PASS: second actual 24 primary consumes remaining 15 and emits one defeat
PASS: lethal callback retains guarded source metadata and refuses transactional restore
PASS: actual lethal primary finishes before spent capture
PASS: real spent tombstone restores repeatedly without duplicate defeat
PASS: whole fixture releases bound Player/actor/cue/effects and leaves no stale target groups
PASS: authored equipment uses canonical shortest-reach Heavy primary
PASS: actor binds actual ready shared context and same-world parent cue
PASS: isolated incoming gate reads the actual pure source projection
PASS: prospective pose donor first earns actual supported native floor contact
PASS: prospective idle test begins with genuine native component captures
PASS: prospective idle heading preserves exact component transport
PASS: whole fixture releases bound Player/actor/cue/effects and leaves no stale target groups
PASS: authored equipment uses canonical shortest-reach Heavy primary
PASS: actor binds actual ready shared context and same-world parent cue
PASS: isolated incoming gate reads the actual pure source projection
PASS: fresh actual recipient purely preflights prospective idle tuple
PASS: fresh quiet commit restores actual Player before actor
PASS: accepted idle heading remains exactly 0.5 rather than directional redraw, with no events
PASS: repeated prospective quiet actor restore remains exact and silent
PASS: prospective source shape is pure and does not replace aggregate HP/cue correspondence
PASS: extra wrapper key preflight refuses
PASS: extra wrapper key restore refuses atomically
PASS: missing actor preflight refuses
PASS: missing actor restore refuses atomically
PASS: unknown boss phase preflight refuses
PASS: unknown boss phase restore refuses atomically
PASS: pending first pool above threshold preflight refuses
PASS: pending first pool above threshold restore refuses atomically
PASS: threshold without pending flag preflight refuses
PASS: threshold without pending flag restore refuses atomically
PASS: first pool below boundary preflight refuses
PASS: first pool below boundary restore refuses atomically
PASS: second pool refilling above 15 preflight refuses
PASS: second pool refilling above 15 restore refuses atomically
PASS: changed finite total preflight refuses
PASS: changed finite total restore refuses atomically
PASS: nonfinite health preflight refuses
PASS: nonfinite health restore refuses atomically
PASS: nonfinite heading preflight refuses
PASS: nonfinite heading restore refuses atomically
PASS: changed immutable anchor preflight refuses
PASS: changed immutable anchor restore refuses atomically
PASS: contradictory source flags refuse without native projection/cue mutation
PASS: whole fixture releases bound Player/actor/cue/effects and leaves no stale target groups
PASS: authored equipment uses canonical shortest-reach Heavy primary
PASS: actor binds actual ready shared context and same-world parent cue
PASS: isolated incoming gate reads the actual pure source projection
PASS: cue-loss fixture exposes actual isolated recovery
PASS: queued actual parent cue immediately closes source projection
PASS: real primary cannot damage recovery through lost required cue
PASS: freed parent cue cannot be retained or regenerated by actor
PASS: disarm permanently retires actor context without a refill or source resurrection
PASS: retired actor refuses capture/preflight/restore at a paused boundary
PASS: whole fixture releases bound Player/actor/cue/effects and leaves no stale target groups
A2-L5 isolated Sentry actor smoke: 75 checks, 0 failures; actor API/prospective pose only, no native Scheduler/ray/foot, recognizer, whole-parent, checkpoint, balance or art credit
