Waiting for the shared Godot session to close…
Godot Engine v4.7.2.stable.official.ed1daf0bf - https://godotengine.org

PASS: cache binds once to actual ready native Player
PASS: nested publication starts at actual supported stable entry
PASS: real first dash and nested public primary complete through native callbacks
PASS: native retained publication is dash 1 then primary 2
PASS: earlier observer publishes once and actual cache delivery is primary 2 before dash 1
ERROR: FAIL: nested drain and outer genuine notification both succeed
   at: push_error (core/variant/variant_utility.cpp:1023)
   GDScript backtrace (most recent call first):
       [0] _expect (res://tests/acts/act2/a2_l5_bait_smoke.gd:414)
       [1] _nested_publication_checks (res://tests/acts/act2/a2_l5_bait_smoke.gd:452)
       [2] _wait_ready (res://tests/acts/act2/a2_l5_bait_smoke.gd:333)
       [3] _step (res://tests/acts/act2/a2_l5_bait_smoke.gd:360)
ERROR: FAIL: nested drain consumes native publication order and retains only real dash landing
   at: push_error (core/variant/variant_utility.cpp:1023)
   GDScript backtrace (most recent call first):
       [0] _expect (res://tests/acts/act2/a2_l5_bait_smoke.gd:414)
       [1] _nested_publication_checks (res://tests/acts/act2/a2_l5_bait_smoke.gd:453)
       [2] _wait_ready (res://tests/acts/act2/a2_l5_bait_smoke.gd:333)
       [3] _step (res://tests/acts/act2/a2_l5_bait_smoke.gd:360)
ERROR: FAIL: outer already-consumed dash notification makes no duplicate cache update
   at: push_error (core/variant/variant_utility.cpp:1023)
   GDScript backtrace (most recent call first):
       [0] _expect (res://tests/acts/act2/a2_l5_bait_smoke.gd:414)
       [1] _nested_publication_checks (res://tests/acts/act2/a2_l5_bait_smoke.gd:454)
       [2] _wait_ready (res://tests/acts/act2/a2_l5_bait_smoke.gd:333)
       [3] _step (res://tests/acts/act2/a2_l5_bait_smoke.gd:360)
PASS: second public dash actually completes after native cooldown
PASS: retained native history remains genuine dash 1, primary 2, dash 3
ERROR: FAIL: later genuine completion remains consumable without repeating the nested primary
   at: push_error (core/variant/variant_utility.cpp:1023)
   GDScript backtrace (most recent call first):
       [0] _expect (res://tests/acts/act2/a2_l5_bait_smoke.gd:414)
       [1] _nested_publication_checks (res://tests/acts/act2/a2_l5_bait_smoke.gd:463)
       [2] _wait_ready (res://tests/acts/act2/a2_l5_bait_smoke.gd:333)
       [3] _step (res://tests/acts/act2/a2_l5_bait_smoke.gd:360)
ERROR: FAIL: final bait advances to the second actual completed physical landing
   at: push_error (core/variant/variant_utility.cpp:1023)
   GDScript backtrace (most recent call first):
       [0] _expect (res://tests/acts/act2/a2_l5_bait_smoke.gd:414)
       [1] _nested_publication_checks (res://tests/acts/act2/a2_l5_bait_smoke.gd:464)
       [2] _wait_ready (res://tests/acts/act2/a2_l5_bait_smoke.gd:333)
       [3] _step (res://tests/acts/act2/a2_l5_bait_smoke.gd:360)
ERROR: FAIL: later native completion cannot mutate an earlier sampled cycle copy
   at: push_error (core/variant/variant_utility.cpp:1023)
   GDScript backtrace (most recent call first):
       [0] _expect (res://tests/acts/act2/a2_l5_bait_smoke.gd:414)
       [1] _nested_publication_checks (res://tests/acts/act2/a2_l5_bait_smoke.gd:465)
       [2] _wait_ready (res://tests/acts/act2/a2_l5_bait_smoke.gd:333)
       [3] _step (res://tests/acts/act2/a2_l5_bait_smoke.gd:360)
ERROR: FAIL: genuine consumed notifications are idempotent with no cache or native-history mutation
   at: push_error (core/variant/variant_utility.cpp:1023)
   GDScript backtrace (most recent call first):
       [0] _expect (res://tests/acts/act2/a2_l5_bait_smoke.gd:414)
       [1] _nested_publication_checks (res://tests/acts/act2/a2_l5_bait_smoke.gd:467)
       [2] _wait_ready (res://tests/acts/act2/a2_l5_bait_smoke.gd:333)
       [3] _step (res://tests/acts/act2/a2_l5_bait_smoke.gd:360)
NESTED BAIT native publication=[dash 1, primary 2, dash 3]; cache delivery=[2, 1, 3]; accepted=[false, true, false]; final cache cursor=1; final dash=1
PASS: fixture owner disconnects and frees its complete native world
A2-L5 bait controller smoke: 15 checks, 7 failures; controller/API only, no ray, recognizer, camera, combat, whole-level or art credit
