Waiting for the shared Godot session to close…
Godot Engine v4.7.2.stable.official.ed1daf0bf - https://godotengine.org

L4 courtyard reproduction: genuine original generation3 flood-margin-clear/stage4, original resources including naturally earned ammo; Heavy/Standard, actual Scout-first then Tender-first inputs, scoped current stage5 diagnostics; original source=res://docs/acts/act2/evidence/A2-L4/live-heavy-first/ isolated output=/Users/howardchen/Library/Application Support/Godot/app_userdata/Cinder/test-a2-l4-priority-repro/captures/1115006/
L4 TEST progress observation: {"api_revision":"exact-json-1","schema_version":1,"value":["dictionary",[["admission_errors",["dictionary",[["tool_villa_ray_handler",["dictionary",[]]],["villa_scout",["dictionary",[]]]]]],["beat",["string","villa_scout_priority"]],["clock_s",["float64","8921222222e24440"]],["no_hp_progress_since_s",["float64","f143444444844040"]],["preferred_hp",["dictionary",[["villa_scout",["float64","0000000000001840"]]]]],["preferred_ids",["array",[["string","villa_scout"]]]],["sources",["dictionary",[["villa_ray_handler",["dictionary",[["actor_phase",["string","warning"]],["cycle",["integer","3"]],["hp",["float64","0000000000003e40"]],["phase",["string","warning"]],["preferred",["boolean",false]],["reservation_id",["string","threat-14"]],["source_id",["string","tool_villa_ray_handler"]],["status",["string","running"]]]]],["villa_scout",["dictionary",[["actor_phase",["string","lock"]],["cycle",["integer","4"]],["hp",["float64","0000000000001840"]],["phase",["string","lock"]],["preferred",["boolean",true]],["reservation_id",["string","threat-13"]],["source_id",["string","villa_scout"]],["status",["string","running"]]]]]]]]]]}
London Approaches actual primary targets cleared: ["villa_scout"]
London Approaches actual primary targets cleared: ["villa_ray_handler"]
ERROR: scoped exact transport is serializable: actual-stage5.diagnostic.exact.json
   at: push_error (core/variant/variant_utility.cpp:1023)
   GDScript backtrace (most recent call first):
       [0] _expect (res://tests/acts/act2/a2_l2_live_level_smoke.gd:692)
       [1] _pr_write (res://tests/acts/act2/a2_l4_priority_repro.gd:194)
       [2] _pr_capture (res://tests/acts/act2/a2_l4_priority_repro.gd:170)
       [3] _pr_settle (res://tests/acts/act2/a2_l4_priority_repro.gd:233)
ERROR: scoped exact transport is serializable: incomplete-actual.diagnostic.exact.json
   at: push_error (core/variant/variant_utility.cpp:1023)
   GDScript backtrace (most recent call first):
       [0] _expect (res://tests/acts/act2/a2_l2_live_level_smoke.gd:692)
       [1] _pr_write (res://tests/acts/act2/a2_l4_priority_repro.gd:194)
       [2] _pr_capture (res://tests/acts/act2/a2_l4_priority_repro.gd:170)
       [3] _pr_settle (res://tests/acts/act2/a2_l4_priority_repro.gd:233)
L4 courtyard reproduction: 726 checks, 2 failures; capture_root=/Users/howardchen/Library/Application Support/Godot/app_userdata/Cinder/test-a2-l4-priority-repro/captures/1115006/; completed_scoped_courtyards=false; HP_progress_timeout=false; no full-level/transition acceptance
