Godot Engine v4.7.2.stable.official.ed1daf0bf - https://godotengine.org

PASS: actual Scheduler selects a fresh raw Standard encounter
PASS: TEST ONLY initial paused empty-ammo seed retains coherent actual actor
PASS: genuine shared Playback subclass owns immutable native definition, HP, visible mesh and fixed endpoint
PASS: own enemy configure_authored uses its actual source hooks: 
PASS: profile retains EXACT real shared Scheduler Script required by ReplayWitness
PASS: actual exclusive stationary source receives complete live-body own-enemy witness: 
PASS: native required footprint derives from exact own source/world/floor program
PASS: projected owner binds exact actual exclusive Player without a capture gate: 
PASS: pure probes use the genuine one-event Cue and actual retained native renderer guard/Cursor
PASS: separate probes start at the actual same prelock native clock/epoch/generation
PASS: separate actual pure replay_reservation_error probe authenticates genuine admitted source
PASS: separate actual pure authored_replay_source_error probe authenticates genuine admitted source
PASS: separate actual pure cue.projection_error probe authenticates genuine admitted source
PASS: separate actual pure renderer_guard.current_error probe authenticates genuine admitted source
PASS: separate actual pure cursor.snapshot_error probe authenticates genuine admitted source
PASS: separate actual pure replay_reservation_error probe authenticates genuine admitted source
PASS: separate actual pure authored_replay_source_error probe authenticates genuine admitted source
PASS: separate actual pure cue.projection_error probe authenticates genuine admitted source
PASS: separate actual pure renderer_guard.current_error probe authenticates genuine admitted source
PASS: separate actual pure cursor.snapshot_error probe authenticates genuine admitted source
PASS: separate actual pure replay_reservation_error probe authenticates genuine admitted source
PASS: separate actual pure authored_replay_source_error probe authenticates genuine admitted source
PASS: separate actual pure cue.projection_error probe authenticates genuine admitted source
PASS: separate actual pure renderer_guard.current_error probe authenticates genuine admitted source
PASS: separate actual pure cursor.snapshot_error probe authenticates genuine admitted source
PASS: separate same-clock pure probes retain real clocks/diagnostics/source/Hero/history
PASS: separate native probes retain actual guard/Cursor/Cue identities, diagnostics, projection and delivery prefix
PASS: fixed-clock probes neither yield a native frame nor add a production advance sample
PASS: actual due lock revalidates full lead and current actual Player: 
PASS: own cursor consumes actual canonical lock without retiming or new proof
PASS: profile executes actual routed first_escape_dash
PASS: profile harmless route retains real Hero HP and fixed native source
PASS: profile executes actual routed tether_positioning_dash
PASS: profile harmless route retains real Hero HP and fixed native source
PASS: real profile witness returns to ordinary hittable recovery knot
PASS: real profile first tap executes ordinary primary
PASS: real profile route defeats own HP source once without Hero damage
PASS: measurement workload contains two native dashes and one ordinary primary; natural ammo regeneration preserved
PASS: bounded raw native measurements remain complete
PASS: profile native advance accepts original authority and monotonic real clock
PASS: profile native advance accepts original authority and monotonic real clock
PASS: profile native advance accepts original authority and monotonic real clock
PASS: profile native advance accepts original authority and monotonic real clock
PASS: profile native advance accepts original authority and monotonic real clock
PASS: profile native advance accepts original authority and monotonic real clock
PASS: profile native advance accepts original authority and monotonic real clock
PASS: profile native advance accepts original authority and monotonic real clock
PASS: profile native advance accepts original authority and monotonic real clock
PASS: profile native advance accepts original authority and monotonic real clock
PASS: profile native advance accepts original authority and monotonic real clock
PASS: profile native advance accepts original authority and monotonic real clock
PASS: profile native advance accepts original authority and monotonic real clock
PASS: profile native advance accepts original authority and monotonic real clock
PASS: profile native advance accepts original authority and monotonic real clock
PASS: profile native advance accepts original authority and monotonic real clock
PASS: profile native advance accepts original authority and monotonic real clock
PASS: profile native advance accepts original authority and monotonic real clock
PASS: profile native advance accepts original authority and monotonic real clock
PASS: profile native advance accepts original authority and monotonic real clock
PASS: profile native advance accepts original authority and monotonic real clock
PASS: profile native advance accepts original authority and monotonic real clock
PASS: profile native advance accepts original authority and monotonic real clock
PASS: profile native advance accepts original authority and monotonic real clock
PASS: profile native advance accepts original authority and monotonic real clock
PASS: profile native advance accepts original authority and monotonic real clock
PASS: profile native advance accepts original authority and monotonic real clock
PASS: profile native advance accepts original authority and monotonic real clock
PASS: profile native advance accepts original authority and monotonic real clock
PASS: profile native advance accepts original authority and monotonic real clock
PASS: profile native advance accepts original authority and monotonic real clock
PASS: profile native advance accepts original authority and monotonic real clock
PASS: profile native advance accepts original authority and monotonic real clock
PASS: profile native advance accepts original authority and monotonic real clock
PASS: profile native advance accepts original authority and monotonic real clock
PASS: profile native advance accepts original authority and monotonic real clock
PASS: profile native advance accepts original authority and monotonic real clock
PASS: profile native advance accepts original authority and monotonic real clock
PASS: profile native advance accepts original authority and monotonic real clock
PASS: profile native advance accepts original authority and monotonic real clock
PASS: profile native advance accepts original authority and monotonic real clock
PASS: profile native advance accepts original authority and monotonic real clock
PASS: profile native advance accepts original authority and monotonic real clock
PASS: profile native advance accepts original authority and monotonic real clock
PASS: profile native advance accepts original authority and monotonic real clock
PASS: profile native advance accepts original authority and monotonic real clock
PASS: profile native advance accepts original authority and monotonic real clock
PASS: profile native advance accepts original authority and monotonic real clock
PASS: profile native advance accepts original authority and monotonic real clock
PASS: profile native advance accepts original authority and monotonic real clock
PASS: profile native advance accepts original authority and monotonic real clock
PASS: profile native advance accepts original authority and monotonic real clock
PASS: profile native advance accepts original authority and monotonic real clock
PASS: profile native advance accepts original authority and monotonic real clock
PASS: profile native advance accepts original authority and monotonic real clock
PASS: profile native advance accepts original authority and monotonic real clock
PASS: profile native advance accepts original authority and monotonic real clock
PASS: profile native advance accepts original authority and monotonic real clock
PASS: profile native advance accepts original authority and monotonic real clock
PASS: profile native advance accepts original authority and monotonic real clock
PASS: profile native advance accepts original authority and monotonic real clock
PASS: profile native advance accepts original authority and monotonic real clock
PASS: profile native advance accepts original authority and monotonic real clock
PASS: profile native advance accepts original authority and monotonic real clock
PASS: profile native advance accepts original authority and monotonic real clock
PASS: profile native advance accepts original authority and monotonic real clock
PASS: profile native advance accepts original authority and monotonic real clock
PASS: profile native advance accepts original authority and monotonic real clock
PASS: profile native advance accepts original authority and monotonic real clock
PASS: profile native advance accepts original authority and monotonic real clock
PASS: profile native advance accepts original authority and monotonic real clock
PASS: profile native advance accepts original authority and monotonic real clock
PASS: profile native advance accepts original authority and monotonic real clock
PASS: profile actually observes finite native warning/active/recovery execution
AUTHORED_ECHO_PROFILE_JSON {"actual_world_actions":[{"completed_at_s":0.933333333333335,"damage":0.0,"hits":0,"kind":"dash","started_at_s":0.750000000000001},{"completed_at_s":1.46666666666667,"damage":0.0,"hits":0,"kind":"dash","started_at_s":1.28333333333333},{"completed_at_s":1.55,"damage":20.0,"hits":1,"kind":"primary","started_at_s":1.55}],"admission_projection_bind_inclusive_us":173561,"advance_cost_summary_us":{"count":72,"inclusive_total_us":4190537,"max_us":310834,"mean_us":58201.9027777778,"p50_us":50252,"p95_us":94365},"advance_phase_summary_us":{"active":{"count":14,"inclusive_total_us":751376,"max_us":94365,"mean_us":53669.7142857143,"p50_us":49852,"p95_us":94365},"lock":{"count":23,"inclusive_total_us":1163589,"max_us":52339,"mean_us":50590.8260869565,"p50_us":50529,"p95_us":51909},"recovery":{"count":19,"inclusive_total_us":1466738,"max_us":310834,"mean_us":77196.7368421053,"p50_us":50921,"p95_us":310834},"warning":{"count":16,"inclusive_total_us":808834,"max_us":54344,"mean_us":50552.125,"p50_us":49883,"p95_us":54344}},"advance_samples":[{"accepted":true,"automatic_native_tick":true,"clock_s":0.366666666666667,"event_count":0,"finish_us":1336425,"inclusive_us":54344,"phase":"warning","physics_frame":23,"process_frame":20,"start_us":1282081},{"accepted":true,"automatic_native_tick":true,"clock_s":0.383333333333333,"event_count":0,"finish_us":1393443,"inclusive_us":52175,"phase":"warning","physics_frame":24,"process_frame":20,"start_us":1341268},{"accepted":true,"automatic_native_tick":true,"clock_s":0.4,"event_count":0,"finish_us":1447047,"inclusive_us":49188,"phase":"warning","physics_frame":25,"process_frame":20,"start_us":1397859},{"accepted":true,"automatic_native_tick":true,"clock_s":0.416666666666667,"event_count":0,"finish_us":1501324,"inclusive_us":49705,"phase":"warning","physics_frame":26,"process_frame":20,"start_us":1451619},{"accepted":true,"automatic_native_tick":true,"clock_s":0.433333333333333,"event_count":0,"finish_us":1554885,"inclusive_us":49207,"phase":"warning","physics_frame":27,"process_frame":20,"start_us":1505678},{"accepted":true,"automatic_native_tick":true,"clock_s":0.45,"event_count":0,"finish_us":1609585,"inclusive_us":50252,"phase":"warning","physics_frame":28,"process_frame":20,"start_us":1559333},{"accepted":true,"automatic_native_tick":true,"clock_s":0.466666666666667,"event_count":0,"finish_us":1664285,"inclusive_us":49872,"phase":"warning","physics_frame":29,"process_frame":20,"start_us":1614413},{"accepted":true,"automatic_native_tick":true,"clock_s":0.483333333333333,"event_count":0,"finish_us":1718703,"inclusive_us":49703,"phase":"warning","physics_frame":30,"process_frame":20,"start_us":1669000},{"accepted":true,"automatic_native_tick":true,"clock_s":0.5,"event_count":0,"finish_us":1773578,"inclusive_us":50010,"phase":"warning","physics_frame":31,"process_frame":21,"start_us":1723568},{"accepted":true,"automatic_native_tick":true,"clock_s":0.516666666666667,"event_count":0,"finish_us":1827971,"inclusive_us":49883,"phase":"warning","physics_frame":32,"process_frame":21,"start_us":1778088},{"accepted":true,"automatic_native_tick":true,"clock_s":0.533333333333333,"event_count":0,"finish_us":1883597,"inclusive_us":51221,"phase":"warning","physics_frame":33,"process_frame":21,"start_us":1832376},{"accepted":true,"automatic_native_tick":true,"clock_s":0.55,"event_count":0,"finish_us":1940153,"inclusive_us":51122,"phase":"warning","physics_frame":34,"process_frame":21,"start_us":1889031},{"accepted":true,"automatic_native_tick":true,"clock_s":0.566666666666667,"event_count":0,"finish_us":1994235,"inclusive_us":49657,"phase":"warning","physics_frame":35,"process_frame":21,"start_us":1944578},{"accepted":true,"automatic_native_tick":true,"clock_s":0.583333333333333,"event_count":0,"finish_us":2050543,"inclusive_us":51721,"phase":"warning","physics_frame":36,"process_frame":21,"start_us":1998822},{"accepted":true,"automatic_native_tick":true,"clock_s":0.6,"event_count":0,"finish_us":2104970,"inclusive_us":49623,"phase":"warning","physics_frame":37,"process_frame":21,"start_us":2055347},{"accepted":true,"automatic_native_tick":true,"clock_s":0.616666666666667,"event_count":0,"finish_us":2160544,"inclusive_us":51151,"phase":"warning","physics_frame":38,"process_frame":21,"start_us":2109393},{"accepted":true,"automatic_native_tick":false,"clock_s":0.616666666666667,"event_count":0,"finish_us":2231083,"inclusive_us":50561,"phase":"lock","physics_frame":38,"process_frame":21,"start_us":2180522},{"accepted":true,"automatic_native_tick":true,"clock_s":0.633333333333334,"event_count":0,"finish_us":2285470,"inclusive_us":49726,"phase":"lock","physics_frame":39,"process_frame":22,"start_us":2235744},{"accepted":true,"automatic_native_tick":true,"clock_s":0.65,"event_count":0,"finish_us":2341925,"inclusive_us":51909,"phase":"lock","physics_frame":40,"process_frame":22,"start_us":2290016},{"accepted":true,"automatic_native_tick":true,"clock_s":0.666666666666667,"event_count":0,"finish_us":2396655,"inclusive_us":50235,"phase":"lock","physics_frame":41,"process_frame":22,"start_us":2346420},{"accepted":true,"automatic_native_tick":true,"clock_s":0.683333333333334,"event_count":0,"finish_us":2450362,"inclusive_us":49255,"phase":"lock","physics_frame":42,"process_frame":22,"start_us":2401107},{"accepted":true,"automatic_native_tick":true,"clock_s":0.700000000000001,"event_count":0,"finish_us":2504411,"inclusive_us":49379,"phase":"lock","physics_frame":43,"process_frame":22,"start_us":2455032},{"accepted":true,"automatic_native_tick":true,"clock_s":0.716666666666667,"event_count":0,"finish_us":2559645,"inclusive_us":50826,"phase":"lock","physics_frame":44,"process_frame":22,"start_us":2508819},{"accepted":true,"automatic_native_tick":true,"clock_s":0.733333333333334,"event_count":0,"finish_us":2615435,"inclusive_us":51279,"phase":"lock","physics_frame":45,"process_frame":22,"start_us":2564156},{"accepted":true,"automatic_native_tick":true,"clock_s":0.750000000000001,"event_count":0,"finish_us":2671724,"inclusive_us":51073,"phase":"lock","physics_frame":46,"process_frame":22,"start_us":2620651},{"accepted":true,"automatic_native_tick":true,"clock_s":0.766666666666667,"event_count":0,"finish_us":2727336,"inclusive_us":50146,"phase":"lock","physics_frame":47,"process_frame":23,"start_us":2677190},{"accepted":true,"automatic_native_tick":true,"clock_s":0.783333333333334,"event_count":0,"finish_us":2782475,"inclusive_us":50723,"phase":"lock","physics_frame":48,"process_frame":23,"start_us":2731752},{"accepted":true,"automatic_native_tick":true,"clock_s":0.800000000000001,"event_count":0,"finish_us":2839798,"inclusive_us":52339,"phase":"lock","physics_frame":49,"process_frame":23,"start_us":2787459},{"accepted":true,"automatic_native_tick":true,"clock_s":0.816666666666668,"event_count":0,"finish_us":2895339,"inclusive_us":50821,"phase":"lock","physics_frame":50,"process_frame":23,"start_us":2844518},{"accepted":true,"automatic_native_tick":true,"clock_s":0.833333333333334,"event_count":0,"finish_us":2951313,"inclusive_us":51487,"phase":"lock","physics_frame":51,"process_frame":23,"start_us":2899826},{"accepted":true,"automatic_native_tick":true,"clock_s":0.850000000000001,"event_count":0,"finish_us":3007056,"inclusive_us":51013,"phase":"lock","physics_frame":52,"process_frame":23,"start_us":2956043},{"accepted":true,"automatic_native_tick":true,"clock_s":0.866666666666668,"event_count":0,"finish_us":3062297,"inclusive_us":50477,"phase":"lock","physics_frame":53,"process_frame":23,"start_us":3011820},{"accepted":true,"automatic_native_tick":true,"clock_s":0.883333333333334,"event_count":0,"finish_us":3116516,"inclusive_us":49812,"phase":"lock","physics_frame":54,"process_frame":23,"start_us":3066704},{"accepted":true,"automatic_native_tick":true,"clock_s":0.900000000000001,"event_count":0,"finish_us":3171134,"inclusive_us":49713,"phase":"lock","physics_frame":55,"process_frame":24,"start_us":3121421},{"accepted":true,"automatic_native_tick":true,"clock_s":0.916666666666668,"event_count":0,"finish_us":3226071,"inclusive_us":50502,"phase":"lock","physics_frame":56,"process_frame":24,"start_us":3175569},{"accepted":true,"automatic_native_tick":true,"clock_s":0.933333333333335,"event_count":0,"finish_us":3281397,"inclusive_us":50916,"phase":"lock","physics_frame":57,"process_frame":24,"start_us":3230481},{"accepted":true,"automatic_native_tick":true,"clock_s":0.950000000000001,"event_count":0,"finish_us":3339118,"inclusive_us":51844,"phase":"lock","physics_frame":58,"process_frame":24,"start_us":3287274},{"accepted":true,"automatic_native_tick":true,"clock_s":0.966666666666668,"event_count":0,"finish_us":3394169,"inclusive_us":50529,"phase":"lock","physics_frame":59,"process_frame":24,"start_us":3343640},{"accepted":true,"automatic_native_tick":true,"clock_s":0.983333333333335,"event_count":0,"finish_us":3448778,"inclusive_us":50164,"phase":"lock","physics_frame":60,"process_frame":24,"start_us":3398614},{"accepted":true,"automatic_native_tick":true,"clock_s":1.0,"event_count":0,"finish_us":3502900,"inclusive_us":49421,"phase":"lock","physics_frame":61,"process_frame":24,"start_us":3453479},{"accepted":true,"automatic_native_tick":true,"clock_s":1.01666666666667,"event_count":0,"finish_us":3558170,"inclusive_us":50779,"phase":"active","physics_frame":62,"process_frame":24,"start_us":3507391},{"accepted":true,"automatic_native_tick":true,"clock_s":1.03333333333333,"event_count":0,"finish_us":3612481,"inclusive_us":49791,"phase":"active","physics_frame":63,"process_frame":25,"start_us":3562690},{"accepted":true,"automatic_native_tick":true,"clock_s":1.05,"event_count":0,"finish_us":3667094,"inclusive_us":50200,"phase":"active","physics_frame":64,"process_frame":25,"start_us":3616894},{"accepted":true,"automatic_native_tick":true,"clock_s":1.06666666666667,"event_count":0,"finish_us":3721082,"inclusive_us":49298,"phase":"active","physics_frame":65,"process_frame":25,"start_us":3671784},{"accepted":true,"automatic_native_tick":true,"clock_s":1.08333333333333,"event_count":0,"finish_us":3774881,"inclusive_us":49425,"phase":"active","physics_frame":66,"process_frame":25,"start_us":3725456},{"accepted":true,"automatic_native_tick":true,"clock_s":1.1,"event_count":0,"finish_us":3833272,"inclusive_us":53813,"phase":"active","physics_frame":67,"process_frame":25,"start_us":3779459},{"accepted":true,"automatic_native_tick":true,"clock_s":1.11666666666667,"event_count":0,"finish_us":3890130,"inclusive_us":51832,"phase":"active","physics_frame":68,"process_frame":25,"start_us":3838298},{"accepted":true,"automatic_native_tick":true,"clock_s":1.13333333333333,"event_count":0,"finish_us":3947031,"inclusive_us":52230,"phase":"active","physics_frame":69,"process_frame":25,"start_us":3894801},{"accepted":true,"automatic_native_tick":true,"clock_s":1.15,"event_count":0,"finish_us":4004018,"inclusive_us":51779,"phase":"active","physics_frame":70,"process_frame":25,"start_us":3952239},{"accepted":true,"automatic_native_tick":true,"clock_s":1.16666666666667,"event_count":0,"finish_us":4058341,"inclusive_us":49852,"phase":"active","physics_frame":71,"process_frame":26,"start_us":4008489},{"accepted":true,"automatic_native_tick":true,"clock_s":1.18333333333333,"event_count":0,"finish_us":4112165,"inclusive_us":49458,"phase":"active","physics_frame":72,"process_frame":26,"start_us":4062707},{"accepted":true,"automatic_native_tick":true,"clock_s":1.2,"event_count":1,"finish_us":4210910,"inclusive_us":94365,"phase":"active","physics_frame":73,"process_frame":26,"start_us":4116545},{"accepted":true,"automatic_native_tick":true,"clock_s":1.21666666666667,"event_count":0,"finish_us":4264296,"inclusive_us":49082,"phase":"active","physics_frame":74,"process_frame":26,"start_us":4215214},{"accepted":true,"automatic_native_tick":true,"clock_s":1.23333333333333,"event_count":0,"finish_us":4318293,"inclusive_us":49472,"phase":"active","physics_frame":75,"process_frame":26,"start_us":4268821},{"accepted":true,"automatic_native_tick":true,"clock_s":1.25,"event_count":0,"finish_us":4373605,"inclusive_us":50921,"phase":"recovery","physics_frame":76,"process_frame":26,"start_us":4322684},{"accepted":true,"automatic_native_tick":true,"clock_s":1.26666666666667,"event_count":0,"finish_us":4426616,"inclusive_us":48575,"phase":"recovery","physics_frame":77,"process_frame":26,"start_us":4378041},{"accepted":true,"automatic_native_tick":true,"clock_s":1.28333333333333,"event_count":0,"finish_us":4479271,"inclusive_us":48320,"phase":"recovery","physics_frame":78,"process_frame":26,"start_us":4430951},{"accepted":true,"automatic_native_tick":true,"clock_s":1.3,"event_count":0,"finish_us":4531926,"inclusive_us":48066,"phase":"recovery","physics_frame":79,"process_frame":27,"start_us":4483860},{"accepted":true,"automatic_native_tick":true,"clock_s":1.31666666666667,"event_count":0,"finish_us":4585726,"inclusive_us":49311,"phase":"recovery","physics_frame":80,"process_frame":27,"start_us":4536415},{"accepted":true,"automatic_native_tick":true,"clock_s":1.33333333333333,"event_count":0,"finish_us":4660423,"inclusive_us":69643,"phase":"recovery","physics_frame":81,"process_frame":27,"start_us":4590780},{"accepted":true,"automatic_native_tick":true,"clock_s":1.35,"event_count":0,"finish_us":4713723,"inclusive_us":48617,"phase":"recovery","physics_frame":82,"process_frame":27,"start_us":4665106},{"accepted":true,"automatic_native_tick":true,"clock_s":1.36666666666667,"event_count":0,"finish_us":4766270,"inclusive_us":48078,"phase":"recovery","physics_frame":83,"process_frame":27,"start_us":4718192},{"accepted":true,"automatic_native_tick":true,"clock_s":1.38333333333333,"event_count":0,"finish_us":4820631,"inclusive_us":49858,"phase":"recovery","physics_frame":84,"process_frame":27,"start_us":4770773},{"accepted":true,"automatic_native_tick":true,"clock_s":1.4,"event_count":0,"finish_us":4873230,"inclusive_us":48204,"phase":"recovery","physics_frame":85,"process_frame":27,"start_us":4825026},{"accepted":true,"automatic_native_tick":true,"clock_s":1.41666666666667,"event_count":0,"finish_us":4926046,"inclusive_us":48444,"phase":"recovery","physics_frame":86,"process_frame":27,"start_us":4877602},{"accepted":true,"automatic_native_tick":true,"clock_s":1.43333333333333,"event_count":0,"finish_us":4982348,"inclusive_us":51731,"phase":"recovery","physics_frame":87,"process_frame":28,"start_us":4930617},{"accepted":true,"automatic_native_tick":true,"clock_s":1.45,"event_count":0,"finish_us":5125954,"inclusive_us":139005,"phase":"recovery","physics_frame":88,"process_frame":28,"start_us":4986949},{"accepted":true,"automatic_native_tick":true,"clock_s":1.46666666666667,"event_count":0,"finish_us":5318852,"inclusive_us":182610,"phase":"recovery","physics_frame":89,"process_frame":28,"start_us":5136242},{"accepted":true,"automatic_native_tick":true,"clock_s":1.48333333333333,"event_count":0,"finish_us":5637462,"inclusive_us":310834,"phase":"recovery","physics_frame":90,"process_frame":28,"start_us":5326628},{"accepted":true,"automatic_native_tick":true,"clock_s":1.5,"event_count":0,"finish_us":5699028,"inclusive_us":56479,"phase":"recovery","physics_frame":91,"process_frame":28,"start_us":5642549},{"accepted":true,"automatic_native_tick":true,"clock_s":1.51666666666667,"event_count":0,"finish_us":5760907,"inclusive_us":56269,"phase":"recovery","physics_frame":92,"process_frame":28,"start_us":5704638},{"accepted":true,"automatic_native_tick":true,"clock_s":1.53333333333333,"event_count":0,"finish_us":5820339,"inclusive_us":54764,"phase":"recovery","physics_frame":93,"process_frame":28,"start_us":5765575},{"accepted":true,"automatic_native_tick":true,"clock_s":1.55,"event_count":0,"finish_us":5882028,"inclusive_us":57009,"phase":"recovery","physics_frame":94,"process_frame":28,"start_us":5825019}],"api_revision":"test-only-authored-echo-performance-2","automatic_native_advances":72,"display_driver":"headless","engine":{"build":"official","hash":"ed1daf0bf001b61586d9930840f2f1394092c079","hex":263938,"major":4,"minor":7,"patch":2,"status":"stable","string":"4.7.2-stable (official)","timestamp":0},"limitations":"Instrumented one-Box native source first cycle with EXACT real Scheduler; advance end timestamps exclude appended sample bookkeeping. Cycle wall elapsed includes separately reported direct fixed-clock probes, admission/projection/bind, native loop waits and other observer overhead; probe costs are not nested production call counts. Three samples per API inspect only the genuine admitted prelock clock; Cue, renderer guard and Cursor probes use the actual retained instances, not new guards or cached authority. Not actual authored A3-L3, production 16-visual art, portrait review, FPS, CPU monitor percentiles, sustained performance or a latency acceptance threshold. No guards or contact/proof authority bypassed.","native_output":[540,1170],"native_phases_observed":["warning","lock","active","recovery"],"physics_ticks_per_second":60,"required_native_visuals":1,"schema_version":2,"separate_fixed_clock_guard_probes":[{"accepted":true,"call":"replay_reservation_error","clock_after_s":0.35,"error":"","finish_us":1230594,"fixed_clock_s":0.35,"inclusive_us":4215,"repetition":0,"scope":"separate_pure_probe_not_nested_native_advance","start_us":1226379},{"accepted":true,"call":"authored_replay_source_error","clock_after_s":0.35,"error":"","finish_us":1234420,"fixed_clock_s":0.35,"inclusive_us":3815,"repetition":0,"scope":"separate_pure_probe_not_nested_native_advance","start_us":1230605},{"accepted":true,"call":"cue.projection_error","clock_after_s":0.35,"error":"","finish_us":1236198,"fixed_clock_s":0.35,"inclusive_us":1765,"repetition":0,"scope":"separate_pure_probe_not_nested_native_advance","start_us":1234433},{"accepted":true,"call":"renderer_guard.current_error","clock_after_s":0.35,"error":"","finish_us":1236681,"fixed_clock_s":0.35,"inclusive_us":466,"repetition":0,"scope":"separate_pure_probe_not_nested_native_advance","start_us":1236215},{"accepted":true,"call":"cursor.snapshot_error","clock_after_s":0.35,"error":"","finish_us":1239573,"fixed_clock_s":0.35,"inclusive_us":2883,"repetition":0,"scope":"separate_pure_probe_not_nested_native_advance","start_us":1236690},{"accepted":true,"call":"replay_reservation_error","clock_after_s":0.35,"error":"","finish_us":1243793,"fixed_clock_s":0.35,"inclusive_us":4211,"repetition":1,"scope":"separate_pure_probe_not_nested_native_advance","start_us":1239582},{"accepted":true,"call":"authored_replay_source_error","clock_after_s":0.35,"error":"","finish_us":1247560,"fixed_clock_s":0.35,"inclusive_us":3759,"repetition":1,"scope":"separate_pure_probe_not_nested_native_advance","start_us":1243801},{"accepted":true,"call":"cue.projection_error","clock_after_s":0.35,"error":"","finish_us":1249209,"fixed_clock_s":0.35,"inclusive_us":1641,"repetition":1,"scope":"separate_pure_probe_not_nested_native_advance","start_us":1247568},{"accepted":true,"call":"renderer_guard.current_error","clock_after_s":0.35,"error":"","finish_us":1249663,"fixed_clock_s":0.35,"inclusive_us":446,"repetition":1,"scope":"separate_pure_probe_not_nested_native_advance","start_us":1249217},{"accepted":true,"call":"cursor.snapshot_error","clock_after_s":0.35,"error":"","finish_us":1252547,"fixed_clock_s":0.35,"inclusive_us":2876,"repetition":1,"scope":"separate_pure_probe_not_nested_native_advance","start_us":1249671},{"accepted":true,"call":"replay_reservation_error","clock_after_s":0.35,"error":"","finish_us":1256729,"fixed_clock_s":0.35,"inclusive_us":4173,"repetition":2,"scope":"separate_pure_probe_not_nested_native_advance","start_us":1252556},{"accepted":true,"call":"authored_replay_source_error","clock_after_s":0.35,"error":"","finish_us":1260486,"fixed_clock_s":0.35,"inclusive_us":3749,"repetition":2,"scope":"separate_pure_probe_not_nested_native_advance","start_us":1256737},{"accepted":true,"call":"cue.projection_error","clock_after_s":0.35,"error":"","finish_us":1262128,"fixed_clock_s":0.35,"inclusive_us":1634,"repetition":2,"scope":"separate_pure_probe_not_nested_native_advance","start_us":1260494},{"accepted":true,"call":"renderer_guard.current_error","clock_after_s":0.35,"error":"","finish_us":1262581,"fixed_clock_s":0.35,"inclusive_us":443,"repetition":2,"scope":"separate_pure_probe_not_nested_native_advance","start_us":1262138},{"accepted":true,"call":"cursor.snapshot_error","clock_after_s":0.35,"error":"","finish_us":1265415,"fixed_clock_s":0.35,"inclusive_us":2821,"repetition":2,"scope":"separate_pure_probe_not_nested_native_advance","start_us":1262594}],"separate_fixed_clock_probe_elapsed_us":39044,"separate_fixed_clock_probe_summary_us":{"authored_replay_source_error":{"count":3,"inclusive_total_us":11323,"max_us":3815,"mean_us":3774.33333333333,"p50_us":3759,"p95_us":3815},"cue.projection_error":{"count":3,"inclusive_total_us":5040,"max_us":1765,"mean_us":1680.0,"p50_us":1641,"p95_us":1765},"cursor.snapshot_error":{"count":3,"inclusive_total_us":8580,"max_us":2883,"mean_us":2860.0,"p50_us":2876,"p95_us":2883},"renderer_guard.current_error":{"count":3,"inclusive_total_us":1355,"max_us":466,"mean_us":451.666666666667,"p50_us":446,"p95_us":466},"replay_reservation_error":{"count":3,"inclusive_total_us":12599,"max_us":4215,"mean_us":4199.66666666667,"p50_us":4211,"p95_us":4215}},"simulation_elapsed_s":1.2,"simulation_finish_s":1.55,"simulation_start_s":0.35,"viewport_size":[270,585],"wall_elapsed_us":4834443,"wall_finish_us":5887137,"wall_start_us":1052694}
Authored echo performance smoke: 113 checks, 0 failures; native-only first-cycle measurement
