Godot Engine v4.7.2.stable.official.ed1daf0bf - https://godotengine.org
OpenGL API 4.1 Metal - 90.5 - Compatibility - Using Device: Apple - Apple M3

PASS: actual portraits require graphical native rendering
PASS: actual MainScene binds owned finite C52 room
SCRIPT ERROR: Trying to assign an array of type "Array" to a variable of type "Array[Vector3]".
          at: combat_response (res://scripts/acts/act3/mirror_echo_rule_room.gd:208)
          GDScript backtrace (most recent call first):
              [0] combat_response (res://scripts/acts/act3/mirror_echo_rule_room.gd:208)
              [1] _try_admit (res://scripts/acts/act3/mirror_echo_rule_room.gd:173)
              [2] _physics_process (res://scripts/acts/act3/mirror_echo_rule_room.gd:148)
SCRIPT ERROR: Trying to assign an array of type "Array" to a variable of type "Array[Vector3]".
          at: combat_response (res://scripts/acts/act3/mirror_echo_rule_room.gd:208)
          GDScript backtrace (most recent call first):
              [0] combat_response (res://scripts/acts/act3/mirror_echo_rule_room.gd:208)
              [1] _try_admit (res://scripts/acts/act3/mirror_echo_rule_room.gd:173)
              [2] _physics_process (res://scripts/acts/act3/mirror_echo_rule_room.gd:148)
SCRIPT ERROR: Trying to assign an array of type "Array" to a variable of type "Array[Vector3]".
          at: combat_response (res://scripts/acts/act3/mirror_echo_rule_room.gd:208)
          GDScript backtrace (most recent call first):
              [0] combat_response (res://scripts/acts/act3/mirror_echo_rule_room.gd:208)
              [1] _try_admit (res://scripts/acts/act3/mirror_echo_rule_room.gd:173)
              [2] _physics_process (res://scripts/acts/act3/mirror_echo_rule_room.gd:148)
SCRIPT ERROR: Trying to assign an array of type "Array" to a variable of type "Array[Vector3]".
          at: combat_response (res://scripts/acts/act3/mirror_echo_rule_room.gd:208)
          GDScript backtrace (most recent call first):
              [0] combat_response (res://scripts/acts/act3/mirror_echo_rule_room.gd:208)
              [1] _try_admit (res://scripts/acts/act3/mirror_echo_rule_room.gd:173)
              [2] _physics_process (res://scripts/acts/act3/mirror_echo_rule_room.gd:148)
SCRIPT ERROR: Trying to assign an array of type "Array" to a variable of type "Array[Vector3]".
          at: combat_response (res://scripts/acts/act3/mirror_echo_rule_room.gd:208)
          GDScript backtrace (most recent call first):
              [0] combat_response (res://scripts/acts/act3/mirror_echo_rule_room.gd:208)
              [1] _try_admit (res://scripts/acts/act3/mirror_echo_rule_room.gd:173)
              [2] _physics_process (res://scripts/acts/act3/mirror_echo_rule_room.gd:148)
SCRIPT ERROR: Trying to assign an array of type "Array" to a variable of type "Array[Vector3]".
          at: combat_response (res://scripts/acts/act3/mirror_echo_rule_room.gd:208)
          GDScript backtrace (most recent call first):
              [0] combat_response (res://scripts/acts/act3/mirror_echo_rule_room.gd:208)
              [1] _try_admit (res://scripts/acts/act3/mirror_echo_rule_room.gd:173)
              [2] _physics_process (res://scripts/acts/act3/mirror_echo_rule_room.gd:148)
SCRIPT ERROR: Trying to assign an array of type "Array" to a variable of type "Array[Vector3]".
          at: combat_response (res://scripts/acts/act3/mirror_echo_rule_room.gd:208)
          GDScript backtrace (most recent call first):
              [0] combat_response (res://scripts/acts/act3/mirror_echo_rule_room.gd:208)
              [1] _try_admit (res://scripts/acts/act3/mirror_echo_rule_room.gd:173)
              [2] _physics_process (res://scripts/acts/act3/mirror_echo_rule_room.gd:148)
SCRIPT ERROR: Trying to assign an array of type "Array" to a variable of type "Array[Vector3]".
          at: combat_response (res://scripts/acts/act3/mirror_echo_rule_room.gd:208)
          GDScript backtrace (most recent call first):
              [0] combat_response (res://scripts/acts/act3/mirror_echo_rule_room.gd:208)
              [1] _try_admit (res://scripts/acts/act3/mirror_echo_rule_room.gd:173)
              [2] _physics_process (res://scripts/acts/act3/mirror_echo_rule_room.gd:148)
SCRIPT ERROR: Trying to assign an array of type "Array" to a variable of type "Array[Vector3]".
          at: combat_response (res://scripts/acts/act3/mirror_echo_rule_room.gd:208)
          GDScript backtrace (most recent call first):
              [0] combat_response (res://scripts/acts/act3/mirror_echo_rule_room.gd:208)
              [1] _try_admit (res://scripts/acts/act3/mirror_echo_rule_room.gd:173)
              [2] _physics_process (res://scripts/acts/act3/mirror_echo_rule_room.gd:148)
SCRIPT ERROR: Trying to assign an array of type "Array" to a variable of type "Array[Vector3]".
          at: combat_response (res://scripts/acts/act3/mirror_echo_rule_room.gd:208)
          GDScript backtrace (most recent call first):
              [0] combat_response (res://scripts/acts/act3/mirror_echo_rule_room.gd:208)
              [1] _try_admit (res://scripts/acts/act3/mirror_echo_rule_room.gd:173)
              [2] _physics_process (res://scripts/acts/act3/mirror_echo_rule_room.gd:148)
SCRIPT ERROR: Trying to assign an array of type "Array" to a variable of type "Array[Vector3]".
          at: combat_response (res://scripts/acts/act3/mirror_echo_rule_room.gd:208)
          GDScript backtrace (most recent call first):
              [0] combat_response (res://scripts/acts/act3/mirror_echo_rule_room.gd:208)
              [1] _try_admit (res://scripts/acts/act3/mirror_echo_rule_room.gd:173)
              [2] _physics_process (res://scripts/acts/act3/mirror_echo_rule_room.gd:148)
SCRIPT ERROR: Trying to assign an array of type "Array" to a variable of type "Array[Vector3]".
          at: combat_response (res://scripts/acts/act3/mirror_echo_rule_room.gd:208)
          GDScript backtrace (most recent call first):
              [0] combat_response (res://scripts/acts/act3/mirror_echo_rule_room.gd:208)
              [1] _try_admit (res://scripts/acts/act3/mirror_echo_rule_room.gd:173)
              [2] _physics_process (res://scripts/acts/act3/mirror_echo_rule_room.gd:148)
SCRIPT ERROR: Trying to assign an array of type "Array" to a variable of type "Array[Vector3]".
          at: combat_response (res://scripts/acts/act3/mirror_echo_rule_room.gd:208)
          GDScript backtrace (most recent call first):
              [0] combat_response (res://scripts/acts/act3/mirror_echo_rule_room.gd:208)
              [1] _try_admit (res://scripts/acts/act3/mirror_echo_rule_room.gd:173)
              [2] _physics_process (res://scripts/acts/act3/mirror_echo_rule_room.gd:148)
SCRIPT ERROR: Trying to assign an array of type "Array" to a variable of type "Array[Vector3]".
          at: combat_response (res://scripts/acts/act3/mirror_echo_rule_room.gd:208)
          GDScript backtrace (most recent call first):
              [0] combat_response (res://scripts/acts/act3/mirror_echo_rule_room.gd:208)
              [1] _try_admit (res://scripts/acts/act3/mirror_echo_rule_room.gd:173)
              [2] _physics_process (res://scripts/acts/act3/mirror_echo_rule_room.gd:148)
SCRIPT ERROR: Trying to assign an array of type "Array" to a variable of type "Array[Vector3]".
          at: combat_response (res://scripts/acts/act3/mirror_echo_rule_room.gd:208)
          GDScript backtrace (most recent call first):
              [0] combat_response (res://scripts/acts/act3/mirror_echo_rule_room.gd:208)
              [1] _try_admit (res://scripts/acts/act3/mirror_echo_rule_room.gd:173)
              [2] _physics_process (res://scripts/acts/act3/mirror_echo_rule_room.gd:148)
SCRIPT ERROR: Trying to assign an array of type "Array" to a variable of type "Array[Vector3]".
          at: combat_response (res://scripts/acts/act3/mirror_echo_rule_room.gd:208)
          GDScript backtrace (most recent call first):
              [0] combat_response (res://scripts/acts/act3/mirror_echo_rule_room.gd:208)
              [1] _try_admit (res://scripts/acts/act3/mirror_echo_rule_room.gd:173)
              [2] _physics_process (res://scripts/acts/act3/mirror_echo_rule_room.gd:148)
SCRIPT ERROR: Trying to assign an array of type "Array" to a variable of type "Array[Vector3]".
          at: combat_response (res://scripts/acts/act3/mirror_echo_rule_room.gd:208)
          GDScript backtrace (most recent call first):
              [0] combat_response (res://scripts/acts/act3/mirror_echo_rule_room.gd:208)
              [1] _try_admit (res://scripts/acts/act3/mirror_echo_rule_room.gd:173)
              [2] _physics_process (res://scripts/acts/act3/mirror_echo_rule_room.gd:148)
SCRIPT ERROR: Trying to assign an array of type "Array" to a variable of type "Array[Vector3]".
          at: combat_response (res://scripts/acts/act3/mirror_echo_rule_room.gd:208)
          GDScript backtrace (most recent call first):
              [0] combat_response (res://scripts/acts/act3/mirror_echo_rule_room.gd:208)
              [1] _try_admit (res://scripts/acts/act3/mirror_echo_rule_room.gd:173)
              [2] _physics_process (res://scripts/acts/act3/mirror_echo_rule_room.gd:148)
SCRIPT ERROR: Trying to assign an array of type "Array" to a variable of type "Array[Vector3]".
          at: combat_response (res://scripts/acts/act3/mirror_echo_rule_room.gd:208)
          GDScript backtrace (most recent call first):
              [0] combat_response (res://scripts/acts/act3/mirror_echo_rule_room.gd:208)
              [1] _try_admit (res://scripts/acts/act3/mirror_echo_rule_room.gd:173)
              [2] _physics_process (res://scripts/acts/act3/mirror_echo_rule_room.gd:148)
SCRIPT ERROR: Trying to assign an array of type "Array" to a variable of type "Array[Vector3]".
          at: combat_response (res://scripts/acts/act3/mirror_echo_rule_room.gd:208)
          GDScript backtrace (most recent call first):
              [0] combat_response (res://scripts/acts/act3/mirror_echo_rule_room.gd:208)
              [1] _try_admit (res://scripts/acts/act3/mirror_echo_rule_room.gd:173)
              [2] _physics_process (res://scripts/acts/act3/mirror_echo_rule_room.gd:148)
SCRIPT ERROR: Trying to assign an array of type "Array" to a variable of type "Array[Vector3]".
          at: combat_response (res://scripts/acts/act3/mirror_echo_rule_room.gd:208)
          GDScript backtrace (most recent call first):
              [0] combat_response (res://scripts/acts/act3/mirror_echo_rule_room.gd:208)
              [1] _try_admit (res://scripts/acts/act3/mirror_echo_rule_room.gd:173)
              [2] _physics_process (res://scripts/acts/act3/mirror_echo_rule_room.gd:148)
SCRIPT ERROR: Trying to assign an array of type "Array" to a variable of type "Array[Vector3]".
          at: combat_response (res://scripts/acts/act3/mirror_echo_rule_room.gd:208)
          GDScript backtrace (most recent call first):
              [0] combat_response (res://scripts/acts/act3/mirror_echo_rule_room.gd:208)
              [1] _try_admit (res://scripts/acts/act3/mirror_echo_rule_room.gd:173)
              [2] _physics_process (res://scripts/acts/act3/mirror_echo_rule_room.gd:148)
SCRIPT ERROR: Trying to assign an array of type "Array" to a variable of type "Array[Vector3]".
          at: combat_response (res://scripts/acts/act3/mirror_echo_rule_room.gd:208)
          GDScript backtrace (most recent call first):
              [0] combat_response (res://scripts/acts/act3/mirror_echo_rule_room.gd:208)
              [1] _try_admit (res://scripts/acts/act3/mirror_echo_rule_room.gd:173)
              [2] _physics_process (res://scripts/acts/act3/mirror_echo_rule_room.gd:148)
SCRIPT ERROR: Trying to assign an array of type "Array" to a variable of type "Array[Vector3]".
          at: combat_response (res://scripts/acts/act3/mirror_echo_rule_room.gd:208)
          GDScript backtrace (most recent call first):
              [0] combat_response (res://scripts/acts/act3/mirror_echo_rule_room.gd:208)
              [1] _try_admit (res://scripts/acts/act3/mirror_echo_rule_room.gd:173)
              [2] _physics_process (res://scripts/acts/act3/mirror_echo_rule_room.gd:148)
SCRIPT ERROR: Trying to assign an array of type "Array" to a variable of type "Array[Vector3]".
          at: combat_response (res://scripts/acts/act3/mirror_echo_rule_room.gd:208)
          GDScript backtrace (most recent call first):
              [0] combat_response (res://scripts/acts/act3/mirror_echo_rule_room.gd:208)
              [1] _try_admit (res://scripts/acts/act3/mirror_echo_rule_room.gd:173)
              [2] _physics_process (res://scripts/acts/act3/mirror_echo_rule_room.gd:148)
SCRIPT ERROR: Trying to assign an array of type "Array" to a variable of type "Array[Vector3]".
          at: combat_response (res://scripts/acts/act3/mirror_echo_rule_room.gd:208)
          GDScript backtrace (most recent call first):
              [0] combat_response (res://scripts/acts/act3/mirror_echo_rule_room.gd:208)
              [1] _try_admit (res://scripts/acts/act3/mirror_echo_rule_room.gd:173)
              [2] _physics_process (res://scripts/acts/act3/mirror_echo_rule_room.gd:148)
SCRIPT ERROR: Trying to assign an array of type "Array" to a variable of type "Array[Vector3]".
          at: combat_response (res://scripts/acts/act3/mirror_echo_rule_room.gd:208)
          GDScript backtrace (most recent call first):
              [0] combat_response (res://scripts/acts/act3/mirror_echo_rule_room.gd:208)
              [1] _try_admit (res://scripts/acts/act3/mirror_echo_rule_room.gd:173)
              [2] _physics_process (res://scripts/acts/act3/mirror_echo_rule_room.gd:148)
SCRIPT ERROR: Trying to assign an array of type "Array" to a variable of type "Array[Vector3]".
          at: combat_response (res://scripts/acts/act3/mirror_echo_rule_room.gd:208)
          GDScript backtrace (most recent call first):
              [0] combat_response (res://scripts/acts/act3/mirror_echo_rule_room.gd:208)
              [1] _try_admit (res://scripts/acts/act3/mirror_echo_rule_room.gd:173)
              [2] _physics_process (res://scripts/acts/act3/mirror_echo_rule_room.gd:148)
SCRIPT ERROR: Trying to assign an array of type "Array" to a variable of type "Array[Vector3]".
          at: combat_response (res://scripts/acts/act3/mirror_echo_rule_room.gd:208)
          GDScript backtrace (most recent call first):
              [0] combat_response (res://scripts/acts/act3/mirror_echo_rule_room.gd:208)
              [1] _try_admit (res://scripts/acts/act3/mirror_echo_rule_room.gd:173)
              [2] _physics_process (res://scripts/acts/act3/mirror_echo_rule_room.gd:148)
SCRIPT ERROR: Trying to assign an array of type "Array" to a variable of type "Array[Vector3]".
          at: combat_response (res://scripts/acts/act3/mirror_echo_rule_room.gd:208)
          GDScript backtrace (most recent call first):
              [0] combat_response (res://scripts/acts/act3/mirror_echo_rule_room.gd:208)
              [1] _try_admit (res://scripts/acts/act3/mirror_echo_rule_room.gd:173)
              [2] _physics_process (res://scripts/acts/act3/mirror_echo_rule_room.gd:148)
SCRIPT ERROR: Trying to assign an array of type "Array" to a variable of type "Array[Vector3]".
          at: combat_response (res://scripts/acts/act3/mirror_echo_rule_room.gd:208)
          GDScript backtrace (most recent call first):
              [0] combat_response (res://scripts/acts/act3/mirror_echo_rule_room.gd:208)
              [1] _try_admit (res://scripts/acts/act3/mirror_echo_rule_room.gd:173)
              [2] _physics_process (res://scripts/acts/act3/mirror_echo_rule_room.gd:148)
SCRIPT ERROR: Trying to assign an array of type "Array" to a variable of type "Array[Vector3]".
          at: combat_response (res://scripts/acts/act3/mirror_echo_rule_room.gd:208)
          GDScript backtrace (most recent call first):
              [0] combat_response (res://scripts/acts/act3/mirror_echo_rule_room.gd:208)
              [1] _try_admit (res://scripts/acts/act3/mirror_echo_rule_room.gd:173)
              [2] _physics_process (res://scripts/acts/act3/mirror_echo_rule_room.gd:148)
SCRIPT ERROR: Trying to assign an array of type "Array" to a variable of type "Array[Vector3]".
          at: combat_response (res://scripts/acts/act3/mirror_echo_rule_room.gd:208)
          GDScript backtrace (most recent call first):
              [0] combat_response (res://scripts/acts/act3/mirror_echo_rule_room.gd:208)
              [1] _try_admit (res://scripts/acts/act3/mirror_echo_rule_room.gd:173)
              [2] _physics_process (res://scripts/acts/act3/mirror_echo_rule_room.gd:148)
SCRIPT ERROR: Trying to assign an array of type "Array" to a variable of type "Array[Vector3]".
          at: combat_response (res://scripts/acts/act3/mirror_echo_rule_room.gd:208)
          GDScript backtrace (most recent call first):
              [0] combat_response (res://scripts/acts/act3/mirror_echo_rule_room.gd:208)
              [1] _try_admit (res://scripts/acts/act3/mirror_echo_rule_room.gd:173)
              [2] _physics_process (res://scripts/acts/act3/mirror_echo_rule_room.gd:148)
SCRIPT ERROR: Trying to assign an array of type "Array" to a variable of type "Array[Vector3]".
          at: combat_response (res://scripts/acts/act3/mirror_echo_rule_room.gd:208)
          GDScript backtrace (most recent call first):
              [0] combat_response (res://scripts/acts/act3/mirror_echo_rule_room.gd:208)
              [1] _try_admit (res://scripts/acts/act3/mirror_echo_rule_room.gd:173)
              [2] _physics_process (res://scripts/acts/act3/mirror_echo_rule_room.gd:148)
SCRIPT ERROR: Trying to assign an array of type "Array" to a variable of type "Array[Vector3]".
          at: combat_response (res://scripts/acts/act3/mirror_echo_rule_room.gd:208)
          GDScript backtrace (most recent call first):
              [0] combat_response (res://scripts/acts/act3/mirror_echo_rule_room.gd:208)
              [1] _try_admit (res://scripts/acts/act3/mirror_echo_rule_room.gd:173)
              [2] _physics_process (res://scripts/acts/act3/mirror_echo_rule_room.gd:148)
SCRIPT ERROR: Trying to assign an array of type "Array" to a variable of type "Array[Vector3]".
          at: combat_response (res://scripts/acts/act3/mirror_echo_rule_room.gd:208)
          GDScript backtrace (most recent call first):
              [0] combat_response (res://scripts/acts/act3/mirror_echo_rule_room.gd:208)
              [1] _try_admit (res://scripts/acts/act3/mirror_echo_rule_room.gd:173)
              [2] _physics_process (res://scripts/acts/act3/mirror_echo_rule_room.gd:148)
SCRIPT ERROR: Trying to assign an array of type "Array" to a variable of type "Array[Vector3]".
          at: combat_response (res://scripts/acts/act3/mirror_echo_rule_room.gd:208)
          GDScript backtrace (most recent call first):
              [0] combat_response (res://scripts/acts/act3/mirror_echo_rule_room.gd:208)
              [1] _try_admit (res://scripts/acts/act3/mirror_echo_rule_room.gd:173)
              [2] _physics_process (res://scripts/acts/act3/mirror_echo_rule_room.gd:148)
SCRIPT ERROR: Trying to assign an array of type "Array" to a variable of type "Array[Vector3]".
          at: combat_response (res://scripts/acts/act3/mirror_echo_rule_room.gd:208)
          GDScript backtrace (most recent call first):
              [0] combat_response (res://scripts/acts/act3/mirror_echo_rule_room.gd:208)
              [1] _try_admit (res://scripts/acts/act3/mirror_echo_rule_room.gd:173)
              [2] _physics_process (res://scripts/acts/act3/mirror_echo_rule_room.gd:148)
SCRIPT ERROR: Trying to assign an array of type "Array" to a variable of type "Array[Vector3]".
          at: combat_response (res://scripts/acts/act3/mirror_echo_rule_room.gd:208)
          GDScript backtrace (most recent call first):
              [0] combat_response (res://scripts/acts/act3/mirror_echo_rule_room.gd:208)
              [1] _try_admit (res://scripts/acts/act3/mirror_echo_rule_room.gd:173)
              [2] _physics_process (res://scripts/acts/act3/mirror_echo_rule_room.gd:148)
SCRIPT ERROR: Trying to assign an array of type "Array" to a variable of type "Array[Vector3]".
          at: combat_response (res://scripts/acts/act3/mirror_echo_rule_room.gd:208)
          GDScript backtrace (most recent call first):
              [0] combat_response (res://scripts/acts/act3/mirror_echo_rule_room.gd:208)
              [1] _try_admit (res://scripts/acts/act3/mirror_echo_rule_room.gd:173)
              [2] _physics_process (res://scripts/acts/act3/mirror_echo_rule_room.gd:148)
SCRIPT ERROR: Trying to assign an array of type "Array" to a variable of type "Array[Vector3]".
          at: combat_response (res://scripts/acts/act3/mirror_echo_rule_room.gd:208)
          GDScript backtrace (most recent call first):
              [0] combat_response (res://scripts/acts/act3/mirror_echo_rule_room.gd:208)
              [1] _try_admit (res://scripts/acts/act3/mirror_echo_rule_room.gd:173)
              [2] _physics_process (res://scripts/acts/act3/mirror_echo_rule_room.gd:148)
SCRIPT ERROR: Trying to assign an array of type "Array" to a variable of type "Array[Vector3]".
          at: combat_response (res://scripts/acts/act3/mirror_echo_rule_room.gd:208)
          GDScript backtrace (most recent call first):
              [0] combat_response (res://scripts/acts/act3/mirror_echo_rule_room.gd:208)
              [1] _try_admit (res://scripts/acts/act3/mirror_echo_rule_room.gd:173)
              [2] _physics_process (res://scripts/acts/act3/mirror_echo_rule_room.gd:148)
SCRIPT ERROR: Trying to assign an array of type "Array" to a variable of type "Array[Vector3]".
          at: combat_response (res://scripts/acts/act3/mirror_echo_rule_room.gd:208)
          GDScript backtrace (most recent call first):
              [0] combat_response (res://scripts/acts/act3/mirror_echo_rule_room.gd:208)
              [1] _try_admit (res://scripts/acts/act3/mirror_echo_rule_room.gd:173)
              [2] _physics_process (res://scripts/acts/act3/mirror_echo_rule_room.gd:148)
SCRIPT ERROR: Trying to assign an array of type "Array" to a variable of type "Array[Vector3]".
          at: combat_response (res://scripts/acts/act3/mirror_echo_rule_room.gd:208)
          GDScript backtrace (most recent call first):
              [0] combat_response (res://scripts/acts/act3/mirror_echo_rule_room.gd:208)
              [1] _try_admit (res://scripts/acts/act3/mirror_echo_rule_room.gd:173)
              [2] _physics_process (res://scripts/acts/act3/mirror_echo_rule_room.gd:148)
SCRIPT ERROR: Trying to assign an array of type "Array" to a variable of type "Array[Vector3]".
          at: combat_response (res://scripts/acts/act3/mirror_echo_rule_room.gd:208)
          GDScript backtrace (most recent call first):
              [0] combat_response (res://scripts/acts/act3/mirror_echo_rule_room.gd:208)
              [1] _try_admit (res://scripts/acts/act3/mirror_echo_rule_room.gd:173)
              [2] _physics_process (res://scripts/acts/act3/mirror_echo_rule_room.gd:148)
SCRIPT ERROR: Trying to assign an array of type "Array" to a variable of type "Array[Vector3]".
          at: combat_response (res://scripts/acts/act3/mirror_echo_rule_room.gd:208)
          GDScript backtrace (most recent call first):
              [0] combat_response (res://scripts/acts/act3/mirror_echo_rule_room.gd:208)
              [1] _try_admit (res://scripts/acts/act3/mirror_echo_rule_room.gd:173)
              [2] _physics_process (res://scripts/acts/act3/mirror_echo_rule_room.gd:148)
SCRIPT ERROR: Trying to assign an array of type "Array" to a variable of type "Array[Vector3]".
          at: combat_response (res://scripts/acts/act3/mirror_echo_rule_room.gd:208)
          GDScript backtrace (most recent call first):
              [0] combat_response (res://scripts/acts/act3/mirror_echo_rule_room.gd:208)
              [1] _try_admit (res://scripts/acts/act3/mirror_echo_rule_room.gd:173)
              [2] _physics_process (res://scripts/acts/act3/mirror_echo_rule_room.gd:148)
SCRIPT ERROR: Trying to assign an array of type "Array" to a variable of type "Array[Vector3]".
          at: combat_response (res://scripts/acts/act3/mirror_echo_rule_room.gd:208)
          GDScript backtrace (most recent call first):
              [0] combat_response (res://scripts/acts/act3/mirror_echo_rule_room.gd:208)
              [1] _try_admit (res://scripts/acts/act3/mirror_echo_rule_room.gd:173)
              [2] _physics_process (res://scripts/acts/act3/mirror_echo_rule_room.gd:148)
SCRIPT ERROR: Trying to assign an array of type "Array" to a variable of type "Array[Vector3]".
          at: combat_response (res://scripts/acts/act3/mirror_echo_rule_room.gd:208)
          GDScript backtrace (most recent call first):
              [0] combat_response (res://scripts/acts/act3/mirror_echo_rule_room.gd:208)
              [1] _try_admit (res://scripts/acts/act3/mirror_echo_rule_room.gd:173)
              [2] _physics_process (res://scripts/acts/act3/mirror_echo_rule_room.gd:148)
SCRIPT ERROR: Trying to assign an array of type "Array" to a variable of type "Array[Vector3]".
          at: combat_response (res://scripts/acts/act3/mirror_echo_rule_room.gd:208)
          GDScript backtrace (most recent call first):
              [0] combat_response (res://scripts/acts/act3/mirror_echo_rule_room.gd:208)
              [1] _try_admit (res://scripts/acts/act3/mirror_echo_rule_room.gd:173)
              [2] _physics_process (res://scripts/acts/act3/mirror_echo_rule_room.gd:148)
SCRIPT ERROR: Trying to assign an array of type "Array" to a variable of type "Array[Vector3]".
          at: combat_response (res://scripts/acts/act3/mirror_echo_rule_room.gd:208)
          GDScript backtrace (most recent call first):
              [0] combat_response (res://scripts/acts/act3/mirror_echo_rule_room.gd:208)
              [1] _try_admit (res://scripts/acts/act3/mirror_echo_rule_room.gd:173)
              [2] _physics_process (res://scripts/acts/act3/mirror_echo_rule_room.gd:148)
SCRIPT ERROR: Trying to assign an array of type "Array" to a variable of type "Array[Vector3]".
          at: combat_response (res://scripts/acts/act3/mirror_echo_rule_room.gd:208)
          GDScript backtrace (most recent call first):
              [0] combat_response (res://scripts/acts/act3/mirror_echo_rule_room.gd:208)
              [1] _try_admit (res://scripts/acts/act3/mirror_echo_rule_room.gd:173)
              [2] _physics_process (res://scripts/acts/act3/mirror_echo_rule_room.gd:148)
SCRIPT ERROR: Trying to assign an array of type "Array" to a variable of type "Array[Vector3]".
          at: combat_response (res://scripts/acts/act3/mirror_echo_rule_room.gd:208)
          GDScript backtrace (most recent call first):
              [0] combat_response (res://scripts/acts/act3/mirror_echo_rule_room.gd:208)
              [1] _try_admit (res://scripts/acts/act3/mirror_echo_rule_room.gd:173)
              [2] _physics_process (res://scripts/acts/act3/mirror_echo_rule_room.gd:148)
SCRIPT ERROR: Trying to assign an array of type "Array" to a variable of type "Array[Vector3]".
          at: combat_response (res://scripts/acts/act3/mirror_echo_rule_room.gd:208)
          GDScript backtrace (most recent call first):
              [0] combat_response (res://scripts/acts/act3/mirror_echo_rule_room.gd:208)
              [1] _try_admit (res://scripts/acts/act3/mirror_echo_rule_room.gd:173)
              [2] _physics_process (res://scripts/acts/act3/mirror_echo_rule_room.gd:148)
SCRIPT ERROR: Trying to assign an array of type "Array" to a variable of type "Array[Vector3]".
          at: combat_response (res://scripts/acts/act3/mirror_echo_rule_room.gd:208)
          GDScript backtrace (most recent call first):
              [0] combat_response (res://scripts/acts/act3/mirror_echo_rule_room.gd:208)
              [1] _try_admit (res://scripts/acts/act3/mirror_echo_rule_room.gd:173)
              [2] _physics_process (res://scripts/acts/act3/mirror_echo_rule_room.gd:148)
SCRIPT ERROR: Trying to assign an array of type "Array" to a variable of type "Array[Vector3]".
          at: combat_response (res://scripts/acts/act3/mirror_echo_rule_room.gd:208)
          GDScript backtrace (most recent call first):
              [0] combat_response (res://scripts/acts/act3/mirror_echo_rule_room.gd:208)
              [1] _try_admit (res://scripts/acts/act3/mirror_echo_rule_room.gd:173)
              [2] _physics_process (res://scripts/acts/act3/mirror_echo_rule_room.gd:148)
SCRIPT ERROR: Trying to assign an array of type "Array" to a variable of type "Array[Vector3]".
          at: combat_response (res://scripts/acts/act3/mirror_echo_rule_room.gd:208)
          GDScript backtrace (most recent call first):
              [0] combat_response (res://scripts/acts/act3/mirror_echo_rule_room.gd:208)
              [1] _try_admit (res://scripts/acts/act3/mirror_echo_rule_room.gd:173)
              [2] _physics_process (res://scripts/acts/act3/mirror_echo_rule_room.gd:148)
SCRIPT ERROR: Trying to assign an array of type "Array" to a variable of type "Array[Vector3]".
          at: combat_response (res://scripts/acts/act3/mirror_echo_rule_room.gd:208)
          GDScript backtrace (most recent call first):
              [0] combat_response (res://scripts/acts/act3/mirror_echo_rule_room.gd:208)
              [1] _try_admit (res://scripts/acts/act3/mirror_echo_rule_room.gd:173)
              [2] _physics_process (res://scripts/acts/act3/mirror_echo_rule_room.gd:148)
SCRIPT ERROR: Trying to assign an array of type "Array" to a variable of type "Array[Vector3]".
          at: combat_response (res://scripts/acts/act3/mirror_echo_rule_room.gd:208)
          GDScript backtrace (most recent call first):
              [0] combat_response (res://scripts/acts/act3/mirror_echo_rule_room.gd:208)
              [1] _try_admit (res://scripts/acts/act3/mirror_echo_rule_room.gd:173)
              [2] _physics_process (res://scripts/acts/act3/mirror_echo_rule_room.gd:148)
SCRIPT ERROR: Trying to assign an array of type "Array" to a variable of type "Array[Vector3]".
          at: combat_response (res://scripts/acts/act3/mirror_echo_rule_room.gd:208)
          GDScript backtrace (most recent call first):
              [0] combat_response (res://scripts/acts/act3/mirror_echo_rule_room.gd:208)
              [1] _try_admit (res://scripts/acts/act3/mirror_echo_rule_room.gd:173)
              [2] _physics_process (res://scripts/acts/act3/mirror_echo_rule_room.gd:148)
SCRIPT ERROR: Trying to assign an array of type "Array" to a variable of type "Array[Vector3]".
          at: combat_response (res://scripts/acts/act3/mirror_echo_rule_room.gd:208)
          GDScript backtrace (most recent call first):
              [0] combat_response (res://scripts/acts/act3/mirror_echo_rule_room.gd:208)
              [1] _try_admit (res://scripts/acts/act3/mirror_echo_rule_room.gd:173)
              [2] _physics_process (res://scripts/acts/act3/mirror_echo_rule_room.gd:148)
SCRIPT ERROR: Trying to assign an array of type "Array" to a variable of type "Array[Vector3]".
          at: combat_response (res://scripts/acts/act3/mirror_echo_rule_room.gd:208)
          GDScript backtrace (most recent call first):
              [0] combat_response (res://scripts/acts/act3/mirror_echo_rule_room.gd:208)
              [1] _try_admit (res://scripts/acts/act3/mirror_echo_rule_room.gd:173)
              [2] _physics_process (res://scripts/acts/act3/mirror_echo_rule_room.gd:148)
SCRIPT ERROR: Trying to assign an array of type "Array" to a variable of type "Array[Vector3]".
          at: combat_response (res://scripts/acts/act3/mirror_echo_rule_room.gd:208)
          GDScript backtrace (most recent call first):
              [0] combat_response (res://scripts/acts/act3/mirror_echo_rule_room.gd:208)
              [1] _try_admit (res://scripts/acts/act3/mirror_echo_rule_room.gd:173)
              [2] _physics_process (res://scripts/acts/act3/mirror_echo_rule_room.gd:148)
SCRIPT ERROR: Trying to assign an array of type "Array" to a variable of type "Array[Vector3]".
          at: combat_response (res://scripts/acts/act3/mirror_echo_rule_room.gd:208)
          GDScript backtrace (most recent call first):
              [0] combat_response (res://scripts/acts/act3/mirror_echo_rule_room.gd:208)
              [1] _try_admit (res://scripts/acts/act3/mirror_echo_rule_room.gd:173)
              [2] _physics_process (res://scripts/acts/act3/mirror_echo_rule_room.gd:148)
SCRIPT ERROR: Trying to assign an array of type "Array" to a variable of type "Array[Vector3]".
          at: combat_response (res://scripts/acts/act3/mirror_echo_rule_room.gd:208)
          GDScript backtrace (most recent call first):
              [0] combat_response (res://scripts/acts/act3/mirror_echo_rule_room.gd:208)
              [1] _try_admit (res://scripts/acts/act3/mirror_echo_rule_room.gd:173)
              [2] _physics_process (res://scripts/acts/act3/mirror_echo_rule_room.gd:148)
SCRIPT ERROR: Trying to assign an array of type "Array" to a variable of type "Array[Vector3]".
          at: combat_response (res://scripts/acts/act3/mirror_echo_rule_room.gd:208)
          GDScript backtrace (most recent call first):
              [0] combat_response (res://scripts/acts/act3/mirror_echo_rule_room.gd:208)
              [1] _try_admit (res://scripts/acts/act3/mirror_echo_rule_room.gd:173)
              [2] _physics_process (res://scripts/acts/act3/mirror_echo_rule_room.gd:148)
SCRIPT ERROR: Trying to assign an array of type "Array" to a variable of type "Array[Vector3]".
          at: combat_response (res://scripts/acts/act3/mirror_echo_rule_room.gd:208)
          GDScript backtrace (most recent call first):
              [0] combat_response (res://scripts/acts/act3/mirror_echo_rule_room.gd:208)
              [1] _try_admit (res://scripts/acts/act3/mirror_echo_rule_room.gd:173)
              [2] _physics_process (res://scripts/acts/act3/mirror_echo_rule_room.gd:148)
SCRIPT ERROR: Trying to assign an array of type "Array" to a variable of type "Array[Vector3]".
          at: combat_response (res://scripts/acts/act3/mirror_echo_rule_room.gd:208)
          GDScript backtrace (most recent call first):
              [0] combat_response (res://scripts/acts/act3/mirror_echo_rule_room.gd:208)
              [1] _try_admit (res://scripts/acts/act3/mirror_echo_rule_room.gd:173)
              [2] _physics_process (res://scripts/acts/act3/mirror_echo_rule_room.gd:148)
SCRIPT ERROR: Trying to assign an array of type "Array" to a variable of type "Array[Vector3]".
          at: combat_response (res://scripts/acts/act3/mirror_echo_rule_room.gd:208)
          GDScript backtrace (most recent call first):
              [0] combat_response (res://scripts/acts/act3/mirror_echo_rule_room.gd:208)
              [1] _try_admit (res://scripts/acts/act3/mirror_echo_rule_room.gd:173)
              [2] _physics_process (res://scripts/acts/act3/mirror_echo_rule_room.gd:148)
SCRIPT ERROR: Trying to assign an array of type "Array" to a variable of type "Array[Vector3]".
          at: combat_response (res://scripts/acts/act3/mirror_echo_rule_room.gd:208)
          GDScript backtrace (most recent call first):
              [0] combat_response (res://scripts/acts/act3/mirror_echo_rule_room.gd:208)
              [1] _try_admit (res://scripts/acts/act3/mirror_echo_rule_room.gd:173)
              [2] _physics_process (res://scripts/acts/act3/mirror_echo_rule_room.gd:148)
SCRIPT ERROR: Trying to assign an array of type "Array" to a variable of type "Array[Vector3]".
          at: combat_response (res://scripts/acts/act3/mirror_echo_rule_room.gd:208)
          GDScript backtrace (most recent call first):
              [0] combat_response (res://scripts/acts/act3/mirror_echo_rule_room.gd:208)
              [1] _try_admit (res://scripts/acts/act3/mirror_echo_rule_room.gd:173)
              [2] _physics_process (res://scripts/acts/act3/mirror_echo_rule_room.gd:148)
SCRIPT ERROR: Trying to assign an array of type "Array" to a variable of type "Array[Vector3]".
          at: combat_response (res://scripts/acts/act3/mirror_echo_rule_room.gd:208)
          GDScript backtrace (most recent call first):
              [0] combat_response (res://scripts/acts/act3/mirror_echo_rule_room.gd:208)
              [1] _try_admit (res://scripts/acts/act3/mirror_echo_rule_room.gd:173)
              [2] _physics_process (res://scripts/acts/act3/mirror_echo_rule_room.gd:148)
SCRIPT ERROR: Trying to assign an array of type "Array" to a variable of type "Array[Vector3]".
          at: combat_response (res://scripts/acts/act3/mirror_echo_rule_room.gd:208)
          GDScript backtrace (most recent call first):
              [0] combat_response (res://scripts/acts/act3/mirror_echo_rule_room.gd:208)
              [1] _try_admit (res://scripts/acts/act3/mirror_echo_rule_room.gd:173)
              [2] _physics_process (res://scripts/acts/act3/mirror_echo_rule_room.gd:148)
SCRIPT ERROR: Trying to assign an array of type "Array" to a variable of type "Array[Vector3]".
          at: combat_response (res://scripts/acts/act3/mirror_echo_rule_room.gd:208)
          GDScript backtrace (most recent call first):
              [0] combat_response (res://scripts/acts/act3/mirror_echo_rule_room.gd:208)
              [1] _try_admit (res://scripts/acts/act3/mirror_echo_rule_room.gd:173)
              [2] _physics_process (res://scripts/acts/act3/mirror_echo_rule_room.gd:148)
SCRIPT ERROR: Trying to assign an array of type "Array" to a variable of type "Array[Vector3]".
          at: combat_response (res://scripts/acts/act3/mirror_echo_rule_room.gd:208)
          GDScript backtrace (most recent call first):
              [0] combat_response (res://scripts/acts/act3/mirror_echo_rule_room.gd:208)
              [1] _try_admit (res://scripts/acts/act3/mirror_echo_rule_room.gd:173)
              [2] _physics_process (res://scripts/acts/act3/mirror_echo_rule_room.gd:148)
SCRIPT ERROR: Trying to assign an array of type "Array" to a variable of type "Array[Vector3]".
          at: combat_response (res://scripts/acts/act3/mirror_echo_rule_room.gd:208)
          GDScript backtrace (most recent call first):
              [0] combat_response (res://scripts/acts/act3/mirror_echo_rule_room.gd:208)
              [1] _try_admit (res://scripts/acts/act3/mirror_echo_rule_room.gd:173)
              [2] _physics_process (res://scripts/acts/act3/mirror_echo_rule_room.gd:148)
SCRIPT ERROR: Trying to assign an array of type "Array" to a variable of type "Array[Vector3]".
          at: combat_response (res://scripts/acts/act3/mirror_echo_rule_room.gd:208)
          GDScript backtrace (most recent call first):
              [0] combat_response (res://scripts/acts/act3/mirror_echo_rule_room.gd:208)
              [1] _try_admit (res://scripts/acts/act3/mirror_echo_rule_room.gd:173)
              [2] _physics_process (res://scripts/acts/act3/mirror_echo_rule_room.gd:148)
SCRIPT ERROR: Trying to assign an array of type "Array" to a variable of type "Array[Vector3]".
          at: combat_response (res://scripts/acts/act3/mirror_echo_rule_room.gd:208)
          GDScript backtrace (most recent call first):
              [0] combat_response (res://scripts/acts/act3/mirror_echo_rule_room.gd:208)
              [1] _try_admit (res://scripts/acts/act3/mirror_echo_rule_room.gd:173)
              [2] _physics_process (res://scripts/acts/act3/mirror_echo_rule_room.gd:148)
SCRIPT ERROR: Trying to assign an array of type "Array" to a variable of type "Array[Vector3]".
          at: combat_response (res://scripts/acts/act3/mirror_echo_rule_room.gd:208)
          GDScript backtrace (most recent call first):
              [0] combat_response (res://scripts/acts/act3/mirror_echo_rule_room.gd:208)
              [1] _try_admit (res://scripts/acts/act3/mirror_echo_rule_room.gd:173)
              [2] _physics_process (res://scripts/acts/act3/mirror_echo_rule_room.gd:148)
SCRIPT ERROR: Trying to assign an array of type "Array" to a variable of type "Array[Vector3]".
          at: combat_response (res://scripts/acts/act3/mirror_echo_rule_room.gd:208)
          GDScript backtrace (most recent call first):
              [0] combat_response (res://scripts/acts/act3/mirror_echo_rule_room.gd:208)
              [1] _try_admit (res://scripts/acts/act3/mirror_echo_rule_room.gd:173)
              [2] _physics_process (res://scripts/acts/act3/mirror_echo_rule_room.gd:148)
SCRIPT ERROR: Trying to assign an array of type "Array" to a variable of type "Array[Vector3]".
          at: combat_response (res://scripts/acts/act3/mirror_echo_rule_room.gd:208)
          GDScript backtrace (most recent call first):
              [0] combat_response (res://scripts/acts/act3/mirror_echo_rule_room.gd:208)
              [1] _try_admit (res://scripts/acts/act3/mirror_echo_rule_room.gd:173)
              [2] _physics_process (res://scripts/acts/act3/mirror_echo_rule_room.gd:148)
SCRIPT ERROR: Trying to assign an array of type "Array" to a variable of type "Array[Vector3]".
          at: combat_response (res://scripts/acts/act3/mirror_echo_rule_room.gd:208)
          GDScript backtrace (most recent call first):
              [0] combat_response (res://scripts/acts/act3/mirror_echo_rule_room.gd:208)
              [1] _try_admit (res://scripts/acts/act3/mirror_echo_rule_room.gd:173)
              [2] _physics_process (res://scripts/acts/act3/mirror_echo_rule_room.gd:148)
SCRIPT ERROR: Trying to assign an array of type "Array" to a variable of type "Array[Vector3]".
          at: combat_response (res://scripts/acts/act3/mirror_echo_rule_room.gd:208)
          GDScript backtrace (most recent call first):
              [0] combat_response (res://scripts/acts/act3/mirror_echo_rule_room.gd:208)
              [1] _try_admit (res://scripts/acts/act3/mirror_echo_rule_room.gd:173)
              [2] _physics_process (res://scripts/acts/act3/mirror_echo_rule_room.gd:148)
SCRIPT ERROR: Trying to assign an array of type "Array" to a variable of type "Array[Vector3]".
          at: combat_response (res://scripts/acts/act3/mirror_echo_rule_room.gd:208)
          GDScript backtrace (most recent call first):
              [0] combat_response (res://scripts/acts/act3/mirror_echo_rule_room.gd:208)
              [1] _try_admit (res://scripts/acts/act3/mirror_echo_rule_room.gd:173)
              [2] _physics_process (res://scripts/acts/act3/mirror_echo_rule_room.gd:148)
SCRIPT ERROR: Trying to assign an array of type "Array" to a variable of type "Array[Vector3]".
          at: combat_response (res://scripts/acts/act3/mirror_echo_rule_room.gd:208)
          GDScript backtrace (most recent call first):
              [0] combat_response (res://scripts/acts/act3/mirror_echo_rule_room.gd:208)
              [1] _try_admit (res://scripts/acts/act3/mirror_echo_rule_room.gd:173)
              [2] _physics_process (res://scripts/acts/act3/mirror_echo_rule_room.gd:148)
SCRIPT ERROR: Trying to assign an array of type "Array" to a variable of type "Array[Vector3]".
          at: combat_response (res://scripts/acts/act3/mirror_echo_rule_room.gd:208)
          GDScript backtrace (most recent call first):
              [0] combat_response (res://scripts/acts/act3/mirror_echo_rule_room.gd:208)
              [1] _try_admit (res://scripts/acts/act3/mirror_echo_rule_room.gd:173)
              [2] _physics_process (res://scripts/acts/act3/mirror_echo_rule_room.gd:148)
SCRIPT ERROR: Trying to assign an array of type "Array" to a variable of type "Array[Vector3]".
          at: combat_response (res://scripts/acts/act3/mirror_echo_rule_room.gd:208)
          GDScript backtrace (most recent call first):
              [0] combat_response (res://scripts/acts/act3/mirror_echo_rule_room.gd:208)
              [1] _try_admit (res://scripts/acts/act3/mirror_echo_rule_room.gd:173)
              [2] _physics_process (res://scripts/acts/act3/mirror_echo_rule_room.gd:148)
SCRIPT ERROR: Trying to assign an array of type "Array" to a variable of type "Array[Vector3]".
          at: combat_response (res://scripts/acts/act3/mirror_echo_rule_room.gd:208)
          GDScript backtrace (most recent call first):
              [0] combat_response (res://scripts/acts/act3/mirror_echo_rule_room.gd:208)
              [1] _try_admit (res://scripts/acts/act3/mirror_echo_rule_room.gd:173)
              [2] _physics_process (res://scripts/acts/act3/mirror_echo_rule_room.gd:148)
SCRIPT ERROR: Trying to assign an array of type "Array" to a variable of type "Array[Vector3]".
          at: combat_response (res://scripts/acts/act3/mirror_echo_rule_room.gd:208)
          GDScript backtrace (most recent call first):
              [0] combat_response (res://scripts/acts/act3/mirror_echo_rule_room.gd:208)
              [1] _try_admit (res://scripts/acts/act3/mirror_echo_rule_room.gd:173)
              [2] _physics_process (res://scripts/acts/act3/mirror_echo_rule_room.gd:148)
SCRIPT ERROR: Trying to assign an array of type "Array" to a variable of type "Array[Vector3]".
          at: combat_response (res://scripts/acts/act3/mirror_echo_rule_room.gd:208)
          GDScript backtrace (most recent call first):
              [0] combat_response (res://scripts/acts/act3/mirror_echo_rule_room.gd:208)
              [1] _try_admit (res://scripts/acts/act3/mirror_echo_rule_room.gd:173)
              [2] _physics_process (res://scripts/acts/act3/mirror_echo_rule_room.gd:148)
SCRIPT ERROR: Trying to assign an array of type "Array" to a variable of type "Array[Vector3]".
          at: combat_response (res://scripts/acts/act3/mirror_echo_rule_room.gd:208)
          GDScript backtrace (most recent call first):
              [0] combat_response (res://scripts/acts/act3/mirror_echo_rule_room.gd:208)
              [1] _try_admit (res://scripts/acts/act3/mirror_echo_rule_room.gd:173)
              [2] _physics_process (res://scripts/acts/act3/mirror_echo_rule_room.gd:148)
SCRIPT ERROR: Trying to assign an array of type "Array" to a variable of type "Array[Vector3]".
          at: combat_response (res://scripts/acts/act3/mirror_echo_rule_room.gd:208)
          GDScript backtrace (most recent call first):
              [0] combat_response (res://scripts/acts/act3/mirror_echo_rule_room.gd:208)
              [1] _try_admit (res://scripts/acts/act3/mirror_echo_rule_room.gd:173)
              [2] _physics_process (res://scripts/acts/act3/mirror_echo_rule_room.gd:148)
SCRIPT ERROR: Trying to assign an array of type "Array" to a variable of type "Array[Vector3]".
          at: combat_response (res://scripts/acts/act3/mirror_echo_rule_room.gd:208)
          GDScript backtrace (most recent call first):
              [0] combat_response (res://scripts/acts/act3/mirror_echo_rule_room.gd:208)
              [1] _try_admit (res://scripts/acts/act3/mirror_echo_rule_room.gd:173)
              [2] _physics_process (res://scripts/acts/act3/mirror_echo_rule_room.gd:148)
SCRIPT ERROR: Trying to assign an array of type "Array" to a variable of type "Array[Vector3]".
          at: combat_response (res://scripts/acts/act3/mirror_echo_rule_room.gd:208)
          GDScript backtrace (most recent call first):
              [0] combat_response (res://scripts/acts/act3/mirror_echo_rule_room.gd:208)
              [1] _try_admit (res://scripts/acts/act3/mirror_echo_rule_room.gd:173)
              [2] _physics_process (res://scripts/acts/act3/mirror_echo_rule_room.gd:148)
SCRIPT ERROR: Trying to assign an array of type "Array" to a variable of type "Array[Vector3]".
          at: combat_response (res://scripts/acts/act3/mirror_echo_rule_room.gd:208)
          GDScript backtrace (most recent call first):
              [0] combat_response (res://scripts/acts/act3/mirror_echo_rule_room.gd:208)
              [1] _try_admit (res://scripts/acts/act3/mirror_echo_rule_room.gd:173)
              [2] _physics_process (res://scripts/acts/act3/mirror_echo_rule_room.gd:148)
SCRIPT ERROR: Trying to assign an array of type "Array" to a variable of type "Array[Vector3]".
          at: combat_response (res://scripts/acts/act3/mirror_echo_rule_room.gd:208)
          GDScript backtrace (most recent call first):
              [0] combat_response (res://scripts/acts/act3/mirror_echo_rule_room.gd:208)
              [1] _try_admit (res://scripts/acts/act3/mirror_echo_rule_room.gd:173)
              [2] _physics_process (res://scripts/acts/act3/mirror_echo_rule_room.gd:148)
SCRIPT ERROR: Trying to assign an array of type "Array" to a variable of type "Array[Vector3]".
          at: combat_response (res://scripts/acts/act3/mirror_echo_rule_room.gd:208)
          GDScript backtrace (most recent call first):
              [0] combat_response (res://scripts/acts/act3/mirror_echo_rule_room.gd:208)
              [1] _try_admit (res://scripts/acts/act3/mirror_echo_rule_room.gd:173)
              [2] _physics_process (res://scripts/acts/act3/mirror_echo_rule_room.gd:148)
SCRIPT ERROR: Trying to assign an array of type "Array" to a variable of type "Array[Vector3]".
          at: combat_response (res://scripts/acts/act3/mirror_echo_rule_room.gd:208)
          GDScript backtrace (most recent call first):
              [0] combat_response (res://scripts/acts/act3/mirror_echo_rule_room.gd:208)
              [1] _try_admit (res://scripts/acts/act3/mirror_echo_rule_room.gd:173)
              [2] _physics_process (res://scripts/acts/act3/mirror_echo_rule_room.gd:148)
SCRIPT ERROR: Trying to assign an array of type "Array" to a variable of type "Array[Vector3]".
          at: combat_response (res://scripts/acts/act3/mirror_echo_rule_room.gd:208)
          GDScript backtrace (most recent call first):
              [0] combat_response (res://scripts/acts/act3/mirror_echo_rule_room.gd:208)
              [1] _try_admit (res://scripts/acts/act3/mirror_echo_rule_room.gd:173)
              [2] _physics_process (res://scripts/acts/act3/mirror_echo_rule_room.gd:148)
SCRIPT ERROR: Trying to assign an array of type "Array" to a variable of type "Array[Vector3]".
          at: combat_response (res://scripts/acts/act3/mirror_echo_rule_room.gd:208)
          GDScript backtrace (most recent call first):
              [0] combat_response (res://scripts/acts/act3/mirror_echo_rule_room.gd:208)
              [1] _try_admit (res://scripts/acts/act3/mirror_echo_rule_room.gd:173)
              [2] _physics_process (res://scripts/acts/act3/mirror_echo_rule_room.gd:148)
SCRIPT ERROR: Trying to assign an array of type "Array" to a variable of type "Array[Vector3]".
          at: combat_response (res://scripts/acts/act3/mirror_echo_rule_room.gd:208)
          GDScript backtrace (most recent call first):
              [0] combat_response (res://scripts/acts/act3/mirror_echo_rule_room.gd:208)
              [1] _try_admit (res://scripts/acts/act3/mirror_echo_rule_room.gd:173)
              [2] _physics_process (res://scripts/acts/act3/mirror_echo_rule_room.gd:148)
SCRIPT ERROR: Trying to assign an array of type "Array" to a variable of type "Array[Vector3]".
          at: combat_response (res://scripts/acts/act3/mirror_echo_rule_room.gd:208)
          GDScript backtrace (most recent call first):
              [0] combat_response (res://scripts/acts/act3/mirror_echo_rule_room.gd:208)
              [1] _try_admit (res://scripts/acts/act3/mirror_echo_rule_room.gd:173)
              [2] _physics_process (res://scripts/acts/act3/mirror_echo_rule_room.gd:148)
SCRIPT ERROR: Trying to assign an array of type "Array" to a variable of type "Array[Vector3]".
          at: combat_response (res://scripts/acts/act3/mirror_echo_rule_room.gd:208)
          GDScript backtrace (most recent call first):
              [0] combat_response (res://scripts/acts/act3/mirror_echo_rule_room.gd:208)
              [1] _try_admit (res://scripts/acts/act3/mirror_echo_rule_room.gd:173)
              [2] _physics_process (res://scripts/acts/act3/mirror_echo_rule_room.gd:148)
SCRIPT ERROR: Trying to assign an array of type "Array" to a variable of type "Array[Vector3]".
          at: combat_response (res://scripts/acts/act3/mirror_echo_rule_room.gd:208)
          GDScript backtrace (most recent call first):
              [0] combat_response (res://scripts/acts/act3/mirror_echo_rule_room.gd:208)
              [1] _try_admit (res://scripts/acts/act3/mirror_echo_rule_room.gd:173)
              [2] _physics_process (res://scripts/acts/act3/mirror_echo_rule_room.gd:148)
SCRIPT ERROR: Trying to assign an array of type "Array" to a variable of type "Array[Vector3]".
          at: combat_response (res://scripts/acts/act3/mirror_echo_rule_room.gd:208)
          GDScript backtrace (most recent call first):
              [0] combat_response (res://scripts/acts/act3/mirror_echo_rule_room.gd:208)
              [1] _try_admit (res://scripts/acts/act3/mirror_echo_rule_room.gd:173)
              [2] _physics_process (res://scripts/acts/act3/mirror_echo_rule_room.gd:148)
SCRIPT ERROR: Trying to assign an array of type "Array" to a variable of type "Array[Vector3]".
          at: combat_response (res://scripts/acts/act3/mirror_echo_rule_room.gd:208)
          GDScript backtrace (most recent call first):
              [0] combat_response (res://scripts/acts/act3/mirror_echo_rule_room.gd:208)
              [1] _try_admit (res://scripts/acts/act3/mirror_echo_rule_room.gd:173)
              [2] _physics_process (res://scripts/acts/act3/mirror_echo_rule_room.gd:148)
SCRIPT ERROR: Trying to assign an array of type "Array" to a variable of type "Array[Vector3]".
          at: combat_response (res://scripts/acts/act3/mirror_echo_rule_room.gd:208)
          GDScript backtrace (most recent call first):
              [0] combat_response (res://scripts/acts/act3/mirror_echo_rule_room.gd:208)
              [1] _try_admit (res://scripts/acts/act3/mirror_echo_rule_room.gd:173)
              [2] _physics_process (res://scripts/acts/act3/mirror_echo_rule_room.gd:148)
SCRIPT ERROR: Trying to assign an array of type "Array" to a variable of type "Array[Vector3]".
          at: combat_response (res://scripts/acts/act3/mirror_echo_rule_room.gd:208)
          GDScript backtrace (most recent call first):
              [0] combat_response (res://scripts/acts/act3/mirror_echo_rule_room.gd:208)
              [1] _try_admit (res://scripts/acts/act3/mirror_echo_rule_room.gd:173)
              [2] _physics_process (res://scripts/acts/act3/mirror_echo_rule_room.gd:148)
SCRIPT ERROR: Trying to assign an array of type "Array" to a variable of type "Array[Vector3]".
          at: combat_response (res://scripts/acts/act3/mirror_echo_rule_room.gd:208)
          GDScript backtrace (most recent call first):
              [0] combat_response (res://scripts/acts/act3/mirror_echo_rule_room.gd:208)
              [1] _try_admit (res://scripts/acts/act3/mirror_echo_rule_room.gd:173)
              [2] _physics_process (res://scripts/acts/act3/mirror_echo_rule_room.gd:148)
SCRIPT ERROR: Trying to assign an array of type "Array" to a variable of type "Array[Vector3]".
          at: combat_response (res://scripts/acts/act3/mirror_echo_rule_room.gd:208)
          GDScript backtrace (most recent call first):
              [0] combat_response (res://scripts/acts/act3/mirror_echo_rule_room.gd:208)
              [1] _try_admit (res://scripts/acts/act3/mirror_echo_rule_room.gd:173)
              [2] _physics_process (res://scripts/acts/act3/mirror_echo_rule_room.gd:148)
SCRIPT ERROR: Trying to assign an array of type "Array" to a variable of type "Array[Vector3]".
          at: combat_response (res://scripts/acts/act3/mirror_echo_rule_room.gd:208)
          GDScript backtrace (most recent call first):
              [0] combat_response (res://scripts/acts/act3/mirror_echo_rule_room.gd:208)
              [1] _try_admit (res://scripts/acts/act3/mirror_echo_rule_room.gd:173)
              [2] _physics_process (res://scripts/acts/act3/mirror_echo_rule_room.gd:148)
SCRIPT ERROR: Trying to assign an array of type "Array" to a variable of type "Array[Vector3]".
          at: combat_response (res://scripts/acts/act3/mirror_echo_rule_room.gd:208)
          GDScript backtrace (most recent call first):
              [0] combat_response (res://scripts/acts/act3/mirror_echo_rule_room.gd:208)
              [1] _try_admit (res://scripts/acts/act3/mirror_echo_rule_room.gd:173)
              [2] _physics_process (res://scripts/acts/act3/mirror_echo_rule_room.gd:148)
SCRIPT ERROR: Trying to assign an array of type "Array" to a variable of type "Array[Vector3]".
          at: combat_response (res://scripts/acts/act3/mirror_echo_rule_room.gd:208)
          GDScript backtrace (most recent call first):
              [0] combat_response (res://scripts/acts/act3/mirror_echo_rule_room.gd:208)
              [1] _try_admit (res://scripts/acts/act3/mirror_echo_rule_room.gd:173)
              [2] _physics_process (res://scripts/acts/act3/mirror_echo_rule_room.gd:148)
SCRIPT ERROR: Trying to assign an array of type "Array" to a variable of type "Array[Vector3]".
          at: combat_response (res://scripts/acts/act3/mirror_echo_rule_room.gd:208)
          GDScript backtrace (most recent call first):
              [0] combat_response (res://scripts/acts/act3/mirror_echo_rule_room.gd:208)
              [1] _try_admit (res://scripts/acts/act3/mirror_echo_rule_room.gd:173)
              [2] _physics_process (res://scripts/acts/act3/mirror_echo_rule_room.gd:148)
ERROR: FAIL: real stationary HP/lease/native-renderer owner admits one enemy-authored warning without Player art/capture/ammo; Actual shared player and authored floor bindings required; 
   at: push_error (core/variant/variant_utility.cpp:1023)
   GDScript backtrace (most recent call first):
       [0] _expect (res://tests/acts/act3/mirror_echo_rule_room_smoke.gd:296)
       [1] _case (res://tests/acts/act3/mirror_echo_rule_room_smoke.gd:110)
       [2] _tick (res://tests/acts/act3/mirror_echo_rule_room_smoke.gd:262)
       [3] _physics_process (res://tests/acts/act3/mirror_echo_rule_room_smoke.gd:17)
PASS: actual source/world/leases/groups retire before replacement
Mirror Echo owned rule room: 4 checks; failures: 1. Finite actual C52 only; no full-level or lifecycle29 acceptance.
