Waiting for the shared Godot session to close…
Godot Engine v4.7.2.stable.official.ed1daf0bf - https://godotengine.org

SCRIPT ERROR: Parse Error: The member "Projection" cannot have the same name as a builtin type.
          at: GDScript::reload (res://scripts/acts/act3/mirror_echo_resonance_room.gd:11)
          GDScript backtrace (most recent call first):
              [0] load_level_scene (res://scripts/game.gd:147)
              [1] _ready (res://scripts/game.gd:68)
              [2] _open (res://tests/acts/act3/mirror_echo_resonance_room_smoke.gd:168)
              [3] _case (res://tests/acts/act3/mirror_echo_resonance_room_smoke.gd:69)
              [4] _run (res://tests/acts/act3/mirror_echo_resonance_room_smoke.gd:64)
SCRIPT ERROR: Parse Error: Cannot find member "floor_signature" in base "Projection".
          at: GDScript::reload (res://scripts/acts/act3/mirror_echo_resonance_room.gd:125)
          GDScript backtrace (most recent call first):
              [0] load_level_scene (res://scripts/game.gd:147)
              [1] _ready (res://scripts/game.gd:68)
              [2] _open (res://tests/acts/act3/mirror_echo_resonance_room_smoke.gd:168)
              [3] _case (res://tests/acts/act3/mirror_echo_resonance_room_smoke.gd:69)
              [4] _run (res://tests/acts/act3/mirror_echo_resonance_room_smoke.gd:64)
SCRIPT ERROR: Parse Error: Function "floor_signature()" not found in base Projection.
          at: GDScript::reload (res://scripts/acts/act3/mirror_echo_resonance_room.gd:125)
          GDScript backtrace (most recent call first):
              [0] load_level_scene (res://scripts/game.gd:147)
              [1] _ready (res://scripts/game.gd:68)
              [2] _open (res://tests/acts/act3/mirror_echo_resonance_room_smoke.gd:168)
              [3] _case (res://tests/acts/act3/mirror_echo_resonance_room_smoke.gd:69)
              [4] _run (res://tests/acts/act3/mirror_echo_resonance_room_smoke.gd:64)
SCRIPT ERROR: Parse Error: Cannot find member "plan_authored" in base "Projection".
          at: GDScript::reload (res://scripts/acts/act3/mirror_echo_resonance_room.gd:257)
          GDScript backtrace (most recent call first):
              [0] load_level_scene (res://scripts/game.gd:147)
              [1] _ready (res://scripts/game.gd:68)
              [2] _open (res://tests/acts/act3/mirror_echo_resonance_room_smoke.gd:168)
              [3] _case (res://tests/acts/act3/mirror_echo_resonance_room_smoke.gd:69)
              [4] _run (res://tests/acts/act3/mirror_echo_resonance_room_smoke.gd:64)
SCRIPT ERROR: Parse Error: Function "plan_authored()" not found in base Projection.
          at: GDScript::reload (res://scripts/acts/act3/mirror_echo_resonance_room.gd:257)
          GDScript backtrace (most recent call first):
              [0] load_level_scene (res://scripts/game.gd:147)
              [1] _ready (res://scripts/game.gd:68)
              [2] _open (res://tests/acts/act3/mirror_echo_resonance_room_smoke.gd:168)
              [3] _case (res://tests/acts/act3/mirror_echo_resonance_room_smoke.gd:69)
              [4] _run (res://tests/acts/act3/mirror_echo_resonance_room_smoke.gd:64)
ERROR: Failed to load script "res://scripts/acts/act3/mirror_echo_resonance_room.gd" with error "Parse error".
   at: load (modules/gdscript/gdscript_resource_format.cpp:46)
   GDScript backtrace (most recent call first):
       [0] load_level_scene (res://scripts/game.gd:147)
       [1] _ready (res://scripts/game.gd:68)
       [2] _open (res://tests/acts/act3/mirror_echo_resonance_room_smoke.gd:168)
       [3] _case (res://tests/acts/act3/mirror_echo_resonance_room_smoke.gd:69)
       [4] _run (res://tests/acts/act3/mirror_echo_resonance_room_smoke.gd:64)
ERROR: Level root must extend CinderLevel: res://scenes/acts/act3/a3_l3_echo_resonance_room.tscn
   at: push_error (core/variant/variant_utility.cpp:1023)
   GDScript backtrace (most recent call first):
       [0] _ready (res://scripts/game.gd:69)
       [1] _open (res://tests/acts/act3/mirror_echo_resonance_room_smoke.gd:168)
       [2] _case (res://tests/acts/act3/mirror_echo_resonance_room_smoke.gd:69)
       [3] _run (res://tests/acts/act3/mirror_echo_resonance_room_smoke.gd:64)
SCRIPT ERROR: Invalid access to property or key 'dead' on a base object of type 'Nil'.
          at: open_bench (res://scripts/game.gd:301)
          GDScript backtrace (most recent call first):
              [0] open_bench (res://scripts/game.gd:301)
              [1] _open (res://tests/acts/act3/mirror_echo_resonance_room_smoke.gd:169)
              [2] _case (res://tests/acts/act3/mirror_echo_resonance_room_smoke.gd:69)
              [3] _run (res://tests/acts/act3/mirror_echo_resonance_room_smoke.gd:64)
ERROR: FAIL: actual MainScene installs the bounded mixed room; missing level
   at: push_error (core/variant/variant_utility.cpp:1023)
   GDScript backtrace (most recent call first):
       [0] _expect (res://tests/acts/act3/mirror_echo_resonance_room_smoke.gd:445)
       [1] _open (res://tests/acts/act3/mirror_echo_resonance_room_smoke.gd:177)
       [2] _case (res://tests/acts/act3/mirror_echo_resonance_room_smoke.gd:69)
       [3] _run (res://tests/acts/act3/mirror_echo_resonance_room_smoke.gd:64)
