Godot Engine v4.7.2.stable.official.ed1daf0bf - https://godotengine.org

PASS: actual Main opens the owned garden-root rule prototype paused
PASS: ready actual target/Scheduler/two native sources bind without configuration error
PASS: fresh native unit has original60HP phase1, empty initial ammo, canonical traveller and zero admitted cycles
PASS: current real shared camera admits draw before its actual source is armed
PASS: genuine draw holds its native finite geometry, exact lease, harmless landing and ordinary-return proof
PASS: closed actual tether rejects positive direct damage with no mutation
PASS: invalid target damage/impulse fails closed without HP/phase mutation
PASS: invalid target damage/impulse fails closed without HP/phase mutation
PASS: invalid target damage/impulse fails closed without HP/phase mutation
PASS: invalid target damage/impulse fails closed without HP/phase mutation
PASS: actual first routed tap executes a zero-hit ordinary primary against the warning shutter
PASS: public Game requests an actual completed native pause
PASS: whole native warning pause freezes actual Hero/target/cues/Scheduler/input/camera without snapshot claims
PASS: public resume continues the same actual rule unit
PASS: action uses the first actual post-actor tick at its native proof deadline
PASS: actual routed escape_dash commits the complete canonical shared dash
PASS: real complete dash reaches native proved landing with full travel and unchanged kit
PASS: action uses the first actual post-actor tick at its native proof deadline
PASS: actual routed positioning_dash commits the complete canonical shared dash
PASS: real complete dash reaches native proved landing with full travel and unchanged kit
PASS: action uses the first actual post-actor tick at its native proof deadline
PASS: actual escape and return reach a genuine native recovery before its full ordinary-primary budget expires
PASS: actual hidden recovery source marker rejects damage before the next mechanism tick
PASS: actual first recovery primary subtracts resolved damage from the original60HP tether without resetting phase HP
PASS: second tap clears the real280ms blast window and native cooldown while ordinary recovery remains open
PASS: second genuine ordinary tap reaches exact30HP phase boundary and synchronously clears the actual leases/cues without regeneration or blast
PASS: closed actual tether rejects positive direct damage with no mutation
PASS: invalid target damage/impulse fails closed without HP/phase mutation
PASS: invalid target damage/impulse fails closed without HP/phase mutation
PASS: invalid target damage/impulse fails closed without HP/phase mutation
PASS: invalid target damage/impulse fails closed without HP/phase mutation
PASS: finite draw exchange keeps two full dashes, ordinary actions, no Hero contact, automatic restart, reward or campaign progress
PASS: public level exit synchronously clears actual source leases/cues
PASS: all native old-world descendants/Hero/target/sources/cues release before a replacement
PASS: actual Main opens the owned garden-root rule prototype paused
PASS: ready actual target/Scheduler/two native sources bind without configuration error
PASS: fresh native unit has original60HP phase1, empty initial ammo, canonical traveller and zero admitted cycles
PASS: current real shared camera admits enclose before its actual source is armed
PASS: genuine enclose holds its native finite geometry, exact lease, harmless landing and ordinary-return proof
PASS: closed actual tether rejects positive direct damage with no mutation
PASS: invalid target damage/impulse fails closed without HP/phase mutation
PASS: invalid target damage/impulse fails closed without HP/phase mutation
PASS: invalid target damage/impulse fails closed without HP/phase mutation
PASS: invalid target damage/impulse fails closed without HP/phase mutation
PASS: actual first routed tap executes a zero-hit ordinary primary against the warning shutter
PASS: public Game requests an actual completed native pause
PASS: whole native warning pause freezes actual Hero/target/cues/Scheduler/input/camera without snapshot claims
PASS: public resume continues the same actual rule unit
PASS: action uses the first actual post-actor tick at its native proof deadline
PASS: actual routed escape_dash commits the complete canonical shared dash
PASS: real complete dash reaches native proved landing with full travel and unchanged kit
PASS: action uses the first actual post-actor tick at its native proof deadline
PASS: actual routed positioning_dash commits the complete canonical shared dash
PASS: real complete dash reaches native proved landing with full travel and unchanged kit
PASS: action uses the first actual post-actor tick at its native proof deadline
PASS: actual escape and return reach a genuine native recovery before its full ordinary-primary budget expires
PASS: actual hidden recovery source marker rejects damage before the next mechanism tick
PASS: actual first recovery primary subtracts resolved damage from the original60HP tether without resetting phase HP
PASS: second tap clears the real280ms blast window and native cooldown while ordinary recovery remains open
PASS: second genuine ordinary tap reaches exact30HP phase boundary and synchronously clears the actual leases/cues without regeneration or blast
PASS: closed actual tether rejects positive direct damage with no mutation
PASS: invalid target damage/impulse fails closed without HP/phase mutation
PASS: invalid target damage/impulse fails closed without HP/phase mutation
PASS: invalid target damage/impulse fails closed without HP/phase mutation
PASS: invalid target damage/impulse fails closed without HP/phase mutation
PASS: finite enclose exchange keeps two full dashes, ordinary actions, no Hero contact, automatic restart, reward or campaign progress
PASS: public level exit synchronously clears actual source leases/cues
PASS: all native old-world descendants/Hero/target/sources/cues release before a replacement
PASS: actual Main opens the owned garden-root rule prototype paused
PASS: ready actual target/Scheduler/two native sources bind without configuration error
PASS: fresh native unit has original60HP phase1, empty initial ammo, canonical traveller and zero admitted cycles
PASS: current real shared camera admits draw before its actual source is armed
PASS: teardown fixture owns a genuinely held actual warning lease/cue
PASS: public held-warning level exit synchronously clears actual source leases/cues
PASS: all native old-world descendants/Hero/target/sources/cues release before a replacement
Garden root rule: 75 checks; failures: 0. Small two-source prototype only; no full-L4, saves, production transitions or playthrough acceptance.
