Godot Engine v4.7.2.stable.official.ed1daf0bf - https://godotengine.org

SCRIPT ERROR: Parse Error: Expression is of type "res://tests/fixtures/managed_ordinary_actor.gd" so it can't be of type "CharacterBody3D".
   at: GDScript::reload (res://tests/fixtures/managed_ordinary_actor.gd:27)
SCRIPT ERROR: Parse Error: Invalid cast. Cannot convert from "res://tests/fixtures/managed_ordinary_actor.gd" to "CharacterBody3D".
   at: GDScript::reload (res://tests/fixtures/managed_ordinary_actor.gd:28)
SCRIPT ERROR: Compile Error: Failed to compile depended scripts.
   at: GDScript::reload (res://tests/managed_ordinary_admission_smoke.gd:0)
ERROR: Failed to load script "res://tests/managed_ordinary_admission_smoke.gd" with error "Compilation failed".
   at: load (modules/gdscript/gdscript_resource_format.cpp:46)
Managed ordinary guard CORRECTED draft: real first-ready/running/cancelled/next-ready, retained pre-registration previews, actual CharacterBody with genuine Playback Script, native getter reentry. Unexecuted until queued by root; no campaign claim.
PASS: actual lifecycle Scheduler begins one retained native encounter
PASS: actual immutable HP32 source retains own native renderer, recipe and actual floor environment
PASS: actual lifecycle source configures its genuine first authored program: 
SCRIPT ERROR: Invalid call. Nonexistent function 'new' in base 'GDScript'.
   at: _native_guard_arena (res://tests/managed_ordinary_admission_smoke.gd:49)
   GDScript backtrace (most recent call first):
       [0] _native_guard_arena (res://tests/managed_ordinary_admission_smoke.gd:49)
       [1] _ordinary_control (res://tests/managed_ordinary_admission_smoke.gd:87)
       [2] _run (res://tests/managed_ordinary_admission_smoke.gd:14)
SCRIPT ERROR: Invalid access to property or key 'player' on a base object of type 'Dictionary'.
   at: _response (res://tests/authored_echo_playback_smoke.gd:375)
   GDScript backtrace (most recent call first):
       [0] _response (res://tests/authored_echo_playback_smoke.gd:375)
       [1] _ordinary_response (res://tests/managed_ordinary_admission_smoke.gd:68)
       [2] _ordinary_control (res://tests/managed_ordinary_admission_smoke.gd:89)
       [3] _run (res://tests/managed_ordinary_admission_smoke.gd:14)
SCRIPT ERROR: Invalid access to property or key 'world' on a base object of type 'Dictionary'.
   at: _ordinary_response (res://tests/managed_ordinary_admission_smoke.gd:69)
   GDScript backtrace (most recent call first):
       [0] _ordinary_response (res://tests/managed_ordinary_admission_smoke.gd:69)
       [1] _ordinary_control (res://tests/managed_ordinary_admission_smoke.gd:89)
       [2] _run (res://tests/managed_ordinary_admission_smoke.gd:14)
SCRIPT ERROR: Invalid access to property or key 'actor' on a base object of type 'Dictionary'.
   at: _ordinary_control (res://tests/managed_ordinary_admission_smoke.gd:97)
   GDScript backtrace (most recent call first):
       [0] _ordinary_control (res://tests/managed_ordinary_admission_smoke.gd:97)
       [1] _run (res://tests/managed_ordinary_admission_smoke.gd:14)
PASS: actual lifecycle Scheduler begins one retained native encounter
PASS: actual immutable HP32 source retains own native renderer, recipe and actual floor environment
PASS: actual lifecycle source configures its genuine first authored program: 
SCRIPT ERROR: Invalid call. Nonexistent function 'initialize_source (via call)' in base 'CharacterBody3D'.
   at: _native_guard_arena (res://tests/managed_ordinary_admission_smoke.gd:56)
   GDScript backtrace (most recent call first):
       [0] _native_guard_arena (res://tests/managed_ordinary_admission_smoke.gd:56)
       [1] _ordinary_control (res://tests/managed_ordinary_admission_smoke.gd:87)
       [2] _run (res://tests/managed_ordinary_admission_smoke.gd:15)
SCRIPT ERROR: Invalid access to property or key 'player' on a base object of type 'Dictionary'.
   at: _response (res://tests/authored_echo_playback_smoke.gd:375)
   GDScript backtrace (most recent call first):
       [0] _response (res://tests/authored_echo_playback_smoke.gd:375)
       [1] _ordinary_response (res://tests/managed_ordinary_admission_smoke.gd:68)
       [2] _ordinary_control (res://tests/managed_ordinary_admission_smoke.gd:89)
       [3] _run (res://tests/managed_ordinary_admission_smoke.gd:15)
SCRIPT ERROR: Invalid access to property or key 'world' on a base object of type 'Dictionary'.
   at: _ordinary_response (res://tests/managed_ordinary_admission_smoke.gd:69)
   GDScript backtrace (most recent call first):
       [0] _ordinary_response (res://tests/managed_ordinary_admission_smoke.gd:69)
       [1] _ordinary_control (res://tests/managed_ordinary_admission_smoke.gd:89)
       [2] _run (res://tests/managed_ordinary_admission_smoke.gd:15)
SCRIPT ERROR: Invalid access to property or key 'actor' on a base object of type 'Dictionary'.
   at: _ordinary_control (res://tests/managed_ordinary_admission_smoke.gd:93)
   GDScript backtrace (most recent call first):
       [0] _ordinary_control (res://tests/managed_ordinary_admission_smoke.gd:93)
       [1] _run (res://tests/managed_ordinary_admission_smoke.gd:15)
PASS: actual lifecycle Scheduler begins one retained native encounter
PASS: actual immutable HP32 source retains own native renderer, recipe and actual floor environment
PASS: actual lifecycle source configures its genuine first authored program: 
SCRIPT ERROR: Invalid call. Nonexistent function 'new' in base 'GDScript'.
   at: _native_guard_arena (res://tests/managed_ordinary_admission_smoke.gd:49)
   GDScript backtrace (most recent call first):
       [0] _native_guard_arena (res://tests/managed_ordinary_admission_smoke.gd:49)
       [1] _ordinary_tracking_control (res://tests/managed_ordinary_admission_smoke.gd:105)
       [2] _run (res://tests/managed_ordinary_admission_smoke.gd:16)
SCRIPT ERROR: Invalid access to property or key 'actor' on a base object of type 'Dictionary'.
   at: _ordinary_threat (res://tests/managed_ordinary_admission_smoke.gd:76)
   GDScript backtrace (most recent call first):
       [0] _ordinary_threat (res://tests/managed_ordinary_admission_smoke.gd:76)
       [1] _tracking_threat (res://tests/managed_ordinary_admission_smoke.gd:79)
       [2] _ordinary_tracking_control (res://tests/managed_ordinary_admission_smoke.gd:107)
       [3] _run (res://tests/managed_ordinary_admission_smoke.gd:16)
SCRIPT ERROR: Invalid access to property or key 'actor' on a base object of type 'Dictionary'.
   at: _tracking_threat (res://tests/managed_ordinary_admission_smoke.gd:80)
   GDScript backtrace (most recent call first):
       [0] _tracking_threat (res://tests/managed_ordinary_admission_smoke.gd:80)
       [1] _ordinary_tracking_control (res://tests/managed_ordinary_admission_smoke.gd:107)
       [2] _run (res://tests/managed_ordinary_admission_smoke.gd:16)
SCRIPT ERROR: Invalid access to property or key 'actor' on a base object of type 'Dictionary'.
   at: _ordinary_tracking_control (res://tests/managed_ordinary_admission_smoke.gd:108)
   GDScript backtrace (most recent call first):
       [0] _ordinary_tracking_control (res://tests/managed_ordinary_admission_smoke.gd:108)
       [1] _run (res://tests/managed_ordinary_admission_smoke.gd:16)
PASS: actual lifecycle Scheduler begins one retained native encounter
PASS: actual immutable HP32 source retains own native renderer, recipe and actual floor environment
PASS: actual lifecycle source configures its genuine first authored program: 
SCRIPT ERROR: Invalid call. Nonexistent function 'new' in base 'GDScript'.
   at: _native_guard_arena (res://tests/managed_ordinary_admission_smoke.gd:49)
   GDScript backtrace (most recent call first):
       [0] _native_guard_arena (res://tests/managed_ordinary_admission_smoke.gd:49)
       [1] _state_matrix (res://tests/managed_ordinary_admission_smoke.gd:121)
       [2] _run (res://tests/managed_ordinary_admission_smoke.gd:17)
SCRIPT ERROR: Invalid access to property or key 'player' on a base object of type 'Dictionary'.
   at: _response (res://tests/authored_echo_playback_smoke.gd:375)
   GDScript backtrace (most recent call first):
       [0] _response (res://tests/authored_echo_playback_smoke.gd:375)
       [1] _ordinary_response (res://tests/managed_ordinary_admission_smoke.gd:68)
       [2] _state_matrix (res://tests/managed_ordinary_admission_smoke.gd:123)
       [3] _run (res://tests/managed_ordinary_admission_smoke.gd:17)
SCRIPT ERROR: Invalid access to property or key 'world' on a base object of type 'Dictionary'.
   at: _ordinary_response (res://tests/managed_ordinary_admission_smoke.gd:69)
   GDScript backtrace (most recent call first):
       [0] _ordinary_response (res://tests/managed_ordinary_admission_smoke.gd:69)
       [1] _state_matrix (res://tests/managed_ordinary_admission_smoke.gd:123)
       [2] _run (res://tests/managed_ordinary_admission_smoke.gd:17)
SCRIPT ERROR: Invalid access to property or key 'actor' on a base object of type 'Dictionary'.
   at: _state_matrix (res://tests/managed_ordinary_admission_smoke.gd:124)
   GDScript backtrace (most recent call first):
       [0] _state_matrix (res://tests/managed_ordinary_admission_smoke.gd:124)
       [1] _run (res://tests/managed_ordinary_admission_smoke.gd:17)
PASS: actual lifecycle Scheduler begins one retained native encounter
PASS: actual immutable HP32 source retains own native renderer, recipe and actual floor environment
PASS: actual lifecycle source configures its genuine first authored program: 
SCRIPT ERROR: Invalid call. Nonexistent function 'initialize_source (via call)' in base 'CharacterBody3D'.
   at: _native_guard_arena (res://tests/managed_ordinary_admission_smoke.gd:56)
   GDScript backtrace (most recent call first):
       [0] _native_guard_arena (res://tests/managed_ordinary_admission_smoke.gd:56)
       [1] _state_matrix (res://tests/managed_ordinary_admission_smoke.gd:121)
       [2] _run (res://tests/managed_ordinary_admission_smoke.gd:18)
SCRIPT ERROR: Invalid access to property or key 'player' on a base object of type 'Dictionary'.
   at: _response (res://tests/authored_echo_playback_smoke.gd:375)
   GDScript backtrace (most recent call first):
       [0] _response (res://tests/authored_echo_playback_smoke.gd:375)
       [1] _ordinary_response (res://tests/managed_ordinary_admission_smoke.gd:68)
       [2] _state_matrix (res://tests/managed_ordinary_admission_smoke.gd:123)
       [3] _run (res://tests/managed_ordinary_admission_smoke.gd:18)
SCRIPT ERROR: Invalid access to property or key 'world' on a base object of type 'Dictionary'.
   at: _ordinary_response (res://tests/managed_ordinary_admission_smoke.gd:69)
   GDScript backtrace (most recent call first):
       [0] _ordinary_response (res://tests/managed_ordinary_admission_smoke.gd:69)
       [1] _state_matrix (res://tests/managed_ordinary_admission_smoke.gd:123)
       [2] _run (res://tests/managed_ordinary_admission_smoke.gd:18)
SCRIPT ERROR: Invalid access to property or key 'actor' on a base object of type 'Dictionary'.
   at: _state_matrix (res://tests/managed_ordinary_admission_smoke.gd:124)
   GDScript backtrace (most recent call first):
       [0] _state_matrix (res://tests/managed_ordinary_admission_smoke.gd:124)
       [1] _run (res://tests/managed_ordinary_admission_smoke.gd:18)
PASS: actual lifecycle Scheduler begins one retained native encounter
PASS: actual immutable HP32 source retains own native renderer, recipe and actual floor environment
PASS: actual lifecycle source configures its genuine first authored program: 
SCRIPT ERROR: Invalid call. Nonexistent function 'new' in base 'GDScript'.
   at: _native_guard_arena (res://tests/managed_ordinary_admission_smoke.gd:49)
   GDScript backtrace (most recent call first):
       [0] _native_guard_arena (res://tests/managed_ordinary_admission_smoke.gd:49)
       [1] _handshake_reentry (res://tests/managed_ordinary_admission_smoke.gd:189)
       [2] _run (res://tests/managed_ordinary_admission_smoke.gd:19)
SCRIPT ERROR: Invalid access to property or key 'player' on a base object of type 'Dictionary'.
   at: _response (res://tests/authored_echo_playback_smoke.gd:375)
   GDScript backtrace (most recent call first):
       [0] _response (res://tests/authored_echo_playback_smoke.gd:375)
       [1] _ordinary_response (res://tests/managed_ordinary_admission_smoke.gd:68)
       [2] _handshake_reentry (res://tests/managed_ordinary_admission_smoke.gd:191)
       [3] _run (res://tests/managed_ordinary_admission_smoke.gd:19)
SCRIPT ERROR: Invalid access to property or key 'world' on a base object of type 'Dictionary'.
   at: _ordinary_response (res://tests/managed_ordinary_admission_smoke.gd:69)
   GDScript backtrace (most recent call first):
       [0] _ordinary_response (res://tests/managed_ordinary_admission_smoke.gd:69)
       [1] _handshake_reentry (res://tests/managed_ordinary_admission_smoke.gd:191)
       [2] _run (res://tests/managed_ordinary_admission_smoke.gd:19)
SCRIPT ERROR: Invalid access to property or key 'actor' on a base object of type 'Dictionary'.
   at: _handshake_reentry (res://tests/managed_ordinary_admission_smoke.gd:192)
   GDScript backtrace (most recent call first):
       [0] _handshake_reentry (res://tests/managed_ordinary_admission_smoke.gd:192)
       [1] _run (res://tests/managed_ordinary_admission_smoke.gd:19)
PASS: actual lifecycle Scheduler begins one retained native encounter
PASS: actual immutable HP32 source retains own native renderer, recipe and actual floor environment
PASS: actual lifecycle source configures its genuine first authored program: 
SCRIPT ERROR: Invalid call. Nonexistent function 'initialize_source (via call)' in base 'CharacterBody3D'.
   at: _native_guard_arena (res://tests/managed_ordinary_admission_smoke.gd:56)
   GDScript backtrace (most recent call first):
       [0] _native_guard_arena (res://tests/managed_ordinary_admission_smoke.gd:56)
       [1] _handshake_reentry (res://tests/managed_ordinary_admission_smoke.gd:189)
       [2] _run (res://tests/managed_ordinary_admission_smoke.gd:20)
SCRIPT ERROR: Invalid access to property or key 'player' on a base object of type 'Dictionary'.
   at: _response (res://tests/authored_echo_playback_smoke.gd:375)
   GDScript backtrace (most recent call first):
       [0] _response (res://tests/authored_echo_playback_smoke.gd:375)
       [1] _ordinary_response (res://tests/managed_ordinary_admission_smoke.gd:68)
       [2] _handshake_reentry (res://tests/managed_ordinary_admission_smoke.gd:191)
       [3] _run (res://tests/managed_ordinary_admission_smoke.gd:20)
SCRIPT ERROR: Invalid access to property or key 'world' on a base object of type 'Dictionary'.
   at: _ordinary_response (res://tests/managed_ordinary_admission_smoke.gd:69)
   GDScript backtrace (most recent call first):
       [0] _ordinary_response (res://tests/managed_ordinary_admission_smoke.gd:69)
       [1] _handshake_reentry (res://tests/managed_ordinary_admission_smoke.gd:191)
       [2] _run (res://tests/managed_ordinary_admission_smoke.gd:20)
SCRIPT ERROR: Invalid access to property or key 'actor' on a base object of type 'Dictionary'.
   at: _handshake_reentry (res://tests/managed_ordinary_admission_smoke.gd:192)
   GDScript backtrace (most recent call first):
       [0] _handshake_reentry (res://tests/managed_ordinary_admission_smoke.gd:192)
       [1] _run (res://tests/managed_ordinary_admission_smoke.gd:20)
Managed ordinary corrected guard: 21 checks, 0 failures; isolated actual native admission/custody controls
