Godot Engine v4.7.2.stable.official.ed1daf0bf - https://godotengine.org
TextServer: Added interface "Dummy"
TextServer: Added interface "ICU / HarfBuzz / Graphite (Built-in)"
SDL: Init OK!
Using "default" pen tablet driver...

TextServer: Primary interface set to: "ICU / HarfBuzz / Graphite (Built-in)".
CORE API HASH: 2004498165
EDITOR API HASH: 1696660745
Loading resource: res://.cinder/managed-ordinary-guard-draft/managed_ordinary_original.gd remapped: res://.cinder/managed-ordinary-guard-draft/managed_ordinary_original.gd
Loading resource: res://scenes/player.tscn remapped: res://scenes/player.tscn
Loading resource: res://scripts/player.gd remapped: res://scripts/player.gd
Completed load for: 'res://scripts/player.gd' remapped 'res://scripts/player.gd' at thread -1
Completed load for: 'res://scenes/player.tscn' remapped 'res://scenes/player.tscn' at thread -1
Loading resource: res://scenes/practice_target.tscn remapped: res://scenes/practice_target.tscn
Loading resource: res://scripts/practice_target.gd remapped: res://scripts/practice_target.gd
Completed load for: 'res://scripts/practice_target.gd' remapped 'res://scripts/practice_target.gd' at thread -1
Completed load for: 'res://scenes/practice_target.tscn' remapped 'res://scenes/practice_target.tscn' at thread -1
Loading resource: res://scenes/lab_arena.tscn remapped: res://scenes/lab_arena.tscn
Completed load for: 'res://scenes/lab_arena.tscn' remapped 'res://scenes/lab_arena.tscn' at thread -1
Completed load for: 'res://.cinder/managed-ordinary-guard-draft/managed_ordinary_original.gd' remapped 'res://.cinder/managed-ordinary-guard-draft/managed_ordinary_original.gd' at thread -1
SceneTreeFTI: traversal method DEFAULT
ERROR: Condition "ret != noErr" is true. Returning: ""
   at: get_system_ca_certificates (platform/macos/os_macos.mm:1035)
Loaded builtin CA certificates
ORIGINAL managed ordinary-admission regression; expected exit1 on vulnerable Scheduler. No capture/history/body/clock seeds; no campaign claim.
PASS: actual lifecycle Scheduler begins one retained native encounter
PASS: TEST ONLY paused initial zero-ammo seed, no post-admission resources assignment
PASS: actual immutable HP32 source retains own native renderer, recipe and actual floor environment
PASS: actual lifecycle source configures its genuine first authored program: 
PASS: public first opt-in retains actual owner/Hero/controller with no previous lease/history: 
PASS: first ready generation is exactly one with no invented terminal receipt
PASS: genuine current native first-ready managed owner has a valid whole-unit snapshot and no ordinary lease/cooldown
PASS: public prospective stationary query remains diagnostic-pure
ERROR: FAIL: SECURITY: genuinely managed cycle-ready owner must not obtain an ordinary stationary preview
   at: push_error (core/variant/variant_utility.cpp:1023)
   GDScript backtrace (most recent call first):
       [0] _expect (res://tests/authored_echo_playback_smoke.gd:597)
       [1] _run (res://.cinder/managed-ordinary-guard-draft/managed_ordinary_original.gd:24)
       [2] _arena (res://tests/authored_echo_lifecycle_smoke.gd:107)
ERROR: FAIL: SECURITY: paired ordinary request must not admit an out-of-journal lease for the managed owner
   at: push_error (core/variant/variant_utility.cpp:1023)
   GDScript backtrace (most recent call first):
       [0] _expect (res://tests/authored_echo_playback_smoke.gd:597)
       [1] _run (res://.cinder/managed-ordinary-guard-draft/managed_ordinary_original.gd:26)
       [2] _arena (res://tests/authored_echo_lifecycle_smoke.gd:107)
ORIGINAL_MANAGED_ORDINARY_OBSERVATION 
ERROR: FAIL: SECURITY: ordinary refusal retains original valid journal/snapshot/clock/serial/cooldown/resources
   at: push_error (core/variant/variant_utility.cpp:1023)
   GDScript backtrace (most recent call first):
       [0] _expect (res://tests/authored_echo_playback_smoke.gd:597)
       [1] _run (res://.cinder/managed-ordinary-guard-draft/managed_ordinary_original.gd:29)
       [2] _arena (res://tests/authored_echo_lifecycle_smoke.gd:107)
Managed ordinary ORIGINAL regression: 11 checks, 3 failures; a vulnerable original is expected to fail, no repaired scope claimed
