Godot Engine v4.7.2.stable.official.ed1daf0bf - https://godotengine.org

ERROR: Condition "ret != noErr" is true. Returning: ""
   at: get_system_ca_certificates (platform/macos/os_macos.mm:1035)
ORIGINAL managed ordinary-admission regression; expected exit1 on vulnerable Scheduler. No capture/history/body/clock seeds; no campaign claim.
PASS: actual lifecycle Scheduler begins one retained native encounter
PASS: TEST ONLY paused initial zero-ammo seed, no post-admission resources assignment
PASS: actual immutable HP32 source retains own native renderer, recipe and actual floor environment
PASS: actual lifecycle source configures its genuine first authored program: 
PASS: public first opt-in retains actual owner/Hero/controller with no previous lease/history: 
PASS: first ready generation is exactly one with no invented terminal receipt
PASS: genuine current native first-ready managed owner has a valid whole-unit snapshot and no ordinary lease/cooldown
PASS: public prospective stationary query remains diagnostic-pure
ERROR: FAIL: SECURITY: genuinely managed cycle-ready owner must not obtain an ordinary stationary preview
   at: push_error (core/variant/variant_utility.cpp:1023)
   GDScript backtrace (most recent call first):
       [0] _expect (res://tests/authored_echo_playback_smoke.gd:597)
       [1] _run (res://.cinder/managed-ordinary-root-patch/original2.gd:24)
       [2] _arena (res://tests/authored_echo_lifecycle_smoke.gd:107)
ERROR: FAIL: SECURITY: paired ordinary request must not admit an out-of-journal lease for the managed owner
   at: push_error (core/variant/variant_utility.cpp:1023)
   GDScript backtrace (most recent call first):
       [0] _expect (res://tests/authored_echo_playback_smoke.gd:597)
       [1] _run (res://.cinder/managed-ordinary-root-patch/original2.gd:26)
       [2] _arena (res://tests/authored_echo_lifecycle_smoke.gd:107)
ERROR: FAIL: original native diagnostic payload has complete closed exact encoding
   at: push_error (core/variant/variant_utility.cpp:1023)
   GDScript backtrace (most recent call first):
       [0] _expect (res://tests/authored_echo_playback_smoke.gd:597)
       [1] _run (res://.cinder/managed-ordinary-root-patch/original2.gd:29)
       [2] _arena (res://tests/authored_echo_lifecycle_smoke.gd:107)
ORIGINAL_MANAGED_ORDINARY_OBSERVATION 
ERROR: FAIL: SECURITY: ordinary refusal retains original valid journal/snapshot/clock/serial/cooldown/resources
   at: push_error (core/variant/variant_utility.cpp:1023)
   GDScript backtrace (most recent call first):
       [0] _expect (res://tests/authored_echo_playback_smoke.gd:597)
       [1] _run (res://.cinder/managed-ordinary-root-patch/original2.gd:31)
       [2] _arena (res://tests/authored_echo_lifecycle_smoke.gd:107)
Managed ordinary ORIGINAL regression: 12 checks, 4 failures; a vulnerable original is expected to fail, no repaired scope claimed
