Waiting for the shared Godot session to close…
Godot Engine v4.7.2.stable.official.ed1daf0bf - https://godotengine.org

ERROR: Condition "ret != noErr" is true. Returning: ""
   at: get_system_ca_certificates (platform/macos/os_macos.mm:1035)
PASS: actual capture arms at a stable paused shared-player boundary
PASS: fixture freezes actual collision-resolved completed combinations
PASS: actual canonical capture seals an immutable one/two-slot sequence: 
PASS: fresh physical consumer configures from exact immutable captured records
PASS: actual scheduler admits one exclusive whole replay witness: 
PASS: parent transfers every sealed slot exactly once before exposing playback bind
PASS: one-player consumer rejects duplicate alias bindings
PASS: unarmed lease binds exactly its proved actual shared player
PASS: preview retains all exact ordered absolute samples and original instantaneous cone data without a visibility claim
PASS: apparition uses shared act3 cosmetic artwork and has no physical collider
PASS: native preview is a defensive nested copy
PASS: unarmed warning is harmless and has no moving ghost
PASS: actual lock receives a fresh complete whole-sequence proof: 
PASS: consumer synchronizes exact actual lock without request, reproof or retiming: 
PASS: consumer arms only from the real freshly committed full-lead lease
PASS: actual scheduler-driven dash playback is harmless even with the live hero on its path
PASS: only the nonblocking render root follows the exact original world route while shared sprite feet offset and lease source stay fixed
PASS: real ordinary-primary replay resolves its canonical damage once against a live body
PASS: prefix and opportunity commit before nested callbacks and equal-clock calls cannot duplicate damage
PASS: actual take_damage callback cannot nest a second delivery before the outer event signal
PASS: even paused callback capture rejects until the explicit deferred transaction barrier
PASS: replay consumes no blast ammo and publishes no player action/capture recursion
PASS: contact opportunity is retained before the damage callback
PASS: attack source uses original world origin and static weapon while preserving the common cosmetic feet pivot
PASS: cosmetic shared slow slash continues beyond logical commitment without another damage event
PASS: paused actor/scheduler/playback boundary yields a strict paired snapshot: 
PASS: wall time under pause advances neither scheduler, cursor, opportunity nor damage
PASS: full recovery ends without another ghost or attack
PASS: retained completed owner follows later aggregate clocks without redelivery and remains snapshot coherent
PASS: actual capture arms at a stable paused shared-player boundary
PASS: fixture freezes actual collision-resolved completed combinations
PASS: actual canonical capture seals an immutable one/two-slot sequence: 
PASS: fresh physical consumer configures from exact immutable captured records
PASS: actual scheduler admits one exclusive whole replay witness: 
PASS: parent transfers every sealed slot exactly once before exposing playback bind
PASS: one-player consumer rejects duplicate alias bindings
PASS: unarmed lease binds exactly its proved actual shared player
PASS: actual lock receives a fresh complete whole-sequence proof: 
PASS: consumer synchronizes exact actual lock without request, reproof or retiming: 
PASS: fixture contains an actual independently aimed optional blast rather than a derived slash aim
PASS: equal-time actual primary/blast batch latches the complete two-event prefix before either callback
PASS: live geometry uses each independent recorded cone; missed primary and contacted blast both consume opportunities
PASS: nested callbacks cannot replay either event from an already latched batch
PASS: inter-echo gap has no ghost or fabricated travel between separate absolute origins
PASS: second sequential apparition retains its own legal static equipment
PASS: at most two captured combinations complete with no third slot, ammo use or proc
PASS: actual capture arms at a stable paused shared-player boundary
PASS: fixture freezes actual collision-resolved completed combinations
PASS: actual canonical capture seals an immutable one/two-slot sequence: 
PASS: fresh physical consumer configures from exact immutable captured records
PASS: actual scheduler admits one exclusive whole replay witness: 
PASS: parent transfers every sealed slot exactly once before exposing playback bind
PASS: one-player consumer rejects duplicate alias bindings
PASS: unarmed lease binds exactly its proved actual shared player
PASS: preexisting wall-shortened actual landing including its original Y remains untouched
PASS: actual lock receives a fresh complete whole-sequence proof: 
PASS: consumer synchronizes exact actual lock without request, reproof or retiming: 
PASS: actual scenery LOS blocks the original canonical cone without retrying that spent event
PASS: moving out of LOS shelter afterward cannot reopen a consumed opportunity
PASS: origin disk accepts an actual target behind the direction within the canonical radius
PASS: outside origin disk an actual target behind the cone misses
PASS: live target above canonical vertical range misses
PASS: live target beyond canonical radial reach misses
PASS: actual capture arms at a stable paused shared-player boundary
PASS: fixture freezes actual collision-resolved completed combinations
PASS: actual canonical capture seals an immutable one/two-slot sequence: 
PASS: fresh physical consumer configures from exact immutable captured records
PASS: actual scheduler admits one exclusive whole replay witness: 
PASS: parent transfers every sealed slot exactly once before exposing playback bind
PASS: one-player consumer rejects duplicate alias bindings
PASS: unarmed lease binds exactly its proved actual shared player
PASS: actual lock receives a fresh complete whole-sequence proof: 
PASS: consumer synchronizes exact actual lock without request, reproof or retiming: 
PASS: actual hurt invulnerability can reject HP damage but still consumes its contacted canonical opportunity
PASS: invulnerable target receives no retry after its spent event
PASS: actual capture arms at a stable paused shared-player boundary
PASS: fixture freezes actual collision-resolved completed combinations
PASS: actual canonical capture seals an immutable one/two-slot sequence: 
PASS: fresh physical consumer configures from exact immutable captured records
PASS: actual scheduler admits one exclusive whole replay witness: 
PASS: parent transfers every sealed slot exactly once before exposing playback bind
PASS: one-player consumer rejects duplicate alias bindings
PASS: unarmed lease binds exactly its proved actual shared player
PASS: actual lock receives a fresh complete whole-sequence proof: 
PASS: consumer synchronizes exact actual lock without request, reproof or retiming: 
PASS: .05 grace plus only half canonical epsilon accepts a real canonical event once
PASS: actual capture arms at a stable paused shared-player boundary
PASS: fixture freezes actual collision-resolved completed combinations
PASS: actual canonical capture seals an immutable one/two-slot sequence: 
PASS: fresh physical consumer configures from exact immutable captured records
PASS: actual scheduler admits one exclusive whole replay witness: 
PASS: parent transfers every sealed slot exactly once before exposing playback bind
PASS: one-player consumer rejects duplicate alias bindings
PASS: unarmed lease binds exactly its proved actual shared player
PASS: actual lock receives a fresh complete whole-sequence proof: 
PASS: consumer synchronizes exact actual lock without request, reproof or retiming: 
PASS: just beyond .05+canonical epsilon rejects the whole batch before any prefix, opportunity or HP mutation
PASS: late delivery visibly cancels the exact lease
PASS: canceled checkpoint retains exact cancellation identity and conservative source cooldown: 
PASS: forged cancellation reason cannot authorize skipped attacks
PASS: paired exact tagged JSON preserves every finite scalar bit and native type
PASS: paired exact tagged JSON preserves every finite scalar bit and native type
PASS: fresh canceled pair prevalidates exact tombstone and frozen prefix without rearming
PASS: paired exact tagged JSON preserves every finite scalar bit and native type
PASS: paired exact tagged JSON preserves every finite scalar bit and native type
PASS: paired exact tagged JSON preserves every finite scalar bit and native type
PASS: paired exact tagged JSON preserves every finite scalar bit and native type
PASS: fresh actor/scheduler/playback canceled restore commits only retained cancellation history
PASS: restored canceled sequence delivers no skipped attack, HP loss or callback
PASS: actual capture arms at a stable paused shared-player boundary
PASS: fixture freezes actual collision-resolved completed combinations
PASS: actual canonical capture seals an immutable one/two-slot sequence: 
PASS: fresh physical consumer configures from exact immutable captured records
PASS: actual scheduler admits one exclusive whole replay witness: 
PASS: parent transfers every sealed slot exactly once before exposing playback bind
PASS: one-player consumer rejects duplicate alias bindings
PASS: unarmed lease binds exactly its proved actual shared player
PASS: actual lock receives a fresh complete whole-sequence proof: 
PASS: consumer synchronizes exact actual lock without request, reproof or retiming: 
PASS: unannounced live collision mutation fails visibly before event-prefix or damage delivery
PASS: actual capture arms at a stable paused shared-player boundary
PASS: fixture freezes actual collision-resolved completed combinations
PASS: actual canonical capture seals an immutable one/two-slot sequence: 
PASS: fresh physical consumer configures from exact immutable captured records
PASS: actual scheduler admits one exclusive whole replay witness: 
PASS: parent transfers every sealed slot exactly once before exposing playback bind
PASS: one-player consumer rejects duplicate alias bindings
PASS: unarmed lease binds exactly its proved actual shared player
PASS: actual lock receives a fresh complete whole-sequence proof: 
PASS: consumer synchronizes exact actual lock without request, reproof or retiming: 
PASS: one overdue earlier event rejects ALL due events including an exactly timely second slot before any prefix
PASS: actual capture arms at a stable paused shared-player boundary
PASS: fixture freezes actual collision-resolved completed combinations
PASS: actual canonical capture seals an immutable one/two-slot sequence: 
PASS: fresh physical consumer configures from exact immutable captured records
PASS: actual scheduler admits one exclusive whole replay witness: 
PASS: parent transfers every sealed slot exactly once before exposing playback bind
PASS: one-player consumer rejects duplicate alias bindings
PASS: unarmed lease binds exactly its proved actual shared player
PASS: actual lock receives a fresh complete whole-sequence proof: 
PASS: consumer synchronizes exact actual lock without request, reproof or retiming: 
PASS: paired exact tagged JSON preserves every finite scalar bit and native type
PASS: paired exact tagged JSON preserves every finite scalar bit and native type
PASS: paired exact tagged JSON preserves every finite scalar bit and native type
PASS: actual paused mid-route aggregate encodes to finite JSON without consuming a future attack
PASS: invalid paired source_epoch rejects atomically
PASS: invalid paired generation rejects atomically
PASS: invalid paired hero_id rejects atomically
PASS: invalid paired reservation_id rejects atomically
PASS: invalid paired clock_s rejects atomically
PASS: retimed immutable arm origin rejects atomically
PASS: one-bit paired aggregate clock mutation rejects without generic tolerance
PASS: one-bit immutable event timeline mutation rejects without transport tolerance
PASS: malformed nonnumeric cursor clock rejects atomically without conversion or callback
PASS: malformed nonnumeric cursor clock rejects atomically without conversion or callback
PASS: malformed nonnumeric cursor clock rejects atomically without conversion or callback
PASS: malformed nonnumeric cursor clock rejects atomically without conversion or callback
PASS: whole staged paired state prevalidates before any fresh actor/scheduler/playback commit
PASS: consumer commit cannot substitute for actual actor then scheduler restore
PASS: fresh actor then exact saved scheduler lease commit without reproof/rearm
PASS: quiet fresh playback restore recreates identical world pose and emits no cue/damage/action events
PASS: paired playback carries no duplicate player HP/ammo/action state
PASS: restored mid-route continuation consumes the missed primary once before the actual delayed blast
PASS: paired exact tagged JSON preserves every finite scalar bit and native type
PASS: paired exact tagged JSON preserves every finite scalar bit and native type
PASS: idempotent paused restore after consumed damage remains quiet
PASS: equal-clock continuation after restored primary prefix cannot redeliver its opportunity
PASS: restored pending actual blast preserves its original spacing and independent aim, dispatching once
PASS: actual capture arms at a stable paused shared-player boundary
PASS: fixture freezes actual collision-resolved completed combinations
PASS: actual canonical capture seals an immutable one/two-slot sequence: 
PASS: fresh physical consumer configures from exact immutable captured records
PASS: actual scheduler admits one exclusive whole replay witness: 
PASS: parent transfers every sealed slot exactly once before exposing playback bind
PASS: one-player consumer rejects duplicate alias bindings
PASS: unarmed lease binds exactly its proved actual shared player
PASS: actual lock receives a fresh complete whole-sequence proof: 
PASS: consumer synchronizes exact actual lock without request, reproof or retiming: 
PASS: held cue pause stops the exact callback remainder without losing its consumed canonical batch
PASS: held cue pause exposes exact conditional pending schema2 instead of pretending all callbacks finished
PASS: same-clock resume drains held cue suffix once without republishing its delivered prefix0
PASS: actual capture arms at a stable paused shared-player boundary
PASS: fixture freezes actual collision-resolved completed combinations
PASS: actual canonical capture seals an immutable one/two-slot sequence: 
PASS: fresh physical consumer configures from exact immutable captured records
PASS: actual scheduler admits one exclusive whole replay witness: 
PASS: parent transfers every sealed slot exactly once before exposing playback bind
PASS: one-player consumer rejects duplicate alias bindings
PASS: unarmed lease binds exactly its proved actual shared player
PASS: actual lock receives a fresh complete whole-sequence proof: 
PASS: consumer synchronizes exact actual lock without request, reproof or retiming: 
PASS: held event pause stops the exact callback remainder without losing its consumed canonical batch
PASS: held event pause exposes exact conditional pending schema2 instead of pretending all callbacks finished
PASS: same-clock resume drains held event suffix once without republishing its delivered prefix1
PASS: actual capture arms at a stable paused shared-player boundary
PASS: fixture freezes actual collision-resolved completed combinations
PASS: actual canonical capture seals an immutable one/two-slot sequence: 
PASS: fresh physical consumer configures from exact immutable captured records
PASS: actual scheduler admits one exclusive whole replay witness: 
PASS: parent transfers every sealed slot exactly once before exposing playback bind
PASS: one-player consumer rejects duplicate alias bindings
PASS: unarmed lease binds exactly its proved actual shared player
PASS: actual lock receives a fresh complete whole-sequence proof: 
PASS: consumer synchronizes exact actual lock without request, reproof or retiming: 
PASS: held hurt pause stops the exact callback remainder without losing its consumed canonical batch
PASS: held hurt pause exposes exact conditional pending schema2 instead of pretending all callbacks finished
PASS: same-clock resume drains held hurt suffix once without republishing its delivered prefix0
PASS: actual capture arms at a stable paused shared-player boundary
PASS: fixture freezes actual collision-resolved completed combinations
PASS: actual canonical capture seals an immutable one/two-slot sequence: 
PASS: fresh physical consumer configures from exact immutable captured records
PASS: actual scheduler admits one exclusive whole replay witness: 
PASS: parent transfers every sealed slot exactly once before exposing playback bind
PASS: one-player consumer rejects duplicate alias bindings
PASS: unarmed lease binds exactly its proved actual shared player
PASS: actual lock receives a fresh complete whole-sequence proof: 
PASS: consumer synchronizes exact actual lock without request, reproof or retiming: 
PASS: required cue hide during active observer cancels before any damage/event and retains exact cooldown provenance
PASS: actual capture arms at a stable paused shared-player boundary
PASS: fixture freezes actual collision-resolved completed combinations
PASS: actual canonical capture seals an immutable one/two-slot sequence: 
PASS: fresh physical consumer configures from exact immutable captured records
PASS: actual scheduler admits one exclusive whole replay witness: 
PASS: parent transfers every sealed slot exactly once before exposing playback bind
PASS: one-player consumer rejects duplicate alias bindings
PASS: unarmed lease binds exactly its proved actual shared player
PASS: actual lock receives a fresh complete whole-sequence proof: 
PASS: consumer synchronizes exact actual lock without request, reproof or retiming: 
PASS: required cue outline during active observer cancels before any damage/event and retains exact cooldown provenance
PASS: actual capture arms at a stable paused shared-player boundary
PASS: fixture freezes actual collision-resolved completed combinations
PASS: actual canonical capture seals an immutable one/two-slot sequence: 
PASS: fresh physical consumer configures from exact immutable captured records
PASS: actual scheduler admits one exclusive whole replay witness: 
PASS: parent transfers every sealed slot exactly once before exposing playback bind
PASS: one-player consumer rejects duplicate alias bindings
PASS: unarmed lease binds exactly its proved actual shared player
PASS: actual lock receives a fresh complete whole-sequence proof: 
PASS: consumer synchronizes exact actual lock without request, reproof or retiming: 
PASS: required cue fill during active observer cancels before any damage/event and retains exact cooldown provenance
PASS: actual capture arms at a stable paused shared-player boundary
PASS: fixture freezes actual collision-resolved completed combinations
PASS: actual canonical capture seals an immutable one/two-slot sequence: 
PASS: fresh physical consumer configures from exact immutable captured records
PASS: actual scheduler admits one exclusive whole replay witness: 
PASS: parent transfers every sealed slot exactly once before exposing playback bind
PASS: one-player consumer rejects duplicate alias bindings
PASS: unarmed lease binds exactly its proved actual shared player
PASS: actual lock receives a fresh complete whole-sequence proof: 
PASS: consumer synchronizes exact actual lock without request, reproof or retiming: 
PASS: required cue clear during active observer cancels before any damage/event and retains exact cooldown provenance
PASS: actual capture arms at a stable paused shared-player boundary
PASS: fixture freezes actual collision-resolved completed combinations
PASS: actual canonical capture seals an immutable one/two-slot sequence: 
PASS: fresh physical consumer configures from exact immutable captured records
PASS: actual scheduler admits one exclusive whole replay witness: 
PASS: parent transfers every sealed slot exactly once before exposing playback bind
PASS: one-player consumer rejects duplicate alias bindings
PASS: unarmed lease binds exactly its proved actual shared player
PASS: actual lock receives a fresh complete whole-sequence proof: 
PASS: consumer synchronizes exact actual lock without request, reproof or retiming: 
PASS: actual death observer terminates remaining echo/hit/event callbacks immediately
PASS: death captures exact coherent actor/scheduler/playback unit: 
ERROR: FAIL: death writes a real isolated exact format2 save: Cannot open temporary save
   at: push_error (core/variant/variant_utility.cpp:1023)
   GDScript backtrace (most recent call first):
       [0] _expect (res://tests/replay_playback_smoke.gd:1042)
       [1] _save_pair (res://tests/replay_playback_smoke.gd:783)
       [2] _callback_boundaries (res://tests/replay_playback_smoke.gd:461)
ERROR: FAIL: death disk roundtrip preserves exact pending unit clocks/types/receipts
   at: push_error (core/variant/variant_utility.cpp:1023)
   GDScript backtrace (most recent call first):
       [0] _expect (res://tests/replay_playback_smoke.gd:1042)
       [1] _save_pair (res://tests/replay_playback_smoke.gd:785)
       [2] _callback_boundaries (res://tests/replay_playback_smoke.gd:461)
PASS: actual capture arms at a stable paused shared-player boundary
PASS: fixture freezes actual collision-resolved completed combinations
PASS: actual canonical capture seals an immutable one/two-slot sequence: 
PASS: fresh physical consumer configures from exact immutable captured records
PASS: actual scheduler admits one exclusive whole replay witness: 
PASS: parent transfers every sealed slot exactly once before exposing playback bind
PASS: one-player consumer rejects duplicate alias bindings
PASS: unarmed lease binds exactly its proved actual shared player
PASS: held first warning cue stops before the final playback state callback
PASS: warning captures exact coherent actor/scheduler/playback unit: 
ERROR: FAIL: warning writes a real isolated exact format2 save: Cannot open temporary save
   at: push_error (core/variant/variant_utility.cpp:1023)
   GDScript backtrace (most recent call first):
       [0] _expect (res://tests/replay_playback_smoke.gd:1042)
       [1] _save_pair (res://tests/replay_playback_smoke.gd:783)
       [2] _held_phase_restore (res://tests/replay_playback_smoke.gd:500)
ERROR: FAIL: warning disk roundtrip preserves exact pending unit clocks/types/receipts
   at: push_error (core/variant/variant_utility.cpp:1023)
   GDScript backtrace (most recent call first):
       [0] _expect (res://tests/replay_playback_smoke.gd:1042)
       [1] _save_pair (res://tests/replay_playback_smoke.gd:785)
       [2] _held_phase_restore (res://tests/replay_playback_smoke.gd:500)
PASS: actual capture arms at a stable paused shared-player boundary
PASS: fixture freezes actual collision-resolved completed combinations
PASS: actual canonical capture seals an immutable one/two-slot sequence: 
PASS: fresh physical consumer configures from exact immutable captured records
PASS: actual scheduler admits one exclusive whole replay witness: 
PASS: parent transfers every sealed slot exactly once before exposing playback bind
PASS: one-player consumer rejects duplicate alias bindings
PASS: unarmed lease binds exactly its proved actual shared player
PASS: actual lock receives a fresh complete whole-sequence proof: 
PASS: consumer synchronizes exact actual lock without request, reproof or retiming: 
PASS: held first lock cue stops before the final playback state callback
PASS: lock captures exact coherent actor/scheduler/playback unit: 
ERROR: FAIL: lock writes a real isolated exact format2 save: Cannot open temporary save
   at: push_error (core/variant/variant_utility.cpp:1023)
   GDScript backtrace (most recent call first):
       [0] _expect (res://tests/replay_playback_smoke.gd:1042)
       [1] _save_pair (res://tests/replay_playback_smoke.gd:783)
       [2] _held_phase_restore (res://tests/replay_playback_smoke.gd:500)
ERROR: FAIL: lock disk roundtrip preserves exact pending unit clocks/types/receipts
   at: push_error (core/variant/variant_utility.cpp:1023)
   GDScript backtrace (most recent call first):
       [0] _expect (res://tests/replay_playback_smoke.gd:1042)
       [1] _save_pair (res://tests/replay_playback_smoke.gd:785)
       [2] _held_phase_restore (res://tests/replay_playback_smoke.gd:500)
PASS: actual capture arms at a stable paused shared-player boundary
PASS: fixture freezes actual collision-resolved completed combinations
PASS: actual canonical capture seals an immutable one/two-slot sequence: 
PASS: fresh physical consumer configures from exact immutable captured records
PASS: actual scheduler admits one exclusive whole replay witness: 
PASS: parent transfers every sealed slot exactly once before exposing playback bind
PASS: one-player consumer rejects duplicate alias bindings
PASS: unarmed lease binds exactly its proved actual shared player
PASS: actual lock receives a fresh complete whole-sequence proof: 
PASS: consumer synchronizes exact actual lock without request, reproof or retiming: 
PASS: cue-dash captures exact coherent actor/scheduler/playback unit: 
ERROR: FAIL: cue-dash writes a real isolated exact format2 save: Cannot open temporary save
   at: push_error (core/variant/variant_utility.cpp:1023)
   GDScript backtrace (most recent call first):
       [0] _expect (res://tests/replay_playback_smoke.gd:1042)
       [1] _save_pair (res://tests/replay_playback_smoke.gd:783)
       [2] _pending_fresh_restore (res://tests/replay_playback_smoke.gd:551)
ERROR: FAIL: cue-dash disk roundtrip preserves exact pending unit clocks/types/receipts
   at: push_error (core/variant/variant_utility.cpp:1023)
   GDScript backtrace (most recent call first):
       [0] _expect (res://tests/replay_playback_smoke.gd:1042)
       [1] _save_pair (res://tests/replay_playback_smoke.gd:785)
       [2] _pending_fresh_restore (res://tests/replay_playback_smoke.gd:551)
PASS: actual capture arms at a stable paused shared-player boundary
PASS: fixture freezes actual collision-resolved completed combinations
PASS: actual canonical capture seals an immutable one/two-slot sequence: 
PASS: fresh physical consumer configures from exact immutable captured records
PASS: actual scheduler admits one exclusive whole replay witness: 
PASS: parent transfers every sealed slot exactly once before exposing playback bind
PASS: one-player consumer rejects duplicate alias bindings
PASS: unarmed lease binds exactly its proved actual shared player
PASS: actual lock receives a fresh complete whole-sequence proof: 
PASS: consumer synchronizes exact actual lock without request, reproof or retiming: 
PASS: near-grace holds a consumed final event before its actual damage attempt
PASS: bounded later-priority fixture delivers on exactly one real resumed physics tick
PASS: valid near-grace contact survives one normal resumed physics tick without recharging original scheduled admission: running/ calls=["primary"]
PASS: near-grace resume retains exact original contact clocks
PASS: actual capture arms at a stable paused shared-player boundary
PASS: fixture freezes actual collision-resolved completed combinations
PASS: actual canonical capture seals an immutable one/two-slot sequence: 
PASS: fresh physical consumer configures from exact immutable captured records
PASS: actual scheduler admits one exclusive whole replay witness: 
PASS: parent transfers every sealed slot exactly once before exposing playback bind
PASS: one-player consumer rejects duplicate alias bindings
PASS: unarmed lease binds exactly its proved actual shared player
PASS: actual lock receives a fresh complete whole-sequence proof: 
PASS: consumer synchronizes exact actual lock without request, reproof or retiming: 
PASS: drain-late holds a consumed final event before its actual damage attempt
PASS: drain-late cannot mark an undelivered final suffix complete or deliver delayed damage
PASS: expired-drain captures exact coherent actor/scheduler/playback unit: 
ERROR: FAIL: expired-drain writes a real isolated exact format2 save: Cannot open temporary save
   at: push_error (core/variant/variant_utility.cpp:1023)
   GDScript backtrace (most recent call first):
       [0] _expect (res://tests/replay_playback_smoke.gd:1042)
       [1] _save_pair (res://tests/replay_playback_smoke.gd:783)
       [2] _pending_expiry (res://tests/replay_playback_smoke.gd:657)
ERROR: FAIL: expired-drain disk roundtrip preserves exact pending unit clocks/types/receipts
   at: push_error (core/variant/variant_utility.cpp:1023)
   GDScript backtrace (most recent call first):
       [0] _expect (res://tests/replay_playback_smoke.gd:1042)
       [1] _save_pair (res://tests/replay_playback_smoke.gd:785)
       [2] _pending_expiry (res://tests/replay_playback_smoke.gd:657)
ERROR: FAIL: unpaused drain miss freezes its exact stage/receipt with retained scheduler cancellation cooldown
   at: push_error (core/variant/variant_utility.cpp:1023)
   GDScript backtrace (most recent call first):
       [0] _expect (res://tests/replay_playback_smoke.gd:1042)
       [1] _pending_expiry (res://tests/replay_playback_smoke.gd:658)
PASS: actual capture arms at a stable paused shared-player boundary
PASS: fixture freezes actual collision-resolved completed combinations
PASS: actual canonical capture seals an immutable one/two-slot sequence: 
PASS: fresh physical consumer configures from exact immutable captured records
PASS: actual scheduler admits one exclusive whole replay witness: 
PASS: parent transfers every sealed slot exactly once before exposing playback bind
PASS: one-player consumer rejects duplicate alias bindings
PASS: unarmed lease binds exactly its proved actual shared player
PASS: actual lock receives a fresh complete whole-sequence proof: 
PASS: consumer synchronizes exact actual lock without request, reproof or retiming: 
PASS: lease-expired holds a consumed final event before its actual damage attempt
PASS: lease-expired cannot mark an undelivered final suffix complete or deliver delayed damage
PASS: expired scheduler lease without cancellation provenance fails closed for fresh terminal transport
PASS: actual capture arms at a stable paused shared-player boundary
PASS: fixture freezes actual collision-resolved completed combinations
PASS: actual canonical capture seals an immutable one/two-slot sequence: 
PASS: real exclusive preview admits focused renderer-removal regression
PASS: queued child loss in an unpresented clear suffix cancels before next cue presentation
PASS: actual freed renderer child is safely hidden without Cue.clear dereference
PASS: broken renderer cleanup/resume performs no extra cue callback, attack or damage
PASS: broken transient renderer retains a valid canceled historical receipt without future damage authority
PASS: fresh paused whole pending aggregate prevalidates without actor/scheduler mutation
PASS: fresh real actor then scheduler then pending playback restore is quiet: 
PASS: quiet canceled restore discards transient pose and clears all damaging cues
PASS: fresh pending unit preserves exact actor motion/capture and lease/receipt clock identity
PASS: old actor/scheduler/playback are retired after exact fresh aggregate commit
PASS: intact quiet fresh canceled restore never repairs a broken source into an active threat
PASS: actual capture arms at a stable paused shared-player boundary
PASS: fixture freezes actual collision-resolved completed combinations
PASS: actual canonical capture seals an immutable one/two-slot sequence: 
PASS: fresh physical consumer configures from exact immutable captured records
PASS: actual scheduler admits one exclusive whole replay witness: 
PASS: parent transfers every sealed slot exactly once before exposing playback bind
PASS: one-player consumer rejects duplicate alias bindings
PASS: unarmed lease binds exactly its proved actual shared player
PASS: actual lock receives a fresh complete whole-sequence proof: 
PASS: consumer synchronizes exact actual lock without request, reproof or retiming: 
PASS: clear begins with an actual accepted held pending contact
PASS: paused writer purely rejects actual clear cue authority without healing/mutation/callback
PASS: existing reader cannot use a saved active phase to heal externally clear damage authority
PASS: actual resume after clear cancels without delivering the held contact
PASS: canceled clear preserves immutable undelivered receipt/cooldown rather than granting active authority
PASS: actual capture arms at a stable paused shared-player boundary
PASS: fixture freezes actual collision-resolved completed combinations
PASS: actual canonical capture seals an immutable one/two-slot sequence: 
PASS: fresh physical consumer configures from exact immutable captured records
PASS: actual scheduler admits one exclusive whole replay witness: 
PASS: parent transfers every sealed slot exactly once before exposing playback bind
PASS: one-player consumer rejects duplicate alias bindings
PASS: unarmed lease binds exactly its proved actual shared player
PASS: actual lock receives a fresh complete whole-sequence proof: 
PASS: consumer synchronizes exact actual lock without request, reproof or retiming: 
PASS: hidden begins with an actual accepted held pending contact
PASS: paused writer purely rejects actual hidden cue authority without healing/mutation/callback
PASS: existing reader cannot use a saved active phase to heal externally hidden damage authority
PASS: actual resume after hidden cancels without delivering the held contact
PASS: canceled hidden preserves immutable undelivered receipt/cooldown rather than granting active authority
PASS: actual capture arms at a stable paused shared-player boundary
PASS: fixture freezes actual collision-resolved completed combinations
PASS: actual canonical capture seals an immutable one/two-slot sequence: 
PASS: fresh physical consumer configures from exact immutable captured records
PASS: actual scheduler admits one exclusive whole replay witness: 
PASS: parent transfers every sealed slot exactly once before exposing playback bind
PASS: one-player consumer rejects duplicate alias bindings
PASS: unarmed lease binds exactly its proved actual shared player
PASS: actual lock receives a fresh complete whole-sequence proof: 
PASS: consumer synchronizes exact actual lock without request, reproof or retiming: 
PASS: missing begins with an actual accepted held pending contact
PASS: paused writer purely rejects actual missing cue authority without healing/mutation/callback
PASS: existing reader cannot use a saved active phase to heal externally missing damage authority
PASS: actual resume after missing cancels without delivering the held contact
PASS: canceled missing preserves immutable undelivered receipt/cooldown rather than granting active authority
Replay playback smoke: 406 checks, 11 failures
