Godot Engine v4.7.2.stable.official.ed1daf0bf - https://godotengine.org

ERROR: Condition "ret != noErr" is true. Returning: ""
   at: get_system_ca_certificates (platform/macos/os_macos.mm:1035)
TEST ONLY native lifecycle: same retained HP32 owner, real first/second primaries, actual cooldown/tombstone expiry; paused initial zero ammo may naturally regenerate; no campaign/portrait/OS/human claim
PASS: actual lifecycle Scheduler begins one retained native encounter
PASS: TEST ONLY paused initial zero-ammo seed, no post-admission resources assignment
PASS: actual immutable HP32 source retains own native renderer, recipe and actual floor environment
PASS: actual lifecycle source configures its genuine first authored program: 
PASS: public first opt-in retains actual owner/Hero/controller with no previous lease/history: 
PASS: first ready generation is exactly one with no invented terminal receipt
PASS: immutable initial HP32 and genuine ordinary primary20 make the first hit nonlethal; entry ammo is zero
PASS: actual exclusive stationary source receives complete live-body own-enemy witness: 
PASS: native required footprint derives from exact own source/world/floor program
PASS: projected owner binds exact actual exclusive Player without a capture gate: 
PASS: actual due lock revalidates full lead and current actual Player: 
PASS: own cursor consumes actual canonical lock without retiming or new proof
PASS: actual world dash moves Hero only; source body/renderer resources and HP stay fixed
PASS: nested actual dispatch cannot redeliver current cycle prefix
PASS: actual world dash moves Hero only; source body/renderer resources and HP stay fixed
PASS: real native return reaches the original fixed recovery knot in ordinary primary range
PASS: actual first tap aims from last screen release and uses ordinary primary, without blast ammo spending or movement damage
PASS: first real shared return/primary leaves the same owner alive HP12 with no blast or private reset
PASS: lifecycle-lifecycle-complete-before-expiry deferred paused whole native unit captures:  / 
ERROR: FAIL: lifecycle-lifecycle-complete-before-expiry actual isolated format2 write retains native exact types: Cannot open temporary save
   at: push_error (core/variant/variant_utility.cpp:1023)
   GDScript backtrace (most recent call first):
       [0] _expect (res://tests/authored_echo_playback_smoke.gd:597)
       [1] _capture (res://tests/authored_echo_playback_smoke.gd:399)
       [2] _capture (res://tests/authored_echo_lifecycle_smoke.gd:276)
       [3] _two_cycles (res://tests/authored_echo_lifecycle_smoke.gd:158)
ERROR: FAIL: lifecycle-lifecycle-complete-before-expiry actual disk transport preserves complete paired byte/type identity
   at: push_error (core/variant/variant_utility.cpp:1023)
   GDScript backtrace (most recent call first):
       [0] _expect (res://tests/authored_echo_playback_smoke.gd:597)
       [1] _capture (res://tests/authored_echo_playback_smoke.gd:401)
       [2] _capture (res://tests/authored_echo_lifecycle_smoke.gd:276)
       [3] _two_cycles (res://tests/authored_echo_lifecycle_smoke.gd:158)
PASS: actual lifecycle Scheduler begins one retained native encounter
PASS: TEST ONLY paused initial zero-ammo seed, no post-admission resources assignment
PASS: actual immutable HP32 source retains own native renderer, recipe and actual floor environment
PASS: actual lifecycle source configures its genuine first authored program: 
PASS: public first opt-in retains actual owner/Hero/controller with no previous lease/history: 
PASS: first ready generation is exactly one with no invented terminal receipt
PASS: genuine second settled Hero is excluded from the unchanged donor static collision fingerprint
PASS: actual exclusive stationary source receives complete live-body own-enemy witness: 
PASS: native required footprint derives from exact own source/world/floor program
PASS: projected owner binds exact actual exclusive Player without a capture gate: 
PASS: lifecycle-binding-domain-before deferred paused whole native unit captures:  / 
ERROR: FAIL: lifecycle-binding-domain-before actual isolated format2 write retains native exact types: Cannot open temporary save
   at: push_error (core/variant/variant_utility.cpp:1023)
   GDScript backtrace (most recent call first):
       [0] _expect (res://tests/authored_echo_playback_smoke.gd:597)
       [1] _capture (res://tests/authored_echo_playback_smoke.gd:399)
       [2] _capture (res://tests/authored_echo_lifecycle_smoke.gd:276)
       [3] _binding_compatibility (res://tests/authored_echo_lifecycle_smoke.gd:477)
ERROR: FAIL: lifecycle-binding-domain-before actual disk transport preserves complete paired byte/type identity
   at: push_error (core/variant/variant_utility.cpp:1023)
   GDScript backtrace (most recent call first):
       [0] _expect (res://tests/authored_echo_playback_smoke.gd:597)
       [1] _capture (res://tests/authored_echo_playback_smoke.gd:401)
       [2] _capture (res://tests/authored_echo_lifecycle_smoke.gd:276)
       [3] _binding_compatibility (res://tests/authored_echo_lifecycle_smoke.gd:477)
PASS: actual lifecycle Scheduler begins one retained native encounter
PASS: TEST ONLY paused initial zero-ammo seed, no post-admission resources assignment
PASS: actual immutable HP32 source retains own native renderer, recipe and actual floor environment
PASS: actual lifecycle source configures its genuine first authored program: 
PASS: public first opt-in retains actual owner/Hero/controller with no previous lease/history: 
PASS: first ready generation is exactly one with no invented terminal receipt
PASS: actual exclusive stationary source receives complete live-body own-enemy witness: 
PASS: native required footprint derives from exact own source/world/floor program
PASS: projected owner binds exact actual exclusive Player without a capture gate: 
PASS: actual due lock revalidates full lead and current actual Player: 
PASS: own cursor consumes actual canonical lock without retiming or new proof
PASS: genuine active Cue observer cancels the actual native lease synchronously
PASS: nested cancellation seals exact original undelivered contact/history before remaining Cue observers, with no damage
PASS: pure next-generation constructor uses the same native immutable recipe/world: 
PASS: notifying active Cue is immediately concealed; recursive next preparation cannot restore damage authority
PASS: held notifying Cue cannot publish a falsely clear save before genuine deferred native clear
PASS: later real Cue observer sees sealed cancellation and concealed native meshes, never an active hazard
PASS: bounded actual native event reaches both nested cancellation observers
PASS: post-notification deferred native clear is quiet, preserves original receipt/resources and cannot replay Cue/state/hit observers
PASS: lifecycle-nested-native-cue-cancel deferred paused whole native unit captures:  / 
ERROR: FAIL: lifecycle-nested-native-cue-cancel actual isolated format2 write retains native exact types: Cannot open temporary save
   at: push_error (core/variant/variant_utility.cpp:1023)
   GDScript backtrace (most recent call first):
       [0] _expect (res://tests/authored_echo_playback_smoke.gd:597)
       [1] _capture (res://tests/authored_echo_playback_smoke.gd:399)
       [2] _capture (res://tests/authored_echo_lifecycle_smoke.gd:276)
       [3] _nested_cue_cancel (res://tests/authored_echo_lifecycle_smoke.gd:561)
ERROR: FAIL: lifecycle-nested-native-cue-cancel actual disk transport preserves complete paired byte/type identity
   at: push_error (core/variant/variant_utility.cpp:1023)
   GDScript backtrace (most recent call first):
       [0] _expect (res://tests/authored_echo_playback_smoke.gd:597)
       [1] _capture (res://tests/authored_echo_playback_smoke.gd:401)
       [2] _capture (res://tests/authored_echo_lifecycle_smoke.gd:276)
       [3] _nested_cue_cancel (res://tests/authored_echo_lifecycle_smoke.gd:561)
PASS: actual lifecycle Scheduler begins one retained native encounter
PASS: TEST ONLY paused initial zero-ammo seed, no post-admission resources assignment
PASS: actual immutable HP32 source retains own native renderer, recipe and actual floor environment
PASS: actual lifecycle source configures its genuine first authored program: 
PASS: public first opt-in retains actual owner/Hero/controller with no previous lease/history: 
PASS: first ready generation is exactly one with no invented terminal receipt
PASS: actual exclusive stationary source receives complete live-body own-enemy witness: 
PASS: native required footprint derives from exact own source/world/floor program
PASS: projected owner binds exact actual exclusive Player without a capture gate: 
PASS: actual due lock revalidates full lead and current actual Player: 
PASS: own cursor consumes actual canonical lock without retiming or new proof
PASS: held real active cue starts an actual unfinished Player dash
PASS: cue genuine native observer holds the original dispatch boundary
PASS: lifecycle-held-cue deferred paused whole native unit captures:  / 
ERROR: FAIL: lifecycle-held-cue actual isolated format2 write retains native exact types: Cannot open temporary save
   at: push_error (core/variant/variant_utility.cpp:1023)
   GDScript backtrace (most recent call first):
       [0] _expect (res://tests/authored_echo_playback_smoke.gd:597)
       [1] _capture (res://tests/authored_echo_playback_smoke.gd:399)
       [2] _capture (res://tests/authored_echo_lifecycle_smoke.gd:276)
       [3] _held_delivery (res://tests/authored_echo_playback_smoke.gd:177)
ERROR: FAIL: lifecycle-held-cue actual disk transport preserves complete paired byte/type identity
   at: push_error (core/variant/variant_utility.cpp:1023)
   GDScript backtrace (most recent call first):
       [0] _expect (res://tests/authored_echo_playback_smoke.gd:597)
       [1] _capture (res://tests/authored_echo_playback_smoke.gd:401)
       [2] _capture (res://tests/authored_echo_lifecycle_smoke.gd:276)
       [3] _held_delivery (res://tests/authored_echo_playback_smoke.gd:177)
PASS: actual lifecycle Scheduler begins one retained native encounter
PASS: TEST ONLY paused initial zero-ammo seed, no post-admission resources assignment
PASS: actual immutable HP32 source retains own native renderer, recipe and actual floor environment
PASS: actual lifecycle source configures its genuine first authored program: 
PASS: public first opt-in retains actual owner/Hero/controller with no previous lease/history: 
PASS: first ready generation is exactly one with no invented terminal receipt
PASS: actual exclusive stationary source receives complete live-body own-enemy witness: 
PASS: native required footprint derives from exact own source/world/floor program
PASS: projected owner binds exact actual exclusive Player without a capture gate: 
PASS: actual due lock revalidates full lead and current actual Player: 
PASS: own cursor consumes actual canonical lock without retiming or new proof
PASS: nested actual event observer cannot duplicate its once-only prefix
PASS: event genuine native observer holds the original dispatch boundary
PASS: lifecycle-held-event deferred paused whole native unit captures:  / 
ERROR: FAIL: lifecycle-held-event actual isolated format2 write retains native exact types: Cannot open temporary save
   at: push_error (core/variant/variant_utility.cpp:1023)
   GDScript backtrace (most recent call first):
       [0] _expect (res://tests/authored_echo_playback_smoke.gd:597)
       [1] _capture (res://tests/authored_echo_playback_smoke.gd:399)
       [2] _capture (res://tests/authored_echo_lifecycle_smoke.gd:276)
       [3] _held_delivery (res://tests/authored_echo_playback_smoke.gd:177)
ERROR: FAIL: lifecycle-held-event actual disk transport preserves complete paired byte/type identity
   at: push_error (core/variant/variant_utility.cpp:1023)
   GDScript backtrace (most recent call first):
       [0] _expect (res://tests/authored_echo_playback_smoke.gd:597)
       [1] _capture (res://tests/authored_echo_playback_smoke.gd:401)
       [2] _capture (res://tests/authored_echo_lifecycle_smoke.gd:276)
       [3] _held_delivery (res://tests/authored_echo_playback_smoke.gd:177)
PASS: actual lifecycle Scheduler begins one retained native encounter
PASS: TEST ONLY paused initial zero-ammo seed, no post-admission resources assignment
PASS: actual immutable HP32 source retains own native renderer, recipe and actual floor environment
PASS: actual lifecycle source configures its genuine first authored program: 
PASS: public first opt-in retains actual owner/Hero/controller with no previous lease/history: 
PASS: first ready generation is exactly one with no invented terminal receipt
PASS: actual exclusive stationary source receives complete live-body own-enemy witness: 
PASS: native required footprint derives from exact own source/world/floor program
PASS: projected owner binds exact actual exclusive Player without a capture gate: 
PASS: actual due lock revalidates full lead and current actual Player: 
PASS: own cursor consumes actual canonical lock without retiming or new proof
PASS: nested actual event observer cannot duplicate its once-only prefix
PASS: state genuine native observer holds the original dispatch boundary
PASS: lifecycle-held-state deferred paused whole native unit captures:  / 
ERROR: FAIL: lifecycle-held-state actual isolated format2 write retains native exact types: Cannot open temporary save
   at: push_error (core/variant/variant_utility.cpp:1023)
   GDScript backtrace (most recent call first):
       [0] _expect (res://tests/authored_echo_playback_smoke.gd:597)
       [1] _capture (res://tests/authored_echo_playback_smoke.gd:399)
       [2] _capture (res://tests/authored_echo_lifecycle_smoke.gd:276)
       [3] _held_delivery (res://tests/authored_echo_playback_smoke.gd:177)
ERROR: FAIL: lifecycle-held-state actual disk transport preserves complete paired byte/type identity
   at: push_error (core/variant/variant_utility.cpp:1023)
   GDScript backtrace (most recent call first):
       [0] _expect (res://tests/authored_echo_playback_smoke.gd:597)
       [1] _capture (res://tests/authored_echo_playback_smoke.gd:401)
       [2] _capture (res://tests/authored_echo_lifecycle_smoke.gd:276)
       [3] _held_delivery (res://tests/authored_echo_playback_smoke.gd:177)
PASS: actual lifecycle Scheduler begins one retained native encounter
PASS: TEST ONLY paused initial zero-ammo seed, no post-admission resources assignment
PASS: actual immutable HP32 source retains own native renderer, recipe and actual floor environment
PASS: actual lifecycle source configures its genuine first authored program: 
PASS: public first opt-in retains actual owner/Hero/controller with no previous lease/history: 
PASS: first ready generation is exactly one with no invented terminal receipt
PASS: actual exclusive stationary source receives complete live-body own-enemy witness: 
PASS: native required footprint derives from exact own source/world/floor program
PASS: projected owner binds exact actual exclusive Player without a capture gate: 
PASS: actual due lock revalidates full lead and current actual Player: 
PASS: own cursor consumes actual canonical lock without retiming or new proof
PASS: cue_death genuine native observer holds the original dispatch boundary
PASS: lifecycle-held-cue_death deferred paused whole native unit captures:  / 
ERROR: FAIL: lifecycle-held-cue_death actual isolated format2 write retains native exact types: Cannot open temporary save
   at: push_error (core/variant/variant_utility.cpp:1023)
   GDScript backtrace (most recent call first):
       [0] _expect (res://tests/authored_echo_playback_smoke.gd:597)
       [1] _capture (res://tests/authored_echo_playback_smoke.gd:399)
       [2] _capture (res://tests/authored_echo_lifecycle_smoke.gd:276)
       [3] _held_delivery (res://tests/authored_echo_playback_smoke.gd:177)
ERROR: FAIL: lifecycle-held-cue_death actual disk transport preserves complete paired byte/type identity
   at: push_error (core/variant/variant_utility.cpp:1023)
   GDScript backtrace (most recent call first):
       [0] _expect (res://tests/authored_echo_playback_smoke.gd:597)
       [1] _capture (res://tests/authored_echo_playback_smoke.gd:401)
       [2] _capture (res://tests/authored_echo_lifecycle_smoke.gd:276)
       [3] _held_delivery (res://tests/authored_echo_playback_smoke.gd:177)
Authored echo lifecycle smoke: 119 checks, 14 failures; same-owner two-cycle route plus isolated native callback/transport controls
