Waiting for the shared Godot session to close…
WorkerThreadPool: 8 threads, 2 max low-priority.
Godot Engine v4.7.2.stable.official.ed1daf0bf - https://godotengine.org
TextServer: Added interface "Dummy"
TextServer: Added interface "ICU / HarfBuzz / Graphite (Built-in)"
SDL: Init OK!
Using "default" pen tablet driver...

TextServer: Primary interface set to: "ICU / HarfBuzz / Graphite (Built-in)".
CORE API HASH: 2004498165
EDITOR API HASH: 1696660745
Loading resource: res://tests/acts/act1/a1_l1_loadouts.gd remapped: res://tests/acts/act1/a1_l1_loadouts.gd
Loading resource: res://scenes/main.tscn remapped: res://scenes/main.tscn
Loading resource: res://scripts/game.gd remapped: res://scripts/game.gd
Loading resource: res://scenes/player.tscn remapped: res://scenes/player.tscn
Loading resource: res://scripts/player.gd remapped: res://scripts/player.gd
Completed load for: 'res://scripts/player.gd' remapped 'res://scripts/player.gd' at thread -1
Completed load for: 'res://scenes/player.tscn' remapped 'res://scenes/player.tscn' at thread -1
Loading resource: res://scenes/practice_target.tscn remapped: res://scenes/practice_target.tscn
Loading resource: res://scripts/practice_target.gd remapped: res://scripts/practice_target.gd
Completed load for: 'res://scripts/practice_target.gd' remapped 'res://scripts/practice_target.gd' at thread -1
Completed load for: 'res://scenes/practice_target.tscn' remapped 'res://scenes/practice_target.tscn' at thread -1
Loading resource: res://scenes/lab_arena.tscn remapped: res://scenes/lab_arena.tscn
Completed load for: 'res://scenes/lab_arena.tscn' remapped 'res://scenes/lab_arena.tscn' at thread -1
Completed load for: 'res://scripts/game.gd' remapped 'res://scripts/game.gd' at thread -1
Completed load for: 'res://scenes/main.tscn' remapped 'res://scenes/main.tscn' at thread -1
Completed load for: 'res://tests/acts/act1/a1_l1_loadouts.gd' remapped 'res://tests/acts/act1/a1_l1_loadouts.gd' at thread -1
SceneTreeFTI: traversal method DEFAULT
Loaded system CA certificates
Loading resource: res://scenes/acts/act1/a1_l1.tscn remapped: res://scenes/acts/act1/a1_l1.tscn
Loading resource: res://scripts/acts/act1/launch_rehearsal.gd remapped: res://scripts/acts/act1/launch_rehearsal.gd
Completed load for: 'res://scripts/acts/act1/launch_rehearsal.gd' remapped 'res://scripts/acts/act1/launch_rehearsal.gd' at thread -1
Loading resource: res://assets/acts/act1/launch/quiet_floor.png remapped: res://assets/acts/act1/launch/quiet_floor.png
Loading resource: res://.godot/imported/quiet_floor.png-0d5ba5ae403bf427577865af7ea91238.ctex remapped: res://.godot/imported/quiet_floor.png-0d5ba5ae403bf427577865af7ea91238.ctex
Completed load for: 'res://assets/acts/act1/launch/quiet_floor.png' remapped 'res://assets/acts/act1/launch/quiet_floor.png' at thread -1
Completed load for: 'res://scenes/acts/act1/a1_l1.tscn' remapped 'res://scenes/acts/act1/a1_l1.tscn' at thread -1
Loading resource: res://assets/acts/act1/launch/arched_window.png remapped: res://assets/acts/act1/launch/arched_window.png
Loading resource: res://.godot/imported/arched_window.png-b249c8a6b283acb6ba9bc88cf460ea42.ctex remapped: res://.godot/imported/arched_window.png-b249c8a6b283acb6ba9bc88cf460ea42.ctex
Completed load for: 'res://assets/acts/act1/launch/arched_window.png' remapped 'res://assets/acts/act1/launch/arched_window.png' at thread -1
Loading resource: res://assets/acts/act1/launch/celestial_drape.png remapped: res://assets/acts/act1/launch/celestial_drape.png
Loading resource: res://.godot/imported/celestial_drape.png-626352fca4b3975747ac54b16a9a64dc.ctex remapped: res://.godot/imported/celestial_drape.png-626352fca4b3975747ac54b16a9a64dc.ctex
Completed load for: 'res://assets/acts/act1/launch/celestial_drape.png' remapped 'res://assets/acts/act1/launch/celestial_drape.png' at thread -1
Loading resource: res://assets/acts/act1/launch/journey_board.png remapped: res://assets/acts/act1/launch/journey_board.png
Loading resource: res://.godot/imported/journey_board.png-63f2d0dbdc8552391bf244accba6aedb.ctex remapped: res://.godot/imported/journey_board.png-63f2d0dbdc8552391bf244accba6aedb.ctex
Completed load for: 'res://assets/acts/act1/launch/journey_board.png' remapped 'res://assets/acts/act1/launch/journey_board.png' at thread -1
Loading resource: res://assets/acts/act1/launch/academic.png remapped: res://assets/acts/act1/launch/academic.png
Loading resource: res://.godot/imported/academic.png-0b214b5e9a068967b48d101c645518cb.ctex remapped: res://.godot/imported/academic.png-0b214b5e9a068967b48d101c645518cb.ctex
Completed load for: 'res://assets/acts/act1/launch/academic.png' remapped 'res://assets/acts/act1/launch/academic.png' at thread -1
Loading resource: res://assets/acts/act1/launch/riveted_plate.png remapped: res://assets/acts/act1/launch/riveted_plate.png
Loading resource: res://.godot/imported/riveted_plate.png-391423fa420f7bc05bb7e25ed8e47c58.ctex remapped: res://.godot/imported/riveted_plate.png-391423fa420f7bc05bb7e25ed8e47c58.ctex
Completed load for: 'res://assets/acts/act1/launch/riveted_plate.png' remapped 'res://assets/acts/act1/launch/riveted_plate.png' at thread -1
Loading resource: res://assets/acts/act1/launch/metalworker.png remapped: res://assets/acts/act1/launch/metalworker.png
Loading resource: res://.godot/imported/metalworker.png-6a7999ac55f8aa24e782cc8e55c39db3.ctex remapped: res://.godot/imported/metalworker.png-6a7999ac55f8aa24e782cc8e55c39db3.ctex
Completed load for: 'res://assets/acts/act1/launch/metalworker.png' remapped 'res://assets/acts/act1/launch/metalworker.png' at thread -1
Loading resource: res://assets/acts/act1/launch/rooftop_skyline.png remapped: res://assets/acts/act1/launch/rooftop_skyline.png
Loading resource: res://.godot/imported/rooftop_skyline.png-3245da71f55ba7dda93fb745047a1537.ctex remapped: res://.godot/imported/rooftop_skyline.png-3245da71f55ba7dda93fb745047a1537.ctex
Completed load for: 'res://assets/acts/act1/launch/rooftop_skyline.png' remapped 'res://assets/acts/act1/launch/rooftop_skyline.png' at thread -1
Loading resource: res://assets/acts/act1/launch/launch_attendant.png remapped: res://assets/acts/act1/launch/launch_attendant.png
Loading resource: res://.godot/imported/launch_attendant.png-338a487b3503e2a8d79df54df6b58282.ctex remapped: res://.godot/imported/launch_attendant.png-338a487b3503e2a8d79df54df6b58282.ctex
Completed load for: 'res://assets/acts/act1/launch/launch_attendant.png' remapped 'res://assets/acts/act1/launch/launch_attendant.png' at thread -1
PASS: legal static loadout equips at a paused safe boundary: ["CLOTH-J1", "CLOTH-P2", "CLOTH-S2"] / WEAPON-01
PASS: loadout accepts the ordinary first dash
PASS: real legal dash landing completes the broad marker without exact-angle enforcement
PASS: literal down-right primary reaches hall target from this loadout's actual landing without ammo
PASS: ordinary primary clears the staged workshop side with empty shells
PASS: extreme opening does not pretend to complete the unpublished arm exchange
PASS: legal static loadout equips at a paused safe boundary: ["CLOTH-J1", "CLOTH-P2", "CLOTH-S2"] / WEAPON-02
PASS: loadout accepts the ordinary first dash
PASS: real legal dash landing completes the broad marker without exact-angle enforcement
PASS: literal down-right primary reaches hall target from this loadout's actual landing without ammo
PASS: ordinary primary clears the staged workshop side with empty shells
PASS: extreme opening does not pretend to complete the unpublished arm exchange
PASS: legal static loadout equips at a paused safe boundary: ["CLOTH-J1", "CLOTH-P2", "CLOTH-S2"] / WEAPON-03
PASS: loadout accepts the ordinary first dash
PASS: real legal dash landing completes the broad marker without exact-angle enforcement
PASS: literal down-right primary reaches hall target from this loadout's actual landing without ammo
PASS: ordinary primary clears the staged workshop side with empty shells
PASS: extreme opening does not pretend to complete the unpublished arm exchange
PASS: legal static loadout equips at a paused safe boundary: ["CLOTH-J1", "CLOTH-P2", "CLOTH-S2"] / WEAPON-04
PASS: loadout accepts the ordinary first dash
PASS: real legal dash landing completes the broad marker without exact-angle enforcement
PASS: literal down-right primary reaches hall target from this loadout's actual landing without ammo
PASS: ordinary primary clears the staged workshop side with empty shells
PASS: extreme opening does not pretend to complete the unpublished arm exchange
PASS: legal static loadout equips at a paused safe boundary: ["CLOTH-J2", "CLOTH-P0", "CLOTH-S1"] / WEAPON-01
PASS: loadout accepts the ordinary first dash
PASS: real legal dash landing completes the broad marker without exact-angle enforcement
PASS: literal down-right primary reaches hall target from this loadout's actual landing without ammo
PASS: ordinary primary clears the staged workshop side with empty shells
PASS: extreme opening does not pretend to complete the unpublished arm exchange
PASS: legal static loadout equips at a paused safe boundary: ["CLOTH-J2", "CLOTH-P0", "CLOTH-S1"] / WEAPON-02
PASS: loadout accepts the ordinary first dash
PASS: real legal dash landing completes the broad marker without exact-angle enforcement
PASS: literal down-right primary reaches hall target from this loadout's actual landing without ammo
PASS: ordinary primary clears the staged workshop side with empty shells
PASS: extreme opening does not pretend to complete the unpublished arm exchange
PASS: legal static loadout equips at a paused safe boundary: ["CLOTH-J2", "CLOTH-P0", "CLOTH-S1"] / WEAPON-03
PASS: loadout accepts the ordinary first dash
PASS: real legal dash landing completes the broad marker without exact-angle enforcement
PASS: literal down-right primary reaches hall target from this loadout's actual landing without ammo
PASS: ordinary primary clears the staged workshop side with empty shells
PASS: extreme opening does not pretend to complete the unpublished arm exchange
PASS: legal static loadout equips at a paused safe boundary: ["CLOTH-J2", "CLOTH-P0", "CLOTH-S1"] / WEAPON-04
PASS: loadout accepts the ordinary first dash
PASS: real legal dash landing completes the broad marker without exact-angle enforcement
PASS: literal down-right primary reaches hall target from this loadout's actual landing without ammo
PASS: ordinary primary clears the staged workshop side with empty shells
PASS: extreme opening does not pretend to complete the unpublished arm exchange
PASS: legal static loadout equips at a paused safe boundary: ["CLOTH-J1", "CLOTH-P1", "CLOTH-S0"] / WEAPON-01
PASS: loadout accepts the ordinary first dash
PASS: real legal dash landing completes the broad marker without exact-angle enforcement
PASS: literal down-right primary reaches hall target from this loadout's actual landing without ammo
PASS: ordinary primary clears the staged workshop side with empty shells
PASS: extreme opening does not pretend to complete the unpublished arm exchange
PASS: legal static loadout equips at a paused safe boundary: ["CLOTH-J1", "CLOTH-P1", "CLOTH-S0"] / WEAPON-02
PASS: loadout accepts the ordinary first dash
PASS: real legal dash landing completes the broad marker without exact-angle enforcement
PASS: literal down-right primary reaches hall target from this loadout's actual landing without ammo
PASS: ordinary primary clears the staged workshop side with empty shells
PASS: extreme opening does not pretend to complete the unpublished arm exchange
PASS: legal static loadout equips at a paused safe boundary: ["CLOTH-J1", "CLOTH-P1", "CLOTH-S0"] / WEAPON-03
PASS: loadout accepts the ordinary first dash
PASS: real legal dash landing completes the broad marker without exact-angle enforcement
PASS: literal down-right primary reaches hall target from this loadout's actual landing without ammo
PASS: ordinary primary clears the staged workshop side with empty shells
PASS: extreme opening does not pretend to complete the unpublished arm exchange
PASS: legal static loadout equips at a paused safe boundary: ["CLOTH-J1", "CLOTH-P1", "CLOTH-S0"] / WEAPON-04
PASS: loadout accepts the ordinary first dash
PASS: real legal dash landing completes the broad marker without exact-angle enforcement
PASS: literal down-right primary reaches hall target from this loadout's actual landing without ammo
PASS: ordinary primary clears the staged workshop side with empty shells
PASS: extreme opening does not pretend to complete the unpublished arm exchange
A1-L1 opening loadouts: 72 checks, 0 failures; 12 static extreme combinations
NOT TESTED: full traversal, loading arm, campaign retry or presentation compatibility.
WARNING: 2 ObjectDB instances were leaked at exit (run with `--verbose` for details).
   at: cleanup (core/object/object.cpp:2536)
XR: Clearing primary interface
XR: Removed interface "Native mobile"
XR: Removed interface "OpenXR"
Leaked instance: AudioStreamWAV:9223372070778308116 - Reference count: 1
Leaked instance: AudioStreamPlaybackWAV:9223372789212253613 - Reference count: 1
Hint: Leaked instances typically happen when nodes are removed from the scene tree (with `remove_child()`) but not freed (with `free()` or `queue_free()`).
Orphan StringName: Master (static: 0, total: 1)
StringName: 1 unclaimed string names at exit.
