Godot Engine v4.7.2.stable.official.ed1daf0bf - https://godotengine.org

PASS: actual catalogue enumerates 3 × 3 × 3 × 4 choices / 13 static IDs
PASS: Cartesian enumeration contains exactly 108 actual static kits
COVERAGE: 216 selected native sun-kit witnesses; unique catalogue kits=108; expected Sun0=108 Sun1=108; first-warning budget=4.0 simulation/wall seconds
WITNESS: Sun0 gap=2.000000000 signed_heading_degrees=19.999999418 source=(0.0, -0.004178, -0.4) sampled_hero=(0.0, -0.004844, 1.6) held_direction=(0.34202, 0.0, 0.939693) actual_adapter_endpoint=(1.02606, -0.004178, 2.419078)
PASS: Sun0 case 001/216 CLOTH-J0/CLOTH-P0/CLOTH-S0/WEAPON-01: actual reservation witness, held bias and cleanup
WITNESS: Sun0 gap=2.000000000 signed_heading_degrees=19.999999418 source=(0.0, -0.004178, -0.4) sampled_hero=(0.0, -0.004844, 1.6) held_direction=(0.34202, 0.0, 0.939693) actual_adapter_endpoint=(1.02606, -0.004178, 2.419078)
PASS: Sun0 case 002/216 CLOTH-J0/CLOTH-P0/CLOTH-S0/WEAPON-02: actual reservation witness, held bias and cleanup
WITNESS: Sun0 gap=2.000000000 signed_heading_degrees=19.999999418 source=(0.0, -0.004178, -0.4) sampled_hero=(0.0, -0.004844, 1.6) held_direction=(0.34202, 0.0, 0.939693) actual_adapter_endpoint=(1.02606, -0.004178, 2.419078)
PASS: Sun0 case 003/216 CLOTH-J0/CLOTH-P0/CLOTH-S0/WEAPON-03: actual reservation witness, held bias and cleanup
WITNESS: Sun0 gap=2.000000000 signed_heading_degrees=19.999999418 source=(0.0, -0.004178, -0.4) sampled_hero=(0.0, -0.004844, 1.6) held_direction=(0.34202, 0.0, 0.939693) actual_adapter_endpoint=(1.02606, -0.004178, 2.419078)
PASS: Sun0 case 004/216 CLOTH-J0/CLOTH-P0/CLOTH-S0/WEAPON-04: actual reservation witness, held bias and cleanup
WITNESS: Sun0 gap=2.000000000 signed_heading_degrees=19.999999418 source=(0.0, -0.004178, -0.4) sampled_hero=(0.0, -0.004844, 1.6) held_direction=(0.34202, 0.0, 0.939693) actual_adapter_endpoint=(1.02606, -0.004178, 2.419078)
PASS: Sun0 case 005/216 CLOTH-J0/CLOTH-P0/CLOTH-S1/WEAPON-01: actual reservation witness, held bias and cleanup
WITNESS: Sun0 gap=2.000000000 signed_heading_degrees=19.999999418 source=(0.0, -0.004178, -0.4) sampled_hero=(0.0, -0.004844, 1.6) held_direction=(0.34202, 0.0, 0.939693) actual_adapter_endpoint=(1.02606, -0.004178, 2.419078)
PASS: Sun0 case 006/216 CLOTH-J0/CLOTH-P0/CLOTH-S1/WEAPON-02: actual reservation witness, held bias and cleanup
WITNESS: Sun0 gap=2.000000000 signed_heading_degrees=19.999999418 source=(0.0, -0.004178, -0.4) sampled_hero=(0.0, -0.004844, 1.6) held_direction=(0.34202, 0.0, 0.939693) actual_adapter_endpoint=(1.02606, -0.004178, 2.419078)
PASS: Sun0 case 007/216 CLOTH-J0/CLOTH-P0/CLOTH-S1/WEAPON-03: actual reservation witness, held bias and cleanup
WITNESS: Sun0 gap=2.000000000 signed_heading_degrees=19.999999418 source=(0.0, -0.004178, -0.4) sampled_hero=(0.0, -0.004844, 1.6) held_direction=(0.34202, 0.0, 0.939693) actual_adapter_endpoint=(1.02606, -0.004178, 2.419078)
PASS: Sun0 case 008/216 CLOTH-J0/CLOTH-P0/CLOTH-S1/WEAPON-04: actual reservation witness, held bias and cleanup
WITNESS: Sun0 gap=2.000000000 signed_heading_degrees=19.999999418 source=(0.0, -0.004178, -0.4) sampled_hero=(0.0, -0.004844, 1.6) held_direction=(0.34202, 0.0, 0.939693) actual_adapter_endpoint=(1.02606, -0.004178, 2.419078)
PASS: Sun0 case 009/216 CLOTH-J0/CLOTH-P0/CLOTH-S2/WEAPON-01: actual reservation witness, held bias and cleanup
WITNESS: Sun0 gap=2.000000000 signed_heading_degrees=19.999999418 source=(0.0, -0.004178, -0.4) sampled_hero=(0.0, -0.004844, 1.6) held_direction=(0.34202, 0.0, 0.939693) actual_adapter_endpoint=(1.02606, -0.004178, 2.419078)
PASS: Sun0 case 010/216 CLOTH-J0/CLOTH-P0/CLOTH-S2/WEAPON-02: actual reservation witness, held bias and cleanup
WITNESS: Sun0 gap=2.000000000 signed_heading_degrees=19.999999418 source=(0.0, -0.004178, -0.4) sampled_hero=(0.0, -0.004844, 1.6) held_direction=(0.34202, 0.0, 0.939693) actual_adapter_endpoint=(1.02606, -0.004178, 2.419078)
PASS: Sun0 case 011/216 CLOTH-J0/CLOTH-P0/CLOTH-S2/WEAPON-03: actual reservation witness, held bias and cleanup
WITNESS: Sun0 gap=2.000000000 signed_heading_degrees=19.999999418 source=(0.0, -0.004178, -0.4) sampled_hero=(0.0, -0.004844, 1.6) held_direction=(0.34202, 0.0, 0.939693) actual_adapter_endpoint=(1.02606, -0.004178, 2.419078)
PASS: Sun0 case 012/216 CLOTH-J0/CLOTH-P0/CLOTH-S2/WEAPON-04: actual reservation witness, held bias and cleanup
WITNESS: Sun0 gap=2.000000000 signed_heading_degrees=19.999999418 source=(0.0, -0.004178, -0.4) sampled_hero=(0.0, -0.004844, 1.6) held_direction=(0.34202, 0.0, 0.939693) actual_adapter_endpoint=(1.02606, -0.004178, 2.419078)
PASS: Sun0 case 013/216 CLOTH-J0/CLOTH-P1/CLOTH-S0/WEAPON-01: actual reservation witness, held bias and cleanup
WITNESS: Sun0 gap=2.000000000 signed_heading_degrees=19.999999418 source=(0.0, -0.004178, -0.4) sampled_hero=(0.0, -0.004844, 1.6) held_direction=(0.34202, 0.0, 0.939693) actual_adapter_endpoint=(1.02606, -0.004178, 2.419078)
PASS: Sun0 case 014/216 CLOTH-J0/CLOTH-P1/CLOTH-S0/WEAPON-02: actual reservation witness, held bias and cleanup
WITNESS: Sun0 gap=2.000000000 signed_heading_degrees=19.999999418 source=(0.0, -0.004178, -0.4) sampled_hero=(0.0, -0.004844, 1.6) held_direction=(0.34202, 0.0, 0.939693) actual_adapter_endpoint=(1.02606, -0.004178, 2.419078)
PASS: Sun0 case 015/216 CLOTH-J0/CLOTH-P1/CLOTH-S0/WEAPON-03: actual reservation witness, held bias and cleanup
WITNESS: Sun0 gap=2.000000000 signed_heading_degrees=19.999999418 source=(0.0, -0.004178, -0.4) sampled_hero=(0.0, -0.004844, 1.6) held_direction=(0.34202, 0.0, 0.939693) actual_adapter_endpoint=(1.02606, -0.004178, 2.419078)
PASS: Sun0 case 016/216 CLOTH-J0/CLOTH-P1/CLOTH-S0/WEAPON-04: actual reservation witness, held bias and cleanup
WITNESS: Sun0 gap=2.000000000 signed_heading_degrees=19.999999418 source=(0.0, -0.004178, -0.4) sampled_hero=(0.0, -0.004844, 1.6) held_direction=(0.34202, 0.0, 0.939693) actual_adapter_endpoint=(1.02606, -0.004178, 2.419078)
PASS: Sun0 case 017/216 CLOTH-J0/CLOTH-P1/CLOTH-S1/WEAPON-01: actual reservation witness, held bias and cleanup
WITNESS: Sun0 gap=2.000000000 signed_heading_degrees=19.999999418 source=(0.0, -0.004178, -0.4) sampled_hero=(0.0, -0.004844, 1.6) held_direction=(0.34202, 0.0, 0.939693) actual_adapter_endpoint=(1.02606, -0.004178, 2.419078)
PASS: Sun0 case 018/216 CLOTH-J0/CLOTH-P1/CLOTH-S1/WEAPON-02: actual reservation witness, held bias and cleanup
WITNESS: Sun0 gap=2.000000000 signed_heading_degrees=19.999999418 source=(0.0, -0.004178, -0.4) sampled_hero=(0.0, -0.004844, 1.6) held_direction=(0.34202, 0.0, 0.939693) actual_adapter_endpoint=(1.02606, -0.004178, 2.419078)
PASS: Sun0 case 019/216 CLOTH-J0/CLOTH-P1/CLOTH-S1/WEAPON-03: actual reservation witness, held bias and cleanup
WITNESS: Sun0 gap=2.000000000 signed_heading_degrees=19.999999418 source=(0.0, -0.004178, -0.4) sampled_hero=(0.0, -0.004844, 1.6) held_direction=(0.34202, 0.0, 0.939693) actual_adapter_endpoint=(1.02606, -0.004178, 2.419078)
PASS: Sun0 case 020/216 CLOTH-J0/CLOTH-P1/CLOTH-S1/WEAPON-04: actual reservation witness, held bias and cleanup
WITNESS: Sun0 gap=2.000000000 signed_heading_degrees=19.999999418 source=(0.0, -0.004178, -0.4) sampled_hero=(0.0, -0.004844, 1.6) held_direction=(0.34202, 0.0, 0.939693) actual_adapter_endpoint=(1.02606, -0.004178, 2.419078)
PASS: Sun0 case 021/216 CLOTH-J0/CLOTH-P1/CLOTH-S2/WEAPON-01: actual reservation witness, held bias and cleanup
WITNESS: Sun0 gap=2.000000000 signed_heading_degrees=19.999999418 source=(0.0, -0.004178, -0.4) sampled_hero=(0.0, -0.004844, 1.6) held_direction=(0.34202, 0.0, 0.939693) actual_adapter_endpoint=(1.02606, -0.004178, 2.419078)
PASS: Sun0 case 022/216 CLOTH-J0/CLOTH-P1/CLOTH-S2/WEAPON-02: actual reservation witness, held bias and cleanup
WITNESS: Sun0 gap=2.000000000 signed_heading_degrees=19.999999418 source=(0.0, -0.004178, -0.4) sampled_hero=(0.0, -0.004844, 1.6) held_direction=(0.34202, 0.0, 0.939693) actual_adapter_endpoint=(1.02606, -0.004178, 2.419078)
PASS: Sun0 case 023/216 CLOTH-J0/CLOTH-P1/CLOTH-S2/WEAPON-03: actual reservation witness, held bias and cleanup
WITNESS: Sun0 gap=2.000000000 signed_heading_degrees=19.999999418 source=(0.0, -0.004178, -0.4) sampled_hero=(0.0, -0.004844, 1.6) held_direction=(0.34202, 0.0, 0.939693) actual_adapter_endpoint=(1.02606, -0.004178, 2.419078)
PASS: Sun0 case 024/216 CLOTH-J0/CLOTH-P1/CLOTH-S2/WEAPON-04: actual reservation witness, held bias and cleanup
WITNESS: Sun0 gap=2.000000000 signed_heading_degrees=19.999999418 source=(0.0, -0.004178, -0.4) sampled_hero=(0.0, -0.004844, 1.6) held_direction=(0.34202, 0.0, 0.939693) actual_adapter_endpoint=(1.02606, -0.004178, 2.419078)
PASS: Sun0 case 025/216 CLOTH-J0/CLOTH-P2/CLOTH-S0/WEAPON-01: actual reservation witness, held bias and cleanup
WITNESS: Sun0 gap=2.000000000 signed_heading_degrees=19.999999418 source=(0.0, -0.004178, -0.4) sampled_hero=(0.0, -0.004844, 1.6) held_direction=(0.34202, 0.0, 0.939693) actual_adapter_endpoint=(1.02606, -0.004178, 2.419078)
PASS: Sun0 case 026/216 CLOTH-J0/CLOTH-P2/CLOTH-S0/WEAPON-02: actual reservation witness, held bias and cleanup
WITNESS: Sun0 gap=2.000000000 signed_heading_degrees=19.999999418 source=(0.0, -0.004178, -0.4) sampled_hero=(0.0, -0.004844, 1.6) held_direction=(0.34202, 0.0, 0.939693) actual_adapter_endpoint=(1.02606, -0.004178, 2.419078)
PASS: Sun0 case 027/216 CLOTH-J0/CLOTH-P2/CLOTH-S0/WEAPON-03: actual reservation witness, held bias and cleanup
WITNESS: Sun0 gap=2.000000000 signed_heading_degrees=19.999999418 source=(0.0, -0.004178, -0.4) sampled_hero=(0.0, -0.004844, 1.6) held_direction=(0.34202, 0.0, 0.939693) actual_adapter_endpoint=(1.02606, -0.004178, 2.419078)
PASS: Sun0 case 028/216 CLOTH-J0/CLOTH-P2/CLOTH-S0/WEAPON-04: actual reservation witness, held bias and cleanup
WITNESS: Sun0 gap=2.000000000 signed_heading_degrees=19.999999418 source=(0.0, -0.004178, -0.4) sampled_hero=(0.0, -0.004844, 1.6) held_direction=(0.34202, 0.0, 0.939693) actual_adapter_endpoint=(1.02606, -0.004178, 2.419078)
PASS: Sun0 case 029/216 CLOTH-J0/CLOTH-P2/CLOTH-S1/WEAPON-01: actual reservation witness, held bias and cleanup
WITNESS: Sun0 gap=2.000000000 signed_heading_degrees=19.999999418 source=(0.0, -0.004178, -0.4) sampled_hero=(0.0, -0.004844, 1.6) held_direction=(0.34202, 0.0, 0.939693) actual_adapter_endpoint=(1.02606, -0.004178, 2.419078)
PASS: Sun0 case 030/216 CLOTH-J0/CLOTH-P2/CLOTH-S1/WEAPON-02: actual reservation witness, held bias and cleanup
WITNESS: Sun0 gap=2.000000000 signed_heading_degrees=19.999999418 source=(0.0, -0.004178, -0.4) sampled_hero=(0.0, -0.004844, 1.6) held_direction=(0.34202, 0.0, 0.939693) actual_adapter_endpoint=(1.02606, -0.004178, 2.419078)
PASS: Sun0 case 031/216 CLOTH-J0/CLOTH-P2/CLOTH-S1/WEAPON-03: actual reservation witness, held bias and cleanup
WITNESS: Sun0 gap=2.000000000 signed_heading_degrees=19.999999418 source=(0.0, -0.004178, -0.4) sampled_hero=(0.0, -0.004844, 1.6) held_direction=(0.34202, 0.0, 0.939693) actual_adapter_endpoint=(1.02606, -0.004178, 2.419078)
PASS: Sun0 case 032/216 CLOTH-J0/CLOTH-P2/CLOTH-S1/WEAPON-04: actual reservation witness, held bias and cleanup
WITNESS: Sun0 gap=2.000000000 signed_heading_degrees=19.999999418 source=(0.0, -0.004178, -0.4) sampled_hero=(0.0, -0.004844, 1.6) held_direction=(0.34202, 0.0, 0.939693) actual_adapter_endpoint=(1.02606, -0.004178, 2.419078)
PASS: Sun0 case 033/216 CLOTH-J0/CLOTH-P2/CLOTH-S2/WEAPON-01: actual reservation witness, held bias and cleanup
WITNESS: Sun0 gap=2.000000000 signed_heading_degrees=19.999999418 source=(0.0, -0.004178, -0.4) sampled_hero=(0.0, -0.004844, 1.6) held_direction=(0.34202, 0.0, 0.939693) actual_adapter_endpoint=(1.02606, -0.004178, 2.419078)
PASS: Sun0 case 034/216 CLOTH-J0/CLOTH-P2/CLOTH-S2/WEAPON-02: actual reservation witness, held bias and cleanup
WITNESS: Sun0 gap=2.000000000 signed_heading_degrees=19.999999418 source=(0.0, -0.004178, -0.4) sampled_hero=(0.0, -0.004844, 1.6) held_direction=(0.34202, 0.0, 0.939693) actual_adapter_endpoint=(1.02606, -0.004178, 2.419078)
PASS: Sun0 case 035/216 CLOTH-J0/CLOTH-P2/CLOTH-S2/WEAPON-03: actual reservation witness, held bias and cleanup
WITNESS: Sun0 gap=2.000000000 signed_heading_degrees=19.999999418 source=(0.0, -0.004178, -0.4) sampled_hero=(0.0, -0.004844, 1.6) held_direction=(0.34202, 0.0, 0.939693) actual_adapter_endpoint=(1.02606, -0.004178, 2.419078)
PASS: Sun0 case 036/216 CLOTH-J0/CLOTH-P2/CLOTH-S2/WEAPON-04: actual reservation witness, held bias and cleanup
WITNESS: Sun0 gap=2.000000000 signed_heading_degrees=19.999999418 source=(0.0, -0.004178, -0.4) sampled_hero=(0.0, -0.004844, 1.6) held_direction=(0.34202, 0.0, 0.939693) actual_adapter_endpoint=(1.02606, -0.004178, 2.419078)
PASS: Sun0 case 037/216 CLOTH-J1/CLOTH-P0/CLOTH-S0/WEAPON-01: actual reservation witness, held bias and cleanup
WITNESS: Sun0 gap=2.000000000 signed_heading_degrees=19.999999418 source=(0.0, -0.004178, -0.4) sampled_hero=(0.0, -0.004844, 1.6) held_direction=(0.34202, 0.0, 0.939693) actual_adapter_endpoint=(1.02606, -0.004178, 2.419078)
PASS: Sun0 case 038/216 CLOTH-J1/CLOTH-P0/CLOTH-S0/WEAPON-02: actual reservation witness, held bias and cleanup
WITNESS: Sun0 gap=2.000000000 signed_heading_degrees=19.999999418 source=(0.0, -0.004178, -0.4) sampled_hero=(0.0, -0.004844, 1.6) held_direction=(0.34202, 0.0, 0.939693) actual_adapter_endpoint=(1.02606, -0.004178, 2.419078)
PASS: Sun0 case 039/216 CLOTH-J1/CLOTH-P0/CLOTH-S0/WEAPON-03: actual reservation witness, held bias and cleanup
WITNESS: Sun0 gap=2.000000000 signed_heading_degrees=19.999999418 source=(0.0, -0.004178, -0.4) sampled_hero=(0.0, -0.004844, 1.6) held_direction=(0.34202, 0.0, 0.939693) actual_adapter_endpoint=(1.02606, -0.004178, 2.419078)
PASS: Sun0 case 040/216 CLOTH-J1/CLOTH-P0/CLOTH-S0/WEAPON-04: actual reservation witness, held bias and cleanup
WITNESS: Sun0 gap=2.000000000 signed_heading_degrees=19.999999418 source=(0.0, -0.004178, -0.4) sampled_hero=(0.0, -0.004844, 1.6) held_direction=(0.34202, 0.0, 0.939693) actual_adapter_endpoint=(1.02606, -0.004178, 2.419078)
PASS: Sun0 case 041/216 CLOTH-J1/CLOTH-P0/CLOTH-S1/WEAPON-01: actual reservation witness, held bias and cleanup
WITNESS: Sun0 gap=2.000000000 signed_heading_degrees=19.999999418 source=(0.0, -0.004178, -0.4) sampled_hero=(0.0, -0.004844, 1.6) held_direction=(0.34202, 0.0, 0.939693) actual_adapter_endpoint=(1.02606, -0.004178, 2.419078)
PASS: Sun0 case 042/216 CLOTH-J1/CLOTH-P0/CLOTH-S1/WEAPON-02: actual reservation witness, held bias and cleanup
WITNESS: Sun0 gap=2.000000000 signed_heading_degrees=19.999999418 source=(0.0, -0.004178, -0.4) sampled_hero=(0.0, -0.004844, 1.6) held_direction=(0.34202, 0.0, 0.939693) actual_adapter_endpoint=(1.02606, -0.004178, 2.419078)
PASS: Sun0 case 043/216 CLOTH-J1/CLOTH-P0/CLOTH-S1/WEAPON-03: actual reservation witness, held bias and cleanup
WITNESS: Sun0 gap=2.000000000 signed_heading_degrees=19.999999418 source=(0.0, -0.004178, -0.4) sampled_hero=(0.0, -0.004844, 1.6) held_direction=(0.34202, 0.0, 0.939693) actual_adapter_endpoint=(1.02606, -0.004178, 2.419078)
PASS: Sun0 case 044/216 CLOTH-J1/CLOTH-P0/CLOTH-S1/WEAPON-04: actual reservation witness, held bias and cleanup
WITNESS: Sun0 gap=2.000000000 signed_heading_degrees=19.999999418 source=(0.0, -0.004178, -0.4) sampled_hero=(0.0, -0.004844, 1.6) held_direction=(0.34202, 0.0, 0.939693) actual_adapter_endpoint=(1.02606, -0.004178, 2.419078)
PASS: Sun0 case 045/216 CLOTH-J1/CLOTH-P0/CLOTH-S2/WEAPON-01: actual reservation witness, held bias and cleanup
WITNESS: Sun0 gap=2.000000000 signed_heading_degrees=19.999999418 source=(0.0, -0.004178, -0.4) sampled_hero=(0.0, -0.004844, 1.6) held_direction=(0.34202, 0.0, 0.939693) actual_adapter_endpoint=(1.02606, -0.004178, 2.419078)
PASS: Sun0 case 046/216 CLOTH-J1/CLOTH-P0/CLOTH-S2/WEAPON-02: actual reservation witness, held bias and cleanup
WITNESS: Sun0 gap=2.000000000 signed_heading_degrees=19.999999418 source=(0.0, -0.004178, -0.4) sampled_hero=(0.0, -0.004844, 1.6) held_direction=(0.34202, 0.0, 0.939693) actual_adapter_endpoint=(1.02606, -0.004178, 2.419078)
PASS: Sun0 case 047/216 CLOTH-J1/CLOTH-P0/CLOTH-S2/WEAPON-03: actual reservation witness, held bias and cleanup
WITNESS: Sun0 gap=2.000000000 signed_heading_degrees=19.999999418 source=(0.0, -0.004178, -0.4) sampled_hero=(0.0, -0.004844, 1.6) held_direction=(0.34202, 0.0, 0.939693) actual_adapter_endpoint=(1.02606, -0.004178, 2.419078)
PASS: Sun0 case 048/216 CLOTH-J1/CLOTH-P0/CLOTH-S2/WEAPON-04: actual reservation witness, held bias and cleanup
WITNESS: Sun0 gap=2.000000000 signed_heading_degrees=19.999999418 source=(0.0, -0.004178, -0.4) sampled_hero=(0.0, -0.004844, 1.6) held_direction=(0.34202, 0.0, 0.939693) actual_adapter_endpoint=(1.02606, -0.004178, 2.419078)
PASS: Sun0 case 049/216 CLOTH-J1/CLOTH-P1/CLOTH-S0/WEAPON-01: actual reservation witness, held bias and cleanup
WITNESS: Sun0 gap=2.000000000 signed_heading_degrees=19.999999418 source=(0.0, -0.004178, -0.4) sampled_hero=(0.0, -0.004844, 1.6) held_direction=(0.34202, 0.0, 0.939693) actual_adapter_endpoint=(1.02606, -0.004178, 2.419078)
PASS: Sun0 case 050/216 CLOTH-J1/CLOTH-P1/CLOTH-S0/WEAPON-02: actual reservation witness, held bias and cleanup
WITNESS: Sun0 gap=2.000000000 signed_heading_degrees=19.999999418 source=(0.0, -0.004178, -0.4) sampled_hero=(0.0, -0.004844, 1.6) held_direction=(0.34202, 0.0, 0.939693) actual_adapter_endpoint=(1.02606, -0.004178, 2.419078)
PASS: Sun0 case 051/216 CLOTH-J1/CLOTH-P1/CLOTH-S0/WEAPON-03: actual reservation witness, held bias and cleanup
WITNESS: Sun0 gap=2.000000000 signed_heading_degrees=19.999999418 source=(0.0, -0.004178, -0.4) sampled_hero=(0.0, -0.004844, 1.6) held_direction=(0.34202, 0.0, 0.939693) actual_adapter_endpoint=(1.02606, -0.004178, 2.419078)
PASS: Sun0 case 052/216 CLOTH-J1/CLOTH-P1/CLOTH-S0/WEAPON-04: actual reservation witness, held bias and cleanup
WITNESS: Sun0 gap=2.000000000 signed_heading_degrees=19.999999418 source=(0.0, -0.004178, -0.4) sampled_hero=(0.0, -0.004844, 1.6) held_direction=(0.34202, 0.0, 0.939693) actual_adapter_endpoint=(1.02606, -0.004178, 2.419078)
PASS: Sun0 case 053/216 CLOTH-J1/CLOTH-P1/CLOTH-S1/WEAPON-01: actual reservation witness, held bias and cleanup
WITNESS: Sun0 gap=2.000000000 signed_heading_degrees=19.999999418 source=(0.0, -0.004178, -0.4) sampled_hero=(0.0, -0.004844, 1.6) held_direction=(0.34202, 0.0, 0.939693) actual_adapter_endpoint=(1.02606, -0.004178, 2.419078)
PASS: Sun0 case 054/216 CLOTH-J1/CLOTH-P1/CLOTH-S1/WEAPON-02: actual reservation witness, held bias and cleanup
WITNESS: Sun0 gap=2.000000000 signed_heading_degrees=19.999999418 source=(0.0, -0.004178, -0.4) sampled_hero=(0.0, -0.004844, 1.6) held_direction=(0.34202, 0.0, 0.939693) actual_adapter_endpoint=(1.02606, -0.004178, 2.419078)
PASS: Sun0 case 055/216 CLOTH-J1/CLOTH-P1/CLOTH-S1/WEAPON-03: actual reservation witness, held bias and cleanup
WITNESS: Sun0 gap=2.000000000 signed_heading_degrees=19.999999418 source=(0.0, -0.004178, -0.4) sampled_hero=(0.0, -0.004844, 1.6) held_direction=(0.34202, 0.0, 0.939693) actual_adapter_endpoint=(1.02606, -0.004178, 2.419078)
PASS: Sun0 case 056/216 CLOTH-J1/CLOTH-P1/CLOTH-S1/WEAPON-04: actual reservation witness, held bias and cleanup
WITNESS: Sun0 gap=2.000000000 signed_heading_degrees=19.999999418 source=(0.0, -0.004178, -0.4) sampled_hero=(0.0, -0.004844, 1.6) held_direction=(0.34202, 0.0, 0.939693) actual_adapter_endpoint=(1.02606, -0.004178, 2.419078)
PASS: Sun0 case 057/216 CLOTH-J1/CLOTH-P1/CLOTH-S2/WEAPON-01: actual reservation witness, held bias and cleanup
WITNESS: Sun0 gap=2.000000000 signed_heading_degrees=19.999999418 source=(0.0, -0.004178, -0.4) sampled_hero=(0.0, -0.004844, 1.6) held_direction=(0.34202, 0.0, 0.939693) actual_adapter_endpoint=(1.02606, -0.004178, 2.419078)
PASS: Sun0 case 058/216 CLOTH-J1/CLOTH-P1/CLOTH-S2/WEAPON-02: actual reservation witness, held bias and cleanup
WITNESS: Sun0 gap=2.000000000 signed_heading_degrees=19.999999418 source=(0.0, -0.004178, -0.4) sampled_hero=(0.0, -0.004844, 1.6) held_direction=(0.34202, 0.0, 0.939693) actual_adapter_endpoint=(1.02606, -0.004178, 2.419078)
PASS: Sun0 case 059/216 CLOTH-J1/CLOTH-P1/CLOTH-S2/WEAPON-03: actual reservation witness, held bias and cleanup
WITNESS: Sun0 gap=2.000000000 signed_heading_degrees=19.999999418 source=(0.0, -0.004178, -0.4) sampled_hero=(0.0, -0.004844, 1.6) held_direction=(0.34202, 0.0, 0.939693) actual_adapter_endpoint=(1.02606, -0.004178, 2.419078)
PASS: Sun0 case 060/216 CLOTH-J1/CLOTH-P1/CLOTH-S2/WEAPON-04: actual reservation witness, held bias and cleanup
WITNESS: Sun0 gap=2.000000000 signed_heading_degrees=19.999999418 source=(0.0, -0.004178, -0.4) sampled_hero=(0.0, -0.004844, 1.6) held_direction=(0.34202, 0.0, 0.939693) actual_adapter_endpoint=(1.02606, -0.004178, 2.419078)
PASS: Sun0 case 061/216 CLOTH-J1/CLOTH-P2/CLOTH-S0/WEAPON-01: actual reservation witness, held bias and cleanup
WITNESS: Sun0 gap=2.000000000 signed_heading_degrees=19.999999418 source=(0.0, -0.004178, -0.4) sampled_hero=(0.0, -0.004844, 1.6) held_direction=(0.34202, 0.0, 0.939693) actual_adapter_endpoint=(1.02606, -0.004178, 2.419078)
PASS: Sun0 case 062/216 CLOTH-J1/CLOTH-P2/CLOTH-S0/WEAPON-02: actual reservation witness, held bias and cleanup
WITNESS: Sun0 gap=2.000000000 signed_heading_degrees=19.999999418 source=(0.0, -0.004178, -0.4) sampled_hero=(0.0, -0.004844, 1.6) held_direction=(0.34202, 0.0, 0.939693) actual_adapter_endpoint=(1.02606, -0.004178, 2.419078)
PASS: Sun0 case 063/216 CLOTH-J1/CLOTH-P2/CLOTH-S0/WEAPON-03: actual reservation witness, held bias and cleanup
WITNESS: Sun0 gap=2.000000000 signed_heading_degrees=19.999999418 source=(0.0, -0.004178, -0.4) sampled_hero=(0.0, -0.004844, 1.6) held_direction=(0.34202, 0.0, 0.939693) actual_adapter_endpoint=(1.02606, -0.004178, 2.419078)
PASS: Sun0 case 064/216 CLOTH-J1/CLOTH-P2/CLOTH-S0/WEAPON-04: actual reservation witness, held bias and cleanup
WITNESS: Sun0 gap=2.000000000 signed_heading_degrees=19.999999418 source=(0.0, -0.004178, -0.4) sampled_hero=(0.0, -0.004844, 1.6) held_direction=(0.34202, 0.0, 0.939693) actual_adapter_endpoint=(1.02606, -0.004178, 2.419078)
PASS: Sun0 case 065/216 CLOTH-J1/CLOTH-P2/CLOTH-S1/WEAPON-01: actual reservation witness, held bias and cleanup
WITNESS: Sun0 gap=2.000000000 signed_heading_degrees=19.999999418 source=(0.0, -0.004178, -0.4) sampled_hero=(0.0, -0.004844, 1.6) held_direction=(0.34202, 0.0, 0.939693) actual_adapter_endpoint=(1.02606, -0.004178, 2.419078)
PASS: Sun0 case 066/216 CLOTH-J1/CLOTH-P2/CLOTH-S1/WEAPON-02: actual reservation witness, held bias and cleanup
WITNESS: Sun0 gap=2.000000000 signed_heading_degrees=19.999999418 source=(0.0, -0.004178, -0.4) sampled_hero=(0.0, -0.004844, 1.6) held_direction=(0.34202, 0.0, 0.939693) actual_adapter_endpoint=(1.02606, -0.004178, 2.419078)
PASS: Sun0 case 067/216 CLOTH-J1/CLOTH-P2/CLOTH-S1/WEAPON-03: actual reservation witness, held bias and cleanup
WITNESS: Sun0 gap=2.000000000 signed_heading_degrees=19.999999418 source=(0.0, -0.004178, -0.4) sampled_hero=(0.0, -0.004844, 1.6) held_direction=(0.34202, 0.0, 0.939693) actual_adapter_endpoint=(1.02606, -0.004178, 2.419078)
PASS: Sun0 case 068/216 CLOTH-J1/CLOTH-P2/CLOTH-S1/WEAPON-04: actual reservation witness, held bias and cleanup
WITNESS: Sun0 gap=2.000000000 signed_heading_degrees=19.999999418 source=(0.0, -0.004178, -0.4) sampled_hero=(0.0, -0.004844, 1.6) held_direction=(0.34202, 0.0, 0.939693) actual_adapter_endpoint=(1.02606, -0.004178, 2.419078)
PASS: Sun0 case 069/216 CLOTH-J1/CLOTH-P2/CLOTH-S2/WEAPON-01: actual reservation witness, held bias and cleanup
WITNESS: Sun0 gap=2.000000000 signed_heading_degrees=19.999999418 source=(0.0, -0.004178, -0.4) sampled_hero=(0.0, -0.004844, 1.6) held_direction=(0.34202, 0.0, 0.939693) actual_adapter_endpoint=(1.02606, -0.004178, 2.419078)
PASS: Sun0 case 070/216 CLOTH-J1/CLOTH-P2/CLOTH-S2/WEAPON-02: actual reservation witness, held bias and cleanup
WITNESS: Sun0 gap=2.000000000 signed_heading_degrees=19.999999418 source=(0.0, -0.004178, -0.4) sampled_hero=(0.0, -0.004844, 1.6) held_direction=(0.34202, 0.0, 0.939693) actual_adapter_endpoint=(1.02606, -0.004178, 2.419078)
PASS: Sun0 case 071/216 CLOTH-J1/CLOTH-P2/CLOTH-S2/WEAPON-03: actual reservation witness, held bias and cleanup
WITNESS: Sun0 gap=2.000000000 signed_heading_degrees=19.999999418 source=(0.0, -0.004178, -0.4) sampled_hero=(0.0, -0.004844, 1.6) held_direction=(0.34202, 0.0, 0.939693) actual_adapter_endpoint=(1.02606, -0.004178, 2.419078)
PASS: Sun0 case 072/216 CLOTH-J1/CLOTH-P2/CLOTH-S2/WEAPON-04: actual reservation witness, held bias and cleanup
WITNESS: Sun0 gap=2.000000000 signed_heading_degrees=19.999999418 source=(0.0, -0.004178, -0.4) sampled_hero=(0.0, -0.004844, 1.6) held_direction=(0.34202, 0.0, 0.939693) actual_adapter_endpoint=(1.02606, -0.004178, 2.419078)
PASS: Sun0 case 073/216 CLOTH-J2/CLOTH-P0/CLOTH-S0/WEAPON-01: actual reservation witness, held bias and cleanup
WITNESS: Sun0 gap=2.000000000 signed_heading_degrees=19.999999418 source=(0.0, -0.004178, -0.4) sampled_hero=(0.0, -0.004844, 1.6) held_direction=(0.34202, 0.0, 0.939693) actual_adapter_endpoint=(1.02606, -0.004178, 2.419078)
PASS: Sun0 case 074/216 CLOTH-J2/CLOTH-P0/CLOTH-S0/WEAPON-02: actual reservation witness, held bias and cleanup
WITNESS: Sun0 gap=2.000000000 signed_heading_degrees=19.999999418 source=(0.0, -0.004178, -0.4) sampled_hero=(0.0, -0.004844, 1.6) held_direction=(0.34202, 0.0, 0.939693) actual_adapter_endpoint=(1.02606, -0.004178, 2.419078)
PASS: Sun0 case 075/216 CLOTH-J2/CLOTH-P0/CLOTH-S0/WEAPON-03: actual reservation witness, held bias and cleanup
WITNESS: Sun0 gap=2.000000000 signed_heading_degrees=19.999999418 source=(0.0, -0.004178, -0.4) sampled_hero=(0.0, -0.004844, 1.6) held_direction=(0.34202, 0.0, 0.939693) actual_adapter_endpoint=(1.02606, -0.004178, 2.419078)
PASS: Sun0 case 076/216 CLOTH-J2/CLOTH-P0/CLOTH-S0/WEAPON-04: actual reservation witness, held bias and cleanup
WITNESS: Sun0 gap=2.000000000 signed_heading_degrees=19.999999418 source=(0.0, -0.004178, -0.4) sampled_hero=(0.0, -0.004844, 1.6) held_direction=(0.34202, 0.0, 0.939693) actual_adapter_endpoint=(1.02606, -0.004178, 2.419078)
PASS: Sun0 case 077/216 CLOTH-J2/CLOTH-P0/CLOTH-S1/WEAPON-01: actual reservation witness, held bias and cleanup
WITNESS: Sun0 gap=2.000000000 signed_heading_degrees=19.999999418 source=(0.0, -0.004178, -0.4) sampled_hero=(0.0, -0.004844, 1.6) held_direction=(0.34202, 0.0, 0.939693) actual_adapter_endpoint=(1.02606, -0.004178, 2.419078)
PASS: Sun0 case 078/216 CLOTH-J2/CLOTH-P0/CLOTH-S1/WEAPON-02: actual reservation witness, held bias and cleanup
WITNESS: Sun0 gap=2.000000000 signed_heading_degrees=19.999999418 source=(0.0, -0.004178, -0.4) sampled_hero=(0.0, -0.004844, 1.6) held_direction=(0.34202, 0.0, 0.939693) actual_adapter_endpoint=(1.02606, -0.004178, 2.419078)
PASS: Sun0 case 079/216 CLOTH-J2/CLOTH-P0/CLOTH-S1/WEAPON-03: actual reservation witness, held bias and cleanup
WITNESS: Sun0 gap=2.000000000 signed_heading_degrees=19.999999418 source=(0.0, -0.004178, -0.4) sampled_hero=(0.0, -0.004844, 1.6) held_direction=(0.34202, 0.0, 0.939693) actual_adapter_endpoint=(1.02606, -0.004178, 2.419078)
PASS: Sun0 case 080/216 CLOTH-J2/CLOTH-P0/CLOTH-S1/WEAPON-04: actual reservation witness, held bias and cleanup
WITNESS: Sun0 gap=2.000000000 signed_heading_degrees=19.999999418 source=(0.0, -0.004178, -0.4) sampled_hero=(0.0, -0.004844, 1.6) held_direction=(0.34202, 0.0, 0.939693) actual_adapter_endpoint=(1.02606, -0.004178, 2.419078)
PASS: Sun0 case 081/216 CLOTH-J2/CLOTH-P0/CLOTH-S2/WEAPON-01: actual reservation witness, held bias and cleanup
WITNESS: Sun0 gap=2.000000000 signed_heading_degrees=19.999999418 source=(0.0, -0.004178, -0.4) sampled_hero=(0.0, -0.004844, 1.6) held_direction=(0.34202, 0.0, 0.939693) actual_adapter_endpoint=(1.02606, -0.004178, 2.419078)
PASS: Sun0 case 082/216 CLOTH-J2/CLOTH-P0/CLOTH-S2/WEAPON-02: actual reservation witness, held bias and cleanup
WITNESS: Sun0 gap=2.000000000 signed_heading_degrees=19.999999418 source=(0.0, -0.004178, -0.4) sampled_hero=(0.0, -0.004844, 1.6) held_direction=(0.34202, 0.0, 0.939693) actual_adapter_endpoint=(1.02606, -0.004178, 2.419078)
PASS: Sun0 case 083/216 CLOTH-J2/CLOTH-P0/CLOTH-S2/WEAPON-03: actual reservation witness, held bias and cleanup
WITNESS: Sun0 gap=2.000000000 signed_heading_degrees=19.999999418 source=(0.0, -0.004178, -0.4) sampled_hero=(0.0, -0.004844, 1.6) held_direction=(0.34202, 0.0, 0.939693) actual_adapter_endpoint=(1.02606, -0.004178, 2.419078)
PASS: Sun0 case 084/216 CLOTH-J2/CLOTH-P0/CLOTH-S2/WEAPON-04: actual reservation witness, held bias and cleanup
WITNESS: Sun0 gap=2.000000000 signed_heading_degrees=19.999999418 source=(0.0, -0.004178, -0.4) sampled_hero=(0.0, -0.004844, 1.6) held_direction=(0.34202, 0.0, 0.939693) actual_adapter_endpoint=(1.02606, -0.004178, 2.419078)
PASS: Sun0 case 085/216 CLOTH-J2/CLOTH-P1/CLOTH-S0/WEAPON-01: actual reservation witness, held bias and cleanup
WITNESS: Sun0 gap=2.000000000 signed_heading_degrees=19.999999418 source=(0.0, -0.004178, -0.4) sampled_hero=(0.0, -0.004844, 1.6) held_direction=(0.34202, 0.0, 0.939693) actual_adapter_endpoint=(1.02606, -0.004178, 2.419078)
PASS: Sun0 case 086/216 CLOTH-J2/CLOTH-P1/CLOTH-S0/WEAPON-02: actual reservation witness, held bias and cleanup
WITNESS: Sun0 gap=2.000000000 signed_heading_degrees=19.999999418 source=(0.0, -0.004178, -0.4) sampled_hero=(0.0, -0.004844, 1.6) held_direction=(0.34202, 0.0, 0.939693) actual_adapter_endpoint=(1.02606, -0.004178, 2.419078)
PASS: Sun0 case 087/216 CLOTH-J2/CLOTH-P1/CLOTH-S0/WEAPON-03: actual reservation witness, held bias and cleanup
WITNESS: Sun0 gap=2.000000000 signed_heading_degrees=19.999999418 source=(0.0, -0.004178, -0.4) sampled_hero=(0.0, -0.004844, 1.6) held_direction=(0.34202, 0.0, 0.939693) actual_adapter_endpoint=(1.02606, -0.004178, 2.419078)
PASS: Sun0 case 088/216 CLOTH-J2/CLOTH-P1/CLOTH-S0/WEAPON-04: actual reservation witness, held bias and cleanup
WITNESS: Sun0 gap=2.000000000 signed_heading_degrees=19.999999418 source=(0.0, -0.004178, -0.4) sampled_hero=(0.0, -0.004844, 1.6) held_direction=(0.34202, 0.0, 0.939693) actual_adapter_endpoint=(1.02606, -0.004178, 2.419078)
PASS: Sun0 case 089/216 CLOTH-J2/CLOTH-P1/CLOTH-S1/WEAPON-01: actual reservation witness, held bias and cleanup
WITNESS: Sun0 gap=2.000000000 signed_heading_degrees=19.999999418 source=(0.0, -0.004178, -0.4) sampled_hero=(0.0, -0.004844, 1.6) held_direction=(0.34202, 0.0, 0.939693) actual_adapter_endpoint=(1.02606, -0.004178, 2.419078)
PASS: Sun0 case 090/216 CLOTH-J2/CLOTH-P1/CLOTH-S1/WEAPON-02: actual reservation witness, held bias and cleanup
WITNESS: Sun0 gap=2.000000000 signed_heading_degrees=19.999999418 source=(0.0, -0.004178, -0.4) sampled_hero=(0.0, -0.004844, 1.6) held_direction=(0.34202, 0.0, 0.939693) actual_adapter_endpoint=(1.02606, -0.004178, 2.419078)
PASS: Sun0 case 091/216 CLOTH-J2/CLOTH-P1/CLOTH-S1/WEAPON-03: actual reservation witness, held bias and cleanup
WITNESS: Sun0 gap=2.000000000 signed_heading_degrees=19.999999418 source=(0.0, -0.004178, -0.4) sampled_hero=(0.0, -0.004844, 1.6) held_direction=(0.34202, 0.0, 0.939693) actual_adapter_endpoint=(1.02606, -0.004178, 2.419078)
PASS: Sun0 case 092/216 CLOTH-J2/CLOTH-P1/CLOTH-S1/WEAPON-04: actual reservation witness, held bias and cleanup
WITNESS: Sun0 gap=2.000000000 signed_heading_degrees=19.999999418 source=(0.0, -0.004178, -0.4) sampled_hero=(0.0, -0.004844, 1.6) held_direction=(0.34202, 0.0, 0.939693) actual_adapter_endpoint=(1.02606, -0.004178, 2.419078)
PASS: Sun0 case 093/216 CLOTH-J2/CLOTH-P1/CLOTH-S2/WEAPON-01: actual reservation witness, held bias and cleanup
WITNESS: Sun0 gap=2.000000000 signed_heading_degrees=19.999999418 source=(0.0, -0.004178, -0.4) sampled_hero=(0.0, -0.004844, 1.6) held_direction=(0.34202, 0.0, 0.939693) actual_adapter_endpoint=(1.02606, -0.004178, 2.419078)
PASS: Sun0 case 094/216 CLOTH-J2/CLOTH-P1/CLOTH-S2/WEAPON-02: actual reservation witness, held bias and cleanup
WITNESS: Sun0 gap=2.000000000 signed_heading_degrees=19.999999418 source=(0.0, -0.004178, -0.4) sampled_hero=(0.0, -0.004844, 1.6) held_direction=(0.34202, 0.0, 0.939693) actual_adapter_endpoint=(1.02606, -0.004178, 2.419078)
PASS: Sun0 case 095/216 CLOTH-J2/CLOTH-P1/CLOTH-S2/WEAPON-03: actual reservation witness, held bias and cleanup
WITNESS: Sun0 gap=2.000000000 signed_heading_degrees=19.999999418 source=(0.0, -0.004178, -0.4) sampled_hero=(0.0, -0.004844, 1.6) held_direction=(0.34202, 0.0, 0.939693) actual_adapter_endpoint=(1.02606, -0.004178, 2.419078)
PASS: Sun0 case 096/216 CLOTH-J2/CLOTH-P1/CLOTH-S2/WEAPON-04: actual reservation witness, held bias and cleanup
WITNESS: Sun0 gap=2.000000000 signed_heading_degrees=19.999999418 source=(0.0, -0.004178, -0.4) sampled_hero=(0.0, -0.004844, 1.6) held_direction=(0.34202, 0.0, 0.939693) actual_adapter_endpoint=(1.02606, -0.004178, 2.419078)
PASS: Sun0 case 097/216 CLOTH-J2/CLOTH-P2/CLOTH-S0/WEAPON-01: actual reservation witness, held bias and cleanup
WITNESS: Sun0 gap=2.000000000 signed_heading_degrees=19.999999418 source=(0.0, -0.004178, -0.4) sampled_hero=(0.0, -0.004844, 1.6) held_direction=(0.34202, 0.0, 0.939693) actual_adapter_endpoint=(1.02606, -0.004178, 2.419078)
PASS: Sun0 case 098/216 CLOTH-J2/CLOTH-P2/CLOTH-S0/WEAPON-02: actual reservation witness, held bias and cleanup
WITNESS: Sun0 gap=2.000000000 signed_heading_degrees=19.999999418 source=(0.0, -0.004178, -0.4) sampled_hero=(0.0, -0.004844, 1.6) held_direction=(0.34202, 0.0, 0.939693) actual_adapter_endpoint=(1.02606, -0.004178, 2.419078)
PASS: Sun0 case 099/216 CLOTH-J2/CLOTH-P2/CLOTH-S0/WEAPON-03: actual reservation witness, held bias and cleanup
WITNESS: Sun0 gap=2.000000000 signed_heading_degrees=19.999999418 source=(0.0, -0.004178, -0.4) sampled_hero=(0.0, -0.004844, 1.6) held_direction=(0.34202, 0.0, 0.939693) actual_adapter_endpoint=(1.02606, -0.004178, 2.419078)
PASS: Sun0 case 100/216 CLOTH-J2/CLOTH-P2/CLOTH-S0/WEAPON-04: actual reservation witness, held bias and cleanup
WITNESS: Sun0 gap=2.000000000 signed_heading_degrees=19.999999418 source=(0.0, -0.004178, -0.4) sampled_hero=(0.0, -0.004844, 1.6) held_direction=(0.34202, 0.0, 0.939693) actual_adapter_endpoint=(1.02606, -0.004178, 2.419078)
PASS: Sun0 case 101/216 CLOTH-J2/CLOTH-P2/CLOTH-S1/WEAPON-01: actual reservation witness, held bias and cleanup
WITNESS: Sun0 gap=2.000000000 signed_heading_degrees=19.999999418 source=(0.0, -0.004178, -0.4) sampled_hero=(0.0, -0.004844, 1.6) held_direction=(0.34202, 0.0, 0.939693) actual_adapter_endpoint=(1.02606, -0.004178, 2.419078)
PASS: Sun0 case 102/216 CLOTH-J2/CLOTH-P2/CLOTH-S1/WEAPON-02: actual reservation witness, held bias and cleanup
WITNESS: Sun0 gap=2.000000000 signed_heading_degrees=19.999999418 source=(0.0, -0.004178, -0.4) sampled_hero=(0.0, -0.004844, 1.6) held_direction=(0.34202, 0.0, 0.939693) actual_adapter_endpoint=(1.02606, -0.004178, 2.419078)
PASS: Sun0 case 103/216 CLOTH-J2/CLOTH-P2/CLOTH-S1/WEAPON-03: actual reservation witness, held bias and cleanup
WITNESS: Sun0 gap=2.000000000 signed_heading_degrees=19.999999418 source=(0.0, -0.004178, -0.4) sampled_hero=(0.0, -0.004844, 1.6) held_direction=(0.34202, 0.0, 0.939693) actual_adapter_endpoint=(1.02606, -0.004178, 2.419078)
PASS: Sun0 case 104/216 CLOTH-J2/CLOTH-P2/CLOTH-S1/WEAPON-04: actual reservation witness, held bias and cleanup
WITNESS: Sun0 gap=2.000000000 signed_heading_degrees=19.999999418 source=(0.0, -0.004178, -0.4) sampled_hero=(0.0, -0.004844, 1.6) held_direction=(0.34202, 0.0, 0.939693) actual_adapter_endpoint=(1.02606, -0.004178, 2.419078)
PASS: Sun0 case 105/216 CLOTH-J2/CLOTH-P2/CLOTH-S2/WEAPON-01: actual reservation witness, held bias and cleanup
WITNESS: Sun0 gap=2.000000000 signed_heading_degrees=19.999999418 source=(0.0, -0.004178, -0.4) sampled_hero=(0.0, -0.004844, 1.6) held_direction=(0.34202, 0.0, 0.939693) actual_adapter_endpoint=(1.02606, -0.004178, 2.419078)
PASS: Sun0 case 106/216 CLOTH-J2/CLOTH-P2/CLOTH-S2/WEAPON-02: actual reservation witness, held bias and cleanup
WITNESS: Sun0 gap=2.000000000 signed_heading_degrees=19.999999418 source=(0.0, -0.004178, -0.4) sampled_hero=(0.0, -0.004844, 1.6) held_direction=(0.34202, 0.0, 0.939693) actual_adapter_endpoint=(1.02606, -0.004178, 2.419078)
PASS: Sun0 case 107/216 CLOTH-J2/CLOTH-P2/CLOTH-S2/WEAPON-03: actual reservation witness, held bias and cleanup
WITNESS: Sun0 gap=2.000000000 signed_heading_degrees=19.999999418 source=(0.0, -0.004178, -0.4) sampled_hero=(0.0, -0.004844, 1.6) held_direction=(0.34202, 0.0, 0.939693) actual_adapter_endpoint=(1.02606, -0.004178, 2.419078)
PASS: Sun0 case 108/216 CLOTH-J2/CLOTH-P2/CLOTH-S2/WEAPON-04: actual reservation witness, held bias and cleanup
WITNESS: Sun1 gap=2.000000000 signed_heading_degrees=-19.999999418 source=(0.0, -0.004178, -0.4) sampled_hero=(0.0, -0.004844, 1.6) held_direction=(-0.34202, 0.0, 0.939693) actual_adapter_endpoint=(-1.02606, -0.004178, 2.419078)
PASS: Sun1 case 109/216 CLOTH-J0/CLOTH-P0/CLOTH-S0/WEAPON-01: actual reservation witness, held bias and cleanup
WITNESS: Sun1 gap=2.000000000 signed_heading_degrees=-19.999999418 source=(0.0, -0.004178, -0.4) sampled_hero=(0.0, -0.004844, 1.6) held_direction=(-0.34202, 0.0, 0.939693) actual_adapter_endpoint=(-1.02606, -0.004178, 2.419078)
PASS: Sun1 case 110/216 CLOTH-J0/CLOTH-P0/CLOTH-S0/WEAPON-02: actual reservation witness, held bias and cleanup
WITNESS: Sun1 gap=2.000000000 signed_heading_degrees=-19.999999418 source=(0.0, -0.004178, -0.4) sampled_hero=(0.0, -0.004844, 1.6) held_direction=(-0.34202, 0.0, 0.939693) actual_adapter_endpoint=(-1.02606, -0.004178, 2.419078)
PASS: Sun1 case 111/216 CLOTH-J0/CLOTH-P0/CLOTH-S0/WEAPON-03: actual reservation witness, held bias and cleanup
WITNESS: Sun1 gap=2.000000000 signed_heading_degrees=-19.999999418 source=(0.0, -0.004178, -0.4) sampled_hero=(0.0, -0.004844, 1.6) held_direction=(-0.34202, 0.0, 0.939693) actual_adapter_endpoint=(-1.02606, -0.004178, 2.419078)
PASS: Sun1 case 112/216 CLOTH-J0/CLOTH-P0/CLOTH-S0/WEAPON-04: actual reservation witness, held bias and cleanup
WITNESS: Sun1 gap=2.000000000 signed_heading_degrees=-19.999999418 source=(0.0, -0.004178, -0.4) sampled_hero=(0.0, -0.004844, 1.6) held_direction=(-0.34202, 0.0, 0.939693) actual_adapter_endpoint=(-1.02606, -0.004178, 2.419078)
PASS: Sun1 case 113/216 CLOTH-J0/CLOTH-P0/CLOTH-S1/WEAPON-01: actual reservation witness, held bias and cleanup
WITNESS: Sun1 gap=2.000000000 signed_heading_degrees=-19.999999418 source=(0.0, -0.004178, -0.4) sampled_hero=(0.0, -0.004844, 1.6) held_direction=(-0.34202, 0.0, 0.939693) actual_adapter_endpoint=(-1.02606, -0.004178, 2.419078)
PASS: Sun1 case 114/216 CLOTH-J0/CLOTH-P0/CLOTH-S1/WEAPON-02: actual reservation witness, held bias and cleanup
WITNESS: Sun1 gap=2.000000000 signed_heading_degrees=-19.999999418 source=(0.0, -0.004178, -0.4) sampled_hero=(0.0, -0.004844, 1.6) held_direction=(-0.34202, 0.0, 0.939693) actual_adapter_endpoint=(-1.02606, -0.004178, 2.419078)
PASS: Sun1 case 115/216 CLOTH-J0/CLOTH-P0/CLOTH-S1/WEAPON-03: actual reservation witness, held bias and cleanup
WITNESS: Sun1 gap=2.000000000 signed_heading_degrees=-19.999999418 source=(0.0, -0.004178, -0.4) sampled_hero=(0.0, -0.004844, 1.6) held_direction=(-0.34202, 0.0, 0.939693) actual_adapter_endpoint=(-1.02606, -0.004178, 2.419078)
PASS: Sun1 case 116/216 CLOTH-J0/CLOTH-P0/CLOTH-S1/WEAPON-04: actual reservation witness, held bias and cleanup
WITNESS: Sun1 gap=2.000000000 signed_heading_degrees=-19.999999418 source=(0.0, -0.004178, -0.4) sampled_hero=(0.0, -0.004844, 1.6) held_direction=(-0.34202, 0.0, 0.939693) actual_adapter_endpoint=(-1.02606, -0.004178, 2.419078)
PASS: Sun1 case 117/216 CLOTH-J0/CLOTH-P0/CLOTH-S2/WEAPON-01: actual reservation witness, held bias and cleanup
WITNESS: Sun1 gap=2.000000000 signed_heading_degrees=-19.999999418 source=(0.0, -0.004178, -0.4) sampled_hero=(0.0, -0.004844, 1.6) held_direction=(-0.34202, 0.0, 0.939693) actual_adapter_endpoint=(-1.02606, -0.004178, 2.419078)
PASS: Sun1 case 118/216 CLOTH-J0/CLOTH-P0/CLOTH-S2/WEAPON-02: actual reservation witness, held bias and cleanup
WITNESS: Sun1 gap=2.000000000 signed_heading_degrees=-19.999999418 source=(0.0, -0.004178, -0.4) sampled_hero=(0.0, -0.004844, 1.6) held_direction=(-0.34202, 0.0, 0.939693) actual_adapter_endpoint=(-1.02606, -0.004178, 2.419078)
PASS: Sun1 case 119/216 CLOTH-J0/CLOTH-P0/CLOTH-S2/WEAPON-03: actual reservation witness, held bias and cleanup
WITNESS: Sun1 gap=2.000000000 signed_heading_degrees=-19.999999418 source=(0.0, -0.004178, -0.4) sampled_hero=(0.0, -0.004844, 1.6) held_direction=(-0.34202, 0.0, 0.939693) actual_adapter_endpoint=(-1.02606, -0.004178, 2.419078)
PASS: Sun1 case 120/216 CLOTH-J0/CLOTH-P0/CLOTH-S2/WEAPON-04: actual reservation witness, held bias and cleanup
WITNESS: Sun1 gap=2.000000000 signed_heading_degrees=-19.999999418 source=(0.0, -0.004178, -0.4) sampled_hero=(0.0, -0.004844, 1.6) held_direction=(-0.34202, 0.0, 0.939693) actual_adapter_endpoint=(-1.02606, -0.004178, 2.419078)
PASS: Sun1 case 121/216 CLOTH-J0/CLOTH-P1/CLOTH-S0/WEAPON-01: actual reservation witness, held bias and cleanup
WITNESS: Sun1 gap=2.000000000 signed_heading_degrees=-19.999999418 source=(0.0, -0.004178, -0.4) sampled_hero=(0.0, -0.004844, 1.6) held_direction=(-0.34202, 0.0, 0.939693) actual_adapter_endpoint=(-1.02606, -0.004178, 2.419078)
PASS: Sun1 case 122/216 CLOTH-J0/CLOTH-P1/CLOTH-S0/WEAPON-02: actual reservation witness, held bias and cleanup
WITNESS: Sun1 gap=2.000000000 signed_heading_degrees=-19.999999418 source=(0.0, -0.004178, -0.4) sampled_hero=(0.0, -0.004844, 1.6) held_direction=(-0.34202, 0.0, 0.939693) actual_adapter_endpoint=(-1.02606, -0.004178, 2.419078)
PASS: Sun1 case 123/216 CLOTH-J0/CLOTH-P1/CLOTH-S0/WEAPON-03: actual reservation witness, held bias and cleanup
WITNESS: Sun1 gap=2.000000000 signed_heading_degrees=-19.999999418 source=(0.0, -0.004178, -0.4) sampled_hero=(0.0, -0.004844, 1.6) held_direction=(-0.34202, 0.0, 0.939693) actual_adapter_endpoint=(-1.02606, -0.004178, 2.419078)
PASS: Sun1 case 124/216 CLOTH-J0/CLOTH-P1/CLOTH-S0/WEAPON-04: actual reservation witness, held bias and cleanup
WITNESS: Sun1 gap=2.000000000 signed_heading_degrees=-19.999999418 source=(0.0, -0.004178, -0.4) sampled_hero=(0.0, -0.004844, 1.6) held_direction=(-0.34202, 0.0, 0.939693) actual_adapter_endpoint=(-1.02606, -0.004178, 2.419078)
PASS: Sun1 case 125/216 CLOTH-J0/CLOTH-P1/CLOTH-S1/WEAPON-01: actual reservation witness, held bias and cleanup
WITNESS: Sun1 gap=2.000000000 signed_heading_degrees=-19.999999418 source=(0.0, -0.004178, -0.4) sampled_hero=(0.0, -0.004844, 1.6) held_direction=(-0.34202, 0.0, 0.939693) actual_adapter_endpoint=(-1.02606, -0.004178, 2.419078)
PASS: Sun1 case 126/216 CLOTH-J0/CLOTH-P1/CLOTH-S1/WEAPON-02: actual reservation witness, held bias and cleanup
WITNESS: Sun1 gap=2.000000000 signed_heading_degrees=-19.999999418 source=(0.0, -0.004178, -0.4) sampled_hero=(0.0, -0.004844, 1.6) held_direction=(-0.34202, 0.0, 0.939693) actual_adapter_endpoint=(-1.02606, -0.004178, 2.419078)
PASS: Sun1 case 127/216 CLOTH-J0/CLOTH-P1/CLOTH-S1/WEAPON-03: actual reservation witness, held bias and cleanup
WITNESS: Sun1 gap=2.000000000 signed_heading_degrees=-19.999999418 source=(0.0, -0.004178, -0.4) sampled_hero=(0.0, -0.004844, 1.6) held_direction=(-0.34202, 0.0, 0.939693) actual_adapter_endpoint=(-1.02606, -0.004178, 2.419078)
PASS: Sun1 case 128/216 CLOTH-J0/CLOTH-P1/CLOTH-S1/WEAPON-04: actual reservation witness, held bias and cleanup
WITNESS: Sun1 gap=2.000000000 signed_heading_degrees=-19.999999418 source=(0.0, -0.004178, -0.4) sampled_hero=(0.0, -0.004844, 1.6) held_direction=(-0.34202, 0.0, 0.939693) actual_adapter_endpoint=(-1.02606, -0.004178, 2.419078)
PASS: Sun1 case 129/216 CLOTH-J0/CLOTH-P1/CLOTH-S2/WEAPON-01: actual reservation witness, held bias and cleanup
WITNESS: Sun1 gap=2.000000000 signed_heading_degrees=-19.999999418 source=(0.0, -0.004178, -0.4) sampled_hero=(0.0, -0.004844, 1.6) held_direction=(-0.34202, 0.0, 0.939693) actual_adapter_endpoint=(-1.02606, -0.004178, 2.419078)
PASS: Sun1 case 130/216 CLOTH-J0/CLOTH-P1/CLOTH-S2/WEAPON-02: actual reservation witness, held bias and cleanup
WITNESS: Sun1 gap=2.000000000 signed_heading_degrees=-19.999999418 source=(0.0, -0.004178, -0.4) sampled_hero=(0.0, -0.004844, 1.6) held_direction=(-0.34202, 0.0, 0.939693) actual_adapter_endpoint=(-1.02606, -0.004178, 2.419078)
PASS: Sun1 case 131/216 CLOTH-J0/CLOTH-P1/CLOTH-S2/WEAPON-03: actual reservation witness, held bias and cleanup
WITNESS: Sun1 gap=2.000000000 signed_heading_degrees=-19.999999418 source=(0.0, -0.004178, -0.4) sampled_hero=(0.0, -0.004844, 1.6) held_direction=(-0.34202, 0.0, 0.939693) actual_adapter_endpoint=(-1.02606, -0.004178, 2.419078)
PASS: Sun1 case 132/216 CLOTH-J0/CLOTH-P1/CLOTH-S2/WEAPON-04: actual reservation witness, held bias and cleanup
WITNESS: Sun1 gap=2.000000000 signed_heading_degrees=-19.999999418 source=(0.0, -0.004178, -0.4) sampled_hero=(0.0, -0.004844, 1.6) held_direction=(-0.34202, 0.0, 0.939693) actual_adapter_endpoint=(-1.02606, -0.004178, 2.419078)
PASS: Sun1 case 133/216 CLOTH-J0/CLOTH-P2/CLOTH-S0/WEAPON-01: actual reservation witness, held bias and cleanup
WITNESS: Sun1 gap=2.000000000 signed_heading_degrees=-19.999999418 source=(0.0, -0.004178, -0.4) sampled_hero=(0.0, -0.004844, 1.6) held_direction=(-0.34202, 0.0, 0.939693) actual_adapter_endpoint=(-1.02606, -0.004178, 2.419078)
PASS: Sun1 case 134/216 CLOTH-J0/CLOTH-P2/CLOTH-S0/WEAPON-02: actual reservation witness, held bias and cleanup
WITNESS: Sun1 gap=2.000000000 signed_heading_degrees=-19.999999418 source=(0.0, -0.004178, -0.4) sampled_hero=(0.0, -0.004844, 1.6) held_direction=(-0.34202, 0.0, 0.939693) actual_adapter_endpoint=(-1.02606, -0.004178, 2.419078)
PASS: Sun1 case 135/216 CLOTH-J0/CLOTH-P2/CLOTH-S0/WEAPON-03: actual reservation witness, held bias and cleanup
WITNESS: Sun1 gap=2.000000000 signed_heading_degrees=-19.999999418 source=(0.0, -0.004178, -0.4) sampled_hero=(0.0, -0.004844, 1.6) held_direction=(-0.34202, 0.0, 0.939693) actual_adapter_endpoint=(-1.02606, -0.004178, 2.419078)
PASS: Sun1 case 136/216 CLOTH-J0/CLOTH-P2/CLOTH-S0/WEAPON-04: actual reservation witness, held bias and cleanup
WITNESS: Sun1 gap=2.000000000 signed_heading_degrees=-19.999999418 source=(0.0, -0.004178, -0.4) sampled_hero=(0.0, -0.004844, 1.6) held_direction=(-0.34202, 0.0, 0.939693) actual_adapter_endpoint=(-1.02606, -0.004178, 2.419078)
PASS: Sun1 case 137/216 CLOTH-J0/CLOTH-P2/CLOTH-S1/WEAPON-01: actual reservation witness, held bias and cleanup
WITNESS: Sun1 gap=2.000000000 signed_heading_degrees=-19.999999418 source=(0.0, -0.004178, -0.4) sampled_hero=(0.0, -0.004844, 1.6) held_direction=(-0.34202, 0.0, 0.939693) actual_adapter_endpoint=(-1.02606, -0.004178, 2.419078)
PASS: Sun1 case 138/216 CLOTH-J0/CLOTH-P2/CLOTH-S1/WEAPON-02: actual reservation witness, held bias and cleanup
WITNESS: Sun1 gap=2.000000000 signed_heading_degrees=-19.999999418 source=(0.0, -0.004178, -0.4) sampled_hero=(0.0, -0.004844, 1.6) held_direction=(-0.34202, 0.0, 0.939693) actual_adapter_endpoint=(-1.02606, -0.004178, 2.419078)
PASS: Sun1 case 139/216 CLOTH-J0/CLOTH-P2/CLOTH-S1/WEAPON-03: actual reservation witness, held bias and cleanup
WITNESS: Sun1 gap=2.000000000 signed_heading_degrees=-19.999999418 source=(0.0, -0.004178, -0.4) sampled_hero=(0.0, -0.004844, 1.6) held_direction=(-0.34202, 0.0, 0.939693) actual_adapter_endpoint=(-1.02606, -0.004178, 2.419078)
PASS: Sun1 case 140/216 CLOTH-J0/CLOTH-P2/CLOTH-S1/WEAPON-04: actual reservation witness, held bias and cleanup
WITNESS: Sun1 gap=2.000000000 signed_heading_degrees=-19.999999418 source=(0.0, -0.004178, -0.4) sampled_hero=(0.0, -0.004844, 1.6) held_direction=(-0.34202, 0.0, 0.939693) actual_adapter_endpoint=(-1.02606, -0.004178, 2.419078)
PASS: Sun1 case 141/216 CLOTH-J0/CLOTH-P2/CLOTH-S2/WEAPON-01: actual reservation witness, held bias and cleanup
WITNESS: Sun1 gap=2.000000000 signed_heading_degrees=-19.999999418 source=(0.0, -0.004178, -0.4) sampled_hero=(0.0, -0.004844, 1.6) held_direction=(-0.34202, 0.0, 0.939693) actual_adapter_endpoint=(-1.02606, -0.004178, 2.419078)
PASS: Sun1 case 142/216 CLOTH-J0/CLOTH-P2/CLOTH-S2/WEAPON-02: actual reservation witness, held bias and cleanup
WITNESS: Sun1 gap=2.000000000 signed_heading_degrees=-19.999999418 source=(0.0, -0.004178, -0.4) sampled_hero=(0.0, -0.004844, 1.6) held_direction=(-0.34202, 0.0, 0.939693) actual_adapter_endpoint=(-1.02606, -0.004178, 2.419078)
PASS: Sun1 case 143/216 CLOTH-J0/CLOTH-P2/CLOTH-S2/WEAPON-03: actual reservation witness, held bias and cleanup
WITNESS: Sun1 gap=2.000000000 signed_heading_degrees=-19.999999418 source=(0.0, -0.004178, -0.4) sampled_hero=(0.0, -0.004844, 1.6) held_direction=(-0.34202, 0.0, 0.939693) actual_adapter_endpoint=(-1.02606, -0.004178, 2.419078)
PASS: Sun1 case 144/216 CLOTH-J0/CLOTH-P2/CLOTH-S2/WEAPON-04: actual reservation witness, held bias and cleanup
WITNESS: Sun1 gap=2.000000000 signed_heading_degrees=-19.999999418 source=(0.0, -0.004178, -0.4) sampled_hero=(0.0, -0.004844, 1.6) held_direction=(-0.34202, 0.0, 0.939693) actual_adapter_endpoint=(-1.02606, -0.004178, 2.419078)
PASS: Sun1 case 145/216 CLOTH-J1/CLOTH-P0/CLOTH-S0/WEAPON-01: actual reservation witness, held bias and cleanup
WITNESS: Sun1 gap=2.000000000 signed_heading_degrees=-19.999999418 source=(0.0, -0.004178, -0.4) sampled_hero=(0.0, -0.004844, 1.6) held_direction=(-0.34202, 0.0, 0.939693) actual_adapter_endpoint=(-1.02606, -0.004178, 2.419078)
PASS: Sun1 case 146/216 CLOTH-J1/CLOTH-P0/CLOTH-S0/WEAPON-02: actual reservation witness, held bias and cleanup
WITNESS: Sun1 gap=2.000000000 signed_heading_degrees=-19.999999418 source=(0.0, -0.004178, -0.4) sampled_hero=(0.0, -0.004844, 1.6) held_direction=(-0.34202, 0.0, 0.939693) actual_adapter_endpoint=(-1.02606, -0.004178, 2.419078)
PASS: Sun1 case 147/216 CLOTH-J1/CLOTH-P0/CLOTH-S0/WEAPON-03: actual reservation witness, held bias and cleanup
WITNESS: Sun1 gap=2.000000000 signed_heading_degrees=-19.999999418 source=(0.0, -0.004178, -0.4) sampled_hero=(0.0, -0.004844, 1.6) held_direction=(-0.34202, 0.0, 0.939693) actual_adapter_endpoint=(-1.02606, -0.004178, 2.419078)
PASS: Sun1 case 148/216 CLOTH-J1/CLOTH-P0/CLOTH-S0/WEAPON-04: actual reservation witness, held bias and cleanup
WITNESS: Sun1 gap=2.000000000 signed_heading_degrees=-19.999999418 source=(0.0, -0.004178, -0.4) sampled_hero=(0.0, -0.004844, 1.6) held_direction=(-0.34202, 0.0, 0.939693) actual_adapter_endpoint=(-1.02606, -0.004178, 2.419078)
PASS: Sun1 case 149/216 CLOTH-J1/CLOTH-P0/CLOTH-S1/WEAPON-01: actual reservation witness, held bias and cleanup
WITNESS: Sun1 gap=2.000000000 signed_heading_degrees=-19.999999418 source=(0.0, -0.004178, -0.4) sampled_hero=(0.0, -0.004844, 1.6) held_direction=(-0.34202, 0.0, 0.939693) actual_adapter_endpoint=(-1.02606, -0.004178, 2.419078)
PASS: Sun1 case 150/216 CLOTH-J1/CLOTH-P0/CLOTH-S1/WEAPON-02: actual reservation witness, held bias and cleanup
WITNESS: Sun1 gap=2.000000000 signed_heading_degrees=-19.999999418 source=(0.0, -0.004178, -0.4) sampled_hero=(0.0, -0.004844, 1.6) held_direction=(-0.34202, 0.0, 0.939693) actual_adapter_endpoint=(-1.02606, -0.004178, 2.419078)
PASS: Sun1 case 151/216 CLOTH-J1/CLOTH-P0/CLOTH-S1/WEAPON-03: actual reservation witness, held bias and cleanup
WITNESS: Sun1 gap=2.000000000 signed_heading_degrees=-19.999999418 source=(0.0, -0.004178, -0.4) sampled_hero=(0.0, -0.004844, 1.6) held_direction=(-0.34202, 0.0, 0.939693) actual_adapter_endpoint=(-1.02606, -0.004178, 2.419078)
PASS: Sun1 case 152/216 CLOTH-J1/CLOTH-P0/CLOTH-S1/WEAPON-04: actual reservation witness, held bias and cleanup
WITNESS: Sun1 gap=2.000000000 signed_heading_degrees=-19.999999418 source=(0.0, -0.004178, -0.4) sampled_hero=(0.0, -0.004844, 1.6) held_direction=(-0.34202, 0.0, 0.939693) actual_adapter_endpoint=(-1.02606, -0.004178, 2.419078)
PASS: Sun1 case 153/216 CLOTH-J1/CLOTH-P0/CLOTH-S2/WEAPON-01: actual reservation witness, held bias and cleanup
WITNESS: Sun1 gap=2.000000000 signed_heading_degrees=-19.999999418 source=(0.0, -0.004178, -0.4) sampled_hero=(0.0, -0.004844, 1.6) held_direction=(-0.34202, 0.0, 0.939693) actual_adapter_endpoint=(-1.02606, -0.004178, 2.419078)
PASS: Sun1 case 154/216 CLOTH-J1/CLOTH-P0/CLOTH-S2/WEAPON-02: actual reservation witness, held bias and cleanup
WITNESS: Sun1 gap=2.000000000 signed_heading_degrees=-19.999999418 source=(0.0, -0.004178, -0.4) sampled_hero=(0.0, -0.004844, 1.6) held_direction=(-0.34202, 0.0, 0.939693) actual_adapter_endpoint=(-1.02606, -0.004178, 2.419078)
PASS: Sun1 case 155/216 CLOTH-J1/CLOTH-P0/CLOTH-S2/WEAPON-03: actual reservation witness, held bias and cleanup
WITNESS: Sun1 gap=2.000000000 signed_heading_degrees=-19.999999418 source=(0.0, -0.004178, -0.4) sampled_hero=(0.0, -0.004844, 1.6) held_direction=(-0.34202, 0.0, 0.939693) actual_adapter_endpoint=(-1.02606, -0.004178, 2.419078)
PASS: Sun1 case 156/216 CLOTH-J1/CLOTH-P0/CLOTH-S2/WEAPON-04: actual reservation witness, held bias and cleanup
WITNESS: Sun1 gap=2.000000000 signed_heading_degrees=-19.999999418 source=(0.0, -0.004178, -0.4) sampled_hero=(0.0, -0.004844, 1.6) held_direction=(-0.34202, 0.0, 0.939693) actual_adapter_endpoint=(-1.02606, -0.004178, 2.419078)
PASS: Sun1 case 157/216 CLOTH-J1/CLOTH-P1/CLOTH-S0/WEAPON-01: actual reservation witness, held bias and cleanup
WITNESS: Sun1 gap=2.000000000 signed_heading_degrees=-19.999999418 source=(0.0, -0.004178, -0.4) sampled_hero=(0.0, -0.004844, 1.6) held_direction=(-0.34202, 0.0, 0.939693) actual_adapter_endpoint=(-1.02606, -0.004178, 2.419078)
PASS: Sun1 case 158/216 CLOTH-J1/CLOTH-P1/CLOTH-S0/WEAPON-02: actual reservation witness, held bias and cleanup
WITNESS: Sun1 gap=2.000000000 signed_heading_degrees=-19.999999418 source=(0.0, -0.004178, -0.4) sampled_hero=(0.0, -0.004844, 1.6) held_direction=(-0.34202, 0.0, 0.939693) actual_adapter_endpoint=(-1.02606, -0.004178, 2.419078)
PASS: Sun1 case 159/216 CLOTH-J1/CLOTH-P1/CLOTH-S0/WEAPON-03: actual reservation witness, held bias and cleanup
WITNESS: Sun1 gap=2.000000000 signed_heading_degrees=-19.999999418 source=(0.0, -0.004178, -0.4) sampled_hero=(0.0, -0.004844, 1.6) held_direction=(-0.34202, 0.0, 0.939693) actual_adapter_endpoint=(-1.02606, -0.004178, 2.419078)
PASS: Sun1 case 160/216 CLOTH-J1/CLOTH-P1/CLOTH-S0/WEAPON-04: actual reservation witness, held bias and cleanup
WITNESS: Sun1 gap=2.000000000 signed_heading_degrees=-19.999999418 source=(0.0, -0.004178, -0.4) sampled_hero=(0.0, -0.004844, 1.6) held_direction=(-0.34202, 0.0, 0.939693) actual_adapter_endpoint=(-1.02606, -0.004178, 2.419078)
PASS: Sun1 case 161/216 CLOTH-J1/CLOTH-P1/CLOTH-S1/WEAPON-01: actual reservation witness, held bias and cleanup
WITNESS: Sun1 gap=2.000000000 signed_heading_degrees=-19.999999418 source=(0.0, -0.004178, -0.4) sampled_hero=(0.0, -0.004844, 1.6) held_direction=(-0.34202, 0.0, 0.939693) actual_adapter_endpoint=(-1.02606, -0.004178, 2.419078)
PASS: Sun1 case 162/216 CLOTH-J1/CLOTH-P1/CLOTH-S1/WEAPON-02: actual reservation witness, held bias and cleanup
WITNESS: Sun1 gap=2.000000000 signed_heading_degrees=-19.999999418 source=(0.0, -0.004178, -0.4) sampled_hero=(0.0, -0.004844, 1.6) held_direction=(-0.34202, 0.0, 0.939693) actual_adapter_endpoint=(-1.02606, -0.004178, 2.419078)
PASS: Sun1 case 163/216 CLOTH-J1/CLOTH-P1/CLOTH-S1/WEAPON-03: actual reservation witness, held bias and cleanup
WITNESS: Sun1 gap=2.000000000 signed_heading_degrees=-19.999999418 source=(0.0, -0.004178, -0.4) sampled_hero=(0.0, -0.004844, 1.6) held_direction=(-0.34202, 0.0, 0.939693) actual_adapter_endpoint=(-1.02606, -0.004178, 2.419078)
PASS: Sun1 case 164/216 CLOTH-J1/CLOTH-P1/CLOTH-S1/WEAPON-04: actual reservation witness, held bias and cleanup
WITNESS: Sun1 gap=2.000000000 signed_heading_degrees=-19.999999418 source=(0.0, -0.004178, -0.4) sampled_hero=(0.0, -0.004844, 1.6) held_direction=(-0.34202, 0.0, 0.939693) actual_adapter_endpoint=(-1.02606, -0.004178, 2.419078)
PASS: Sun1 case 165/216 CLOTH-J1/CLOTH-P1/CLOTH-S2/WEAPON-01: actual reservation witness, held bias and cleanup
WITNESS: Sun1 gap=2.000000000 signed_heading_degrees=-19.999999418 source=(0.0, -0.004178, -0.4) sampled_hero=(0.0, -0.004844, 1.6) held_direction=(-0.34202, 0.0, 0.939693) actual_adapter_endpoint=(-1.02606, -0.004178, 2.419078)
PASS: Sun1 case 166/216 CLOTH-J1/CLOTH-P1/CLOTH-S2/WEAPON-02: actual reservation witness, held bias and cleanup
WITNESS: Sun1 gap=2.000000000 signed_heading_degrees=-19.999999418 source=(0.0, -0.004178, -0.4) sampled_hero=(0.0, -0.004844, 1.6) held_direction=(-0.34202, 0.0, 0.939693) actual_adapter_endpoint=(-1.02606, -0.004178, 2.419078)
PASS: Sun1 case 167/216 CLOTH-J1/CLOTH-P1/CLOTH-S2/WEAPON-03: actual reservation witness, held bias and cleanup
WITNESS: Sun1 gap=2.000000000 signed_heading_degrees=-19.999999418 source=(0.0, -0.004178, -0.4) sampled_hero=(0.0, -0.004844, 1.6) held_direction=(-0.34202, 0.0, 0.939693) actual_adapter_endpoint=(-1.02606, -0.004178, 2.419078)
PASS: Sun1 case 168/216 CLOTH-J1/CLOTH-P1/CLOTH-S2/WEAPON-04: actual reservation witness, held bias and cleanup
WITNESS: Sun1 gap=2.000000000 signed_heading_degrees=-19.999999418 source=(0.0, -0.004178, -0.4) sampled_hero=(0.0, -0.004844, 1.6) held_direction=(-0.34202, 0.0, 0.939693) actual_adapter_endpoint=(-1.02606, -0.004178, 2.419078)
PASS: Sun1 case 169/216 CLOTH-J1/CLOTH-P2/CLOTH-S0/WEAPON-01: actual reservation witness, held bias and cleanup
WITNESS: Sun1 gap=2.000000000 signed_heading_degrees=-19.999999418 source=(0.0, -0.004178, -0.4) sampled_hero=(0.0, -0.004844, 1.6) held_direction=(-0.34202, 0.0, 0.939693) actual_adapter_endpoint=(-1.02606, -0.004178, 2.419078)
PASS: Sun1 case 170/216 CLOTH-J1/CLOTH-P2/CLOTH-S0/WEAPON-02: actual reservation witness, held bias and cleanup
WITNESS: Sun1 gap=2.000000000 signed_heading_degrees=-19.999999418 source=(0.0, -0.004178, -0.4) sampled_hero=(0.0, -0.004844, 1.6) held_direction=(-0.34202, 0.0, 0.939693) actual_adapter_endpoint=(-1.02606, -0.004178, 2.419078)
PASS: Sun1 case 171/216 CLOTH-J1/CLOTH-P2/CLOTH-S0/WEAPON-03: actual reservation witness, held bias and cleanup
WITNESS: Sun1 gap=2.000000000 signed_heading_degrees=-19.999999418 source=(0.0, -0.004178, -0.4) sampled_hero=(0.0, -0.004844, 1.6) held_direction=(-0.34202, 0.0, 0.939693) actual_adapter_endpoint=(-1.02606, -0.004178, 2.419078)
PASS: Sun1 case 172/216 CLOTH-J1/CLOTH-P2/CLOTH-S0/WEAPON-04: actual reservation witness, held bias and cleanup
WITNESS: Sun1 gap=2.000000000 signed_heading_degrees=-19.999999418 source=(0.0, -0.004178, -0.4) sampled_hero=(0.0, -0.004844, 1.6) held_direction=(-0.34202, 0.0, 0.939693) actual_adapter_endpoint=(-1.02606, -0.004178, 2.419078)
PASS: Sun1 case 173/216 CLOTH-J1/CLOTH-P2/CLOTH-S1/WEAPON-01: actual reservation witness, held bias and cleanup
WITNESS: Sun1 gap=2.000000000 signed_heading_degrees=-19.999999418 source=(0.0, -0.004178, -0.4) sampled_hero=(0.0, -0.004844, 1.6) held_direction=(-0.34202, 0.0, 0.939693) actual_adapter_endpoint=(-1.02606, -0.004178, 2.419078)
PASS: Sun1 case 174/216 CLOTH-J1/CLOTH-P2/CLOTH-S1/WEAPON-02: actual reservation witness, held bias and cleanup
WITNESS: Sun1 gap=2.000000000 signed_heading_degrees=-19.999999418 source=(0.0, -0.004178, -0.4) sampled_hero=(0.0, -0.004844, 1.6) held_direction=(-0.34202, 0.0, 0.939693) actual_adapter_endpoint=(-1.02606, -0.004178, 2.419078)
PASS: Sun1 case 175/216 CLOTH-J1/CLOTH-P2/CLOTH-S1/WEAPON-03: actual reservation witness, held bias and cleanup
WITNESS: Sun1 gap=2.000000000 signed_heading_degrees=-19.999999418 source=(0.0, -0.004178, -0.4) sampled_hero=(0.0, -0.004844, 1.6) held_direction=(-0.34202, 0.0, 0.939693) actual_adapter_endpoint=(-1.02606, -0.004178, 2.419078)
PASS: Sun1 case 176/216 CLOTH-J1/CLOTH-P2/CLOTH-S1/WEAPON-04: actual reservation witness, held bias and cleanup
WITNESS: Sun1 gap=2.000000000 signed_heading_degrees=-19.999999418 source=(0.0, -0.004178, -0.4) sampled_hero=(0.0, -0.004844, 1.6) held_direction=(-0.34202, 0.0, 0.939693) actual_adapter_endpoint=(-1.02606, -0.004178, 2.419078)
PASS: Sun1 case 177/216 CLOTH-J1/CLOTH-P2/CLOTH-S2/WEAPON-01: actual reservation witness, held bias and cleanup
WITNESS: Sun1 gap=2.000000000 signed_heading_degrees=-19.999999418 source=(0.0, -0.004178, -0.4) sampled_hero=(0.0, -0.004844, 1.6) held_direction=(-0.34202, 0.0, 0.939693) actual_adapter_endpoint=(-1.02606, -0.004178, 2.419078)
PASS: Sun1 case 178/216 CLOTH-J1/CLOTH-P2/CLOTH-S2/WEAPON-02: actual reservation witness, held bias and cleanup
WITNESS: Sun1 gap=2.000000000 signed_heading_degrees=-19.999999418 source=(0.0, -0.004178, -0.4) sampled_hero=(0.0, -0.004844, 1.6) held_direction=(-0.34202, 0.0, 0.939693) actual_adapter_endpoint=(-1.02606, -0.004178, 2.419078)
PASS: Sun1 case 179/216 CLOTH-J1/CLOTH-P2/CLOTH-S2/WEAPON-03: actual reservation witness, held bias and cleanup
WITNESS: Sun1 gap=2.000000000 signed_heading_degrees=-19.999999418 source=(0.0, -0.004178, -0.4) sampled_hero=(0.0, -0.004844, 1.6) held_direction=(-0.34202, 0.0, 0.939693) actual_adapter_endpoint=(-1.02606, -0.004178, 2.419078)
PASS: Sun1 case 180/216 CLOTH-J1/CLOTH-P2/CLOTH-S2/WEAPON-04: actual reservation witness, held bias and cleanup
WITNESS: Sun1 gap=2.000000000 signed_heading_degrees=-19.999999418 source=(0.0, -0.004178, -0.4) sampled_hero=(0.0, -0.004844, 1.6) held_direction=(-0.34202, 0.0, 0.939693) actual_adapter_endpoint=(-1.02606, -0.004178, 2.419078)
PASS: Sun1 case 181/216 CLOTH-J2/CLOTH-P0/CLOTH-S0/WEAPON-01: actual reservation witness, held bias and cleanup
WITNESS: Sun1 gap=2.000000000 signed_heading_degrees=-19.999999418 source=(0.0, -0.004178, -0.4) sampled_hero=(0.0, -0.004844, 1.6) held_direction=(-0.34202, 0.0, 0.939693) actual_adapter_endpoint=(-1.02606, -0.004178, 2.419078)
PASS: Sun1 case 182/216 CLOTH-J2/CLOTH-P0/CLOTH-S0/WEAPON-02: actual reservation witness, held bias and cleanup
WITNESS: Sun1 gap=2.000000000 signed_heading_degrees=-19.999999418 source=(0.0, -0.004178, -0.4) sampled_hero=(0.0, -0.004844, 1.6) held_direction=(-0.34202, 0.0, 0.939693) actual_adapter_endpoint=(-1.02606, -0.004178, 2.419078)
PASS: Sun1 case 183/216 CLOTH-J2/CLOTH-P0/CLOTH-S0/WEAPON-03: actual reservation witness, held bias and cleanup
WITNESS: Sun1 gap=2.000000000 signed_heading_degrees=-19.999999418 source=(0.0, -0.004178, -0.4) sampled_hero=(0.0, -0.004844, 1.6) held_direction=(-0.34202, 0.0, 0.939693) actual_adapter_endpoint=(-1.02606, -0.004178, 2.419078)
PASS: Sun1 case 184/216 CLOTH-J2/CLOTH-P0/CLOTH-S0/WEAPON-04: actual reservation witness, held bias and cleanup
WITNESS: Sun1 gap=2.000000000 signed_heading_degrees=-19.999999418 source=(0.0, -0.004178, -0.4) sampled_hero=(0.0, -0.004844, 1.6) held_direction=(-0.34202, 0.0, 0.939693) actual_adapter_endpoint=(-1.02606, -0.004178, 2.419078)
PASS: Sun1 case 185/216 CLOTH-J2/CLOTH-P0/CLOTH-S1/WEAPON-01: actual reservation witness, held bias and cleanup
WITNESS: Sun1 gap=2.000000000 signed_heading_degrees=-19.999999418 source=(0.0, -0.004178, -0.4) sampled_hero=(0.0, -0.004844, 1.6) held_direction=(-0.34202, 0.0, 0.939693) actual_adapter_endpoint=(-1.02606, -0.004178, 2.419078)
PASS: Sun1 case 186/216 CLOTH-J2/CLOTH-P0/CLOTH-S1/WEAPON-02: actual reservation witness, held bias and cleanup
WITNESS: Sun1 gap=2.000000000 signed_heading_degrees=-19.999999418 source=(0.0, -0.004178, -0.4) sampled_hero=(0.0, -0.004844, 1.6) held_direction=(-0.34202, 0.0, 0.939693) actual_adapter_endpoint=(-1.02606, -0.004178, 2.419078)
PASS: Sun1 case 187/216 CLOTH-J2/CLOTH-P0/CLOTH-S1/WEAPON-03: actual reservation witness, held bias and cleanup
WITNESS: Sun1 gap=2.000000000 signed_heading_degrees=-19.999999418 source=(0.0, -0.004178, -0.4) sampled_hero=(0.0, -0.004844, 1.6) held_direction=(-0.34202, 0.0, 0.939693) actual_adapter_endpoint=(-1.02606, -0.004178, 2.419078)
PASS: Sun1 case 188/216 CLOTH-J2/CLOTH-P0/CLOTH-S1/WEAPON-04: actual reservation witness, held bias and cleanup
WITNESS: Sun1 gap=2.000000000 signed_heading_degrees=-19.999999418 source=(0.0, -0.004178, -0.4) sampled_hero=(0.0, -0.004844, 1.6) held_direction=(-0.34202, 0.0, 0.939693) actual_adapter_endpoint=(-1.02606, -0.004178, 2.419078)
PASS: Sun1 case 189/216 CLOTH-J2/CLOTH-P0/CLOTH-S2/WEAPON-01: actual reservation witness, held bias and cleanup
WITNESS: Sun1 gap=2.000000000 signed_heading_degrees=-19.999999418 source=(0.0, -0.004178, -0.4) sampled_hero=(0.0, -0.004844, 1.6) held_direction=(-0.34202, 0.0, 0.939693) actual_adapter_endpoint=(-1.02606, -0.004178, 2.419078)
PASS: Sun1 case 190/216 CLOTH-J2/CLOTH-P0/CLOTH-S2/WEAPON-02: actual reservation witness, held bias and cleanup
WITNESS: Sun1 gap=2.000000000 signed_heading_degrees=-19.999999418 source=(0.0, -0.004178, -0.4) sampled_hero=(0.0, -0.004844, 1.6) held_direction=(-0.34202, 0.0, 0.939693) actual_adapter_endpoint=(-1.02606, -0.004178, 2.419078)
PASS: Sun1 case 191/216 CLOTH-J2/CLOTH-P0/CLOTH-S2/WEAPON-03: actual reservation witness, held bias and cleanup
WITNESS: Sun1 gap=2.000000000 signed_heading_degrees=-19.999999418 source=(0.0, -0.004178, -0.4) sampled_hero=(0.0, -0.004844, 1.6) held_direction=(-0.34202, 0.0, 0.939693) actual_adapter_endpoint=(-1.02606, -0.004178, 2.419078)
PASS: Sun1 case 192/216 CLOTH-J2/CLOTH-P0/CLOTH-S2/WEAPON-04: actual reservation witness, held bias and cleanup
WITNESS: Sun1 gap=2.000000000 signed_heading_degrees=-19.999999418 source=(0.0, -0.004178, -0.4) sampled_hero=(0.0, -0.004844, 1.6) held_direction=(-0.34202, 0.0, 0.939693) actual_adapter_endpoint=(-1.02606, -0.004178, 2.419078)
PASS: Sun1 case 193/216 CLOTH-J2/CLOTH-P1/CLOTH-S0/WEAPON-01: actual reservation witness, held bias and cleanup
WITNESS: Sun1 gap=2.000000000 signed_heading_degrees=-19.999999418 source=(0.0, -0.004178, -0.4) sampled_hero=(0.0, -0.004844, 1.6) held_direction=(-0.34202, 0.0, 0.939693) actual_adapter_endpoint=(-1.02606, -0.004178, 2.419078)
PASS: Sun1 case 194/216 CLOTH-J2/CLOTH-P1/CLOTH-S0/WEAPON-02: actual reservation witness, held bias and cleanup
WITNESS: Sun1 gap=2.000000000 signed_heading_degrees=-19.999999418 source=(0.0, -0.004178, -0.4) sampled_hero=(0.0, -0.004844, 1.6) held_direction=(-0.34202, 0.0, 0.939693) actual_adapter_endpoint=(-1.02606, -0.004178, 2.419078)
PASS: Sun1 case 195/216 CLOTH-J2/CLOTH-P1/CLOTH-S0/WEAPON-03: actual reservation witness, held bias and cleanup
WITNESS: Sun1 gap=2.000000000 signed_heading_degrees=-19.999999418 source=(0.0, -0.004178, -0.4) sampled_hero=(0.0, -0.004844, 1.6) held_direction=(-0.34202, 0.0, 0.939693) actual_adapter_endpoint=(-1.02606, -0.004178, 2.419078)
PASS: Sun1 case 196/216 CLOTH-J2/CLOTH-P1/CLOTH-S0/WEAPON-04: actual reservation witness, held bias and cleanup
WITNESS: Sun1 gap=2.000000000 signed_heading_degrees=-19.999999418 source=(0.0, -0.004178, -0.4) sampled_hero=(0.0, -0.004844, 1.6) held_direction=(-0.34202, 0.0, 0.939693) actual_adapter_endpoint=(-1.02606, -0.004178, 2.419078)
PASS: Sun1 case 197/216 CLOTH-J2/CLOTH-P1/CLOTH-S1/WEAPON-01: actual reservation witness, held bias and cleanup
WITNESS: Sun1 gap=2.000000000 signed_heading_degrees=-19.999999418 source=(0.0, -0.004178, -0.4) sampled_hero=(0.0, -0.004844, 1.6) held_direction=(-0.34202, 0.0, 0.939693) actual_adapter_endpoint=(-1.02606, -0.004178, 2.419078)
PASS: Sun1 case 198/216 CLOTH-J2/CLOTH-P1/CLOTH-S1/WEAPON-02: actual reservation witness, held bias and cleanup
WITNESS: Sun1 gap=2.000000000 signed_heading_degrees=-19.999999418 source=(0.0, -0.004178, -0.4) sampled_hero=(0.0, -0.004844, 1.6) held_direction=(-0.34202, 0.0, 0.939693) actual_adapter_endpoint=(-1.02606, -0.004178, 2.419078)
PASS: Sun1 case 199/216 CLOTH-J2/CLOTH-P1/CLOTH-S1/WEAPON-03: actual reservation witness, held bias and cleanup
WITNESS: Sun1 gap=2.000000000 signed_heading_degrees=-19.999999418 source=(0.0, -0.004178, -0.4) sampled_hero=(0.0, -0.004844, 1.6) held_direction=(-0.34202, 0.0, 0.939693) actual_adapter_endpoint=(-1.02606, -0.004178, 2.419078)
PASS: Sun1 case 200/216 CLOTH-J2/CLOTH-P1/CLOTH-S1/WEAPON-04: actual reservation witness, held bias and cleanup
WITNESS: Sun1 gap=2.000000000 signed_heading_degrees=-19.999999418 source=(0.0, -0.004178, -0.4) sampled_hero=(0.0, -0.004844, 1.6) held_direction=(-0.34202, 0.0, 0.939693) actual_adapter_endpoint=(-1.02606, -0.004178, 2.419078)
PASS: Sun1 case 201/216 CLOTH-J2/CLOTH-P1/CLOTH-S2/WEAPON-01: actual reservation witness, held bias and cleanup
WITNESS: Sun1 gap=2.000000000 signed_heading_degrees=-19.999999418 source=(0.0, -0.004178, -0.4) sampled_hero=(0.0, -0.004844, 1.6) held_direction=(-0.34202, 0.0, 0.939693) actual_adapter_endpoint=(-1.02606, -0.004178, 2.419078)
PASS: Sun1 case 202/216 CLOTH-J2/CLOTH-P1/CLOTH-S2/WEAPON-02: actual reservation witness, held bias and cleanup
WITNESS: Sun1 gap=2.000000000 signed_heading_degrees=-19.999999418 source=(0.0, -0.004178, -0.4) sampled_hero=(0.0, -0.004844, 1.6) held_direction=(-0.34202, 0.0, 0.939693) actual_adapter_endpoint=(-1.02606, -0.004178, 2.419078)
PASS: Sun1 case 203/216 CLOTH-J2/CLOTH-P1/CLOTH-S2/WEAPON-03: actual reservation witness, held bias and cleanup
WITNESS: Sun1 gap=2.000000000 signed_heading_degrees=-19.999999418 source=(0.0, -0.004178, -0.4) sampled_hero=(0.0, -0.004844, 1.6) held_direction=(-0.34202, 0.0, 0.939693) actual_adapter_endpoint=(-1.02606, -0.004178, 2.419078)
PASS: Sun1 case 204/216 CLOTH-J2/CLOTH-P1/CLOTH-S2/WEAPON-04: actual reservation witness, held bias and cleanup
WITNESS: Sun1 gap=2.000000000 signed_heading_degrees=-19.999999418 source=(0.0, -0.004178, -0.4) sampled_hero=(0.0, -0.004844, 1.6) held_direction=(-0.34202, 0.0, 0.939693) actual_adapter_endpoint=(-1.02606, -0.004178, 2.419078)
PASS: Sun1 case 205/216 CLOTH-J2/CLOTH-P2/CLOTH-S0/WEAPON-01: actual reservation witness, held bias and cleanup
WITNESS: Sun1 gap=2.000000000 signed_heading_degrees=-19.999999418 source=(0.0, -0.004178, -0.4) sampled_hero=(0.0, -0.004844, 1.6) held_direction=(-0.34202, 0.0, 0.939693) actual_adapter_endpoint=(-1.02606, -0.004178, 2.419078)
PASS: Sun1 case 206/216 CLOTH-J2/CLOTH-P2/CLOTH-S0/WEAPON-02: actual reservation witness, held bias and cleanup
WITNESS: Sun1 gap=2.000000000 signed_heading_degrees=-19.999999418 source=(0.0, -0.004178, -0.4) sampled_hero=(0.0, -0.004844, 1.6) held_direction=(-0.34202, 0.0, 0.939693) actual_adapter_endpoint=(-1.02606, -0.004178, 2.419078)
PASS: Sun1 case 207/216 CLOTH-J2/CLOTH-P2/CLOTH-S0/WEAPON-03: actual reservation witness, held bias and cleanup
WITNESS: Sun1 gap=2.000000000 signed_heading_degrees=-19.999999418 source=(0.0, -0.004178, -0.4) sampled_hero=(0.0, -0.004844, 1.6) held_direction=(-0.34202, 0.0, 0.939693) actual_adapter_endpoint=(-1.02606, -0.004178, 2.419078)
PASS: Sun1 case 208/216 CLOTH-J2/CLOTH-P2/CLOTH-S0/WEAPON-04: actual reservation witness, held bias and cleanup
WITNESS: Sun1 gap=2.000000000 signed_heading_degrees=-19.999999418 source=(0.0, -0.004178, -0.4) sampled_hero=(0.0, -0.004844, 1.6) held_direction=(-0.34202, 0.0, 0.939693) actual_adapter_endpoint=(-1.02606, -0.004178, 2.419078)
PASS: Sun1 case 209/216 CLOTH-J2/CLOTH-P2/CLOTH-S1/WEAPON-01: actual reservation witness, held bias and cleanup
WITNESS: Sun1 gap=2.000000000 signed_heading_degrees=-19.999999418 source=(0.0, -0.004178, -0.4) sampled_hero=(0.0, -0.004844, 1.6) held_direction=(-0.34202, 0.0, 0.939693) actual_adapter_endpoint=(-1.02606, -0.004178, 2.419078)
PASS: Sun1 case 210/216 CLOTH-J2/CLOTH-P2/CLOTH-S1/WEAPON-02: actual reservation witness, held bias and cleanup
WITNESS: Sun1 gap=2.000000000 signed_heading_degrees=-19.999999418 source=(0.0, -0.004178, -0.4) sampled_hero=(0.0, -0.004844, 1.6) held_direction=(-0.34202, 0.0, 0.939693) actual_adapter_endpoint=(-1.02606, -0.004178, 2.419078)
PASS: Sun1 case 211/216 CLOTH-J2/CLOTH-P2/CLOTH-S1/WEAPON-03: actual reservation witness, held bias and cleanup
WITNESS: Sun1 gap=2.000000000 signed_heading_degrees=-19.999999418 source=(0.0, -0.004178, -0.4) sampled_hero=(0.0, -0.004844, 1.6) held_direction=(-0.34202, 0.0, 0.939693) actual_adapter_endpoint=(-1.02606, -0.004178, 2.419078)
PASS: Sun1 case 212/216 CLOTH-J2/CLOTH-P2/CLOTH-S1/WEAPON-04: actual reservation witness, held bias and cleanup
WITNESS: Sun1 gap=2.000000000 signed_heading_degrees=-19.999999418 source=(0.0, -0.004178, -0.4) sampled_hero=(0.0, -0.004844, 1.6) held_direction=(-0.34202, 0.0, 0.939693) actual_adapter_endpoint=(-1.02606, -0.004178, 2.419078)
PASS: Sun1 case 213/216 CLOTH-J2/CLOTH-P2/CLOTH-S2/WEAPON-01: actual reservation witness, held bias and cleanup
WITNESS: Sun1 gap=2.000000000 signed_heading_degrees=-19.999999418 source=(0.0, -0.004178, -0.4) sampled_hero=(0.0, -0.004844, 1.6) held_direction=(-0.34202, 0.0, 0.939693) actual_adapter_endpoint=(-1.02606, -0.004178, 2.419078)
PASS: Sun1 case 214/216 CLOTH-J2/CLOTH-P2/CLOTH-S2/WEAPON-02: actual reservation witness, held bias and cleanup
WITNESS: Sun1 gap=2.000000000 signed_heading_degrees=-19.999999418 source=(0.0, -0.004178, -0.4) sampled_hero=(0.0, -0.004844, 1.6) held_direction=(-0.34202, 0.0, 0.939693) actual_adapter_endpoint=(-1.02606, -0.004178, 2.419078)
PASS: Sun1 case 215/216 CLOTH-J2/CLOTH-P2/CLOTH-S2/WEAPON-03: actual reservation witness, held bias and cleanup
WITNESS: Sun1 gap=2.000000000 signed_heading_degrees=-19.999999418 source=(0.0, -0.004178, -0.4) sampled_hero=(0.0, -0.004844, 1.6) held_direction=(-0.34202, 0.0, 0.939693) actual_adapter_endpoint=(-1.02606, -0.004178, 2.419078)
PASS: Sun1 case 216/216 CLOTH-J2/CLOTH-P2/CLOTH-S2/WEAPON-04: actual reservation witness, held bias and cleanup
PASS: every selected actual sun-kit reservation has its accepted ordinary-primary witness
Stalker loadout room reservation-witness smoke: 219 checks, 0 failures; 216/216 native sun-kit cases attempted, 216 witnessed, 0 case failures; Sun0=108/108 Sun1=108/108. Catalogue=108 unique kits. No encounter clears, native gestures or human-fairness acceptance.
