Godot Engine v4.7.2.stable.official.ed1daf0bf - https://godotengine.org

CASE: clipped unsupported current view cancels before contact
PASS: actual MainScene enters the owned isolated room
PASS: actual source/scheduler expose public diagnostics and live bindings
PASS: real authored capsule and shared traveller inhabit the same physical world
PASS: normal native fixed-width camera is available before mutation
PASS: genuine armed lunge is admitted with its actual capsule and fixed lane
PASS: the untouched idle hero occupies the actual damage lane, so cancellation tests a real contact opportunity
PASS: real accepted warning before clipping: public paused scheduler capture succeeds
PASS: normal actual camera contains the current source, complete lane and shared hero before negative mutation
PASS: intentional native horizontal offset really clips required world corners and is unsupported
PASS: cancelled current-view lease: public paused scheduler capture succeeds
PASS: current-view failure releases the real lease before motion/contact, clears its cue and preserves exact original cooldown without damage
PASS: actual scheduler emits one identified unsafe-view cancellation, without a fake hit
PASS: original role retains a cooldown interval beyond recovery for this cancellation probe
PASS: original recovery deadline after cancellation: public paused scheduler capture succeeds
PASS: normal frames through the original active/recovery window retain cooldown and cause no delayed contact, HP loss or fresh premature warning
PASS: public room exit releases the actual reservations
PASS: owned world cleanup leaves no enemy/proxy/required-cue remnants
Act 3 actual framing guard smoke: 17 checks, 0 failures
