Waiting for the shared Godot session to close…
Godot Engine v4.7.2.stable.official.ed1daf0bf - https://godotengine.org

PASS: actual public catalogue retains thirteen canonical IDs and 108 implemented static kits
ACTUAL KIT: selector= IDs={ "jacket": "CLOTH-J0", "pants": "CLOTH-P0", "shoes": "CLOTH-S0", "weapon": "WEAPON-01" } primary_damage=20.0 range=2.0 dash_distance=2.7 speed=15.0 duration=0.18 cooldown=0.34
PASS: initial production entry: routed GUI Resume is consumed without a dash/primary/blast, input change or resource refill
PASS: actual public-model carryover enters the authored full scene before its first tick
PASS: actual spatial checkpoint useful-flank-entry: production deferred pause captures the full5 native unit
PASS: actual spatial checkpoint useful-flank-entry: exact transport retains every actual scalar type/bit and all five actors
PASS: actual spatial checkpoint useful-flank-entry: living pause freezes source/scheduler/sun/hero/input/camera exactly
FOLLOW ACTUAL PROOF: source=l1-flank-stalker reservation=threat-1 start=4.566666667 leases=1
PASS: actual production moving-active full5 pair: production deferred pause captures the full5 native unit
PASS: actual production moving-active full5 pair: exact transport retains every actual scalar type/bit and all five actors
PASS: actual production moving-active full5 pair: living pause freezes source/scheduler/sun/hero/input/camera exactly
PASS: forged aggregate completed_progress rejects before any actual actor/progress mutation
PASS: forged aggregate entered_history rejects before any actual actor/progress mutation
PASS: forged aggregate dead_history rejects before any actual actor/progress mutation
PASS: forged aggregate leased_sample_clock_and_hero rejects before any actual actor/progress mutation
PASS: forged aggregate sample_clock_previous_double rejects before any actual actor/progress mutation
PASS: forged aggregate retained_cooldown_previous_double rejects before any actual actor/progress mutation
PASS: forged aggregate framing_landing_off_floor rejects before any actual actor/progress mutation
PASS: forged aggregate framing_unknown_field rejects before any actual actor/progress mutation
PASS: actual active living pause: routed GUI Resume is consumed without a dash/primary/blast, input change or resource refill
PASS: actual moving-active production pause retains exact full5 transport/pure forged-unit rejection and consumes Resume before real scheduler/sun clocks advance
ACTUAL PRIMARY: source=l1-flank-stalker hits=1 damage=20.0 target_hp=36.0→16.0
FOLLOW ACTUAL PROOF: source=l1-flank-stalker reservation=threat-2 start=9.616666667 leases=1
ACTUAL PRIMARY: source=l1-flank-stalker hits=1 damage=20.0 target_hp=16.0→0.0
PASS: actual pocket useful-flank clears its retained source(s) using ordinary primary
PASS: actual spatial checkpoint two-approaches-entry: production deferred pause captures the full5 native unit
PASS: actual spatial checkpoint two-approaches-entry: exact transport retains every actual scalar type/bit and all five actors
PASS: actual spatial checkpoint two-approaches-entry: living pause freezes source/scheduler/sun/hero/input/camera exactly
PASS: protected second-entry retry: routed GUI Resume is consumed without a dash/primary/blast, input change or resource refill
PASS: actual public production retry uses the durable second-entry checkpoint, retains its true tombstone, frees the old world and resumes only the saved dash/sun clocks
FOLLOW ACTUAL PROOF: source=l1-approach-stalker reservation=threat-3 start=17.183333333 leases=1
ACTUAL PRIMARY: source=l1-approach-stalker hits=1 damage=20.0 target_hp=36.0→16.0
FOLLOW ACTUAL PROOF: source=l1-approach-stalker reservation=threat-4 start=22.250000000 leases=1
ACTUAL PRIMARY: source=l1-approach-stalker hits=1 damage=20.0 target_hp=16.0→0.0
PASS: actual pocket two-approaches clears its retained source(s) using ordinary primary
PASS: actual spatial checkpoint crossing-shadow-entry: production deferred pause captures the full5 native unit
PASS: actual spatial checkpoint crossing-shadow-entry: exact transport retains every actual scalar type/bit and all five actors
PASS: actual spatial checkpoint crossing-shadow-entry: living pause freezes source/scheduler/sun/hero/input/camera exactly
FOLLOW ACTUAL PROOF: source=l1-crossing-west reservation=threat-5 start=29.033333333 leases=1
DEFER ACTUAL CROSSING PRIMARY: source=l1-crossing-west lease=threat-5 clock=30.750000000 recovery_until=32.683333333 point=(-1.623604, -0.004844, -5.635763)
PASS: intentional first-primary deferral observes the other actual crossing warning while its original physical recovery lease remains held
REPLAN: newer actual union warning joined a stable hold; old fixed lane remains monitored
FOLLOW ACTUAL PROOF: source=l1-crossing-east reservation=threat-6 start=31.266666667 leases=2
ACTUAL PRIMARY: source=l1-crossing-east hits=1 damage=20.0 target_hp=36.0→16.0
FOLLOW ACTUAL PROOF: source=l1-crossing-west reservation=threat-7 start=34.366666667 leases=1
ACTUAL PRIMARY: source=l1-crossing-west hits=2 damage=20.0 target_hp=36.0→16.0
FOLLOW ACTUAL PROOF: source=l1-crossing-west reservation=threat-8 start=39.433333333 leases=1
ACTUAL PRIMARY: source=l1-crossing-west hits=1 damage=20.0 target_hp=16.0→0.0
PASS: actual pocket crossing-shadow clears its retained source(s) using ordinary primary
PASS: actual spatial checkpoint departure-entry: production deferred pause captures the full5 native unit
PASS: actual spatial checkpoint departure-entry: exact transport retains every actual scalar type/bit and all five actors
PASS: actual spatial checkpoint departure-entry: living pause freezes source/scheduler/sun/hero/input/camera exactly
FOLLOW ACTUAL PROOF: source=l1-departure-stalker reservation=threat-9 start=45.916666667 leases=1
ACTUAL PRIMARY: source=l1-departure-stalker hits=1 damage=20.0 target_hp=36.0→16.0
FOLLOW ACTUAL PROOF: source=l1-departure-stalker reservation=threat-10 start=50.983333333 leases=1
ACTUAL PRIMARY: source=l1-departure-stalker hits=1 damage=20.0 target_hp=16.0→0.0
PASS: actual pocket pillars-recede clears its retained source(s) using ordinary primary
PASS: actual completed production route before contact: production deferred pause captures the full5 native unit
PASS: actual completed production route before contact: exact transport retains every actual scalar type/bit and all five actors
PASS: actual completed production route before contact: living pause freezes source/scheduler/sun/hero/input/camera exactly
PASS: five real ordinary-primary deaths durably complete exactly the eleven-level main prefix before contact
PASS: one real capsule contact installs the next test floor with exact resource/gear/anchor carryover, fresh clocks/history, durable prefix11 and all five old actors/world/scheduler freed
PASS: next test-floor production transition: routed GUI Resume is consumed without a dash/primary/blast, input change or resource refill
PASS: all five real tombstones lead to one actual hero contact departure
PASS: retained actual source/progression/action evidence matches the selected route scope
PASS: production cleanup frees authored/next/prepared worlds, actors/cues/schedulers and groups with finite audio drain
PASS: TEST ONLY production fixture leaves canonical registry bytes unchanged
Twin Suns TEST ONLY production full-route transition: 45 checks, 0 failures; profile=standard maximum_preparing=1 union_observed=true; no canonical/native/human acceptance
