Waiting for the shared Godot session to close…
Godot Engine v4.7.2.stable.official.ed1daf0bf - https://godotengine.org

PASS: actual public catalogue retains thirteen canonical IDs and 108 implemented static kits
ACTUAL KIT: selector= IDs={ "jacket": "CLOTH-J0", "pants": "CLOTH-P0", "shoes": "CLOTH-S0", "weapon": "WEAPON-01" } primary_damage=20.0 range=2.0 dash_distance=2.7 speed=15.0 duration=0.18 cooldown=0.34
PASS: actual public-model carryover enters the authored full scene before its first tick
PASS: actual spatial checkpoint useful-flank-entry: complete native local5/all-source pair captures at the deferred paused barrier
PASS: actual spatial checkpoint useful-flank-entry: published exact JSON encodes the complete actual pair
PASS: actual spatial checkpoint useful-flank-entry: exact parser explicitly accepts transport
PASS: actual spatial checkpoint useful-flank-entry: raw decoded finite snapshot preserves native scalar types/bits and all vector payloads exactly
FOLLOW ACTUAL PROOF: source=l1-flank-stalker reservation=threat-1 start=3.666666667 leases=1
PASS: actual full-level first-source moving-active exact pair: complete native local5/all-source pair captures at the deferred paused barrier
PASS: actual full-level first-source moving-active exact pair: published exact JSON encodes the complete actual pair
PASS: actual full-level first-source moving-active exact pair: exact parser explicitly accepts transport
PASS: actual full-level first-source moving-active exact pair: raw decoded finite snapshot preserves native scalar types/bits and all vector payloads exactly
PASS: forged aggregate completed_progress rejects before any actual actor/progress mutation
PASS: forged aggregate entered_history rejects before any actual actor/progress mutation
PASS: forged aggregate dead_history rejects before any actual actor/progress mutation
PASS: forged aggregate leased_sample_clock_and_hero rejects before any actual actor/progress mutation
PASS: forged aggregate sample_clock_previous_double rejects before any actual actor/progress mutation
PASS: forged aggregate retained_cooldown_previous_double rejects before any actual actor/progress mutation
PASS: forged aggregate framing_landing_off_floor rejects before any actual actor/progress mutation
PASS: forged aggregate framing_unknown_field rejects before any actual actor/progress mutation
PASS: later actual moving-active full aggregate: complete native local5/all-source pair captures at the deferred paused barrier
PASS: later actual moving-active full aggregate: published exact JSON encodes the complete actual pair
PASS: later actual moving-active full aggregate: exact parser explicitly accepts transport
PASS: later actual moving-active full aggregate: raw decoded finite snapshot preserves native scalar types/bits and all vector payloads exactly
PASS: actual moving-active exact transport, pure aggregate proof, atomic forgeries and silent native retry preserve every paired actor
ACTUAL PRIMARY: source=l1-flank-stalker hits=1 damage=20.0 target_hp=36.0→16.0
FOLLOW ACTUAL PROOF: source=l1-flank-stalker reservation=threat-2 start=8.716666667 leases=1
ACTUAL PRIMARY: source=l1-flank-stalker hits=1 damage=20.0 target_hp=16.0→0.0
PASS: actual pocket useful-flank clears its retained source(s) using ordinary primary
PASS: actual spatial checkpoint two-approaches-entry: complete native local5/all-source pair captures at the deferred paused barrier
PASS: actual spatial checkpoint two-approaches-entry: published exact JSON encodes the complete actual pair
PASS: actual spatial checkpoint two-approaches-entry: exact parser explicitly accepts transport
PASS: actual spatial checkpoint two-approaches-entry: raw decoded finite snapshot preserves native scalar types/bits and all vector payloads exactly
PASS: actual second-entry post-death exact pair prevalidates and silently restores into a genuinely fresh full world with its retained tombstone
FOLLOW ACTUAL PROOF: source=l1-approach-stalker reservation=threat-3 start=16.550000000 leases=1
ACTUAL PRIMARY: source=l1-approach-stalker hits=1 damage=20.0 target_hp=36.0→16.0
FOLLOW ACTUAL PROOF: source=l1-approach-stalker reservation=threat-4 start=21.616666667 leases=1
ACTUAL PRIMARY: source=l1-approach-stalker hits=1 damage=20.0 target_hp=16.0→0.0
PASS: actual pocket two-approaches clears its retained source(s) using ordinary primary
PASS: east approach clears real encounters and rejoins beyond the actual z8 trunk
PASS: retained actual source/progression/action evidence matches the selected route scope
PASS: public full-level exit releases every source lease
PASS: full actual source/lab/floor/cue lifecycle frees with finite audio drain and no group remnants
Twin Suns authored actual route: 34 checks, 0 failures; route=--east-approach-only kit= captures=0
