Godot Engine v4.7.2.stable.official.ed1daf0bf - https://godotengine.org

PASS: actual public catalogue retains thirteen canonical IDs and 108 implemented static kits
ACTUAL KIT: selector=--compound-extreme IDs={ "jacket": "CLOTH-J0", "pants": "CLOTH-P2", "shoes": "CLOTH-S2", "weapon": "WEAPON-03" } primary_damage=24.0 range=1.8 dash_distance=2.97 speed=13.5 duration=0.22 cooldown=0.34
Compound order is legal minimum primary reach, then minimum dash speed, then maximum distance among those ties; this does not assert incompatible global shoe extrema coexist.
PASS: actual public-model carryover enters the authored full scene before its first tick
PASS: actual spatial checkpoint useful-flank-entry: complete native local5/all-source pair captures at the deferred paused barrier
PASS: actual spatial checkpoint useful-flank-entry: published exact JSON encodes the complete actual pair
PASS: actual spatial checkpoint useful-flank-entry: exact parser explicitly accepts transport
PASS: actual spatial checkpoint useful-flank-entry: raw decoded finite snapshot preserves native scalar types/bits and all vector payloads exactly
FOLLOW ACTUAL PROOF: source=l1-flank-stalker reservation=threat-1 start=3.933333333 leases=1
PASS: actual full-level first-source moving-active exact pair: complete native local5/all-source pair captures at the deferred paused barrier
PASS: actual full-level first-source moving-active exact pair: published exact JSON encodes the complete actual pair
PASS: actual full-level first-source moving-active exact pair: exact parser explicitly accepts transport
PASS: actual full-level first-source moving-active exact pair: raw decoded finite snapshot preserves native scalar types/bits and all vector payloads exactly
PASS: forged aggregate completed_progress rejects before any actual actor/progress mutation
PASS: forged aggregate entered_history rejects before any actual actor/progress mutation
PASS: forged aggregate dead_history rejects before any actual actor/progress mutation
PASS: forged aggregate leased_sample_clock_and_hero rejects before any actual actor/progress mutation
PASS: forged aggregate sample_clock_previous_double rejects before any actual actor/progress mutation
PASS: forged aggregate retained_cooldown_previous_double rejects before any actual actor/progress mutation
PASS: forged aggregate framing_landing_off_floor rejects before any actual actor/progress mutation
PASS: forged aggregate framing_unknown_field rejects before any actual actor/progress mutation
PASS: later actual moving-active full aggregate: complete native local5/all-source pair captures at the deferred paused barrier
PASS: later actual moving-active full aggregate: published exact JSON encodes the complete actual pair
PASS: later actual moving-active full aggregate: exact parser explicitly accepts transport
PASS: later actual moving-active full aggregate: raw decoded finite snapshot preserves native scalar types/bits and all vector payloads exactly
PASS: actual moving-active exact transport, pure aggregate proof, atomic forgeries and silent native retry preserve every paired actor
ACTUAL PRIMARY: source=l1-flank-stalker hits=1 damage=24.0 target_hp=36.0→12.0
FOLLOW ACTUAL PROOF: source=l1-flank-stalker reservation=threat-2 start=8.983333333 leases=1
ACTUAL PRIMARY: source=l1-flank-stalker hits=1 damage=24.0 target_hp=12.0→0.0
PASS: actual pocket useful-flank clears its retained source(s) using ordinary primary
PASS: actual spatial checkpoint two-approaches-entry: complete native local5/all-source pair captures at the deferred paused barrier
PASS: actual spatial checkpoint two-approaches-entry: published exact JSON encodes the complete actual pair
PASS: actual spatial checkpoint two-approaches-entry: exact parser explicitly accepts transport
PASS: actual spatial checkpoint two-approaches-entry: raw decoded finite snapshot preserves native scalar types/bits and all vector payloads exactly
PASS: actual second-entry post-death exact pair prevalidates and silently restores into a genuinely fresh full world with its retained tombstone
FOLLOW ACTUAL PROOF: source=l1-approach-stalker reservation=threat-3 start=16.516666667 leases=1
ACTUAL PRIMARY: source=l1-approach-stalker hits=1 damage=24.0 target_hp=36.0→12.0
FOLLOW ACTUAL PROOF: source=l1-approach-stalker reservation=threat-4 start=21.583333333 leases=1
ACTUAL PRIMARY: source=l1-approach-stalker hits=1 damage=24.0 target_hp=12.0→0.0
PASS: actual pocket two-approaches clears its retained source(s) using ordinary primary
PASS: actual spatial checkpoint crossing-shadow-entry: complete native local5/all-source pair captures at the deferred paused barrier
PASS: actual spatial checkpoint crossing-shadow-entry: published exact JSON encodes the complete actual pair
PASS: actual spatial checkpoint crossing-shadow-entry: exact parser explicitly accepts transport
PASS: actual spatial checkpoint crossing-shadow-entry: raw decoded finite snapshot preserves native scalar types/bits and all vector payloads exactly
FOLLOW ACTUAL PROOF: source=l1-crossing-west reservation=threat-5 start=28.466666667 leases=1
DEFER ACTUAL CROSSING PRIMARY: source=l1-crossing-west lease=threat-5 clock=30.400000000 recovery_until=32.116666667 point=(-2.97, -0.004844, -7.489958)
PASS: intentional first-primary deferral observes the other actual crossing warning while its original physical recovery lease remains held
REPLAN: newer actual union warning joined a stable hold; old fixed lane remains monitored
FOLLOW ACTUAL PROOF: source=l1-crossing-east reservation=threat-6 start=30.966666667 leases=2
ACTUAL PRIMARY: source=l1-crossing-east hits=2 damage=24.0 target_hp=36.0→12.0
FOLLOW ACTUAL PROOF: source=l1-crossing-west reservation=threat-7 start=35.400000000 leases=1
ACTUAL PRIMARY: source=l1-crossing-west hits=1 damage=24.0 target_hp=12.0→0.0
FOLLOW ACTUAL PROOF: source=l1-crossing-east reservation=threat-8 start=38.600000000 leases=1
ACTUAL PRIMARY: source=l1-crossing-east hits=1 damage=24.0 target_hp=12.0→0.0
PASS: actual pocket crossing-shadow clears its retained source(s) using ordinary primary
PASS: actual spatial checkpoint departure-entry: complete native local5/all-source pair captures at the deferred paused barrier
PASS: actual spatial checkpoint departure-entry: published exact JSON encodes the complete actual pair
PASS: actual spatial checkpoint departure-entry: exact parser explicitly accepts transport
PASS: actual spatial checkpoint departure-entry: raw decoded finite snapshot preserves native scalar types/bits and all vector payloads exactly
FOLLOW ACTUAL PROOF: source=l1-departure-stalker reservation=threat-9 start=45.450000000 leases=1
ACTUAL PRIMARY: source=l1-departure-stalker hits=1 damage=24.0 target_hp=36.0→12.0
FOLLOW ACTUAL PROOF: source=l1-departure-stalker reservation=threat-10 start=50.516666667 leases=1
ACTUAL PRIMARY: source=l1-departure-stalker hits=1 damage=24.0 target_hp=12.0→0.0
PASS: actual pocket pillars-recede clears its retained source(s) using ordinary primary
PASS: all five real tombstones lead to one actual hero contact departure
PASS: retained actual source/progression/action evidence matches the selected route scope
PASS: public full-level exit releases every source lease
PASS: full actual source/lab/floor/cue lifecycle frees with finite audio drain and no group remnants
Twin Suns authored actual route: 45 checks, 0 failures; route= kit=--compound-extreme captures=0
