Godot Engine v4.7.2.stable.official.ed1daf0bf - https://godotengine.org
TextServer: Added interface "Dummy"
TextServer: Added interface "ICU / HarfBuzz / Graphite (Built-in)"
SDL: Init OK!
Using "default" pen tablet driver...

TextServer: Primary interface set to: "ICU / HarfBuzz / Graphite (Built-in)".
CORE API HASH: 2004498165
EDITOR API HASH: 1696660745
Loading resource: res://tests/scheduler_spore_source_smoke.gd remapped: res://tests/scheduler_spore_source_smoke.gd
SCRIPT ERROR: Parse Error: Could not find type "CinderSchedulerSporeSourceProtocol" in the current scope.
   at: GDScript::reload (res://scripts/environment/spore_repulsion.gd:986)
SCRIPT ERROR: Compile Error: Failed to compile depended scripts.
   at: GDScript::reload (res://tests/scheduler_spore_source_smoke.gd:0)
ERROR: Failed to load script "res://tests/scheduler_spore_source_smoke.gd" with error "Compilation failed".
   at: load (modules/gdscript/gdscript_resource_format.cpp:46)
Completed load for: 'res://tests/scheduler_spore_source_smoke.gd' remapped 'res://tests/scheduler_spore_source_smoke.gd' at thread -1
SceneTreeFTI: traversal method DEFAULT
Loaded system CA certificates
SCRIPT ERROR: Invalid call. Nonexistent function 'new' in base 'GDScript'.
   at: _world (res://tests/scheduler_spore_source_smoke.gd:548)
   GDScript backtrace (most recent call first):
       [0] _world (res://tests/scheduler_spore_source_smoke.gd:548)
       [1] _identity_and_purity (res://tests/scheduler_spore_source_smoke.gd:58)
       [2] _run (res://tests/scheduler_spore_source_smoke.gd:39)
SCRIPT ERROR: Invalid access to property or key 'ready' on a base object of type 'Dictionary'.
   at: _identity_and_purity (res://tests/scheduler_spore_source_smoke.gd:59)
   GDScript backtrace (most recent call first):
       [0] _identity_and_purity (res://tests/scheduler_spore_source_smoke.gd:59)
       [1] _run (res://tests/scheduler_spore_source_smoke.gd:39)
SCRIPT ERROR: Invalid call. Nonexistent function 'new' in base 'GDScript'.
   at: _world (res://tests/scheduler_spore_source_smoke.gd:548)
   GDScript backtrace (most recent call first):
       [0] _world (res://tests/scheduler_spore_source_smoke.gd:548)
       [1] _actual_attack_and_cancel (res://tests/scheduler_spore_source_smoke.gd:121)
       [2] _run (res://tests/scheduler_spore_source_smoke.gd:40)
SCRIPT ERROR: Invalid access to property or key 'ready' on a base object of type 'Dictionary'.
   at: _actual_attack_and_cancel (res://tests/scheduler_spore_source_smoke.gd:122)
   GDScript backtrace (most recent call first):
       [0] _actual_attack_and_cancel (res://tests/scheduler_spore_source_smoke.gd:122)
       [1] _run (res://tests/scheduler_spore_source_smoke.gd:40)
SCRIPT ERROR: Invalid call. Nonexistent function 'new' in base 'GDScript'.
   at: _world (res://tests/scheduler_spore_source_smoke.gd:548)
   GDScript backtrace (most recent call first):
       [0] _world (res://tests/scheduler_spore_source_smoke.gd:548)
       [1] _actual_attack_and_cancel (res://tests/scheduler_spore_source_smoke.gd:121)
       [2] _run (res://tests/scheduler_spore_source_smoke.gd:41)
SCRIPT ERROR: Invalid access to property or key 'ready' on a base object of type 'Dictionary'.
   at: _actual_attack_and_cancel (res://tests/scheduler_spore_source_smoke.gd:122)
   GDScript backtrace (most recent call first):
       [0] _actual_attack_and_cancel (res://tests/scheduler_spore_source_smoke.gd:122)
       [1] _run (res://tests/scheduler_spore_source_smoke.gd:41)
SCRIPT ERROR: Invalid call. Nonexistent function 'new' in base 'GDScript'.
   at: _world (res://tests/scheduler_spore_source_smoke.gd:548)
   GDScript backtrace (most recent call first):
       [0] _world (res://tests/scheduler_spore_source_smoke.gd:548)
       [1] _actual_attack_and_cancel (res://tests/scheduler_spore_source_smoke.gd:121)
       [2] _run (res://tests/scheduler_spore_source_smoke.gd:42)
SCRIPT ERROR: Invalid access to property or key 'ready' on a base object of type 'Dictionary'.
   at: _actual_attack_and_cancel (res://tests/scheduler_spore_source_smoke.gd:122)
   GDScript backtrace (most recent call first):
       [0] _actual_attack_and_cancel (res://tests/scheduler_spore_source_smoke.gd:122)
       [1] _run (res://tests/scheduler_spore_source_smoke.gd:42)
SCRIPT ERROR: Invalid call. Nonexistent function 'new' in base 'GDScript'.
   at: _world (res://tests/scheduler_spore_source_smoke.gd:548)
   GDScript backtrace (most recent call first):
       [0] _world (res://tests/scheduler_spore_source_smoke.gd:548)
       [1] _actual_attack_and_cancel (res://tests/scheduler_spore_source_smoke.gd:121)
       [2] _run (res://tests/scheduler_spore_source_smoke.gd:43)
SCRIPT ERROR: Invalid access to property or key 'ready' on a base object of type 'Dictionary'.
   at: _actual_attack_and_cancel (res://tests/scheduler_spore_source_smoke.gd:122)
   GDScript backtrace (most recent call first):
       [0] _actual_attack_and_cancel (res://tests/scheduler_spore_source_smoke.gd:122)
       [1] _run (res://tests/scheduler_spore_source_smoke.gd:43)
SCRIPT ERROR: Invalid call. Nonexistent function 'new' in base 'GDScript'.
   at: _world (res://tests/scheduler_spore_source_smoke.gd:548)
   GDScript backtrace (most recent call first):
       [0] _world (res://tests/scheduler_spore_source_smoke.gd:548)
       [1] _lunge_contact_tracks_actual_body (res://tests/scheduler_spore_source_smoke.gd:177)
       [2] _run (res://tests/scheduler_spore_source_smoke.gd:44)
SCRIPT ERROR: Invalid access to property or key 'ready' on a base object of type 'Dictionary'.
   at: _lunge_contact_tracks_actual_body (res://tests/scheduler_spore_source_smoke.gd:178)
   GDScript backtrace (most recent call first):
       [0] _lunge_contact_tracks_actual_body (res://tests/scheduler_spore_source_smoke.gd:178)
       [1] _run (res://tests/scheduler_spore_source_smoke.gd:44)
SCRIPT ERROR: Invalid call. Nonexistent function 'new' in base 'GDScript'.
   at: _world (res://tests/scheduler_spore_source_smoke.gd:548)
   GDScript backtrace (most recent call first):
       [0] _world (res://tests/scheduler_spore_source_smoke.gd:548)
       [1] _cancel_callback_boundaries (res://tests/scheduler_spore_source_smoke.gd:211)
       [2] _run (res://tests/scheduler_spore_source_smoke.gd:45)
SCRIPT ERROR: Invalid access to property or key 'ready' on a base object of type 'Dictionary'.
   at: _cancel_callback_boundaries (res://tests/scheduler_spore_source_smoke.gd:212)
   GDScript backtrace (most recent call first):
       [0] _cancel_callback_boundaries (res://tests/scheduler_spore_source_smoke.gd:212)
       [1] _run (res://tests/scheduler_spore_source_smoke.gd:45)
SCRIPT ERROR: Invalid call. Nonexistent function 'new' in base 'GDScript'.
   at: _world (res://tests/scheduler_spore_source_smoke.gd:548)
   GDScript backtrace (most recent call first):
       [0] _world (res://tests/scheduler_spore_source_smoke.gd:548)
       [1] _stale_accessor (res://tests/scheduler_spore_source_smoke.gd:275)
       [2] _run (res://tests/scheduler_spore_source_smoke.gd:46)
SCRIPT ERROR: Invalid access to property or key 'ready' on a base object of type 'Dictionary'.
   at: _stale_accessor (res://tests/scheduler_spore_source_smoke.gd:276)
   GDScript backtrace (most recent call first):
       [0] _stale_accessor (res://tests/scheduler_spore_source_smoke.gd:276)
       [1] _run (res://tests/scheduler_spore_source_smoke.gd:46)
SCRIPT ERROR: Invalid call. Nonexistent function 'new' in base 'GDScript'.
   at: _world (res://tests/scheduler_spore_source_smoke.gd:548)
   GDScript backtrace (most recent call first):
       [0] _world (res://tests/scheduler_spore_source_smoke.gd:548)
       [1] _binding_aliases (res://tests/scheduler_spore_source_smoke.gd:299)
       [2] _run (res://tests/scheduler_spore_source_smoke.gd:47)
SCRIPT ERROR: Invalid access to property or key 'ready' on a base object of type 'Dictionary'.
   at: _binding_aliases (res://tests/scheduler_spore_source_smoke.gd:300)
   GDScript backtrace (most recent call first):
       [0] _binding_aliases (res://tests/scheduler_spore_source_smoke.gd:300)
       [1] _run (res://tests/scheduler_spore_source_smoke.gd:47)
SCRIPT ERROR: Invalid call. Nonexistent function 'new' in base 'GDScript'.
   at: _world (res://tests/scheduler_spore_source_smoke.gd:548)
   GDScript backtrace (most recent call first):
       [0] _world (res://tests/scheduler_spore_source_smoke.gd:548)
       [1] _direct_player_activation (res://tests/scheduler_spore_source_smoke.gd:338)
       [2] _run (res://tests/scheduler_spore_source_smoke.gd:48)
SCRIPT ERROR: Invalid access to property or key 'ready' on a base object of type 'Dictionary'.
   at: _direct_player_activation (res://tests/scheduler_spore_source_smoke.gd:339)
   GDScript backtrace (most recent call first):
       [0] _direct_player_activation (res://tests/scheduler_spore_source_smoke.gd:339)
       [1] _run (res://tests/scheduler_spore_source_smoke.gd:48)
SCRIPT ERROR: Invalid call. Nonexistent function 'new' in base 'GDScript'.
   at: _world (res://tests/scheduler_spore_source_smoke.gd:548)
   GDScript backtrace (most recent call first):
       [0] _world (res://tests/scheduler_spore_source_smoke.gd:548)
       [1] _pending_contact_restore (res://tests/scheduler_spore_source_smoke.gd:353)
       [2] _run (res://tests/scheduler_spore_source_smoke.gd:49)
SCRIPT ERROR: Invalid access to property or key 'ready' on a base object of type 'Dictionary'.
   at: _pending_contact_restore (res://tests/scheduler_spore_source_smoke.gd:354)
   GDScript backtrace (most recent call first):
       [0] _pending_contact_restore (res://tests/scheduler_spore_source_smoke.gd:354)
       [1] _run (res://tests/scheduler_spore_source_smoke.gd:49)
SCRIPT ERROR: Invalid call. Nonexistent function 'new' in base 'GDScript'.
   at: _world (res://tests/scheduler_spore_source_smoke.gd:548)
   GDScript backtrace (most recent call first):
       [0] _world (res://tests/scheduler_spore_source_smoke.gd:548)
       [1] _episode_restore (res://tests/scheduler_spore_source_smoke.gd:402)
       [2] _run (res://tests/scheduler_spore_source_smoke.gd:50)
SCRIPT ERROR: Invalid access to property or key 'ready' on a base object of type 'Dictionary'.
   at: _episode_restore (res://tests/scheduler_spore_source_smoke.gd:403)
   GDScript backtrace (most recent call first):
       [0] _episode_restore (res://tests/scheduler_spore_source_smoke.gd:403)
       [1] _run (res://tests/scheduler_spore_source_smoke.gd:50)
SCRIPT ERROR: Invalid call. Nonexistent function 'new' in base 'GDScript'.
   at: _world (res://tests/scheduler_spore_source_smoke.gd:548)
   GDScript backtrace (most recent call first):
       [0] _world (res://tests/scheduler_spore_source_smoke.gd:548)
       [1] _episode_restore (res://tests/scheduler_spore_source_smoke.gd:402)
       [2] _run (res://tests/scheduler_spore_source_smoke.gd:51)
SCRIPT ERROR: Invalid access to property or key 'ready' on a base object of type 'Dictionary'.
   at: _episode_restore (res://tests/scheduler_spore_source_smoke.gd:403)
   GDScript backtrace (most recent call first):
       [0] _episode_restore (res://tests/scheduler_spore_source_smoke.gd:403)
       [1] _run (res://tests/scheduler_spore_source_smoke.gd:51)
SCRIPT ERROR: Invalid call. Nonexistent function 'new' in base 'GDScript'.
   at: _world (res://tests/scheduler_spore_source_smoke.gd:548)
   GDScript backtrace (most recent call first):
       [0] _world (res://tests/scheduler_spore_source_smoke.gd:548)
       [1] _removed_defeat (res://tests/scheduler_spore_source_smoke.gd:446)
       [2] _run (res://tests/scheduler_spore_source_smoke.gd:52)
SCRIPT ERROR: Invalid access to property or key 'ready' on a base object of type 'Dictionary'.
   at: _removed_defeat (res://tests/scheduler_spore_source_smoke.gd:447)
   GDScript backtrace (most recent call first):
       [0] _removed_defeat (res://tests/scheduler_spore_source_smoke.gd:447)
       [1] _run (res://tests/scheduler_spore_source_smoke.gd:52)
SCRIPT ERROR: Invalid call. Nonexistent function 'new' in base 'GDScript'.
   at: _world (res://tests/scheduler_spore_source_smoke.gd:548)
   GDScript backtrace (most recent call first):
       [0] _world (res://tests/scheduler_spore_source_smoke.gd:548)
       [1] _freed_handles (res://tests/scheduler_spore_source_smoke.gd:467)
       [2] _run (res://tests/scheduler_spore_source_smoke.gd:53)
SCRIPT ERROR: Invalid access to property or key 'ready' on a base object of type 'Dictionary'.
   at: _freed_handles (res://tests/scheduler_spore_source_smoke.gd:468)
   GDScript backtrace (most recent call first):
       [0] _freed_handles (res://tests/scheduler_spore_source_smoke.gd:468)
       [1] _run (res://tests/scheduler_spore_source_smoke.gd:53)
Scheduler spore source smoke: 1 checks, 0 failures
