Godot Engine v4.7.2.stable.official.ed1daf0bf - https://godotengine.org
TextServer: Added interface "Dummy"
TextServer: Added interface "ICU / HarfBuzz / Graphite (Built-in)"
SDL: Init OK!
Using "default" pen tablet driver...

TextServer: Primary interface set to: "ICU / HarfBuzz / Graphite (Built-in)".
CORE API HASH: 2004498165
EDITOR API HASH: 1696660745
Loading resource: res://tests/scheduler_spore_source_smoke.gd remapped: res://tests/scheduler_spore_source_smoke.gd
Completed load for: 'res://tests/scheduler_spore_source_smoke.gd' remapped 'res://tests/scheduler_spore_source_smoke.gd' at thread -1
SceneTreeFTI: traversal method DEFAULT
Loaded system CA certificates
ERROR: real native lane Scheduler admission: Stationary committed source and reachable recovery target required
   at: push_error (core/variant/variant_utility.cpp:1023)
   GDScript backtrace (most recent call first):
       [0] _expect (res://tests/scheduler_spore_source_smoke.gd:659)
       [1] _actual_attack_and_cancel (res://tests/scheduler_spore_source_smoke.gd:128)
       [2] _world (res://tests/scheduler_spore_source_smoke.gd:562)
       [3] _ticks (res://tests/scheduler_spore_source_smoke.gd:633)
ERROR: real native lane Scheduler admission: Stationary committed source and reachable recovery target required
   at: push_error (core/variant/variant_utility.cpp:1023)
   GDScript backtrace (most recent call first):
       [0] _expect (res://tests/scheduler_spore_source_smoke.gd:659)
       [1] _actual_attack_and_cancel (res://tests/scheduler_spore_source_smoke.gd:128)
       [2] _world (res://tests/scheduler_spore_source_smoke.gd:562)
       [3] _ticks (res://tests/scheduler_spore_source_smoke.gd:633)
ERROR: environment removes actual lane/lunge lease, retains exact cooled-down deadline and stages one episode
   at: push_error (core/variant/variant_utility.cpp:1023)
   GDScript backtrace (most recent call first):
       [0] _expect (res://tests/scheduler_spore_source_smoke.gd:659)
       [1] _actual_attack_and_cancel (res://tests/scheduler_spore_source_smoke.gd:160)
       [2] _until_clock (res://tests/scheduler_spore_source_smoke.gd:618)
       [3] _ticks (res://tests/scheduler_spore_source_smoke.gd:633)
ERROR: actual native episode did not reach retreat
   at: push_error (core/variant/variant_utility.cpp:1023)
   GDScript backtrace (most recent call first):
       [0] _expect (res://tests/scheduler_spore_source_smoke.gd:659)
       [1] _wait_phase (res://tests/scheduler_spore_source_smoke.gd:627)
       [2] _ticks (res://tests/scheduler_spore_source_smoke.gd:633)
ERROR: real capsule retreat acquires only after genuine Scheduler cancellation
   at: push_error (core/variant/variant_utility.cpp:1023)
   GDScript backtrace (most recent call first):
       [0] _expect (res://tests/scheduler_spore_source_smoke.gd:659)
       [1] _actual_attack_and_cancel (res://tests/scheduler_spore_source_smoke.gd:168)
       [2] _wait_phase (res://tests/scheduler_spore_source_smoke.gd:627)
       [3] _ticks (res://tests/scheduler_spore_source_smoke.gd:633)
SCRIPT ERROR: Invalid access to property or key 'episode_id' on a base object of type 'Dictionary'.
   at: _actual_attack_and_cancel (res://tests/scheduler_spore_source_smoke.gd:169)
   GDScript backtrace (most recent call first):
       [0] _actual_attack_and_cancel (res://tests/scheduler_spore_source_smoke.gd:169)
       [1] _wait_phase (res://tests/scheduler_spore_source_smoke.gd:627)
       [2] _ticks (res://tests/scheduler_spore_source_smoke.gd:633)
ERROR: callback fixture owns actual native lease
   at: push_error (core/variant/variant_utility.cpp:1023)
   GDScript backtrace (most recent call first):
       [0] _expect (res://tests/scheduler_spore_source_smoke.gd:659)
       [1] _cancel_callback_boundaries (res://tests/scheduler_spore_source_smoke.gd:216)
       [2] _world (res://tests/scheduler_spore_source_smoke.gd:562)
       [3] _ticks (res://tests/scheduler_spore_source_smoke.gd:633)
ERROR: callback fixture owns actual native lease
   at: push_error (core/variant/variant_utility.cpp:1023)
   GDScript backtrace (most recent call first):
       [0] _expect (res://tests/scheduler_spore_source_smoke.gd:659)
       [1] _cancel_callback_boundaries (res://tests/scheduler_spore_source_smoke.gd:216)
       [2] _world (res://tests/scheduler_spore_source_smoke.gd:562)
       [3] _ticks (res://tests/scheduler_spore_source_smoke.gd:633)
ERROR: callback fixture owns actual native lease
   at: push_error (core/variant/variant_utility.cpp:1023)
   GDScript backtrace (most recent call first):
       [0] _expect (res://tests/scheduler_spore_source_smoke.gd:659)
       [1] _cancel_callback_boundaries (res://tests/scheduler_spore_source_smoke.gd:216)
       [2] _world (res://tests/scheduler_spore_source_smoke.gd:562)
       [3] _ticks (res://tests/scheduler_spore_source_smoke.gd:633)
ERROR: callback fixture owns actual native lease
   at: push_error (core/variant/variant_utility.cpp:1023)
   GDScript backtrace (most recent call first):
       [0] _expect (res://tests/scheduler_spore_source_smoke.gd:659)
       [1] _cancel_callback_boundaries (res://tests/scheduler_spore_source_smoke.gd:216)
       [2] _world (res://tests/scheduler_spore_source_smoke.gd:562)
       [3] _ticks (res://tests/scheduler_spore_source_smoke.gd:633)
ERROR: callback fixture owns actual native lease
   at: push_error (core/variant/variant_utility.cpp:1023)
   GDScript backtrace (most recent call first):
       [0] _expect (res://tests/scheduler_spore_source_smoke.gd:659)
       [1] _cancel_callback_boundaries (res://tests/scheduler_spore_source_smoke.gd:216)
       [2] _world (res://tests/scheduler_spore_source_smoke.gd:562)
       [3] _ticks (res://tests/scheduler_spore_source_smoke.gd:633)
ERROR: callback fixture owns actual native lease
   at: push_error (core/variant/variant_utility.cpp:1023)
   GDScript backtrace (most recent call first):
       [0] _expect (res://tests/scheduler_spore_source_smoke.gd:659)
       [1] _cancel_callback_boundaries (res://tests/scheduler_spore_source_smoke.gd:216)
       [2] _world (res://tests/scheduler_spore_source_smoke.gd:562)
       [3] _ticks (res://tests/scheduler_spore_source_smoke.gd:633)
ERROR: stale accessor uses genuine admitted lease
   at: push_error (core/variant/variant_utility.cpp:1023)
   GDScript backtrace (most recent call first):
       [0] _expect (res://tests/scheduler_spore_source_smoke.gd:659)
       [1] _stale_accessor (res://tests/scheduler_spore_source_smoke.gd:278)
       [2] _world (res://tests/scheduler_spore_source_smoke.gd:562)
       [3] _ticks (res://tests/scheduler_spore_source_smoke.gd:633)
SCRIPT ERROR: Invalid access to property or key 'phase_changed' on a base object of type 'Node3D (CinderThreatCue)'.
   at: _pending_contact_restore (res://tests/scheduler_spore_source_smoke.gd:363)
   GDScript backtrace (most recent call first):
       [0] _pending_contact_restore (res://tests/scheduler_spore_source_smoke.gd:363)
       [1] _world (res://tests/scheduler_spore_source_smoke.gd:562)
       [2] _ticks (res://tests/scheduler_spore_source_smoke.gd:633)
ERROR: defeat fixture owns a genuine prepared Scheduler lease
   at: push_error (core/variant/variant_utility.cpp:1023)
   GDScript backtrace (most recent call first):
       [0] _expect (res://tests/scheduler_spore_source_smoke.gd:659)
       [1] _removed_defeat (res://tests/scheduler_spore_source_smoke.gd:451)
       [2] _world (res://tests/scheduler_spore_source_smoke.gd:562)
       [3] _ticks (res://tests/scheduler_spore_source_smoke.gd:633)
Scheduler spore source smoke: 151 checks, 13 failures
