Godot Engine v4.7.2.stable.official.ed1daf0bf - https://godotengine.org

PASS: native equality keeps scalar/vector tags distinct
PASS: actual Main installs the separate test-only native court
PASS: fresh actual source is untracked API1/HP36/sixteen-mesh with no admission or history
PASS: public initial zero-ammo seed and real opt-in earn only cycle_ready
PASS: initial ready snapshot has no invented exchange/Cursor/event/hit history
PASS: format2 transport preserves the complete exact native fixture pair
PASS: actual source/world/Scheduler/barrier/groups retire before replacement
PASS: actual Main installs the separate test-only native court
PASS: fresh actual source is untracked API1/HP36/sixteen-mesh with no admission or history
PASS: fresh constructor builds only explicitly saved immutable native recipients
PASS: fresh native Hero/source/journal preflight is pure before immutable preparation
PASS: saved-generation construction recipe does not earn HP/clock/hit/terminal history
PASS: prepared recipient completely prevalidates the exact pair without physical/history commit
PASS: quiet actual Hero→source→Scheduler3→Playback2 reconstruction is exact and event-free
PASS: genuine carried primary damage determines bounded required generations
PASS: fresh actual witness/native view admits a genuine managed exchange
PASS: due native commit keeps a complete ordinary escape/return witness
PASS: actual action uses first available native tick
PASS: actual final-release swipe starts first_escape_dash before completed-record publication
PASS: native dash publishes one completed record at the actual proved floor landing
PASS: actual action uses first available native tick
PASS: actual final-release swipe starts tether_positioning_dash before completed-record publication
PASS: native dash publishes one completed record at the actual proved floor landing
PASS: actual action uses first available native tick
PASS: actual returned Hero reaches the ordinary recovery opening
PASS: real first-tap primary commits one production source HP transaction
PASS: same actual owner retains native resources and cumulative real primary HP at generation1
PASS: pre-expiry next preparation refuses without native HP/resources/history mutation
PASS: actual action uses first available native tick
PASS: expired original cooldown prepares only the next generation on the surviving native owner
PASS: deferred actual native pause boundary settled
PASS: next ready capture preserves predecessor terminal and complete real hit chain
PASS: pure and attempted restore reject forged generation_type without native mutation
PASS: pure and attempted restore reject forged outer_clock without native mutation
PASS: pure and attempted restore reject forged hp without native mutation
PASS: pure and attempted restore reject forged hit_generation without native mutation
PASS: pure and attempted restore reject forged history_clock without native mutation
PASS: pure and attempted restore reject forged native without native mutation
PASS: pure and attempted restore reject forged view without native mutation
PASS: pure and attempted restore reject forged unknown without native mutation
PASS: fresh actual witness/native view admits a genuine managed exchange
PASS: due native commit keeps a complete ordinary escape/return witness
PASS: actual action uses first available native tick
PASS: actual final-release swipe starts first_escape_dash before completed-record publication
PASS: deferred actual native pause boundary settled
PASS: genuine unfinished generation2 dash captures complete current native pair
PASS: pure and attempted restore reject forged generation_type without native mutation
PASS: pure and attempted restore reject forged outer_clock without native mutation
PASS: pure and attempted restore reject forged hp without native mutation
PASS: pure and attempted restore reject forged hit_generation without native mutation
PASS: pure and attempted restore reject forged history_clock without native mutation
PASS: pure and attempted restore reject forged native without native mutation
PASS: pure and attempted restore reject forged view without native mutation
PASS: pure and attempted restore reject forged unknown without native mutation
PASS: same current-generation moving pair restores quietly without duplicate actions/hits
PASS: native dash publishes one completed record at the actual proved floor landing
PASS: actual action uses first available native tick
PASS: actual final-release swipe starts tether_positioning_dash before completed-record publication
PASS: native dash publishes one completed record at the actual proved floor landing
PASS: actual action uses first available native tick
PASS: actual returned Hero reaches the ordinary recovery opening
PASS: real first-tap primary commits one production source HP transaction
PASS: same actual owner retains native resources and cumulative real primary HP at generation2
PASS: real generation route kills once in recovery with full Hero HP/no blast/history replay
PASS: actual action uses first available native tick
PASS: deferred actual native pause boundary settled
PASS: late dead capture retains original cancellation while actual outer clocks advance
PASS: pure and attempted restore reject forged generation_type without native mutation
PASS: pure and attempted restore reject forged outer_clock without native mutation
PASS: pure and attempted restore reject forged hp without native mutation
PASS: pure and attempted restore reject forged hit_generation without native mutation
PASS: pure and attempted restore reject forged history_clock without native mutation
PASS: pure and attempted restore reject forged native without native mutation
PASS: pure and attempted restore reject forged view without native mutation
PASS: pure and attempted restore reject forged unknown without native mutation
PASS: format2 transport preserves the complete exact native fixture pair
PASS: actual source/world/Scheduler/barrier/groups retire before replacement
PASS: actual Main installs the separate test-only native court
PASS: fresh actual source is untracked API1/HP36/sixteen-mesh with no admission or history
PASS: fresh constructor builds only explicitly saved immutable native recipients
PASS: fresh native Hero/source/journal preflight is pure before immutable preparation
PASS: saved-generation construction recipe does not earn HP/clock/hit/terminal history
PASS: prepared recipient completely prevalidates the exact pair without physical/history commit
PASS: quiet actual Hero→source→Scheduler3→Playback2 reconstruction is exact and event-free
PASS: second actual fixed-recipe owner registers ready on the same Hero/root/full floor domain
PASS: whole capture contains truthful dead history plus a genuine ready peer with no invented exchange/hits
PASS: format2 transport preserves the complete exact native fixture pair
PASS: actual source/world/Scheduler/barrier/groups retire before replacement
PASS: actual Main installs the separate test-only native court
PASS: fresh actual source is untracked API1/HP36/sixteen-mesh with no admission or history
PASS: fresh constructor builds only explicitly saved immutable native recipients
PASS: fresh native Hero/source/journal preflight is pure before immutable preparation
PASS: saved-generation construction recipe does not earn HP/clock/hit/terminal history
PASS: prepared recipient completely prevalidates the exact pair without physical/history commit
PASS: quiet actual Hero→source→Scheduler3→Playback2 reconstruction is exact and event-free
PASS: fresh late-dead continuation stays inert and cannot grant another cycle
PASS: actual source/world/Scheduler/barrier/groups retire before replacement
PASS: actual Main installs the separate test-only native court
PASS: fresh actual source is untracked API1/HP36/sixteen-mesh with no admission or history
PASS: public initial zero-ammo seed and real opt-in earn only cycle_ready
PASS: fresh actual witness/native view admits a genuine managed exchange
PASS: due native commit keeps a complete ordinary escape/return witness
PASS: actual action uses first available native tick
PASS: actual final-release swipe starts first_escape_dash before completed-record publication
PASS: native dash publishes one completed record at the actual proved floor landing
PASS: actual action uses first available native tick
PASS: actual final-release swipe starts tether_positioning_dash before completed-record publication
PASS: native dash publishes one completed record at the actual proved floor landing
PASS: actual action uses first available native tick
PASS: actual returned Hero reaches the ordinary recovery opening
PASS: real first-tap primary commits one production source HP transaction
PASS: actual action uses first available native tick
PASS: real first-tap primary commits one production source HP transaction
PASS: deferred actual native pause boundary settled
PASS: genuine late completed-knot primary preserves original completion without manufacturing cancellation
PASS: format2 transport preserves the complete exact native fixture pair
PASS: actual source/world/Scheduler/barrier/groups retire before replacement
PASS: actual Main installs the separate test-only native court
PASS: fresh actual source is untracked API1/HP36/sixteen-mesh with no admission or history
PASS: fresh constructor builds only explicitly saved immutable native recipients
PASS: fresh native Hero/source/journal preflight is pure before immutable preparation
PASS: saved-generation construction recipe does not earn HP/clock/hit/terminal history
PASS: prepared recipient completely prevalidates the exact pair without physical/history commit
PASS: quiet actual Hero→source→Scheduler3→Playback2 reconstruction is exact and event-free
PASS: actual source/world/Scheduler/barrier/groups retire before replacement
Owned production Echo lifecycle: 125 checks; failures: 0. Managed native source only; no full-level/Shell/presentation-gate acceptance.
