Godot Engine v4.7.2.stable.official.ed1daf0bf - https://godotengine.org

PASS: actual enemy-free paused lab provides the legal carried static-equipment boundary
PASS: actual public lab equip accepts canonical compound jacket
PASS: actual public lab equip accepts canonical compound pants
PASS: actual public lab equip accepts canonical compound shoes
PASS: actual public lab equip accepts canonical compound weapon
PASS: actual lab holds exact selected static IDs and their resolved stats without private gear edits
PASS: genuine public fresh transition carries the chosen lab equipment into the native rule room
PASS: actual Main opens the owned garden-root rule prototype paused
PASS: ready actual target/Scheduler/two native sources bind without configuration error
PASS: fresh actual traveller carries exact compound static gear/resolved stats with full initial HP
PASS: the real old lab/player/targets release while the fresh rule world remains paused at clock0
PASS: plain shared Main binds genuine Standard; no Assisted profile or HP-reset claim is fabricated
PASS: fresh native unit has original60HP phase1, empty initial ammo, canonical traveller and zero admitted cycles
PASS: current real shared camera admits draw before its actual source is armed
PASS: genuine draw holds its native finite geometry, exact lease, harmless landing and ordinary-return proof
PASS: closed actual tether rejects positive direct damage with no mutation
PASS: invalid target damage/impulse fails closed without HP/phase mutation
PASS: invalid target damage/impulse fails closed without HP/phase mutation
PASS: invalid target damage/impulse fails closed without HP/phase mutation
PASS: invalid target damage/impulse fails closed without HP/phase mutation
PASS: actual first routed tap executes a zero-hit ordinary primary against the warning shutter
PASS: public Game requests an actual completed native pause
PASS: whole native warning pause freezes actual Hero/target/cues/Scheduler/input/camera without snapshot claims
PASS: small prototype explicitly rejects snapshots without granting empty campaign-save credit
PASS: public resume continues the same actual rule unit
PASS: action uses the first actual post-actor tick at its native proof deadline
PASS: actual routed escape_dash commits the complete canonical shared dash
PASS: real complete dash reaches native proved landing with full travel and unchanged kit
PASS: action uses the first actual post-actor tick at its native proof deadline
PASS: actual routed positioning_dash commits the complete canonical shared dash
PASS: real complete dash reaches native proved landing with full travel and unchanged kit
PASS: action uses the first actual post-actor tick at its native proof deadline
PASS: actual escape and return reach a genuine native recovery before its full ordinary-primary budget expires
PASS: actual hidden recovery source marker rejects damage before the next mechanism tick
PASS: actual hidden physical target/root layers rejects recovery damage immediately
PASS: actual hidden physical target/root transparency rejects recovery damage immediately
PASS: actual hidden physical target/root layers rejects recovery damage immediately
PASS: actual hidden physical target/root transparency rejects recovery damage immediately
PASS: actual hidden physical target/root layers rejects recovery damage immediately
PASS: actual hidden physical target/root transparency rejects recovery damage immediately
PASS: actual first recovery primary subtracts resolved damage from the original60HP tether without resetting phase HP
PASS: second tap clears the real280ms blast window and native cooldown while ordinary recovery remains open
PASS: second genuine ordinary tap reaches exact30HP phase boundary and synchronously clears the actual leases/cues without regeneration or blast
PASS: closed actual tether rejects positive direct damage with no mutation
PASS: invalid target damage/impulse fails closed without HP/phase mutation
PASS: invalid target damage/impulse fails closed without HP/phase mutation
PASS: invalid target damage/impulse fails closed without HP/phase mutation
PASS: invalid target damage/impulse fails closed without HP/phase mutation
PASS: finite draw exchange keeps two full dashes, ordinary actions, no Hero contact, automatic restart, reward or campaign progress
PASS: current real shared camera admits enclose before its actual source is armed
PASS: genuine same-world phase2 preserves30HP and admits the other native source through unchanged cooldown/camera rules
PASS: closed actual tether rejects positive direct damage with no mutation
PASS: invalid target damage/impulse fails closed without HP/phase mutation
PASS: invalid target damage/impulse fails closed without HP/phase mutation
PASS: invalid target damage/impulse fails closed without HP/phase mutation
PASS: invalid target damage/impulse fails closed without HP/phase mutation
PASS: action uses the first actual post-actor tick at its native proof deadline
PASS: actual phase2 routed escape_dash preserves full canonical native dash
PASS: real complete dash reaches native proved landing with full travel and unchanged kit
PASS: action uses the first actual post-actor tick at its native proof deadline
PASS: actual phase2 routed positioning_dash preserves full canonical native dash
PASS: real complete dash reaches native proved landing with full travel and unchanged kit
PASS: action uses the first actual post-actor tick at its native proof deadline
PASS: phase2 real escape/return exposes the same ordinary low tether without resetting HP or restarting its old source
PASS: actual hidden recovery source marker rejects damage before the next mechanism tick
PASS: actual hidden physical target/root layers rejects recovery damage immediately
PASS: actual hidden physical target/root transparency rejects recovery damage immediately
PASS: actual hidden physical target/root layers rejects recovery damage immediately
PASS: actual hidden physical target/root transparency rejects recovery damage immediately
PASS: actual hidden physical target/root layers rejects recovery damage immediately
PASS: actual hidden physical target/root transparency rejects recovery damage immediately
PASS: first actual phase2 primary subtracts resolved damage from30HP (baseline30→10) with genuine hit credit
PASS: second tap clears the real280ms blast window and native cooldown while ordinary recovery remains open
PASS: second actual phase2 ordinary primary reaches final0 and synchronously removes target/group/leases/cues without HP reset or blast
PASS: real deferred native frame closes the spent body while preserving full Hero HP, exact kit and cleared cues
PASS: closed actual tether rejects positive direct damage with no mutation
PASS: invalid target damage/impulse fails closed without HP/phase mutation
PASS: invalid target damage/impulse fails closed without HP/phase mutation
PASS: invalid target damage/impulse fails closed without HP/phase mutation
PASS: invalid target damage/impulse fails closed without HP/phase mutation
PASS: same-world two-phase prototype ends with four genuine full dashes, final spent0, full unchanged Hero HP, no restart/reward/campaign progression
PASS: public level exit synchronously clears actual source leases/cues
PASS: all native old-world descendants/Hero/target/sources/cues release before a replacement
PASS: actual enemy-free paused lab provides the legal carried static-equipment boundary
PASS: actual public lab equip accepts canonical compound jacket
PASS: actual public lab equip accepts canonical compound pants
PASS: actual public lab equip accepts canonical compound shoes
PASS: actual public lab equip accepts canonical compound weapon
PASS: actual lab holds exact selected static IDs and their resolved stats without private gear edits
PASS: genuine public fresh transition carries the chosen lab equipment into the native rule room
PASS: actual Main opens the owned garden-root rule prototype paused
PASS: ready actual target/Scheduler/two native sources bind without configuration error
PASS: fresh actual traveller carries exact compound static gear/resolved stats with full initial HP
PASS: the real old lab/player/targets release while the fresh rule world remains paused at clock0
PASS: plain shared Main binds genuine Standard; no Assisted profile or HP-reset claim is fabricated
PASS: fresh native unit has original60HP phase1, empty initial ammo, canonical traveller and zero admitted cycles
PASS: current real shared camera admits enclose before its actual source is armed
PASS: genuine enclose holds its native finite geometry, exact lease, harmless landing and ordinary-return proof
PASS: closed actual tether rejects positive direct damage with no mutation
PASS: invalid target damage/impulse fails closed without HP/phase mutation
PASS: invalid target damage/impulse fails closed without HP/phase mutation
PASS: invalid target damage/impulse fails closed without HP/phase mutation
PASS: invalid target damage/impulse fails closed without HP/phase mutation
PASS: actual first routed tap executes a zero-hit ordinary primary against the warning shutter
PASS: public Game requests an actual completed native pause
PASS: whole native warning pause freezes actual Hero/target/cues/Scheduler/input/camera without snapshot claims
PASS: small prototype explicitly rejects snapshots without granting empty campaign-save credit
PASS: public resume continues the same actual rule unit
PASS: action uses the first actual post-actor tick at its native proof deadline
PASS: actual routed escape_dash commits the complete canonical shared dash
PASS: real complete dash reaches native proved landing with full travel and unchanged kit
PASS: action uses the first actual post-actor tick at its native proof deadline
PASS: actual routed positioning_dash commits the complete canonical shared dash
PASS: real complete dash reaches native proved landing with full travel and unchanged kit
PASS: action uses the first actual post-actor tick at its native proof deadline
PASS: actual escape and return reach a genuine native recovery before its full ordinary-primary budget expires
PASS: actual hidden recovery source marker rejects damage before the next mechanism tick
PASS: actual hidden physical target/root layers rejects recovery damage immediately
PASS: actual hidden physical target/root transparency rejects recovery damage immediately
PASS: actual hidden physical target/root layers rejects recovery damage immediately
PASS: actual hidden physical target/root transparency rejects recovery damage immediately
PASS: actual hidden physical target/root layers rejects recovery damage immediately
PASS: actual hidden physical target/root transparency rejects recovery damage immediately
PASS: actual first recovery primary subtracts resolved damage from the original60HP tether without resetting phase HP
PASS: second tap clears the real280ms blast window and native cooldown while ordinary recovery remains open
PASS: second genuine ordinary tap reaches exact30HP phase boundary and synchronously clears the actual leases/cues without regeneration or blast
PASS: closed actual tether rejects positive direct damage with no mutation
PASS: invalid target damage/impulse fails closed without HP/phase mutation
PASS: invalid target damage/impulse fails closed without HP/phase mutation
PASS: invalid target damage/impulse fails closed without HP/phase mutation
PASS: invalid target damage/impulse fails closed without HP/phase mutation
PASS: finite enclose exchange keeps two full dashes, ordinary actions, no Hero contact, automatic restart, reward or campaign progress
PASS: current real shared camera admits draw before its actual source is armed
PASS: genuine same-world phase2 preserves30HP and admits the other native source through unchanged cooldown/camera rules
PASS: closed actual tether rejects positive direct damage with no mutation
PASS: invalid target damage/impulse fails closed without HP/phase mutation
PASS: invalid target damage/impulse fails closed without HP/phase mutation
PASS: invalid target damage/impulse fails closed without HP/phase mutation
PASS: invalid target damage/impulse fails closed without HP/phase mutation
PASS: action uses the first actual post-actor tick at its native proof deadline
PASS: actual phase2 routed escape_dash preserves full canonical native dash
PASS: real complete dash reaches native proved landing with full travel and unchanged kit
PASS: action uses the first actual post-actor tick at its native proof deadline
PASS: actual phase2 routed positioning_dash preserves full canonical native dash
PASS: real complete dash reaches native proved landing with full travel and unchanged kit
PASS: action uses the first actual post-actor tick at its native proof deadline
PASS: phase2 real escape/return exposes the same ordinary low tether without resetting HP or restarting its old source
PASS: actual hidden recovery source marker rejects damage before the next mechanism tick
PASS: actual hidden physical target/root layers rejects recovery damage immediately
PASS: actual hidden physical target/root transparency rejects recovery damage immediately
PASS: actual hidden physical target/root layers rejects recovery damage immediately
PASS: actual hidden physical target/root transparency rejects recovery damage immediately
PASS: actual hidden physical target/root layers rejects recovery damage immediately
PASS: actual hidden physical target/root transparency rejects recovery damage immediately
PASS: first actual phase2 primary subtracts resolved damage from30HP (baseline30→10) with genuine hit credit
PASS: second tap clears the real280ms blast window and native cooldown while ordinary recovery remains open
PASS: second actual phase2 ordinary primary reaches final0 and synchronously removes target/group/leases/cues without HP reset or blast
PASS: real deferred native frame closes the spent body while preserving full Hero HP, exact kit and cleared cues
PASS: closed actual tether rejects positive direct damage with no mutation
PASS: invalid target damage/impulse fails closed without HP/phase mutation
PASS: invalid target damage/impulse fails closed without HP/phase mutation
PASS: invalid target damage/impulse fails closed without HP/phase mutation
PASS: invalid target damage/impulse fails closed without HP/phase mutation
PASS: same-world two-phase prototype ends with four genuine full dashes, final spent0, full unchanged Hero HP, no restart/reward/campaign progression
PASS: public level exit synchronously clears actual source leases/cues
PASS: all native old-world descendants/Hero/target/sources/cues release before a replacement
PASS: actual enemy-free paused lab provides the legal carried static-equipment boundary
PASS: actual public lab equip accepts canonical compound jacket
PASS: actual public lab equip accepts canonical compound pants
PASS: actual public lab equip accepts canonical compound shoes
PASS: actual public lab equip accepts canonical compound weapon
PASS: actual lab holds exact selected static IDs and their resolved stats without private gear edits
PASS: genuine public fresh transition carries the chosen lab equipment into the native rule room
PASS: actual Main opens the owned garden-root rule prototype paused
PASS: ready actual target/Scheduler/two native sources bind without configuration error
PASS: fresh actual traveller carries exact compound static gear/resolved stats with full initial HP
PASS: the real old lab/player/targets release while the fresh rule world remains paused at clock0
PASS: plain shared Main binds genuine Standard; no Assisted profile or HP-reset claim is fabricated
PASS: fresh native unit has original60HP phase1, empty initial ammo, canonical traveller and zero admitted cycles
PASS: current real shared camera admits draw before its actual source is armed
PASS: teardown fixture owns a genuinely held actual warning lease/cue
PASS: public held-warning level exit synchronously clears actual source leases/cues
PASS: all native old-world descendants/Hero/target/sources/cues release before a replacement
Garden root phase2 rule: 183 checks; failures: 0. Two-source prototype through genuine final0; one selected static kit only, Standard only; no full-L4, saves, production transitions or playthrough acceptance.
