WorkerThreadPool: 8 threads, 2 max low-priority.
Godot Engine v4.7.2.stable.official.ed1daf0bf - https://godotengine.org
TextServer: Added interface "Dummy"
TextServer: Added interface "ICU / HarfBuzz / Graphite (Built-in)"
SDL: Init OK!
Using "default" pen tablet driver...

TextServer: Primary interface set to: "ICU / HarfBuzz / Graphite (Built-in)".
CORE API HASH: 2004498165
EDITOR API HASH: 1696660745
Loading resource: res://tests/authored_exact_comparison_smoke.gd remapped: res://tests/authored_exact_comparison_smoke.gd
Completed load for: 'res://tests/authored_exact_comparison_smoke.gd' remapped 'res://tests/authored_exact_comparison_smoke.gd' at thread -1
SceneTreeFTI: traversal method DEFAULT
Loaded system CA certificates
PASS: representative canonical authored program uses genuine native world/floor descriptors: 
PASS: canonical program copy retained tagged serializer reference has the declared exact result
PASS: canonical program copy production equality matches the reference in both directions
PASS: recursive dictionary insertion order retained tagged serializer reference has the declared exact result
PASS: recursive dictionary insertion order production equality matches the reference in both directions
PASS: one binary64 bit in canonical program transport retained tagged serializer reference has the declared exact result
PASS: one binary64 bit in canonical program transport production equality matches the reference in both directions
PASS: equal numeric but different generation type retained tagged serializer reference has the declared exact result
PASS: equal numeric but different generation type production equality matches the reference in both directions
PASS: ordered arrays retained tagged serializer reference has the declared exact result
PASS: ordered arrays production equality matches the reference in both directions
PASS: integer versus float retained tagged serializer reference has the declared exact result
PASS: integer versus float production equality matches the reference in both directions
PASS: boolean versus integer retained tagged serializer reference has the declared exact result
PASS: boolean versus integer production equality matches the reference in both directions
PASS: string versus integer retained tagged serializer reference has the declared exact result
PASS: string versus integer production equality matches the reference in both directions
PASS: null versus empty dictionary retained tagged serializer reference has the declared exact result
PASS: null versus empty dictionary production equality matches the reference in both directions
PASS: safe integer endpoints retained tagged serializer reference has the declared exact result
PASS: safe integer endpoints production equality matches the reference in both directions
PASS: signed-zero control has numeric equality despite different native binary64 bits
PASS: positive versus negative zero retained tagged serializer reference has the declared exact result
PASS: positive versus negative zero production equality matches the reference in both directions
PASS: negative zero copy retained tagged serializer reference has the declared exact result
PASS: negative zero copy production equality matches the reference in both directions
PASS: smallest positive subnormal versus zero retained tagged serializer reference has the declared exact result
PASS: smallest positive subnormal versus zero production equality matches the reference in both directions
PASS: smallest positive subnormal copy retained tagged serializer reference has the declared exact result
PASS: smallest positive subnormal copy production equality matches the reference in both directions
PASS: typed array metadata is not JSON identity retained tagged serializer reference has the declared exact result
PASS: typed array metadata is not JSON identity production equality matches the reference in both directions
PASS: typed dictionary metadata is not JSON identity retained tagged serializer reference has the declared exact result
PASS: typed dictionary metadata is not JSON identity production equality matches the reference in both directions
PASS: aliased acyclic JSON versus independent copies retained tagged serializer reference has the declared exact result
PASS: aliased acyclic JSON versus independent copies production equality matches the reference in both directions
PASS: all native non-NUL C0 controls and Unicode retained tagged serializer reference has the declared exact result
PASS: all native non-NUL C0 controls and Unicode production equality matches the reference in both directions
PASS: literal backslash-v versus actual vertical tab retained tagged serializer reference has the declared exact result
PASS: literal backslash-v versus actual vertical tab production equality matches the reference in both directions
PASS: literal escape text versus actual control retained tagged serializer reference has the declared exact result
PASS: literal escape text versus actual control production equality matches the reference in both directions
PASS: composed versus decomposed Unicode stays distinct retained tagged serializer reference has the declared exact result
PASS: composed versus decomposed Unicode stays distinct production equality matches the reference in both directions
PASS: deterministic nested copy 0 retained tagged serializer reference has the declared exact result
PASS: deterministic nested copy 0 production equality matches the reference in both directions
PASS: deterministic nested one-bit 0 retained tagged serializer reference has the declared exact result
PASS: deterministic nested one-bit 0 production equality matches the reference in both directions
PASS: deterministic nested copy 1 retained tagged serializer reference has the declared exact result
PASS: deterministic nested copy 1 production equality matches the reference in both directions
PASS: deterministic nested one-bit 1 retained tagged serializer reference has the declared exact result
PASS: deterministic nested one-bit 1 production equality matches the reference in both directions
PASS: deterministic nested copy 2 retained tagged serializer reference has the declared exact result
PASS: deterministic nested copy 2 production equality matches the reference in both directions
PASS: deterministic nested one-bit 2 retained tagged serializer reference has the declared exact result
PASS: deterministic nested one-bit 2 production equality matches the reference in both directions
PASS: deterministic nested copy 3 retained tagged serializer reference has the declared exact result
PASS: deterministic nested copy 3 production equality matches the reference in both directions
PASS: deterministic nested one-bit 3 retained tagged serializer reference has the declared exact result
PASS: deterministic nested one-bit 3 production equality matches the reference in both directions
PASS: deterministic nested copy 4 retained tagged serializer reference has the declared exact result
PASS: deterministic nested copy 4 production equality matches the reference in both directions
PASS: deterministic nested one-bit 4 retained tagged serializer reference has the declared exact result
PASS: deterministic nested one-bit 4 production equality matches the reference in both directions
PASS: deterministic nested copy 5 retained tagged serializer reference has the declared exact result
PASS: deterministic nested copy 5 production equality matches the reference in both directions
PASS: deterministic nested one-bit 5 retained tagged serializer reference has the declared exact result
PASS: deterministic nested one-bit 5 production equality matches the reference in both directions
PASS: deterministic nested copy 6 retained tagged serializer reference has the declared exact result
PASS: deterministic nested copy 6 production equality matches the reference in both directions
PASS: deterministic nested one-bit 6 retained tagged serializer reference has the declared exact result
PASS: deterministic nested one-bit 6 production equality matches the reference in both directions
PASS: deterministic nested copy 7 retained tagged serializer reference has the declared exact result
PASS: deterministic nested copy 7 production equality matches the reference in both directions
PASS: deterministic nested one-bit 7 retained tagged serializer reference has the declared exact result
PASS: deterministic nested one-bit 7 production equality matches the reference in both directions
PASS: deterministic nested copy 8 retained tagged serializer reference has the declared exact result
PASS: deterministic nested copy 8 production equality matches the reference in both directions
PASS: deterministic nested one-bit 8 retained tagged serializer reference has the declared exact result
PASS: deterministic nested one-bit 8 production equality matches the reference in both directions
PASS: deterministic nested copy 9 retained tagged serializer reference has the declared exact result
PASS: deterministic nested copy 9 production equality matches the reference in both directions
PASS: deterministic nested one-bit 9 retained tagged serializer reference has the declared exact result
PASS: deterministic nested one-bit 9 production equality matches the reference in both directions
PASS: deterministic nested copy 10 retained tagged serializer reference has the declared exact result
PASS: deterministic nested copy 10 production equality matches the reference in both directions
PASS: deterministic nested one-bit 10 retained tagged serializer reference has the declared exact result
PASS: deterministic nested one-bit 10 production equality matches the reference in both directions
PASS: deterministic nested copy 11 retained tagged serializer reference has the declared exact result
PASS: deterministic nested copy 11 production equality matches the reference in both directions
PASS: deterministic nested one-bit 11 retained tagged serializer reference has the declared exact result
PASS: deterministic nested one-bit 11 production equality matches the reference in both directions
PASS: deterministic nested copy 12 retained tagged serializer reference has the declared exact result
PASS: deterministic nested copy 12 production equality matches the reference in both directions
PASS: deterministic nested one-bit 12 retained tagged serializer reference has the declared exact result
PASS: deterministic nested one-bit 12 production equality matches the reference in both directions
PASS: deterministic nested copy 13 retained tagged serializer reference has the declared exact result
PASS: deterministic nested copy 13 production equality matches the reference in both directions
PASS: deterministic nested one-bit 13 retained tagged serializer reference has the declared exact result
PASS: deterministic nested one-bit 13 production equality matches the reference in both directions
PASS: deterministic nested copy 14 retained tagged serializer reference has the declared exact result
PASS: deterministic nested copy 14 production equality matches the reference in both directions
PASS: deterministic nested one-bit 14 retained tagged serializer reference has the declared exact result
PASS: deterministic nested one-bit 14 production equality matches the reference in both directions
PASS: deterministic nested copy 15 retained tagged serializer reference has the declared exact result
PASS: deterministic nested copy 15 production equality matches the reference in both directions
PASS: deterministic nested one-bit 15 retained tagged serializer reference has the declared exact result
PASS: deterministic nested one-bit 15 production equality matches the reference in both directions
PASS: deterministic nested copy 16 retained tagged serializer reference has the declared exact result
PASS: deterministic nested copy 16 production equality matches the reference in both directions
PASS: deterministic nested one-bit 16 retained tagged serializer reference has the declared exact result
PASS: deterministic nested one-bit 16 production equality matches the reference in both directions
PASS: deterministic nested copy 17 retained tagged serializer reference has the declared exact result
PASS: deterministic nested copy 17 production equality matches the reference in both directions
PASS: deterministic nested one-bit 17 retained tagged serializer reference has the declared exact result
PASS: deterministic nested one-bit 17 production equality matches the reference in both directions
PASS: deterministic nested copy 18 retained tagged serializer reference has the declared exact result
PASS: deterministic nested copy 18 production equality matches the reference in both directions
PASS: deterministic nested one-bit 18 retained tagged serializer reference has the declared exact result
PASS: deterministic nested one-bit 18 production equality matches the reference in both directions
PASS: deterministic nested copy 19 retained tagged serializer reference has the declared exact result
PASS: deterministic nested copy 19 production equality matches the reference in both directions
PASS: deterministic nested one-bit 19 retained tagged serializer reference has the declared exact result
PASS: deterministic nested one-bit 19 production equality matches the reference in both directions
PASS: deterministic nested copy 20 retained tagged serializer reference has the declared exact result
PASS: deterministic nested copy 20 production equality matches the reference in both directions
PASS: deterministic nested one-bit 20 retained tagged serializer reference has the declared exact result
PASS: deterministic nested one-bit 20 production equality matches the reference in both directions
PASS: deterministic nested copy 21 retained tagged serializer reference has the declared exact result
PASS: deterministic nested copy 21 production equality matches the reference in both directions
PASS: deterministic nested one-bit 21 retained tagged serializer reference has the declared exact result
PASS: deterministic nested one-bit 21 production equality matches the reference in both directions
PASS: deterministic nested copy 22 retained tagged serializer reference has the declared exact result
PASS: deterministic nested copy 22 production equality matches the reference in both directions
PASS: deterministic nested one-bit 22 retained tagged serializer reference has the declared exact result
PASS: deterministic nested one-bit 22 production equality matches the reference in both directions
PASS: deterministic nested copy 23 retained tagged serializer reference has the declared exact result
PASS: deterministic nested copy 23 production equality matches the reference in both directions
PASS: deterministic nested one-bit 23 retained tagged serializer reference has the declared exact result
PASS: deterministic nested one-bit 23 production equality matches the reference in both directions
PASS: deterministic nested copy 24 retained tagged serializer reference has the declared exact result
PASS: deterministic nested copy 24 production equality matches the reference in both directions
PASS: deterministic nested one-bit 24 retained tagged serializer reference has the declared exact result
PASS: deterministic nested one-bit 24 production equality matches the reference in both directions
PASS: deterministic nested copy 25 retained tagged serializer reference has the declared exact result
PASS: deterministic nested copy 25 production equality matches the reference in both directions
PASS: deterministic nested one-bit 25 retained tagged serializer reference has the declared exact result
PASS: deterministic nested one-bit 25 production equality matches the reference in both directions
PASS: deterministic nested copy 26 retained tagged serializer reference has the declared exact result
PASS: deterministic nested copy 26 production equality matches the reference in both directions
PASS: deterministic nested one-bit 26 retained tagged serializer reference has the declared exact result
PASS: deterministic nested one-bit 26 production equality matches the reference in both directions
PASS: deterministic nested copy 27 retained tagged serializer reference has the declared exact result
PASS: deterministic nested copy 27 production equality matches the reference in both directions
PASS: deterministic nested one-bit 27 retained tagged serializer reference has the declared exact result
PASS: deterministic nested one-bit 27 production equality matches the reference in both directions
PASS: deterministic nested copy 28 retained tagged serializer reference has the declared exact result
PASS: deterministic nested copy 28 production equality matches the reference in both directions
PASS: deterministic nested one-bit 28 retained tagged serializer reference has the declared exact result
PASS: deterministic nested one-bit 28 production equality matches the reference in both directions
PASS: deterministic nested copy 29 retained tagged serializer reference has the declared exact result
PASS: deterministic nested copy 29 production equality matches the reference in both directions
PASS: deterministic nested one-bit 29 retained tagged serializer reference has the declared exact result
PASS: deterministic nested one-bit 29 production equality matches the reference in both directions
PASS: deterministic nested copy 30 retained tagged serializer reference has the declared exact result
PASS: deterministic nested copy 30 production equality matches the reference in both directions
PASS: deterministic nested one-bit 30 retained tagged serializer reference has the declared exact result
PASS: deterministic nested one-bit 30 production equality matches the reference in both directions
PASS: deterministic nested copy 31 retained tagged serializer reference has the declared exact result
PASS: deterministic nested copy 31 production equality matches the reference in both directions
PASS: deterministic nested one-bit 31 retained tagged serializer reference has the declared exact result
PASS: deterministic nested one-bit 31 production equality matches the reference in both directions
PASS: deterministic nested copy 32 retained tagged serializer reference has the declared exact result
PASS: deterministic nested copy 32 production equality matches the reference in both directions
PASS: deterministic nested one-bit 32 retained tagged serializer reference has the declared exact result
PASS: deterministic nested one-bit 32 production equality matches the reference in both directions
PASS: deterministic nested copy 33 retained tagged serializer reference has the declared exact result
PASS: deterministic nested copy 33 production equality matches the reference in both directions
PASS: deterministic nested one-bit 33 retained tagged serializer reference has the declared exact result
PASS: deterministic nested one-bit 33 production equality matches the reference in both directions
PASS: deterministic nested copy 34 retained tagged serializer reference has the declared exact result
PASS: deterministic nested copy 34 production equality matches the reference in both directions
PASS: deterministic nested one-bit 34 retained tagged serializer reference has the declared exact result
PASS: deterministic nested one-bit 34 production equality matches the reference in both directions
PASS: deterministic nested copy 35 retained tagged serializer reference has the declared exact result
PASS: deterministic nested copy 35 production equality matches the reference in both directions
PASS: deterministic nested one-bit 35 retained tagged serializer reference has the declared exact result
PASS: deterministic nested one-bit 35 production equality matches the reference in both directions
PASS: deterministic nested copy 36 retained tagged serializer reference has the declared exact result
PASS: deterministic nested copy 36 production equality matches the reference in both directions
PASS: deterministic nested one-bit 36 retained tagged serializer reference has the declared exact result
PASS: deterministic nested one-bit 36 production equality matches the reference in both directions
PASS: deterministic nested copy 37 retained tagged serializer reference has the declared exact result
PASS: deterministic nested copy 37 production equality matches the reference in both directions
PASS: deterministic nested one-bit 37 retained tagged serializer reference has the declared exact result
PASS: deterministic nested one-bit 37 production equality matches the reference in both directions
PASS: deterministic nested copy 38 retained tagged serializer reference has the declared exact result
PASS: deterministic nested copy 38 production equality matches the reference in both directions
PASS: deterministic nested one-bit 38 retained tagged serializer reference has the declared exact result
PASS: deterministic nested one-bit 38 production equality matches the reference in both directions
PASS: deterministic nested copy 39 retained tagged serializer reference has the declared exact result
PASS: deterministic nested copy 39 production equality matches the reference in both directions
PASS: deterministic nested one-bit 39 retained tagged serializer reference has the declared exact result
PASS: deterministic nested one-bit 39 production equality matches the reference in both directions
PASS: deterministic nested copy 40 retained tagged serializer reference has the declared exact result
PASS: deterministic nested copy 40 production equality matches the reference in both directions
PASS: deterministic nested one-bit 40 retained tagged serializer reference has the declared exact result
PASS: deterministic nested one-bit 40 production equality matches the reference in both directions
PASS: deterministic nested copy 41 retained tagged serializer reference has the declared exact result
PASS: deterministic nested copy 41 production equality matches the reference in both directions
PASS: deterministic nested one-bit 41 retained tagged serializer reference has the declared exact result
PASS: deterministic nested one-bit 41 production equality matches the reference in both directions
PASS: deterministic nested copy 42 retained tagged serializer reference has the declared exact result
PASS: deterministic nested copy 42 production equality matches the reference in both directions
PASS: deterministic nested one-bit 42 retained tagged serializer reference has the declared exact result
PASS: deterministic nested one-bit 42 production equality matches the reference in both directions
PASS: deterministic nested copy 43 retained tagged serializer reference has the declared exact result
PASS: deterministic nested copy 43 production equality matches the reference in both directions
PASS: deterministic nested one-bit 43 retained tagged serializer reference has the declared exact result
PASS: deterministic nested one-bit 43 production equality matches the reference in both directions
PASS: deterministic nested copy 44 retained tagged serializer reference has the declared exact result
PASS: deterministic nested copy 44 production equality matches the reference in both directions
PASS: deterministic nested one-bit 44 retained tagged serializer reference has the declared exact result
PASS: deterministic nested one-bit 44 production equality matches the reference in both directions
PASS: deterministic nested copy 45 retained tagged serializer reference has the declared exact result
PASS: deterministic nested copy 45 production equality matches the reference in both directions
PASS: deterministic nested one-bit 45 retained tagged serializer reference has the declared exact result
PASS: deterministic nested one-bit 45 production equality matches the reference in both directions
PASS: deterministic nested copy 46 retained tagged serializer reference has the declared exact result
PASS: deterministic nested copy 46 production equality matches the reference in both directions
PASS: deterministic nested one-bit 46 retained tagged serializer reference has the declared exact result
PASS: deterministic nested one-bit 46 production equality matches the reference in both directions
PASS: deterministic nested copy 47 retained tagged serializer reference has the declared exact result
PASS: deterministic nested copy 47 production equality matches the reference in both directions
PASS: deterministic nested one-bit 47 retained tagged serializer reference has the declared exact result
PASS: deterministic nested one-bit 47 production equality matches the reference in both directions
PASS: maximum supported logical depth retained tagged serializer reference has the declared exact result
PASS: maximum supported logical depth production equality matches the reference in both directions
PASS: depth one above bound stays fail-closed under unchanged authored safety
PASS: array at entry bound retained tagged serializer reference has the declared exact result
PASS: array at entry bound production equality matches the reference in both directions
PASS: array one above entry bound stays fail-closed under unchanged authored safety
PASS: dictionary one above entry bound stays fail-closed under unchanged authored safety
PASS: aliased tree below global node/byte bound retained tagged serializer reference has the declared exact result
PASS: aliased tree below global node/byte bound production equality matches the reference in both directions
PASS: aliased tree beyond global node/byte bound stays fail-closed under unchanged authored safety
PASS: ASCII at authored raw byte bound retained tagged serializer reference has the declared exact result
PASS: ASCII at authored raw byte bound production equality matches the reference in both directions
PASS: ASCII one above authored raw byte bound stays fail-closed under unchanged authored safety
PASS: UTF8 bytes below authored bound retained tagged serializer reference has the declared exact result
PASS: UTF8 bytes below authored bound production equality matches the reference in both directions
PASS: UTF8 byte budget cannot use character count stays fail-closed under unchanged authored safety
PASS: single oversized string stays fail-closed under unchanged authored safety
PASS: unsafe positive integer stays fail-closed under unchanged authored safety
PASS: unsafe negative integer stays fail-closed under unchanged authored safety
PASS: NaN stays fail-closed under unchanged authored safety
PASS: positive infinity stays fail-closed under unchanged authored safety
PASS: negative infinity stays fail-closed under unchanged authored safety
PASS: integer dictionary key stays fail-closed under unchanged authored safety
PASS: StringName dictionary key stays fail-closed under unchanged authored safety
PASS: native Vector3 stays fail-closed under unchanged authored safety
PASS: native packed bytes stays fail-closed under unchanged authored safety
PASS: live native object stays fail-closed under unchanged authored safety
PASS: live native object in JSON branch stays fail-closed under unchanged authored safety
PASS: actually freed native object handle stays fail-closed under unchanged authored safety
PASS: self-referencing Array stays fail-closed under unchanged authored safety
PASS: self-referencing Dictionary stays fail-closed under unchanged authored safety
PASS: mixed Array/Dictionary cycle stays fail-closed under unchanged authored safety
PASS: both timed functions accept the same actual canonical authored program
PASS: diagnostic timing loops preserve the same exact accepted result
TEST ONLY canonical authored equality diagnostic: iterations=40 legacy_total_us=100721 current_total_us=39410; both include the unchanged safety walks; elapsed samples are not a performance threshold or native gameplay result
Authored exact comparison smoke: 270 checks, 0 failures; bounded legacy serializer compatibility and diagnostic timing only
XR: Clearing primary interface
XR: Removed interface "Native mobile"
XR: Removed interface "OpenXR"
