WorkerThreadPool: 8 threads, 2 max low-priority.
Godot Engine v4.7.2.stable.official.ed1daf0bf - https://godotengine.org
TextServer: Added interface "Dummy"
TextServer: Added interface "ICU / HarfBuzz / Graphite (Built-in)"
SDL: Init OK!
Using "default" pen tablet driver...

TextServer: Primary interface set to: "ICU / HarfBuzz / Graphite (Built-in)".
CORE API HASH: 2004498165
EDITOR API HASH: 1696660745
Loading resource: res://tests/authored_echo_performance_smoke.gd remapped: res://tests/authored_echo_performance_smoke.gd
Loading resource: res://scenes/player.tscn remapped: res://scenes/player.tscn
Loading resource: res://scripts/player.gd remapped: res://scripts/player.gd
Completed load for: 'res://scripts/player.gd' remapped 'res://scripts/player.gd' at thread -1
Completed load for: 'res://scenes/player.tscn' remapped 'res://scenes/player.tscn' at thread -1
Loading resource: res://scenes/practice_target.tscn remapped: res://scenes/practice_target.tscn
Loading resource: res://scripts/practice_target.gd remapped: res://scripts/practice_target.gd
Completed load for: 'res://scripts/practice_target.gd' remapped 'res://scripts/practice_target.gd' at thread -1
Completed load for: 'res://scenes/practice_target.tscn' remapped 'res://scenes/practice_target.tscn' at thread -1
Loading resource: res://scenes/lab_arena.tscn remapped: res://scenes/lab_arena.tscn
Completed load for: 'res://scenes/lab_arena.tscn' remapped 'res://scenes/lab_arena.tscn' at thread -1
Completed load for: 'res://tests/authored_echo_performance_smoke.gd' remapped 'res://tests/authored_echo_performance_smoke.gd' at thread -1
SceneTreeFTI: traversal method DEFAULT
Loaded system CA certificates
PASS: actual Scheduler selects a fresh raw Standard encounter
PASS: TEST ONLY initial paused empty-ammo seed retains coherent actual actor
PASS: genuine shared Playback subclass owns immutable native definition, HP, visible mesh and fixed endpoint
PASS: own enemy configure_authored uses its actual source hooks: 
PASS: profile retains EXACT real shared Scheduler Script required by ReplayWitness
PASS: actual exclusive stationary source receives complete live-body own-enemy witness: 
PASS: native required footprint derives from exact own source/world/floor program
PASS: projected owner binds exact actual exclusive Player without a capture gate: 
PASS: separate actual pure replay_reservation_error probe authenticates genuine admitted source
PASS: separate actual pure authored_replay_source_error probe authenticates genuine admitted source
PASS: separate actual pure replay_reservation_error probe authenticates genuine admitted source
PASS: separate actual pure authored_replay_source_error probe authenticates genuine admitted source
PASS: separate actual pure replay_reservation_error probe authenticates genuine admitted source
PASS: separate actual pure authored_replay_source_error probe authenticates genuine admitted source
PASS: separate same-clock pure probes retain real clocks/diagnostics/source/Hero/history
PASS: actual due lock revalidates full lead and current actual Player: 
PASS: own cursor consumes actual canonical lock without retiming or new proof
PASS: profile executes actual routed first_escape_dash
PASS: profile harmless route retains real Hero HP and fixed native source
PASS: profile executes actual routed tether_positioning_dash
PASS: profile harmless route retains real Hero HP and fixed native source
PASS: real profile witness returns to ordinary hittable recovery knot
PASS: real profile first tap executes ordinary primary
PASS: real profile route defeats own HP source once without Hero damage
PASS: measurement workload contains two native dashes and one ordinary primary; natural ammo regeneration preserved
PASS: bounded raw native measurements remain complete
PASS: profile native advance accepts original authority and monotonic real clock
PASS: profile native advance accepts original authority and monotonic real clock
PASS: profile native advance accepts original authority and monotonic real clock
PASS: profile native advance accepts original authority and monotonic real clock
PASS: profile native advance accepts original authority and monotonic real clock
PASS: profile native advance accepts original authority and monotonic real clock
PASS: profile native advance accepts original authority and monotonic real clock
PASS: profile native advance accepts original authority and monotonic real clock
PASS: profile native advance accepts original authority and monotonic real clock
PASS: profile native advance accepts original authority and monotonic real clock
PASS: profile native advance accepts original authority and monotonic real clock
PASS: profile native advance accepts original authority and monotonic real clock
PASS: profile native advance accepts original authority and monotonic real clock
PASS: profile native advance accepts original authority and monotonic real clock
PASS: profile native advance accepts original authority and monotonic real clock
PASS: profile native advance accepts original authority and monotonic real clock
PASS: profile native advance accepts original authority and monotonic real clock
PASS: profile native advance accepts original authority and monotonic real clock
PASS: profile native advance accepts original authority and monotonic real clock
PASS: profile native advance accepts original authority and monotonic real clock
PASS: profile native advance accepts original authority and monotonic real clock
PASS: profile native advance accepts original authority and monotonic real clock
PASS: profile native advance accepts original authority and monotonic real clock
PASS: profile native advance accepts original authority and monotonic real clock
PASS: profile native advance accepts original authority and monotonic real clock
PASS: profile native advance accepts original authority and monotonic real clock
PASS: profile native advance accepts original authority and monotonic real clock
PASS: profile native advance accepts original authority and monotonic real clock
PASS: profile native advance accepts original authority and monotonic real clock
PASS: profile native advance accepts original authority and monotonic real clock
PASS: profile native advance accepts original authority and monotonic real clock
PASS: profile native advance accepts original authority and monotonic real clock
PASS: profile native advance accepts original authority and monotonic real clock
PASS: profile native advance accepts original authority and monotonic real clock
PASS: profile native advance accepts original authority and monotonic real clock
PASS: profile native advance accepts original authority and monotonic real clock
PASS: profile native advance accepts original authority and monotonic real clock
PASS: profile native advance accepts original authority and monotonic real clock
PASS: profile native advance accepts original authority and monotonic real clock
PASS: profile native advance accepts original authority and monotonic real clock
PASS: profile native advance accepts original authority and monotonic real clock
PASS: profile native advance accepts original authority and monotonic real clock
PASS: profile native advance accepts original authority and monotonic real clock
PASS: profile native advance accepts original authority and monotonic real clock
PASS: profile native advance accepts original authority and monotonic real clock
PASS: profile native advance accepts original authority and monotonic real clock
PASS: profile native advance accepts original authority and monotonic real clock
PASS: profile native advance accepts original authority and monotonic real clock
PASS: profile native advance accepts original authority and monotonic real clock
PASS: profile native advance accepts original authority and monotonic real clock
PASS: profile native advance accepts original authority and monotonic real clock
PASS: profile native advance accepts original authority and monotonic real clock
PASS: profile native advance accepts original authority and monotonic real clock
PASS: profile native advance accepts original authority and monotonic real clock
PASS: profile native advance accepts original authority and monotonic real clock
PASS: profile native advance accepts original authority and monotonic real clock
PASS: profile native advance accepts original authority and monotonic real clock
PASS: profile native advance accepts original authority and monotonic real clock
PASS: profile native advance accepts original authority and monotonic real clock
PASS: profile native advance accepts original authority and monotonic real clock
PASS: profile native advance accepts original authority and monotonic real clock
PASS: profile native advance accepts original authority and monotonic real clock
PASS: profile native advance accepts original authority and monotonic real clock
PASS: profile native advance accepts original authority and monotonic real clock
PASS: profile native advance accepts original authority and monotonic real clock
PASS: profile native advance accepts original authority and monotonic real clock
PASS: profile native advance accepts original authority and monotonic real clock
PASS: profile native advance accepts original authority and monotonic real clock
PASS: profile native advance accepts original authority and monotonic real clock
PASS: profile native advance accepts original authority and monotonic real clock
PASS: profile native advance accepts original authority and monotonic real clock
PASS: profile native advance accepts original authority and monotonic real clock
PASS: profile native advance accepts original authority and monotonic real clock
PASS: profile actually observes finite native warning/active/recovery execution
AUTHORED_ECHO_PROFILE_JSON {"actual_world_actions":[{"completed_at_s":0.933333333333335,"damage":0.0,"hits":0,"kind":"dash","started_at_s":0.750000000000001},{"completed_at_s":1.46666666666667,"damage":0.0,"hits":0,"kind":"dash","started_at_s":1.28333333333333},{"completed_at_s":1.55,"damage":20.0,"hits":1,"kind":"primary","started_at_s":1.55}],"admission_projection_bind_inclusive_us":218172,"advance_cost_summary_us":{"count":72,"inclusive_total_us":8310295,"max_us":452436,"mean_us":115420.763888889,"p50_us":104627,"p95_us":121318},"advance_phase_summary_us":{"active":{"count":14,"inclusive_total_us":1571111,"max_us":217049,"mean_us":112222.214285714,"p50_us":103975,"p95_us":217049},"lock":{"count":23,"inclusive_total_us":2997234,"max_us":452436,"mean_us":130314.52173913,"p50_us":108133,"p95_us":275667},"recovery":{"count":19,"inclusive_total_us":1977709,"max_us":107368,"mean_us":104089.947368421,"p50_us":103582,"p95_us":107368},"warning":{"count":16,"inclusive_total_us":1764241,"max_us":121318,"mean_us":110265.0625,"p50_us":104256,"p95_us":121318}},"advance_samples":[{"accepted":true,"automatic_native_tick":true,"clock_s":0.366666666666667,"event_count":0,"finish_us":1339183,"inclusive_us":103233,"phase":"warning","physics_frame":23,"process_frame":21,"start_us":1235950},{"accepted":true,"automatic_native_tick":true,"clock_s":0.383333333333333,"event_count":0,"finish_us":1448379,"inclusive_us":103262,"phase":"warning","physics_frame":24,"process_frame":21,"start_us":1345117},{"accepted":true,"automatic_native_tick":true,"clock_s":0.4,"event_count":0,"finish_us":1557246,"inclusive_us":103051,"phase":"warning","physics_frame":25,"process_frame":21,"start_us":1454195},{"accepted":true,"automatic_native_tick":true,"clock_s":0.416666666666667,"event_count":0,"finish_us":1677634,"inclusive_us":114464,"phase":"warning","physics_frame":26,"process_frame":21,"start_us":1563170},{"accepted":true,"automatic_native_tick":true,"clock_s":0.433333333333333,"event_count":0,"finish_us":1801606,"inclusive_us":117563,"phase":"warning","physics_frame":27,"process_frame":21,"start_us":1684043},{"accepted":true,"automatic_native_tick":true,"clock_s":0.45,"event_count":0,"finish_us":1927498,"inclusive_us":118504,"phase":"warning","physics_frame":28,"process_frame":21,"start_us":1808994},{"accepted":true,"automatic_native_tick":true,"clock_s":0.466666666666667,"event_count":0,"finish_us":2055388,"inclusive_us":121318,"phase":"warning","physics_frame":29,"process_frame":21,"start_us":1934070},{"accepted":true,"automatic_native_tick":true,"clock_s":0.483333333333333,"event_count":0,"finish_us":2178727,"inclusive_us":116553,"phase":"warning","physics_frame":30,"process_frame":21,"start_us":2062174},{"accepted":true,"automatic_native_tick":true,"clock_s":0.5,"event_count":0,"finish_us":2304932,"inclusive_us":119729,"phase":"warning","physics_frame":31,"process_frame":22,"start_us":2185203},{"accepted":true,"automatic_native_tick":true,"clock_s":0.516666666666667,"event_count":0,"finish_us":2426712,"inclusive_us":115361,"phase":"warning","physics_frame":32,"process_frame":22,"start_us":2311351},{"accepted":true,"automatic_native_tick":true,"clock_s":0.533333333333333,"event_count":0,"finish_us":2546627,"inclusive_us":111565,"phase":"warning","physics_frame":33,"process_frame":22,"start_us":2435062},{"accepted":true,"automatic_native_tick":true,"clock_s":0.55,"event_count":0,"finish_us":2656915,"inclusive_us":104256,"phase":"warning","physics_frame":34,"process_frame":22,"start_us":2552659},{"accepted":true,"automatic_native_tick":true,"clock_s":0.566666666666667,"event_count":0,"finish_us":2766964,"inclusive_us":104096,"phase":"warning","physics_frame":35,"process_frame":22,"start_us":2662868},{"accepted":true,"automatic_native_tick":true,"clock_s":0.583333333333333,"event_count":0,"finish_us":2876816,"inclusive_us":103992,"phase":"warning","physics_frame":36,"process_frame":22,"start_us":2772824},{"accepted":true,"automatic_native_tick":true,"clock_s":0.6,"event_count":0,"finish_us":2986041,"inclusive_us":103078,"phase":"warning","physics_frame":37,"process_frame":22,"start_us":2882963},{"accepted":true,"automatic_native_tick":true,"clock_s":0.616666666666667,"event_count":0,"finish_us":3096112,"inclusive_us":104216,"phase":"warning","physics_frame":38,"process_frame":22,"start_us":2991896},{"accepted":true,"automatic_native_tick":false,"clock_s":0.616666666666667,"event_count":0,"finish_us":3227925,"inclusive_us":104107,"phase":"lock","physics_frame":38,"process_frame":22,"start_us":3123818},{"accepted":true,"automatic_native_tick":true,"clock_s":0.633333333333334,"event_count":0,"finish_us":3345871,"inclusive_us":111552,"phase":"lock","physics_frame":39,"process_frame":23,"start_us":3234319},{"accepted":true,"automatic_native_tick":true,"clock_s":0.65,"event_count":0,"finish_us":3804396,"inclusive_us":452436,"phase":"lock","physics_frame":40,"process_frame":23,"start_us":3351960},{"accepted":true,"automatic_native_tick":true,"clock_s":0.666666666666667,"event_count":0,"finish_us":4123128,"inclusive_us":275667,"phase":"lock","physics_frame":41,"process_frame":23,"start_us":3847461},{"accepted":true,"automatic_native_tick":true,"clock_s":0.683333333333334,"event_count":0,"finish_us":4232396,"inclusive_us":103352,"phase":"lock","physics_frame":42,"process_frame":23,"start_us":4129044},{"accepted":true,"automatic_native_tick":true,"clock_s":0.700000000000001,"event_count":0,"finish_us":4344461,"inclusive_us":106268,"phase":"lock","physics_frame":43,"process_frame":23,"start_us":4238193},{"accepted":true,"automatic_native_tick":true,"clock_s":0.716666666666667,"event_count":0,"finish_us":4457684,"inclusive_us":106863,"phase":"lock","physics_frame":44,"process_frame":23,"start_us":4350821},{"accepted":true,"automatic_native_tick":true,"clock_s":0.733333333333334,"event_count":0,"finish_us":4572506,"inclusive_us":108133,"phase":"lock","physics_frame":45,"process_frame":23,"start_us":4464373},{"accepted":true,"automatic_native_tick":true,"clock_s":0.750000000000001,"event_count":0,"finish_us":4688888,"inclusive_us":110076,"phase":"lock","physics_frame":46,"process_frame":23,"start_us":4578812},{"accepted":true,"automatic_native_tick":true,"clock_s":0.766666666666667,"event_count":0,"finish_us":4809741,"inclusive_us":113405,"phase":"lock","physics_frame":47,"process_frame":24,"start_us":4696336},{"accepted":true,"automatic_native_tick":true,"clock_s":0.783333333333334,"event_count":0,"finish_us":4933993,"inclusive_us":117500,"phase":"lock","physics_frame":48,"process_frame":24,"start_us":4816493},{"accepted":true,"automatic_native_tick":true,"clock_s":0.800000000000001,"event_count":0,"finish_us":5052634,"inclusive_us":112324,"phase":"lock","physics_frame":49,"process_frame":24,"start_us":4940310},{"accepted":true,"automatic_native_tick":true,"clock_s":0.816666666666668,"event_count":0,"finish_us":5165680,"inclusive_us":106876,"phase":"lock","physics_frame":50,"process_frame":24,"start_us":5058804},{"accepted":true,"automatic_native_tick":true,"clock_s":0.833333333333334,"event_count":0,"finish_us":5280508,"inclusive_us":108133,"phase":"lock","physics_frame":51,"process_frame":24,"start_us":5172375},{"accepted":true,"automatic_native_tick":true,"clock_s":0.850000000000001,"event_count":0,"finish_us":5395981,"inclusive_us":109376,"phase":"lock","physics_frame":52,"process_frame":24,"start_us":5286605},{"accepted":true,"automatic_native_tick":true,"clock_s":0.866666666666668,"event_count":0,"finish_us":5511710,"inclusive_us":109423,"phase":"lock","physics_frame":53,"process_frame":24,"start_us":5402287},{"accepted":true,"automatic_native_tick":true,"clock_s":0.883333333333334,"event_count":0,"finish_us":5626995,"inclusive_us":109011,"phase":"lock","physics_frame":54,"process_frame":24,"start_us":5517984},{"accepted":true,"automatic_native_tick":true,"clock_s":0.900000000000001,"event_count":0,"finish_us":5742039,"inclusive_us":108470,"phase":"lock","physics_frame":55,"process_frame":25,"start_us":5633569},{"accepted":true,"automatic_native_tick":true,"clock_s":0.916666666666668,"event_count":0,"finish_us":5852190,"inclusive_us":104164,"phase":"lock","physics_frame":56,"process_frame":25,"start_us":5748026},{"accepted":true,"automatic_native_tick":true,"clock_s":0.933333333333335,"event_count":0,"finish_us":5962861,"inclusive_us":104694,"phase":"lock","physics_frame":57,"process_frame":25,"start_us":5858167},{"accepted":true,"automatic_native_tick":true,"clock_s":0.950000000000001,"event_count":0,"finish_us":6074203,"inclusive_us":105319,"phase":"lock","physics_frame":58,"process_frame":25,"start_us":5968884},{"accepted":true,"automatic_native_tick":true,"clock_s":0.966666666666668,"event_count":0,"finish_us":6184184,"inclusive_us":104007,"phase":"lock","physics_frame":59,"process_frame":25,"start_us":6080177},{"accepted":true,"automatic_native_tick":true,"clock_s":0.983333333333335,"event_count":0,"finish_us":6294406,"inclusive_us":104337,"phase":"lock","physics_frame":60,"process_frame":25,"start_us":6190069},{"accepted":true,"automatic_native_tick":true,"clock_s":1.0,"event_count":0,"finish_us":6406402,"inclusive_us":105848,"phase":"lock","physics_frame":61,"process_frame":25,"start_us":6300554},{"accepted":true,"automatic_native_tick":true,"clock_s":1.01666666666667,"event_count":0,"finish_us":6517161,"inclusive_us":104750,"phase":"active","physics_frame":62,"process_frame":25,"start_us":6412411},{"accepted":true,"automatic_native_tick":true,"clock_s":1.03333333333333,"event_count":0,"finish_us":6628399,"inclusive_us":105250,"phase":"active","physics_frame":63,"process_frame":26,"start_us":6523149},{"accepted":true,"automatic_native_tick":true,"clock_s":1.05,"event_count":0,"finish_us":6738535,"inclusive_us":103833,"phase":"active","physics_frame":64,"process_frame":26,"start_us":6634702},{"accepted":true,"automatic_native_tick":true,"clock_s":1.06666666666667,"event_count":0,"finish_us":6849789,"inclusive_us":105410,"phase":"active","physics_frame":65,"process_frame":26,"start_us":6744379},{"accepted":true,"automatic_native_tick":true,"clock_s":1.08333333333333,"event_count":0,"finish_us":6959290,"inclusive_us":103609,"phase":"active","physics_frame":66,"process_frame":26,"start_us":6855681},{"accepted":true,"automatic_native_tick":true,"clock_s":1.1,"event_count":0,"finish_us":7069845,"inclusive_us":104439,"phase":"active","physics_frame":67,"process_frame":26,"start_us":6965406},{"accepted":true,"automatic_native_tick":true,"clock_s":1.11666666666667,"event_count":0,"finish_us":7180337,"inclusive_us":104627,"phase":"active","physics_frame":68,"process_frame":26,"start_us":7075710},{"accepted":true,"automatic_native_tick":true,"clock_s":1.13333333333333,"event_count":0,"finish_us":7290157,"inclusive_us":103975,"phase":"active","physics_frame":69,"process_frame":26,"start_us":7186182},{"accepted":true,"automatic_native_tick":true,"clock_s":1.15,"event_count":0,"finish_us":7399253,"inclusive_us":103120,"phase":"active","physics_frame":70,"process_frame":26,"start_us":7296133},{"accepted":true,"automatic_native_tick":true,"clock_s":1.16666666666667,"event_count":0,"finish_us":7508160,"inclusive_us":103068,"phase":"active","physics_frame":71,"process_frame":27,"start_us":7405092},{"accepted":true,"automatic_native_tick":true,"clock_s":1.18333333333333,"event_count":0,"finish_us":7617134,"inclusive_us":103143,"phase":"active","physics_frame":72,"process_frame":27,"start_us":7513991},{"accepted":true,"automatic_native_tick":true,"clock_s":1.2,"event_count":1,"finish_us":7840196,"inclusive_us":217049,"phase":"active","physics_frame":73,"process_frame":27,"start_us":7623147},{"accepted":true,"automatic_native_tick":true,"clock_s":1.21666666666667,"event_count":0,"finish_us":7951215,"inclusive_us":104905,"phase":"active","physics_frame":74,"process_frame":27,"start_us":7846310},{"accepted":true,"automatic_native_tick":true,"clock_s":1.23333333333333,"event_count":0,"finish_us":8061044,"inclusive_us":103933,"phase":"active","physics_frame":75,"process_frame":27,"start_us":7957111},{"accepted":true,"automatic_native_tick":true,"clock_s":1.25,"event_count":0,"finish_us":8170365,"inclusive_us":103388,"phase":"recovery","physics_frame":76,"process_frame":27,"start_us":8066977},{"accepted":true,"automatic_native_tick":true,"clock_s":1.26666666666667,"event_count":0,"finish_us":8279405,"inclusive_us":103151,"phase":"recovery","physics_frame":77,"process_frame":27,"start_us":8176254},{"accepted":true,"automatic_native_tick":true,"clock_s":1.28333333333333,"event_count":0,"finish_us":8388624,"inclusive_us":103098,"phase":"recovery","physics_frame":78,"process_frame":27,"start_us":8285526},{"accepted":true,"automatic_native_tick":true,"clock_s":1.3,"event_count":0,"finish_us":8498913,"inclusive_us":103429,"phase":"recovery","physics_frame":79,"process_frame":28,"start_us":8395484},{"accepted":true,"automatic_native_tick":true,"clock_s":1.31666666666667,"event_count":0,"finish_us":8608813,"inclusive_us":104038,"phase":"recovery","physics_frame":80,"process_frame":28,"start_us":8504775},{"accepted":true,"automatic_native_tick":true,"clock_s":1.33333333333333,"event_count":0,"finish_us":8723533,"inclusive_us":107368,"phase":"recovery","physics_frame":81,"process_frame":28,"start_us":8616165},{"accepted":true,"automatic_native_tick":true,"clock_s":1.35,"event_count":0,"finish_us":8833303,"inclusive_us":103759,"phase":"recovery","physics_frame":82,"process_frame":28,"start_us":8729544},{"accepted":true,"automatic_native_tick":true,"clock_s":1.36666666666667,"event_count":0,"finish_us":8942365,"inclusive_us":103087,"phase":"recovery","physics_frame":83,"process_frame":28,"start_us":8839278},{"accepted":true,"automatic_native_tick":true,"clock_s":1.38333333333333,"event_count":0,"finish_us":9052192,"inclusive_us":103832,"phase":"recovery","physics_frame":84,"process_frame":28,"start_us":8948360},{"accepted":true,"automatic_native_tick":true,"clock_s":1.4,"event_count":0,"finish_us":9164691,"inclusive_us":106225,"phase":"recovery","physics_frame":85,"process_frame":28,"start_us":9058466},{"accepted":true,"automatic_native_tick":true,"clock_s":1.41666666666667,"event_count":0,"finish_us":9273390,"inclusive_us":102812,"phase":"recovery","physics_frame":86,"process_frame":28,"start_us":9170578},{"accepted":true,"automatic_native_tick":true,"clock_s":1.43333333333333,"event_count":0,"finish_us":9382724,"inclusive_us":103346,"phase":"recovery","physics_frame":87,"process_frame":29,"start_us":9279378},{"accepted":true,"automatic_native_tick":true,"clock_s":1.45,"event_count":0,"finish_us":9492121,"inclusive_us":103582,"phase":"recovery","physics_frame":88,"process_frame":29,"start_us":9388539},{"accepted":true,"automatic_native_tick":true,"clock_s":1.46666666666667,"event_count":0,"finish_us":9601165,"inclusive_us":103140,"phase":"recovery","physics_frame":89,"process_frame":29,"start_us":9498025},{"accepted":true,"automatic_native_tick":true,"clock_s":1.48333333333333,"event_count":0,"finish_us":9712771,"inclusive_us":105761,"phase":"recovery","physics_frame":90,"process_frame":29,"start_us":9607010},{"accepted":true,"automatic_native_tick":true,"clock_s":1.5,"event_count":0,"finish_us":9825830,"inclusive_us":106944,"phase":"recovery","physics_frame":91,"process_frame":29,"start_us":9718886},{"accepted":true,"automatic_native_tick":true,"clock_s":1.51666666666667,"event_count":0,"finish_us":9934978,"inclusive_us":103092,"phase":"recovery","physics_frame":92,"process_frame":29,"start_us":9831886},{"accepted":true,"automatic_native_tick":true,"clock_s":1.53333333333333,"event_count":0,"finish_us":10044878,"inclusive_us":104001,"phase":"recovery","physics_frame":93,"process_frame":29,"start_us":9940877},{"accepted":true,"automatic_native_tick":true,"clock_s":1.55,"event_count":0,"finish_us":10154398,"inclusive_us":103656,"phase":"recovery","physics_frame":94,"process_frame":29,"start_us":10050742}],"api_revision":"test-only-authored-echo-performance-1","automatic_native_advances":72,"display_driver":"headless","engine":{"build":"official","hash":"ed1daf0bf001b61586d9930840f2f1394092c079","hex":263938,"major":4,"minor":7,"patch":2,"status":"stable","string":"4.7.2-stable (official)","timestamp":0},"limitations":"Instrumented one-Box native source first cycle with EXACT real Scheduler; advance end timestamps exclude appended sample bookkeeping. Cycle wall elapsed includes separately reported direct fixed-clock probes, admission/projection/bind, native loop waits and other observer overhead; probe costs are not nested production call counts. Not actual authored A3-L3, production 16-visual art, portrait review, FPS, CPU monitor percentiles, sustained performance or a latency acceptance threshold. No guards or contact/proof authority bypassed.","native_output":[540,1170],"native_phases_observed":["warning","lock","active","recovery"],"physics_ticks_per_second":60,"required_native_visuals":1,"separate_fixed_clock_guard_probes":[{"accepted":true,"call":"replay_reservation_error","clock_after_s":0.35,"error":"","finish_us":1202621,"fixed_clock_s":0.35,"inclusive_us":5963,"repetition":0,"scope":"separate_pure_probe_not_nested_native_advance","start_us":1196658},{"accepted":true,"call":"authored_replay_source_error","clock_after_s":0.35,"error":"","finish_us":1207933,"fixed_clock_s":0.35,"inclusive_us":5285,"repetition":0,"scope":"separate_pure_probe_not_nested_native_advance","start_us":1202648},{"accepted":true,"call":"replay_reservation_error","clock_after_s":0.35,"error":"","finish_us":1213710,"fixed_clock_s":0.35,"inclusive_us":5761,"repetition":1,"scope":"separate_pure_probe_not_nested_native_advance","start_us":1207949},{"accepted":true,"call":"authored_replay_source_error","clock_after_s":0.35,"error":"","finish_us":1219076,"fixed_clock_s":0.35,"inclusive_us":5337,"repetition":1,"scope":"separate_pure_probe_not_nested_native_advance","start_us":1213739},{"accepted":true,"call":"replay_reservation_error","clock_after_s":0.35,"error":"","finish_us":1224762,"fixed_clock_s":0.35,"inclusive_us":5670,"repetition":2,"scope":"separate_pure_probe_not_nested_native_advance","start_us":1219092},{"accepted":true,"call":"authored_replay_source_error","clock_after_s":0.35,"error":"","finish_us":1230118,"fixed_clock_s":0.35,"inclusive_us":5345,"repetition":2,"scope":"separate_pure_probe_not_nested_native_advance","start_us":1224773}],"separate_fixed_clock_probe_elapsed_us":33478,"simulation_elapsed_s":1.2,"simulation_finish_s":1.55,"simulation_start_s":0.35,"viewport_size":[270,585],"wall_elapsed_us":9188151,"wall_finish_us":10166611,"wall_start_us":978460}
Authored echo performance smoke: 100 checks, 0 failures; native-only first-cycle measurement
XR: Clearing primary interface
XR: Removed interface "Native mobile"
XR: Removed interface "OpenXR"
