Godot Engine v4.7.2.stable.official.ed1daf0bf - https://godotengine.org
TextServer: Added interface "Dummy"
TextServer: Added interface "ICU / HarfBuzz / Graphite (Built-in)"
SDL: Init OK!
Using "default" pen tablet driver...

TextServer: Primary interface set to: "ICU / HarfBuzz / Graphite (Built-in)".
CORE API HASH: 2004498165
EDITOR API HASH: 1696660745
Loading resource: res://tests/authored_echo_performance_smoke.gd remapped: res://tests/authored_echo_performance_smoke.gd
Loading resource: res://scenes/player.tscn remapped: res://scenes/player.tscn
Loading resource: res://scripts/player.gd remapped: res://scripts/player.gd
Completed load for: 'res://scripts/player.gd' remapped 'res://scripts/player.gd' at thread -1
Completed load for: 'res://scenes/player.tscn' remapped 'res://scenes/player.tscn' at thread -1
Loading resource: res://scenes/practice_target.tscn remapped: res://scenes/practice_target.tscn
Loading resource: res://scripts/practice_target.gd remapped: res://scripts/practice_target.gd
Completed load for: 'res://scripts/practice_target.gd' remapped 'res://scripts/practice_target.gd' at thread -1
Completed load for: 'res://scenes/practice_target.tscn' remapped 'res://scenes/practice_target.tscn' at thread -1
Loading resource: res://scenes/lab_arena.tscn remapped: res://scenes/lab_arena.tscn
Completed load for: 'res://scenes/lab_arena.tscn' remapped 'res://scenes/lab_arena.tscn' at thread -1
Completed load for: 'res://tests/authored_echo_performance_smoke.gd' remapped 'res://tests/authored_echo_performance_smoke.gd' at thread -1
SceneTreeFTI: traversal method DEFAULT
Loaded system CA certificates
PASS: actual Scheduler selects a fresh raw Standard encounter
PASS: TEST ONLY initial paused empty-ammo seed retains coherent actual actor
PASS: genuine shared Playback subclass owns immutable native definition, HP, visible mesh and fixed endpoint
PASS: own enemy configure_authored uses its actual source hooks: 
PASS: profile retains EXACT real shared Scheduler Script required by ReplayWitness
PASS: actual exclusive stationary source receives complete live-body own-enemy witness: 
PASS: native required footprint derives from exact own source/world/floor program
PASS: projected owner binds exact actual exclusive Player without a capture gate: 
PASS: pure probes use the genuine one-event Cue and actual retained native renderer guard/Cursor
PASS: separate probes start at the actual same prelock native clock/epoch/generation
PASS: separate actual pure replay_reservation_error probe authenticates genuine admitted source
PASS: separate actual pure authored_replay_source_error probe authenticates genuine admitted source
PASS: separate actual pure cue.projection_error probe authenticates genuine admitted source
PASS: separate actual pure renderer_guard.current_error probe authenticates genuine admitted source
PASS: separate actual pure cursor.snapshot_error probe authenticates genuine admitted source
PASS: separate actual pure replay_reservation_error probe authenticates genuine admitted source
PASS: separate actual pure authored_replay_source_error probe authenticates genuine admitted source
PASS: separate actual pure cue.projection_error probe authenticates genuine admitted source
PASS: separate actual pure renderer_guard.current_error probe authenticates genuine admitted source
PASS: separate actual pure cursor.snapshot_error probe authenticates genuine admitted source
PASS: separate actual pure replay_reservation_error probe authenticates genuine admitted source
PASS: separate actual pure authored_replay_source_error probe authenticates genuine admitted source
PASS: separate actual pure cue.projection_error probe authenticates genuine admitted source
PASS: separate actual pure renderer_guard.current_error probe authenticates genuine admitted source
PASS: separate actual pure cursor.snapshot_error probe authenticates genuine admitted source
PASS: separate same-clock pure probes retain real clocks/diagnostics/source/Hero/history
PASS: separate native probes retain actual guard/Cursor/Cue identities, diagnostics, projection and delivery prefix
PASS: fixed-clock probes neither yield a native frame nor add a production advance sample
PASS: actual due lock revalidates full lead and current actual Player: 
PASS: own cursor consumes actual canonical lock without retiming or new proof
PASS: profile executes actual routed first_escape_dash
PASS: profile harmless route retains real Hero HP and fixed native source
PASS: profile executes actual routed tether_positioning_dash
PASS: profile harmless route retains real Hero HP and fixed native source
PASS: real profile witness returns to ordinary hittable recovery knot
PASS: real profile first tap executes ordinary primary
PASS: real profile route defeats own HP source once without Hero damage
PASS: measurement workload contains two native dashes and one ordinary primary; natural ammo regeneration preserved
PASS: bounded raw native measurements remain complete
PASS: profile native advance accepts original authority and monotonic real clock
PASS: profile native advance accepts original authority and monotonic real clock
PASS: profile native advance accepts original authority and monotonic real clock
PASS: profile native advance accepts original authority and monotonic real clock
PASS: profile native advance accepts original authority and monotonic real clock
PASS: profile native advance accepts original authority and monotonic real clock
PASS: profile native advance accepts original authority and monotonic real clock
PASS: profile native advance accepts original authority and monotonic real clock
PASS: profile native advance accepts original authority and monotonic real clock
PASS: profile native advance accepts original authority and monotonic real clock
PASS: profile native advance accepts original authority and monotonic real clock
PASS: profile native advance accepts original authority and monotonic real clock
PASS: profile native advance accepts original authority and monotonic real clock
PASS: profile native advance accepts original authority and monotonic real clock
PASS: profile native advance accepts original authority and monotonic real clock
PASS: profile native advance accepts original authority and monotonic real clock
PASS: profile native advance accepts original authority and monotonic real clock
PASS: profile native advance accepts original authority and monotonic real clock
PASS: profile native advance accepts original authority and monotonic real clock
PASS: profile native advance accepts original authority and monotonic real clock
PASS: profile native advance accepts original authority and monotonic real clock
PASS: profile native advance accepts original authority and monotonic real clock
PASS: profile native advance accepts original authority and monotonic real clock
PASS: profile native advance accepts original authority and monotonic real clock
PASS: profile native advance accepts original authority and monotonic real clock
PASS: profile native advance accepts original authority and monotonic real clock
PASS: profile native advance accepts original authority and monotonic real clock
PASS: profile native advance accepts original authority and monotonic real clock
PASS: profile native advance accepts original authority and monotonic real clock
PASS: profile native advance accepts original authority and monotonic real clock
PASS: profile native advance accepts original authority and monotonic real clock
PASS: profile native advance accepts original authority and monotonic real clock
PASS: profile native advance accepts original authority and monotonic real clock
PASS: profile native advance accepts original authority and monotonic real clock
PASS: profile native advance accepts original authority and monotonic real clock
PASS: profile native advance accepts original authority and monotonic real clock
PASS: profile native advance accepts original authority and monotonic real clock
PASS: profile native advance accepts original authority and monotonic real clock
PASS: profile native advance accepts original authority and monotonic real clock
PASS: profile native advance accepts original authority and monotonic real clock
PASS: profile native advance accepts original authority and monotonic real clock
PASS: profile native advance accepts original authority and monotonic real clock
PASS: profile native advance accepts original authority and monotonic real clock
PASS: profile native advance accepts original authority and monotonic real clock
PASS: profile native advance accepts original authority and monotonic real clock
PASS: profile native advance accepts original authority and monotonic real clock
PASS: profile native advance accepts original authority and monotonic real clock
PASS: profile native advance accepts original authority and monotonic real clock
PASS: profile native advance accepts original authority and monotonic real clock
PASS: profile native advance accepts original authority and monotonic real clock
PASS: profile native advance accepts original authority and monotonic real clock
PASS: profile native advance accepts original authority and monotonic real clock
PASS: profile native advance accepts original authority and monotonic real clock
PASS: profile native advance accepts original authority and monotonic real clock
PASS: profile native advance accepts original authority and monotonic real clock
PASS: profile native advance accepts original authority and monotonic real clock
PASS: profile native advance accepts original authority and monotonic real clock
PASS: profile native advance accepts original authority and monotonic real clock
PASS: profile native advance accepts original authority and monotonic real clock
PASS: profile native advance accepts original authority and monotonic real clock
PASS: profile native advance accepts original authority and monotonic real clock
PASS: profile native advance accepts original authority and monotonic real clock
PASS: profile native advance accepts original authority and monotonic real clock
PASS: profile native advance accepts original authority and monotonic real clock
PASS: profile native advance accepts original authority and monotonic real clock
PASS: profile native advance accepts original authority and monotonic real clock
PASS: profile native advance accepts original authority and monotonic real clock
PASS: profile native advance accepts original authority and monotonic real clock
PASS: profile native advance accepts original authority and monotonic real clock
PASS: profile native advance accepts original authority and monotonic real clock
PASS: profile native advance accepts original authority and monotonic real clock
PASS: profile native advance accepts original authority and monotonic real clock
PASS: profile native advance accepts original authority and monotonic real clock
PASS: profile actually observes finite native warning/active/recovery execution
AUTHORED_ECHO_PROFILE_JSON {"actual_world_actions":[{"completed_at_s":0.933333333333335,"damage":0.0,"hits":0,"kind":"dash","started_at_s":0.750000000000001},{"completed_at_s":1.46666666666667,"damage":0.0,"hits":0,"kind":"dash","started_at_s":1.28333333333333},{"completed_at_s":1.55,"damage":20.0,"hits":1,"kind":"primary","started_at_s":1.55}],"admission_projection_bind_inclusive_us":458520,"advance_cost_summary_us":{"count":72,"inclusive_total_us":10926024,"max_us":377017,"mean_us":151750.333333333,"p50_us":117796,"p95_us":296212},"advance_phase_summary_us":{"active":{"count":14,"inclusive_total_us":2120296,"max_us":364212,"mean_us":151449.714285714,"p50_us":120222,"p95_us":364212},"lock":{"count":23,"inclusive_total_us":2556921,"max_us":172962,"mean_us":111170.47826087,"p50_us":103321,"p95_us":157002},"recovery":{"count":19,"inclusive_total_us":2350176,"max_us":182089,"mean_us":123693.473684211,"p50_us":113935,"p95_us":182089},"warning":{"count":16,"inclusive_total_us":3898631,"max_us":377017,"mean_us":243664.4375,"p50_us":237840,"p95_us":377017}},"advance_samples":[{"accepted":true,"automatic_native_tick":true,"clock_s":0.366666666666667,"event_count":0,"finish_us":3113887,"inclusive_us":237840,"phase":"warning","physics_frame":23,"process_frame":18,"start_us":2876047},{"accepted":true,"automatic_native_tick":true,"clock_s":0.383333333333333,"event_count":0,"finish_us":3403139,"inclusive_us":273947,"phase":"warning","physics_frame":24,"process_frame":18,"start_us":3129192},{"accepted":true,"automatic_native_tick":true,"clock_s":0.4,"event_count":0,"finish_us":3716665,"inclusive_us":296212,"phase":"warning","physics_frame":25,"process_frame":18,"start_us":3420453},{"accepted":true,"automatic_native_tick":true,"clock_s":0.416666666666667,"event_count":0,"finish_us":4023769,"inclusive_us":293896,"phase":"warning","physics_frame":26,"process_frame":18,"start_us":3729873},{"accepted":true,"automatic_native_tick":true,"clock_s":0.433333333333333,"event_count":0,"finish_us":4418550,"inclusive_us":377017,"phase":"warning","physics_frame":27,"process_frame":18,"start_us":4041533},{"accepted":true,"automatic_native_tick":true,"clock_s":0.45,"event_count":0,"finish_us":4679307,"inclusive_us":246496,"phase":"warning","physics_frame":28,"process_frame":18,"start_us":4432811},{"accepted":true,"automatic_native_tick":true,"clock_s":0.466666666666667,"event_count":0,"finish_us":4950761,"inclusive_us":258041,"phase":"warning","physics_frame":29,"process_frame":18,"start_us":4692720},{"accepted":true,"automatic_native_tick":true,"clock_s":0.483333333333333,"event_count":0,"finish_us":5247413,"inclusive_us":282914,"phase":"warning","physics_frame":30,"process_frame":18,"start_us":4964499},{"accepted":true,"automatic_native_tick":true,"clock_s":0.5,"event_count":0,"finish_us":5497216,"inclusive_us":235736,"phase":"warning","physics_frame":31,"process_frame":19,"start_us":5261480},{"accepted":true,"automatic_native_tick":true,"clock_s":0.516666666666667,"event_count":0,"finish_us":5742519,"inclusive_us":230768,"phase":"warning","physics_frame":32,"process_frame":19,"start_us":5511751},{"accepted":true,"automatic_native_tick":true,"clock_s":0.533333333333333,"event_count":0,"finish_us":5965036,"inclusive_us":209893,"phase":"warning","physics_frame":33,"process_frame":19,"start_us":5755143},{"accepted":true,"automatic_native_tick":true,"clock_s":0.55,"event_count":0,"finish_us":6162360,"inclusive_us":186626,"phase":"warning","physics_frame":34,"process_frame":19,"start_us":5975734},{"accepted":true,"automatic_native_tick":true,"clock_s":0.566666666666667,"event_count":0,"finish_us":6336897,"inclusive_us":164696,"phase":"warning","physics_frame":35,"process_frame":19,"start_us":6172201},{"accepted":true,"automatic_native_tick":true,"clock_s":0.583333333333333,"event_count":0,"finish_us":6713308,"inclusive_us":338513,"phase":"warning","physics_frame":36,"process_frame":19,"start_us":6374795},{"accepted":true,"automatic_native_tick":true,"clock_s":0.6,"event_count":0,"finish_us":6860122,"inclusive_us":137675,"phase":"warning","physics_frame":37,"process_frame":19,"start_us":6722447},{"accepted":true,"automatic_native_tick":true,"clock_s":0.616666666666667,"event_count":0,"finish_us":6996144,"inclusive_us":128361,"phase":"warning","physics_frame":38,"process_frame":19,"start_us":6867783},{"accepted":true,"automatic_native_tick":false,"clock_s":0.616666666666667,"event_count":0,"finish_us":7153833,"inclusive_us":122164,"phase":"lock","physics_frame":38,"process_frame":19,"start_us":7031669},{"accepted":true,"automatic_native_tick":true,"clock_s":0.633333333333334,"event_count":0,"finish_us":7282500,"inclusive_us":121774,"phase":"lock","physics_frame":39,"process_frame":20,"start_us":7160726},{"accepted":true,"automatic_native_tick":true,"clock_s":0.65,"event_count":0,"finish_us":7462181,"inclusive_us":172962,"phase":"lock","physics_frame":40,"process_frame":20,"start_us":7289219},{"accepted":true,"automatic_native_tick":true,"clock_s":0.666666666666667,"event_count":0,"finish_us":7628955,"inclusive_us":157002,"phase":"lock","physics_frame":41,"process_frame":20,"start_us":7471953},{"accepted":true,"automatic_native_tick":true,"clock_s":0.683333333333334,"event_count":0,"finish_us":7753686,"inclusive_us":117796,"phase":"lock","physics_frame":42,"process_frame":20,"start_us":7635890},{"accepted":true,"automatic_native_tick":true,"clock_s":0.700000000000001,"event_count":0,"finish_us":7872965,"inclusive_us":112785,"phase":"lock","physics_frame":43,"process_frame":20,"start_us":7760180},{"accepted":true,"automatic_native_tick":true,"clock_s":0.716666666666667,"event_count":0,"finish_us":7989634,"inclusive_us":110043,"phase":"lock","physics_frame":44,"process_frame":20,"start_us":7879591},{"accepted":true,"automatic_native_tick":true,"clock_s":0.733333333333334,"event_count":0,"finish_us":8106044,"inclusive_us":109651,"phase":"lock","physics_frame":45,"process_frame":20,"start_us":7996393},{"accepted":true,"automatic_native_tick":true,"clock_s":0.750000000000001,"event_count":0,"finish_us":8219716,"inclusive_us":107645,"phase":"lock","physics_frame":46,"process_frame":20,"start_us":8112071},{"accepted":true,"automatic_native_tick":true,"clock_s":0.766666666666667,"event_count":0,"finish_us":8331429,"inclusive_us":105102,"phase":"lock","physics_frame":47,"process_frame":21,"start_us":8226327},{"accepted":true,"automatic_native_tick":true,"clock_s":0.783333333333334,"event_count":0,"finish_us":8441238,"inclusive_us":103753,"phase":"lock","physics_frame":48,"process_frame":21,"start_us":8337485},{"accepted":true,"automatic_native_tick":true,"clock_s":0.800000000000001,"event_count":0,"finish_us":8550345,"inclusive_us":103321,"phase":"lock","physics_frame":49,"process_frame":21,"start_us":8447024},{"accepted":true,"automatic_native_tick":true,"clock_s":0.816666666666668,"event_count":0,"finish_us":8658733,"inclusive_us":102528,"phase":"lock","physics_frame":50,"process_frame":21,"start_us":8556205},{"accepted":true,"automatic_native_tick":true,"clock_s":0.833333333333334,"event_count":0,"finish_us":8767415,"inclusive_us":102899,"phase":"lock","physics_frame":51,"process_frame":21,"start_us":8664516},{"accepted":true,"automatic_native_tick":true,"clock_s":0.850000000000001,"event_count":0,"finish_us":8876368,"inclusive_us":103013,"phase":"lock","physics_frame":52,"process_frame":21,"start_us":8773355},{"accepted":true,"automatic_native_tick":true,"clock_s":0.866666666666668,"event_count":0,"finish_us":8985335,"inclusive_us":103050,"phase":"lock","physics_frame":53,"process_frame":21,"start_us":8882285},{"accepted":true,"automatic_native_tick":true,"clock_s":0.883333333333334,"event_count":0,"finish_us":9094331,"inclusive_us":102803,"phase":"lock","physics_frame":54,"process_frame":21,"start_us":8991528},{"accepted":true,"automatic_native_tick":true,"clock_s":0.900000000000001,"event_count":0,"finish_us":9203457,"inclusive_us":103196,"phase":"lock","physics_frame":55,"process_frame":22,"start_us":9100261},{"accepted":true,"automatic_native_tick":true,"clock_s":0.916666666666668,"event_count":0,"finish_us":9312071,"inclusive_us":102618,"phase":"lock","physics_frame":56,"process_frame":22,"start_us":9209453},{"accepted":true,"automatic_native_tick":true,"clock_s":0.933333333333335,"event_count":0,"finish_us":9420842,"inclusive_us":102728,"phase":"lock","physics_frame":57,"process_frame":22,"start_us":9318114},{"accepted":true,"automatic_native_tick":true,"clock_s":0.950000000000001,"event_count":0,"finish_us":9529758,"inclusive_us":103058,"phase":"lock","physics_frame":58,"process_frame":22,"start_us":9426700},{"accepted":true,"automatic_native_tick":true,"clock_s":0.966666666666668,"event_count":0,"finish_us":9638020,"inclusive_us":102321,"phase":"lock","physics_frame":59,"process_frame":22,"start_us":9535699},{"accepted":true,"automatic_native_tick":true,"clock_s":0.983333333333335,"event_count":0,"finish_us":9746700,"inclusive_us":102777,"phase":"lock","physics_frame":60,"process_frame":22,"start_us":9643923},{"accepted":true,"automatic_native_tick":true,"clock_s":1.0,"event_count":0,"finish_us":9856752,"inclusive_us":104096,"phase":"lock","physics_frame":61,"process_frame":22,"start_us":9752656},{"accepted":true,"automatic_native_tick":true,"clock_s":1.01666666666667,"event_count":0,"finish_us":9965402,"inclusive_us":102793,"phase":"active","physics_frame":62,"process_frame":22,"start_us":9862609},{"accepted":true,"automatic_native_tick":true,"clock_s":1.03333333333333,"event_count":0,"finish_us":10075502,"inclusive_us":103981,"phase":"active","physics_frame":63,"process_frame":23,"start_us":9971521},{"accepted":true,"automatic_native_tick":true,"clock_s":1.05,"event_count":0,"finish_us":10185256,"inclusive_us":103900,"phase":"active","physics_frame":64,"process_frame":23,"start_us":10081356},{"accepted":true,"automatic_native_tick":true,"clock_s":1.06666666666667,"event_count":0,"finish_us":10300274,"inclusive_us":109077,"phase":"active","physics_frame":65,"process_frame":23,"start_us":10191197},{"accepted":true,"automatic_native_tick":true,"clock_s":1.08333333333333,"event_count":0,"finish_us":10414289,"inclusive_us":107421,"phase":"active","physics_frame":66,"process_frame":23,"start_us":10306868},{"accepted":true,"automatic_native_tick":true,"clock_s":1.1,"event_count":0,"finish_us":10538936,"inclusive_us":118595,"phase":"active","physics_frame":67,"process_frame":23,"start_us":10420341},{"accepted":true,"automatic_native_tick":true,"clock_s":1.11666666666667,"event_count":0,"finish_us":10665947,"inclusive_us":120222,"phase":"active","physics_frame":68,"process_frame":23,"start_us":10545725},{"accepted":true,"automatic_native_tick":true,"clock_s":1.13333333333333,"event_count":0,"finish_us":10803174,"inclusive_us":130059,"phase":"active","physics_frame":69,"process_frame":23,"start_us":10673115},{"accepted":true,"automatic_native_tick":true,"clock_s":1.15,"event_count":0,"finish_us":10969158,"inclusive_us":158212,"phase":"active","physics_frame":70,"process_frame":23,"start_us":10810946},{"accepted":true,"automatic_native_tick":true,"clock_s":1.16666666666667,"event_count":0,"finish_us":11141644,"inclusive_us":162059,"phase":"active","physics_frame":71,"process_frame":24,"start_us":10979585},{"accepted":true,"automatic_native_tick":true,"clock_s":1.18333333333333,"event_count":0,"finish_us":11319070,"inclusive_us":167948,"phase":"active","physics_frame":72,"process_frame":24,"start_us":11151122},{"accepted":true,"automatic_native_tick":true,"clock_s":1.2,"event_count":1,"finish_us":11692734,"inclusive_us":364212,"phase":"active","physics_frame":73,"process_frame":24,"start_us":11328522},{"accepted":true,"automatic_native_tick":true,"clock_s":1.21666666666667,"event_count":0,"finish_us":11894457,"inclusive_us":190568,"phase":"active","physics_frame":74,"process_frame":24,"start_us":11703889},{"accepted":true,"automatic_native_tick":true,"clock_s":1.23333333333333,"event_count":0,"finish_us":12085887,"inclusive_us":181249,"phase":"active","physics_frame":75,"process_frame":24,"start_us":11904638},{"accepted":true,"automatic_native_tick":true,"clock_s":1.25,"event_count":0,"finish_us":12278879,"inclusive_us":182089,"phase":"recovery","physics_frame":76,"process_frame":24,"start_us":12096790},{"accepted":true,"automatic_native_tick":true,"clock_s":1.26666666666667,"event_count":0,"finish_us":12451169,"inclusive_us":161693,"phase":"recovery","physics_frame":77,"process_frame":24,"start_us":12289476},{"accepted":true,"automatic_native_tick":true,"clock_s":1.28333333333333,"event_count":0,"finish_us":12620245,"inclusive_us":160404,"phase":"recovery","physics_frame":78,"process_frame":24,"start_us":12459841},{"accepted":true,"automatic_native_tick":true,"clock_s":1.3,"event_count":0,"finish_us":12765861,"inclusive_us":136438,"phase":"recovery","physics_frame":79,"process_frame":25,"start_us":12629423},{"accepted":true,"automatic_native_tick":true,"clock_s":1.31666666666667,"event_count":0,"finish_us":12898124,"inclusive_us":124936,"phase":"recovery","physics_frame":80,"process_frame":25,"start_us":12773188},{"accepted":true,"automatic_native_tick":true,"clock_s":1.33333333333333,"event_count":0,"finish_us":13025704,"inclusive_us":120365,"phase":"recovery","physics_frame":81,"process_frame":25,"start_us":12905339},{"accepted":true,"automatic_native_tick":true,"clock_s":1.35,"event_count":0,"finish_us":13150875,"inclusive_us":118388,"phase":"recovery","physics_frame":82,"process_frame":25,"start_us":13032487},{"accepted":true,"automatic_native_tick":true,"clock_s":1.36666666666667,"event_count":0,"finish_us":13275549,"inclusive_us":117847,"phase":"recovery","physics_frame":83,"process_frame":25,"start_us":13157702},{"accepted":true,"automatic_native_tick":true,"clock_s":1.38333333333333,"event_count":0,"finish_us":13397515,"inclusive_us":115188,"phase":"recovery","physics_frame":84,"process_frame":25,"start_us":13282327},{"accepted":true,"automatic_native_tick":true,"clock_s":1.4,"event_count":0,"finish_us":13517973,"inclusive_us":113935,"phase":"recovery","physics_frame":85,"process_frame":25,"start_us":13404038},{"accepted":true,"automatic_native_tick":true,"clock_s":1.41666666666667,"event_count":0,"finish_us":13636940,"inclusive_us":112479,"phase":"recovery","physics_frame":86,"process_frame":25,"start_us":13524461},{"accepted":true,"automatic_native_tick":true,"clock_s":1.43333333333333,"event_count":0,"finish_us":13755418,"inclusive_us":111789,"phase":"recovery","physics_frame":87,"process_frame":26,"start_us":13643629},{"accepted":true,"automatic_native_tick":true,"clock_s":1.45,"event_count":0,"finish_us":13873525,"inclusive_us":111832,"phase":"recovery","physics_frame":88,"process_frame":26,"start_us":13761693},{"accepted":true,"automatic_native_tick":true,"clock_s":1.46666666666667,"event_count":0,"finish_us":13990629,"inclusive_us":110494,"phase":"recovery","physics_frame":89,"process_frame":26,"start_us":13880135},{"accepted":true,"automatic_native_tick":true,"clock_s":1.48333333333333,"event_count":0,"finish_us":14108339,"inclusive_us":111175,"phase":"recovery","physics_frame":90,"process_frame":26,"start_us":13997164},{"accepted":true,"automatic_native_tick":true,"clock_s":1.5,"event_count":0,"finish_us":14226198,"inclusive_us":111608,"phase":"recovery","physics_frame":91,"process_frame":26,"start_us":14114590},{"accepted":true,"automatic_native_tick":true,"clock_s":1.51666666666667,"event_count":0,"finish_us":14343267,"inclusive_us":110521,"phase":"recovery","physics_frame":92,"process_frame":26,"start_us":14232746},{"accepted":true,"automatic_native_tick":true,"clock_s":1.53333333333333,"event_count":0,"finish_us":14458822,"inclusive_us":109289,"phase":"recovery","physics_frame":93,"process_frame":26,"start_us":14349533},{"accepted":true,"automatic_native_tick":true,"clock_s":1.55,"event_count":0,"finish_us":14574705,"inclusive_us":109706,"phase":"recovery","physics_frame":94,"process_frame":26,"start_us":14464999}],"api_revision":"test-only-authored-echo-performance-2","automatic_native_advances":72,"display_driver":"headless","engine":{"build":"official","hash":"ed1daf0bf001b61586d9930840f2f1394092c079","hex":263938,"major":4,"minor":7,"patch":2,"status":"stable","string":"4.7.2-stable (official)","timestamp":0},"limitations":"Instrumented one-Box native source first cycle with EXACT real Scheduler; advance end timestamps exclude appended sample bookkeeping. Cycle wall elapsed includes separately reported direct fixed-clock probes, admission/projection/bind, native loop waits and other observer overhead; probe costs are not nested production call counts. Three samples per API inspect only the genuine admitted prelock clock; Cue, renderer guard and Cursor probes use the actual retained instances, not new guards or cached authority. Not actual authored A3-L3, production 16-visual art, portrait review, FPS, CPU monitor percentiles, sustained performance or a latency acceptance threshold. No guards or contact/proof authority bypassed.","native_output":[540,1170],"native_phases_observed":["warning","lock","active","recovery"],"physics_ticks_per_second":60,"required_native_visuals":1,"schema_version":2,"separate_fixed_clock_guard_probes":[{"accepted":true,"call":"replay_reservation_error","clock_after_s":0.35,"error":"","finish_us":2620304,"fixed_clock_s":0.35,"inclusive_us":12157,"repetition":0,"scope":"separate_pure_probe_not_nested_native_advance","start_us":2608147},{"accepted":true,"call":"authored_replay_source_error","clock_after_s":0.35,"error":"","finish_us":2631314,"fixed_clock_s":0.35,"inclusive_us":10955,"repetition":0,"scope":"separate_pure_probe_not_nested_native_advance","start_us":2620359},{"accepted":true,"call":"cue.projection_error","clock_after_s":0.35,"error":"","finish_us":2654022,"fixed_clock_s":0.35,"inclusive_us":22657,"repetition":0,"scope":"separate_pure_probe_not_nested_native_advance","start_us":2631365},{"accepted":true,"call":"renderer_guard.current_error","clock_after_s":0.35,"error":"","finish_us":2655073,"fixed_clock_s":0.35,"inclusive_us":980,"repetition":0,"scope":"separate_pure_probe_not_nested_native_advance","start_us":2654093},{"accepted":true,"call":"cursor.snapshot_error","clock_after_s":0.35,"error":"","finish_us":2664176,"fixed_clock_s":0.35,"inclusive_us":9072,"repetition":0,"scope":"separate_pure_probe_not_nested_native_advance","start_us":2655104},{"accepted":true,"call":"replay_reservation_error","clock_after_s":0.35,"error":"","finish_us":2687171,"fixed_clock_s":0.35,"inclusive_us":22947,"repetition":1,"scope":"separate_pure_probe_not_nested_native_advance","start_us":2664224},{"accepted":true,"call":"authored_replay_source_error","clock_after_s":0.35,"error":"","finish_us":2710532,"fixed_clock_s":0.35,"inclusive_us":23191,"repetition":1,"scope":"separate_pure_probe_not_nested_native_advance","start_us":2687341},{"accepted":true,"call":"cue.projection_error","clock_after_s":0.35,"error":"","finish_us":2751543,"fixed_clock_s":0.35,"inclusive_us":40873,"repetition":1,"scope":"separate_pure_probe_not_nested_native_advance","start_us":2710670},{"accepted":true,"call":"renderer_guard.current_error","clock_after_s":0.35,"error":"","finish_us":2753431,"fixed_clock_s":0.35,"inclusive_us":1768,"repetition":1,"scope":"separate_pure_probe_not_nested_native_advance","start_us":2751663},{"accepted":true,"call":"cursor.snapshot_error","clock_after_s":0.35,"error":"","finish_us":2766078,"fixed_clock_s":0.35,"inclusive_us":12605,"repetition":1,"scope":"separate_pure_probe_not_nested_native_advance","start_us":2753473},{"accepted":true,"call":"replay_reservation_error","clock_after_s":0.35,"error":"","finish_us":2785641,"fixed_clock_s":0.35,"inclusive_us":19367,"repetition":2,"scope":"separate_pure_probe_not_nested_native_advance","start_us":2766274},{"accepted":true,"call":"authored_replay_source_error","clock_after_s":0.35,"error":"","finish_us":2801093,"fixed_clock_s":0.35,"inclusive_us":15348,"repetition":2,"scope":"separate_pure_probe_not_nested_native_advance","start_us":2785745},{"accepted":true,"call":"cue.projection_error","clock_after_s":0.35,"error":"","finish_us":2822801,"fixed_clock_s":0.35,"inclusive_us":21604,"repetition":2,"scope":"separate_pure_probe_not_nested_native_advance","start_us":2801197},{"accepted":true,"call":"renderer_guard.current_error","clock_after_s":0.35,"error":"","finish_us":2823892,"fixed_clock_s":0.35,"inclusive_us":1010,"repetition":2,"scope":"separate_pure_probe_not_nested_native_advance","start_us":2822882},{"accepted":true,"call":"cursor.snapshot_error","clock_after_s":0.35,"error":"","finish_us":2832438,"fixed_clock_s":0.35,"inclusive_us":8505,"repetition":2,"scope":"separate_pure_probe_not_nested_native_advance","start_us":2823933}],"separate_fixed_clock_probe_elapsed_us":224410,"separate_fixed_clock_probe_summary_us":{"authored_replay_source_error":{"count":3,"inclusive_total_us":49494,"max_us":23191,"mean_us":16498.0,"p50_us":15348,"p95_us":23191},"cue.projection_error":{"count":3,"inclusive_total_us":85134,"max_us":40873,"mean_us":28378.0,"p50_us":22657,"p95_us":40873},"cursor.snapshot_error":{"count":3,"inclusive_total_us":30182,"max_us":12605,"mean_us":10060.6666666667,"p50_us":9072,"p95_us":12605},"renderer_guard.current_error":{"count":3,"inclusive_total_us":3758,"max_us":1768,"mean_us":1252.66666666667,"p50_us":1010,"p95_us":1768},"replay_reservation_error":{"count":3,"inclusive_total_us":54471,"max_us":22947,"mean_us":18157.0,"p50_us":19367,"p95_us":22947}},"simulation_elapsed_s":1.2,"simulation_finish_s":1.55,"simulation_start_s":0.35,"viewport_size":[270,585],"wall_elapsed_us":12438384,"wall_finish_us":14587753,"wall_start_us":2149369}
Authored echo performance smoke: 113 checks, 0 failures; native-only first-cycle measurement
