WorkerThreadPool: 8 threads, 2 max low-priority.
Godot Engine v4.7.2.stable.official.ed1daf0bf - https://godotengine.org
TextServer: Added interface "Dummy"
TextServer: Added interface "ICU / HarfBuzz / Graphite (Built-in)"
SDL: Init OK!
Using "default" pen tablet driver...

TextServer: Primary interface set to: "ICU / HarfBuzz / Graphite (Built-in)".
CORE API HASH: 2004498165
EDITOR API HASH: 1696660745
Loading resource: res://tests/authored_enemy_sequence_smoke.gd remapped: res://tests/authored_enemy_sequence_smoke.gd
Completed load for: 'res://tests/authored_enemy_sequence_smoke.gd' remapped 'res://tests/authored_enemy_sequence_smoke.gd' at thread -1
SceneTreeFTI: traversal method DEFAULT
Loaded system CA certificates
PASS: world guard comes from actual native floor and shore-stone bodies, not a fabricated official descriptor
PASS: one own C52 route/slash configures against real native descriptors: 
PASS: own enemy provenance retains exact source/cycle and contains no Player capture
PASS: absolute own route and genuine native endpoint position retain original Y without translation
PASS: one stable authored slash is not a fake Player publication or third captured slot
PASS: slash preserves independent source-owned direction and cone geometry
PASS: no arbitrary idle padding or reassociated commitment endpoint enters timeline
PASS: long source interval retains ordinary active-origin cooldown after endpoint recovery
PASS: enemy ornament/interval are source-owned with no Player loadout or cosmetic ratio
PASS: typed action codec decodes its own native geometry
PASS: Player action and captured-only Sequence refuse own-enemy data
PASS: fresh raw role resolves exactly once for assisted
PASS: assisted preserves resolved damage/full lock/recovery without changing route or gesture data
PASS: fresh raw role resolves exactly once for standard
PASS: standard preserves resolved damage/full lock/recovery without changing route or gesture data
PASS: fresh raw role resolves exactly once for challenge
PASS: challenge preserves resolved damage/full lock/recovery without changing route or gesture data
PASS: maximum exact safe cycle integer remains an integer without lossy record identity
PASS: cycle integer beyond exact transport range rejects
PASS: exact tagged fresh restore preserves every scalar bit/type/route/action without native work
PASS: actual expected source definition/profile/world context agrees at binding boundary
PASS: native/JSON getters are defensive through nested definition, route, record and world
PASS: a separately declared one-bit visual definition is syntactically valid new data
PASS: existing immutable owner refuses a valid-but-different one-bit definition atomically
PASS: internally valid alternate definition is not authority for the actual source
PASS: internally valid alternate resolved profile cannot replace actual current profile
PASS: program reader selects typed authored API without changing the captured module
PASS: reader copy is defensive and common derived boundary epsilon remains compatible
PASS: unknown program API cannot replace configured provenance
PASS: one-bit/foreign definition cannot mutate an immutable saved plan
PASS: one-bit/foreign damage cannot mutate an immutable saved plan
PASS: one-bit/foreign clock cannot mutate an immutable saved plan
PASS: one-bit/foreign profile cannot mutate an immutable saved plan
PASS: one-bit/foreign cycle cannot mutate an immutable saved plan
PASS: one-bit/foreign cycle_type cannot mutate an immutable saved plan
PASS: one-bit/foreign source cannot mutate an immutable saved plan
PASS: one-bit/foreign epoch cannot mutate an immutable saved plan
PASS: one-bit/foreign world cannot mutate an immutable saved plan
PASS: one-bit/foreign third_slot cannot mutate an immutable saved plan
PASS: one-bit/foreign capture cannot mutate an immutable saved plan
PASS: one-bit/foreign gear cannot mutate an immutable saved plan
PASS: one-bit/foreign publication cannot mutate an immutable saved plan
PASS: one-bit/foreign blast cannot mutate an immutable saved plan
PASS: endpoint origin discontinuity rejects without snapping and leaves fresh state empty
PASS: physical moving owner is unsupported and leaves fresh state empty
PASS: already-resolved input cannot compound difficulty and leaves fresh state empty
PASS: arbitrary active idle cannot be inserted and leaves fresh state empty
PASS: zero direction rejects and leaves fresh state empty
PASS: nonfinite geometry rejects and leaves fresh state empty
PASS: exact integer identity is not silently converted and leaves fresh state empty
PASS: typed action rejects fabricated Player completion/publication fields
PASS: different native scenery-ray policy rejects
PASS: standalone finite action syntax does not pretend to authenticate role-derived damage
PASS: cyclic raw-role leaf rejects before deepcopy and leaves fresh state empty
PASS: cyclic presentation leaf rejects before deepcopy and leaves fresh state empty
PASS: foreign live object in closed numeric branch rejects and leaves fresh state empty
PASS: freed foreign object handle rejects without cast/access and leaves fresh state empty
PASS: oversized foreign branch is never copied and leaves fresh state empty
PASS: constructor accepts vectors only at explicit native locations and leaves fresh state empty
PASS: cyclic world JSON rejects at bounded traversal before deepcopy
PASS: aliased expanding tree rejects at global node/byte budget before deepcopy
PASS: oversized transport string rejects without unbounded UTF8/deepcopy work
PASS: cyclic malformed saved transport rejects atomically
PASS: one actual native float32 collider bit invalidates source-world binding
PASS: actual exact original native world restores binding without rewriting sequence
PASS: actual authored safe-domain change rejects even with unchanged collision bodies
PASS: actual expected current source/cycle cannot be substituted by copied identity
PASS: all native binding queries preserve immutable source recipe and transport
PASS: paused native clock/source and immutable constructor data do not advance
PASS: real native descriptor queries do not reserve/cancel or change diagnostics
PASS: captured reader compatibility fixture arms actual Player records
PASS: compatibility capture starts one actual public dash
PASS: captured-only constructor still derives actual completed dash/primary: 
PASS: same program reader preserves real captured branch without fake records
PASS: configured authored reader cannot switch to valid captured provenance
PASS: configured captured reader cannot switch to valid authored provenance
Authored enemy sequence smoke: 76 checks, 0 failures
XR: Clearing primary interface
XR: Removed interface "Native mobile"
XR: Removed interface "OpenXR"
