Godot Engine v4.7.2.stable.official.ed1daf0bf - https://godotengine.org
TextServer: Added interface "Dummy"
TextServer: Added interface "ICU / HarfBuzz / Graphite (Built-in)"
SDL: Init OK!
Using "default" pen tablet driver...

TextServer: Primary interface set to: "ICU / HarfBuzz / Graphite (Built-in)".
CORE API HASH: 2004498165
EDITOR API HASH: 1696660745
Loading resource: res://tests/authored_echo_performance_smoke.gd remapped: res://tests/authored_echo_performance_smoke.gd
Loading resource: res://scenes/player.tscn remapped: res://scenes/player.tscn
Loading resource: res://scripts/player.gd remapped: res://scripts/player.gd
Completed load for: 'res://scripts/player.gd' remapped 'res://scripts/player.gd' at thread -1
Completed load for: 'res://scenes/player.tscn' remapped 'res://scenes/player.tscn' at thread -1
Loading resource: res://scenes/practice_target.tscn remapped: res://scenes/practice_target.tscn
Loading resource: res://scripts/practice_target.gd remapped: res://scripts/practice_target.gd
Completed load for: 'res://scripts/practice_target.gd' remapped 'res://scripts/practice_target.gd' at thread -1
Completed load for: 'res://scenes/practice_target.tscn' remapped 'res://scenes/practice_target.tscn' at thread -1
Loading resource: res://scenes/lab_arena.tscn remapped: res://scenes/lab_arena.tscn
Completed load for: 'res://scenes/lab_arena.tscn' remapped 'res://scenes/lab_arena.tscn' at thread -1
Completed load for: 'res://tests/authored_echo_performance_smoke.gd' remapped 'res://tests/authored_echo_performance_smoke.gd' at thread -1
SceneTreeFTI: traversal method DEFAULT
Loaded system CA certificates
PASS: actual Scheduler selects a fresh raw Standard encounter
PASS: TEST ONLY initial paused empty-ammo seed retains coherent actual actor
PASS: genuine shared Playback subclass owns immutable native definition, HP, visible mesh and fixed endpoint
PASS: own enemy configure_authored uses its actual source hooks: 
ERROR: FAIL: actual exclusive stationary source receives complete live-body own-enemy witness: Actual shared authored Scheduler required
   at: push_error (core/variant/variant_utility.cpp:1023)
   GDScript backtrace (most recent call first):
       [0] _expect (res://tests/authored_echo_playback_smoke.gd:597)
       [1] _install (res://tests/authored_echo_playback_smoke.gd:352)
       [2] _run (res://tests/authored_echo_performance_smoke.gd:121)
       [3] _arena (res://tests/authored_echo_performance_smoke.gd:281)
ERROR: FAIL: bounded raw native measurements remain complete
   at: push_error (core/variant/variant_utility.cpp:1023)
   GDScript backtrace (most recent call first):
       [0] _expect (res://tests/authored_echo_playback_smoke.gd:597)
       [1] _finish_profile (res://tests/authored_echo_performance_smoke.gd:181)
       [2] _run (res://tests/authored_echo_performance_smoke.gd:123)
       [3] _arena (res://tests/authored_echo_performance_smoke.gd:281)
ERROR: FAIL: profile actually observes finite native warning/active/recovery execution
   at: push_error (core/variant/variant_utility.cpp:1023)
   GDScript backtrace (most recent call first):
       [0] _expect (res://tests/authored_echo_playback_smoke.gd:597)
       [1] _finish_profile (res://tests/authored_echo_performance_smoke.gd:196)
       [2] _run (res://tests/authored_echo_performance_smoke.gd:123)
       [3] _arena (res://tests/authored_echo_performance_smoke.gd:281)
AUTHORED_ECHO_PROFILE_JSON {"actual_world_actions":[],"advance_cost_summary_us":{"count":0},"advance_phase_summary_us":{},"advance_samples":[],"api_revision":"test-only-authored-echo-performance-1","automatic_native_advances":0,"display_driver":"headless","engine":{"build":"official","hash":"ed1daf0bf001b61586d9930840f2f1394092c079","hex":263938,"major":4,"minor":7,"patch":2,"status":"stable","string":"4.7.2-stable (official)","timestamp":0},"limitations":"Instrumented one-Box native fixture first cycle; inclusive nested timers/bookkeeping and native loop waits included. Not actual authored A3-L3, production 16-visual art, portrait review, FPS, CPU monitor percentiles, sustained performance or a latency acceptance threshold. No guards or contact/proof authority bypassed.","native_output":[540,1170],"native_phases_observed":[],"physics_ticks_per_second":60,"required_native_visuals":1,"scheduler_inclusive_totals":{"authored_floor_signature":{"calls":1,"inclusive_us":23,"max_us":23},"authored_replay_source_error":{"calls":1,"inclusive_us":10067,"max_us":10067},"pure_collision_fingerprint":{"calls":1,"inclusive_us":99,"max_us":99},"request_authored_replay_including_witness":{"calls":1,"inclusive_us":10103,"max_us":10103}},"scheduler_samples":[{"accepted":true,"call":"authored_floor_signature","clock_s":0.35,"finish_us":1378668,"inclusive_us":23,"physics_frame":22,"start_us":1378645},{"accepted":true,"call":"pure_collision_fingerprint","clock_s":0.35,"finish_us":1378772,"inclusive_us":99,"physics_frame":22,"start_us":1378673},{"accepted":true,"call":"authored_replay_source_error","clock_s":0.35,"finish_us":1382805,"inclusive_us":10067,"physics_frame":22,"start_us":1372738},{"accepted":false,"call":"request_authored_replay_including_witness","clock_s":0.35,"finish_us":1382834,"inclusive_us":10103,"physics_frame":22,"start_us":1372731}],"simulation_elapsed_s":0.0,"simulation_finish_s":0.35,"simulation_start_s":0.35,"viewport_size":[270,585],"wall_elapsed_us":10254,"wall_finish_us":1382906,"wall_start_us":1372652}
Authored echo performance smoke: 7 checks, 3 failures; native-only first-cycle measurement
