Godot Engine v4.7.2.stable.official.ed1daf0bf - https://godotengine.org

PASS: actual Scheduler selects a fresh raw Standard encounter
PASS: TEST ONLY initial paused empty-ammo seed retains coherent actual actor
PASS: genuine shared Playback subclass owns immutable native definition, HP, visible mesh and fixed endpoint
PASS: own enemy configure_authored uses its actual source hooks: 
PASS: profile retains EXACT real shared Scheduler Script required by ReplayWitness
PASS: actual exclusive stationary source receives complete live-body own-enemy witness: 
PASS: native required footprint derives from exact own source/world/floor program
PASS: projected owner binds exact actual exclusive Player without a capture gate: 
PASS: pure probes use the genuine one-event Cue and actual retained native renderer guard/Cursor
PASS: separate probes start at the actual same prelock native clock/epoch/generation
PASS: separate actual pure replay_reservation_error probe authenticates genuine admitted source
PASS: separate actual pure authored_replay_source_error probe authenticates genuine admitted source
PASS: separate actual pure cue.projection_error probe authenticates genuine admitted source
PASS: separate actual pure renderer_guard.current_error probe authenticates genuine admitted source
PASS: separate actual pure cursor.snapshot_error probe authenticates genuine admitted source
PASS: separate actual pure replay_reservation_error probe authenticates genuine admitted source
PASS: separate actual pure authored_replay_source_error probe authenticates genuine admitted source
PASS: separate actual pure cue.projection_error probe authenticates genuine admitted source
PASS: separate actual pure renderer_guard.current_error probe authenticates genuine admitted source
PASS: separate actual pure cursor.snapshot_error probe authenticates genuine admitted source
PASS: separate actual pure replay_reservation_error probe authenticates genuine admitted source
PASS: separate actual pure authored_replay_source_error probe authenticates genuine admitted source
PASS: separate actual pure cue.projection_error probe authenticates genuine admitted source
PASS: separate actual pure renderer_guard.current_error probe authenticates genuine admitted source
PASS: separate actual pure cursor.snapshot_error probe authenticates genuine admitted source
PASS: separate same-clock pure probes retain real clocks/diagnostics/source/Hero/history
PASS: separate native probes retain actual guard/Cursor/Cue identities, diagnostics, projection and delivery prefix
PASS: fixed-clock probes neither yield a native frame nor add a production advance sample
PASS: actual due lock revalidates full lead and current actual Player: 
PASS: own cursor consumes actual canonical lock without retiming or new proof
PASS: profile executes actual routed first_escape_dash
PASS: profile harmless route retains real Hero HP and fixed native source
PASS: profile executes actual routed tether_positioning_dash
PASS: profile harmless route retains real Hero HP and fixed native source
PASS: real profile witness returns to ordinary hittable recovery knot
PASS: real profile first tap executes ordinary primary
PASS: real profile route defeats own HP source once without Hero damage
PASS: measurement workload contains two native dashes and one ordinary primary; natural ammo regeneration preserved
PASS: bounded raw native measurements remain complete
PASS: profile native advance accepts original authority and monotonic real clock
PASS: profile native advance accepts original authority and monotonic real clock
PASS: profile native advance accepts original authority and monotonic real clock
PASS: profile native advance accepts original authority and monotonic real clock
PASS: profile native advance accepts original authority and monotonic real clock
PASS: profile native advance accepts original authority and monotonic real clock
PASS: profile native advance accepts original authority and monotonic real clock
PASS: profile native advance accepts original authority and monotonic real clock
PASS: profile native advance accepts original authority and monotonic real clock
PASS: profile native advance accepts original authority and monotonic real clock
PASS: profile native advance accepts original authority and monotonic real clock
PASS: profile native advance accepts original authority and monotonic real clock
PASS: profile native advance accepts original authority and monotonic real clock
PASS: profile native advance accepts original authority and monotonic real clock
PASS: profile native advance accepts original authority and monotonic real clock
PASS: profile native advance accepts original authority and monotonic real clock
PASS: profile native advance accepts original authority and monotonic real clock
PASS: profile native advance accepts original authority and monotonic real clock
PASS: profile native advance accepts original authority and monotonic real clock
PASS: profile native advance accepts original authority and monotonic real clock
PASS: profile native advance accepts original authority and monotonic real clock
PASS: profile native advance accepts original authority and monotonic real clock
PASS: profile native advance accepts original authority and monotonic real clock
PASS: profile native advance accepts original authority and monotonic real clock
PASS: profile native advance accepts original authority and monotonic real clock
PASS: profile native advance accepts original authority and monotonic real clock
PASS: profile native advance accepts original authority and monotonic real clock
PASS: profile native advance accepts original authority and monotonic real clock
PASS: profile native advance accepts original authority and monotonic real clock
PASS: profile native advance accepts original authority and monotonic real clock
PASS: profile native advance accepts original authority and monotonic real clock
PASS: profile native advance accepts original authority and monotonic real clock
PASS: profile native advance accepts original authority and monotonic real clock
PASS: profile native advance accepts original authority and monotonic real clock
PASS: profile native advance accepts original authority and monotonic real clock
PASS: profile native advance accepts original authority and monotonic real clock
PASS: profile native advance accepts original authority and monotonic real clock
PASS: profile native advance accepts original authority and monotonic real clock
PASS: profile native advance accepts original authority and monotonic real clock
PASS: profile native advance accepts original authority and monotonic real clock
PASS: profile native advance accepts original authority and monotonic real clock
PASS: profile native advance accepts original authority and monotonic real clock
PASS: profile native advance accepts original authority and monotonic real clock
PASS: profile native advance accepts original authority and monotonic real clock
PASS: profile native advance accepts original authority and monotonic real clock
PASS: profile native advance accepts original authority and monotonic real clock
PASS: profile native advance accepts original authority and monotonic real clock
PASS: profile native advance accepts original authority and monotonic real clock
PASS: profile native advance accepts original authority and monotonic real clock
PASS: profile native advance accepts original authority and monotonic real clock
PASS: profile native advance accepts original authority and monotonic real clock
PASS: profile native advance accepts original authority and monotonic real clock
PASS: profile native advance accepts original authority and monotonic real clock
PASS: profile native advance accepts original authority and monotonic real clock
PASS: profile native advance accepts original authority and monotonic real clock
PASS: profile native advance accepts original authority and monotonic real clock
PASS: profile native advance accepts original authority and monotonic real clock
PASS: profile native advance accepts original authority and monotonic real clock
PASS: profile native advance accepts original authority and monotonic real clock
PASS: profile native advance accepts original authority and monotonic real clock
PASS: profile native advance accepts original authority and monotonic real clock
PASS: profile native advance accepts original authority and monotonic real clock
PASS: profile native advance accepts original authority and monotonic real clock
PASS: profile native advance accepts original authority and monotonic real clock
PASS: profile native advance accepts original authority and monotonic real clock
PASS: profile native advance accepts original authority and monotonic real clock
PASS: profile native advance accepts original authority and monotonic real clock
PASS: profile native advance accepts original authority and monotonic real clock
PASS: profile native advance accepts original authority and monotonic real clock
PASS: profile native advance accepts original authority and monotonic real clock
PASS: profile native advance accepts original authority and monotonic real clock
PASS: profile native advance accepts original authority and monotonic real clock
PASS: profile native advance accepts original authority and monotonic real clock
PASS: profile actually observes finite native warning/active/recovery execution
AUTHORED_ECHO_PROFILE_JSON {"actual_world_actions":[{"completed_at_s":0.933333333333335,"damage":0.0,"hits":0,"kind":"dash","started_at_s":0.750000000000001},{"completed_at_s":1.46666666666667,"damage":0.0,"hits":0,"kind":"dash","started_at_s":1.28333333333333},{"completed_at_s":1.55,"damage":20.0,"hits":1,"kind":"primary","started_at_s":1.55}],"admission_projection_bind_inclusive_us":216717,"advance_cost_summary_us":{"count":72,"inclusive_total_us":8067477,"max_us":856035,"mean_us":112048.291666667,"p50_us":79754,"p95_us":251183},"advance_phase_summary_us":{"active":{"count":14,"inclusive_total_us":1109874,"max_us":127948,"mean_us":79276.7142857143,"p50_us":70340,"p95_us":127948},"lock":{"count":23,"inclusive_total_us":3123436,"max_us":299917,"mean_us":135801.565217391,"p50_us":103103,"p95_us":251183},"recovery":{"count":19,"inclusive_total_us":1926475,"max_us":362887,"mean_us":101393.421052632,"p50_us":78766,"p95_us":362887},"warning":{"count":16,"inclusive_total_us":1907692,"max_us":856035,"mean_us":119230.75,"p50_us":70416,"p95_us":856035}},"advance_samples":[{"accepted":true,"automatic_native_tick":true,"clock_s":0.366666666666667,"event_count":0,"finish_us":1392344,"inclusive_us":71103,"phase":"warning","physics_frame":23,"process_frame":16,"start_us":1321241},{"accepted":true,"automatic_native_tick":true,"clock_s":0.383333333333333,"event_count":0,"finish_us":1467503,"inclusive_us":69551,"phase":"warning","physics_frame":24,"process_frame":16,"start_us":1397952},{"accepted":true,"automatic_native_tick":true,"clock_s":0.4,"event_count":0,"finish_us":1543002,"inclusive_us":70416,"phase":"warning","physics_frame":25,"process_frame":16,"start_us":1472586},{"accepted":true,"automatic_native_tick":true,"clock_s":0.416666666666667,"event_count":0,"finish_us":1618926,"inclusive_us":70458,"phase":"warning","physics_frame":26,"process_frame":16,"start_us":1548468},{"accepted":true,"automatic_native_tick":true,"clock_s":0.433333333333333,"event_count":0,"finish_us":1692291,"inclusive_us":68314,"phase":"warning","physics_frame":27,"process_frame":16,"start_us":1623977},{"accepted":true,"automatic_native_tick":true,"clock_s":0.45,"event_count":0,"finish_us":1768659,"inclusive_us":70916,"phase":"warning","physics_frame":28,"process_frame":16,"start_us":1697743},{"accepted":true,"automatic_native_tick":true,"clock_s":0.466666666666667,"event_count":0,"finish_us":1852761,"inclusive_us":78673,"phase":"warning","physics_frame":29,"process_frame":16,"start_us":1774088},{"accepted":true,"automatic_native_tick":true,"clock_s":0.483333333333333,"event_count":0,"finish_us":1929839,"inclusive_us":70482,"phase":"warning","physics_frame":30,"process_frame":16,"start_us":1859357},{"accepted":true,"automatic_native_tick":true,"clock_s":0.5,"event_count":0,"finish_us":2000679,"inclusive_us":65700,"phase":"warning","physics_frame":31,"process_frame":17,"start_us":1934979},{"accepted":true,"automatic_native_tick":true,"clock_s":0.516666666666667,"event_count":0,"finish_us":2069595,"inclusive_us":64137,"phase":"warning","physics_frame":32,"process_frame":17,"start_us":2005458},{"accepted":true,"automatic_native_tick":true,"clock_s":0.533333333333333,"event_count":0,"finish_us":2138485,"inclusive_us":64103,"phase":"warning","physics_frame":33,"process_frame":17,"start_us":2074382},{"accepted":true,"automatic_native_tick":true,"clock_s":0.55,"event_count":0,"finish_us":2208717,"inclusive_us":65480,"phase":"warning","physics_frame":34,"process_frame":17,"start_us":2143237},{"accepted":true,"automatic_native_tick":true,"clock_s":0.566666666666667,"event_count":0,"finish_us":2278753,"inclusive_us":65283,"phase":"warning","physics_frame":35,"process_frame":17,"start_us":2213470},{"accepted":true,"automatic_native_tick":true,"clock_s":0.583333333333333,"event_count":0,"finish_us":2363459,"inclusive_us":79754,"phase":"warning","physics_frame":36,"process_frame":17,"start_us":2283705},{"accepted":true,"automatic_native_tick":true,"clock_s":0.6,"event_count":0,"finish_us":2446038,"inclusive_us":77287,"phase":"warning","physics_frame":37,"process_frame":17,"start_us":2368751},{"accepted":true,"automatic_native_tick":true,"clock_s":0.616666666666667,"event_count":0,"finish_us":3307814,"inclusive_us":856035,"phase":"warning","physics_frame":38,"process_frame":17,"start_us":2451779},{"accepted":true,"automatic_native_tick":false,"clock_s":0.616666666666667,"event_count":0,"finish_us":3521092,"inclusive_us":113027,"phase":"lock","physics_frame":38,"process_frame":17,"start_us":3408065},{"accepted":true,"automatic_native_tick":true,"clock_s":0.633333333333334,"event_count":0,"finish_us":3625500,"inclusive_us":95073,"phase":"lock","physics_frame":39,"process_frame":18,"start_us":3530427},{"accepted":true,"automatic_native_tick":true,"clock_s":0.65,"event_count":0,"finish_us":3704264,"inclusive_us":73025,"phase":"lock","physics_frame":40,"process_frame":18,"start_us":3631239},{"accepted":true,"automatic_native_tick":true,"clock_s":0.666666666666667,"event_count":0,"finish_us":3789060,"inclusive_us":79364,"phase":"lock","physics_frame":41,"process_frame":18,"start_us":3709696},{"accepted":true,"automatic_native_tick":true,"clock_s":0.683333333333334,"event_count":0,"finish_us":3886412,"inclusive_us":91168,"phase":"lock","physics_frame":42,"process_frame":18,"start_us":3795244},{"accepted":true,"automatic_native_tick":true,"clock_s":0.700000000000001,"event_count":0,"finish_us":3997461,"inclusive_us":103103,"phase":"lock","physics_frame":43,"process_frame":18,"start_us":3894358},{"accepted":true,"automatic_native_tick":true,"clock_s":0.716666666666667,"event_count":0,"finish_us":4089055,"inclusive_us":83508,"phase":"lock","physics_frame":44,"process_frame":18,"start_us":4005547},{"accepted":true,"automatic_native_tick":true,"clock_s":0.733333333333334,"event_count":0,"finish_us":4175346,"inclusive_us":80419,"phase":"lock","physics_frame":45,"process_frame":18,"start_us":4094927},{"accepted":true,"automatic_native_tick":true,"clock_s":0.750000000000001,"event_count":0,"finish_us":4284097,"inclusive_us":98384,"phase":"lock","physics_frame":46,"process_frame":18,"start_us":4185713},{"accepted":true,"automatic_native_tick":true,"clock_s":0.766666666666667,"event_count":0,"finish_us":4379380,"inclusive_us":88771,"phase":"lock","physics_frame":47,"process_frame":19,"start_us":4290609},{"accepted":true,"automatic_native_tick":true,"clock_s":0.783333333333334,"event_count":0,"finish_us":4490979,"inclusive_us":104384,"phase":"lock","physics_frame":48,"process_frame":19,"start_us":4386595},{"accepted":true,"automatic_native_tick":true,"clock_s":0.800000000000001,"event_count":0,"finish_us":4613109,"inclusive_us":114677,"phase":"lock","physics_frame":49,"process_frame":19,"start_us":4498432},{"accepted":true,"automatic_native_tick":true,"clock_s":0.816666666666668,"event_count":0,"finish_us":4856798,"inclusive_us":236517,"phase":"lock","physics_frame":50,"process_frame":19,"start_us":4620281},{"accepted":true,"automatic_native_tick":true,"clock_s":0.833333333333334,"event_count":0,"finish_us":5024315,"inclusive_us":160637,"phase":"lock","physics_frame":51,"process_frame":19,"start_us":4863678},{"accepted":true,"automatic_native_tick":true,"clock_s":0.850000000000001,"event_count":0,"finish_us":5330576,"inclusive_us":251183,"phase":"lock","physics_frame":52,"process_frame":19,"start_us":5079393},{"accepted":true,"automatic_native_tick":true,"clock_s":0.866666666666668,"event_count":0,"finish_us":5589371,"inclusive_us":246193,"phase":"lock","physics_frame":53,"process_frame":19,"start_us":5343178},{"accepted":true,"automatic_native_tick":true,"clock_s":0.883333333333334,"event_count":0,"finish_us":5695579,"inclusive_us":95307,"phase":"lock","physics_frame":54,"process_frame":19,"start_us":5600272},{"accepted":true,"automatic_native_tick":true,"clock_s":0.900000000000001,"event_count":0,"finish_us":5842341,"inclusive_us":135627,"phase":"lock","physics_frame":55,"process_frame":20,"start_us":5706714},{"accepted":true,"automatic_native_tick":true,"clock_s":0.916666666666668,"event_count":0,"finish_us":6076510,"inclusive_us":225276,"phase":"lock","physics_frame":56,"process_frame":20,"start_us":5851234},{"accepted":true,"automatic_native_tick":true,"clock_s":0.933333333333335,"event_count":0,"finish_us":6388570,"inclusive_us":299917,"phase":"lock","physics_frame":57,"process_frame":20,"start_us":6088653},{"accepted":true,"automatic_native_tick":true,"clock_s":0.950000000000001,"event_count":0,"finish_us":6547226,"inclusive_us":133219,"phase":"lock","physics_frame":58,"process_frame":20,"start_us":6414007},{"accepted":true,"automatic_native_tick":true,"clock_s":0.966666666666668,"event_count":0,"finish_us":6689279,"inclusive_us":133527,"phase":"lock","physics_frame":59,"process_frame":20,"start_us":6555752},{"accepted":true,"automatic_native_tick":true,"clock_s":0.983333333333335,"event_count":0,"finish_us":6796615,"inclusive_us":101064,"phase":"lock","physics_frame":60,"process_frame":20,"start_us":6695551},{"accepted":true,"automatic_native_tick":true,"clock_s":1.0,"event_count":0,"finish_us":6895834,"inclusive_us":93093,"phase":"lock","physics_frame":61,"process_frame":20,"start_us":6802741},{"accepted":true,"automatic_native_tick":true,"clock_s":1.01666666666667,"event_count":0,"finish_us":6988343,"inclusive_us":85791,"phase":"active","physics_frame":62,"process_frame":20,"start_us":6902552},{"accepted":true,"automatic_native_tick":true,"clock_s":1.03333333333333,"event_count":0,"finish_us":7088759,"inclusive_us":92516,"phase":"active","physics_frame":63,"process_frame":21,"start_us":6996243},{"accepted":true,"automatic_native_tick":true,"clock_s":1.05,"event_count":0,"finish_us":7182405,"inclusive_us":87082,"phase":"active","physics_frame":64,"process_frame":21,"start_us":7095323},{"accepted":true,"automatic_native_tick":true,"clock_s":1.06666666666667,"event_count":0,"finish_us":7273513,"inclusive_us":84312,"phase":"active","physics_frame":65,"process_frame":21,"start_us":7189201},{"accepted":true,"automatic_native_tick":true,"clock_s":1.08333333333333,"event_count":0,"finish_us":7359040,"inclusive_us":79407,"phase":"active","physics_frame":66,"process_frame":21,"start_us":7279633},{"accepted":true,"automatic_native_tick":true,"clock_s":1.1,"event_count":0,"finish_us":7441075,"inclusive_us":76053,"phase":"active","physics_frame":67,"process_frame":21,"start_us":7365022},{"accepted":true,"automatic_native_tick":true,"clock_s":1.11666666666667,"event_count":0,"finish_us":7516542,"inclusive_us":70340,"phase":"active","physics_frame":68,"process_frame":21,"start_us":7446202},{"accepted":true,"automatic_native_tick":true,"clock_s":1.13333333333333,"event_count":0,"finish_us":7590553,"inclusive_us":68979,"phase":"active","physics_frame":69,"process_frame":21,"start_us":7521574},{"accepted":true,"automatic_native_tick":true,"clock_s":1.15,"event_count":0,"finish_us":7665815,"inclusive_us":70097,"phase":"active","physics_frame":70,"process_frame":21,"start_us":7595718},{"accepted":true,"automatic_native_tick":true,"clock_s":1.16666666666667,"event_count":0,"finish_us":7737684,"inclusive_us":66772,"phase":"active","physics_frame":71,"process_frame":22,"start_us":7670912},{"accepted":true,"automatic_native_tick":true,"clock_s":1.18333333333333,"event_count":0,"finish_us":7812511,"inclusive_us":69639,"phase":"active","physics_frame":72,"process_frame":22,"start_us":7742872},{"accepted":true,"automatic_native_tick":true,"clock_s":1.2,"event_count":1,"finish_us":7945707,"inclusive_us":127948,"phase":"active","physics_frame":73,"process_frame":22,"start_us":7817759},{"accepted":true,"automatic_native_tick":true,"clock_s":1.21666666666667,"event_count":0,"finish_us":8015570,"inclusive_us":65097,"phase":"active","physics_frame":74,"process_frame":22,"start_us":7950473},{"accepted":true,"automatic_native_tick":true,"clock_s":1.23333333333333,"event_count":0,"finish_us":8086350,"inclusive_us":65841,"phase":"active","physics_frame":75,"process_frame":22,"start_us":8020509},{"accepted":true,"automatic_native_tick":true,"clock_s":1.25,"event_count":0,"finish_us":8157374,"inclusive_us":66306,"phase":"recovery","physics_frame":76,"process_frame":22,"start_us":8091068},{"accepted":true,"automatic_native_tick":true,"clock_s":1.26666666666667,"event_count":0,"finish_us":8229430,"inclusive_us":67225,"phase":"recovery","physics_frame":77,"process_frame":22,"start_us":8162205},{"accepted":true,"automatic_native_tick":true,"clock_s":1.28333333333333,"event_count":0,"finish_us":8301904,"inclusive_us":67194,"phase":"recovery","physics_frame":78,"process_frame":22,"start_us":8234710},{"accepted":true,"automatic_native_tick":true,"clock_s":1.3,"event_count":0,"finish_us":8372433,"inclusive_us":64977,"phase":"recovery","physics_frame":79,"process_frame":23,"start_us":8307456},{"accepted":true,"automatic_native_tick":true,"clock_s":1.31666666666667,"event_count":0,"finish_us":8442503,"inclusive_us":65301,"phase":"recovery","physics_frame":80,"process_frame":23,"start_us":8377202},{"accepted":true,"automatic_native_tick":true,"clock_s":1.33333333333333,"event_count":0,"finish_us":8511561,"inclusive_us":64201,"phase":"recovery","physics_frame":81,"process_frame":23,"start_us":8447360},{"accepted":true,"automatic_native_tick":true,"clock_s":1.35,"event_count":0,"finish_us":8581707,"inclusive_us":65283,"phase":"recovery","physics_frame":82,"process_frame":23,"start_us":8516424},{"accepted":true,"automatic_native_tick":true,"clock_s":1.36666666666667,"event_count":0,"finish_us":8652052,"inclusive_us":65517,"phase":"recovery","physics_frame":83,"process_frame":23,"start_us":8586535},{"accepted":true,"automatic_native_tick":true,"clock_s":1.38333333333333,"event_count":0,"finish_us":8727630,"inclusive_us":70549,"phase":"recovery","physics_frame":84,"process_frame":23,"start_us":8657081},{"accepted":true,"automatic_native_tick":true,"clock_s":1.4,"event_count":0,"finish_us":8811575,"inclusive_us":78766,"phase":"recovery","physics_frame":85,"process_frame":23,"start_us":8732809},{"accepted":true,"automatic_native_tick":true,"clock_s":1.41666666666667,"event_count":0,"finish_us":8949069,"inclusive_us":126826,"phase":"recovery","physics_frame":86,"process_frame":23,"start_us":8822243},{"accepted":true,"automatic_native_tick":true,"clock_s":1.43333333333333,"event_count":0,"finish_us":9135572,"inclusive_us":168733,"phase":"recovery","physics_frame":87,"process_frame":24,"start_us":8966839},{"accepted":true,"automatic_native_tick":true,"clock_s":1.45,"event_count":0,"finish_us":9518373,"inclusive_us":362887,"phase":"recovery","physics_frame":88,"process_frame":24,"start_us":9155486},{"accepted":true,"automatic_native_tick":true,"clock_s":1.46666666666667,"event_count":0,"finish_us":9615931,"inclusive_us":90183,"phase":"recovery","physics_frame":89,"process_frame":24,"start_us":9525748},{"accepted":true,"automatic_native_tick":true,"clock_s":1.48333333333333,"event_count":0,"finish_us":9706195,"inclusive_us":84040,"phase":"recovery","physics_frame":90,"process_frame":24,"start_us":9622155},{"accepted":true,"automatic_native_tick":true,"clock_s":1.5,"event_count":0,"finish_us":9806798,"inclusive_us":94330,"phase":"recovery","physics_frame":91,"process_frame":24,"start_us":9712468},{"accepted":true,"automatic_native_tick":true,"clock_s":1.51666666666667,"event_count":0,"finish_us":9965819,"inclusive_us":146571,"phase":"recovery","physics_frame":92,"process_frame":24,"start_us":9819248},{"accepted":true,"automatic_native_tick":true,"clock_s":1.53333333333333,"event_count":0,"finish_us":10063363,"inclusive_us":88251,"phase":"recovery","physics_frame":93,"process_frame":24,"start_us":9975112},{"accepted":true,"automatic_native_tick":true,"clock_s":1.55,"event_count":0,"finish_us":10160325,"inclusive_us":89335,"phase":"recovery","physics_frame":94,"process_frame":24,"start_us":10070990}],"api_revision":"test-only-authored-echo-performance-2","automatic_native_advances":72,"display_driver":"headless","engine":{"build":"official","hash":"ed1daf0bf001b61586d9930840f2f1394092c079","hex":263938,"major":4,"minor":7,"patch":2,"status":"stable","string":"4.7.2-stable (official)","timestamp":0},"limitations":"Instrumented one-Box native source first cycle with EXACT real Scheduler; advance end timestamps exclude appended sample bookkeeping. Cycle wall elapsed includes separately reported direct fixed-clock probes, admission/projection/bind, native loop waits and other observer overhead; probe costs are not nested production call counts. Three samples per API inspect only the genuine admitted prelock clock; Cue, renderer guard and Cursor probes use the actual retained instances, not new guards or cached authority. Not actual authored A3-L3, production 16-visual art, portrait review, FPS, CPU monitor percentiles, sustained performance or a latency acceptance threshold. No guards or contact/proof authority bypassed.","native_output":[540,1170],"native_phases_observed":["warning","lock","active","recovery"],"physics_ticks_per_second":60,"required_native_visuals":1,"schema_version":2,"separate_fixed_clock_guard_probes":[{"accepted":true,"call":"replay_reservation_error","clock_after_s":0.35,"error":"","finish_us":1255405,"fixed_clock_s":0.35,"inclusive_us":4778,"repetition":0,"scope":"separate_pure_probe_not_nested_native_advance","start_us":1250627},{"accepted":true,"call":"authored_replay_source_error","clock_after_s":0.35,"error":"","finish_us":1259883,"fixed_clock_s":0.35,"inclusive_us":4464,"repetition":0,"scope":"separate_pure_probe_not_nested_native_advance","start_us":1255419},{"accepted":true,"call":"cue.projection_error","clock_after_s":0.35,"error":"","finish_us":1264557,"fixed_clock_s":0.35,"inclusive_us":4661,"repetition":0,"scope":"separate_pure_probe_not_nested_native_advance","start_us":1259896},{"accepted":true,"call":"renderer_guard.current_error","clock_after_s":0.35,"error":"","finish_us":1265101,"fixed_clock_s":0.35,"inclusive_us":516,"repetition":0,"scope":"separate_pure_probe_not_nested_native_advance","start_us":1264585},{"accepted":true,"call":"cursor.snapshot_error","clock_after_s":0.35,"error":"","finish_us":1268342,"fixed_clock_s":0.35,"inclusive_us":3227,"repetition":0,"scope":"separate_pure_probe_not_nested_native_advance","start_us":1265115},{"accepted":true,"call":"replay_reservation_error","clock_after_s":0.35,"error":"","finish_us":1273157,"fixed_clock_s":0.35,"inclusive_us":4802,"repetition":1,"scope":"separate_pure_probe_not_nested_native_advance","start_us":1268355},{"accepted":true,"call":"authored_replay_source_error","clock_after_s":0.35,"error":"","finish_us":1277619,"fixed_clock_s":0.35,"inclusive_us":4445,"repetition":1,"scope":"separate_pure_probe_not_nested_native_advance","start_us":1273174},{"accepted":true,"call":"cue.projection_error","clock_after_s":0.35,"error":"","finish_us":1282356,"fixed_clock_s":0.35,"inclusive_us":4718,"repetition":1,"scope":"separate_pure_probe_not_nested_native_advance","start_us":1277638},{"accepted":true,"call":"renderer_guard.current_error","clock_after_s":0.35,"error":"","finish_us":1282870,"fixed_clock_s":0.35,"inclusive_us":486,"repetition":1,"scope":"separate_pure_probe_not_nested_native_advance","start_us":1282384},{"accepted":true,"call":"cursor.snapshot_error","clock_after_s":0.35,"error":"","finish_us":1286000,"fixed_clock_s":0.35,"inclusive_us":3114,"repetition":1,"scope":"separate_pure_probe_not_nested_native_advance","start_us":1282886},{"accepted":true,"call":"replay_reservation_error","clock_after_s":0.35,"error":"","finish_us":1290788,"fixed_clock_s":0.35,"inclusive_us":4773,"repetition":2,"scope":"separate_pure_probe_not_nested_native_advance","start_us":1286015},{"accepted":true,"call":"authored_replay_source_error","clock_after_s":0.35,"error":"","finish_us":1295007,"fixed_clock_s":0.35,"inclusive_us":4203,"repetition":2,"scope":"separate_pure_probe_not_nested_native_advance","start_us":1290804},{"accepted":true,"call":"cue.projection_error","clock_after_s":0.35,"error":"","finish_us":1299453,"fixed_clock_s":0.35,"inclusive_us":4435,"repetition":2,"scope":"separate_pure_probe_not_nested_native_advance","start_us":1295018},{"accepted":true,"call":"renderer_guard.current_error","clock_after_s":0.35,"error":"","finish_us":1299997,"fixed_clock_s":0.35,"inclusive_us":506,"repetition":2,"scope":"separate_pure_probe_not_nested_native_advance","start_us":1299491},{"accepted":true,"call":"cursor.snapshot_error","clock_after_s":0.35,"error":"","finish_us":1303237,"fixed_clock_s":0.35,"inclusive_us":3215,"repetition":2,"scope":"separate_pure_probe_not_nested_native_advance","start_us":1300022}],"separate_fixed_clock_probe_elapsed_us":52634,"separate_fixed_clock_probe_summary_us":{"authored_replay_source_error":{"count":3,"inclusive_total_us":13112,"max_us":4464,"mean_us":4370.66666666667,"p50_us":4445,"p95_us":4464},"cue.projection_error":{"count":3,"inclusive_total_us":13814,"max_us":4718,"mean_us":4604.66666666667,"p50_us":4661,"p95_us":4718},"cursor.snapshot_error":{"count":3,"inclusive_total_us":9556,"max_us":3227,"mean_us":3185.33333333333,"p50_us":3215,"p95_us":3227},"renderer_guard.current_error":{"count":3,"inclusive_total_us":1508,"max_us":516,"mean_us":502.666666666667,"p50_us":506,"p95_us":516},"replay_reservation_error":{"count":3,"inclusive_total_us":14353,"max_us":4802,"mean_us":4784.33333333333,"p50_us":4778,"p95_us":4802}},"simulation_elapsed_s":1.2,"simulation_finish_s":1.55,"simulation_start_s":0.35,"viewport_size":[270,585],"wall_elapsed_us":9138079,"wall_finish_us":10171852,"wall_start_us":1033773}
Authored echo performance smoke: 113 checks, 0 failures; native-only first-cycle measurement
