WorkerThreadPool: 8 threads, 2 max low-priority.
Godot Engine v4.7.2.stable.official.ed1daf0bf - https://godotengine.org
TextServer: Added interface "Dummy"
TextServer: Added interface "ICU / HarfBuzz / Graphite (Built-in)"
SDL: Init OK!
Using "default" pen tablet driver...

TextServer: Primary interface set to: "ICU / HarfBuzz / Graphite (Built-in)".
CORE API HASH: 2004498165
EDITOR API HASH: 1696660745
Loading resource: res://tests/authored_echo_performance_smoke.gd remapped: res://tests/authored_echo_performance_smoke.gd
Loading resource: res://scenes/player.tscn remapped: res://scenes/player.tscn
Loading resource: res://scripts/player.gd remapped: res://scripts/player.gd
Completed load for: 'res://scripts/player.gd' remapped 'res://scripts/player.gd' at thread -1
Completed load for: 'res://scenes/player.tscn' remapped 'res://scenes/player.tscn' at thread -1
Loading resource: res://scenes/practice_target.tscn remapped: res://scenes/practice_target.tscn
Loading resource: res://scripts/practice_target.gd remapped: res://scripts/practice_target.gd
Completed load for: 'res://scripts/practice_target.gd' remapped 'res://scripts/practice_target.gd' at thread -1
Completed load for: 'res://scenes/practice_target.tscn' remapped 'res://scenes/practice_target.tscn' at thread -1
Loading resource: res://scenes/lab_arena.tscn remapped: res://scenes/lab_arena.tscn
Completed load for: 'res://scenes/lab_arena.tscn' remapped 'res://scenes/lab_arena.tscn' at thread -1
Completed load for: 'res://tests/authored_echo_performance_smoke.gd' remapped 'res://tests/authored_echo_performance_smoke.gd' at thread -1
SceneTreeFTI: traversal method DEFAULT
Loaded system CA certificates
PASS: actual Scheduler selects a fresh raw Standard encounter
PASS: TEST ONLY initial paused empty-ammo seed retains coherent actual actor
PASS: genuine shared Playback subclass owns immutable native definition, HP, visible mesh and fixed endpoint
PASS: own enemy configure_authored uses its actual source hooks: 
PASS: profile retains EXACT real shared Scheduler Script required by ReplayWitness
PASS: actual exclusive stationary source receives complete live-body own-enemy witness: 
PASS: native required footprint derives from exact own source/world/floor program
PASS: projected owner binds exact actual exclusive Player without a capture gate: 
PASS: separate actual pure replay_reservation_error probe authenticates genuine admitted source
PASS: separate actual pure authored_replay_source_error probe authenticates genuine admitted source
PASS: separate actual pure replay_reservation_error probe authenticates genuine admitted source
PASS: separate actual pure authored_replay_source_error probe authenticates genuine admitted source
PASS: separate actual pure replay_reservation_error probe authenticates genuine admitted source
PASS: separate actual pure authored_replay_source_error probe authenticates genuine admitted source
PASS: separate same-clock pure probes retain real clocks/diagnostics/source/Hero/history
PASS: actual due lock revalidates full lead and current actual Player: 
PASS: own cursor consumes actual canonical lock without retiming or new proof
PASS: profile executes actual routed first_escape_dash
PASS: profile harmless route retains real Hero HP and fixed native source
PASS: profile executes actual routed tether_positioning_dash
PASS: profile harmless route retains real Hero HP and fixed native source
PASS: real profile witness returns to ordinary hittable recovery knot
PASS: real profile first tap executes ordinary primary
PASS: real profile route defeats own HP source once without Hero damage
PASS: measurement workload contains two native dashes and one ordinary primary; natural ammo regeneration preserved
PASS: bounded raw native measurements remain complete
PASS: profile native advance accepts original authority and monotonic real clock
PASS: profile native advance accepts original authority and monotonic real clock
PASS: profile native advance accepts original authority and monotonic real clock
PASS: profile native advance accepts original authority and monotonic real clock
PASS: profile native advance accepts original authority and monotonic real clock
PASS: profile native advance accepts original authority and monotonic real clock
PASS: profile native advance accepts original authority and monotonic real clock
PASS: profile native advance accepts original authority and monotonic real clock
PASS: profile native advance accepts original authority and monotonic real clock
PASS: profile native advance accepts original authority and monotonic real clock
PASS: profile native advance accepts original authority and monotonic real clock
PASS: profile native advance accepts original authority and monotonic real clock
PASS: profile native advance accepts original authority and monotonic real clock
PASS: profile native advance accepts original authority and monotonic real clock
PASS: profile native advance accepts original authority and monotonic real clock
PASS: profile native advance accepts original authority and monotonic real clock
PASS: profile native advance accepts original authority and monotonic real clock
PASS: profile native advance accepts original authority and monotonic real clock
PASS: profile native advance accepts original authority and monotonic real clock
PASS: profile native advance accepts original authority and monotonic real clock
PASS: profile native advance accepts original authority and monotonic real clock
PASS: profile native advance accepts original authority and monotonic real clock
PASS: profile native advance accepts original authority and monotonic real clock
PASS: profile native advance accepts original authority and monotonic real clock
PASS: profile native advance accepts original authority and monotonic real clock
PASS: profile native advance accepts original authority and monotonic real clock
PASS: profile native advance accepts original authority and monotonic real clock
PASS: profile native advance accepts original authority and monotonic real clock
PASS: profile native advance accepts original authority and monotonic real clock
PASS: profile native advance accepts original authority and monotonic real clock
PASS: profile native advance accepts original authority and monotonic real clock
PASS: profile native advance accepts original authority and monotonic real clock
PASS: profile native advance accepts original authority and monotonic real clock
PASS: profile native advance accepts original authority and monotonic real clock
PASS: profile native advance accepts original authority and monotonic real clock
PASS: profile native advance accepts original authority and monotonic real clock
PASS: profile native advance accepts original authority and monotonic real clock
PASS: profile native advance accepts original authority and monotonic real clock
PASS: profile native advance accepts original authority and monotonic real clock
PASS: profile native advance accepts original authority and monotonic real clock
PASS: profile native advance accepts original authority and monotonic real clock
PASS: profile native advance accepts original authority and monotonic real clock
PASS: profile native advance accepts original authority and monotonic real clock
PASS: profile native advance accepts original authority and monotonic real clock
PASS: profile native advance accepts original authority and monotonic real clock
PASS: profile native advance accepts original authority and monotonic real clock
PASS: profile native advance accepts original authority and monotonic real clock
PASS: profile native advance accepts original authority and monotonic real clock
PASS: profile native advance accepts original authority and monotonic real clock
PASS: profile native advance accepts original authority and monotonic real clock
PASS: profile native advance accepts original authority and monotonic real clock
PASS: profile native advance accepts original authority and monotonic real clock
PASS: profile native advance accepts original authority and monotonic real clock
PASS: profile native advance accepts original authority and monotonic real clock
PASS: profile native advance accepts original authority and monotonic real clock
PASS: profile native advance accepts original authority and monotonic real clock
PASS: profile native advance accepts original authority and monotonic real clock
PASS: profile native advance accepts original authority and monotonic real clock
PASS: profile native advance accepts original authority and monotonic real clock
PASS: profile native advance accepts original authority and monotonic real clock
PASS: profile native advance accepts original authority and monotonic real clock
PASS: profile native advance accepts original authority and monotonic real clock
PASS: profile native advance accepts original authority and monotonic real clock
PASS: profile native advance accepts original authority and monotonic real clock
PASS: profile native advance accepts original authority and monotonic real clock
PASS: profile native advance accepts original authority and monotonic real clock
PASS: profile native advance accepts original authority and monotonic real clock
PASS: profile native advance accepts original authority and monotonic real clock
PASS: profile native advance accepts original authority and monotonic real clock
PASS: profile native advance accepts original authority and monotonic real clock
PASS: profile native advance accepts original authority and monotonic real clock
PASS: profile native advance accepts original authority and monotonic real clock
PASS: profile native advance accepts original authority and monotonic real clock
PASS: profile actually observes finite native warning/active/recovery execution
AUTHORED_ECHO_PROFILE_JSON {"actual_world_actions":[{"completed_at_s":0.933333333333335,"damage":0.0,"hits":0,"kind":"dash","started_at_s":0.750000000000001},{"completed_at_s":1.46666666666667,"damage":0.0,"hits":0,"kind":"dash","started_at_s":1.28333333333333},{"completed_at_s":1.55,"damage":20.0,"hits":1,"kind":"primary","started_at_s":1.55}],"admission_projection_bind_inclusive_us":247069,"advance_cost_summary_us":{"count":72,"inclusive_total_us":10738428,"max_us":431543,"mean_us":149144.833333333,"p50_us":135212,"p95_us":228953},"advance_phase_summary_us":{"active":{"count":14,"inclusive_total_us":2921890,"max_us":431543,"mean_us":208706.428571429,"p50_us":164174,"p95_us":431543},"lock":{"count":23,"inclusive_total_us":3273405,"max_us":164844,"mean_us":142321.956521739,"p50_us":139936,"p95_us":156415},"recovery":{"count":19,"inclusive_total_us":2526310,"max_us":158834,"mean_us":132963.684210526,"p50_us":126123,"p95_us":158834},"warning":{"count":16,"inclusive_total_us":2016823,"max_us":128601,"mean_us":126051.4375,"p50_us":125698,"p95_us":128601}},"advance_samples":[{"accepted":true,"automatic_native_tick":true,"clock_s":0.366666666666667,"event_count":0,"finish_us":1719774,"inclusive_us":125305,"phase":"warning","physics_frame":23,"process_frame":20,"start_us":1594469},{"accepted":true,"automatic_native_tick":true,"clock_s":0.383333333333333,"event_count":0,"finish_us":1856932,"inclusive_us":128601,"phase":"warning","physics_frame":24,"process_frame":20,"start_us":1728331},{"accepted":true,"automatic_native_tick":true,"clock_s":0.4,"event_count":0,"finish_us":1991806,"inclusive_us":126173,"phase":"warning","physics_frame":25,"process_frame":20,"start_us":1865633},{"accepted":true,"automatic_native_tick":true,"clock_s":0.416666666666667,"event_count":0,"finish_us":2126295,"inclusive_us":125646,"phase":"warning","physics_frame":26,"process_frame":20,"start_us":2000649},{"accepted":true,"automatic_native_tick":true,"clock_s":0.433333333333333,"event_count":0,"finish_us":2261848,"inclusive_us":126804,"phase":"warning","physics_frame":27,"process_frame":20,"start_us":2135044},{"accepted":true,"automatic_native_tick":true,"clock_s":0.45,"event_count":0,"finish_us":2396455,"inclusive_us":125808,"phase":"warning","physics_frame":28,"process_frame":20,"start_us":2270647},{"accepted":true,"automatic_native_tick":true,"clock_s":0.466666666666667,"event_count":0,"finish_us":2531029,"inclusive_us":125466,"phase":"warning","physics_frame":29,"process_frame":20,"start_us":2405563},{"accepted":true,"automatic_native_tick":true,"clock_s":0.483333333333333,"event_count":0,"finish_us":2664710,"inclusive_us":125026,"phase":"warning","physics_frame":30,"process_frame":20,"start_us":2539684},{"accepted":true,"automatic_native_tick":true,"clock_s":0.5,"event_count":0,"finish_us":2798980,"inclusive_us":125393,"phase":"warning","physics_frame":31,"process_frame":21,"start_us":2673587},{"accepted":true,"automatic_native_tick":true,"clock_s":0.516666666666667,"event_count":0,"finish_us":2933487,"inclusive_us":125698,"phase":"warning","physics_frame":32,"process_frame":21,"start_us":2807789},{"accepted":true,"automatic_native_tick":true,"clock_s":0.533333333333333,"event_count":0,"finish_us":3069237,"inclusive_us":127089,"phase":"warning","physics_frame":33,"process_frame":21,"start_us":2942148},{"accepted":true,"automatic_native_tick":true,"clock_s":0.55,"event_count":0,"finish_us":3204375,"inclusive_us":126537,"phase":"warning","physics_frame":34,"process_frame":21,"start_us":3077838},{"accepted":true,"automatic_native_tick":true,"clock_s":0.566666666666667,"event_count":0,"finish_us":3340793,"inclusive_us":127702,"phase":"warning","physics_frame":35,"process_frame":21,"start_us":3213091},{"accepted":true,"automatic_native_tick":true,"clock_s":0.583333333333333,"event_count":0,"finish_us":3475800,"inclusive_us":125472,"phase":"warning","physics_frame":36,"process_frame":21,"start_us":3350328},{"accepted":true,"automatic_native_tick":true,"clock_s":0.6,"event_count":0,"finish_us":3608758,"inclusive_us":124174,"phase":"warning","physics_frame":37,"process_frame":21,"start_us":3484584},{"accepted":true,"automatic_native_tick":true,"clock_s":0.616666666666667,"event_count":0,"finish_us":3743339,"inclusive_us":125929,"phase":"warning","physics_frame":38,"process_frame":21,"start_us":3617410},{"accepted":true,"automatic_native_tick":false,"clock_s":0.616666666666667,"event_count":0,"finish_us":3914761,"inclusive_us":128727,"phase":"lock","physics_frame":38,"process_frame":21,"start_us":3786034},{"accepted":true,"automatic_native_tick":true,"clock_s":0.633333333333334,"event_count":0,"finish_us":4056006,"inclusive_us":131988,"phase":"lock","physics_frame":39,"process_frame":22,"start_us":3924018},{"accepted":true,"automatic_native_tick":true,"clock_s":0.65,"event_count":0,"finish_us":4196223,"inclusive_us":131332,"phase":"lock","physics_frame":40,"process_frame":22,"start_us":4064891},{"accepted":true,"automatic_native_tick":true,"clock_s":0.666666666666667,"event_count":0,"finish_us":4337956,"inclusive_us":132498,"phase":"lock","physics_frame":41,"process_frame":22,"start_us":4205458},{"accepted":true,"automatic_native_tick":true,"clock_s":0.683333333333334,"event_count":0,"finish_us":4479276,"inclusive_us":132233,"phase":"lock","physics_frame":42,"process_frame":22,"start_us":4347043},{"accepted":true,"automatic_native_tick":true,"clock_s":0.700000000000001,"event_count":0,"finish_us":4623826,"inclusive_us":135428,"phase":"lock","physics_frame":43,"process_frame":22,"start_us":4488398},{"accepted":true,"automatic_native_tick":true,"clock_s":0.716666666666667,"event_count":0,"finish_us":4769598,"inclusive_us":136733,"phase":"lock","physics_frame":44,"process_frame":22,"start_us":4632865},{"accepted":true,"automatic_native_tick":true,"clock_s":0.733333333333334,"event_count":0,"finish_us":4910050,"inclusive_us":131539,"phase":"lock","physics_frame":45,"process_frame":22,"start_us":4778511},{"accepted":true,"automatic_native_tick":true,"clock_s":0.750000000000001,"event_count":0,"finish_us":5063680,"inclusive_us":143916,"phase":"lock","physics_frame":46,"process_frame":22,"start_us":4919764},{"accepted":true,"automatic_native_tick":true,"clock_s":0.766666666666667,"event_count":0,"finish_us":5222498,"inclusive_us":148439,"phase":"lock","physics_frame":47,"process_frame":23,"start_us":5074059},{"accepted":true,"automatic_native_tick":true,"clock_s":0.783333333333334,"event_count":0,"finish_us":5385416,"inclusive_us":151725,"phase":"lock","physics_frame":48,"process_frame":23,"start_us":5233691},{"accepted":true,"automatic_native_tick":true,"clock_s":0.800000000000001,"event_count":0,"finish_us":5543851,"inclusive_us":148145,"phase":"lock","physics_frame":49,"process_frame":23,"start_us":5395706},{"accepted":true,"automatic_native_tick":true,"clock_s":0.816666666666668,"event_count":0,"finish_us":5699128,"inclusive_us":144813,"phase":"lock","physics_frame":50,"process_frame":23,"start_us":5554315},{"accepted":true,"automatic_native_tick":true,"clock_s":0.833333333333334,"event_count":0,"finish_us":5874020,"inclusive_us":164844,"phase":"lock","physics_frame":51,"process_frame":23,"start_us":5709176},{"accepted":true,"automatic_native_tick":true,"clock_s":0.850000000000001,"event_count":0,"finish_us":6023211,"inclusive_us":139751,"phase":"lock","physics_frame":52,"process_frame":23,"start_us":5883460},{"accepted":true,"automatic_native_tick":true,"clock_s":0.866666666666668,"event_count":0,"finish_us":6173392,"inclusive_us":140631,"phase":"lock","physics_frame":53,"process_frame":23,"start_us":6032761},{"accepted":true,"automatic_native_tick":true,"clock_s":0.883333333333334,"event_count":0,"finish_us":6317707,"inclusive_us":135212,"phase":"lock","physics_frame":54,"process_frame":23,"start_us":6182495},{"accepted":true,"automatic_native_tick":true,"clock_s":0.900000000000001,"event_count":0,"finish_us":6482915,"inclusive_us":155903,"phase":"lock","physics_frame":55,"process_frame":24,"start_us":6327012},{"accepted":true,"automatic_native_tick":true,"clock_s":0.916666666666668,"event_count":0,"finish_us":6630161,"inclusive_us":136977,"phase":"lock","physics_frame":56,"process_frame":24,"start_us":6493184},{"accepted":true,"automatic_native_tick":true,"clock_s":0.933333333333335,"event_count":0,"finish_us":6780846,"inclusive_us":140896,"phase":"lock","physics_frame":57,"process_frame":24,"start_us":6639950},{"accepted":true,"automatic_native_tick":true,"clock_s":0.950000000000001,"event_count":0,"finish_us":6929680,"inclusive_us":139002,"phase":"lock","physics_frame":58,"process_frame":24,"start_us":6790678},{"accepted":true,"automatic_native_tick":true,"clock_s":0.966666666666668,"event_count":0,"finish_us":7078927,"inclusive_us":139936,"phase":"lock","physics_frame":59,"process_frame":24,"start_us":6938991},{"accepted":true,"automatic_native_tick":true,"clock_s":0.983333333333335,"event_count":0,"finish_us":7243717,"inclusive_us":155049,"phase":"lock","physics_frame":60,"process_frame":24,"start_us":7088668},{"accepted":true,"automatic_native_tick":true,"clock_s":1.0,"event_count":0,"finish_us":7411519,"inclusive_us":156415,"phase":"lock","physics_frame":61,"process_frame":24,"start_us":7255104},{"accepted":true,"automatic_native_tick":true,"clock_s":1.01666666666667,"event_count":0,"finish_us":7579976,"inclusive_us":157350,"phase":"active","physics_frame":62,"process_frame":24,"start_us":7422626},{"accepted":true,"automatic_native_tick":true,"clock_s":1.03333333333333,"event_count":0,"finish_us":7752080,"inclusive_us":160666,"phase":"active","physics_frame":63,"process_frame":25,"start_us":7591414},{"accepted":true,"automatic_native_tick":true,"clock_s":1.05,"event_count":0,"finish_us":7917387,"inclusive_us":154716,"phase":"active","physics_frame":64,"process_frame":25,"start_us":7762671},{"accepted":true,"automatic_native_tick":true,"clock_s":1.06666666666667,"event_count":0,"finish_us":8075206,"inclusive_us":147119,"phase":"active","physics_frame":65,"process_frame":25,"start_us":7928087},{"accepted":true,"automatic_native_tick":true,"clock_s":1.08333333333333,"event_count":0,"finish_us":8235201,"inclusive_us":150051,"phase":"active","physics_frame":66,"process_frame":25,"start_us":8085150},{"accepted":true,"automatic_native_tick":true,"clock_s":1.1,"event_count":0,"finish_us":8388985,"inclusive_us":143677,"phase":"active","physics_frame":67,"process_frame":25,"start_us":8245308},{"accepted":true,"automatic_native_tick":true,"clock_s":1.11666666666667,"event_count":0,"finish_us":8689006,"inclusive_us":289775,"phase":"active","physics_frame":68,"process_frame":25,"start_us":8399231},{"accepted":true,"automatic_native_tick":true,"clock_s":1.13333333333333,"event_count":0,"finish_us":8997895,"inclusive_us":282338,"phase":"active","physics_frame":69,"process_frame":25,"start_us":8715557},{"accepted":true,"automatic_native_tick":true,"clock_s":1.15,"event_count":0,"finish_us":9244364,"inclusive_us":228953,"phase":"active","physics_frame":70,"process_frame":25,"start_us":9015411},{"accepted":true,"automatic_native_tick":true,"clock_s":1.16666666666667,"event_count":0,"finish_us":9477903,"inclusive_us":216911,"phase":"active","physics_frame":71,"process_frame":26,"start_us":9260992},{"accepted":true,"automatic_native_tick":true,"clock_s":1.18333333333333,"event_count":0,"finish_us":9714784,"inclusive_us":219669,"phase":"active","physics_frame":72,"process_frame":26,"start_us":9495115},{"accepted":true,"automatic_native_tick":true,"clock_s":1.2,"event_count":1,"finish_us":10161016,"inclusive_us":431543,"phase":"active","physics_frame":73,"process_frame":26,"start_us":9729473},{"accepted":true,"automatic_native_tick":true,"clock_s":1.21666666666667,"event_count":0,"finish_us":10347897,"inclusive_us":174948,"phase":"active","physics_frame":74,"process_frame":26,"start_us":10172949},{"accepted":true,"automatic_native_tick":true,"clock_s":1.23333333333333,"event_count":0,"finish_us":10525864,"inclusive_us":164174,"phase":"active","physics_frame":75,"process_frame":26,"start_us":10361690},{"accepted":true,"automatic_native_tick":true,"clock_s":1.25,"event_count":0,"finish_us":10696114,"inclusive_us":158834,"phase":"recovery","physics_frame":76,"process_frame":26,"start_us":10537280},{"accepted":true,"automatic_native_tick":true,"clock_s":1.26666666666667,"event_count":0,"finish_us":10865278,"inclusive_us":158389,"phase":"recovery","physics_frame":77,"process_frame":26,"start_us":10706889},{"accepted":true,"automatic_native_tick":true,"clock_s":1.28333333333333,"event_count":0,"finish_us":11033766,"inclusive_us":157289,"phase":"recovery","physics_frame":78,"process_frame":26,"start_us":10876477},{"accepted":true,"automatic_native_tick":true,"clock_s":1.3,"event_count":0,"finish_us":11196365,"inclusive_us":151167,"phase":"recovery","physics_frame":79,"process_frame":27,"start_us":11045198},{"accepted":true,"automatic_native_tick":true,"clock_s":1.31666666666667,"event_count":0,"finish_us":11344477,"inclusive_us":138066,"phase":"recovery","physics_frame":80,"process_frame":27,"start_us":11206411},{"accepted":true,"automatic_native_tick":true,"clock_s":1.33333333333333,"event_count":0,"finish_us":11485083,"inclusive_us":131259,"phase":"recovery","physics_frame":81,"process_frame":27,"start_us":11353824},{"accepted":true,"automatic_native_tick":true,"clock_s":1.35,"event_count":0,"finish_us":11621813,"inclusive_us":127811,"phase":"recovery","physics_frame":82,"process_frame":27,"start_us":11494002},{"accepted":true,"automatic_native_tick":true,"clock_s":1.36666666666667,"event_count":0,"finish_us":11754817,"inclusive_us":124315,"phase":"recovery","physics_frame":83,"process_frame":27,"start_us":11630502},{"accepted":true,"automatic_native_tick":true,"clock_s":1.38333333333333,"event_count":0,"finish_us":11887763,"inclusive_us":124404,"phase":"recovery","physics_frame":84,"process_frame":27,"start_us":11763359},{"accepted":true,"automatic_native_tick":true,"clock_s":1.4,"event_count":0,"finish_us":12021940,"inclusive_us":125551,"phase":"recovery","physics_frame":85,"process_frame":27,"start_us":11896389},{"accepted":true,"automatic_native_tick":true,"clock_s":1.41666666666667,"event_count":0,"finish_us":12159024,"inclusive_us":128202,"phase":"recovery","physics_frame":86,"process_frame":27,"start_us":12030822},{"accepted":true,"automatic_native_tick":true,"clock_s":1.43333333333333,"event_count":0,"finish_us":12294435,"inclusive_us":126741,"phase":"recovery","physics_frame":87,"process_frame":28,"start_us":12167694},{"accepted":true,"automatic_native_tick":true,"clock_s":1.45,"event_count":0,"finish_us":12427761,"inclusive_us":124671,"phase":"recovery","physics_frame":88,"process_frame":28,"start_us":12303090},{"accepted":true,"automatic_native_tick":true,"clock_s":1.46666666666667,"event_count":0,"finish_us":12560475,"inclusive_us":124034,"phase":"recovery","physics_frame":89,"process_frame":28,"start_us":12436441},{"accepted":true,"automatic_native_tick":true,"clock_s":1.48333333333333,"event_count":0,"finish_us":12695156,"inclusive_us":126123,"phase":"recovery","physics_frame":90,"process_frame":28,"start_us":12569033},{"accepted":true,"automatic_native_tick":true,"clock_s":1.5,"event_count":0,"finish_us":12829068,"inclusive_us":124797,"phase":"recovery","physics_frame":91,"process_frame":28,"start_us":12704271},{"accepted":true,"automatic_native_tick":true,"clock_s":1.51666666666667,"event_count":0,"finish_us":12962828,"inclusive_us":124954,"phase":"recovery","physics_frame":92,"process_frame":28,"start_us":12837874},{"accepted":true,"automatic_native_tick":true,"clock_s":1.53333333333333,"event_count":0,"finish_us":13095861,"inclusive_us":124440,"phase":"recovery","physics_frame":93,"process_frame":28,"start_us":12971421},{"accepted":true,"automatic_native_tick":true,"clock_s":1.55,"event_count":0,"finish_us":13229731,"inclusive_us":125263,"phase":"recovery","physics_frame":94,"process_frame":28,"start_us":13104468}],"api_revision":"test-only-authored-echo-performance-1","automatic_native_advances":72,"display_driver":"headless","engine":{"build":"official","hash":"ed1daf0bf001b61586d9930840f2f1394092c079","hex":263938,"major":4,"minor":7,"patch":2,"status":"stable","string":"4.7.2-stable (official)","timestamp":0},"limitations":"Instrumented one-Box native source first cycle with EXACT real Scheduler; advance end timestamps exclude appended sample bookkeeping. Cycle wall elapsed includes separately reported direct fixed-clock probes, admission/projection/bind, native loop waits and other observer overhead; probe costs are not nested production call counts. Not actual authored A3-L3, production 16-visual art, portrait review, FPS, CPU monitor percentiles, sustained performance or a latency acceptance threshold. No guards or contact/proof authority bypassed.","native_output":[540,1170],"native_phases_observed":["warning","lock","active","recovery"],"physics_ticks_per_second":60,"required_native_visuals":1,"separate_fixed_clock_guard_probes":[{"accepted":true,"call":"replay_reservation_error","clock_after_s":0.35,"error":"","finish_us":1544600,"fixed_clock_s":0.35,"inclusive_us":8501,"repetition":0,"scope":"separate_pure_probe_not_nested_native_advance","start_us":1536099},{"accepted":true,"call":"authored_replay_source_error","clock_after_s":0.35,"error":"","finish_us":1552797,"fixed_clock_s":0.35,"inclusive_us":8179,"repetition":0,"scope":"separate_pure_probe_not_nested_native_advance","start_us":1544618},{"accepted":true,"call":"replay_reservation_error","clock_after_s":0.35,"error":"","finish_us":1561217,"fixed_clock_s":0.35,"inclusive_us":8393,"repetition":1,"scope":"separate_pure_probe_not_nested_native_advance","start_us":1552824},{"accepted":true,"call":"authored_replay_source_error","clock_after_s":0.35,"error":"","finish_us":1569163,"fixed_clock_s":0.35,"inclusive_us":7932,"repetition":1,"scope":"separate_pure_probe_not_nested_native_advance","start_us":1561231},{"accepted":true,"call":"replay_reservation_error","clock_after_s":0.35,"error":"","finish_us":1577842,"fixed_clock_s":0.35,"inclusive_us":8664,"repetition":2,"scope":"separate_pure_probe_not_nested_native_advance","start_us":1569178},{"accepted":true,"call":"authored_replay_source_error","clock_after_s":0.35,"error":"","finish_us":1585903,"fixed_clock_s":0.35,"inclusive_us":8042,"repetition":2,"scope":"separate_pure_probe_not_nested_native_advance","start_us":1577861}],"separate_fixed_clock_probe_elapsed_us":49823,"simulation_elapsed_s":1.2,"simulation_finish_s":1.55,"simulation_start_s":0.35,"viewport_size":[270,585],"wall_elapsed_us":11953533,"wall_finish_us":13242541,"wall_start_us":1289008}
Authored echo performance smoke: 100 checks, 0 failures; native-only first-cycle measurement
XR: Clearing primary interface
XR: Removed interface "Native mobile"
XR: Removed interface "OpenXR"
