Godot Engine v4.7.2.stable.official.ed1daf0bf - https://godotengine.org

PASS: actual Scheduler selects a fresh raw Standard encounter
PASS: TEST ONLY initial paused empty-ammo seed retains coherent actual actor
PASS: genuine shared Playback subclass owns immutable native definition, HP, visible mesh and fixed endpoint
PASS: own enemy configure_authored uses its actual source hooks: 
PASS: TEST ONLY pre-admission actual empty-ammo first tap executes a primary miss without spending ammo or changing source HP
PASS: actual exclusive stationary source receives complete live-body own-enemy witness: 
PASS: native required footprint derives from exact own source/world/floor program
PASS: projected owner binds exact actual exclusive Player without a capture gate: 
PASS: actual empty-ammo source-owned native renderer has no Player sprite, gear or capture loadouts
PASS: actual due lock revalidates full lead and current actual Player: 
PASS: own cursor consumes actual canonical lock without retiming or new proof
PASS: shared native touch/drag/release starts first_escape_dash with default gear
PASS: actual harmless apparition/hero travel changes no source pose or HP
PASS: shared native touch/drag/release starts tether_positioning_dash with default gear
PASS: actual harmless apparition/hero travel changes no source pose or HP
PASS: actual return reaches the living recovery knot inside ordinary primary range
PASS: ordinary shared first tap aims from the final swipe release and hits own source
PASS: two real dashes and one primary defeat the actual knot without ammo, movement damage or recursive capture
PASS: ordinary recovery primary spends no blast ammo; canonical regeneration after the zero-ammo entry remains intact
PASS: ordinary deferred paused whole native unit captures:  / 
PASS: ordinary actual isolated format2 write retains native exact types: 
PASS: ordinary actual disk transport preserves complete paired byte/type identity
PASS: actual source defeat retains original terminal tombstone/prefix and conservative cooldown
PASS: terminal own-enemy deadline mutation refuses exact original definition/profile/world/cooldown custody
PASS: terminal own-enemy world mutation refuses exact original definition/profile/world/cooldown custody
PASS: terminal own-enemy cooldown mutation refuses exact original definition/profile/world/cooldown custody
PASS: terminal own-enemy profile mutation refuses exact original definition/profile/world/cooldown custody
PASS: terminal own-enemy source_point mutation refuses exact original definition/profile/world/cooldown custody
PASS: terminal own-enemy opening_point mutation refuses exact original definition/profile/world/cooldown custody
PASS: terminal own-enemy generation mutation refuses exact original definition/profile/world/cooldown custody
PASS: TEST ONLY signed-zero control has actual native negative-zero bits despite numeric equality
PASS: TEST ONLY authored transport arm rejects genuine negative-zero origin even though numeric equality collapses it
PASS: TEST ONLY canonical positive-zero authored transport arm remains supported
PASS: actual Scheduler selects a fresh raw Standard encounter
PASS: genuine shared Playback subclass owns immutable native definition, HP, visible mesh and fixed endpoint
PASS: own enemy configure_authored uses its actual source hooks: 
PASS: fresh actual parent fully prevalidates Player/source/Scheduler/Playback before mutation: 
PASS: fresh Playback refuses commit before actual paired actor/Scheduler resources
PASS: quiet actual physical actor -> Scheduler -> Playback -> source phase commits exact saved unit with no damage/cue/action/death callbacks: /
PASS: fresh native whole restore neither heals resources nor restarts the source phase
PASS: fresh quiet defeated source has original HP/once-hit state and no duplicate events
PASS: restored defeated tombstone cannot restart the old own-enemy cycle
PASS: actual Scheduler selects a fresh raw Standard encounter
PASS: legal paused pre-encounter gear selects CLOTH-J1
PASS: legal paused pre-encounter gear selects CLOTH-P2
PASS: legal paused pre-encounter gear selects CLOTH-S2
PASS: legal paused pre-encounter gear selects WEAPON-04
PASS: TEST ONLY initial paused empty-ammo seed retains coherent actual actor
PASS: genuine shared Playback subclass owns immutable native definition, HP, visible mesh and fixed endpoint
PASS: own enemy configure_authored uses its actual source hooks: 
PASS: TEST ONLY pre-admission actual empty-ammo first tap executes a primary miss without spending ammo or changing source HP
PASS: actual exclusive stationary source receives complete live-body own-enemy witness: 
PASS: native required footprint derives from exact own source/world/floor program
PASS: projected owner binds exact actual exclusive Player without a capture gate: 
PASS: actual empty-ammo source-owned native renderer has no Player sprite, gear or capture loadouts
PASS: actual due lock revalidates full lead and current actual Player: 
PASS: own cursor consumes actual canonical lock without retiming or new proof
PASS: shared native touch/drag/release starts first_escape_dash with slow long-step gear
PASS: actual harmless apparition/hero travel changes no source pose or HP
PASS: shared native touch/drag/release starts tether_positioning_dash with slow long-step gear
PASS: actual harmless apparition/hero travel changes no source pose or HP
PASS: actual return reaches the living recovery knot inside ordinary primary range
PASS: ordinary shared first tap aims from the final swipe release and hits own source
PASS: two real dashes and one primary defeat the actual knot without ammo, movement damage or recursive capture
PASS: ordinary recovery primary spends no blast ammo; canonical regeneration after the zero-ammo entry remains intact
PASS: ordinary-extreme deferred paused whole native unit captures:  / 
PASS: ordinary-extreme actual isolated format2 write retains native exact types: 
PASS: ordinary-extreme actual disk transport preserves complete paired byte/type identity
PASS: actual source defeat retains original terminal tombstone/prefix and conservative cooldown
PASS: terminal own-enemy deadline mutation refuses exact original definition/profile/world/cooldown custody
PASS: terminal own-enemy world mutation refuses exact original definition/profile/world/cooldown custody
PASS: terminal own-enemy cooldown mutation refuses exact original definition/profile/world/cooldown custody
PASS: terminal own-enemy profile mutation refuses exact original definition/profile/world/cooldown custody
PASS: terminal own-enemy source_point mutation refuses exact original definition/profile/world/cooldown custody
PASS: terminal own-enemy opening_point mutation refuses exact original definition/profile/world/cooldown custody
PASS: terminal own-enemy generation mutation refuses exact original definition/profile/world/cooldown custody
PASS: TEST ONLY signed-zero control has actual native negative-zero bits despite numeric equality
PASS: TEST ONLY authored transport arm rejects genuine negative-zero origin even though numeric equality collapses it
PASS: TEST ONLY canonical positive-zero authored transport arm remains supported
PASS: actual Scheduler selects a fresh raw Standard encounter
PASS: genuine shared Playback subclass owns immutable native definition, HP, visible mesh and fixed endpoint
PASS: own enemy configure_authored uses its actual source hooks: 
PASS: fresh actual parent fully prevalidates Player/source/Scheduler/Playback before mutation: 
PASS: fresh Playback refuses commit before actual paired actor/Scheduler resources
PASS: quiet actual physical actor -> Scheduler -> Playback -> source phase commits exact saved unit with no damage/cue/action/death callbacks: /
PASS: fresh native whole restore neither heals resources nor restarts the source phase
PASS: fresh quiet defeated source has original HP/once-hit state and no duplicate events
PASS: restored defeated tombstone cannot restart the old own-enemy cycle
PASS: actual Scheduler selects a fresh raw Standard encounter
PASS: TEST ONLY initial paused empty-ammo seed retains coherent actual actor
PASS: genuine shared Playback subclass owns immutable native definition, HP, visible mesh and fixed endpoint
PASS: own enemy configure_authored uses its actual source hooks: 
PASS: actual exclusive stationary source receives complete live-body own-enemy witness: 
PASS: native required footprint derives from exact own source/world/floor program
PASS: projected owner binds exact actual exclusive Player without a capture gate: 
PASS: actual due lock revalidates full lead and current actual Player: 
PASS: own cursor consumes actual canonical lock without retiming or new proof
PASS: real ticks reach own harmless moving mesh while fixed HP owner and future slash remain separate
PASS: mid-route deferred paused whole native unit captures:  / 
PASS: mid-route actual isolated format2 write retains native exact types: 
PASS: mid-route actual disk transport preserves complete paired byte/type identity
PASS: negative-clock deferred paused whole native unit captures:  / 
PASS: negative-clock actual isolated format2 write retains native exact types: 
PASS: negative-clock actual disk transport preserves complete paired byte/type identity
PASS: malformed exact paired clock rejects before any native resources/clock/cursor mutation
PASS: negative-cycle deferred paused whole native unit captures:  / 
PASS: negative-cycle actual isolated format2 write retains native exact types: 
PASS: negative-cycle actual disk transport preserves complete paired byte/type identity
PASS: malformed exact paired cycle rejects before any native resources/clock/cursor mutation
PASS: negative-source deferred paused whole native unit captures:  / 
PASS: negative-source actual isolated format2 write retains native exact types: 
PASS: negative-source actual disk transport preserves complete paired byte/type identity
PASS: malformed exact paired source rejects before any native resources/clock/cursor mutation
PASS: negative-definition deferred paused whole native unit captures:  / 
PASS: negative-definition actual isolated format2 write retains native exact types: 
PASS: negative-definition actual disk transport preserves complete paired byte/type identity
PASS: malformed exact paired definition rejects before any native resources/clock/cursor mutation
PASS: negative-hp deferred paused whole native unit captures:  / 
PASS: negative-hp actual isolated format2 write retains native exact types: 
PASS: negative-hp actual disk transport preserves complete paired byte/type identity
PASS: malformed exact paired hp rejects before any native resources/clock/cursor mutation
PASS: negative-native deferred paused whole native unit captures:  / 
PASS: negative-native actual isolated format2 write retains native exact types: 
PASS: negative-native actual disk transport preserves complete paired byte/type identity
PASS: malformed exact paired native rejects before any native resources/clock/cursor mutation
PASS: negative-position deferred paused whole native unit captures:  / 
PASS: negative-position actual isolated format2 write retains native exact types: 
PASS: negative-position actual disk transport preserves complete paired byte/type identity
PASS: malformed exact paired position rejects before any native resources/clock/cursor mutation
PASS: negative-unknown deferred paused whole native unit captures:  / 
PASS: negative-unknown actual isolated format2 write retains native exact types: 
PASS: negative-unknown actual disk transport preserves complete paired byte/type identity
PASS: malformed exact paired unknown rejects before any native resources/clock/cursor mutation
PASS: negative-pending deferred paused whole native unit captures:  / 
PASS: negative-pending actual isolated format2 write retains native exact types: 
PASS: negative-pending actual disk transport preserves complete paired byte/type identity
PASS: malformed exact paired pending rejects before any native resources/clock/cursor mutation
PASS: negative-origin deferred paused whole native unit captures:  / 
PASS: negative-origin actual isolated format2 write retains native exact types: 
PASS: negative-origin actual disk transport preserves complete paired byte/type identity
PASS: malformed exact paired origin rejects before any native resources/clock/cursor mutation
PASS: native source codec rejects a live caller proxy without querying foreign hooks
PASS: native source commit rejects live foreign handles before writing caller properties
PASS: native source codec rejects a genuinely freed source handle before cast/access
PASS: native source commit rejects genuinely freed handles before property mutation
PASS: actual Scheduler selects a fresh raw Standard encounter
PASS: genuine shared Playback subclass owns immutable native definition, HP, visible mesh and fixed endpoint
PASS: own enemy configure_authored uses its actual source hooks: 
PASS: fresh actual parent fully prevalidates Player/source/Scheduler/Playback before mutation: 
PASS: fresh Playback refuses commit before actual paired actor/Scheduler resources
PASS: quiet actual physical actor -> Scheduler -> Playback -> source phase commits exact saved unit with no damage/cue/action/death callbacks: /
PASS: fresh native whole restore neither heals resources nor restarts the source phase
PASS: quiet whole fresh world reconstructs exact native mesh foot pivot/facing/action/progress and fixed source
PASS: paused-copy deferred paused whole native unit captures:  / 
PASS: paused-copy actual isolated format2 write retains native exact types: 
PASS: paused-copy actual disk transport preserves complete paired byte/type identity
PASS: paused-copy-2 deferred paused whole native unit captures:  / 
PASS: paused-copy-2 actual isolated format2 write retains native exact types: 
PASS: paused-copy-2 actual disk transport preserves complete paired byte/type identity
PASS: paused fresh actor/Scheduler/Playback/cue resources remain coherent and clocks do not advance
PASS: fresh mid-route continuation dispatches one real cone contact, not dash damage
PASS: actual Scheduler selects a fresh raw Standard encounter
PASS: TEST ONLY initial paused empty-ammo seed retains coherent actual actor
PASS: genuine shared Playback subclass owns immutable native definition, HP, visible mesh and fixed endpoint
PASS: own enemy configure_authored uses its actual source hooks: 
PASS: actual exclusive stationary source receives complete live-body own-enemy witness: 
PASS: native required footprint derives from exact own source/world/floor program
PASS: projected owner binds exact actual exclusive Player without a capture gate: 
PASS: actual due lock revalidates full lead and current actual Player: 
PASS: own cursor consumes actual canonical lock without retiming or new proof
PASS: held real active cue starts an actual unfinished Player dash
PASS: cue genuine native observer holds the original dispatch boundary
PASS: held-cue deferred paused whole native unit captures:  / 
PASS: held-cue actual isolated format2 write retains native exact types: 
PASS: held-cue actual disk transport preserves complete paired byte/type identity
PASS: projected pending transport retains original accepted contact/time before actual damage, with unfinished dash
PASS: actual Scheduler selects a fresh raw Standard encounter
PASS: genuine shared Playback subclass owns immutable native definition, HP, visible mesh and fixed endpoint
PASS: own enemy configure_authored uses its actual source hooks: 
PASS: fresh actual parent fully prevalidates Player/source/Scheduler/Playback before mutation: 
PASS: fresh Playback refuses commit before actual paired actor/Scheduler resources
PASS: quiet actual physical actor -> Scheduler -> Playback -> source phase commits exact saved unit with no damage/cue/action/death callbacks: /
PASS: fresh native whole restore neither heals resources nor restarts the source phase
PASS: cue fresh native renderer reconstructs actual last presented pose, not an unpresented cursor proxy
PASS: cue actual first resumed physics tick drains only undelivered prefix; invulnerable dash/death/consumed hit cannot duplicate HP
PASS: accepted original contact survives resumed actual movement with exact original receipt clocks
PASS: actual Scheduler selects a fresh raw Standard encounter
PASS: TEST ONLY initial paused empty-ammo seed retains coherent actual actor
PASS: genuine shared Playback subclass owns immutable native definition, HP, visible mesh and fixed endpoint
PASS: own enemy configure_authored uses its actual source hooks: 
PASS: actual exclusive stationary source receives complete live-body own-enemy witness: 
PASS: native required footprint derives from exact own source/world/floor program
PASS: projected owner binds exact actual exclusive Player without a capture gate: 
PASS: actual due lock revalidates full lead and current actual Player: 
PASS: own cursor consumes actual canonical lock without retiming or new proof
PASS: nested actual event observer cannot duplicate its once-only prefix
PASS: event genuine native observer holds the original dispatch boundary
PASS: held-event deferred paused whole native unit captures:  / 
PASS: held-event actual isolated format2 write retains native exact types: 
PASS: held-event actual disk transport preserves complete paired byte/type identity
PASS: held event observer has already consumed original damage and notification before its remaining visual/state boundary
PASS: actual Scheduler selects a fresh raw Standard encounter
PASS: genuine shared Playback subclass owns immutable native definition, HP, visible mesh and fixed endpoint
PASS: own enemy configure_authored uses its actual source hooks: 
PASS: fresh actual parent fully prevalidates Player/source/Scheduler/Playback before mutation: 
PASS: fresh Playback refuses commit before actual paired actor/Scheduler resources
PASS: quiet actual physical actor -> Scheduler -> Playback -> source phase commits exact saved unit with no damage/cue/action/death callbacks: /
PASS: fresh native whole restore neither heals resources nor restarts the source phase
PASS: event fresh native renderer reconstructs actual last presented pose, not an unpresented cursor proxy
PASS: event actual first resumed physics tick drains only undelivered prefix; invulnerable dash/death/consumed hit cannot duplicate HP
PASS: actual Scheduler selects a fresh raw Standard encounter
PASS: TEST ONLY initial paused empty-ammo seed retains coherent actual actor
PASS: genuine shared Playback subclass owns immutable native definition, HP, visible mesh and fixed endpoint
PASS: own enemy configure_authored uses its actual source hooks: 
PASS: actual exclusive stationary source receives complete live-body own-enemy witness: 
PASS: native required footprint derives from exact own source/world/floor program
PASS: projected owner binds exact actual exclusive Player without a capture gate: 
PASS: actual due lock revalidates full lead and current actual Player: 
PASS: own cursor consumes actual canonical lock without retiming or new proof
PASS: nested actual event observer cannot duplicate its once-only prefix
PASS: state genuine native observer holds the original dispatch boundary
PASS: held-state deferred paused whole native unit captures:  / 
PASS: held-state actual isolated format2 write retains native exact types: 
PASS: held-state actual disk transport preserves complete paired byte/type identity
PASS: held state observer has already consumed original damage and notification before its remaining visual/state boundary
PASS: actual Scheduler selects a fresh raw Standard encounter
PASS: genuine shared Playback subclass owns immutable native definition, HP, visible mesh and fixed endpoint
PASS: own enemy configure_authored uses its actual source hooks: 
PASS: fresh actual parent fully prevalidates Player/source/Scheduler/Playback before mutation: 
PASS: fresh Playback refuses commit before actual paired actor/Scheduler resources
PASS: quiet actual physical actor -> Scheduler -> Playback -> source phase commits exact saved unit with no damage/cue/action/death callbacks: /
PASS: fresh native whole restore neither heals resources nor restarts the source phase
PASS: state fresh native renderer reconstructs actual last presented pose, not an unpresented cursor proxy
PASS: state actual first resumed physics tick drains only undelivered prefix; invulnerable dash/death/consumed hit cannot duplicate HP
PASS: actual Scheduler selects a fresh raw Standard encounter
PASS: TEST ONLY initial paused empty-ammo seed retains coherent actual actor
PASS: genuine shared Playback subclass owns immutable native definition, HP, visible mesh and fixed endpoint
PASS: own enemy configure_authored uses its actual source hooks: 
PASS: actual exclusive stationary source receives complete live-body own-enemy witness: 
PASS: native required footprint derives from exact own source/world/floor program
PASS: projected owner binds exact actual exclusive Player without a capture gate: 
PASS: actual due lock revalidates full lead and current actual Player: 
PASS: own cursor consumes actual canonical lock without retiming or new proof
PASS: cue_death genuine native observer holds the original dispatch boundary
PASS: held-cue_death deferred paused whole native unit captures:  / 
PASS: held-cue_death actual isolated format2 write retains native exact types: 
PASS: held-cue_death actual disk transport preserves complete paired byte/type identity
PASS: real active observer death cancels remaining damage without replaying the committed original contact
PASS: actual Scheduler selects a fresh raw Standard encounter
PASS: genuine shared Playback subclass owns immutable native definition, HP, visible mesh and fixed endpoint
PASS: own enemy configure_authored uses its actual source hooks: 
PASS: fresh actual parent fully prevalidates Player/source/Scheduler/Playback before mutation: 
PASS: fresh Playback refuses commit before actual paired actor/Scheduler resources
PASS: quiet actual physical actor -> Scheduler -> Playback -> source phase commits exact saved unit with no damage/cue/action/death callbacks: /
PASS: fresh native whole restore neither heals resources nor restarts the source phase
PASS: cue_death fresh native renderer reconstructs actual last presented pose, not an unpresented cursor proxy
PASS: cue_death actual first resumed physics tick drains only undelivered prefix; invulnerable dash/death/consumed hit cannot duplicate HP
PASS: actual Scheduler selects a fresh raw Standard encounter
PASS: TEST ONLY initial paused empty-ammo seed retains coherent actual actor
PASS: genuine shared Playback subclass owns immutable native definition, HP, visible mesh and fixed endpoint
PASS: own enemy configure_authored uses its actual source hooks: 
PASS: actual exclusive stationary source receives complete live-body own-enemy witness: 
PASS: native required footprint derives from exact own source/world/floor program
PASS: projected owner binds exact actual exclusive Player without a capture gate: 
PASS: actual due lock revalidates full lead and current actual Player: 
PASS: own cursor consumes actual canonical lock without retiming or new proof
PASS: hidden live pending writer rejects lost actual renderer authority purely
PASS: hidden native renderer loss cancels without historical damage or fresh cooldown grant
PASS: actual Scheduler selects a fresh raw Standard encounter
PASS: TEST ONLY initial paused empty-ammo seed retains coherent actual actor
PASS: genuine shared Playback subclass owns immutable native definition, HP, visible mesh and fixed endpoint
PASS: own enemy configure_authored uses its actual source hooks: 
PASS: actual exclusive stationary source receives complete live-body own-enemy witness: 
PASS: native required footprint derives from exact own source/world/floor program
PASS: projected owner binds exact actual exclusive Player without a capture gate: 
PASS: actual due lock revalidates full lead and current actual Player: 
PASS: own cursor consumes actual canonical lock without retiming or new proof
PASS: freed live pending writer rejects lost actual renderer authority purely
PASS: freed native renderer loss cancels without historical damage or fresh cooldown grant
PASS: actual Scheduler selects a fresh raw Standard encounter
PASS: TEST ONLY initial paused empty-ammo seed retains coherent actual actor
PASS: genuine shared Playback subclass owns immutable native definition, HP, visible mesh and fixed endpoint
PASS: own enemy configure_authored uses its actual source hooks: 
PASS: actual exclusive stationary source receives complete live-body own-enemy witness: 
PASS: native required footprint derives from exact own source/world/floor program
PASS: projected owner binds exact actual exclusive Player without a capture gate: 
PASS: actual due lock revalidates full lead and current actual Player: 
PASS: own cursor consumes actual canonical lock without retiming or new proof
PASS: replaced live pending writer rejects lost actual renderer authority purely
PASS: replaced native renderer loss cancels without historical damage or fresh cooldown grant
PASS: actual Scheduler selects a fresh raw Standard encounter
PASS: TEST ONLY initial paused empty-ammo seed retains coherent actual actor
PASS: genuine shared Playback subclass owns immutable native definition, HP, visible mesh and fixed endpoint
PASS: own enemy configure_authored uses its actual source hooks: 
PASS: actual exclusive stationary source receives complete live-body own-enemy witness: 
PASS: native required footprint derives from exact own source/world/floor program
PASS: projected owner binds exact actual exclusive Player without a capture gate: 
PASS: actual due lock revalidates full lead and current actual Player: 
PASS: own cursor consumes actual canonical lock without retiming or new proof
PASS: actual renderer-hook cancel cancels once with retained cooldown and cannot reopen a later active cue
PASS: renderer-hook cancel settles actual native terminal idle after the outer hook unlocks
PASS: actual Scheduler selects a fresh raw Standard encounter
PASS: TEST ONLY initial paused empty-ammo seed retains coherent actual actor
PASS: genuine shared Playback subclass owns immutable native definition, HP, visible mesh and fixed endpoint
PASS: own enemy configure_authored uses its actual source hooks: 
PASS: actual exclusive stationary source receives complete live-body own-enemy witness: 
PASS: native required footprint derives from exact own source/world/floor program
PASS: projected owner binds exact actual exclusive Player without a capture gate: 
PASS: actual due lock revalidates full lead and current actual Player: 
PASS: own cursor consumes actual canonical lock without retiming or new proof
PASS: actual renderer-hook pause cancels once with retained cooldown and cannot reopen a later active cue
PASS: renderer-hook pause settles actual native terminal idle after the outer hook unlocks
Authored echo playback smoke: 312 checks, 0 failures; route_only=false
