Waiting for the shared Godot session to close…
Godot Engine v4.7.2.stable.official.ed1daf0bf - https://godotengine.org

PASS: capture arms at actual paused stable Player boundary
PASS: actual supported floor bindings have a finite capture signature
PASS: capture ingests actual contiguous dash
PASS: capture ingests actual contiguous primary
PASS: capture ingests actual contiguous blast
PASS: actual completed capture contains exactly sealed requested slots
PASS: actual capture completes against the same originally held immutable world
PASS: immutable Sequence derives its original event timetable: 
PASS: hole actual native world projects its original primary/blast: 
PASS: whole original Sequence/current world authenticates event mesh before cue binding
PASS: pure transaction prevalidation changes no cue, resource or diagnostic
PASS: explicit event bind silently stages native meshes while fresh/clear
PASS: bound clear exposes intact hidden nonnull native receipts before first present
PASS: clear projection retains real outline/fill plus empty source ArrayMesh, no null fallback
PASS: original fill triangles and all outer/hole contour edge ribbons stage inside accepted cells, without contour fan fill or seam outlines
PASS: actual floor hole has its distinct contour and zero native active fill coverage
PASS: projection_state returns an exact defensive event copy
PASS: original raw shape follows shared warning grammar with intact projected custody
PASS: phase changes preserve native projected fill/outline resource and bytes
PASS: encoded floor plane, actual source, raw logical shape and basis survive transformed parent
PASS: original raw shape follows shared lock grammar with intact projected custody
PASS: phase changes preserve native projected fill/outline resource and bytes
PASS: encoded floor plane, actual source, raw logical shape and basis survive transformed parent
PASS: original raw shape follows shared active grammar with intact projected custody
PASS: phase changes preserve native projected fill/outline resource and bytes
PASS: encoded floor plane, actual source, raw logical shape and basis survive transformed parent
PASS: original raw shape follows shared recovery grammar with intact projected custody
PASS: phase changes preserve native projected fill/outline resource and bytes
PASS: encoded floor plane, actual source, raw logical shape and basis survive transformed parent
PASS: idempotent projected phase keeps existing callback semantics
PASS: explicit clear retains intact hidden binding and publishes ordinary clear state once
PASS: explicit clear permits silent fresh binding without an ordinary downgrade
PASS: quiet signal blocking preserves exact projected native state without callbacks
PASS: projected mesh never rewrites original geometry/source/state or damage timing
PASS: pure transaction prevalidation changes no cue, resource or diagnostic
PASS: explicit event bind silently stages native meshes while fresh/clear
PASS: bound clear exposes intact hidden nonnull native receipts before first present
PASS: clear projection retains real outline/fill plus empty source ArrayMesh, no null fallback
PASS: original fill triangles and all outer/hole contour edge ribbons stage inside accepted cells, without contour fan fill or seam outlines
PASS: projection_state returns an exact defensive event copy
PASS: original raw shape follows shared warning grammar with intact projected custody
PASS: phase changes preserve native projected fill/outline resource and bytes
PASS: encoded floor plane, actual source, raw logical shape and basis survive transformed parent
PASS: original raw shape follows shared lock grammar with intact projected custody
PASS: phase changes preserve native projected fill/outline resource and bytes
PASS: encoded floor plane, actual source, raw logical shape and basis survive transformed parent
PASS: original raw shape follows shared active grammar with intact projected custody
PASS: phase changes preserve native projected fill/outline resource and bytes
PASS: encoded floor plane, actual source, raw logical shape and basis survive transformed parent
PASS: original raw shape follows shared recovery grammar with intact projected custody
PASS: phase changes preserve native projected fill/outline resource and bytes
PASS: encoded floor plane, actual source, raw logical shape and basis survive transformed parent
PASS: idempotent projected phase keeps existing callback semantics
PASS: explicit clear retains intact hidden binding and publishes ordinary clear state once
PASS: explicit clear permits silent fresh binding without an ordinary downgrade
PASS: quiet signal blocking preserves exact projected native state without callbacks
PASS: projected mesh never rewrites original geometry/source/state or damage timing
PASS: all projection binding/guard/phase work leaves actual Player and Scheduler untouched
PASS: capture arms at actual paused stable Player boundary
PASS: actual supported floor bindings have a finite capture signature
PASS: capture ingests actual contiguous dash
PASS: capture ingests actual contiguous primary
PASS: capture ingests actual contiguous blast
PASS: actual completed capture contains exactly sealed requested slots
PASS: actual capture completes against the same originally held immutable world
PASS: immutable Sequence derives its original event timetable: 
PASS: wall actual native world projects its original primary/blast: 
PASS: whole original Sequence/current world authenticates event mesh before cue binding
PASS: pure transaction prevalidation changes no cue, resource or diagnostic
PASS: explicit event bind silently stages native meshes while fresh/clear
PASS: bound clear exposes intact hidden nonnull native receipts before first present
PASS: clear projection retains real outline/fill plus empty source ArrayMesh, no null fallback
PASS: original fill triangles and all outer/hole contour edge ribbons stage inside accepted cells, without contour fan fill or seam outlines
PASS: native fill excludes actual blocker shadow while preserving open off-shadow ground
PASS: all actual native converted fill/outline vertices retain original scenery LOS
PASS: projection_state returns an exact defensive event copy
PASS: original raw shape follows shared warning grammar with intact projected custody
PASS: phase changes preserve native projected fill/outline resource and bytes
PASS: encoded floor plane, actual source, raw logical shape and basis survive transformed parent
PASS: original raw shape follows shared lock grammar with intact projected custody
PASS: phase changes preserve native projected fill/outline resource and bytes
PASS: encoded floor plane, actual source, raw logical shape and basis survive transformed parent
PASS: original raw shape follows shared active grammar with intact projected custody
PASS: phase changes preserve native projected fill/outline resource and bytes
PASS: encoded floor plane, actual source, raw logical shape and basis survive transformed parent
PASS: original raw shape follows shared recovery grammar with intact projected custody
PASS: phase changes preserve native projected fill/outline resource and bytes
PASS: encoded floor plane, actual source, raw logical shape and basis survive transformed parent
PASS: idempotent projected phase keeps existing callback semantics
PASS: explicit clear retains intact hidden binding and publishes ordinary clear state once
PASS: explicit clear permits silent fresh binding without an ordinary downgrade
PASS: quiet signal blocking preserves exact projected native state without callbacks
PASS: projected mesh never rewrites original geometry/source/state or damage timing
PASS: pure transaction prevalidation changes no cue, resource or diagnostic
PASS: explicit event bind silently stages native meshes while fresh/clear
PASS: bound clear exposes intact hidden nonnull native receipts before first present
PASS: clear projection retains real outline/fill plus empty source ArrayMesh, no null fallback
PASS: original fill triangles and all outer/hole contour edge ribbons stage inside accepted cells, without contour fan fill or seam outlines
PASS: projection_state returns an exact defensive event copy
PASS: original raw shape follows shared warning grammar with intact projected custody
PASS: phase changes preserve native projected fill/outline resource and bytes
PASS: encoded floor plane, actual source, raw logical shape and basis survive transformed parent
PASS: original raw shape follows shared lock grammar with intact projected custody
PASS: phase changes preserve native projected fill/outline resource and bytes
PASS: encoded floor plane, actual source, raw logical shape and basis survive transformed parent
PASS: original raw shape follows shared active grammar with intact projected custody
PASS: phase changes preserve native projected fill/outline resource and bytes
PASS: encoded floor plane, actual source, raw logical shape and basis survive transformed parent
PASS: original raw shape follows shared recovery grammar with intact projected custody
PASS: phase changes preserve native projected fill/outline resource and bytes
PASS: encoded floor plane, actual source, raw logical shape and basis survive transformed parent
PASS: idempotent projected phase keeps existing callback semantics
PASS: explicit clear retains intact hidden binding and publishes ordinary clear state once
PASS: explicit clear permits silent fresh binding without an ordinary downgrade
PASS: quiet signal blocking preserves exact projected native state without callbacks
PASS: projected mesh never rewrites original geometry/source/state or damage timing
PASS: all projection binding/guard/phase work leaves actual Player and Scheduler untouched
PASS: capture arms at actual paused stable Player boundary
PASS: actual supported floor bindings have a finite capture signature
PASS: capture ingests actual contiguous dash
PASS: capture ingests actual contiguous primary
PASS: actual completed capture contains exactly sealed requested slots
PASS: actual capture completes against the same originally held immutable world
PASS: immutable Sequence derives its original event timetable: 
PASS: actual completed one-slot attack supplies custody event
PASS: unready projected binding rejects without receipts
PASS: malformed/cyclic/object/nonfinite record or mesh preflight rejects purely
PASS: failed binding never partially projects or allocates an ordinary fallback
PASS: malformed/cyclic/object/nonfinite record or mesh preflight rejects purely
PASS: failed binding never partially projects or allocates an ordinary fallback
PASS: malformed/cyclic/object/nonfinite record or mesh preflight rejects purely
PASS: failed binding never partially projects or allocates an ordinary fallback
PASS: malformed/cyclic/object/nonfinite record or mesh preflight rejects purely
PASS: failed binding never partially projects or allocates an ordinary fallback
PASS: malformed/cyclic/object/nonfinite record or mesh preflight rejects purely
PASS: failed binding never partially projects or allocates an ordinary fallback
PASS: malformed/cyclic/object/nonfinite record or mesh preflight rejects purely
PASS: failed binding never partially projects or allocates an ordinary fallback
PASS: malformed/cyclic/object/nonfinite record or mesh preflight rejects purely
PASS: failed binding never partially projects or allocates an ordinary fallback
PASS: malformed/cyclic/object/nonfinite record or mesh preflight rejects purely
PASS: failed binding never partially projects or allocates an ordinary fallback
PASS: malformed/cyclic/object/nonfinite record or mesh preflight rejects purely
PASS: failed binding never partially projects or allocates an ordinary fallback
PASS: malformed/cyclic/object/nonfinite record or mesh preflight rejects purely
PASS: failed binding never partially projects or allocates an ordinary fallback
PASS: malformed/cyclic/object/nonfinite record or mesh preflight rejects purely
PASS: failed binding never partially projects or allocates an ordinary fallback
PASS: malformed/cyclic/object/nonfinite record or mesh preflight rejects purely
PASS: failed binding never partially projects or allocates an ordinary fallback
PASS: actual native cue binds original event: 
PASS: one tagged float64 event bit rejects through pure expected-event guard
PASS: raw range mismatch rejects before first projected warning
PASS: source override cannot move original projected event
PASS: live phase prohibits rebinding without explicit clear
PASS: state callback preserves reentrant rejection and defensive state without changing order
PASS: actual native cue binds original event: 
PASS: outline_hidden starts actual intact projected active
PASS: outline_hidden actual native mutation rejects purely without changing state
PASS: outline_hidden later present cannot heal lost required receipt
PASS: outline_hidden cancellation latches broken custody instead of resetting authority
PASS: actual native cue binds original event: 
PASS: fill_hidden starts actual intact projected active
PASS: fill_hidden actual native mutation rejects purely without changing state
PASS: fill_hidden later present cannot heal lost required receipt
PASS: fill_hidden cancellation latches broken custody instead of resetting authority
PASS: actual native cue binds original event: 
PASS: source_hidden starts actual intact projected active
PASS: source_hidden actual native mutation rejects purely without changing state
PASS: source_hidden later present cannot heal lost required receipt
PASS: source_hidden cancellation latches broken custody instead of resetting authority
PASS: actual native cue binds original event: 
PASS: cue_hidden starts actual intact projected active
PASS: cue_hidden actual native mutation rejects purely without changing state
PASS: cue_hidden later present cannot heal lost required receipt
PASS: cue_hidden cancellation latches broken custody instead of resetting authority
PASS: actual native cue binds original event: 
PASS: parent_hidden starts actual intact projected active
PASS: parent_hidden actual native mutation rejects purely without changing state
PASS: parent_hidden later present cannot heal lost required receipt
PASS: parent_hidden cancellation latches broken custody instead of resetting authority
PASS: actual native cue binds original event: 
PASS: child_transform starts actual intact projected active
PASS: child_transform actual native mutation rejects purely without changing state
PASS: child_transform later present cannot heal lost required receipt
PASS: child_transform cancellation latches broken custody instead of resetting authority
PASS: actual native cue binds original event: 
PASS: cue_transform starts actual intact projected active
PASS: cue_transform actual native mutation rejects purely without changing state
PASS: cue_transform later present cannot heal lost required receipt
PASS: cue_transform cancellation latches broken custody instead of resetting authority
PASS: actual native cue binds original event: 
PASS: basis starts actual intact projected active
PASS: basis actual native mutation rejects purely without changing state
PASS: basis later present cannot heal lost required receipt
PASS: basis cancellation latches broken custody instead of resetting authority
PASS: actual native cue binds original event: 
PASS: mesh_replaced starts actual intact projected active
PASS: mesh_replaced actual native mutation rejects purely without changing state
PASS: mesh_replaced later present cannot heal lost required receipt
PASS: mesh_replaced cancellation latches broken custody instead of resetting authority
PASS: actual native cue binds original event: 
PASS: mesh_null starts actual intact projected active
PASS: mesh_null actual native mutation rejects purely without changing state
PASS: mesh_null later present cannot heal lost required receipt
PASS: mesh_null cancellation latches broken custody instead of resetting authority
PASS: actual native cue binds original event: 
PASS: vertex starts actual intact projected active
PASS: vertex actual native mutation rejects purely without changing state
PASS: vertex later present cannot heal lost required receipt
PASS: vertex cancellation latches broken custody instead of resetting authority
PASS: actual native cue binds original event: 
PASS: index starts actual intact projected active
PASS: index actual native mutation rejects purely without changing state
PASS: index later present cannot heal lost required receipt
PASS: index cancellation latches broken custody instead of resetting authority
PASS: actual native cue binds original event: 
PASS: lod starts actual intact projected active
PASS: LOD corruption actually reaches native surface storage with valid base indices
PASS: lod actual native mutation rejects purely without changing state
PASS: lod later present cannot heal lost required receipt
PASS: lod cancellation latches broken custody instead of resetting authority
PASS: actual native cue binds original event: 
PASS: shadow starts actual intact projected active
PASS: shadow actual native mutation rejects purely without changing state
PASS: shadow later present cannot heal lost required receipt
PASS: shadow cancellation latches broken custody instead of resetting authority
PASS: actual native cue binds original event: 
PASS: source_vertex starts actual intact projected active
PASS: source_vertex actual native mutation rejects purely without changing state
PASS: source_vertex later present cannot heal lost required receipt
PASS: source_vertex cancellation latches broken custody instead of resetting authority
PASS: actual native cue binds original event: 
PASS: material_replaced starts actual intact projected active
PASS: material_replaced actual native mutation rejects purely without changing state
PASS: material_replaced later present cannot heal lost required receipt
PASS: material_replaced cancellation latches broken custody instead of resetting authority
PASS: actual native cue binds original event: 
PASS: material_depth starts actual intact projected active
PASS: material_depth actual native mutation rejects purely without changing state
PASS: material_depth later present cannot heal lost required receipt
PASS: material_depth cancellation latches broken custody instead of resetting authority
PASS: actual native cue binds original event: 
PASS: material_color starts actual intact projected active
PASS: material_color actual native mutation rejects purely without changing state
PASS: material_color later present cannot heal lost required receipt
PASS: material_color cancellation latches broken custody instead of resetting authority
PASS: actual native cue binds original event: 
PASS: surface_override starts actual intact projected active
PASS: surface_override actual native mutation rejects purely without changing state
PASS: surface_override later present cannot heal lost required receipt
PASS: surface_override cancellation latches broken custody instead of resetting authority
PASS: actual native cue binds original event: 
PASS: child_replaced starts actual intact projected active
PASS: child_replaced actual native mutation rejects purely without changing state
PASS: child_replaced later present cannot heal lost required receipt
PASS: child_replaced cancellation latches broken custody instead of resetting authority
PASS: actual native cue binds original event: 
PASS: child_freed starts actual intact projected active
PASS: child_freed actual native mutation rejects purely without changing state
PASS: child_freed later present cannot heal lost required receipt
PASS: child_freed cancellation latches broken custody instead of resetting authority
PASS: actual native cue binds original event: 
PASS: parent_changed starts actual intact projected active
PASS: parent_changed actual native mutation rejects purely without changing state
PASS: parent_changed later present cannot heal lost required receipt
PASS: parent_changed cancellation latches broken custody instead of resetting authority
PASS: TEST ONLY structural empty event retains native empty mesh receipts, not null
PASS: intact empty native fill is distinguishable from missing required resource
PASS: caller-created empty clipping cannot pass actual whole-plan authentication
PASS: ordinary API1 cue behavior remains null clear and unprojected
PASS: capture arms at actual paused stable Player boundary
PASS: actual supported floor bindings have a finite capture signature
PASS: capture ingests actual contiguous dash
PASS: capture ingests actual contiguous primary
PASS: actual completed capture contains exactly sealed requested slots
PASS: actual capture completes against the same originally held immutable world
PASS: immutable Sequence derives its original event timetable: 
PASS: reference controls start with actual recorded action and authenticated native floor projection
PASS: canonical control has genuine finite native fill/contour data
PASS: canonical binds original validated native meshes silently, no new1MiB restriction
PASS: canonical original input/nested Array and record aliases cannot mutate retained event or private anchor
PASS: canonical mutable public projection_state/nested aliases remain independent defensive copies
PASS: canonical original canonical String-key equality ignores Dictionary insertion order
PASS: canonical typed container metadata remains absent from original tagged transport equality
PASS: canonical actual Box floor provides genuine float zero for copied-bit/type controls
PASS: canonical one-bit float refuses purely with original expected-event error precedence
PASS: canonical opposite signed zero refuses purely with original expected-event error precedence
PASS: canonical equal-number int versus float refuses purely with original expected-event error precedence
PASS: canonical StringName key alias refuses purely with original expected-event error precedence
PASS: canonical StringName scalar refuses purely with original expected-event error precedence
PASS: canonical native live Object refuses purely with original expected-event error precedence
PASS: canonical native freed Object refuses purely with original expected-event error precedence
PASS: canonical matched-width foreign cycle refuses purely with original expected-event error precedence
PASS: canonical overwide foreign shape refuses purely with original expected-event error precedence
PASS: canonical extra closed branch refuses purely with original expected-event error precedence
PASS: canonical oversized foreign String refuses purely with original expected-event error precedence
PASS: canonical nonfinite float refuses purely with original expected-event error precedence
PASS: canonical foreign failures do not latch, heal or alter genuine required phase authority
PASS: canonical working event mutation is independently rejected by unchanged storage error precedence
PASS: canonical working storage mutation cannot be healed by phase, clear or rebind
PASS: TEST ONLY repeated safe triangle has valid original Exact transport above1MiB within8MiB and Cue vertex bounds
PASS: large structural Cue receipt cannot masquerade as original whole-Footprint authentication
PASS: large structural control has genuine finite native fill/contour data
PASS: large structural binds original validated native meshes silently, no new1MiB restriction
PASS: large structural original input/nested Array and record aliases cannot mutate retained event or private anchor
PASS: large structural mutable public projection_state/nested aliases remain independent defensive copies
PASS: large structural original canonical String-key equality ignores Dictionary insertion order
PASS: large structural typed container metadata remains absent from original tagged transport equality
PASS: large structural actual Box floor provides genuine float zero for copied-bit/type controls
PASS: large structural one-bit float refuses purely with original expected-event error precedence
PASS: large structural opposite signed zero refuses purely with original expected-event error precedence
PASS: large structural equal-number int versus float refuses purely with original expected-event error precedence
PASS: large structural StringName key alias refuses purely with original expected-event error precedence
PASS: large structural StringName scalar refuses purely with original expected-event error precedence
PASS: large structural native live Object refuses purely with original expected-event error precedence
PASS: large structural native freed Object refuses purely with original expected-event error precedence
PASS: large structural matched-width foreign cycle refuses purely with original expected-event error precedence
PASS: large structural overwide foreign shape refuses purely with original expected-event error precedence
PASS: large structural extra closed branch refuses purely with original expected-event error precedence
PASS: large structural oversized foreign String refuses purely with original expected-event error precedence
PASS: large structural nonfinite float refuses purely with original expected-event error precedence
PASS: large structural foreign failures do not latch, heal or alter genuine required phase authority
PASS: large structural working event mutation is independently rejected by unchanged storage error precedence
PASS: large structural working storage mutation cannot be healed by phase, clear or rebind
Threat cue reference comparison smoke: 325 checks, 0 failures; native recorded controls plus labelled structural large transport
