Godot Engine v4.7.2.stable.official.ed1daf0bf - https://godotengine.org

SCRIPT ERROR: Parse Error: The member "Projection" cannot have the same name as a builtin type.
          at: GDScript::reload (res://scripts/acts/act3/mirror_echo_rule_room.gd:8)
          GDScript backtrace (most recent call first):
              [0] load_level_scene (res://scripts/game.gd:147)
              [1] _ready (res://scripts/game.gd:68)
              [2] _open (res://tests/acts/act3/mirror_echo_rule_room_smoke.gd:58)
              [3] _case (res://tests/acts/act3/mirror_echo_rule_room_smoke.gd:93)
              [4] _run (res://tests/acts/act3/mirror_echo_rule_room_smoke.gd:47)
SCRIPT ERROR: Parse Error: Cannot find member "floor_signature" in base "Projection".
          at: GDScript::reload (res://scripts/acts/act3/mirror_echo_rule_room.gd:122)
          GDScript backtrace (most recent call first):
              [0] load_level_scene (res://scripts/game.gd:147)
              [1] _ready (res://scripts/game.gd:68)
              [2] _open (res://tests/acts/act3/mirror_echo_rule_room_smoke.gd:58)
              [3] _case (res://tests/acts/act3/mirror_echo_rule_room_smoke.gd:93)
              [4] _run (res://tests/acts/act3/mirror_echo_rule_room_smoke.gd:47)
SCRIPT ERROR: Parse Error: Function "floor_signature()" not found in base Projection.
          at: GDScript::reload (res://scripts/acts/act3/mirror_echo_rule_room.gd:122)
          GDScript backtrace (most recent call first):
              [0] load_level_scene (res://scripts/game.gd:147)
              [1] _ready (res://scripts/game.gd:68)
              [2] _open (res://tests/acts/act3/mirror_echo_rule_room_smoke.gd:58)
              [3] _case (res://tests/acts/act3/mirror_echo_rule_room_smoke.gd:93)
              [4] _run (res://tests/acts/act3/mirror_echo_rule_room_smoke.gd:47)
SCRIPT ERROR: Parse Error: Cannot find member "plan_authored" in base "Projection".
          at: GDScript::reload (res://scripts/acts/act3/mirror_echo_rule_room.gd:180)
          GDScript backtrace (most recent call first):
              [0] load_level_scene (res://scripts/game.gd:147)
              [1] _ready (res://scripts/game.gd:68)
              [2] _open (res://tests/acts/act3/mirror_echo_rule_room_smoke.gd:58)
              [3] _case (res://tests/acts/act3/mirror_echo_rule_room_smoke.gd:93)
              [4] _run (res://tests/acts/act3/mirror_echo_rule_room_smoke.gd:47)
SCRIPT ERROR: Parse Error: Function "plan_authored()" not found in base Projection.
          at: GDScript::reload (res://scripts/acts/act3/mirror_echo_rule_room.gd:180)
          GDScript backtrace (most recent call first):
              [0] load_level_scene (res://scripts/game.gd:147)
              [1] _ready (res://scripts/game.gd:68)
              [2] _open (res://tests/acts/act3/mirror_echo_rule_room_smoke.gd:58)
              [3] _case (res://tests/acts/act3/mirror_echo_rule_room_smoke.gd:93)
              [4] _run (res://tests/acts/act3/mirror_echo_rule_room_smoke.gd:47)
ERROR: Failed to load script "res://scripts/acts/act3/mirror_echo_rule_room.gd" with error "Parse error".
   at: load (modules/gdscript/gdscript_resource_format.cpp:46)
   GDScript backtrace (most recent call first):
       [0] load_level_scene (res://scripts/game.gd:147)
       [1] _ready (res://scripts/game.gd:68)
       [2] _open (res://tests/acts/act3/mirror_echo_rule_room_smoke.gd:58)
       [3] _case (res://tests/acts/act3/mirror_echo_rule_room_smoke.gd:93)
       [4] _run (res://tests/acts/act3/mirror_echo_rule_room_smoke.gd:47)
ERROR: Level root must extend CinderLevel: res://scenes/acts/act3/a3_l3_echo_rule_room.tscn
   at: push_error (core/variant/variant_utility.cpp:1023)
   GDScript backtrace (most recent call first):
       [0] _ready (res://scripts/game.gd:69)
       [1] _open (res://tests/acts/act3/mirror_echo_rule_room_smoke.gd:58)
       [2] _case (res://tests/acts/act3/mirror_echo_rule_room_smoke.gd:93)
       [3] _run (res://tests/acts/act3/mirror_echo_rule_room_smoke.gd:47)
ERROR: FAIL: actual MainScene binds owned finite C52 room; level missing
   at: push_error (core/variant/variant_utility.cpp:1023)
   GDScript backtrace (most recent call first):
       [0] _expect (res://tests/acts/act3/mirror_echo_rule_room_smoke.gd:281)
       [1] _open (res://tests/acts/act3/mirror_echo_rule_room_smoke.gd:65)
       [2] _case (res://tests/acts/act3/mirror_echo_rule_room_smoke.gd:93)
       [3] _run (res://tests/acts/act3/mirror_echo_rule_room_smoke.gd:47)
