Godot Engine v4.7.2.stable.official.ed1daf0bf - https://godotengine.org

TEST ONLY B05 late transport: real native Standard/Heavy threshold and isolated Foot; representative component pending/dead/phase2/pair tuples, no earned whole-level checkpoint or playthrough
PASS: standard authors canonical Heavy before Hero entry
PASS: standard begins exactly one native encounter
PASS: standard binds actual ready Hero without a synthetic landing
PASS: standard configures actual persistent Ray and distinct Foot under one parent
PASS: actual Standard parent binds complete two-owner/one-floor transport scope
PASS: real source earns grounded native support before start
PASS: public start seeds actual first bait boundary
PASS: actual Ray native lock supplies original primary-only response proof
PASS: actual first-response dash starts inside allotted native interval with readiness
PASS: public native first-response dash accepts original proof direction
PASS: actual completed first-response landing is retained by the canonical bait cache
PASS: actual first-response dash starts inside allotted native interval with readiness
PASS: public native first-response dash accepts original proof direction
PASS: actual completed first-response landing is retained by the canonical bait cache
PASS: actual public first primary is reachable and its full cadence fits real recovery
PASS: one public Heavy primary exhausts only the actual first finite pool
PASS: real first Heavy hit yields strict pending15HP/spent source packet before phase commit
PASS: pending packet retains real capped threshold/cancelled Ray introduction and cannot invent Foot or phase notification
PASS: malformed pending flag preflight/source commit refuse atomically: B05 first pool retains its exact closed threshold
PASS: actual pending first brace full actual tuple exact typed JSON roundtrip
PASS: standard authors canonical Heavy before Hero entry
PASS: standard begins exactly one native encounter
PASS: standard binds actual ready Hero without a synthetic landing
PASS: standard configures actual persistent Ray and distinct Foot under one parent
PASS: actual pending first brace pure fresh same-call native preflight before first recipient physics
PASS: actual pending first brace actual fresh native identities remain pristine before commit
PASS: actual pending first brace full pure preflight precedes quiet repeat0
PASS: actual pending first brace restores full actual shared Player first
PASS: actual pending first brace commits exact Bait/Actor/spent-or-clear Joint after actual Player
PASS: actual pending first brace quietly commits the one complete native Scheduler
PASS: actual pending first brace commits both actual consumers and original bounded parent receipts
PASS: actual pending first brace exact repeated recapture emits no cue/action/damage/phase/progression callbacks
PASS: actual pending first brace full pure preflight precedes quiet repeat1
PASS: actual pending first brace restores full actual shared Player first
PASS: actual pending first brace commits exact Bait/Actor/spent-or-clear Joint after actual Player
PASS: actual pending first brace quietly commits the one complete native Scheduler
PASS: actual pending first brace commits both actual consumers and original bounded parent receipts
PASS: actual pending first brace exact repeated recapture emits no cue/action/damage/phase/progression callbacks
PASS: actual pending first brace held paused restore preserves notifications and native clocks exactly
PASS: public shared hurt creates real dead/pending/spent source tuple without repairing it at capture
PASS: fatal native barrier preserves original threshold/deadlines/history and closes both owners without notification
PASS: malformed dead available cue preflight/source commit refuse atomically: Pending/spent B05 brace cannot advertise a fresh available opening
PASS: actual dead pending brace full actual tuple exact typed JSON roundtrip
PASS: standard authors canonical Heavy before Hero entry
PASS: standard begins exactly one native encounter
PASS: standard binds actual ready Hero without a synthetic landing
PASS: standard configures actual persistent Ray and distinct Foot under one parent
PASS: actual dead pending brace pure fresh same-call native preflight before first recipient physics
PASS: actual dead pending brace actual fresh native identities remain pristine before commit
PASS: actual dead pending brace full pure preflight precedes quiet repeat0
PASS: actual dead pending brace restores full actual shared Player first
PASS: actual dead pending brace commits exact Bait/Actor/spent-or-clear Joint after actual Player
PASS: actual dead pending brace quietly commits the one complete native Scheduler
PASS: actual dead pending brace commits both actual consumers and original bounded parent receipts
PASS: actual dead pending brace exact repeated recapture emits no cue/action/damage/phase/progression callbacks
PASS: actual dead pending brace full pure preflight precedes quiet repeat1
PASS: actual dead pending brace restores full actual shared Player first
PASS: actual dead pending brace commits exact Bait/Actor/spent-or-clear Joint after actual Player
PASS: actual dead pending brace quietly commits the one complete native Scheduler
PASS: actual dead pending brace commits both actual consumers and original bounded parent receipts
PASS: actual dead pending brace exact repeated recapture emits no cue/action/damage/phase/progression callbacks
PASS: actual dead pending brace held paused restore preserves notifications and native clocks exactly
PASS: dead pending recipient cannot acknowledge or advance phase and remains exact
PASS: whole actual late-parent/controller/owners/cues/Scheduler world is freed
PASS: whole actual late-parent/controller/owners/cues/Scheduler world is freed
PASS: original pending source admits its exactly-once real isolated Foot introduction
PASS: standard selected actual proof explicitly contains escape, return and ordinary-primary hold
PASS: standard actual proof dash starts during its genuine allotted interval with native readiness
PASS: standard public native dash accepts actual proof direction
PASS: standard proof movement finishes as actual completed physical dash receipt in bound bait
PASS: standard actual proof dash starts during its genuine allotted interval with native readiness
PASS: standard public native dash accepts actual proof direction
PASS: standard proof movement finishes as actual completed physical dash receipt in bound bait
PASS: standard Foot proof hold leaves finite pending brace untouched
PASS: inherited actual public Foot escape/return completes without striking spent brace
PASS: priority120 observes actual earned phase commit before deferred eligibility delivery
PASS: strict phase2 pending-notification packet follows real first pool and natural Foot completion
PASS: phase commit drains actual cancelled Ray deadlines and naturally completed Foot recovery before notification
PASS: malformed erased notification preflight/source commit refuse atomically: Checkpoint stage retains its earned queued/delivered transaction
PASS: whole actual late-parent/controller/owners/cues/Scheduler world is freed
PASS: actual pending phase2 notification full actual tuple exact typed JSON roundtrip
PASS: standard authors canonical Heavy before Hero entry
PASS: standard begins exactly one native encounter
PASS: standard binds actual ready Hero without a synthetic landing
PASS: standard configures actual persistent Ray and distinct Foot under one parent
PASS: actual pending phase2 notification pure fresh same-call native preflight before first recipient physics
PASS: actual pending phase2 notification actual fresh native identities remain pristine before commit
PASS: actual pending phase2 notification full pure preflight precedes quiet repeat0
PASS: actual pending phase2 notification restores full actual shared Player first
PASS: actual pending phase2 notification commits exact Bait/Actor/spent-or-clear Joint after actual Player
PASS: actual pending phase2 notification quietly commits the one complete native Scheduler
PASS: actual pending phase2 notification commits both actual consumers and original bounded parent receipts
PASS: actual pending phase2 notification exact repeated recapture emits no cue/action/damage/phase/progression callbacks
PASS: actual pending phase2 notification full pure preflight precedes quiet repeat1
PASS: actual pending phase2 notification restores full actual shared Player first
PASS: actual pending phase2 notification commits exact Bait/Actor/spent-or-clear Joint after actual Player
PASS: actual pending phase2 notification quietly commits the one complete native Scheduler
PASS: actual pending phase2 notification commits both actual consumers and original bounded parent receipts
PASS: actual pending phase2 notification exact repeated recapture emits no cue/action/damage/phase/progression callbacks
PASS: actual pending phase2 notification held paused restore preserves notifications and native clocks exactly
PASS: paused pending recipient cannot acknowledge before genuine notification
PASS: restored pending transaction publishes exactly one genuine eligibility after public native resume
PASS: delivered packet records one eligibility with no clear/defeat event
PASS: notification delivery preserves original earned boundary/threshold/natural Foot receipts exactly
PASS: whole actual late-parent/controller/owners/cues/Scheduler world is freed
PASS: actual delivered phase2 boundary full actual tuple exact typed JSON roundtrip
PASS: standard authors canonical Heavy before Hero entry
PASS: standard begins exactly one native encounter
PASS: standard binds actual ready Hero without a synthetic landing
PASS: standard configures actual persistent Ray and distinct Foot under one parent
PASS: actual delivered phase2 boundary pure fresh same-call native preflight before first recipient physics
PASS: actual delivered phase2 boundary actual fresh native identities remain pristine before commit
PASS: actual delivered phase2 boundary full pure preflight precedes quiet repeat0
PASS: actual delivered phase2 boundary restores full actual shared Player first
PASS: actual delivered phase2 boundary commits exact Bait/Actor/spent-or-clear Joint after actual Player
PASS: actual delivered phase2 boundary quietly commits the one complete native Scheduler
PASS: actual delivered phase2 boundary commits both actual consumers and original bounded parent receipts
PASS: actual delivered phase2 boundary exact repeated recapture emits no cue/action/damage/phase/progression callbacks
PASS: actual delivered phase2 boundary full pure preflight precedes quiet repeat1
PASS: actual delivered phase2 boundary restores full actual shared Player first
PASS: actual delivered phase2 boundary commits exact Bait/Actor/spent-or-clear Joint after actual Player
PASS: actual delivered phase2 boundary quietly commits the one complete native Scheduler
PASS: actual delivered phase2 boundary commits both actual consumers and original bounded parent receipts
PASS: actual delivered phase2 boundary exact repeated recapture emits no cue/action/damage/phase/progression callbacks
PASS: actual delivered phase2 boundary held paused restore preserves notifications and native clocks exactly
PASS: restored delivered notification never replays during native resume
PASS: TEST ONLY component host acknowledgement resumes actual delivered phase2; no Shell checkpoint credit
PASS: actual phase2 Foot-first stagger and armed Ray earn first real combined native proof
PASS: strict late paired tuple contains both actual live cycles and original combined proof
PASS: portable combined proof preserves original both-window/full-primary-cadence guarantee
PASS: malformed copied pair deadline preflight/source commit refuse atomically: Original complete native role deadlines cannot drift
PASS: whole actual late-parent/controller/owners/cues/Scheduler world is freed
PASS: actual armed phase2 pair full actual tuple exact typed JSON roundtrip
PASS: standard authors canonical Heavy before Hero entry
PASS: standard begins exactly one native encounter
PASS: standard binds actual ready Hero without a synthetic landing
PASS: standard configures actual persistent Ray and distinct Foot under one parent
PASS: actual armed phase2 pair pure fresh same-call native preflight before first recipient physics
PASS: actual armed phase2 pair actual fresh native identities remain pristine before commit
PASS: actual armed phase2 pair full pure preflight precedes quiet repeat0
PASS: actual armed phase2 pair restores full actual shared Player first
PASS: actual armed phase2 pair commits exact Bait/Actor/spent-or-clear Joint after actual Player
PASS: actual armed phase2 pair quietly commits the one complete native Scheduler
PASS: actual armed phase2 pair commits both actual consumers and original bounded parent receipts
PASS: actual armed phase2 pair exact repeated recapture emits no cue/action/damage/phase/progression callbacks
PASS: actual armed phase2 pair full pure preflight precedes quiet repeat1
PASS: actual armed phase2 pair restores full actual shared Player first
PASS: actual armed phase2 pair commits exact Bait/Actor/spent-or-clear Joint after actual Player
PASS: actual armed phase2 pair quietly commits the one complete native Scheduler
PASS: actual armed phase2 pair commits both actual consumers and original bounded parent receipts
PASS: actual armed phase2 pair exact repeated recapture emits no cue/action/damage/phase/progression callbacks
PASS: actual armed phase2 pair held paused restore preserves notifications and native clocks exactly
PASS: quiet armed pair restoration retains earned pool/proof without new delivery or defeat
PASS: whole actual late-parent/controller/owners/cues/Scheduler world is freed
A2-L5 Sentry phase transport smoke: 154 checks, 0 failures; actual Standard first threshold/spent-source fatal/natural Foot/phase2 pending-delivered exactly-once notification/first armed paired native quiet transport only; no protected Shell checkpoint, whole route, second-pool defeat, recognizer, portrait or balance credit
