Godot Engine v4.7.2.stable.official.ed1daf0bf - https://godotengine.org

PASS: entry leaf has no inherited route/fatal/portrait selectors: 
PASS: canonical accepted A1-L2 scene supplies the actual production constructor
PASS: production registry configures only isolated PID user paths
PASS: real production Title has no duplicate live world for fresh native Challenge constructor: 
PASS: real public preference selects only the next actual fresh boundary
PASS: actual fresh A1-L2 native constructor: 
PASS: actual pristine standard receipt joins its saved encounter profile, dormant actor/impact set and zero clocks
PASS: genuine entry boundary selects closed recipe before any native attack/clock/action: 
PASS: TEST ONLY predecessor prefix writes the untouched actual fresh source recipe through Attempts/SaveStore: ; 
PASS: fresh test seed disposal frees actual fresh source Player
PASS: fresh test seed disposal frees actual fresh source Level
PASS: fresh test seed disposal frees actual Floor
PASS: fresh test seed disposal frees actual WestEdge
PASS: fresh test seed disposal frees actual EastEdge
PASS: fresh test seed disposal frees actual NorthEdge
PASS: fresh test seed disposal frees actual SouthEdge
PASS: fresh test seed disposal frees actual ApproachRock
PASS: fresh test seed disposal frees actual RockRouteOuterFlat
PASS: fresh test seed disposal frees actual CraterThreatScheduler
PASS: fresh test seed disposal frees actual SoloRushSelenite
PASS: fresh test seed disposal frees actual ThreatCue
PASS: fresh test seed disposal frees actual RockRushSelenite
PASS: fresh test seed disposal frees actual ThreatCue
PASS: fresh test seed disposal frees actual OpenRushSelenite
PASS: fresh test seed disposal frees actual ThreatCue
PASS: fresh test seed disposal frees actual FinaleRushSelenite
PASS: fresh test seed disposal frees actual ThreatCue
PASS: fresh test seed disposal frees actual ThreatCue
PASS: fresh test seed disposal frees actual ThreatCue
PASS: fresh test seed disposal frees actual ThreatCue
PASS: fresh test seed disposal frees actual ThreatCue
PASS: fresh test seed disposal frees actual ThreatCue
PASS: fresh test seed disposal frees actual GrottoContactCue
PASS: fresh test seed disposal frees actual CelestialCampSaveCue
PASS: standard/starter native aggregate has nonempty exact transport
PASS: production registry configures only isolated PID user paths
PASS: real production Title has no duplicate live world for standard/starter new receipt entry: 
PASS: production A1-L2 installation waits at its real paused Resume: 
PASS: reviewed Main owns one shared expedition Player/effects, four retained C30 and five HP-free stationary circles
PASS: retained actual C30 source/art binding: solo
PASS: retained actual C30 source/art binding: rock
PASS: retained actual C30 source/art binding: open
PASS: retained actual C30 source/art binding: finale
PASS: actual HP-free native circle/source/cue binding: landing-impact
PASS: actual HP-free native circle/source/cue binding: rock-impact
PASS: actual HP-free native circle/source/cue binding: open-impact
PASS: actual HP-free native circle/source/cue binding: finale-impact-a
PASS: actual HP-free native circle/source/cue binding: finale-impact-b
PASS: reviewed spawn, shared Scheduler and exact five-beat/four-checkpoint authored prefix remain intact
PASS: fresh actual GUI Continue restores exact standard/starter new receipt entry without gameplay callbacks: []
PASS: actual pristine standard receipt joins its saved encounter profile, dormant actor/impact set and zero clocks
PASS: fresh GUI Continue retains actual initial resources/four-slot gear and no executed action
PASS: actual shared Player/body/immutable mechanism signature is closed and nonempty
PASS: current preference changes atomically without retuning or rewriting an already saved native recipe
PASS: unknown-id pure/full local reader refuses before Player/actor/clock/model/disk mutation: Known closed versioned Crater Gardens arrangement required
PASS: wrong-profile pure/full local reader refuses before Player/actor/clock/model/disk mutation: Saved arrangement must match its own fresh encounter profile
PASS: float-version pure/full local reader refuses before Player/actor/clock/model/disk mutation: Known closed versioned Crater Gardens arrangement required
PASS: future-version pure/full local reader refuses before Player/actor/clock/model/disk mutation: Known closed versioned Crater Gardens arrangement required
PASS: extra-key pure/full local reader refuses before Player/actor/clock/model/disk mutation: Known closed versioned Crater Gardens arrangement required
PASS: missing-id pure/full local reader refuses before Player/actor/clock/model/disk mutation: Known closed versioned Crater Gardens arrangement required
PASS: array pure/full local reader refuses before Player/actor/clock/model/disk mutation: Known closed versioned Crater Gardens arrangement required
PASS: native-stringname pure/full local reader refuses before Player/actor/clock/model/disk mutation: Snapshot contains a non-JSON value
PASS: new recipe donor closure frees actual @Node3D@157
PASS: new recipe donor closure frees actual CraterGardens
PASS: new recipe donor closure frees actual CinderPlayer
PASS: new recipe donor closure frees actual @Node3D@159
PASS: new recipe donor closure frees actual Floor
PASS: new recipe donor closure frees actual WestEdge
PASS: new recipe donor closure frees actual EastEdge
PASS: new recipe donor closure frees actual NorthEdge
PASS: new recipe donor closure frees actual SouthEdge
PASS: new recipe donor closure frees actual ApproachRock
PASS: new recipe donor closure frees actual RockRouteOuterFlat
PASS: new recipe donor closure frees actual CraterThreatScheduler
PASS: new recipe donor closure frees actual SoloRushSelenite
PASS: new recipe donor closure frees actual ThreatCue
PASS: new recipe donor closure frees actual RockRushSelenite
PASS: new recipe donor closure frees actual ThreatCue
PASS: new recipe donor closure frees actual OpenRushSelenite
PASS: new recipe donor closure frees actual ThreatCue
PASS: new recipe donor closure frees actual FinaleRushSelenite
PASS: new recipe donor closure frees actual ThreatCue
PASS: new recipe donor closure frees actual ThreatCue
PASS: new recipe donor closure frees actual ThreatCue
PASS: new recipe donor closure frees actual ThreatCue
PASS: new recipe donor closure frees actual ThreatCue
PASS: new recipe donor closure frees actual ThreatCue
PASS: new recipe donor closure frees actual GrottoContactCue
PASS: new recipe donor closure frees actual CelestialCampSaveCue
PASS: production registry configures only isolated PID user paths
PASS: real production Title has no duplicate live world for saved standard despite opposite current preference: 
PASS: production A1-L2 installation waits at its real paused Resume: 
PASS: reviewed Main owns one shared expedition Player/effects, four retained C30 and five HP-free stationary circles
PASS: retained actual C30 source/art binding: solo
PASS: retained actual C30 source/art binding: rock
PASS: retained actual C30 source/art binding: open
PASS: retained actual C30 source/art binding: finale
PASS: actual HP-free native circle/source/cue binding: landing-impact
PASS: actual HP-free native circle/source/cue binding: rock-impact
PASS: actual HP-free native circle/source/cue binding: open-impact
PASS: actual HP-free native circle/source/cue binding: finale-impact-a
PASS: actual HP-free native circle/source/cue binding: finale-impact-b
PASS: reviewed spawn, shared Scheduler and exact five-beat/four-checkpoint authored prefix remain intact
PASS: fresh actual GUI Continue restores exact saved standard despite opposite current preference without gameplay callbacks: []
PASS: actual pristine standard receipt joins its saved encounter profile, dormant actor/impact set and zero clocks
PASS: saved-only recipe restores against a recipient constructed with the opposite current preference
PASS: production A1-L2 installation waits at its real paused Resume: 
PASS: reviewed Main owns one shared expedition Player/effects, four retained C30 and five HP-free stationary circles
PASS: retained actual C30 source/art binding: solo
PASS: retained actual C30 source/art binding: rock
PASS: retained actual C30 source/art binding: open
PASS: retained actual C30 source/art binding: finale
PASS: actual HP-free native circle/source/cue binding: landing-impact
PASS: actual HP-free native circle/source/cue binding: rock-impact
PASS: actual HP-free native circle/source/cue binding: open-impact
PASS: actual HP-free native circle/source/cue binding: finale-impact-a
PASS: actual HP-free native circle/source/cue binding: finale-impact-b
PASS: reviewed spawn, shared Scheduler and exact five-beat/four-checkpoint authored prefix remain intact
PASS: actual GUI Retry restores exact new receipt entry checkpoint without gameplay callbacks: []
PASS: new recipe GUI Retry frees actual @Node3D@252
PASS: new recipe GUI Retry frees actual CraterGardens
PASS: new recipe GUI Retry frees actual CinderPlayer
PASS: new recipe GUI Retry frees actual @Node3D@254
PASS: new recipe GUI Retry frees actual Floor
PASS: new recipe GUI Retry frees actual WestEdge
PASS: new recipe GUI Retry frees actual EastEdge
PASS: new recipe GUI Retry frees actual NorthEdge
PASS: new recipe GUI Retry frees actual SouthEdge
PASS: new recipe GUI Retry frees actual ApproachRock
PASS: new recipe GUI Retry frees actual RockRouteOuterFlat
PASS: new recipe GUI Retry frees actual CraterThreatScheduler
PASS: new recipe GUI Retry frees actual SoloRushSelenite
PASS: new recipe GUI Retry frees actual ThreatCue
PASS: new recipe GUI Retry frees actual RockRushSelenite
PASS: new recipe GUI Retry frees actual ThreatCue
PASS: new recipe GUI Retry frees actual OpenRushSelenite
PASS: new recipe GUI Retry frees actual ThreatCue
PASS: new recipe GUI Retry frees actual FinaleRushSelenite
PASS: new recipe GUI Retry frees actual ThreatCue
PASS: new recipe GUI Retry frees actual ThreatCue
PASS: new recipe GUI Retry frees actual ThreatCue
PASS: new recipe GUI Retry frees actual ThreatCue
PASS: new recipe GUI Retry frees actual ThreatCue
PASS: new recipe GUI Retry frees actual ThreatCue
PASS: new recipe GUI Retry frees actual GrottoContactCue
PASS: new recipe GUI Retry frees actual CelestialCampSaveCue
PASS: Retry retains exact actual new receipt/four-slot kit on disk
PASS: missing receipt is accepted as old original order, including saved standard
PASS: legacy quiet commit preserves omission, Player and every saved native clock without replaying gameplay deliveries
PASS: actual checked SaveStore persists the accepted legacy-format checkpoint without adding a receipt
PASS: legacy donor closure frees actual @Node3D@286
PASS: legacy donor closure frees actual CraterGardens
PASS: legacy donor closure frees actual CinderPlayer
PASS: legacy donor closure frees actual @Node3D@288
PASS: legacy donor closure frees actual Floor
PASS: legacy donor closure frees actual WestEdge
PASS: legacy donor closure frees actual EastEdge
PASS: legacy donor closure frees actual NorthEdge
PASS: legacy donor closure frees actual SouthEdge
PASS: legacy donor closure frees actual ApproachRock
PASS: legacy donor closure frees actual RockRouteOuterFlat
PASS: legacy donor closure frees actual CraterThreatScheduler
PASS: legacy donor closure frees actual SoloRushSelenite
PASS: legacy donor closure frees actual ThreatCue
PASS: legacy donor closure frees actual RockRushSelenite
PASS: legacy donor closure frees actual ThreatCue
PASS: legacy donor closure frees actual OpenRushSelenite
PASS: legacy donor closure frees actual ThreatCue
PASS: legacy donor closure frees actual FinaleRushSelenite
PASS: legacy donor closure frees actual ThreatCue
PASS: legacy donor closure frees actual ThreatCue
PASS: legacy donor closure frees actual ThreatCue
PASS: legacy donor closure frees actual ThreatCue
PASS: legacy donor closure frees actual ThreatCue
PASS: legacy donor closure frees actual ThreatCue
PASS: legacy donor closure frees actual GrottoContactCue
PASS: legacy donor closure frees actual CelestialCampSaveCue
PASS: production registry configures only isolated PID user paths
PASS: real production Title has no duplicate live world for legacy missing receipt standard: 
PASS: production A1-L2 installation waits at its real paused Resume: 
PASS: reviewed Main owns one shared expedition Player/effects, four retained C30 and five HP-free stationary circles
PASS: retained actual C30 source/art binding: solo
PASS: retained actual C30 source/art binding: rock
PASS: retained actual C30 source/art binding: open
PASS: retained actual C30 source/art binding: finale
PASS: actual HP-free native circle/source/cue binding: landing-impact
PASS: actual HP-free native circle/source/cue binding: rock-impact
PASS: actual HP-free native circle/source/cue binding: open-impact
PASS: actual HP-free native circle/source/cue binding: finale-impact-a
PASS: actual HP-free native circle/source/cue binding: finale-impact-b
PASS: reviewed spawn, shared Scheduler and exact five-beat/four-checkpoint authored prefix remain intact
PASS: fresh actual GUI Continue restores exact legacy missing receipt standard without gameplay callbacks: []
PASS: fresh legacy reader uses saved profile and recaptures the historical missing key
PASS: production A1-L2 installation waits at its real paused Resume: 
PASS: reviewed Main owns one shared expedition Player/effects, four retained C30 and five HP-free stationary circles
PASS: retained actual C30 source/art binding: solo
PASS: retained actual C30 source/art binding: rock
PASS: retained actual C30 source/art binding: open
PASS: retained actual C30 source/art binding: finale
PASS: actual HP-free native circle/source/cue binding: landing-impact
PASS: actual HP-free native circle/source/cue binding: rock-impact
PASS: actual HP-free native circle/source/cue binding: open-impact
PASS: actual HP-free native circle/source/cue binding: finale-impact-a
PASS: actual HP-free native circle/source/cue binding: finale-impact-b
PASS: reviewed spawn, shared Scheduler and exact five-beat/four-checkpoint authored prefix remain intact
PASS: actual GUI Retry restores exact legacy omission checkpoint without gameplay callbacks: []
PASS: legacy GUI Retry frees actual @Node3D@381
PASS: legacy GUI Retry frees actual CraterGardens
PASS: legacy GUI Retry frees actual CinderPlayer
PASS: legacy GUI Retry frees actual @Node3D@383
PASS: legacy GUI Retry frees actual Floor
PASS: legacy GUI Retry frees actual WestEdge
PASS: legacy GUI Retry frees actual EastEdge
PASS: legacy GUI Retry frees actual NorthEdge
PASS: legacy GUI Retry frees actual SouthEdge
PASS: legacy GUI Retry frees actual ApproachRock
PASS: legacy GUI Retry frees actual RockRouteOuterFlat
PASS: legacy GUI Retry frees actual CraterThreatScheduler
PASS: legacy GUI Retry frees actual SoloRushSelenite
PASS: legacy GUI Retry frees actual ThreatCue
PASS: legacy GUI Retry frees actual RockRushSelenite
PASS: legacy GUI Retry frees actual ThreatCue
PASS: legacy GUI Retry frees actual OpenRushSelenite
PASS: legacy GUI Retry frees actual ThreatCue
PASS: legacy GUI Retry frees actual FinaleRushSelenite
PASS: legacy GUI Retry frees actual ThreatCue
PASS: legacy GUI Retry frees actual ThreatCue
PASS: legacy GUI Retry frees actual ThreatCue
PASS: legacy GUI Retry frees actual ThreatCue
PASS: legacy GUI Retry frees actual ThreatCue
PASS: legacy GUI Retry frees actual ThreatCue
PASS: legacy GUI Retry frees actual GrottoContactCue
PASS: legacy GUI Retry frees actual CelestialCampSaveCue
PASS: legacy Retry retains exact omission rather than migrating an old Challenge encounter
PASS: completed focused case cleanup frees actual @Node3D@415
PASS: completed focused case cleanup frees actual CraterGardens
PASS: completed focused case cleanup frees actual CinderPlayer
PASS: completed focused case cleanup frees actual @Node3D@417
PASS: completed focused case cleanup frees actual Floor
PASS: completed focused case cleanup frees actual WestEdge
PASS: completed focused case cleanup frees actual EastEdge
PASS: completed focused case cleanup frees actual NorthEdge
PASS: completed focused case cleanup frees actual SouthEdge
PASS: completed focused case cleanup frees actual ApproachRock
PASS: completed focused case cleanup frees actual RockRouteOuterFlat
PASS: completed focused case cleanup frees actual CraterThreatScheduler
PASS: completed focused case cleanup frees actual SoloRushSelenite
PASS: completed focused case cleanup frees actual ThreatCue
PASS: completed focused case cleanup frees actual RockRushSelenite
PASS: completed focused case cleanup frees actual ThreatCue
PASS: completed focused case cleanup frees actual OpenRushSelenite
PASS: completed focused case cleanup frees actual ThreatCue
PASS: completed focused case cleanup frees actual FinaleRushSelenite
PASS: completed focused case cleanup frees actual ThreatCue
PASS: completed focused case cleanup frees actual ThreatCue
PASS: completed focused case cleanup frees actual ThreatCue
PASS: completed focused case cleanup frees actual ThreatCue
PASS: completed focused case cleanup frees actual ThreatCue
PASS: completed focused case cleanup frees actual ThreatCue
PASS: completed focused case cleanup frees actual GrottoContactCue
PASS: completed focused case cleanup frees actual CelestialCampSaveCue
PASS: production registry configures only isolated PID user paths
PASS: real production Title has no duplicate live world for fresh native Challenge constructor: 
PASS: real public preference selects only the next actual fresh boundary
PASS: actual fresh A1-L2 native constructor: 
PASS: actual pristine challenge receipt joins its saved encounter profile, dormant actor/impact set and zero clocks
PASS: genuine entry boundary selects closed recipe before any native attack/clock/action: 
PASS: TEST ONLY predecessor prefix writes the untouched actual fresh source recipe through Attempts/SaveStore: ; 
PASS: fresh test seed disposal frees actual fresh source Player
PASS: fresh test seed disposal frees actual fresh source Level
PASS: fresh test seed disposal frees actual Floor
PASS: fresh test seed disposal frees actual WestEdge
PASS: fresh test seed disposal frees actual EastEdge
PASS: fresh test seed disposal frees actual NorthEdge
PASS: fresh test seed disposal frees actual SouthEdge
PASS: fresh test seed disposal frees actual ApproachRock
PASS: fresh test seed disposal frees actual RockRouteOuterFlat
PASS: fresh test seed disposal frees actual CraterThreatScheduler
PASS: fresh test seed disposal frees actual SoloRushSelenite
PASS: fresh test seed disposal frees actual ThreatCue
PASS: fresh test seed disposal frees actual RockRushSelenite
PASS: fresh test seed disposal frees actual ThreatCue
PASS: fresh test seed disposal frees actual OpenRushSelenite
PASS: fresh test seed disposal frees actual ThreatCue
PASS: fresh test seed disposal frees actual FinaleRushSelenite
PASS: fresh test seed disposal frees actual ThreatCue
PASS: fresh test seed disposal frees actual ThreatCue
PASS: fresh test seed disposal frees actual ThreatCue
PASS: fresh test seed disposal frees actual ThreatCue
PASS: fresh test seed disposal frees actual ThreatCue
PASS: fresh test seed disposal frees actual ThreatCue
PASS: fresh test seed disposal frees actual GrottoContactCue
PASS: fresh test seed disposal frees actual CelestialCampSaveCue
PASS: challenge/starter native aggregate has nonempty exact transport
PASS: production registry configures only isolated PID user paths
PASS: real production Title has no duplicate live world for challenge/starter new receipt entry: 
PASS: production A1-L2 installation waits at its real paused Resume: 
PASS: reviewed Main owns one shared expedition Player/effects, four retained C30 and five HP-free stationary circles
PASS: retained actual C30 source/art binding: solo
PASS: retained actual C30 source/art binding: rock
PASS: retained actual C30 source/art binding: open
PASS: retained actual C30 source/art binding: finale
PASS: actual HP-free native circle/source/cue binding: landing-impact
PASS: actual HP-free native circle/source/cue binding: rock-impact
PASS: actual HP-free native circle/source/cue binding: open-impact
PASS: actual HP-free native circle/source/cue binding: finale-impact-a
PASS: actual HP-free native circle/source/cue binding: finale-impact-b
PASS: reviewed spawn, shared Scheduler and exact five-beat/four-checkpoint authored prefix remain intact
PASS: fresh actual GUI Continue restores exact challenge/starter new receipt entry without gameplay callbacks: []
PASS: actual pristine challenge receipt joins its saved encounter profile, dormant actor/impact set and zero clocks
PASS: fresh GUI Continue retains actual initial resources/four-slot gear and no executed action
PASS: actual shared Player/body/immutable mechanism signature is closed and nonempty
PASS: Standard/Challenge starter differ only in saved profile/order, preserving actual Player stats/body and immutable source/impact configurations
PASS: current preference changes atomically without retuning or rewriting an already saved native recipe
PASS: unknown-id pure/full local reader refuses before Player/actor/clock/model/disk mutation: Known closed versioned Crater Gardens arrangement required
PASS: wrong-profile pure/full local reader refuses before Player/actor/clock/model/disk mutation: Saved arrangement must match its own fresh encounter profile
PASS: float-version pure/full local reader refuses before Player/actor/clock/model/disk mutation: Known closed versioned Crater Gardens arrangement required
PASS: future-version pure/full local reader refuses before Player/actor/clock/model/disk mutation: Known closed versioned Crater Gardens arrangement required
PASS: extra-key pure/full local reader refuses before Player/actor/clock/model/disk mutation: Known closed versioned Crater Gardens arrangement required
PASS: missing-id pure/full local reader refuses before Player/actor/clock/model/disk mutation: Known closed versioned Crater Gardens arrangement required
PASS: array pure/full local reader refuses before Player/actor/clock/model/disk mutation: Known closed versioned Crater Gardens arrangement required
PASS: native-stringname pure/full local reader refuses before Player/actor/clock/model/disk mutation: Snapshot contains a non-JSON value
PASS: new recipe donor closure frees actual @Node3D@599
PASS: new recipe donor closure frees actual CraterGardens
PASS: new recipe donor closure frees actual CinderPlayer
PASS: new recipe donor closure frees actual @Node3D@601
PASS: new recipe donor closure frees actual Floor
PASS: new recipe donor closure frees actual WestEdge
PASS: new recipe donor closure frees actual EastEdge
PASS: new recipe donor closure frees actual NorthEdge
PASS: new recipe donor closure frees actual SouthEdge
PASS: new recipe donor closure frees actual ApproachRock
PASS: new recipe donor closure frees actual RockRouteOuterFlat
PASS: new recipe donor closure frees actual CraterThreatScheduler
PASS: new recipe donor closure frees actual SoloRushSelenite
PASS: new recipe donor closure frees actual ThreatCue
PASS: new recipe donor closure frees actual RockRushSelenite
PASS: new recipe donor closure frees actual ThreatCue
PASS: new recipe donor closure frees actual OpenRushSelenite
PASS: new recipe donor closure frees actual ThreatCue
PASS: new recipe donor closure frees actual FinaleRushSelenite
PASS: new recipe donor closure frees actual ThreatCue
PASS: new recipe donor closure frees actual ThreatCue
PASS: new recipe donor closure frees actual ThreatCue
PASS: new recipe donor closure frees actual ThreatCue
PASS: new recipe donor closure frees actual ThreatCue
PASS: new recipe donor closure frees actual ThreatCue
PASS: new recipe donor closure frees actual GrottoContactCue
PASS: new recipe donor closure frees actual CelestialCampSaveCue
PASS: production registry configures only isolated PID user paths
PASS: real production Title has no duplicate live world for saved challenge despite opposite current preference: 
PASS: production A1-L2 installation waits at its real paused Resume: 
PASS: reviewed Main owns one shared expedition Player/effects, four retained C30 and five HP-free stationary circles
PASS: retained actual C30 source/art binding: solo
PASS: retained actual C30 source/art binding: rock
PASS: retained actual C30 source/art binding: open
PASS: retained actual C30 source/art binding: finale
PASS: actual HP-free native circle/source/cue binding: landing-impact
PASS: actual HP-free native circle/source/cue binding: rock-impact
PASS: actual HP-free native circle/source/cue binding: open-impact
PASS: actual HP-free native circle/source/cue binding: finale-impact-a
PASS: actual HP-free native circle/source/cue binding: finale-impact-b
PASS: reviewed spawn, shared Scheduler and exact five-beat/four-checkpoint authored prefix remain intact
PASS: fresh actual GUI Continue restores exact saved challenge despite opposite current preference without gameplay callbacks: []
PASS: actual pristine challenge receipt joins its saved encounter profile, dormant actor/impact set and zero clocks
PASS: saved-only recipe restores against a recipient constructed with the opposite current preference
PASS: production A1-L2 installation waits at its real paused Resume: 
PASS: reviewed Main owns one shared expedition Player/effects, four retained C30 and five HP-free stationary circles
PASS: retained actual C30 source/art binding: solo
PASS: retained actual C30 source/art binding: rock
PASS: retained actual C30 source/art binding: open
PASS: retained actual C30 source/art binding: finale
PASS: actual HP-free native circle/source/cue binding: landing-impact
PASS: actual HP-free native circle/source/cue binding: rock-impact
PASS: actual HP-free native circle/source/cue binding: open-impact
PASS: actual HP-free native circle/source/cue binding: finale-impact-a
PASS: actual HP-free native circle/source/cue binding: finale-impact-b
PASS: reviewed spawn, shared Scheduler and exact five-beat/four-checkpoint authored prefix remain intact
PASS: actual GUI Retry restores exact new receipt entry checkpoint without gameplay callbacks: []
PASS: new recipe GUI Retry frees actual @Node3D@694
PASS: new recipe GUI Retry frees actual CraterGardens
PASS: new recipe GUI Retry frees actual CinderPlayer
PASS: new recipe GUI Retry frees actual @Node3D@696
PASS: new recipe GUI Retry frees actual Floor
PASS: new recipe GUI Retry frees actual WestEdge
PASS: new recipe GUI Retry frees actual EastEdge
PASS: new recipe GUI Retry frees actual NorthEdge
PASS: new recipe GUI Retry frees actual SouthEdge
PASS: new recipe GUI Retry frees actual ApproachRock
PASS: new recipe GUI Retry frees actual RockRouteOuterFlat
PASS: new recipe GUI Retry frees actual CraterThreatScheduler
PASS: new recipe GUI Retry frees actual SoloRushSelenite
PASS: new recipe GUI Retry frees actual ThreatCue
PASS: new recipe GUI Retry frees actual RockRushSelenite
PASS: new recipe GUI Retry frees actual ThreatCue
PASS: new recipe GUI Retry frees actual OpenRushSelenite
PASS: new recipe GUI Retry frees actual ThreatCue
PASS: new recipe GUI Retry frees actual FinaleRushSelenite
PASS: new recipe GUI Retry frees actual ThreatCue
PASS: new recipe GUI Retry frees actual ThreatCue
PASS: new recipe GUI Retry frees actual ThreatCue
PASS: new recipe GUI Retry frees actual ThreatCue
PASS: new recipe GUI Retry frees actual ThreatCue
PASS: new recipe GUI Retry frees actual ThreatCue
PASS: new recipe GUI Retry frees actual GrottoContactCue
PASS: new recipe GUI Retry frees actual CelestialCampSaveCue
PASS: Retry retains exact actual new receipt/four-slot kit on disk
PASS: missing receipt is accepted as old original order, including saved challenge
PASS: legacy quiet commit preserves omission, Player and every saved native clock without replaying gameplay deliveries
PASS: actual checked SaveStore persists the accepted legacy-format checkpoint without adding a receipt
PASS: legacy donor closure frees actual @Node3D@728
PASS: legacy donor closure frees actual CraterGardens
PASS: legacy donor closure frees actual CinderPlayer
PASS: legacy donor closure frees actual @Node3D@730
PASS: legacy donor closure frees actual Floor
PASS: legacy donor closure frees actual WestEdge
PASS: legacy donor closure frees actual EastEdge
PASS: legacy donor closure frees actual NorthEdge
PASS: legacy donor closure frees actual SouthEdge
PASS: legacy donor closure frees actual ApproachRock
PASS: legacy donor closure frees actual RockRouteOuterFlat
PASS: legacy donor closure frees actual CraterThreatScheduler
PASS: legacy donor closure frees actual SoloRushSelenite
PASS: legacy donor closure frees actual ThreatCue
PASS: legacy donor closure frees actual RockRushSelenite
PASS: legacy donor closure frees actual ThreatCue
PASS: legacy donor closure frees actual OpenRushSelenite
PASS: legacy donor closure frees actual ThreatCue
PASS: legacy donor closure frees actual FinaleRushSelenite
PASS: legacy donor closure frees actual ThreatCue
PASS: legacy donor closure frees actual ThreatCue
PASS: legacy donor closure frees actual ThreatCue
PASS: legacy donor closure frees actual ThreatCue
PASS: legacy donor closure frees actual ThreatCue
PASS: legacy donor closure frees actual ThreatCue
PASS: legacy donor closure frees actual GrottoContactCue
PASS: legacy donor closure frees actual CelestialCampSaveCue
PASS: production registry configures only isolated PID user paths
PASS: real production Title has no duplicate live world for legacy missing receipt challenge: 
PASS: production A1-L2 installation waits at its real paused Resume: 
PASS: reviewed Main owns one shared expedition Player/effects, four retained C30 and five HP-free stationary circles
PASS: retained actual C30 source/art binding: solo
PASS: retained actual C30 source/art binding: rock
PASS: retained actual C30 source/art binding: open
PASS: retained actual C30 source/art binding: finale
PASS: actual HP-free native circle/source/cue binding: landing-impact
PASS: actual HP-free native circle/source/cue binding: rock-impact
PASS: actual HP-free native circle/source/cue binding: open-impact
PASS: actual HP-free native circle/source/cue binding: finale-impact-a
PASS: actual HP-free native circle/source/cue binding: finale-impact-b
PASS: reviewed spawn, shared Scheduler and exact five-beat/four-checkpoint authored prefix remain intact
PASS: fresh actual GUI Continue restores exact legacy missing receipt challenge without gameplay callbacks: []
PASS: fresh legacy reader uses saved profile and recaptures the historical missing key
PASS: production A1-L2 installation waits at its real paused Resume: 
PASS: reviewed Main owns one shared expedition Player/effects, four retained C30 and five HP-free stationary circles
PASS: retained actual C30 source/art binding: solo
PASS: retained actual C30 source/art binding: rock
PASS: retained actual C30 source/art binding: open
PASS: retained actual C30 source/art binding: finale
PASS: actual HP-free native circle/source/cue binding: landing-impact
PASS: actual HP-free native circle/source/cue binding: rock-impact
PASS: actual HP-free native circle/source/cue binding: open-impact
PASS: actual HP-free native circle/source/cue binding: finale-impact-a
PASS: actual HP-free native circle/source/cue binding: finale-impact-b
PASS: reviewed spawn, shared Scheduler and exact five-beat/four-checkpoint authored prefix remain intact
PASS: actual GUI Retry restores exact legacy omission checkpoint without gameplay callbacks: []
PASS: legacy GUI Retry frees actual @Node3D@823
PASS: legacy GUI Retry frees actual CraterGardens
PASS: legacy GUI Retry frees actual CinderPlayer
PASS: legacy GUI Retry frees actual @Node3D@825
PASS: legacy GUI Retry frees actual Floor
PASS: legacy GUI Retry frees actual WestEdge
PASS: legacy GUI Retry frees actual EastEdge
PASS: legacy GUI Retry frees actual NorthEdge
PASS: legacy GUI Retry frees actual SouthEdge
PASS: legacy GUI Retry frees actual ApproachRock
PASS: legacy GUI Retry frees actual RockRouteOuterFlat
PASS: legacy GUI Retry frees actual CraterThreatScheduler
PASS: legacy GUI Retry frees actual SoloRushSelenite
PASS: legacy GUI Retry frees actual ThreatCue
PASS: legacy GUI Retry frees actual RockRushSelenite
PASS: legacy GUI Retry frees actual ThreatCue
PASS: legacy GUI Retry frees actual OpenRushSelenite
PASS: legacy GUI Retry frees actual ThreatCue
PASS: legacy GUI Retry frees actual FinaleRushSelenite
PASS: legacy GUI Retry frees actual ThreatCue
PASS: legacy GUI Retry frees actual ThreatCue
PASS: legacy GUI Retry frees actual ThreatCue
PASS: legacy GUI Retry frees actual ThreatCue
PASS: legacy GUI Retry frees actual ThreatCue
PASS: legacy GUI Retry frees actual ThreatCue
PASS: legacy GUI Retry frees actual GrottoContactCue
PASS: legacy GUI Retry frees actual CelestialCampSaveCue
PASS: legacy Retry retains exact omission rather than migrating an old Challenge encounter
PASS: completed focused case cleanup frees actual @Node3D@857
PASS: completed focused case cleanup frees actual CraterGardens
PASS: completed focused case cleanup frees actual CinderPlayer
PASS: completed focused case cleanup frees actual @Node3D@859
PASS: completed focused case cleanup frees actual Floor
PASS: completed focused case cleanup frees actual WestEdge
PASS: completed focused case cleanup frees actual EastEdge
PASS: completed focused case cleanup frees actual NorthEdge
PASS: completed focused case cleanup frees actual SouthEdge
PASS: completed focused case cleanup frees actual ApproachRock
PASS: completed focused case cleanup frees actual RockRouteOuterFlat
PASS: completed focused case cleanup frees actual CraterThreatScheduler
PASS: completed focused case cleanup frees actual SoloRushSelenite
PASS: completed focused case cleanup frees actual ThreatCue
PASS: completed focused case cleanup frees actual RockRushSelenite
PASS: completed focused case cleanup frees actual ThreatCue
PASS: completed focused case cleanup frees actual OpenRushSelenite
PASS: completed focused case cleanup frees actual ThreatCue
PASS: completed focused case cleanup frees actual FinaleRushSelenite
PASS: completed focused case cleanup frees actual ThreatCue
PASS: completed focused case cleanup frees actual ThreatCue
PASS: completed focused case cleanup frees actual ThreatCue
PASS: completed focused case cleanup frees actual ThreatCue
PASS: completed focused case cleanup frees actual ThreatCue
PASS: completed focused case cleanup frees actual ThreatCue
PASS: completed focused case cleanup frees actual GrottoContactCue
PASS: completed focused case cleanup frees actual CelestialCampSaveCue
PASS: production registry configures only isolated PID user paths
PASS: real production Title has no duplicate live world for fresh native Challenge constructor: 
PASS: real public preference selects only the next actual fresh boundary
PASS: actual fresh A1-L2 native constructor: 
PASS: actual pristine challenge receipt joins its saved encounter profile, dormant actor/impact set and zero clocks
PASS: genuine entry boundary selects closed recipe before any native attack/clock/action: 
PASS: TEST ONLY predecessor prefix writes the untouched actual fresh source recipe through Attempts/SaveStore: ; 
PASS: fresh test seed disposal frees actual fresh source Player
PASS: fresh test seed disposal frees actual fresh source Level
PASS: fresh test seed disposal frees actual Floor
PASS: fresh test seed disposal frees actual WestEdge
PASS: fresh test seed disposal frees actual EastEdge
PASS: fresh test seed disposal frees actual NorthEdge
PASS: fresh test seed disposal frees actual SouthEdge
PASS: fresh test seed disposal frees actual ApproachRock
PASS: fresh test seed disposal frees actual RockRouteOuterFlat
PASS: fresh test seed disposal frees actual CraterThreatScheduler
PASS: fresh test seed disposal frees actual SoloRushSelenite
PASS: fresh test seed disposal frees actual ThreatCue
PASS: fresh test seed disposal frees actual RockRushSelenite
PASS: fresh test seed disposal frees actual ThreatCue
PASS: fresh test seed disposal frees actual OpenRushSelenite
PASS: fresh test seed disposal frees actual ThreatCue
PASS: fresh test seed disposal frees actual FinaleRushSelenite
PASS: fresh test seed disposal frees actual ThreatCue
PASS: fresh test seed disposal frees actual ThreatCue
PASS: fresh test seed disposal frees actual ThreatCue
PASS: fresh test seed disposal frees actual ThreatCue
PASS: fresh test seed disposal frees actual ThreatCue
PASS: fresh test seed disposal frees actual ThreatCue
PASS: fresh test seed disposal frees actual GrottoContactCue
PASS: fresh test seed disposal frees actual CelestialCampSaveCue
PASS: challenge/slow-long-short native aggregate has nonempty exact transport
PASS: production registry configures only isolated PID user paths
PASS: real production Title has no duplicate live world for challenge/slow-long-short new receipt entry: 
PASS: production A1-L2 installation waits at its real paused Resume: 
PASS: reviewed Main owns one shared expedition Player/effects, four retained C30 and five HP-free stationary circles
PASS: retained actual C30 source/art binding: solo
PASS: retained actual C30 source/art binding: rock
PASS: retained actual C30 source/art binding: open
PASS: retained actual C30 source/art binding: finale
PASS: actual HP-free native circle/source/cue binding: landing-impact
PASS: actual HP-free native circle/source/cue binding: rock-impact
PASS: actual HP-free native circle/source/cue binding: open-impact
PASS: actual HP-free native circle/source/cue binding: finale-impact-a
PASS: actual HP-free native circle/source/cue binding: finale-impact-b
PASS: reviewed spawn, shared Scheduler and exact five-beat/four-checkpoint authored prefix remain intact
PASS: fresh actual GUI Continue restores exact challenge/slow-long-short new receipt entry without gameplay callbacks: []
PASS: actual pristine challenge receipt joins its saved encounter profile, dormant actor/impact set and zero clocks
PASS: fresh GUI Continue retains actual initial resources/four-slot gear and no executed action
PASS: actual shared Player/body/immutable mechanism signature is closed and nonempty
PASS: current preference changes atomically without retuning or rewriting an already saved native recipe
PASS: unknown-id pure/full local reader refuses before Player/actor/clock/model/disk mutation: Known closed versioned Crater Gardens arrangement required
PASS: wrong-profile pure/full local reader refuses before Player/actor/clock/model/disk mutation: Saved arrangement must match its own fresh encounter profile
PASS: float-version pure/full local reader refuses before Player/actor/clock/model/disk mutation: Known closed versioned Crater Gardens arrangement required
PASS: future-version pure/full local reader refuses before Player/actor/clock/model/disk mutation: Known closed versioned Crater Gardens arrangement required
PASS: extra-key pure/full local reader refuses before Player/actor/clock/model/disk mutation: Known closed versioned Crater Gardens arrangement required
PASS: missing-id pure/full local reader refuses before Player/actor/clock/model/disk mutation: Known closed versioned Crater Gardens arrangement required
PASS: array pure/full local reader refuses before Player/actor/clock/model/disk mutation: Known closed versioned Crater Gardens arrangement required
PASS: native-stringname pure/full local reader refuses before Player/actor/clock/model/disk mutation: Snapshot contains a non-JSON value
PASS: new recipe donor closure frees actual @Node3D@1041
PASS: new recipe donor closure frees actual CraterGardens
PASS: new recipe donor closure frees actual CinderPlayer
PASS: new recipe donor closure frees actual @Node3D@1043
PASS: new recipe donor closure frees actual Floor
PASS: new recipe donor closure frees actual WestEdge
PASS: new recipe donor closure frees actual EastEdge
PASS: new recipe donor closure frees actual NorthEdge
PASS: new recipe donor closure frees actual SouthEdge
PASS: new recipe donor closure frees actual ApproachRock
PASS: new recipe donor closure frees actual RockRouteOuterFlat
PASS: new recipe donor closure frees actual CraterThreatScheduler
PASS: new recipe donor closure frees actual SoloRushSelenite
PASS: new recipe donor closure frees actual ThreatCue
PASS: new recipe donor closure frees actual RockRushSelenite
PASS: new recipe donor closure frees actual ThreatCue
PASS: new recipe donor closure frees actual OpenRushSelenite
PASS: new recipe donor closure frees actual ThreatCue
PASS: new recipe donor closure frees actual FinaleRushSelenite
PASS: new recipe donor closure frees actual ThreatCue
PASS: new recipe donor closure frees actual ThreatCue
PASS: new recipe donor closure frees actual ThreatCue
PASS: new recipe donor closure frees actual ThreatCue
PASS: new recipe donor closure frees actual ThreatCue
PASS: new recipe donor closure frees actual ThreatCue
PASS: new recipe donor closure frees actual GrottoContactCue
PASS: new recipe donor closure frees actual CelestialCampSaveCue
PASS: production registry configures only isolated PID user paths
PASS: real production Title has no duplicate live world for saved challenge despite opposite current preference: 
PASS: production A1-L2 installation waits at its real paused Resume: 
PASS: reviewed Main owns one shared expedition Player/effects, four retained C30 and five HP-free stationary circles
PASS: retained actual C30 source/art binding: solo
PASS: retained actual C30 source/art binding: rock
PASS: retained actual C30 source/art binding: open
PASS: retained actual C30 source/art binding: finale
PASS: actual HP-free native circle/source/cue binding: landing-impact
PASS: actual HP-free native circle/source/cue binding: rock-impact
PASS: actual HP-free native circle/source/cue binding: open-impact
PASS: actual HP-free native circle/source/cue binding: finale-impact-a
PASS: actual HP-free native circle/source/cue binding: finale-impact-b
PASS: reviewed spawn, shared Scheduler and exact five-beat/four-checkpoint authored prefix remain intact
PASS: fresh actual GUI Continue restores exact saved challenge despite opposite current preference without gameplay callbacks: []
PASS: actual pristine challenge receipt joins its saved encounter profile, dormant actor/impact set and zero clocks
PASS: saved-only recipe restores against a recipient constructed with the opposite current preference
PASS: production A1-L2 installation waits at its real paused Resume: 
PASS: reviewed Main owns one shared expedition Player/effects, four retained C30 and five HP-free stationary circles
PASS: retained actual C30 source/art binding: solo
PASS: retained actual C30 source/art binding: rock
PASS: retained actual C30 source/art binding: open
PASS: retained actual C30 source/art binding: finale
PASS: actual HP-free native circle/source/cue binding: landing-impact
PASS: actual HP-free native circle/source/cue binding: rock-impact
PASS: actual HP-free native circle/source/cue binding: open-impact
PASS: actual HP-free native circle/source/cue binding: finale-impact-a
PASS: actual HP-free native circle/source/cue binding: finale-impact-b
PASS: reviewed spawn, shared Scheduler and exact five-beat/four-checkpoint authored prefix remain intact
PASS: actual GUI Retry restores exact new receipt entry checkpoint without gameplay callbacks: []
PASS: new recipe GUI Retry frees actual @Node3D@1136
PASS: new recipe GUI Retry frees actual CraterGardens
PASS: new recipe GUI Retry frees actual CinderPlayer
PASS: new recipe GUI Retry frees actual @Node3D@1138
PASS: new recipe GUI Retry frees actual Floor
PASS: new recipe GUI Retry frees actual WestEdge
PASS: new recipe GUI Retry frees actual EastEdge
PASS: new recipe GUI Retry frees actual NorthEdge
PASS: new recipe GUI Retry frees actual SouthEdge
PASS: new recipe GUI Retry frees actual ApproachRock
PASS: new recipe GUI Retry frees actual RockRouteOuterFlat
PASS: new recipe GUI Retry frees actual CraterThreatScheduler
PASS: new recipe GUI Retry frees actual SoloRushSelenite
PASS: new recipe GUI Retry frees actual ThreatCue
PASS: new recipe GUI Retry frees actual RockRushSelenite
PASS: new recipe GUI Retry frees actual ThreatCue
PASS: new recipe GUI Retry frees actual OpenRushSelenite
PASS: new recipe GUI Retry frees actual ThreatCue
PASS: new recipe GUI Retry frees actual FinaleRushSelenite
PASS: new recipe GUI Retry frees actual ThreatCue
PASS: new recipe GUI Retry frees actual ThreatCue
PASS: new recipe GUI Retry frees actual ThreatCue
PASS: new recipe GUI Retry frees actual ThreatCue
PASS: new recipe GUI Retry frees actual ThreatCue
PASS: new recipe GUI Retry frees actual ThreatCue
PASS: new recipe GUI Retry frees actual GrottoContactCue
PASS: new recipe GUI Retry frees actual CelestialCampSaveCue
PASS: Retry retains exact actual new receipt/four-slot kit on disk
PASS: missing receipt is accepted as old original order, including saved challenge
PASS: legacy quiet commit preserves omission, Player and every saved native clock without replaying gameplay deliveries
PASS: actual checked SaveStore persists the accepted legacy-format checkpoint without adding a receipt
PASS: legacy donor closure frees actual @Node3D@1170
PASS: legacy donor closure frees actual CraterGardens
PASS: legacy donor closure frees actual CinderPlayer
PASS: legacy donor closure frees actual @Node3D@1172
PASS: legacy donor closure frees actual Floor
PASS: legacy donor closure frees actual WestEdge
PASS: legacy donor closure frees actual EastEdge
PASS: legacy donor closure frees actual NorthEdge
PASS: legacy donor closure frees actual SouthEdge
PASS: legacy donor closure frees actual ApproachRock
PASS: legacy donor closure frees actual RockRouteOuterFlat
PASS: legacy donor closure frees actual CraterThreatScheduler
PASS: legacy donor closure frees actual SoloRushSelenite
PASS: legacy donor closure frees actual ThreatCue
PASS: legacy donor closure frees actual RockRushSelenite
PASS: legacy donor closure frees actual ThreatCue
PASS: legacy donor closure frees actual OpenRushSelenite
PASS: legacy donor closure frees actual ThreatCue
PASS: legacy donor closure frees actual FinaleRushSelenite
PASS: legacy donor closure frees actual ThreatCue
PASS: legacy donor closure frees actual ThreatCue
PASS: legacy donor closure frees actual ThreatCue
PASS: legacy donor closure frees actual ThreatCue
PASS: legacy donor closure frees actual ThreatCue
PASS: legacy donor closure frees actual ThreatCue
PASS: legacy donor closure frees actual GrottoContactCue
PASS: legacy donor closure frees actual CelestialCampSaveCue
PASS: production registry configures only isolated PID user paths
PASS: real production Title has no duplicate live world for legacy missing receipt challenge: 
PASS: production A1-L2 installation waits at its real paused Resume: 
PASS: reviewed Main owns one shared expedition Player/effects, four retained C30 and five HP-free stationary circles
PASS: retained actual C30 source/art binding: solo
PASS: retained actual C30 source/art binding: rock
PASS: retained actual C30 source/art binding: open
PASS: retained actual C30 source/art binding: finale
PASS: actual HP-free native circle/source/cue binding: landing-impact
PASS: actual HP-free native circle/source/cue binding: rock-impact
PASS: actual HP-free native circle/source/cue binding: open-impact
PASS: actual HP-free native circle/source/cue binding: finale-impact-a
PASS: actual HP-free native circle/source/cue binding: finale-impact-b
PASS: reviewed spawn, shared Scheduler and exact five-beat/four-checkpoint authored prefix remain intact
PASS: fresh actual GUI Continue restores exact legacy missing receipt challenge without gameplay callbacks: []
PASS: fresh legacy reader uses saved profile and recaptures the historical missing key
PASS: production A1-L2 installation waits at its real paused Resume: 
PASS: reviewed Main owns one shared expedition Player/effects, four retained C30 and five HP-free stationary circles
PASS: retained actual C30 source/art binding: solo
PASS: retained actual C30 source/art binding: rock
PASS: retained actual C30 source/art binding: open
PASS: retained actual C30 source/art binding: finale
PASS: actual HP-free native circle/source/cue binding: landing-impact
PASS: actual HP-free native circle/source/cue binding: rock-impact
PASS: actual HP-free native circle/source/cue binding: open-impact
PASS: actual HP-free native circle/source/cue binding: finale-impact-a
PASS: actual HP-free native circle/source/cue binding: finale-impact-b
PASS: reviewed spawn, shared Scheduler and exact five-beat/four-checkpoint authored prefix remain intact
PASS: actual GUI Retry restores exact legacy omission checkpoint without gameplay callbacks: []
PASS: legacy GUI Retry frees actual @Node3D@1265
PASS: legacy GUI Retry frees actual CraterGardens
PASS: legacy GUI Retry frees actual CinderPlayer
PASS: legacy GUI Retry frees actual @Node3D@1267
PASS: legacy GUI Retry frees actual Floor
PASS: legacy GUI Retry frees actual WestEdge
PASS: legacy GUI Retry frees actual EastEdge
PASS: legacy GUI Retry frees actual NorthEdge
PASS: legacy GUI Retry frees actual SouthEdge
PASS: legacy GUI Retry frees actual ApproachRock
PASS: legacy GUI Retry frees actual RockRouteOuterFlat
PASS: legacy GUI Retry frees actual CraterThreatScheduler
PASS: legacy GUI Retry frees actual SoloRushSelenite
PASS: legacy GUI Retry frees actual ThreatCue
PASS: legacy GUI Retry frees actual RockRushSelenite
PASS: legacy GUI Retry frees actual ThreatCue
PASS: legacy GUI Retry frees actual OpenRushSelenite
PASS: legacy GUI Retry frees actual ThreatCue
PASS: legacy GUI Retry frees actual FinaleRushSelenite
PASS: legacy GUI Retry frees actual ThreatCue
PASS: legacy GUI Retry frees actual ThreatCue
PASS: legacy GUI Retry frees actual ThreatCue
PASS: legacy GUI Retry frees actual ThreatCue
PASS: legacy GUI Retry frees actual ThreatCue
PASS: legacy GUI Retry frees actual ThreatCue
PASS: legacy GUI Retry frees actual GrottoContactCue
PASS: legacy GUI Retry frees actual CelestialCampSaveCue
PASS: legacy Retry retains exact omission rather than migrating an old Challenge encounter
PASS: completed focused case cleanup frees actual @Node3D@1299
PASS: completed focused case cleanup frees actual CraterGardens
PASS: completed focused case cleanup frees actual CinderPlayer
PASS: completed focused case cleanup frees actual @Node3D@1301
PASS: completed focused case cleanup frees actual Floor
PASS: completed focused case cleanup frees actual WestEdge
PASS: completed focused case cleanup frees actual EastEdge
PASS: completed focused case cleanup frees actual NorthEdge
PASS: completed focused case cleanup frees actual SouthEdge
PASS: completed focused case cleanup frees actual ApproachRock
PASS: completed focused case cleanup frees actual RockRouteOuterFlat
PASS: completed focused case cleanup frees actual CraterThreatScheduler
PASS: completed focused case cleanup frees actual SoloRushSelenite
PASS: completed focused case cleanup frees actual ThreatCue
PASS: completed focused case cleanup frees actual RockRushSelenite
PASS: completed focused case cleanup frees actual ThreatCue
PASS: completed focused case cleanup frees actual OpenRushSelenite
PASS: completed focused case cleanup frees actual ThreatCue
PASS: completed focused case cleanup frees actual FinaleRushSelenite
PASS: completed focused case cleanup frees actual ThreatCue
PASS: completed focused case cleanup frees actual ThreatCue
PASS: completed focused case cleanup frees actual ThreatCue
PASS: completed focused case cleanup frees actual ThreatCue
PASS: completed focused case cleanup frees actual ThreatCue
PASS: completed focused case cleanup frees actual ThreatCue
PASS: completed focused case cleanup frees actual GrottoContactCue
PASS: completed focused case cleanup frees actual CelestialCampSaveCue
PASS: native transport fixture does not rewrite registry/content authority
PASS: every retired recipient releases native cue/enemy groups
ACTUAL CHALLENGE ENTRY RECEIPTS {"api_revision":"exact-json-1","schema_version":1,"value":["array",[["dictionary",[["action_count",["integer","0"]],["kit",["string","starter"]],["legacy_profile",["string","standard"]],["legacy_writer_omits",["boolean",true]],["new_arrangement",["dictionary",[["id",["string","crater-original-1"]],["version",["integer","1"]]]]],["profile",["string","standard"]],["resources",["dictionary",[["dead",["boolean",false]],["hp",["float64","0000000000005940"]],["max_hp",["float64","0000000000005940"]],["max_shells",["integer","2"]],["shells",["integer","2"]]]]]]],["dictionary",[["action_count",["integer","0"]],["kit",["string","starter"]],["legacy_profile",["string","challenge"]],["legacy_writer_omits",["boolean",true]],["new_arrangement",["dictionary",[["id",["string","crater-finale-reversed-1"]],["version",["integer","1"]]]]],["profile",["string","challenge"]],["resources",["dictionary",[["dead",["boolean",false]],["hp",["float64","0000000000005940"]],["max_hp",["float64","0000000000005940"]],["max_shells",["integer","2"]],["shells",["integer","2"]]]]]]],["dictionary",[["action_count",["integer","0"]],["kit",["string","slow-long-short"]],["legacy_profile",["string","challenge"]],["legacy_writer_omits",["boolean",true]],["new_arrangement",["dictionary",[["id",["string","crater-finale-reversed-1"]],["version",["integer","1"]]]]],["profile",["string","challenge"]],["resources",["dictionary",[["dead",["boolean",false]],["hp",["float64","0100000000805b40"]],["max_hp",["float64","0100000000805b40"]],["max_shells",["integer","2"]],["shells",["integer","2"]]]]]]]]]}
Act1 L2 Challenge entry/transport: 782 checks, 0 failures; source=res://scripts/acts/act1/crater_gardens.gd; TEST ONLY predecessor prefix; no movement/finale/visual/balance/full-route claim
