Godot Engine v4.7.2.stable.official.ed1daf0bf - https://godotengine.org
OpenGL API 4.1 Metal - 90.5 - Compatibility - Using Device: Apple - Apple M3

L5 brief scope: actual initial production Shell entry, independently constructed native presented Sentry/Foot locks, direct permanently inert kit coda. Synthetic prior prefix only; no earned boss/host coda, full route, balance or art acceptance.
ERROR: bounded actual lock publication: { "api_revision": "act2-b05-ray-exchange-1", "source_id": "A2-L5:dying-sentry", "status": "idle", "phase": "clear", "phase_progress": 0.0, "cycle": 0, "direction": (0.0, 0.0, 1.0), "armed": false, "geometry": {  }, "exchange": {  }, "bait_sample": {  }, "hit_consumed": false, "last_cancel_reason": "", "proof": {  }, "proof_available": false, "presentation_witness": {  } } / ["B05 required native bindings/presentation lost"]
   at: push_error (core/variant/variant_utility.cpp:1023)
   GDScript backtrace (most recent call first):
       [0] _expect (res://tests/acts/act2/a2_l2_live_level_smoke.gd:692)
       [1] _art_until_phase (res://tests/acts/act2/a2_l5_production_portrait_smoke.gd:332)
       [2] _art_step (res://tests/acts/act2/a2_l5_production_portrait_smoke.gd:341)
       [3] _physics_process (res://tests/acts/act2/a2_l4_live_level_smoke.gd:55)
ERROR: exact four selected brief views, no partial gallery accepted
   at: push_error (core/variant/variant_utility.cpp:1023)
   GDScript backtrace (most recent call first):
       [0] _expect (res://tests/acts/act2/a2_l2_live_level_smoke.gd:692)
       [1] _run (res://tests/acts/act2/a2_l5_production_portrait_smoke.gd:58)
       [2] _art_release_shell (res://tests/acts/act2/a2_l5_production_portrait_smoke.gd:401)
       [3] _art_settle (res://tests/acts/act2/a2_l5_production_portrait_smoke.gd:344)
ERROR: actual rendered labels preserve exact scoped order
   at: push_error (core/variant/variant_utility.cpp:1023)
   GDScript backtrace (most recent call first):
       [0] _expect (res://tests/acts/act2/a2_l2_live_level_smoke.gd:692)
       [1] _run (res://tests/acts/act2/a2_l5_production_portrait_smoke.gd:61)
       [2] _art_release_shell (res://tests/acts/act2/a2_l5_production_portrait_smoke.gd:401)
       [3] _art_settle (res://tests/acts/act2/a2_l5_production_portrait_smoke.gd:344)
L5 brief production portrait smoke: 2843 checks, 3 failures; scope_complete=false; entry + native component locks + direct inert scenery only
