Godot Engine v4.7.2.stable.official.ed1daf0bf - https://godotengine.org

TEST ONLY B05 late transport: real native Standard/Heavy threshold and isolated Foot; representative component pending/dead/phase2/pair tuples, no earned whole-level checkpoint or playthrough
PASS: standard authors canonical Heavy before Hero entry
PASS: standard begins exactly one native encounter
PASS: standard binds actual ready Hero without a synthetic landing
PASS: standard configures actual persistent Ray and distinct Foot under one parent
PASS: actual Standard parent binds complete two-owner/one-floor transport scope
PASS: real source earns grounded native support before start
PASS: public start seeds actual first bait boundary
PASS: actual Ray native lock supplies original primary-only response proof
PASS: actual first-response dash starts inside allotted native interval with readiness
PASS: public native first-response dash accepts original proof direction
PASS: actual completed first-response landing is retained by the canonical bait cache
PASS: actual first-response dash starts inside allotted native interval with readiness
PASS: public native first-response dash accepts original proof direction
PASS: actual completed first-response landing is retained by the canonical bait cache
PASS: actual public first primary is reachable and its full cadence fits real recovery
PASS: one public Heavy primary exhausts only the actual first finite pool
ERROR: FAIL: real first Heavy hit yields strict pending15HP/spent source packet before phase commit
   at: push_error (core/variant/variant_utility.cpp:1023)
   GDScript backtrace (most recent call first):
       [0] _expect (res://tests/acts/act2/a2_l5_sentry_encounter_smoke.gd:336)
       [1] _phase_transport (res://tests/acts/act2/a2_l5_sentry_phase_transport_smoke.gd:64)
       [2] _phase_barrier (res://tests/acts/act2/a2_l5_sentry_phase_transport_smoke.gd:153)
PASS: whole actual late-parent/controller/owners/cues/Scheduler world is freed
A2-L5 Sentry phase transport smoke: 18 checks, 1 failures; actual Standard first threshold/spent-source fatal/natural Foot/phase2 pending-delivered exactly-once notification/first armed paired native quiet transport only; no protected Shell checkpoint, whole route, second-pool defeat, recognizer, portrait or balance credit
WARNING: 2 ObjectDB instances were leaked at exit (run with `--verbose` for details).
   at: cleanup (core/object/object.cpp:2536)
