Godot Engine v4.7.2.stable.official.ed1daf0bf - https://godotengine.org

PASS: actual Scheduler selects a fresh raw Standard encounter
PASS: TEST ONLY initial paused empty-ammo seed retains coherent actual actor
PASS: genuine shared Playback subclass owns immutable native definition, HP, visible mesh and fixed endpoint
PASS: own enemy configure_authored uses its actual source hooks: 
PASS: profile retains EXACT real shared Scheduler Script required by ReplayWitness
PASS: actual exclusive stationary source receives complete live-body own-enemy witness: 
PASS: native required footprint derives from exact own source/world/floor program
PASS: projected owner binds exact actual exclusive Player without a capture gate: 
PASS: pure probes use the genuine one-event Cue and actual retained native renderer guard/Cursor
PASS: separate probes start at the actual same prelock native clock/epoch/generation
PASS: separate actual pure replay_reservation_error probe authenticates genuine admitted source
PASS: separate actual pure authored_replay_source_error probe authenticates genuine admitted source
PASS: separate actual pure cue.projection_error probe authenticates genuine admitted source
PASS: separate actual pure renderer_guard.current_error probe authenticates genuine admitted source
PASS: separate actual pure cursor.snapshot_error probe authenticates genuine admitted source
PASS: separate actual pure replay_reservation_error probe authenticates genuine admitted source
PASS: separate actual pure authored_replay_source_error probe authenticates genuine admitted source
PASS: separate actual pure cue.projection_error probe authenticates genuine admitted source
PASS: separate actual pure renderer_guard.current_error probe authenticates genuine admitted source
PASS: separate actual pure cursor.snapshot_error probe authenticates genuine admitted source
PASS: separate actual pure replay_reservation_error probe authenticates genuine admitted source
PASS: separate actual pure authored_replay_source_error probe authenticates genuine admitted source
PASS: separate actual pure cue.projection_error probe authenticates genuine admitted source
PASS: separate actual pure renderer_guard.current_error probe authenticates genuine admitted source
PASS: separate actual pure cursor.snapshot_error probe authenticates genuine admitted source
PASS: separate same-clock pure probes retain real clocks/diagnostics/source/Hero/history
PASS: separate native probes retain actual guard/Cursor/Cue identities, diagnostics, projection and delivery prefix
PASS: fixed-clock probes neither yield a native frame nor add a production advance sample
PASS: actual due lock revalidates full lead and current actual Player: 
PASS: own cursor consumes actual canonical lock without retiming or new proof
PASS: profile executes actual routed first_escape_dash
PASS: profile harmless route retains real Hero HP and fixed native source
PASS: profile executes actual routed tether_positioning_dash
PASS: profile harmless route retains real Hero HP and fixed native source
PASS: real profile witness returns to ordinary hittable recovery knot
PASS: real profile first tap executes ordinary primary
PASS: real profile route defeats own HP source once without Hero damage
PASS: measurement workload contains two native dashes and one ordinary primary; natural ammo regeneration preserved
PASS: bounded raw native measurements remain complete
PASS: profile native advance accepts original authority and monotonic real clock
PASS: profile native advance accepts original authority and monotonic real clock
PASS: profile native advance accepts original authority and monotonic real clock
PASS: profile native advance accepts original authority and monotonic real clock
PASS: profile native advance accepts original authority and monotonic real clock
PASS: profile native advance accepts original authority and monotonic real clock
PASS: profile native advance accepts original authority and monotonic real clock
PASS: profile native advance accepts original authority and monotonic real clock
PASS: profile native advance accepts original authority and monotonic real clock
PASS: profile native advance accepts original authority and monotonic real clock
PASS: profile native advance accepts original authority and monotonic real clock
PASS: profile native advance accepts original authority and monotonic real clock
PASS: profile native advance accepts original authority and monotonic real clock
PASS: profile native advance accepts original authority and monotonic real clock
PASS: profile native advance accepts original authority and monotonic real clock
PASS: profile native advance accepts original authority and monotonic real clock
PASS: profile native advance accepts original authority and monotonic real clock
PASS: profile native advance accepts original authority and monotonic real clock
PASS: profile native advance accepts original authority and monotonic real clock
PASS: profile native advance accepts original authority and monotonic real clock
PASS: profile native advance accepts original authority and monotonic real clock
PASS: profile native advance accepts original authority and monotonic real clock
PASS: profile native advance accepts original authority and monotonic real clock
PASS: profile native advance accepts original authority and monotonic real clock
PASS: profile native advance accepts original authority and monotonic real clock
PASS: profile native advance accepts original authority and monotonic real clock
PASS: profile native advance accepts original authority and monotonic real clock
PASS: profile native advance accepts original authority and monotonic real clock
PASS: profile native advance accepts original authority and monotonic real clock
PASS: profile native advance accepts original authority and monotonic real clock
PASS: profile native advance accepts original authority and monotonic real clock
PASS: profile native advance accepts original authority and monotonic real clock
PASS: profile native advance accepts original authority and monotonic real clock
PASS: profile native advance accepts original authority and monotonic real clock
PASS: profile native advance accepts original authority and monotonic real clock
PASS: profile native advance accepts original authority and monotonic real clock
PASS: profile native advance accepts original authority and monotonic real clock
PASS: profile native advance accepts original authority and monotonic real clock
PASS: profile native advance accepts original authority and monotonic real clock
PASS: profile native advance accepts original authority and monotonic real clock
PASS: profile native advance accepts original authority and monotonic real clock
PASS: profile native advance accepts original authority and monotonic real clock
PASS: profile native advance accepts original authority and monotonic real clock
PASS: profile native advance accepts original authority and monotonic real clock
PASS: profile native advance accepts original authority and monotonic real clock
PASS: profile native advance accepts original authority and monotonic real clock
PASS: profile native advance accepts original authority and monotonic real clock
PASS: profile native advance accepts original authority and monotonic real clock
PASS: profile native advance accepts original authority and monotonic real clock
PASS: profile native advance accepts original authority and monotonic real clock
PASS: profile native advance accepts original authority and monotonic real clock
PASS: profile native advance accepts original authority and monotonic real clock
PASS: profile native advance accepts original authority and monotonic real clock
PASS: profile native advance accepts original authority and monotonic real clock
PASS: profile native advance accepts original authority and monotonic real clock
PASS: profile native advance accepts original authority and monotonic real clock
PASS: profile native advance accepts original authority and monotonic real clock
PASS: profile native advance accepts original authority and monotonic real clock
PASS: profile native advance accepts original authority and monotonic real clock
PASS: profile native advance accepts original authority and monotonic real clock
PASS: profile native advance accepts original authority and monotonic real clock
PASS: profile native advance accepts original authority and monotonic real clock
PASS: profile native advance accepts original authority and monotonic real clock
PASS: profile native advance accepts original authority and monotonic real clock
PASS: profile native advance accepts original authority and monotonic real clock
PASS: profile native advance accepts original authority and monotonic real clock
PASS: profile native advance accepts original authority and monotonic real clock
PASS: profile native advance accepts original authority and monotonic real clock
PASS: profile native advance accepts original authority and monotonic real clock
PASS: profile native advance accepts original authority and monotonic real clock
PASS: profile native advance accepts original authority and monotonic real clock
PASS: profile native advance accepts original authority and monotonic real clock
PASS: profile native advance accepts original authority and monotonic real clock
PASS: profile actually observes finite native warning/active/recovery execution
AUTHORED_ECHO_PROFILE_JSON {"actual_world_actions":[{"completed_at_s":0.933333333333335,"damage":0.0,"hits":0,"kind":"dash","started_at_s":0.750000000000001},{"completed_at_s":1.46666666666667,"damage":0.0,"hits":0,"kind":"dash","started_at_s":1.28333333333333},{"completed_at_s":1.55,"damage":20.0,"hits":1,"kind":"primary","started_at_s":1.55}],"admission_projection_bind_inclusive_us":181558,"advance_cost_summary_us":{"count":72,"inclusive_total_us":4437418,"max_us":318582,"mean_us":61630.8055555556,"p50_us":52422,"p95_us":113868},"advance_phase_summary_us":{"active":{"count":14,"inclusive_total_us":1113603,"max_us":318582,"mean_us":79543.0714285714,"p50_us":52694,"p95_us":318582},"lock":{"count":23,"inclusive_total_us":1504242,"max_us":167499,"mean_us":65401.8260869565,"p50_us":55832,"p95_us":120606},"recovery":{"count":19,"inclusive_total_us":949959,"max_us":54982,"mean_us":49997.8421052632,"p50_us":49570,"p95_us":54982},"warning":{"count":16,"inclusive_total_us":869614,"max_us":74259,"mean_us":54350.875,"p50_us":52302,"p95_us":74259}},"advance_samples":[{"accepted":true,"automatic_native_tick":true,"clock_s":0.366666666666667,"event_count":0,"finish_us":1423016,"inclusive_us":52302,"phase":"warning","physics_frame":23,"process_frame":20,"start_us":1370714},{"accepted":true,"automatic_native_tick":true,"clock_s":0.383333333333333,"event_count":0,"finish_us":1479565,"inclusive_us":51202,"phase":"warning","physics_frame":24,"process_frame":20,"start_us":1428363},{"accepted":true,"automatic_native_tick":true,"clock_s":0.4,"event_count":0,"finish_us":1534928,"inclusive_us":50866,"phase":"warning","physics_frame":25,"process_frame":20,"start_us":1484062},{"accepted":true,"automatic_native_tick":true,"clock_s":0.416666666666667,"event_count":0,"finish_us":1590751,"inclusive_us":51182,"phase":"warning","physics_frame":26,"process_frame":20,"start_us":1539569},{"accepted":true,"automatic_native_tick":true,"clock_s":0.433333333333333,"event_count":0,"finish_us":1649093,"inclusive_us":53692,"phase":"warning","physics_frame":27,"process_frame":20,"start_us":1595401},{"accepted":true,"automatic_native_tick":true,"clock_s":0.45,"event_count":0,"finish_us":1728910,"inclusive_us":74259,"phase":"warning","physics_frame":28,"process_frame":20,"start_us":1654651},{"accepted":true,"automatic_native_tick":true,"clock_s":0.466666666666667,"event_count":0,"finish_us":1794797,"inclusive_us":57623,"phase":"warning","physics_frame":29,"process_frame":20,"start_us":1737174},{"accepted":true,"automatic_native_tick":true,"clock_s":0.483333333333333,"event_count":0,"finish_us":1856832,"inclusive_us":57357,"phase":"warning","physics_frame":30,"process_frame":20,"start_us":1799475},{"accepted":true,"automatic_native_tick":true,"clock_s":0.5,"event_count":0,"finish_us":1918093,"inclusive_us":55917,"phase":"warning","physics_frame":31,"process_frame":21,"start_us":1862176},{"accepted":true,"automatic_native_tick":true,"clock_s":0.516666666666667,"event_count":0,"finish_us":1976534,"inclusive_us":53445,"phase":"warning","physics_frame":32,"process_frame":21,"start_us":1923089},{"accepted":true,"automatic_native_tick":true,"clock_s":0.533333333333333,"event_count":0,"finish_us":2034199,"inclusive_us":52854,"phase":"warning","physics_frame":33,"process_frame":21,"start_us":1981345},{"accepted":true,"automatic_native_tick":true,"clock_s":0.55,"event_count":0,"finish_us":2090396,"inclusive_us":51420,"phase":"warning","physics_frame":34,"process_frame":21,"start_us":2038976},{"accepted":true,"automatic_native_tick":true,"clock_s":0.566666666666667,"event_count":0,"finish_us":2148926,"inclusive_us":53349,"phase":"warning","physics_frame":35,"process_frame":21,"start_us":2095577},{"accepted":true,"automatic_native_tick":true,"clock_s":0.583333333333333,"event_count":0,"finish_us":2205546,"inclusive_us":51955,"phase":"warning","physics_frame":36,"process_frame":21,"start_us":2153591},{"accepted":true,"automatic_native_tick":true,"clock_s":0.6,"event_count":0,"finish_us":2261682,"inclusive_us":51523,"phase":"warning","physics_frame":37,"process_frame":21,"start_us":2210159},{"accepted":true,"automatic_native_tick":true,"clock_s":0.616666666666667,"event_count":0,"finish_us":2316932,"inclusive_us":50668,"phase":"warning","physics_frame":38,"process_frame":21,"start_us":2266264},{"accepted":true,"automatic_native_tick":false,"clock_s":0.616666666666667,"event_count":0,"finish_us":2387740,"inclusive_us":50235,"phase":"lock","physics_frame":38,"process_frame":21,"start_us":2337505},{"accepted":true,"automatic_native_tick":true,"clock_s":0.633333333333334,"event_count":0,"finish_us":2442860,"inclusive_us":50518,"phase":"lock","physics_frame":39,"process_frame":22,"start_us":2392342},{"accepted":true,"automatic_native_tick":true,"clock_s":0.65,"event_count":0,"finish_us":2498168,"inclusive_us":50822,"phase":"lock","physics_frame":40,"process_frame":22,"start_us":2447346},{"accepted":true,"automatic_native_tick":true,"clock_s":0.666666666666667,"event_count":0,"finish_us":2561086,"inclusive_us":57969,"phase":"lock","physics_frame":41,"process_frame":22,"start_us":2503117},{"accepted":true,"automatic_native_tick":true,"clock_s":0.683333333333334,"event_count":0,"finish_us":2632215,"inclusive_us":61877,"phase":"lock","physics_frame":42,"process_frame":22,"start_us":2570338},{"accepted":true,"automatic_native_tick":true,"clock_s":0.700000000000001,"event_count":0,"finish_us":2693165,"inclusive_us":55832,"phase":"lock","physics_frame":43,"process_frame":22,"start_us":2637333},{"accepted":true,"automatic_native_tick":true,"clock_s":0.716666666666667,"event_count":0,"finish_us":2760427,"inclusive_us":62249,"phase":"lock","physics_frame":44,"process_frame":22,"start_us":2698178},{"accepted":true,"automatic_native_tick":true,"clock_s":0.733333333333334,"event_count":0,"finish_us":2829127,"inclusive_us":63267,"phase":"lock","physics_frame":45,"process_frame":22,"start_us":2765860},{"accepted":true,"automatic_native_tick":true,"clock_s":0.750000000000001,"event_count":0,"finish_us":3002366,"inclusive_us":167499,"phase":"lock","physics_frame":46,"process_frame":22,"start_us":2834867},{"accepted":true,"automatic_native_tick":true,"clock_s":0.766666666666667,"event_count":0,"finish_us":3128762,"inclusive_us":120606,"phase":"lock","physics_frame":47,"process_frame":23,"start_us":3008156},{"accepted":true,"automatic_native_tick":true,"clock_s":0.783333333333334,"event_count":0,"finish_us":3185484,"inclusive_us":51971,"phase":"lock","physics_frame":48,"process_frame":23,"start_us":3133513},{"accepted":true,"automatic_native_tick":true,"clock_s":0.800000000000001,"event_count":0,"finish_us":3243980,"inclusive_us":53907,"phase":"lock","physics_frame":49,"process_frame":23,"start_us":3190073},{"accepted":true,"automatic_native_tick":true,"clock_s":0.816666666666668,"event_count":0,"finish_us":3308988,"inclusive_us":59196,"phase":"lock","physics_frame":50,"process_frame":23,"start_us":3249792},{"accepted":true,"automatic_native_tick":true,"clock_s":0.833333333333334,"event_count":0,"finish_us":3371717,"inclusive_us":57990,"phase":"lock","physics_frame":51,"process_frame":23,"start_us":3313727},{"accepted":true,"automatic_native_tick":true,"clock_s":0.850000000000001,"event_count":0,"finish_us":3428536,"inclusive_us":52287,"phase":"lock","physics_frame":52,"process_frame":23,"start_us":3376249},{"accepted":true,"automatic_native_tick":true,"clock_s":0.866666666666668,"event_count":0,"finish_us":3488537,"inclusive_us":55498,"phase":"lock","physics_frame":53,"process_frame":23,"start_us":3433039},{"accepted":true,"automatic_native_tick":true,"clock_s":0.883333333333334,"event_count":0,"finish_us":3574954,"inclusive_us":80949,"phase":"lock","physics_frame":54,"process_frame":23,"start_us":3494005},{"accepted":true,"automatic_native_tick":true,"clock_s":0.900000000000001,"event_count":0,"finish_us":3632331,"inclusive_us":52715,"phase":"lock","physics_frame":55,"process_frame":24,"start_us":3579616},{"accepted":true,"automatic_native_tick":true,"clock_s":0.916666666666668,"event_count":0,"finish_us":3688703,"inclusive_us":51635,"phase":"lock","physics_frame":56,"process_frame":24,"start_us":3637068},{"accepted":true,"automatic_native_tick":true,"clock_s":0.933333333333335,"event_count":0,"finish_us":3749149,"inclusive_us":55362,"phase":"lock","physics_frame":57,"process_frame":24,"start_us":3693787},{"accepted":true,"automatic_native_tick":true,"clock_s":0.950000000000001,"event_count":0,"finish_us":3806868,"inclusive_us":52280,"phase":"lock","physics_frame":58,"process_frame":24,"start_us":3754588},{"accepted":true,"automatic_native_tick":true,"clock_s":0.966666666666668,"event_count":0,"finish_us":3880171,"inclusive_us":68519,"phase":"lock","physics_frame":59,"process_frame":24,"start_us":3811652},{"accepted":true,"automatic_native_tick":true,"clock_s":0.983333333333335,"event_count":0,"finish_us":3940059,"inclusive_us":55232,"phase":"lock","physics_frame":60,"process_frame":24,"start_us":3884827},{"accepted":true,"automatic_native_tick":true,"clock_s":1.0,"event_count":0,"finish_us":4010876,"inclusive_us":66062,"phase":"lock","physics_frame":61,"process_frame":24,"start_us":3944814},{"accepted":true,"automatic_native_tick":true,"clock_s":1.01666666666667,"event_count":0,"finish_us":4351329,"inclusive_us":318582,"phase":"active","physics_frame":62,"process_frame":24,"start_us":4032747},{"accepted":true,"automatic_native_tick":true,"clock_s":1.03333333333333,"event_count":0,"finish_us":4470814,"inclusive_us":113868,"phase":"active","physics_frame":63,"process_frame":25,"start_us":4356946},{"accepted":true,"automatic_native_tick":true,"clock_s":1.05,"event_count":0,"finish_us":4528039,"inclusive_us":52544,"phase":"active","physics_frame":64,"process_frame":25,"start_us":4475495},{"accepted":true,"automatic_native_tick":true,"clock_s":1.06666666666667,"event_count":0,"finish_us":4593778,"inclusive_us":60913,"phase":"active","physics_frame":65,"process_frame":25,"start_us":4532865},{"accepted":true,"automatic_native_tick":true,"clock_s":1.08333333333333,"event_count":0,"finish_us":4658706,"inclusive_us":60327,"phase":"active","physics_frame":66,"process_frame":25,"start_us":4598379},{"accepted":true,"automatic_native_tick":true,"clock_s":1.1,"event_count":0,"finish_us":4724975,"inclusive_us":57345,"phase":"active","physics_frame":67,"process_frame":25,"start_us":4667630},{"accepted":true,"automatic_native_tick":true,"clock_s":1.11666666666667,"event_count":0,"finish_us":4782384,"inclusive_us":52694,"phase":"active","physics_frame":68,"process_frame":25,"start_us":4729690},{"accepted":true,"automatic_native_tick":true,"clock_s":1.13333333333333,"event_count":0,"finish_us":4844114,"inclusive_us":56293,"phase":"active","physics_frame":69,"process_frame":25,"start_us":4787821},{"accepted":true,"automatic_native_tick":true,"clock_s":1.15,"event_count":0,"finish_us":4897603,"inclusive_us":49042,"phase":"active","physics_frame":70,"process_frame":25,"start_us":4848561},{"accepted":true,"automatic_native_tick":true,"clock_s":1.16666666666667,"event_count":0,"finish_us":4953539,"inclusive_us":51385,"phase":"active","physics_frame":71,"process_frame":26,"start_us":4902154},{"accepted":true,"automatic_native_tick":true,"clock_s":1.18333333333333,"event_count":0,"finish_us":5008464,"inclusive_us":50354,"phase":"active","physics_frame":72,"process_frame":26,"start_us":4958110},{"accepted":true,"automatic_native_tick":true,"clock_s":1.2,"event_count":1,"finish_us":5105644,"inclusive_us":92559,"phase":"active","physics_frame":73,"process_frame":26,"start_us":5013085},{"accepted":true,"automatic_native_tick":true,"clock_s":1.21666666666667,"event_count":0,"finish_us":5159731,"inclusive_us":49711,"phase":"active","physics_frame":74,"process_frame":26,"start_us":5110020},{"accepted":true,"automatic_native_tick":true,"clock_s":1.23333333333333,"event_count":0,"finish_us":5212012,"inclusive_us":47986,"phase":"active","physics_frame":75,"process_frame":26,"start_us":5164026},{"accepted":true,"automatic_native_tick":true,"clock_s":1.25,"event_count":0,"finish_us":5266009,"inclusive_us":49745,"phase":"recovery","physics_frame":76,"process_frame":26,"start_us":5216264},{"accepted":true,"automatic_native_tick":true,"clock_s":1.26666666666667,"event_count":0,"finish_us":5323232,"inclusive_us":52422,"phase":"recovery","physics_frame":77,"process_frame":26,"start_us":5270810},{"accepted":true,"automatic_native_tick":true,"clock_s":1.28333333333333,"event_count":0,"finish_us":5377491,"inclusive_us":49596,"phase":"recovery","physics_frame":78,"process_frame":26,"start_us":5327895},{"accepted":true,"automatic_native_tick":true,"clock_s":1.3,"event_count":0,"finish_us":5431753,"inclusive_us":49570,"phase":"recovery","physics_frame":79,"process_frame":27,"start_us":5382183},{"accepted":true,"automatic_native_tick":true,"clock_s":1.31666666666667,"event_count":0,"finish_us":5484698,"inclusive_us":48508,"phase":"recovery","physics_frame":80,"process_frame":27,"start_us":5436190},{"accepted":true,"automatic_native_tick":true,"clock_s":1.33333333333333,"event_count":0,"finish_us":5537073,"inclusive_us":47939,"phase":"recovery","physics_frame":81,"process_frame":27,"start_us":5489134},{"accepted":true,"automatic_native_tick":true,"clock_s":1.35,"event_count":0,"finish_us":5590471,"inclusive_us":49057,"phase":"recovery","physics_frame":82,"process_frame":27,"start_us":5541414},{"accepted":true,"automatic_native_tick":true,"clock_s":1.36666666666667,"event_count":0,"finish_us":5649174,"inclusive_us":54360,"phase":"recovery","physics_frame":83,"process_frame":27,"start_us":5594814},{"accepted":true,"automatic_native_tick":true,"clock_s":1.38333333333333,"event_count":0,"finish_us":5709103,"inclusive_us":54982,"phase":"recovery","physics_frame":84,"process_frame":27,"start_us":5654121},{"accepted":true,"automatic_native_tick":true,"clock_s":1.4,"event_count":0,"finish_us":5764723,"inclusive_us":51086,"phase":"recovery","physics_frame":85,"process_frame":27,"start_us":5713637},{"accepted":true,"automatic_native_tick":true,"clock_s":1.41666666666667,"event_count":0,"finish_us":5821011,"inclusive_us":51321,"phase":"recovery","physics_frame":86,"process_frame":27,"start_us":5769690},{"accepted":true,"automatic_native_tick":true,"clock_s":1.43333333333333,"event_count":0,"finish_us":5876176,"inclusive_us":50553,"phase":"recovery","physics_frame":87,"process_frame":28,"start_us":5825623},{"accepted":true,"automatic_native_tick":true,"clock_s":1.45,"event_count":0,"finish_us":5931711,"inclusive_us":51023,"phase":"recovery","physics_frame":88,"process_frame":28,"start_us":5880688},{"accepted":true,"automatic_native_tick":true,"clock_s":1.46666666666667,"event_count":0,"finish_us":5984700,"inclusive_us":48484,"phase":"recovery","physics_frame":89,"process_frame":28,"start_us":5936216},{"accepted":true,"automatic_native_tick":true,"clock_s":1.48333333333333,"event_count":0,"finish_us":6037420,"inclusive_us":48318,"phase":"recovery","physics_frame":90,"process_frame":28,"start_us":5989102},{"accepted":true,"automatic_native_tick":true,"clock_s":1.5,"event_count":0,"finish_us":6090193,"inclusive_us":48296,"phase":"recovery","physics_frame":91,"process_frame":28,"start_us":6041897},{"accepted":true,"automatic_native_tick":true,"clock_s":1.51666666666667,"event_count":0,"finish_us":6142936,"inclusive_us":48410,"phase":"recovery","physics_frame":92,"process_frame":28,"start_us":6094526},{"accepted":true,"automatic_native_tick":true,"clock_s":1.53333333333333,"event_count":0,"finish_us":6195427,"inclusive_us":48175,"phase":"recovery","physics_frame":93,"process_frame":28,"start_us":6147252},{"accepted":true,"automatic_native_tick":true,"clock_s":1.55,"event_count":0,"finish_us":6247836,"inclusive_us":48114,"phase":"recovery","physics_frame":94,"process_frame":28,"start_us":6199722}],"api_revision":"test-only-authored-echo-performance-2","automatic_native_advances":72,"display_driver":"headless","engine":{"build":"official","hash":"ed1daf0bf001b61586d9930840f2f1394092c079","hex":263938,"major":4,"minor":7,"patch":2,"status":"stable","string":"4.7.2-stable (official)","timestamp":0},"limitations":"Instrumented one-Box native source first cycle with EXACT real Scheduler; advance end timestamps exclude appended sample bookkeeping. Cycle wall elapsed includes separately reported direct fixed-clock probes, admission/projection/bind, native loop waits and other observer overhead; probe costs are not nested production call counts. Three samples per API inspect only the genuine admitted prelock clock; Cue, renderer guard and Cursor probes use the actual retained instances, not new guards or cached authority. Not actual authored A3-L3, production 16-visual art, portrait review, FPS, CPU monitor percentiles, sustained performance or a latency acceptance threshold. No guards or contact/proof authority bypassed.","native_output":[540,1170],"native_phases_observed":["warning","lock","active","recovery"],"physics_ticks_per_second":60,"required_native_visuals":1,"schema_version":2,"separate_fixed_clock_guard_probes":[{"accepted":true,"call":"replay_reservation_error","clock_after_s":0.35,"error":"","finish_us":1316394,"fixed_clock_s":0.35,"inclusive_us":4444,"repetition":0,"scope":"separate_pure_probe_not_nested_native_advance","start_us":1311950},{"accepted":true,"call":"authored_replay_source_error","clock_after_s":0.35,"error":"","finish_us":1320456,"fixed_clock_s":0.35,"inclusive_us":4042,"repetition":0,"scope":"separate_pure_probe_not_nested_native_advance","start_us":1316414},{"accepted":true,"call":"cue.projection_error","clock_after_s":0.35,"error":"","finish_us":1322254,"fixed_clock_s":0.35,"inclusive_us":1776,"repetition":0,"scope":"separate_pure_probe_not_nested_native_advance","start_us":1320478},{"accepted":true,"call":"renderer_guard.current_error","clock_after_s":0.35,"error":"","finish_us":1322754,"fixed_clock_s":0.35,"inclusive_us":489,"repetition":0,"scope":"separate_pure_probe_not_nested_native_advance","start_us":1322265},{"accepted":true,"call":"cursor.snapshot_error","clock_after_s":0.35,"error":"","finish_us":1325726,"fixed_clock_s":0.35,"inclusive_us":2963,"repetition":0,"scope":"separate_pure_probe_not_nested_native_advance","start_us":1322763},{"accepted":true,"call":"replay_reservation_error","clock_after_s":0.35,"error":"","finish_us":1330196,"fixed_clock_s":0.35,"inclusive_us":4461,"repetition":1,"scope":"separate_pure_probe_not_nested_native_advance","start_us":1325735},{"accepted":true,"call":"authored_replay_source_error","clock_after_s":0.35,"error":"","finish_us":1334132,"fixed_clock_s":0.35,"inclusive_us":3922,"repetition":1,"scope":"separate_pure_probe_not_nested_native_advance","start_us":1330210},{"accepted":true,"call":"cue.projection_error","clock_after_s":0.35,"error":"","finish_us":1335984,"fixed_clock_s":0.35,"inclusive_us":1843,"repetition":1,"scope":"separate_pure_probe_not_nested_native_advance","start_us":1334141},{"accepted":true,"call":"renderer_guard.current_error","clock_after_s":0.35,"error":"","finish_us":1336502,"fixed_clock_s":0.35,"inclusive_us":500,"repetition":1,"scope":"separate_pure_probe_not_nested_native_advance","start_us":1336002},{"accepted":true,"call":"cursor.snapshot_error","clock_after_s":0.35,"error":"","finish_us":1339729,"fixed_clock_s":0.35,"inclusive_us":3215,"repetition":1,"scope":"separate_pure_probe_not_nested_native_advance","start_us":1336514},{"accepted":true,"call":"replay_reservation_error","clock_after_s":0.35,"error":"","finish_us":1344152,"fixed_clock_s":0.35,"inclusive_us":4400,"repetition":2,"scope":"separate_pure_probe_not_nested_native_advance","start_us":1339752},{"accepted":true,"call":"authored_replay_source_error","clock_after_s":0.35,"error":"","finish_us":1348048,"fixed_clock_s":0.35,"inclusive_us":3886,"repetition":2,"scope":"separate_pure_probe_not_nested_native_advance","start_us":1344162},{"accepted":true,"call":"cue.projection_error","clock_after_s":0.35,"error":"","finish_us":1349908,"fixed_clock_s":0.35,"inclusive_us":1851,"repetition":2,"scope":"separate_pure_probe_not_nested_native_advance","start_us":1348057},{"accepted":true,"call":"renderer_guard.current_error","clock_after_s":0.35,"error":"","finish_us":1350420,"fixed_clock_s":0.35,"inclusive_us":500,"repetition":2,"scope":"separate_pure_probe_not_nested_native_advance","start_us":1349920},{"accepted":true,"call":"cursor.snapshot_error","clock_after_s":0.35,"error":"","finish_us":1353478,"fixed_clock_s":0.35,"inclusive_us":3044,"repetition":2,"scope":"separate_pure_probe_not_nested_native_advance","start_us":1350434}],"separate_fixed_clock_probe_elapsed_us":41550,"separate_fixed_clock_probe_summary_us":{"authored_replay_source_error":{"count":3,"inclusive_total_us":11850,"max_us":4042,"mean_us":3950.0,"p50_us":3922,"p95_us":4042},"cue.projection_error":{"count":3,"inclusive_total_us":5470,"max_us":1851,"mean_us":1823.33333333333,"p50_us":1843,"p95_us":1851},"cursor.snapshot_error":{"count":3,"inclusive_total_us":9222,"max_us":3215,"mean_us":3074.0,"p50_us":3044,"p95_us":3215},"renderer_guard.current_error":{"count":3,"inclusive_total_us":1489,"max_us":500,"mean_us":496.333333333333,"p50_us":500,"p95_us":500},"replay_reservation_error":{"count":3,"inclusive_total_us":13305,"max_us":4461,"mean_us":4435.0,"p50_us":4444,"p95_us":4461}},"simulation_elapsed_s":1.2,"simulation_finish_s":1.55,"simulation_start_s":0.35,"viewport_size":[270,585],"wall_elapsed_us":5121224,"wall_finish_us":6251496,"wall_start_us":1130272}
Authored echo performance smoke: 113 checks, 0 failures; native-only first-cycle measurement
