Waiting for the shared Godot session to close…
Godot Engine v4.7.2.stable.official.ed1daf0bf - https://godotengine.org

PASS: actual MainScene installs the bounded mixed room
PASS: shared traveller and actual HP-free/source priority90/100/110/postactor1000 contract
PASS: fresh real world has one configured idle Echo and one unadmitted pulse at native clock0
PASS: explicit unsupported whole-unit save/restore refusal leaves real arrival untouched
PASS: actual pulse1 precedes Echo and uses the real fixed circle source without ammo
PASS: public Game requests a complete-tick pause at pulse1-warning
PASS: actual deferred pause settles outside actor transactions
PASS: explicit unsupported whole-unit save/restore refusal leaves real pulse1-warning untouched
PASS: ordinary pause freezes the whole mixed native unit without claiming persistence
PASS: complete shared witness uses ordinary escape/primary without blast or invulnerability credit
PASS: input uses the first actual postactor physics tick
PASS: actual shared viewport swipe starts escape_dash
PASS: genuine completed dash reaches the native proved floor position
PASS: input uses the first actual postactor physics tick
PASS: actual shared viewport swipe starts positioning_dash
PASS: genuine completed dash reaches the native proved floor position
PASS: input uses the first actual postactor physics tick
PASS: actual useful landing/ordinary return reaches its unchanged recovery budget
PASS: first native cycle completes and releases its actual lease before Echo admission
SCOPE: first-pulse-only stops before the mixed Echo/cycle2 behavior.
PASS: public exit clears the actual shared Scheduler leases
PASS: actual world/owners/cues/groups retire cleanly
Mirror mixed finite room: 21 checks; failures: 0. first pulse only; no ring/whole-save/full-L3 acceptance.
