Waiting for the shared Godot session to close…
Godot Engine v4.7.2.stable.official.ed1daf0bf - https://godotengine.org

PASS: selectors choose one direct case or the default pair
CASE: actual consumed contact/recovery schema1
PASS: actual MainScene opens ready isolated strip bindings
PASS: post-actor observation follows actual source/mechanism/level transactions
PASS: real shared traveller uses continuous firm floor and Act3 presentation
PASS: real shared stationary exchange supplies the case deadlines
PASS: actual earlier stationary hero independently validates before pairing checks
PASS: one real shared contact lowers HP and consumes its opportunity before capture
PASS: an ordinary recovery dash begins from the real contact position
PASS: deferred paused unit capture retains a genuinely moving unfinished dash
PASS: conditional common mechanism payload retains exactly this actual pending/consumed state
PASS: published exact JSON preserves every native type, scalar bit, actor and conditional path
PASS: actual paused native pair independently validates without input/live mutation
PASS: pure and direct restore reject fixed bulb position without mutating the unit; Fixed bulb identity, position, profile and native mechanism required
PASS: pure and direct restore reject unsupported owned schema without mutating the unit; Fixed bulb identity, position, profile and native mechanism required
PASS: pure and direct restore reject immutable shared mechanism geometry without mutating the unit; Invalid immutable mechanism identity/configuration/schema
PASS: pure and direct restore reject forged death with live HP without mutating the unit; Fixed bulb resources/lifecycle differ from its immutable role
PASS: pure and direct restore reject live bulb with disabled collision without mutating the unit; Actual bulb collision must match living/dead lifecycle
PASS: pure and direct restore reject independently valid role crossed with another scheduler profile without mutating the unit; Bulb HP role must resolve from the paired shared profile
PASS: pure and direct restore reject one-bit source/scheduler clock join without mutating the unit; Defeated bulb cannot retain a threat; actor/mechanism clocks must match
PASS: pure and direct restore reject one-bit common current path-sample clock without mutating the unit; Running hero path sample must match the same actual/staged actor tick
PASS: independently valid earlier hero cannot replace the moving same-tick path sample
PASS: paused pair leaves motion, clocks, HP/resources, path custody, cue and events frozen
PASS: public old-world exit releases all stationary leases
PASS: old real world and both source/hero nodes are released before reconstruction
PASS: actual MainScene opens ready isolated strip bindings at a quiet fresh barrier
PASS: post-actor observation follows actual source/mechanism/level transactions
PASS: fresh world is configured without a physics tick, lease, damage or cooldown
PASS: complete saved hero/source/scheduler prevalidation is pure on fresh actual bindings; 
PASS: ordered actual hero → fixed bulb → scheduler → mechanism quietly reconstructs the unit; ; ; 
PASS: fresh recapture preserves exact phase/deadlines/HP/resources/history/pending dash/cues without restore events
PASS: restored real capsule, living primary target, native hero pose and shared clock match saved authority
PASS: fresh reconstructed unit remains frozen before public resume
PASS: public resume continues the saved real dash and original shared cycle on a new tick
PASS: continued pending opportunity resolves once (dash immunity may reject HP); consumed history never re-damages
PASS: restored unfinished dash publishes one real completed action preserving its exact original path prefix
PASS: actual ordinary return dash reaches the fixed low recovery knot
PASS: one real ordinary primary severs the restored recovery knot with zero ammo and no additional HP loss
PASS: genuine spent bulb retains a valid paused cooldown/lifecycle pair, quiet art and no lease/group/damage authority
PASS: direct unit proof grants no level checkpoint, completion or campaign acceptance
PASS: public old-world exit releases all stationary leases
Root strip direct snapshots: 40 checks; failures: 0
