Godot Engine v4.7.2.stable.official.ed1daf0bf - https://godotengine.org

PASS: real shared shell opens the isolated Root strip scaffold
PASS: actual fixed attackable bulb composes shared stationary consumer
PASS: authored live bindings configure without an error
PASS: one actual traveller stands on continuous firm floor
PASS: fixed live bulb participates in ordinary enemy primary targeting
PASS: actual low capsule uses legal native .32 radius/.64 total height
PASS: real consumer reaches warning
PASS: real scheduler allocates supported strip, never claims a crescent
PASS: ordinary immediate primary cannot damage the closed knot during warning
PASS: real consumer reaches lock
PASS: fixed source/geometry do not track before lock
PASS: actual manual pause freezes scheduler/source/player clocks and states
PASS: shared consumed resume returns the existing paused exchange
PASS: actual ordinary swipe mechanic escapes to a useful flank without moving the rooted source
PASS: completed dash does not retarget locked strip
PASS: real consumer reaches recovery
PASS: shared continuous-path damage consumer respects actual lateral escape
PASS: real return dash reaches the low ordinary-primary recovery opening
PASS: one real starter primary severs the exposed20HP knot with no blast ammo
PASS: defeat removes attackable/collision authority and emits exactly one death
PASS: defeat cancels the exact stationary lease and clears shared danger cues
PASS: spent source stays harmless without recurring damage, blast or duplicate death
Root strip scaffold checks: 22; failures: 0
