Godot Engine v4.7.2.stable.official.ed1daf0bf - https://godotengine.org

PASS: actual canonical Mirror Sea registration, accepted L2 prerequisite and unexposed L4 are exact
PASS: whole native host/Hero/owners retire inside their original world without group residue
PASS: real fresh Journey keeps accepted L3 locked behind its actual L2 prerequisite
PASS: locked Journey inspection invents no story/progression or native level
PASS: production Shell consumes the canonical accepted commit rather than the owner's historical metadata adapter
PASS: genuine paused source-free L3 installs through the production Shell
ATOMIC REJECT: arrival schema; Closed Mirror Sea parent snapshot1 required
ATOMIC REJECT: arrival epoch; Parent world/profile must join the complete continuous Scheduler
ATOMIC REJECT: arrival clock; Exact same native Hero/Scheduler outer tick required
ATOMIC REJECT: arrival future_source; All and only the earned entry prefix's retained actual sources are required
ATOMIC REJECT: arrival progress; Current checkpoint must match its recorded boundary
PASS: initial whole arrival pair and malformed controls remain exact
PASS: explicit TEST ONLY prefix13 persists without changing the genuine local packet
PASS: Journey starts a distinct fresh native L3 replay and preserves its protected story
PASS: fresh replay: actual GUI input is consumed without actions/resources
PASS: fresh replay GUI Resume is consumed and public pause preserves the whole packet
PASS: Shared41 Leave Side Attempt returns the exact protected story to paused Journey
ERROR: FAIL: explicit Continue from Journey exposes paused Resume without replacing or advancing the coherent story
   at: push_error (core/variant/variant_utility.cpp:1023)
   GDScript backtrace (most recent call first):
       [0] _expect (res://tests/acts/act3/mirror_sea_frontier_smoke.gd:695)
       [1] _return_protected_story (res://tests/act3_l3_registration_smoke.gd:84)
       [2] _settle_shell (res://tests/acts/act3/mirror_sea_production_warning_smoke.gd:136)
ERROR: FAIL: public Leave Side Attempt quietly returns the exact protected story in fresh recipients; Journey Continue changed the protected native story
   at: push_error (core/variant/variant_utility.cpp:1023)
   GDScript backtrace (most recent call first):
       [0] _expect (res://tests/acts/act3/mirror_sea_frontier_smoke.gd:695)
       [1] _run (res://tests/acts/act3/mirror_sea_production_replay_smoke.gd:28)
       [2] _return_protected_story (res://tests/act3_l3_registration_smoke.gd:85)
       [3] _settle_shell (res://tests/acts/act3/mirror_sea_production_warning_smoke.gd:136)
FIRST MEANINGFUL PRODUCTION REPLAY FAILURE; later actions unattempted: Journey Continue changed the protected native story; actual parent unavailable
ERROR: Attempted to set an invalid (previously freed?) object instance into a 'TypedArray'.
   at: _internal_validate_object (./core/variant/container_type_validate.h:97)
   GDScript backtrace (most recent call first):
       [0] _dispose_host (res://tests/acts/act3/mirror_sea_production_warning_smoke.gd:364)
       [1] _run (res://tests/acts/act3/mirror_sea_production_replay_smoke.gd:33)
       [2] _return_protected_story (res://tests/act3_l3_registration_smoke.gd:85)
       [3] _settle_shell (res://tests/acts/act3/mirror_sea_production_warning_smoke.gd:136)
ERROR: Condition "!_p->typed.validate(value, "set")" is true.
   at: set (core/variant/array.cpp:520)
   GDScript backtrace (most recent call first):
       [0] _dispose_host (res://tests/acts/act3/mirror_sea_production_warning_smoke.gd:364)
       [1] _run (res://tests/acts/act3/mirror_sea_production_replay_smoke.gd:33)
       [2] _return_protected_story (res://tests/act3_l3_registration_smoke.gd:85)
       [3] _settle_shell (res://tests/acts/act3/mirror_sea_production_warning_smoke.gd:136)
ERROR: Attempted to set an invalid (previously freed?) object instance into a 'TypedArray'.
   at: _internal_validate_object (./core/variant/container_type_validate.h:97)
   GDScript backtrace (most recent call first):
       [0] _dispose_host (res://tests/acts/act3/mirror_sea_production_warning_smoke.gd:364)
       [1] _run (res://tests/acts/act3/mirror_sea_production_replay_smoke.gd:33)
       [2] _return_protected_story (res://tests/act3_l3_registration_smoke.gd:85)
       [3] _settle_shell (res://tests/acts/act3/mirror_sea_production_warning_smoke.gd:136)
ERROR: Condition "!_p->typed.validate(value, "set")" is true.
   at: set (core/variant/array.cpp:520)
   GDScript backtrace (most recent call first):
       [0] _dispose_host (res://tests/acts/act3/mirror_sea_production_warning_smoke.gd:364)
       [1] _run (res://tests/acts/act3/mirror_sea_production_replay_smoke.gd:33)
       [2] _return_protected_story (res://tests/act3_l3_registration_smoke.gd:85)
       [3] _settle_shell (res://tests/acts/act3/mirror_sea_production_warning_smoke.gd:136)
ERROR: Attempted to set an invalid (previously freed?) object instance into a 'TypedArray'.
   at: _internal_validate_object (./core/variant/container_type_validate.h:97)
   GDScript backtrace (most recent call first):
       [0] _dispose_host (res://tests/acts/act3/mirror_sea_production_warning_smoke.gd:364)
       [1] _run (res://tests/acts/act3/mirror_sea_production_replay_smoke.gd:33)
       [2] _return_protected_story (res://tests/act3_l3_registration_smoke.gd:85)
       [3] _settle_shell (res://tests/acts/act3/mirror_sea_production_warning_smoke.gd:136)
ERROR: Condition "!_p->typed.validate(value, "set")" is true.
   at: set (core/variant/array.cpp:520)
   GDScript backtrace (most recent call first):
       [0] _dispose_host (res://tests/acts/act3/mirror_sea_production_warning_smoke.gd:364)
       [1] _run (res://tests/acts/act3/mirror_sea_production_replay_smoke.gd:33)
       [2] _return_protected_story (res://tests/act3_l3_registration_smoke.gd:85)
       [3] _settle_shell (res://tests/acts/act3/mirror_sea_production_warning_smoke.gd:136)
SCRIPT ERROR: Trying to assign an array of type "Array" to a variable of type "Array[Dictionary]".
          at: _dispose_host (res://tests/acts/act3/mirror_sea_production_warning_smoke.gd:383)
          GDScript backtrace (most recent call first):
              [0] _dispose_host (res://tests/acts/act3/mirror_sea_production_warning_smoke.gd:383)
              [1] _run (res://tests/acts/act3/mirror_sea_production_replay_smoke.gd:33)
              [2] _return_protected_story (res://tests/act3_l3_registration_smoke.gd:85)
              [3] _settle_shell (res://tests/acts/act3/mirror_sea_production_warning_smoke.gd:136)
PASS: canonical registry bytes remain unchanged
TEST ONLY Mirror Sea focused production replay: 15 checks; failures: 2. Declared historical prefix13; genuine initial packet, Journey/fresh replay/return, GUI Resume, exact story/disk and native donor cleanup. No earned clear/contact-next/full route/combat/pixels/canonical registration claim.
