Godot Engine v4.7.2.stable.official.ed1daf0bf - https://godotengine.org

PASS: actual Scheduler selects a fresh raw Standard encounter
PASS: TEST ONLY initial paused empty-ammo seed retains coherent actual actor
PASS: genuine shared Playback subclass owns immutable native definition, HP, visible mesh and fixed endpoint
PASS: own enemy configure_authored uses its actual source hooks: 
PASS: profile retains EXACT real shared Scheduler Script required by ReplayWitness
PASS: actual exclusive stationary source receives complete live-body own-enemy witness: 
PASS: native required footprint derives from exact own source/world/floor program
PASS: projected owner binds exact actual exclusive Player without a capture gate: 
PASS: pure probes use the genuine one-event Cue and actual retained native renderer guard/Cursor
PASS: separate probes start at the actual same prelock native clock/epoch/generation
PASS: separate actual pure replay_reservation_error probe authenticates genuine admitted source
PASS: separate actual pure authored_replay_source_error probe authenticates genuine admitted source
PASS: separate actual pure cue.projection_error probe authenticates genuine admitted source
PASS: separate actual pure renderer_guard.current_error probe authenticates genuine admitted source
PASS: separate actual pure cursor.snapshot_error probe authenticates genuine admitted source
PASS: separate actual pure replay_reservation_error probe authenticates genuine admitted source
PASS: separate actual pure authored_replay_source_error probe authenticates genuine admitted source
PASS: separate actual pure cue.projection_error probe authenticates genuine admitted source
PASS: separate actual pure renderer_guard.current_error probe authenticates genuine admitted source
PASS: separate actual pure cursor.snapshot_error probe authenticates genuine admitted source
PASS: separate actual pure replay_reservation_error probe authenticates genuine admitted source
PASS: separate actual pure authored_replay_source_error probe authenticates genuine admitted source
PASS: separate actual pure cue.projection_error probe authenticates genuine admitted source
PASS: separate actual pure renderer_guard.current_error probe authenticates genuine admitted source
PASS: separate actual pure cursor.snapshot_error probe authenticates genuine admitted source
PASS: separate same-clock pure probes retain real clocks/diagnostics/source/Hero/history
PASS: separate native probes retain actual guard/Cursor/Cue identities, diagnostics, projection and delivery prefix
PASS: fixed-clock probes neither yield a native frame nor add a production advance sample
PASS: actual due lock revalidates full lead and current actual Player: 
PASS: own cursor consumes actual canonical lock without retiming or new proof
PASS: profile executes actual routed first_escape_dash
PASS: profile harmless route retains real Hero HP and fixed native source
PASS: profile executes actual routed tether_positioning_dash
PASS: profile harmless route retains real Hero HP and fixed native source
PASS: real profile witness returns to ordinary hittable recovery knot
PASS: real profile first tap executes ordinary primary
PASS: real profile route defeats own HP source once without Hero damage
PASS: measurement workload contains two native dashes and one ordinary primary; natural ammo regeneration preserved
PASS: bounded raw native measurements remain complete
PASS: profile native advance accepts original authority and monotonic real clock
PASS: profile native advance accepts original authority and monotonic real clock
PASS: profile native advance accepts original authority and monotonic real clock
PASS: profile native advance accepts original authority and monotonic real clock
PASS: profile native advance accepts original authority and monotonic real clock
PASS: profile native advance accepts original authority and monotonic real clock
PASS: profile native advance accepts original authority and monotonic real clock
PASS: profile native advance accepts original authority and monotonic real clock
PASS: profile native advance accepts original authority and monotonic real clock
PASS: profile native advance accepts original authority and monotonic real clock
PASS: profile native advance accepts original authority and monotonic real clock
PASS: profile native advance accepts original authority and monotonic real clock
PASS: profile native advance accepts original authority and monotonic real clock
PASS: profile native advance accepts original authority and monotonic real clock
PASS: profile native advance accepts original authority and monotonic real clock
PASS: profile native advance accepts original authority and monotonic real clock
PASS: profile native advance accepts original authority and monotonic real clock
PASS: profile native advance accepts original authority and monotonic real clock
PASS: profile native advance accepts original authority and monotonic real clock
PASS: profile native advance accepts original authority and monotonic real clock
PASS: profile native advance accepts original authority and monotonic real clock
PASS: profile native advance accepts original authority and monotonic real clock
PASS: profile native advance accepts original authority and monotonic real clock
PASS: profile native advance accepts original authority and monotonic real clock
PASS: profile native advance accepts original authority and monotonic real clock
PASS: profile native advance accepts original authority and monotonic real clock
PASS: profile native advance accepts original authority and monotonic real clock
PASS: profile native advance accepts original authority and monotonic real clock
PASS: profile native advance accepts original authority and monotonic real clock
PASS: profile native advance accepts original authority and monotonic real clock
PASS: profile native advance accepts original authority and monotonic real clock
PASS: profile native advance accepts original authority and monotonic real clock
PASS: profile native advance accepts original authority and monotonic real clock
PASS: profile native advance accepts original authority and monotonic real clock
PASS: profile native advance accepts original authority and monotonic real clock
PASS: profile native advance accepts original authority and monotonic real clock
PASS: profile native advance accepts original authority and monotonic real clock
PASS: profile native advance accepts original authority and monotonic real clock
PASS: profile native advance accepts original authority and monotonic real clock
PASS: profile native advance accepts original authority and monotonic real clock
PASS: profile native advance accepts original authority and monotonic real clock
PASS: profile native advance accepts original authority and monotonic real clock
PASS: profile native advance accepts original authority and monotonic real clock
PASS: profile native advance accepts original authority and monotonic real clock
PASS: profile native advance accepts original authority and monotonic real clock
PASS: profile native advance accepts original authority and monotonic real clock
PASS: profile native advance accepts original authority and monotonic real clock
PASS: profile native advance accepts original authority and monotonic real clock
PASS: profile native advance accepts original authority and monotonic real clock
PASS: profile native advance accepts original authority and monotonic real clock
PASS: profile native advance accepts original authority and monotonic real clock
PASS: profile native advance accepts original authority and monotonic real clock
PASS: profile native advance accepts original authority and monotonic real clock
PASS: profile native advance accepts original authority and monotonic real clock
PASS: profile native advance accepts original authority and monotonic real clock
PASS: profile native advance accepts original authority and monotonic real clock
PASS: profile native advance accepts original authority and monotonic real clock
PASS: profile native advance accepts original authority and monotonic real clock
PASS: profile native advance accepts original authority and monotonic real clock
PASS: profile native advance accepts original authority and monotonic real clock
PASS: profile native advance accepts original authority and monotonic real clock
PASS: profile native advance accepts original authority and monotonic real clock
PASS: profile native advance accepts original authority and monotonic real clock
PASS: profile native advance accepts original authority and monotonic real clock
PASS: profile native advance accepts original authority and monotonic real clock
PASS: profile native advance accepts original authority and monotonic real clock
PASS: profile native advance accepts original authority and monotonic real clock
PASS: profile native advance accepts original authority and monotonic real clock
PASS: profile native advance accepts original authority and monotonic real clock
PASS: profile native advance accepts original authority and monotonic real clock
PASS: profile native advance accepts original authority and monotonic real clock
PASS: profile native advance accepts original authority and monotonic real clock
PASS: profile native advance accepts original authority and monotonic real clock
PASS: profile actually observes finite native warning/active/recovery execution
AUTHORED_ECHO_PROFILE_JSON {"actual_world_actions":[{"completed_at_s":0.933333333333335,"damage":0.0,"hits":0,"kind":"dash","started_at_s":0.750000000000001},{"completed_at_s":1.46666666666667,"damage":0.0,"hits":0,"kind":"dash","started_at_s":1.28333333333333},{"completed_at_s":1.55,"damage":20.0,"hits":1,"kind":"primary","started_at_s":1.55}],"admission_projection_bind_inclusive_us":170395,"advance_cost_summary_us":{"count":72,"inclusive_total_us":4447218,"max_us":174924,"mean_us":61766.9166666667,"p50_us":54840,"p95_us":111001},"advance_phase_summary_us":{"active":{"count":14,"inclusive_total_us":872968,"max_us":102595,"mean_us":62354.8571428571,"p50_us":55508,"p95_us":102595},"lock":{"count":23,"inclusive_total_us":1468646,"max_us":137617,"mean_us":63854.1739130435,"p50_us":58955,"p95_us":111001},"recovery":{"count":19,"inclusive_total_us":940201,"max_us":53062,"mean_us":49484.2631578947,"p50_us":49243,"p95_us":53062},"warning":{"count":16,"inclusive_total_us":1165403,"max_us":174924,"mean_us":72837.6875,"p50_us":56099,"p95_us":174924}},"advance_samples":[{"accepted":true,"automatic_native_tick":true,"clock_s":0.366666666666667,"event_count":0,"finish_us":1394907,"inclusive_us":51342,"phase":"warning","physics_frame":23,"process_frame":16,"start_us":1343565},{"accepted":true,"automatic_native_tick":true,"clock_s":0.383333333333333,"event_count":0,"finish_us":1490224,"inclusive_us":90604,"phase":"warning","physics_frame":24,"process_frame":16,"start_us":1399620},{"accepted":true,"automatic_native_tick":true,"clock_s":0.4,"event_count":0,"finish_us":1613684,"inclusive_us":113144,"phase":"warning","physics_frame":25,"process_frame":16,"start_us":1500540},{"accepted":true,"automatic_native_tick":true,"clock_s":0.416666666666667,"event_count":0,"finish_us":1799794,"inclusive_us":174924,"phase":"warning","physics_frame":26,"process_frame":16,"start_us":1624870},{"accepted":true,"automatic_native_tick":true,"clock_s":0.433333333333333,"event_count":0,"finish_us":1894875,"inclusive_us":85165,"phase":"warning","physics_frame":27,"process_frame":16,"start_us":1809710},{"accepted":true,"automatic_native_tick":true,"clock_s":0.45,"event_count":0,"finish_us":1985387,"inclusive_us":80498,"phase":"warning","physics_frame":28,"process_frame":16,"start_us":1904889},{"accepted":true,"automatic_native_tick":true,"clock_s":0.466666666666667,"event_count":0,"finish_us":2046186,"inclusive_us":56099,"phase":"warning","physics_frame":29,"process_frame":16,"start_us":1990087},{"accepted":true,"automatic_native_tick":true,"clock_s":0.483333333333333,"event_count":0,"finish_us":2101219,"inclusive_us":50519,"phase":"warning","physics_frame":30,"process_frame":16,"start_us":2050700},{"accepted":true,"automatic_native_tick":true,"clock_s":0.5,"event_count":0,"finish_us":2155458,"inclusive_us":49771,"phase":"warning","physics_frame":31,"process_frame":17,"start_us":2105687},{"accepted":true,"automatic_native_tick":true,"clock_s":0.516666666666667,"event_count":0,"finish_us":2209539,"inclusive_us":49629,"phase":"warning","physics_frame":32,"process_frame":17,"start_us":2159910},{"accepted":true,"automatic_native_tick":true,"clock_s":0.533333333333333,"event_count":0,"finish_us":2264025,"inclusive_us":50103,"phase":"warning","physics_frame":33,"process_frame":17,"start_us":2213922},{"accepted":true,"automatic_native_tick":true,"clock_s":0.55,"event_count":0,"finish_us":2319199,"inclusive_us":50798,"phase":"warning","physics_frame":34,"process_frame":17,"start_us":2268401},{"accepted":true,"automatic_native_tick":true,"clock_s":0.566666666666667,"event_count":0,"finish_us":2378925,"inclusive_us":55181,"phase":"warning","physics_frame":35,"process_frame":17,"start_us":2323744},{"accepted":true,"automatic_native_tick":true,"clock_s":0.583333333333333,"event_count":0,"finish_us":2442951,"inclusive_us":58415,"phase":"warning","physics_frame":36,"process_frame":17,"start_us":2384536},{"accepted":true,"automatic_native_tick":true,"clock_s":0.6,"event_count":0,"finish_us":2523819,"inclusive_us":73621,"phase":"warning","physics_frame":37,"process_frame":17,"start_us":2450198},{"accepted":true,"automatic_native_tick":true,"clock_s":0.616666666666667,"event_count":0,"finish_us":2607159,"inclusive_us":75590,"phase":"warning","physics_frame":38,"process_frame":17,"start_us":2531569},{"accepted":true,"automatic_native_tick":false,"clock_s":0.616666666666667,"event_count":0,"finish_us":2686784,"inclusive_us":56123,"phase":"lock","physics_frame":38,"process_frame":17,"start_us":2630661},{"accepted":true,"automatic_native_tick":true,"clock_s":0.633333333333334,"event_count":0,"finish_us":2747869,"inclusive_us":55986,"phase":"lock","physics_frame":39,"process_frame":18,"start_us":2691883},{"accepted":true,"automatic_native_tick":true,"clock_s":0.65,"event_count":0,"finish_us":2807641,"inclusive_us":54989,"phase":"lock","physics_frame":40,"process_frame":18,"start_us":2752652},{"accepted":true,"automatic_native_tick":true,"clock_s":0.666666666666667,"event_count":0,"finish_us":2871981,"inclusive_us":59185,"phase":"lock","physics_frame":41,"process_frame":18,"start_us":2812796},{"accepted":true,"automatic_native_tick":true,"clock_s":0.683333333333334,"event_count":0,"finish_us":2936652,"inclusive_us":59348,"phase":"lock","physics_frame":42,"process_frame":18,"start_us":2877304},{"accepted":true,"automatic_native_tick":true,"clock_s":0.700000000000001,"event_count":0,"finish_us":3011438,"inclusive_us":69831,"phase":"lock","physics_frame":43,"process_frame":18,"start_us":2941607},{"accepted":true,"automatic_native_tick":true,"clock_s":0.716666666666667,"event_count":0,"finish_us":3077113,"inclusive_us":60439,"phase":"lock","physics_frame":44,"process_frame":18,"start_us":3016674},{"accepted":true,"automatic_native_tick":true,"clock_s":0.733333333333334,"event_count":0,"finish_us":3137330,"inclusive_us":54917,"phase":"lock","physics_frame":45,"process_frame":18,"start_us":3082413},{"accepted":true,"automatic_native_tick":true,"clock_s":0.750000000000001,"event_count":0,"finish_us":3205781,"inclusive_us":62659,"phase":"lock","physics_frame":46,"process_frame":18,"start_us":3143122},{"accepted":true,"automatic_native_tick":true,"clock_s":0.766666666666667,"event_count":0,"finish_us":3273119,"inclusive_us":62146,"phase":"lock","physics_frame":47,"process_frame":19,"start_us":3210973},{"accepted":true,"automatic_native_tick":true,"clock_s":0.783333333333334,"event_count":0,"finish_us":3332541,"inclusive_us":54648,"phase":"lock","physics_frame":48,"process_frame":19,"start_us":3277893},{"accepted":true,"automatic_native_tick":true,"clock_s":0.800000000000001,"event_count":0,"finish_us":3401010,"inclusive_us":63194,"phase":"lock","physics_frame":49,"process_frame":19,"start_us":3337816},{"accepted":true,"automatic_native_tick":true,"clock_s":0.816666666666668,"event_count":0,"finish_us":3466925,"inclusive_us":60138,"phase":"lock","physics_frame":50,"process_frame":19,"start_us":3406787},{"accepted":true,"automatic_native_tick":true,"clock_s":0.833333333333334,"event_count":0,"finish_us":3535652,"inclusive_us":61569,"phase":"lock","physics_frame":51,"process_frame":19,"start_us":3474083},{"accepted":true,"automatic_native_tick":true,"clock_s":0.850000000000001,"event_count":0,"finish_us":3594331,"inclusive_us":54029,"phase":"lock","physics_frame":52,"process_frame":19,"start_us":3540302},{"accepted":true,"automatic_native_tick":true,"clock_s":0.866666666666668,"event_count":0,"finish_us":3653795,"inclusive_us":54840,"phase":"lock","physics_frame":53,"process_frame":19,"start_us":3598955},{"accepted":true,"automatic_native_tick":true,"clock_s":0.883333333333334,"event_count":0,"finish_us":3713078,"inclusive_us":54639,"phase":"lock","physics_frame":54,"process_frame":19,"start_us":3658439},{"accepted":true,"automatic_native_tick":true,"clock_s":0.900000000000001,"event_count":0,"finish_us":3769823,"inclusive_us":52096,"phase":"lock","physics_frame":55,"process_frame":20,"start_us":3717727},{"accepted":true,"automatic_native_tick":true,"clock_s":0.916666666666668,"event_count":0,"finish_us":3836706,"inclusive_us":58955,"phase":"lock","physics_frame":56,"process_frame":20,"start_us":3777751},{"accepted":true,"automatic_native_tick":true,"clock_s":0.933333333333335,"event_count":0,"finish_us":3901593,"inclusive_us":57312,"phase":"lock","physics_frame":57,"process_frame":20,"start_us":3844281},{"accepted":true,"automatic_native_tick":true,"clock_s":0.950000000000001,"event_count":0,"finish_us":3962503,"inclusive_us":55259,"phase":"lock","physics_frame":58,"process_frame":20,"start_us":3907244},{"accepted":true,"automatic_native_tick":true,"clock_s":0.966666666666668,"event_count":0,"finish_us":4021063,"inclusive_us":53849,"phase":"lock","physics_frame":59,"process_frame":20,"start_us":3967214},{"accepted":true,"automatic_native_tick":true,"clock_s":0.983333333333335,"event_count":0,"finish_us":4136664,"inclusive_us":111001,"phase":"lock","physics_frame":60,"process_frame":20,"start_us":4025663},{"accepted":true,"automatic_native_tick":true,"clock_s":1.0,"event_count":0,"finish_us":4284054,"inclusive_us":137617,"phase":"lock","physics_frame":61,"process_frame":20,"start_us":4146437},{"accepted":true,"automatic_native_tick":true,"clock_s":1.01666666666667,"event_count":0,"finish_us":4393500,"inclusive_us":97081,"phase":"active","physics_frame":62,"process_frame":20,"start_us":4296419},{"accepted":true,"automatic_native_tick":true,"clock_s":1.03333333333333,"event_count":0,"finish_us":4456097,"inclusive_us":57654,"phase":"active","physics_frame":63,"process_frame":21,"start_us":4398443},{"accepted":true,"automatic_native_tick":true,"clock_s":1.05,"event_count":0,"finish_us":4527943,"inclusive_us":67189,"phase":"active","physics_frame":64,"process_frame":21,"start_us":4460754},{"accepted":true,"automatic_native_tick":true,"clock_s":1.06666666666667,"event_count":0,"finish_us":4599426,"inclusive_us":61221,"phase":"active","physics_frame":65,"process_frame":21,"start_us":4538205},{"accepted":true,"automatic_native_tick":true,"clock_s":1.08333333333333,"event_count":0,"finish_us":4659587,"inclusive_us":55508,"phase":"active","physics_frame":66,"process_frame":21,"start_us":4604079},{"accepted":true,"automatic_native_tick":true,"clock_s":1.1,"event_count":0,"finish_us":4723459,"inclusive_us":58860,"phase":"active","physics_frame":67,"process_frame":21,"start_us":4664599},{"accepted":true,"automatic_native_tick":true,"clock_s":1.11666666666667,"event_count":0,"finish_us":4786060,"inclusive_us":55261,"phase":"active","physics_frame":68,"process_frame":21,"start_us":4730799},{"accepted":true,"automatic_native_tick":true,"clock_s":1.13333333333333,"event_count":0,"finish_us":4844394,"inclusive_us":53654,"phase":"active","physics_frame":69,"process_frame":21,"start_us":4790740},{"accepted":true,"automatic_native_tick":true,"clock_s":1.15,"event_count":0,"finish_us":4907459,"inclusive_us":58319,"phase":"active","physics_frame":70,"process_frame":21,"start_us":4849140},{"accepted":true,"automatic_native_tick":true,"clock_s":1.16666666666667,"event_count":0,"finish_us":4965589,"inclusive_us":53222,"phase":"active","physics_frame":71,"process_frame":22,"start_us":4912367},{"accepted":true,"automatic_native_tick":true,"clock_s":1.18333333333333,"event_count":0,"finish_us":5022866,"inclusive_us":52598,"phase":"active","physics_frame":72,"process_frame":22,"start_us":4970268},{"accepted":true,"automatic_native_tick":true,"clock_s":1.2,"event_count":1,"finish_us":5130295,"inclusive_us":102595,"phase":"active","physics_frame":73,"process_frame":22,"start_us":5027700},{"accepted":true,"automatic_native_tick":true,"clock_s":1.21666666666667,"event_count":0,"finish_us":5184339,"inclusive_us":49633,"phase":"active","physics_frame":74,"process_frame":22,"start_us":5134706},{"accepted":true,"automatic_native_tick":true,"clock_s":1.23333333333333,"event_count":0,"finish_us":5239571,"inclusive_us":50173,"phase":"active","physics_frame":75,"process_frame":22,"start_us":5189398},{"accepted":true,"automatic_native_tick":true,"clock_s":1.25,"event_count":0,"finish_us":5293774,"inclusive_us":49678,"phase":"recovery","physics_frame":76,"process_frame":22,"start_us":5244096},{"accepted":true,"automatic_native_tick":true,"clock_s":1.26666666666667,"event_count":0,"finish_us":5347214,"inclusive_us":49161,"phase":"recovery","physics_frame":77,"process_frame":22,"start_us":5298053},{"accepted":true,"automatic_native_tick":true,"clock_s":1.28333333333333,"event_count":0,"finish_us":5404673,"inclusive_us":53062,"phase":"recovery","physics_frame":78,"process_frame":22,"start_us":5351611},{"accepted":true,"automatic_native_tick":true,"clock_s":1.3,"event_count":0,"finish_us":5458461,"inclusive_us":49196,"phase":"recovery","physics_frame":79,"process_frame":23,"start_us":5409265},{"accepted":true,"automatic_native_tick":true,"clock_s":1.31666666666667,"event_count":0,"finish_us":5511780,"inclusive_us":49028,"phase":"recovery","physics_frame":80,"process_frame":23,"start_us":5462752},{"accepted":true,"automatic_native_tick":true,"clock_s":1.33333333333333,"event_count":0,"finish_us":5565635,"inclusive_us":49432,"phase":"recovery","physics_frame":81,"process_frame":23,"start_us":5516203},{"accepted":true,"automatic_native_tick":true,"clock_s":1.35,"event_count":0,"finish_us":5619536,"inclusive_us":49540,"phase":"recovery","physics_frame":82,"process_frame":23,"start_us":5569996},{"accepted":true,"automatic_native_tick":true,"clock_s":1.36666666666667,"event_count":0,"finish_us":5673577,"inclusive_us":49598,"phase":"recovery","physics_frame":83,"process_frame":23,"start_us":5623979},{"accepted":true,"automatic_native_tick":true,"clock_s":1.38333333333333,"event_count":0,"finish_us":5727223,"inclusive_us":49386,"phase":"recovery","physics_frame":84,"process_frame":23,"start_us":5677837},{"accepted":true,"automatic_native_tick":true,"clock_s":1.4,"event_count":0,"finish_us":5780562,"inclusive_us":49043,"phase":"recovery","physics_frame":85,"process_frame":23,"start_us":5731519},{"accepted":true,"automatic_native_tick":true,"clock_s":1.41666666666667,"event_count":0,"finish_us":5833923,"inclusive_us":49112,"phase":"recovery","physics_frame":86,"process_frame":23,"start_us":5784811},{"accepted":true,"automatic_native_tick":true,"clock_s":1.43333333333333,"event_count":0,"finish_us":5887425,"inclusive_us":49201,"phase":"recovery","physics_frame":87,"process_frame":24,"start_us":5838224},{"accepted":true,"automatic_native_tick":true,"clock_s":1.45,"event_count":0,"finish_us":5940752,"inclusive_us":49034,"phase":"recovery","physics_frame":88,"process_frame":24,"start_us":5891718},{"accepted":true,"automatic_native_tick":true,"clock_s":1.46666666666667,"event_count":0,"finish_us":5994593,"inclusive_us":49570,"phase":"recovery","physics_frame":89,"process_frame":24,"start_us":5945023},{"accepted":true,"automatic_native_tick":true,"clock_s":1.48333333333333,"event_count":0,"finish_us":6047990,"inclusive_us":49136,"phase":"recovery","physics_frame":90,"process_frame":24,"start_us":5998854},{"accepted":true,"automatic_native_tick":true,"clock_s":1.5,"event_count":0,"finish_us":6101712,"inclusive_us":49402,"phase":"recovery","physics_frame":91,"process_frame":24,"start_us":6052310},{"accepted":true,"automatic_native_tick":true,"clock_s":1.51666666666667,"event_count":0,"finish_us":6155347,"inclusive_us":49345,"phase":"recovery","physics_frame":92,"process_frame":24,"start_us":6106002},{"accepted":true,"automatic_native_tick":true,"clock_s":1.53333333333333,"event_count":0,"finish_us":6208884,"inclusive_us":49243,"phase":"recovery","physics_frame":93,"process_frame":24,"start_us":6159641},{"accepted":true,"automatic_native_tick":true,"clock_s":1.55,"event_count":0,"finish_us":6262180,"inclusive_us":49034,"phase":"recovery","physics_frame":94,"process_frame":24,"start_us":6213146}],"api_revision":"test-only-authored-echo-performance-2","automatic_native_advances":72,"display_driver":"headless","engine":{"build":"official","hash":"ed1daf0bf001b61586d9930840f2f1394092c079","hex":263938,"major":4,"minor":7,"patch":2,"status":"stable","string":"4.7.2-stable (official)","timestamp":0},"limitations":"Instrumented one-Box native source first cycle with EXACT real Scheduler; advance end timestamps exclude appended sample bookkeeping. Cycle wall elapsed includes separately reported direct fixed-clock probes, admission/projection/bind, native loop waits and other observer overhead; probe costs are not nested production call counts. Three samples per API inspect only the genuine admitted prelock clock; Cue, renderer guard and Cursor probes use the actual retained instances, not new guards or cached authority. Not actual authored A3-L3, production 16-visual art, portrait review, FPS, CPU monitor percentiles, sustained performance or a latency acceptance threshold. No guards or contact/proof authority bypassed.","native_output":[540,1170],"native_phases_observed":["warning","lock","active","recovery"],"physics_ticks_per_second":60,"required_native_visuals":1,"schema_version":2,"separate_fixed_clock_guard_probes":[{"accepted":true,"call":"replay_reservation_error","clock_after_s":0.35,"error":"","finish_us":1291163,"fixed_clock_s":0.35,"inclusive_us":4241,"repetition":0,"scope":"separate_pure_probe_not_nested_native_advance","start_us":1286922},{"accepted":true,"call":"authored_replay_source_error","clock_after_s":0.35,"error":"","finish_us":1294946,"fixed_clock_s":0.35,"inclusive_us":3772,"repetition":0,"scope":"separate_pure_probe_not_nested_native_advance","start_us":1291174},{"accepted":true,"call":"cue.projection_error","clock_after_s":0.35,"error":"","finish_us":1296954,"fixed_clock_s":0.35,"inclusive_us":1999,"repetition":0,"scope":"separate_pure_probe_not_nested_native_advance","start_us":1294955},{"accepted":true,"call":"renderer_guard.current_error","clock_after_s":0.35,"error":"","finish_us":1297407,"fixed_clock_s":0.35,"inclusive_us":444,"repetition":0,"scope":"separate_pure_probe_not_nested_native_advance","start_us":1296963},{"accepted":true,"call":"cursor.snapshot_error","clock_after_s":0.35,"error":"","finish_us":1300285,"fixed_clock_s":0.35,"inclusive_us":2869,"repetition":0,"scope":"separate_pure_probe_not_nested_native_advance","start_us":1297416},{"accepted":true,"call":"replay_reservation_error","clock_after_s":0.35,"error":"","finish_us":1304559,"fixed_clock_s":0.35,"inclusive_us":4265,"repetition":1,"scope":"separate_pure_probe_not_nested_native_advance","start_us":1300294},{"accepted":true,"call":"authored_replay_source_error","clock_after_s":0.35,"error":"","finish_us":1308397,"fixed_clock_s":0.35,"inclusive_us":3828,"repetition":1,"scope":"separate_pure_probe_not_nested_native_advance","start_us":1304569},{"accepted":true,"call":"cue.projection_error","clock_after_s":0.35,"error":"","finish_us":1310425,"fixed_clock_s":0.35,"inclusive_us":2017,"repetition":1,"scope":"separate_pure_probe_not_nested_native_advance","start_us":1308408},{"accepted":true,"call":"renderer_guard.current_error","clock_after_s":0.35,"error":"","finish_us":1310881,"fixed_clock_s":0.35,"inclusive_us":448,"repetition":1,"scope":"separate_pure_probe_not_nested_native_advance","start_us":1310433},{"accepted":true,"call":"cursor.snapshot_error","clock_after_s":0.35,"error":"","finish_us":1313745,"fixed_clock_s":0.35,"inclusive_us":2856,"repetition":1,"scope":"separate_pure_probe_not_nested_native_advance","start_us":1310889},{"accepted":true,"call":"replay_reservation_error","clock_after_s":0.35,"error":"","finish_us":1318002,"fixed_clock_s":0.35,"inclusive_us":4249,"repetition":2,"scope":"separate_pure_probe_not_nested_native_advance","start_us":1313753},{"accepted":true,"call":"authored_replay_source_error","clock_after_s":0.35,"error":"","finish_us":1321816,"fixed_clock_s":0.35,"inclusive_us":3807,"repetition":2,"scope":"separate_pure_probe_not_nested_native_advance","start_us":1318009},{"accepted":true,"call":"cue.projection_error","clock_after_s":0.35,"error":"","finish_us":1323817,"fixed_clock_s":0.35,"inclusive_us":1993,"repetition":2,"scope":"separate_pure_probe_not_nested_native_advance","start_us":1321824},{"accepted":true,"call":"renderer_guard.current_error","clock_after_s":0.35,"error":"","finish_us":1324283,"fixed_clock_s":0.35,"inclusive_us":458,"repetition":2,"scope":"separate_pure_probe_not_nested_native_advance","start_us":1323825},{"accepted":true,"call":"cursor.snapshot_error","clock_after_s":0.35,"error":"","finish_us":1327119,"fixed_clock_s":0.35,"inclusive_us":2820,"repetition":2,"scope":"separate_pure_probe_not_nested_native_advance","start_us":1324299}],"separate_fixed_clock_probe_elapsed_us":40205,"separate_fixed_clock_probe_summary_us":{"authored_replay_source_error":{"count":3,"inclusive_total_us":11407,"max_us":3828,"mean_us":3802.33333333333,"p50_us":3807,"p95_us":3828},"cue.projection_error":{"count":3,"inclusive_total_us":6009,"max_us":2017,"mean_us":2003.0,"p50_us":1999,"p95_us":2017},"cursor.snapshot_error":{"count":3,"inclusive_total_us":8545,"max_us":2869,"mean_us":2848.33333333333,"p50_us":2856,"p95_us":2869},"renderer_guard.current_error":{"count":3,"inclusive_total_us":1350,"max_us":458,"mean_us":450.0,"p50_us":448,"p95_us":458},"replay_reservation_error":{"count":3,"inclusive_total_us":12755,"max_us":4265,"mean_us":4251.66666666667,"p50_us":4249,"p95_us":4265}},"simulation_elapsed_s":1.2,"simulation_finish_s":1.55,"simulation_start_s":0.35,"viewport_size":[270,585],"wall_elapsed_us":5149563,"wall_finish_us":6265967,"wall_start_us":1116404}
Authored echo performance smoke: 113 checks, 0 failures; native-only first-cycle measurement
