Godot Engine v4.7.2.stable.official.ed1daf0bf - https://godotengine.org

PASS: actual Scheduler selects a fresh raw Standard encounter
PASS: TEST ONLY initial paused empty-ammo seed retains coherent actual actor
PASS: genuine shared Playback subclass owns immutable native definition, HP, visible mesh and fixed endpoint
PASS: own enemy configure_authored uses its actual source hooks: 
PASS: profile retains EXACT real shared Scheduler Script required by ReplayWitness
PASS: actual exclusive stationary source receives complete live-body own-enemy witness: 
PASS: native required footprint derives from exact own source/world/floor program
PASS: projected owner binds exact actual exclusive Player without a capture gate: 
PASS: pure probes use the genuine one-event Cue and actual retained native renderer guard/Cursor
PASS: separate probes start at the actual same prelock native clock/epoch/generation
PASS: separate actual pure replay_reservation_error probe authenticates genuine admitted source
PASS: separate actual pure authored_replay_source_error probe authenticates genuine admitted source
PASS: separate actual pure cue.projection_error probe authenticates genuine admitted source
PASS: separate actual pure renderer_guard.current_error probe authenticates genuine admitted source
PASS: separate actual pure cursor.snapshot_error probe authenticates genuine admitted source
PASS: separate actual pure replay_reservation_error probe authenticates genuine admitted source
PASS: separate actual pure authored_replay_source_error probe authenticates genuine admitted source
PASS: separate actual pure cue.projection_error probe authenticates genuine admitted source
PASS: separate actual pure renderer_guard.current_error probe authenticates genuine admitted source
PASS: separate actual pure cursor.snapshot_error probe authenticates genuine admitted source
PASS: separate actual pure replay_reservation_error probe authenticates genuine admitted source
PASS: separate actual pure authored_replay_source_error probe authenticates genuine admitted source
PASS: separate actual pure cue.projection_error probe authenticates genuine admitted source
PASS: separate actual pure renderer_guard.current_error probe authenticates genuine admitted source
PASS: separate actual pure cursor.snapshot_error probe authenticates genuine admitted source
PASS: separate same-clock pure probes retain real clocks/diagnostics/source/Hero/history
PASS: separate native probes retain actual guard/Cursor/Cue identities, diagnostics, projection and delivery prefix
PASS: fixed-clock probes neither yield a native frame nor add a production advance sample
PASS: actual due lock revalidates full lead and current actual Player: 
PASS: own cursor consumes actual canonical lock without retiming or new proof
PASS: profile executes actual routed first_escape_dash
PASS: profile harmless route retains real Hero HP and fixed native source
PASS: profile executes actual routed tether_positioning_dash
PASS: profile harmless route retains real Hero HP and fixed native source
PASS: real profile witness returns to ordinary hittable recovery knot
PASS: real profile first tap executes ordinary primary
PASS: real profile route defeats own HP source once without Hero damage
PASS: measurement workload contains two native dashes and one ordinary primary; natural ammo regeneration preserved
PASS: bounded raw native measurements remain complete
PASS: profile native advance accepts original authority and monotonic real clock
PASS: profile native advance accepts original authority and monotonic real clock
PASS: profile native advance accepts original authority and monotonic real clock
PASS: profile native advance accepts original authority and monotonic real clock
PASS: profile native advance accepts original authority and monotonic real clock
PASS: profile native advance accepts original authority and monotonic real clock
PASS: profile native advance accepts original authority and monotonic real clock
PASS: profile native advance accepts original authority and monotonic real clock
PASS: profile native advance accepts original authority and monotonic real clock
PASS: profile native advance accepts original authority and monotonic real clock
PASS: profile native advance accepts original authority and monotonic real clock
PASS: profile native advance accepts original authority and monotonic real clock
PASS: profile native advance accepts original authority and monotonic real clock
PASS: profile native advance accepts original authority and monotonic real clock
PASS: profile native advance accepts original authority and monotonic real clock
PASS: profile native advance accepts original authority and monotonic real clock
PASS: profile native advance accepts original authority and monotonic real clock
PASS: profile native advance accepts original authority and monotonic real clock
PASS: profile native advance accepts original authority and monotonic real clock
PASS: profile native advance accepts original authority and monotonic real clock
PASS: profile native advance accepts original authority and monotonic real clock
PASS: profile native advance accepts original authority and monotonic real clock
PASS: profile native advance accepts original authority and monotonic real clock
PASS: profile native advance accepts original authority and monotonic real clock
PASS: profile native advance accepts original authority and monotonic real clock
PASS: profile native advance accepts original authority and monotonic real clock
PASS: profile native advance accepts original authority and monotonic real clock
PASS: profile native advance accepts original authority and monotonic real clock
PASS: profile native advance accepts original authority and monotonic real clock
PASS: profile native advance accepts original authority and monotonic real clock
PASS: profile native advance accepts original authority and monotonic real clock
PASS: profile native advance accepts original authority and monotonic real clock
PASS: profile native advance accepts original authority and monotonic real clock
PASS: profile native advance accepts original authority and monotonic real clock
PASS: profile native advance accepts original authority and monotonic real clock
PASS: profile native advance accepts original authority and monotonic real clock
PASS: profile native advance accepts original authority and monotonic real clock
PASS: profile native advance accepts original authority and monotonic real clock
PASS: profile native advance accepts original authority and monotonic real clock
PASS: profile native advance accepts original authority and monotonic real clock
PASS: profile native advance accepts original authority and monotonic real clock
PASS: profile native advance accepts original authority and monotonic real clock
PASS: profile native advance accepts original authority and monotonic real clock
PASS: profile native advance accepts original authority and monotonic real clock
PASS: profile native advance accepts original authority and monotonic real clock
PASS: profile native advance accepts original authority and monotonic real clock
PASS: profile native advance accepts original authority and monotonic real clock
PASS: profile native advance accepts original authority and monotonic real clock
PASS: profile native advance accepts original authority and monotonic real clock
PASS: profile native advance accepts original authority and monotonic real clock
PASS: profile native advance accepts original authority and monotonic real clock
PASS: profile native advance accepts original authority and monotonic real clock
PASS: profile native advance accepts original authority and monotonic real clock
PASS: profile native advance accepts original authority and monotonic real clock
PASS: profile native advance accepts original authority and monotonic real clock
PASS: profile native advance accepts original authority and monotonic real clock
PASS: profile native advance accepts original authority and monotonic real clock
PASS: profile native advance accepts original authority and monotonic real clock
PASS: profile native advance accepts original authority and monotonic real clock
PASS: profile native advance accepts original authority and monotonic real clock
PASS: profile native advance accepts original authority and monotonic real clock
PASS: profile native advance accepts original authority and monotonic real clock
PASS: profile native advance accepts original authority and monotonic real clock
PASS: profile native advance accepts original authority and monotonic real clock
PASS: profile native advance accepts original authority and monotonic real clock
PASS: profile native advance accepts original authority and monotonic real clock
PASS: profile native advance accepts original authority and monotonic real clock
PASS: profile native advance accepts original authority and monotonic real clock
PASS: profile native advance accepts original authority and monotonic real clock
PASS: profile native advance accepts original authority and monotonic real clock
PASS: profile native advance accepts original authority and monotonic real clock
PASS: profile native advance accepts original authority and monotonic real clock
PASS: profile native advance accepts original authority and monotonic real clock
PASS: profile actually observes finite native warning/active/recovery execution
AUTHORED_ECHO_PROFILE_JSON {"actual_world_actions":[{"completed_at_s":0.933333333333335,"damage":0.0,"hits":0,"kind":"dash","started_at_s":0.750000000000001},{"completed_at_s":1.46666666666667,"damage":0.0,"hits":0,"kind":"dash","started_at_s":1.28333333333333},{"completed_at_s":1.55,"damage":20.0,"hits":1,"kind":"primary","started_at_s":1.55}],"admission_projection_bind_inclusive_us":171022,"advance_cost_summary_us":{"count":72,"inclusive_total_us":3530966,"max_us":94899,"mean_us":49041.1944444444,"p50_us":47812,"p95_us":50657},"advance_phase_summary_us":{"active":{"count":14,"inclusive_total_us":736121,"max_us":94899,"mean_us":52580.0714285714,"p50_us":49491,"p95_us":94899},"lock":{"count":23,"inclusive_total_us":1101497,"max_us":49421,"mean_us":47891.1739130435,"p50_us":47720,"p95_us":49015},"recovery":{"count":19,"inclusive_total_us":928849,"max_us":52634,"mean_us":48886.7894736842,"p50_us":48737,"p95_us":52634},"warning":{"count":16,"inclusive_total_us":764499,"max_us":49130,"mean_us":47781.1875,"p50_us":47655,"p95_us":49130}},"advance_samples":[{"accepted":true,"automatic_native_tick":true,"clock_s":0.366666666666667,"event_count":0,"finish_us":1303244,"inclusive_us":47669,"phase":"warning","physics_frame":23,"process_frame":20,"start_us":1255575},{"accepted":true,"automatic_native_tick":true,"clock_s":0.383333333333333,"event_count":0,"finish_us":1355078,"inclusive_us":47565,"phase":"warning","physics_frame":24,"process_frame":20,"start_us":1307513},{"accepted":true,"automatic_native_tick":true,"clock_s":0.4,"event_count":0,"finish_us":1406906,"inclusive_us":47547,"phase":"warning","physics_frame":25,"process_frame":20,"start_us":1359359},{"accepted":true,"automatic_native_tick":true,"clock_s":0.416666666666667,"event_count":0,"finish_us":1459202,"inclusive_us":47854,"phase":"warning","physics_frame":26,"process_frame":20,"start_us":1411348},{"accepted":true,"automatic_native_tick":true,"clock_s":0.433333333333333,"event_count":0,"finish_us":1511700,"inclusive_us":48157,"phase":"warning","physics_frame":27,"process_frame":20,"start_us":1463543},{"accepted":true,"automatic_native_tick":true,"clock_s":0.45,"event_count":0,"finish_us":1563541,"inclusive_us":47555,"phase":"warning","physics_frame":28,"process_frame":20,"start_us":1515986},{"accepted":true,"automatic_native_tick":true,"clock_s":0.466666666666667,"event_count":0,"finish_us":1615595,"inclusive_us":47780,"phase":"warning","physics_frame":29,"process_frame":20,"start_us":1567815},{"accepted":true,"automatic_native_tick":true,"clock_s":0.483333333333333,"event_count":0,"finish_us":1667627,"inclusive_us":47563,"phase":"warning","physics_frame":30,"process_frame":20,"start_us":1620064},{"accepted":true,"automatic_native_tick":true,"clock_s":0.5,"event_count":0,"finish_us":1719840,"inclusive_us":47852,"phase":"warning","physics_frame":31,"process_frame":21,"start_us":1671988},{"accepted":true,"automatic_native_tick":true,"clock_s":0.516666666666667,"event_count":0,"finish_us":1771671,"inclusive_us":47540,"phase":"warning","physics_frame":32,"process_frame":21,"start_us":1724131},{"accepted":true,"automatic_native_tick":true,"clock_s":0.533333333333333,"event_count":0,"finish_us":1825097,"inclusive_us":49130,"phase":"warning","physics_frame":33,"process_frame":21,"start_us":1775967},{"accepted":true,"automatic_native_tick":true,"clock_s":0.55,"event_count":0,"finish_us":1877062,"inclusive_us":47663,"phase":"warning","physics_frame":34,"process_frame":21,"start_us":1829399},{"accepted":true,"automatic_native_tick":true,"clock_s":0.566666666666667,"event_count":0,"finish_us":1929258,"inclusive_us":47812,"phase":"warning","physics_frame":35,"process_frame":21,"start_us":1881446},{"accepted":true,"automatic_native_tick":true,"clock_s":0.583333333333333,"event_count":0,"finish_us":1981178,"inclusive_us":47655,"phase":"warning","physics_frame":36,"process_frame":21,"start_us":1933523},{"accepted":true,"automatic_native_tick":true,"clock_s":0.6,"event_count":0,"finish_us":2032995,"inclusive_us":47526,"phase":"warning","physics_frame":37,"process_frame":21,"start_us":1985469},{"accepted":true,"automatic_native_tick":true,"clock_s":0.616666666666667,"event_count":0,"finish_us":2085000,"inclusive_us":47631,"phase":"warning","physics_frame":38,"process_frame":21,"start_us":2037369},{"accepted":true,"automatic_native_tick":false,"clock_s":0.616666666666667,"event_count":0,"finish_us":2151513,"inclusive_us":47464,"phase":"lock","physics_frame":38,"process_frame":21,"start_us":2104049},{"accepted":true,"automatic_native_tick":true,"clock_s":0.633333333333334,"event_count":0,"finish_us":2203483,"inclusive_us":47720,"phase":"lock","physics_frame":39,"process_frame":22,"start_us":2155763},{"accepted":true,"automatic_native_tick":true,"clock_s":0.65,"event_count":0,"finish_us":2255223,"inclusive_us":47387,"phase":"lock","physics_frame":40,"process_frame":22,"start_us":2207836},{"accepted":true,"automatic_native_tick":true,"clock_s":0.666666666666667,"event_count":0,"finish_us":2307126,"inclusive_us":47587,"phase":"lock","physics_frame":41,"process_frame":22,"start_us":2259539},{"accepted":true,"automatic_native_tick":true,"clock_s":0.683333333333334,"event_count":0,"finish_us":2358786,"inclusive_us":47373,"phase":"lock","physics_frame":42,"process_frame":22,"start_us":2311413},{"accepted":true,"automatic_native_tick":true,"clock_s":0.700000000000001,"event_count":0,"finish_us":2410664,"inclusive_us":47640,"phase":"lock","physics_frame":43,"process_frame":22,"start_us":2363024},{"accepted":true,"automatic_native_tick":true,"clock_s":0.716666666666667,"event_count":0,"finish_us":2463379,"inclusive_us":48431,"phase":"lock","physics_frame":44,"process_frame":22,"start_us":2414948},{"accepted":true,"automatic_native_tick":true,"clock_s":0.733333333333334,"event_count":0,"finish_us":2516002,"inclusive_us":47784,"phase":"lock","physics_frame":45,"process_frame":22,"start_us":2468218},{"accepted":true,"automatic_native_tick":true,"clock_s":0.750000000000001,"event_count":0,"finish_us":2567800,"inclusive_us":47512,"phase":"lock","physics_frame":46,"process_frame":22,"start_us":2520288},{"accepted":true,"automatic_native_tick":true,"clock_s":0.766666666666667,"event_count":0,"finish_us":2620834,"inclusive_us":47625,"phase":"lock","physics_frame":47,"process_frame":23,"start_us":2573209},{"accepted":true,"automatic_native_tick":true,"clock_s":0.783333333333334,"event_count":0,"finish_us":2672817,"inclusive_us":47669,"phase":"lock","physics_frame":48,"process_frame":23,"start_us":2625148},{"accepted":true,"automatic_native_tick":true,"clock_s":0.800000000000001,"event_count":0,"finish_us":2725647,"inclusive_us":48494,"phase":"lock","physics_frame":49,"process_frame":23,"start_us":2677153},{"accepted":true,"automatic_native_tick":true,"clock_s":0.816666666666668,"event_count":0,"finish_us":2777540,"inclusive_us":47552,"phase":"lock","physics_frame":50,"process_frame":23,"start_us":2729988},{"accepted":true,"automatic_native_tick":true,"clock_s":0.833333333333334,"event_count":0,"finish_us":2831363,"inclusive_us":49421,"phase":"lock","physics_frame":51,"process_frame":23,"start_us":2781942},{"accepted":true,"automatic_native_tick":true,"clock_s":0.850000000000001,"event_count":0,"finish_us":2884960,"inclusive_us":49015,"phase":"lock","physics_frame":52,"process_frame":23,"start_us":2835945},{"accepted":true,"automatic_native_tick":true,"clock_s":0.866666666666668,"event_count":0,"finish_us":2937006,"inclusive_us":47605,"phase":"lock","physics_frame":53,"process_frame":23,"start_us":2889401},{"accepted":true,"automatic_native_tick":true,"clock_s":0.883333333333334,"event_count":0,"finish_us":2988978,"inclusive_us":47601,"phase":"lock","physics_frame":54,"process_frame":23,"start_us":2941377},{"accepted":true,"automatic_native_tick":true,"clock_s":0.900000000000001,"event_count":0,"finish_us":3041177,"inclusive_us":47773,"phase":"lock","physics_frame":55,"process_frame":24,"start_us":2993404},{"accepted":true,"automatic_native_tick":true,"clock_s":0.916666666666668,"event_count":0,"finish_us":3093436,"inclusive_us":47846,"phase":"lock","physics_frame":56,"process_frame":24,"start_us":3045590},{"accepted":true,"automatic_native_tick":true,"clock_s":0.933333333333335,"event_count":0,"finish_us":3145253,"inclusive_us":47479,"phase":"lock","physics_frame":57,"process_frame":24,"start_us":3097774},{"accepted":true,"automatic_native_tick":true,"clock_s":0.950000000000001,"event_count":0,"finish_us":3197874,"inclusive_us":48351,"phase":"lock","physics_frame":58,"process_frame":24,"start_us":3149523},{"accepted":true,"automatic_native_tick":true,"clock_s":0.966666666666668,"event_count":0,"finish_us":3250126,"inclusive_us":47844,"phase":"lock","physics_frame":59,"process_frame":24,"start_us":3202282},{"accepted":true,"automatic_native_tick":true,"clock_s":0.983333333333335,"event_count":0,"finish_us":3302966,"inclusive_us":48010,"phase":"lock","physics_frame":60,"process_frame":24,"start_us":3254956},{"accepted":true,"automatic_native_tick":true,"clock_s":1.0,"event_count":0,"finish_us":3355120,"inclusive_us":47778,"phase":"lock","physics_frame":61,"process_frame":24,"start_us":3307342},{"accepted":true,"automatic_native_tick":true,"clock_s":1.01666666666667,"event_count":0,"finish_us":3407251,"inclusive_us":47791,"phase":"active","physics_frame":62,"process_frame":24,"start_us":3359460},{"accepted":true,"automatic_native_tick":true,"clock_s":1.03333333333333,"event_count":0,"finish_us":3459508,"inclusive_us":47813,"phase":"active","physics_frame":63,"process_frame":25,"start_us":3411695},{"accepted":true,"automatic_native_tick":true,"clock_s":1.05,"event_count":0,"finish_us":3511483,"inclusive_us":47676,"phase":"active","physics_frame":64,"process_frame":25,"start_us":3463807},{"accepted":true,"automatic_native_tick":true,"clock_s":1.06666666666667,"event_count":0,"finish_us":3563859,"inclusive_us":48096,"phase":"active","physics_frame":65,"process_frame":25,"start_us":3515763},{"accepted":true,"automatic_native_tick":true,"clock_s":1.08333333333333,"event_count":0,"finish_us":3617818,"inclusive_us":49396,"phase":"active","physics_frame":66,"process_frame":25,"start_us":3568422},{"accepted":true,"automatic_native_tick":true,"clock_s":1.1,"event_count":0,"finish_us":3672790,"inclusive_us":50534,"phase":"active","physics_frame":67,"process_frame":25,"start_us":3622256},{"accepted":true,"automatic_native_tick":true,"clock_s":1.11666666666667,"event_count":0,"finish_us":3726708,"inclusive_us":49491,"phase":"active","physics_frame":68,"process_frame":25,"start_us":3677217},{"accepted":true,"automatic_native_tick":true,"clock_s":1.13333333333333,"event_count":0,"finish_us":3781497,"inclusive_us":50184,"phase":"active","physics_frame":69,"process_frame":25,"start_us":3731313},{"accepted":true,"automatic_native_tick":true,"clock_s":1.15,"event_count":0,"finish_us":3834737,"inclusive_us":48835,"phase":"active","physics_frame":70,"process_frame":25,"start_us":3785902},{"accepted":true,"automatic_native_tick":true,"clock_s":1.16666666666667,"event_count":0,"finish_us":3889383,"inclusive_us":50047,"phase":"active","physics_frame":71,"process_frame":26,"start_us":3839336},{"accepted":true,"automatic_native_tick":true,"clock_s":1.18333333333333,"event_count":0,"finish_us":3944073,"inclusive_us":50236,"phase":"active","physics_frame":72,"process_frame":26,"start_us":3893837},{"accepted":true,"automatic_native_tick":true,"clock_s":1.2,"event_count":1,"finish_us":4043503,"inclusive_us":94899,"phase":"active","physics_frame":73,"process_frame":26,"start_us":3948604},{"accepted":true,"automatic_native_tick":true,"clock_s":1.21666666666667,"event_count":0,"finish_us":4098886,"inclusive_us":50657,"phase":"active","physics_frame":74,"process_frame":26,"start_us":4048229},{"accepted":true,"automatic_native_tick":true,"clock_s":1.23333333333333,"event_count":0,"finish_us":4153998,"inclusive_us":50466,"phase":"active","physics_frame":75,"process_frame":26,"start_us":4103532},{"accepted":true,"automatic_native_tick":true,"clock_s":1.25,"event_count":0,"finish_us":4208757,"inclusive_us":50074,"phase":"recovery","physics_frame":76,"process_frame":26,"start_us":4158683},{"accepted":true,"automatic_native_tick":true,"clock_s":1.26666666666667,"event_count":0,"finish_us":4265879,"inclusive_us":52337,"phase":"recovery","physics_frame":77,"process_frame":26,"start_us":4213542},{"accepted":true,"automatic_native_tick":true,"clock_s":1.28333333333333,"event_count":0,"finish_us":4319665,"inclusive_us":49012,"phase":"recovery","physics_frame":78,"process_frame":26,"start_us":4270653},{"accepted":true,"automatic_native_tick":true,"clock_s":1.3,"event_count":0,"finish_us":4371791,"inclusive_us":47498,"phase":"recovery","physics_frame":79,"process_frame":27,"start_us":4324293},{"accepted":true,"automatic_native_tick":true,"clock_s":1.31666666666667,"event_count":0,"finish_us":4423561,"inclusive_us":47480,"phase":"recovery","physics_frame":80,"process_frame":27,"start_us":4376081},{"accepted":true,"automatic_native_tick":true,"clock_s":1.33333333333333,"event_count":0,"finish_us":4476552,"inclusive_us":48739,"phase":"recovery","physics_frame":81,"process_frame":27,"start_us":4427813},{"accepted":true,"automatic_native_tick":true,"clock_s":1.35,"event_count":0,"finish_us":4528372,"inclusive_us":47476,"phase":"recovery","physics_frame":82,"process_frame":27,"start_us":4480896},{"accepted":true,"automatic_native_tick":true,"clock_s":1.36666666666667,"event_count":0,"finish_us":4580514,"inclusive_us":47744,"phase":"recovery","physics_frame":83,"process_frame":27,"start_us":4532770},{"accepted":true,"automatic_native_tick":true,"clock_s":1.38333333333333,"event_count":0,"finish_us":4632718,"inclusive_us":47814,"phase":"recovery","physics_frame":84,"process_frame":27,"start_us":4584904},{"accepted":true,"automatic_native_tick":true,"clock_s":1.4,"event_count":0,"finish_us":4684528,"inclusive_us":47572,"phase":"recovery","physics_frame":85,"process_frame":27,"start_us":4636956},{"accepted":true,"automatic_native_tick":true,"clock_s":1.41666666666667,"event_count":0,"finish_us":4736497,"inclusive_us":47711,"phase":"recovery","physics_frame":86,"process_frame":27,"start_us":4688786},{"accepted":true,"automatic_native_tick":true,"clock_s":1.43333333333333,"event_count":0,"finish_us":4788559,"inclusive_us":47726,"phase":"recovery","physics_frame":87,"process_frame":28,"start_us":4740833},{"accepted":true,"automatic_native_tick":true,"clock_s":1.45,"event_count":0,"finish_us":4840771,"inclusive_us":47862,"phase":"recovery","physics_frame":88,"process_frame":28,"start_us":4792909},{"accepted":true,"automatic_native_tick":true,"clock_s":1.46666666666667,"event_count":0,"finish_us":4894286,"inclusive_us":48932,"phase":"recovery","physics_frame":89,"process_frame":28,"start_us":4845354},{"accepted":true,"automatic_native_tick":true,"clock_s":1.48333333333333,"event_count":0,"finish_us":4947460,"inclusive_us":48737,"phase":"recovery","physics_frame":90,"process_frame":28,"start_us":4898723},{"accepted":true,"automatic_native_tick":true,"clock_s":1.5,"event_count":0,"finish_us":5001811,"inclusive_us":49754,"phase":"recovery","physics_frame":91,"process_frame":28,"start_us":4952057},{"accepted":true,"automatic_native_tick":true,"clock_s":1.51666666666667,"event_count":0,"finish_us":5059245,"inclusive_us":52634,"phase":"recovery","physics_frame":92,"process_frame":28,"start_us":5006611},{"accepted":true,"automatic_native_tick":true,"clock_s":1.53333333333333,"event_count":0,"finish_us":5112805,"inclusive_us":49115,"phase":"recovery","physics_frame":93,"process_frame":28,"start_us":5063690},{"accepted":true,"automatic_native_tick":true,"clock_s":1.55,"event_count":0,"finish_us":5167824,"inclusive_us":50632,"phase":"recovery","physics_frame":94,"process_frame":28,"start_us":5117192}],"api_revision":"test-only-authored-echo-performance-2","automatic_native_advances":72,"display_driver":"headless","engine":{"build":"official","hash":"ed1daf0bf001b61586d9930840f2f1394092c079","hex":263938,"major":4,"minor":7,"patch":2,"status":"stable","string":"4.7.2-stable (official)","timestamp":0},"limitations":"Instrumented one-Box native source first cycle with EXACT real Scheduler; advance end timestamps exclude appended sample bookkeeping. Cycle wall elapsed includes separately reported direct fixed-clock probes, admission/projection/bind, native loop waits and other observer overhead; probe costs are not nested production call counts. Three samples per API inspect only the genuine admitted prelock clock; Cue, renderer guard and Cursor probes use the actual retained instances, not new guards or cached authority. Not actual authored A3-L3, production 16-visual art, portrait review, FPS, CPU monitor percentiles, sustained performance or a latency acceptance threshold. No guards or contact/proof authority bypassed.","native_output":[540,1170],"native_phases_observed":["warning","lock","active","recovery"],"physics_ticks_per_second":60,"required_native_visuals":1,"schema_version":2,"separate_fixed_clock_guard_probes":[{"accepted":true,"call":"replay_reservation_error","clock_after_s":0.35,"error":"","finish_us":1204446,"fixed_clock_s":0.35,"inclusive_us":4427,"repetition":0,"scope":"separate_pure_probe_not_nested_native_advance","start_us":1200019},{"accepted":true,"call":"authored_replay_source_error","clock_after_s":0.35,"error":"","finish_us":1208388,"fixed_clock_s":0.35,"inclusive_us":3929,"repetition":0,"scope":"separate_pure_probe_not_nested_native_advance","start_us":1204459},{"accepted":true,"call":"cue.projection_error","clock_after_s":0.35,"error":"","finish_us":1210137,"fixed_clock_s":0.35,"inclusive_us":1738,"repetition":0,"scope":"separate_pure_probe_not_nested_native_advance","start_us":1208399},{"accepted":true,"call":"renderer_guard.current_error","clock_after_s":0.35,"error":"","finish_us":1210610,"fixed_clock_s":0.35,"inclusive_us":461,"repetition":0,"scope":"separate_pure_probe_not_nested_native_advance","start_us":1210149},{"accepted":true,"call":"cursor.snapshot_error","clock_after_s":0.35,"error":"","finish_us":1213491,"fixed_clock_s":0.35,"inclusive_us":2872,"repetition":0,"scope":"separate_pure_probe_not_nested_native_advance","start_us":1210619},{"accepted":true,"call":"replay_reservation_error","clock_after_s":0.35,"error":"","finish_us":1217705,"fixed_clock_s":0.35,"inclusive_us":4205,"repetition":1,"scope":"separate_pure_probe_not_nested_native_advance","start_us":1213500},{"accepted":true,"call":"authored_replay_source_error","clock_after_s":0.35,"error":"","finish_us":1221480,"fixed_clock_s":0.35,"inclusive_us":3767,"repetition":1,"scope":"separate_pure_probe_not_nested_native_advance","start_us":1217713},{"accepted":true,"call":"cue.projection_error","clock_after_s":0.35,"error":"","finish_us":1223138,"fixed_clock_s":0.35,"inclusive_us":1647,"repetition":1,"scope":"separate_pure_probe_not_nested_native_advance","start_us":1221491},{"accepted":true,"call":"renderer_guard.current_error","clock_after_s":0.35,"error":"","finish_us":1223598,"fixed_clock_s":0.35,"inclusive_us":451,"repetition":1,"scope":"separate_pure_probe_not_nested_native_advance","start_us":1223147},{"accepted":true,"call":"cursor.snapshot_error","clock_after_s":0.35,"error":"","finish_us":1226424,"fixed_clock_s":0.35,"inclusive_us":2818,"repetition":1,"scope":"separate_pure_probe_not_nested_native_advance","start_us":1223606},{"accepted":true,"call":"replay_reservation_error","clock_after_s":0.35,"error":"","finish_us":1230589,"fixed_clock_s":0.35,"inclusive_us":4156,"repetition":2,"scope":"separate_pure_probe_not_nested_native_advance","start_us":1226433},{"accepted":true,"call":"authored_replay_source_error","clock_after_s":0.35,"error":"","finish_us":1234340,"fixed_clock_s":0.35,"inclusive_us":3743,"repetition":2,"scope":"separate_pure_probe_not_nested_native_advance","start_us":1230597},{"accepted":true,"call":"cue.projection_error","clock_after_s":0.35,"error":"","finish_us":1235992,"fixed_clock_s":0.35,"inclusive_us":1643,"repetition":2,"scope":"separate_pure_probe_not_nested_native_advance","start_us":1234349},{"accepted":true,"call":"renderer_guard.current_error","clock_after_s":0.35,"error":"","finish_us":1236447,"fixed_clock_s":0.35,"inclusive_us":446,"repetition":2,"scope":"separate_pure_probe_not_nested_native_advance","start_us":1236001},{"accepted":true,"call":"cursor.snapshot_error","clock_after_s":0.35,"error":"","finish_us":1239281,"fixed_clock_s":0.35,"inclusive_us":2817,"repetition":2,"scope":"separate_pure_probe_not_nested_native_advance","start_us":1236464}],"separate_fixed_clock_probe_elapsed_us":39270,"separate_fixed_clock_probe_summary_us":{"authored_replay_source_error":{"count":3,"inclusive_total_us":11439,"max_us":3929,"mean_us":3813.0,"p50_us":3767,"p95_us":3929},"cue.projection_error":{"count":3,"inclusive_total_us":5028,"max_us":1738,"mean_us":1676.0,"p50_us":1647,"p95_us":1738},"cursor.snapshot_error":{"count":3,"inclusive_total_us":8507,"max_us":2872,"mean_us":2835.66666666667,"p50_us":2818,"p95_us":2872},"renderer_guard.current_error":{"count":3,"inclusive_total_us":1358,"max_us":461,"mean_us":452.666666666667,"p50_us":451,"p95_us":461},"replay_reservation_error":{"count":3,"inclusive_total_us":12788,"max_us":4427,"mean_us":4262.66666666667,"p50_us":4205,"p95_us":4427}},"simulation_elapsed_s":1.2,"simulation_finish_s":1.55,"simulation_start_s":0.35,"viewport_size":[270,585],"wall_elapsed_us":4142594,"wall_finish_us":5171464,"wall_start_us":1028870}
Authored echo performance smoke: 113 checks, 0 failures; native-only first-cycle measurement
