Godot Engine v4.7.2.stable.official.ed1daf0bf - https://godotengine.org

PASS: source constructs actual Heavy/Player/Bait/B05/foreign Scout and one Standard epoch
PASS: whole scope includes distinct actual third owner and second authored static floor
PASS: source earns real native dry-floor contact before pristine capture
PASS: pristine full actual tuple has no invented bait/cycle/history
PASS: pristine full real tuple round-trips ExactJson scalar/vector bits and types
PASS: pristine fresh actual paused recipient is constructed before its first physics tick with different preference
PASS: pristine same-call fresh prospective native floor/capsule/proof preflight accepts before any physics tick: 
PASS: pristine pure fresh preflight preserves exact tuple and emits zero callbacks
PASS: pristine consumer-before-source order refuses atomically
PASS: pristine entire real tuple preflights before quiet commit 0
PASS: pristine quietly restores actual full native Player
PASS: pristine quietly restores actual inactive foreign Scout before shared Scheduler
PASS: pristine commits exact Bait/Actor/Joint after actual Player
PASS: pristine restores ONE full shared Scheduler for all three owners/two floors
PASS: pristine quietly commits actual Ray/Foot and bounded parent facts
PASS: pristine repeated full actual recapture is exact without proof/clock/health/profile/deadline drift
PASS: pristine quiet restoration and capture emit zero action/damage/cue/progression/Scheduler callbacks
PASS: pristine preserves exact actual Actor body yaw and saved canonical Standard profile
PASS: pristine entire real tuple preflights before quiet commit 1
PASS: pristine quietly restores actual full native Player
PASS: pristine quietly restores actual inactive foreign Scout before shared Scheduler
PASS: pristine commits exact Bait/Actor/Joint after actual Player
PASS: pristine restores ONE full shared Scheduler for all three owners/two floors
PASS: pristine quietly commits actual Ray/Foot and bounded parent facts
PASS: pristine repeated full actual recapture is exact without proof/clock/health/profile/deadline drift
PASS: pristine quiet restoration and capture emit zero action/damage/cue/progression/Scheduler callbacks
PASS: pristine preserves exact actual Actor body yaw and saved canonical Standard profile
PASS: pristine paused deferred barrier preserves exact tuple with no late restoration callbacks
PASS: pristine three-owner whole host rejects standalone two-owner convenience atomically
PASS: permanent cleanup closes actual parent admission/owner/transport authority
PASS: whole actual transport world/controller/source/cue disposes
PASS: whole actual transport world/controller/source/cue disposes
PASS: whole actual transport world/controller/source/cue disposes
PASS: whole actual transport world/controller/source/cue disposes
PASS: whole actual transport world/controller/source/cue disposes
PASS: whole actual transport world/controller/source/cue disposes
PASS: whole actual transport world/controller/source/cue disposes
PASS: whole actual transport world/controller/source/cue disposes
PASS: whole actual transport world/controller/source/cue disposes
PASS: whole actual transport world/controller/source/cue disposes
PASS: whole actual transport world/controller/source/cue disposes
PASS: public parent.start seeds real entry bait and begins one Ray introduction
PASS: first actual Ray reaches genuine armed native lock
SCRIPT ERROR: Invalid type in function 'timed_path_hits' in base 'GDScript'. The array of argument 2 (Array) does not have the same element type as the expected typed array argument.
   at: _proof_error (res://scripts/acts/act2/dead_london_sentry_encounter.gd:1213)
   GDScript backtrace (most recent call first):
       [0] _proof_error (res://scripts/acts/act2/dead_london_sentry_encounter.gd:1213)
       [1] _admission_error (res://scripts/acts/act2/dead_london_sentry_encounter.gd:1154)
       [2] _parent_value_error (res://scripts/acts/act2/dead_london_sentry_encounter.gd:1079)
       [3] _snapshot_plan_error (res://scripts/acts/act2/dead_london_sentry_encounter.gd:994)
       [4] snapshot_state (res://scripts/acts/act2/dead_london_sentry_encounter.gd:250)
       [5] _capture (res://tests/acts/act2/a2_l5_sentry_parent_transport_smoke.gd:185)
       [6] _native_transport (res://tests/acts/act2/a2_l5_sentry_parent_transport_smoke.gd:177)
PASS: actual paused armed Ray captures full Player/foreign Actor/B05/whole Scheduler tuple
PASS: armed sample is genuine first accepted full proof with unchanged health and no manufactured actions/Foot/threshold
PASS: armed Ray full real tuple round-trips ExactJson scalar/vector bits and types
PASS: armed Ray fresh actual paused recipient is constructed before its first physics tick with different preference
SCRIPT ERROR: Invalid type in function 'timed_path_hits' in base 'GDScript'. The array of argument 2 (Array) does not have the same element type as the expected typed array argument.
   at: _proof_error (res://scripts/acts/act2/dead_london_sentry_encounter.gd:1213)
   GDScript backtrace (most recent call first):
       [0] _proof_error (res://scripts/acts/act2/dead_london_sentry_encounter.gd:1213)
       [1] _admission_error (res://scripts/acts/act2/dead_london_sentry_encounter.gd:1154)
       [2] _parent_value_error (res://scripts/acts/act2/dead_london_sentry_encounter.gd:1079)
       [3] _snapshot_plan_error (res://scripts/acts/act2/dead_london_sentry_encounter.gd:994)
       [4] snapshot_error (res://scripts/acts/act2/dead_london_sentry_encounter.gd:258)
       [5] _preflight (res://tests/acts/act2/a2_l5_sentry_parent_transport_smoke.gd:196)
       [6] _fresh_round_trip (res://tests/acts/act2/a2_l5_sentry_parent_transport_smoke.gd:209)
       [7] _native_transport (res://tests/acts/act2/a2_l5_sentry_parent_transport_smoke.gd:181)
PASS: armed Ray same-call fresh prospective native floor/capsule/proof preflight accepts before any physics tick: 
PASS: armed Ray pure fresh preflight preserves exact tuple and emits zero callbacks
PASS: armed Ray consumer-before-source order refuses atomically
PASS: malformed copied clock pure whole-tuple preflight refuses atomically: Copied authoritative B05/Scheduler clock must be identical
PASS: malformed missing foreign owner pure whole-tuple preflight refuses atomically: Transport cannot narrow or extend the registered whole host owner map
PASS: malformed original proof scalar pure whole-tuple preflight refuses atomically: Copied proof landing/primary/full cadence identity required
PASS: malformed wrong nested receipt type pure whole-tuple preflight refuses atomically: Closed real accepted cycle/proof/equipment receipt required
SCRIPT ERROR: Invalid type in function 'timed_path_hits' in base 'GDScript'. The array of argument 2 (Array) does not have the same element type as the expected typed array argument.
   at: _proof_error (res://scripts/acts/act2/dead_london_sentry_encounter.gd:1213)
   GDScript backtrace (most recent call first):
       [0] _proof_error (res://scripts/acts/act2/dead_london_sentry_encounter.gd:1213)
       [1] _admission_error (res://scripts/acts/act2/dead_london_sentry_encounter.gd:1154)
       [2] _parent_value_error (res://scripts/acts/act2/dead_london_sentry_encounter.gd:1079)
       [3] _snapshot_plan_error (res://scripts/acts/act2/dead_london_sentry_encounter.gd:994)
       [4] snapshot_error (res://scripts/acts/act2/dead_london_sentry_encounter.gd:258)
       [5] _preflight (res://tests/acts/act2/a2_l5_sentry_parent_transport_smoke.gd:196)
       [6] _fresh_round_trip (res://tests/acts/act2/a2_l5_sentry_parent_transport_smoke.gd:215)
       [7] _native_transport (res://tests/acts/act2/a2_l5_sentry_parent_transport_smoke.gd:181)
PASS: armed Ray entire real tuple preflights before quiet commit 0
PASS: armed Ray quietly restores actual full native Player
PASS: armed Ray quietly restores actual inactive foreign Scout before shared Scheduler
SCRIPT ERROR: Invalid type in function 'timed_path_hits' in base 'GDScript'. The array of argument 2 (Array) does not have the same element type as the expected typed array argument.
   at: _proof_error (res://scripts/acts/act2/dead_london_sentry_encounter.gd:1213)
   GDScript backtrace (most recent call first):
       [0] _proof_error (res://scripts/acts/act2/dead_london_sentry_encounter.gd:1213)
       [1] _admission_error (res://scripts/acts/act2/dead_london_sentry_encounter.gd:1154)
       [2] _parent_value_error (res://scripts/acts/act2/dead_london_sentry_encounter.gd:1079)
       [3] _snapshot_plan_error (res://scripts/acts/act2/dead_london_sentry_encounter.gd:994)
       [4] snapshot_error (res://scripts/acts/act2/dead_london_sentry_encounter.gd:258)
       [5] restore_source_state (res://scripts/acts/act2/dead_london_sentry_encounter.gd:265)
       [6] _fresh_round_trip (res://tests/acts/act2/a2_l5_sentry_parent_transport_smoke.gd:221)
       [7] _native_transport (res://tests/acts/act2/a2_l5_sentry_parent_transport_smoke.gd:181)
PASS: armed Ray commits exact Bait/Actor/Joint after actual Player
PASS: armed Ray restores ONE full shared Scheduler for all three owners/two floors
PASS: armed Ray quietly commits actual Ray/Foot and bounded parent facts
SCRIPT ERROR: Invalid type in function 'timed_path_hits' in base 'GDScript'. The array of argument 2 (Array) does not have the same element type as the expected typed array argument.
   at: _proof_error (res://scripts/acts/act2/dead_london_sentry_encounter.gd:1213)
   GDScript backtrace (most recent call first):
       [0] _proof_error (res://scripts/acts/act2/dead_london_sentry_encounter.gd:1213)
       [1] _admission_error (res://scripts/acts/act2/dead_london_sentry_encounter.gd:1154)
       [2] _parent_value_error (res://scripts/acts/act2/dead_london_sentry_encounter.gd:1079)
       [3] _snapshot_plan_error (res://scripts/acts/act2/dead_london_sentry_encounter.gd:994)
       [4] snapshot_state (res://scripts/acts/act2/dead_london_sentry_encounter.gd:250)
       [5] _capture (res://tests/acts/act2/a2_l5_sentry_parent_transport_smoke.gd:185)
       [6] _fresh_round_trip (res://tests/acts/act2/a2_l5_sentry_parent_transport_smoke.gd:224)
       [7] _native_transport (res://tests/acts/act2/a2_l5_sentry_parent_transport_smoke.gd:181)
PASS: armed Ray repeated full actual recapture is exact without proof/clock/health/profile/deadline drift
PASS: armed Ray quiet restoration and capture emit zero action/damage/cue/progression/Scheduler callbacks
PASS: armed Ray preserves exact actual Actor body yaw and saved canonical Standard profile
SCRIPT ERROR: Invalid type in function 'timed_path_hits' in base 'GDScript'. The array of argument 2 (Array) does not have the same element type as the expected typed array argument.
   at: _proof_error (res://scripts/acts/act2/dead_london_sentry_encounter.gd:1213)
   GDScript backtrace (most recent call first):
       [0] _proof_error (res://scripts/acts/act2/dead_london_sentry_encounter.gd:1213)
       [1] _admission_error (res://scripts/acts/act2/dead_london_sentry_encounter.gd:1154)
       [2] _parent_value_error (res://scripts/acts/act2/dead_london_sentry_encounter.gd:1079)
       [3] _snapshot_plan_error (res://scripts/acts/act2/dead_london_sentry_encounter.gd:994)
       [4] snapshot_error (res://scripts/acts/act2/dead_london_sentry_encounter.gd:258)
       [5] _preflight (res://tests/acts/act2/a2_l5_sentry_parent_transport_smoke.gd:196)
       [6] _fresh_round_trip (res://tests/acts/act2/a2_l5_sentry_parent_transport_smoke.gd:215)
       [7] _native_transport (res://tests/acts/act2/a2_l5_sentry_parent_transport_smoke.gd:181)
PASS: armed Ray entire real tuple preflights before quiet commit 1
PASS: armed Ray quietly restores actual full native Player
PASS: armed Ray quietly restores actual inactive foreign Scout before shared Scheduler
SCRIPT ERROR: Invalid type in function 'timed_path_hits' in base 'GDScript'. The array of argument 2 (Array) does not have the same element type as the expected typed array argument.
   at: _proof_error (res://scripts/acts/act2/dead_london_sentry_encounter.gd:1213)
   GDScript backtrace (most recent call first):
       [0] _proof_error (res://scripts/acts/act2/dead_london_sentry_encounter.gd:1213)
       [1] _admission_error (res://scripts/acts/act2/dead_london_sentry_encounter.gd:1154)
       [2] _parent_value_error (res://scripts/acts/act2/dead_london_sentry_encounter.gd:1079)
       [3] _snapshot_plan_error (res://scripts/acts/act2/dead_london_sentry_encounter.gd:994)
       [4] snapshot_error (res://scripts/acts/act2/dead_london_sentry_encounter.gd:258)
       [5] restore_source_state (res://scripts/acts/act2/dead_london_sentry_encounter.gd:265)
       [6] _fresh_round_trip (res://tests/acts/act2/a2_l5_sentry_parent_transport_smoke.gd:221)
       [7] _native_transport (res://tests/acts/act2/a2_l5_sentry_parent_transport_smoke.gd:181)
PASS: armed Ray commits exact Bait/Actor/Joint after actual Player
PASS: armed Ray restores ONE full shared Scheduler for all three owners/two floors
PASS: armed Ray quietly commits actual Ray/Foot and bounded parent facts
SCRIPT ERROR: Invalid type in function 'timed_path_hits' in base 'GDScript'. The array of argument 2 (Array) does not have the same element type as the expected typed array argument.
   at: _proof_error (res://scripts/acts/act2/dead_london_sentry_encounter.gd:1213)
   GDScript backtrace (most recent call first):
       [0] _proof_error (res://scripts/acts/act2/dead_london_sentry_encounter.gd:1213)
       [1] _admission_error (res://scripts/acts/act2/dead_london_sentry_encounter.gd:1154)
       [2] _parent_value_error (res://scripts/acts/act2/dead_london_sentry_encounter.gd:1079)
       [3] _snapshot_plan_error (res://scripts/acts/act2/dead_london_sentry_encounter.gd:994)
       [4] snapshot_state (res://scripts/acts/act2/dead_london_sentry_encounter.gd:250)
       [5] _capture (res://tests/acts/act2/a2_l5_sentry_parent_transport_smoke.gd:185)
       [6] _fresh_round_trip (res://tests/acts/act2/a2_l5_sentry_parent_transport_smoke.gd:224)
       [7] _native_transport (res://tests/acts/act2/a2_l5_sentry_parent_transport_smoke.gd:181)
PASS: armed Ray repeated full actual recapture is exact without proof/clock/health/profile/deadline drift
PASS: armed Ray quiet restoration and capture emit zero action/damage/cue/progression/Scheduler callbacks
PASS: armed Ray preserves exact actual Actor body yaw and saved canonical Standard profile
SCRIPT ERROR: Invalid type in function 'timed_path_hits' in base 'GDScript'. The array of argument 2 (Array) does not have the same element type as the expected typed array argument.
   at: _proof_error (res://scripts/acts/act2/dead_london_sentry_encounter.gd:1213)
   GDScript backtrace (most recent call first):
       [0] _proof_error (res://scripts/acts/act2/dead_london_sentry_encounter.gd:1213)
       [1] _admission_error (res://scripts/acts/act2/dead_london_sentry_encounter.gd:1154)
       [2] _parent_value_error (res://scripts/acts/act2/dead_london_sentry_encounter.gd:1079)
       [3] _snapshot_plan_error (res://scripts/acts/act2/dead_london_sentry_encounter.gd:994)
       [4] snapshot_state (res://scripts/acts/act2/dead_london_sentry_encounter.gd:250)
       [5] _capture (res://tests/acts/act2/a2_l5_sentry_parent_transport_smoke.gd:185)
       [6] _fresh_round_trip (res://tests/acts/act2/a2_l5_sentry_parent_transport_smoke.gd:230)
PASS: armed Ray paused deferred barrier preserves exact tuple with no late restoration callbacks
SCRIPT ERROR: Invalid type in function 'timed_path_hits' in base 'GDScript'. The array of argument 2 (Array) does not have the same element type as the expected typed array argument.
   at: _proof_error (res://scripts/acts/act2/dead_london_sentry_encounter.gd:1213)
   GDScript backtrace (most recent call first):
       [0] _proof_error (res://scripts/acts/act2/dead_london_sentry_encounter.gd:1213)
       [1] _admission_error (res://scripts/acts/act2/dead_london_sentry_encounter.gd:1154)
       [2] _parent_value_error (res://scripts/acts/act2/dead_london_sentry_encounter.gd:1079)
       [3] _snapshot_plan_error (res://scripts/acts/act2/dead_london_sentry_encounter.gd:994)
       [4] snapshot_state (res://scripts/acts/act2/dead_london_sentry_encounter.gd:250)
       [5] _capture (res://tests/acts/act2/a2_l5_sentry_parent_transport_smoke.gd:185)
       [6] _fresh_round_trip (res://tests/acts/act2/a2_l5_sentry_parent_transport_smoke.gd:231)
PASS: armed Ray three-owner whole host rejects standalone two-owner convenience atomically
PASS: permanent cleanup closes actual parent admission/owner/transport authority
PASS: whole actual transport world/controller/source/cue disposes
PASS: whole actual transport world/controller/source/cue disposes
PASS: whole actual transport world/controller/source/cue disposes
PASS: whole actual transport world/controller/source/cue disposes
PASS: whole actual transport world/controller/source/cue disposes
PASS: whole actual transport world/controller/source/cue disposes
PASS: whole actual transport world/controller/source/cue disposes
PASS: whole actual transport world/controller/source/cue disposes
PASS: whole actual transport world/controller/source/cue disposes
PASS: whole actual transport world/controller/source/cue disposes
PASS: whole actual transport world/controller/source/cue disposes
PASS: small native source has no runtime failure or fabricated Player publication
PASS: permanent cleanup closes actual parent admission/owner/transport authority
PASS: whole actual transport world/controller/source/cue disposes
PASS: whole actual transport world/controller/source/cue disposes
PASS: whole actual transport world/controller/source/cue disposes
PASS: whole actual transport world/controller/source/cue disposes
PASS: whole actual transport world/controller/source/cue disposes
PASS: whole actual transport world/controller/source/cue disposes
PASS: whole actual transport world/controller/source/cue disposes
PASS: whole actual transport world/controller/source/cue disposes
PASS: whole actual transport world/controller/source/cue disposes
PASS: whole actual transport world/controller/source/cue disposes
PASS: whole actual transport world/controller/source/cue disposes
A2-L5 native Sentry parent transport smoke: 99 checks, 0 failures; Standard pristine/first armed Ray, actual fresh quiet three-owner/two-floor transport and malformed atomic refusal only; no Shell checkpoint, whole level, camera/art or balance credit
