WorkerThreadPool: 8 threads, 2 max low-priority.
Godot Engine v4.7.2.stable.official.ed1daf0bf - https://godotengine.org
TextServer: Added interface "Dummy"
TextServer: Added interface "ICU / HarfBuzz / Graphite (Built-in)"
SDL: Init OK!
Accessibility: AccessKit driver loaded.
Accessibility: window 0 adapter created.
Using "default" pen tablet driver...
OpenGL debugging not supported!
Shader 'CanvasSdfShaderGLES3' SHA256: aa209c9cd00c30996f4e3b5154b4a42d5f99b1f48b97a2271aa7e66e4ca0f69d
Shader 'SkeletonShaderGLES3' SHA256: 19be6c6762bbf588f916616b0c74d8a1014507705c22088f9e12eb5303ee80d4
Shader 'ParticlesShaderGLES3' SHA256: 998856346189136d10e532cce18fdd784ee523eae2236f17964103b7f8839fc7
Shader 'ParticlesCopyShaderGLES3' SHA256: d09c248fd0fa0daba710c92c2533f9cfe1f03a461faabd91a58d182fa3638d2f
Shader 'CopyShaderGLES3' SHA256: 4e2e4050f31f29188b84577ee6572830d4b2fe1f881306800159c1ec9ab47b65
Shader 'CubemapFilterShaderGLES3' SHA256: 1b3651b07b28ca3c6294bc5b9aac6741a5bde11cf5cc114a9bec3d374634482b
Shader 'GlowShaderGLES3' SHA256: b00e122bba00bd1c678479fefd572f82f878e0ba6e76d4b2f826de21233e3944
Shader 'PostShaderGLES3' SHA256: 520e7ee21c944edcff2f2f1bf73bde88048ed450471ff319e595ff11c3671d59
Shader 'FeedShaderGLES3' SHA256: 99c82b3ef90c7ca526bc1e5b6b324451cef4a6f2c04dc1e0398cad3e2c1e7f91
Shader 'CanvasShaderGLES3' SHA256: 2df5dae51c7db1d5f0263c452426ee1b7ca67f8a7a400dcbc2e07f30a789239e
Shader 'CanvasOcclusionShaderGLES3' SHA256: c4479089f938138c9ba1bb3c1e9df7375f87d40838287dec967683ff866af1be
Shader 'SceneShaderGLES3' SHA256: be6f77f61e9e1997fdb48590587db38fa8d3452aedb656e3867e2a09085191ee
Shader 'SkyShaderGLES3' SHA256: 7a659e21e6065da2041b4cdbc57935a75585846af11273fd4367cc14b1fddde5
Shader 'TexBlitShaderGLES3' SHA256: 4d69b0150b5c3469a7f4e4cc8feb954f9ae89b3e33f7fdf6a20cac9abfacea46
OpenGL API 4.1 Metal - 90.5 - Compatibility - Using Device: Apple - Apple M3
CoreAudio: detected 2 channels
CoreAudio: output sampling rate: 48000 Hz
CoreAudio: output audio buffer frames: 512 calculated latency: 10ms

TextServer: Primary interface set to: "ICU / HarfBuzz / Graphite (Built-in)".
CORE API HASH: 2004498165
EDITOR API HASH: 1696660745
Loading resource: res://tests/act3_l2_registration_smoke.gd remapped: res://tests/act3_l2_registration_smoke.gd
Loading resource: res://scenes/main.tscn remapped: res://scenes/main.tscn
Loading resource: res://scripts/game.gd remapped: res://scripts/game.gd
Loading resource: res://scenes/player.tscn remapped: res://scenes/player.tscn
Loading resource: res://scripts/player.gd remapped: res://scripts/player.gd
Completed load for: 'res://scripts/player.gd' remapped 'res://scripts/player.gd' at thread -1
Completed load for: 'res://scenes/player.tscn' remapped 'res://scenes/player.tscn' at thread -1
Loading resource: res://scenes/practice_target.tscn remapped: res://scenes/practice_target.tscn
Loading resource: res://scripts/practice_target.gd remapped: res://scripts/practice_target.gd
Completed load for: 'res://scripts/practice_target.gd' remapped 'res://scripts/practice_target.gd' at thread -1
Completed load for: 'res://scenes/practice_target.tscn' remapped 'res://scenes/practice_target.tscn' at thread -1
Loading resource: res://scenes/lab_arena.tscn remapped: res://scenes/lab_arena.tscn
Completed load for: 'res://scenes/lab_arena.tscn' remapped 'res://scenes/lab_arena.tscn' at thread -1
Completed load for: 'res://scripts/game.gd' remapped 'res://scripts/game.gd' at thread -1
Completed load for: 'res://scenes/main.tscn' remapped 'res://scenes/main.tscn' at thread -1
Completed load for: 'res://tests/act3_l2_registration_smoke.gd' remapped 'res://tests/act3_l2_registration_smoke.gd' at thread -1
SceneTreeFTI: traversal method DEFAULT
Loaded system CA certificates
PASS: registration selectors are explicit and bounded: 
PASS: fixture asserts exact accepted HANDOFF provenance (optional --expected-commit=<40hex>)
Loading resource: res://scenes/acts/act3/a3_l2_living_forest.tscn remapped: res://scenes/acts/act3/a3_l2_living_forest.tscn
Loading resource: res://scripts/acts/act3/living_forest_level.gd remapped: res://scripts/acts/act3/living_forest_level.gd
Loading resource: res://assets/acts/act3/forest-leaf-floor.gdshader remapped: res://assets/acts/act3/forest-leaf-floor.gdshader
Completed load for: 'res://assets/acts/act3/forest-leaf-floor.gdshader' remapped 'res://assets/acts/act3/forest-leaf-floor.gdshader' at thread -1
Loading resource: res://assets/acts/act3/forest-bark-albedo-v1.png remapped: res://assets/acts/act3/forest-bark-albedo-v1.png
Loading resource: res://.godot/imported/forest-bark-albedo-v1.png-9b8e477af83da2a22407ac379e5b7c65.ctex remapped: res://.godot/imported/forest-bark-albedo-v1.png-9b8e477af83da2a22407ac379e5b7c65.ctex
Completed load for: 'res://assets/acts/act3/forest-bark-albedo-v1.png' remapped 'res://assets/acts/act3/forest-bark-albedo-v1.png' at thread -1
Loading resource: res://assets/acts/act3/dreamsinter-observer.png remapped: res://assets/acts/act3/dreamsinter-observer.png
Loading resource: res://.godot/imported/dreamsinter-observer.png-cc13d28fed3b683a6bcd55ae458ffc0e.ctex remapped: res://.godot/imported/dreamsinter-observer.png-cc13d28fed3b683a6bcd55ae458ffc0e.ctex
Completed load for: 'res://assets/acts/act3/dreamsinter-observer.png' remapped 'res://assets/acts/act3/dreamsinter-observer.png' at thread -1
Loading resource: res://assets/acts/act3/sunbound-stalker-branchspell.png remapped: res://assets/acts/act3/sunbound-stalker-branchspell.png
Loading resource: res://.godot/imported/sunbound-stalker-branchspell.png-75158e419bff8c7c42b44ef5f2278d93.ctex remapped: res://.godot/imported/sunbound-stalker-branchspell.png-75158e419bff8c7c42b44ef5f2278d93.ctex
Completed load for: 'res://assets/acts/act3/sunbound-stalker-branchspell.png' remapped 'res://assets/acts/act3/sunbound-stalker-branchspell.png' at thread -1
Loading resource: res://assets/acts/act3/sunbound-stalker-recovery.png remapped: res://assets/acts/act3/sunbound-stalker-recovery.png
Loading resource: res://.godot/imported/sunbound-stalker-recovery.png-d85b0669f9b230455b486cee596f480c.ctex remapped: res://.godot/imported/sunbound-stalker-recovery.png-d85b0669f9b230455b486cee596f480c.ctex
Completed load for: 'res://assets/acts/act3/sunbound-stalker-recovery.png' remapped 'res://assets/acts/act3/sunbound-stalker-recovery.png' at thread -1
Loading resource: res://assets/acts/act3/sunbound-stalker-alppain-readable.png remapped: res://assets/acts/act3/sunbound-stalker-alppain-readable.png
Loading resource: res://.godot/imported/sunbound-stalker-alppain-readable.png-8c8a6f963bd863c49f8fa56b9517f485.ctex remapped: res://.godot/imported/sunbound-stalker-alppain-readable.png-8c8a6f963bd863c49f8fa56b9517f485.ctex
Completed load for: 'res://assets/acts/act3/sunbound-stalker-alppain-readable.png' remapped 'res://assets/acts/act3/sunbound-stalker-alppain-readable.png' at thread -1
Loading resource: res://assets/acts/act3/sunbound-stalker-alppain-recovery.png remapped: res://assets/acts/act3/sunbound-stalker-alppain-recovery.png
Loading resource: res://.godot/imported/sunbound-stalker-alppain-recovery.png-1955175a04e7c515aded6d9787967b8c.ctex remapped: res://.godot/imported/sunbound-stalker-alppain-recovery.png-1955175a04e7c515aded6d9787967b8c.ctex
Completed load for: 'res://assets/acts/act3/sunbound-stalker-alppain-recovery.png' remapped 'res://assets/acts/act3/sunbound-stalker-alppain-recovery.png' at thread -1
Loading resource: res://assets/acts/act3/sunbound-stalker-branchspell-back.png remapped: res://assets/acts/act3/sunbound-stalker-branchspell-back.png
Loading resource: res://.godot/imported/sunbound-stalker-branchspell-back.png-043744825361994dc417101099b85f74.ctex remapped: res://.godot/imported/sunbound-stalker-branchspell-back.png-043744825361994dc417101099b85f74.ctex
Completed load for: 'res://assets/acts/act3/sunbound-stalker-branchspell-back.png' remapped 'res://assets/acts/act3/sunbound-stalker-branchspell-back.png' at thread -1
Loading resource: res://assets/acts/act3/sunbound-stalker-recovery-back.png remapped: res://assets/acts/act3/sunbound-stalker-recovery-back.png
Loading resource: res://.godot/imported/sunbound-stalker-recovery-back.png-8f37c03add6562ed941d8c2237852f86.ctex remapped: res://.godot/imported/sunbound-stalker-recovery-back.png-8f37c03add6562ed941d8c2237852f86.ctex
Completed load for: 'res://assets/acts/act3/sunbound-stalker-recovery-back.png' remapped 'res://assets/acts/act3/sunbound-stalker-recovery-back.png' at thread -1
Loading resource: res://assets/acts/act3/sunbound-stalker-alppain-back.png remapped: res://assets/acts/act3/sunbound-stalker-alppain-back.png
Loading resource: res://.godot/imported/sunbound-stalker-alppain-back.png-3aa1cb3dfdbcde1fe9faf6ebd36f3a6e.ctex remapped: res://.godot/imported/sunbound-stalker-alppain-back.png-3aa1cb3dfdbcde1fe9faf6ebd36f3a6e.ctex
Completed load for: 'res://assets/acts/act3/sunbound-stalker-alppain-back.png' remapped 'res://assets/acts/act3/sunbound-stalker-alppain-back.png' at thread -1
Loading resource: res://assets/acts/act3/sunbound-stalker-alppain-recovery-back.png remapped: res://assets/acts/act3/sunbound-stalker-alppain-recovery-back.png
Loading resource: res://.godot/imported/sunbound-stalker-alppain-recovery-back.png-d8b59d8464860c43275e6cc1746084f6.ctex remapped: res://.godot/imported/sunbound-stalker-alppain-recovery-back.png-d8b59d8464860c43275e6cc1746084f6.ctex
Completed load for: 'res://assets/acts/act3/sunbound-stalker-alppain-recovery-back.png' remapped 'res://assets/acts/act3/sunbound-stalker-alppain-recovery-back.png' at thread -1
Completed load for: 'res://scripts/acts/act3/living_forest_level.gd' remapped 'res://scripts/acts/act3/living_forest_level.gd' at thread -1
Completed load for: 'res://scenes/acts/act3/a3_l2_living_forest.tscn' remapped 'res://scenes/acts/act3/a3_l2_living_forest.tscn' at thread -1
PASS: actual production registry validates exact Living Forest provenance, accepted L1 prerequisite and unexposed L3: 
Loading resource: res://scenes/acts/act3/a3_l2_living_forest.tscn remapped: res://scenes/acts/act3/a3_l2_living_forest.tscn
Completed load for: 'res://scenes/acts/act3/a3_l2_living_forest.tscn' remapped 'res://scenes/acts/act3/a3_l2_living_forest.tscn' at thread -1
Loading resource: res://scripts/acts/act3/root_latcher_art.gd remapped: res://scripts/acts/act3/root_latcher_art.gd
Loading resource: res://assets/acts/act3/root-latcher-atlas.png remapped: res://assets/acts/act3/root-latcher-atlas.png
Loading resource: res://.godot/imported/root-latcher-atlas.png-4e04812e779905abf42507f5f44e69e5.ctex remapped: res://.godot/imported/root-latcher-atlas.png-4e04812e779905abf42507f5f44e69e5.ctex
Completed load for: 'res://assets/acts/act3/root-latcher-atlas.png' remapped 'res://assets/acts/act3/root-latcher-atlas.png' at thread -1
Completed load for: 'res://scripts/acts/act3/root_latcher_art.gd' remapped 'res://scripts/acts/act3/root_latcher_art.gd' at thread -1
PASS: TEST ONLY seed captures actual authored full runtime, not historical Living Forest preview
PASS: TEST ONLY initial HP/zeroammo seed uses validated quiet public actor restore
PASS: TEST ONLY eleven-predecessor prefix/actual initial A3 unit writes through public attempts/store:   
PASS: seed retains unchanged initial full A3 world/presentation with no entered source or executed action
PASS: seed preview actor/level retire before production installation
TEST ONLY prefix/resource seed: ["A1-L1", "A1-L2", "A1-L3", "A1-L4", "A1-L5", "A2-L1", "A2-L2", "A2-L3", "A2-L4", "A2-L5", "A3-L1"]; HP=0.1; initial shells=0; not predecessor gameplay or A3 clear evidence
PASS: production registry configures only isolated PID user paths
Loading resource: res://scenes/acts/act1/a1_l1.tscn remapped: res://scenes/acts/act1/a1_l1.tscn
Loading resource: res://scripts/acts/act1/launch_rehearsal.gd remapped: res://scripts/acts/act1/launch_rehearsal.gd
Completed load for: 'res://scripts/acts/act1/launch_rehearsal.gd' remapped 'res://scripts/acts/act1/launch_rehearsal.gd' at thread -1
Loading resource: res://assets/acts/act1/launch/quiet_floor.png remapped: res://assets/acts/act1/launch/quiet_floor.png
Loading resource: res://.godot/imported/quiet_floor.png-0d5ba5ae403bf427577865af7ea91238.ctex remapped: res://.godot/imported/quiet_floor.png-0d5ba5ae403bf427577865af7ea91238.ctex
Completed load for: 'res://assets/acts/act1/launch/quiet_floor.png' remapped 'res://assets/acts/act1/launch/quiet_floor.png' at thread -1
Completed load for: 'res://scenes/acts/act1/a1_l1.tscn' remapped 'res://scenes/acts/act1/a1_l1.tscn' at thread -1
Loading resource: res://scenes/acts/act3/a3_l2_living_forest.tscn remapped: res://scenes/acts/act3/a3_l2_living_forest.tscn
Completed load for: 'res://scenes/acts/act3/a3_l2_living_forest.tscn' remapped 'res://scenes/acts/act3/a3_l2_living_forest.tscn' at thread -1
Loading resource: res://scenes/acts/act3/a3_l2_living_forest.tscn remapped: res://scenes/acts/act3/a3_l2_living_forest.tscn
Completed load for: 'res://scenes/acts/act3/a3_l2_living_forest.tscn' remapped 'res://scenes/acts/act3/a3_l2_living_forest.tscn' at thread -1
Loading resource: res://scenes/acts/act3/a3_l2_living_forest.tscn remapped: res://scenes/acts/act3/a3_l2_living_forest.tscn
Completed load for: 'res://scenes/acts/act3/a3_l2_living_forest.tscn' remapped 'res://scenes/acts/act3/a3_l2_living_forest.tscn' at thread -1
Loading resource: res://scenes/acts/act3/a3_l2_living_forest.tscn remapped: res://scenes/acts/act3/a3_l2_living_forest.tscn
Completed load for: 'res://scenes/acts/act3/a3_l2_living_forest.tscn' remapped 'res://scenes/acts/act3/a3_l2_living_forest.tscn' at thread -1
Loading resource: res://scenes/acts/act3/a3_l2_living_forest.tscn remapped: res://scenes/acts/act3/a3_l2_living_forest.tscn
Completed load for: 'res://scenes/acts/act3/a3_l2_living_forest.tscn' remapped 'res://scenes/acts/act3/a3_l2_living_forest.tscn' at thread -1
Loading resource: res://scenes/acts/act3/a3_l2_living_forest.tscn remapped: res://scenes/acts/act3/a3_l2_living_forest.tscn
Completed load for: 'res://scenes/acts/act3/a3_l2_living_forest.tscn' remapped 'res://scenes/acts/act3/a3_l2_living_forest.tscn' at thread -1
Loading resource: res://scenes/acts/act3/a3_l2_living_forest.tscn remapped: res://scenes/acts/act3/a3_l2_living_forest.tscn
Completed load for: 'res://scenes/acts/act3/a3_l2_living_forest.tscn' remapped 'res://scenes/acts/act3/a3_l2_living_forest.tscn' at thread -1
PASS: real production Title has no duplicate live world for fatal branch initial TEST ONLY HP0.1/zeroammo: 
Loading resource: res://scenes/acts/act3/a3_l2_living_forest.tscn remapped: res://scenes/acts/act3/a3_l2_living_forest.tscn
Completed load for: 'res://scenes/acts/act3/a3_l2_living_forest.tscn' remapped 'res://scenes/acts/act3/a3_l2_living_forest.tscn' at thread -1
Loading resource: res://scenes/acts/act3/a3_l2_living_forest.tscn remapped: res://scenes/acts/act3/a3_l2_living_forest.tscn
Completed load for: 'res://scenes/acts/act3/a3_l2_living_forest.tscn' remapped 'res://scenes/acts/act3/a3_l2_living_forest.tscn' at thread -1
Loading resource: res://scenes/acts/act3/a3_l2_living_forest.tscn remapped: res://scenes/acts/act3/a3_l2_living_forest.tscn
Completed load for: 'res://scenes/acts/act3/a3_l2_living_forest.tscn' remapped 'res://scenes/acts/act3/a3_l2_living_forest.tscn' at thread -1
Loading resource: res://scenes/acts/act3/a3_l2_living_forest.tscn remapped: res://scenes/acts/act3/a3_l2_living_forest.tscn
Completed load for: 'res://scenes/acts/act3/a3_l2_living_forest.tscn' remapped 'res://scenes/acts/act3/a3_l2_living_forest.tscn' at thread -1
PASS: actual production A3 installation waits paused at Resume: 
PASS: exact production Forest owns the shared actor/effects and all nine typed authored sources
PASS: actual retained typed source has canonical binding: l2-threshold-stalker
PASS: actual retained typed source has canonical binding: l2-promise-root
PASS: actual retained typed source has canonical binding: l2-trunk-root
PASS: actual retained typed source has canonical binding: l2-priority-root
PASS: actual retained typed source has canonical binding: l2-priority-stalker
PASS: actual retained typed source has canonical binding: l2-watched-root
PASS: actual retained typed source has canonical binding: l2-watched-stalker
PASS: actual retained typed source has canonical binding: l2-slit-root
PASS: actual retained typed source has canonical binding: l2-slit-stalker
PASS: Forest binds four actual bodies/five actual mechanism children and native270x585 world to one shared scheduler
PASS: fatal branch starts from quiet public initial lowHP/zeroammo seed
PASS: fatal branch living entry exposes actual paused GUI Resume
PASS: fatal branch living entry GUI press/release is consumed before input/action/resource/pose/clock/anchor changes
PASS: actual viewport touch/drag/release starts one public physical dash and records exact release anchor
PASS: actual viewport touch/drag/release starts one public physical dash and records exact release anchor
Loading resource: res://scenes/acts/act3/a3_l2_living_forest.tscn remapped: res://scenes/acts/act3/a3_l2_living_forest.tscn
Completed load for: 'res://scenes/acts/act3/a3_l2_living_forest.tscn' remapped 'res://scenes/acts/act3/a3_l2_living_forest.tscn' at thread -1
Loading resource: res://scenes/acts/act3/a3_l2_living_forest.tscn remapped: res://scenes/acts/act3/a3_l2_living_forest.tscn
Completed load for: 'res://scenes/acts/act3/a3_l2_living_forest.tscn' remapped 'res://scenes/acts/act3/a3_l2_living_forest.tscn' at thread -1
Loading resource: res://scenes/acts/act3/a3_l2_living_forest.tscn remapped: res://scenes/acts/act3/a3_l2_living_forest.tscn
Completed load for: 'res://scenes/acts/act3/a3_l2_living_forest.tscn' remapped 'res://scenes/acts/act3/a3_l2_living_forest.tscn' at thread -1
Loading resource: res://scenes/acts/act3/a3_l2_living_forest.tscn remapped: res://scenes/acts/act3/a3_l2_living_forest.tscn
Completed load for: 'res://scenes/acts/act3/a3_l2_living_forest.tscn' remapped 'res://scenes/acts/act3/a3_l2_living_forest.tscn' at thread -1
Loading resource: res://scenes/acts/act3/a3_l2_living_forest.tscn remapped: res://scenes/acts/act3/a3_l2_living_forest.tscn
Completed load for: 'res://scenes/acts/act3/a3_l2_living_forest.tscn' remapped 'res://scenes/acts/act3/a3_l2_living_forest.tscn' at thread -1
Loading resource: res://scenes/acts/act3/a3_l2_living_forest.tscn remapped: res://scenes/acts/act3/a3_l2_living_forest.tscn
Completed load for: 'res://scenes/acts/act3/a3_l2_living_forest.tscn' remapped 'res://scenes/acts/act3/a3_l2_living_forest.tscn' at thread -1
Loading resource: res://scenes/acts/act3/a3_l2_living_forest.tscn remapped: res://scenes/acts/act3/a3_l2_living_forest.tscn
Completed load for: 'res://scenes/acts/act3/a3_l2_living_forest.tscn' remapped 'res://scenes/acts/act3/a3_l2_living_forest.tscn' at thread -1
Loading resource: res://scenes/acts/act3/a3_l2_living_forest.tscn remapped: res://scenes/acts/act3/a3_l2_living_forest.tscn
Completed load for: 'res://scenes/acts/act3/a3_l2_living_forest.tscn' remapped 'res://scenes/acts/act3/a3_l2_living_forest.tscn' at thread -1
Loading resource: res://scenes/acts/act3/a3_l2_living_forest.tscn remapped: res://scenes/acts/act3/a3_l2_living_forest.tscn
Completed load for: 'res://scenes/acts/act3/a3_l2_living_forest.tscn' remapped 'res://scenes/acts/act3/a3_l2_living_forest.tscn' at thread -1
PASS: real forward entry requests its checkpoint inside the still-unpaused full native tick
Loading resource: res://scenes/acts/act3/a3_l2_living_forest.tscn remapped: res://scenes/acts/act3/a3_l2_living_forest.tscn
Completed load for: 'res://scenes/acts/act3/a3_l2_living_forest.tscn' remapped 'res://scenes/acts/act3/a3_l2_living_forest.tscn' at thread -1
Loading resource: res://scenes/acts/act3/a3_l2_living_forest.tscn remapped: res://scenes/acts/act3/a3_l2_living_forest.tscn
Completed load for: 'res://scenes/acts/act3/a3_l2_living_forest.tscn' remapped 'res://scenes/acts/act3/a3_l2_living_forest.tscn' at thread -1
Loading resource: res://scenes/acts/act3/a3_l2_living_forest.tscn remapped: res://scenes/acts/act3/a3_l2_living_forest.tscn
Completed load for: 'res://scenes/acts/act3/a3_l2_living_forest.tscn' remapped 'res://scenes/acts/act3/a3_l2_living_forest.tscn' at thread -1
Loading resource: res://scenes/acts/act3/a3_l2_living_forest.tscn remapped: res://scenes/acts/act3/a3_l2_living_forest.tscn
Completed load for: 'res://scenes/acts/act3/a3_l2_living_forest.tscn' remapped 'res://scenes/acts/act3/a3_l2_living_forest.tscn' at thread -1
Loading resource: res://scenes/acts/act3/a3_l2_living_forest.tscn remapped: res://scenes/acts/act3/a3_l2_living_forest.tscn
Completed load for: 'res://scenes/acts/act3/a3_l2_living_forest.tscn' remapped 'res://scenes/acts/act3/a3_l2_living_forest.tscn' at thread -1
Loading resource: res://scenes/acts/act3/a3_l2_living_forest.tscn remapped: res://scenes/acts/act3/a3_l2_living_forest.tscn
Completed load for: 'res://scenes/acts/act3/a3_l2_living_forest.tscn' remapped 'res://scenes/acts/act3/a3_l2_living_forest.tscn' at thread -1
Loading resource: res://scenes/acts/act3/a3_l2_living_forest.tscn remapped: res://scenes/acts/act3/a3_l2_living_forest.tscn
Completed load for: 'res://scenes/acts/act3/a3_l2_living_forest.tscn' remapped 'res://scenes/acts/act3/a3_l2_living_forest.tscn' at thread -1
Loading resource: res://scenes/acts/act3/a3_l2_living_forest.tscn remapped: res://scenes/acts/act3/a3_l2_living_forest.tscn
Completed load for: 'res://scenes/acts/act3/a3_l2_living_forest.tscn' remapped 'res://scenes/acts/act3/a3_l2_living_forest.tscn' at thread -1
Loading resource: res://scenes/acts/act3/a3_l2_living_forest.tscn remapped: res://scenes/acts/act3/a3_l2_living_forest.tscn
Completed load for: 'res://scenes/acts/act3/a3_l2_living_forest.tscn' remapped 'res://scenes/acts/act3/a3_l2_living_forest.tscn' at thread -1
PASS: protected first entry retains its true unfinished dash, living lowHP and exact paired source state
PASS: optional portrait capture uses actual graphical renderer
PASS: actual540x1170 production portrait captured: /Users/howardchen/Library/Application Support/Godot/app_userdata/Cinder/test-act3-l2-registration-captures-5975-1032415/fatal-living-checkpoint.png
NATIVE PORTRAIT CONTEXT: { "label": "fatal-living-checkpoint", "paused": true, "native_focus": false, "menu": "pause", "level_id": "A3-L2", "player_clock_s": 0.61666666666667 }
PASS: actual first-entry checkpoint exposes actual paused GUI Resume
PASS: actual first-entry checkpoint GUI press/release is consumed before input/action/resource/pose/clock/anchor changes
PASS: optional portrait capture uses actual graphical renderer
PASS: actual540x1170 production portrait captured: /Users/howardchen/Library/Application Support/Godot/app_userdata/Cinder/test-act3-l2-registration-captures-5975-1032415/fatal-first-warning.png
NATIVE PORTRAIT CONTEXT: { "label": "fatal-first-warning", "paused": false, "native_focus": false, "menu": "pause", "level_id": "A3-L2", "player_clock_s": 1.98333333333333 }
Loading resource: res://scenes/acts/act3/a3_l2_living_forest.tscn remapped: res://scenes/acts/act3/a3_l2_living_forest.tscn
Completed load for: 'res://scenes/acts/act3/a3_l2_living_forest.tscn' remapped 'res://scenes/acts/act3/a3_l2_living_forest.tscn' at thread -1
Loading resource: res://scenes/acts/act3/a3_l2_living_forest.tscn remapped: res://scenes/acts/act3/a3_l2_living_forest.tscn
Completed load for: 'res://scenes/acts/act3/a3_l2_living_forest.tscn' remapped 'res://scenes/acts/act3/a3_l2_living_forest.tscn' at thread -1
Loading resource: res://scenes/acts/act3/a3_l2_living_forest.tscn remapped: res://scenes/acts/act3/a3_l2_living_forest.tscn
Completed load for: 'res://scenes/acts/act3/a3_l2_living_forest.tscn' remapped 'res://scenes/acts/act3/a3_l2_living_forest.tscn' at thread -1
Loading resource: res://scenes/acts/act3/a3_l2_living_forest.tscn remapped: res://scenes/acts/act3/a3_l2_living_forest.tscn
Completed load for: 'res://scenes/acts/act3/a3_l2_living_forest.tscn' remapped 'res://scenes/acts/act3/a3_l2_living_forest.tscn' at thread -1
Loading resource: res://scenes/acts/act3/a3_l2_living_forest.tscn remapped: res://scenes/acts/act3/a3_l2_living_forest.tscn
Completed load for: 'res://scenes/acts/act3/a3_l2_living_forest.tscn' remapped 'res://scenes/acts/act3/a3_l2_living_forest.tscn' at thread -1
Loading resource: res://scenes/acts/act3/a3_l2_living_forest.tscn remapped: res://scenes/acts/act3/a3_l2_living_forest.tscn
Completed load for: 'res://scenes/acts/act3/a3_l2_living_forest.tscn' remapped 'res://scenes/acts/act3/a3_l2_living_forest.tscn' at thread -1
Loading resource: res://scenes/acts/act3/a3_l2_living_forest.tscn remapped: res://scenes/acts/act3/a3_l2_living_forest.tscn
Completed load for: 'res://scenes/acts/act3/a3_l2_living_forest.tscn' remapped 'res://scenes/acts/act3/a3_l2_living_forest.tscn' at thread -1
Loading resource: res://scenes/acts/act3/a3_l2_living_forest.tscn remapped: res://scenes/acts/act3/a3_l2_living_forest.tscn
Completed load for: 'res://scenes/acts/act3/a3_l2_living_forest.tscn' remapped 'res://scenes/acts/act3/a3_l2_living_forest.tscn' at thread -1
Loading resource: res://scenes/acts/act3/a3_l2_living_forest.tscn remapped: res://scenes/acts/act3/a3_l2_living_forest.tscn
Completed load for: 'res://scenes/acts/act3/a3_l2_living_forest.tscn' remapped 'res://scenes/acts/act3/a3_l2_living_forest.tscn' at thread -1
PASS: bounded stationary wait receives actual admitted first Stalker contact/death, without forced HP/phase/damage: [{ "source_id": "l2-threshold-stalker", "result": { "stable_id": "l2-threshold-stalker", "cycle": 1, "opportunity_consumed": true, "accepted": true, "hp_damage": 0.1, "raw_damage": 12.0, "impulse": (0.0, 0.0, 0.0), "source_from": (0.66269, -0.004161, 37.12613), "source_to": (0.668151, -0.004161, 37.32605), "active_from_s": 3.44999999999999, "active_until_s": 3.46666666666666 }, "paused": false }]
PASS: real fatal callback settles and saves a coherent paused dead actor/source/local unit: 
PASS: fatal branch consumes real enemy contact without a player attack, source death or replayed hit
Loading resource: res://scenes/acts/act3/a3_l2_living_forest.tscn remapped: res://scenes/acts/act3/a3_l2_living_forest.tscn
Completed load for: 'res://scenes/acts/act3/a3_l2_living_forest.tscn' remapped 'res://scenes/acts/act3/a3_l2_living_forest.tscn' at thread -1
Loading resource: res://scenes/acts/act3/a3_l2_living_forest.tscn remapped: res://scenes/acts/act3/a3_l2_living_forest.tscn
Completed load for: 'res://scenes/acts/act3/a3_l2_living_forest.tscn' remapped 'res://scenes/acts/act3/a3_l2_living_forest.tscn' at thread -1
Loading resource: res://scenes/acts/act3/a3_l2_living_forest.tscn remapped: res://scenes/acts/act3/a3_l2_living_forest.tscn
Completed load for: 'res://scenes/acts/act3/a3_l2_living_forest.tscn' remapped 'res://scenes/acts/act3/a3_l2_living_forest.tscn' at thread -1
Loading resource: res://scenes/acts/act3/a3_l2_living_forest.tscn remapped: res://scenes/acts/act3/a3_l2_living_forest.tscn
Completed load for: 'res://scenes/acts/act3/a3_l2_living_forest.tscn' remapped 'res://scenes/acts/act3/a3_l2_living_forest.tscn' at thread -1
PASS: fatal format2 save retains its real earlier living checkpoint and no manufactured completion; active=same; checkpoint=same; disk=true; progress=true
PASS: fatal shell closure frees actual @Node3D@161
PASS: fatal shell closure frees actual LivingForest
PASS: fatal shell closure frees actual CinderPlayer
PASS: fatal shell closure frees actual @Node3D@163
PASS: fatal shell closure frees actual ForestFloor
PASS: fatal shell closure frees actual WestBoundary
PASS: fatal shell closure frees actual EastBoundary
PASS: fatal shell closure frees actual NorthBoundary
PASS: fatal shell closure frees actual SouthBoundary
PASS: fatal shell closure frees actual TwoApproachesBase
PASS: fatal shell closure frees actual CrossingBase
PASS: fatal shell closure frees actual LivingForestThreatScheduler
PASS: fatal shell closure frees actual l2_threshold_stalker
PASS: fatal shell closure frees actual RequiredThreatCue
PASS: fatal shell closure frees actual l2_promise_root
PASS: fatal shell closure frees actual RootAttack
PASS: fatal shell closure frees actual ThreatCue
PASS: fatal shell closure frees actual l2_trunk_root
PASS: fatal shell closure frees actual RootAttack
PASS: fatal shell closure frees actual ThreatCue
PASS: fatal shell closure frees actual l2_priority_root
PASS: fatal shell closure frees actual RootAttack
PASS: fatal shell closure frees actual ThreatCue
PASS: fatal shell closure frees actual l2_priority_stalker
PASS: fatal shell closure frees actual RequiredThreatCue
PASS: fatal shell closure frees actual l2_watched_root
PASS: fatal shell closure frees actual RootAttack
PASS: fatal shell closure frees actual ThreatCue
PASS: fatal shell closure frees actual l2_watched_stalker
PASS: fatal shell closure frees actual RequiredThreatCue
PASS: fatal shell closure frees actual l2_slit_root
PASS: fatal shell closure frees actual RootAttack
PASS: fatal shell closure frees actual ThreatCue
PASS: fatal shell closure frees actual l2_slit_stalker
PASS: fatal shell closure frees actual RequiredThreatCue
PASS: fatal shell closure frees actual LivingForestContactCue
PASS: production registry configures only isolated PID user paths
Loading resource: res://scenes/acts/act1/a1_l1.tscn remapped: res://scenes/acts/act1/a1_l1.tscn
Loading resource: res://assets/acts/act1/launch/quiet_floor.png remapped: res://assets/acts/act1/launch/quiet_floor.png
Loading resource: res://.godot/imported/quiet_floor.png-0d5ba5ae403bf427577865af7ea91238.ctex remapped: res://.godot/imported/quiet_floor.png-0d5ba5ae403bf427577865af7ea91238.ctex
Completed load for: 'res://assets/acts/act1/launch/quiet_floor.png' remapped 'res://assets/acts/act1/launch/quiet_floor.png' at thread -1
Completed load for: 'res://scenes/acts/act1/a1_l1.tscn' remapped 'res://scenes/acts/act1/a1_l1.tscn' at thread -1
Loading resource: res://scenes/acts/act3/a3_l2_living_forest.tscn remapped: res://scenes/acts/act3/a3_l2_living_forest.tscn
Completed load for: 'res://scenes/acts/act3/a3_l2_living_forest.tscn' remapped 'res://scenes/acts/act3/a3_l2_living_forest.tscn' at thread -1
Loading resource: res://scenes/acts/act3/a3_l2_living_forest.tscn remapped: res://scenes/acts/act3/a3_l2_living_forest.tscn
Completed load for: 'res://scenes/acts/act3/a3_l2_living_forest.tscn' remapped 'res://scenes/acts/act3/a3_l2_living_forest.tscn' at thread -1
Loading resource: res://scenes/acts/act3/a3_l2_living_forest.tscn remapped: res://scenes/acts/act3/a3_l2_living_forest.tscn
Completed load for: 'res://scenes/acts/act3/a3_l2_living_forest.tscn' remapped 'res://scenes/acts/act3/a3_l2_living_forest.tscn' at thread -1
Loading resource: res://scenes/acts/act3/a3_l2_living_forest.tscn remapped: res://scenes/acts/act3/a3_l2_living_forest.tscn
Completed load for: 'res://scenes/acts/act3/a3_l2_living_forest.tscn' remapped 'res://scenes/acts/act3/a3_l2_living_forest.tscn' at thread -1
Loading resource: res://scenes/acts/act3/a3_l2_living_forest.tscn remapped: res://scenes/acts/act3/a3_l2_living_forest.tscn
Completed load for: 'res://scenes/acts/act3/a3_l2_living_forest.tscn' remapped 'res://scenes/acts/act3/a3_l2_living_forest.tscn' at thread -1
Loading resource: res://scenes/acts/act3/a3_l2_living_forest.tscn remapped: res://scenes/acts/act3/a3_l2_living_forest.tscn
Completed load for: 'res://scenes/acts/act3/a3_l2_living_forest.tscn' remapped 'res://scenes/acts/act3/a3_l2_living_forest.tscn' at thread -1
Loading resource: res://scenes/acts/act3/a3_l2_living_forest.tscn remapped: res://scenes/acts/act3/a3_l2_living_forest.tscn
Completed load for: 'res://scenes/acts/act3/a3_l2_living_forest.tscn' remapped 'res://scenes/acts/act3/a3_l2_living_forest.tscn' at thread -1
PASS: real production Title has no duplicate live world for actual fatal saved unit: 
Loading resource: res://scenes/acts/act3/a3_l2_living_forest.tscn remapped: res://scenes/acts/act3/a3_l2_living_forest.tscn
Completed load for: 'res://scenes/acts/act3/a3_l2_living_forest.tscn' remapped 'res://scenes/acts/act3/a3_l2_living_forest.tscn' at thread -1
Loading resource: res://scenes/acts/act3/a3_l2_living_forest.tscn remapped: res://scenes/acts/act3/a3_l2_living_forest.tscn
Completed load for: 'res://scenes/acts/act3/a3_l2_living_forest.tscn' remapped 'res://scenes/acts/act3/a3_l2_living_forest.tscn' at thread -1
Loading resource: res://scenes/acts/act3/a3_l2_living_forest.tscn remapped: res://scenes/acts/act3/a3_l2_living_forest.tscn
Completed load for: 'res://scenes/acts/act3/a3_l2_living_forest.tscn' remapped 'res://scenes/acts/act3/a3_l2_living_forest.tscn' at thread -1
Loading resource: res://scenes/acts/act3/a3_l2_living_forest.tscn remapped: res://scenes/acts/act3/a3_l2_living_forest.tscn
Completed load for: 'res://scenes/acts/act3/a3_l2_living_forest.tscn' remapped 'res://scenes/acts/act3/a3_l2_living_forest.tscn' at thread -1
PASS: actual production A3 installation waits paused at Resume: 
PASS: exact production Forest owns the shared actor/effects and all nine typed authored sources
PASS: actual retained typed source has canonical binding: l2-threshold-stalker
PASS: actual retained typed source has canonical binding: l2-promise-root
PASS: actual retained typed source has canonical binding: l2-trunk-root
PASS: actual retained typed source has canonical binding: l2-priority-root
PASS: actual retained typed source has canonical binding: l2-priority-stalker
PASS: actual retained typed source has canonical binding: l2-watched-root
PASS: actual retained typed source has canonical binding: l2-watched-stalker
PASS: actual retained typed source has canonical binding: l2-slit-root
PASS: actual retained typed source has canonical binding: l2-slit-stalker
PASS: Forest binds four actual bodies/five actual mechanism children and native270x585 world to one shared scheduler
PASS: fresh actual GUI Continue restores exact actual fatal saved unit without gameplay callbacks: []; diff=same
PASS: optional portrait capture uses actual graphical renderer
PASS: actual540x1170 production portrait captured: /Users/howardchen/Library/Application Support/Godot/app_userdata/Cinder/test-act3-l2-registration-captures-5975-1032415/fatal-continued-dead.png
NATIVE PORTRAIT CONTEXT: { "label": "fatal-continued-dead", "paused": true, "native_focus": false, "menu": "resume", "level_id": "A3-L2", "player_clock_s": 3.46666666666666 }
PASS: actual dead GUI Resume offers checkpoint Retry while preserving exact paused fatal resources/clocks/history/input/camera/disk without gameplay callbacks
Loading resource: res://scenes/acts/act3/a3_l2_living_forest.tscn remapped: res://scenes/acts/act3/a3_l2_living_forest.tscn
Completed load for: 'res://scenes/acts/act3/a3_l2_living_forest.tscn' remapped 'res://scenes/acts/act3/a3_l2_living_forest.tscn' at thread -1
Loading resource: res://scenes/acts/act3/a3_l2_living_forest.tscn remapped: res://scenes/acts/act3/a3_l2_living_forest.tscn
Completed load for: 'res://scenes/acts/act3/a3_l2_living_forest.tscn' remapped 'res://scenes/acts/act3/a3_l2_living_forest.tscn' at thread -1
Loading resource: res://scenes/acts/act3/a3_l2_living_forest.tscn remapped: res://scenes/acts/act3/a3_l2_living_forest.tscn
Completed load for: 'res://scenes/acts/act3/a3_l2_living_forest.tscn' remapped 'res://scenes/acts/act3/a3_l2_living_forest.tscn' at thread -1
Loading resource: res://scenes/acts/act3/a3_l2_living_forest.tscn remapped: res://scenes/acts/act3/a3_l2_living_forest.tscn
Completed load for: 'res://scenes/acts/act3/a3_l2_living_forest.tscn' remapped 'res://scenes/acts/act3/a3_l2_living_forest.tscn' at thread -1
Loading resource: res://scenes/acts/act3/a3_l2_living_forest.tscn remapped: res://scenes/acts/act3/a3_l2_living_forest.tscn
Completed load for: 'res://scenes/acts/act3/a3_l2_living_forest.tscn' remapped 'res://scenes/acts/act3/a3_l2_living_forest.tscn' at thread -1
Loading resource: res://scenes/acts/act3/a3_l2_living_forest.tscn remapped: res://scenes/acts/act3/a3_l2_living_forest.tscn
Completed load for: 'res://scenes/acts/act3/a3_l2_living_forest.tscn' remapped 'res://scenes/acts/act3/a3_l2_living_forest.tscn' at thread -1
Loading resource: res://scenes/acts/act3/a3_l2_living_forest.tscn remapped: res://scenes/acts/act3/a3_l2_living_forest.tscn
Completed load for: 'res://scenes/acts/act3/a3_l2_living_forest.tscn' remapped 'res://scenes/acts/act3/a3_l2_living_forest.tscn' at thread -1
Loading resource: res://scenes/acts/act3/a3_l2_living_forest.tscn remapped: res://scenes/acts/act3/a3_l2_living_forest.tscn
Completed load for: 'res://scenes/acts/act3/a3_l2_living_forest.tscn' remapped 'res://scenes/acts/act3/a3_l2_living_forest.tscn' at thread -1
Loading resource: res://scenes/acts/act3/a3_l2_living_forest.tscn remapped: res://scenes/acts/act3/a3_l2_living_forest.tscn
Completed load for: 'res://scenes/acts/act3/a3_l2_living_forest.tscn' remapped 'res://scenes/acts/act3/a3_l2_living_forest.tscn' at thread -1
Loading resource: res://scenes/acts/act3/a3_l2_living_forest.tscn remapped: res://scenes/acts/act3/a3_l2_living_forest.tscn
Completed load for: 'res://scenes/acts/act3/a3_l2_living_forest.tscn' remapped 'res://scenes/acts/act3/a3_l2_living_forest.tscn' at thread -1
Loading resource: res://scenes/acts/act3/a3_l2_living_forest.tscn remapped: res://scenes/acts/act3/a3_l2_living_forest.tscn
Completed load for: 'res://scenes/acts/act3/a3_l2_living_forest.tscn' remapped 'res://scenes/acts/act3/a3_l2_living_forest.tscn' at thread -1
PASS: actual production A3 installation waits paused at Resume: 
PASS: exact production Forest owns the shared actor/effects and all nine typed authored sources
PASS: actual retained typed source has canonical binding: l2-threshold-stalker
PASS: actual retained typed source has canonical binding: l2-promise-root
PASS: actual retained typed source has canonical binding: l2-trunk-root
PASS: actual retained typed source has canonical binding: l2-priority-root
PASS: actual retained typed source has canonical binding: l2-priority-stalker
PASS: actual retained typed source has canonical binding: l2-watched-root
PASS: actual retained typed source has canonical binding: l2-watched-stalker
PASS: actual retained typed source has canonical binding: l2-slit-root
PASS: actual retained typed source has canonical binding: l2-slit-stalker
PASS: Forest binds four actual bodies/five actual mechanism children and native270x585 world to one shared scheduler
PASS: actual GUI Retry restores exact fatal world's actual unfinished-dash checkpoint without gameplay callbacks: []
PASS: fatal GUI Retry frees actual @Node3D@249
PASS: fatal GUI Retry frees actual LivingForest
PASS: fatal GUI Retry frees actual CinderPlayer
PASS: fatal GUI Retry frees actual @Node3D@251
PASS: fatal GUI Retry frees actual ForestFloor
PASS: fatal GUI Retry frees actual WestBoundary
PASS: fatal GUI Retry frees actual EastBoundary
PASS: fatal GUI Retry frees actual NorthBoundary
PASS: fatal GUI Retry frees actual SouthBoundary
PASS: fatal GUI Retry frees actual TwoApproachesBase
PASS: fatal GUI Retry frees actual CrossingBase
PASS: fatal GUI Retry frees actual LivingForestThreatScheduler
PASS: fatal GUI Retry frees actual l2_threshold_stalker
PASS: fatal GUI Retry frees actual RequiredThreatCue
PASS: fatal GUI Retry frees actual l2_promise_root
PASS: fatal GUI Retry frees actual RootAttack
PASS: fatal GUI Retry frees actual ThreatCue
PASS: fatal GUI Retry frees actual l2_trunk_root
PASS: fatal GUI Retry frees actual RootAttack
PASS: fatal GUI Retry frees actual ThreatCue
PASS: fatal GUI Retry frees actual l2_priority_root
PASS: fatal GUI Retry frees actual RootAttack
PASS: fatal GUI Retry frees actual ThreatCue
PASS: fatal GUI Retry frees actual l2_priority_stalker
PASS: fatal GUI Retry frees actual RequiredThreatCue
PASS: fatal GUI Retry frees actual l2_watched_root
PASS: fatal GUI Retry frees actual RootAttack
PASS: fatal GUI Retry frees actual ThreatCue
PASS: fatal GUI Retry frees actual l2_watched_stalker
PASS: fatal GUI Retry frees actual RequiredThreatCue
PASS: fatal GUI Retry frees actual l2_slit_root
PASS: fatal GUI Retry frees actual RootAttack
PASS: fatal GUI Retry frees actual ThreatCue
PASS: fatal GUI Retry frees actual l2_slit_stalker
PASS: fatal GUI Retry frees actual RequiredThreatCue
PASS: fatal GUI Retry frees actual LivingForestContactCue
Loading resource: res://scenes/acts/act3/a3_l2_living_forest.tscn remapped: res://scenes/acts/act3/a3_l2_living_forest.tscn
Completed load for: 'res://scenes/acts/act3/a3_l2_living_forest.tscn' remapped 'res://scenes/acts/act3/a3_l2_living_forest.tscn' at thread -1
Loading resource: res://scenes/acts/act3/a3_l2_living_forest.tscn remapped: res://scenes/acts/act3/a3_l2_living_forest.tscn
Completed load for: 'res://scenes/acts/act3/a3_l2_living_forest.tscn' remapped 'res://scenes/acts/act3/a3_l2_living_forest.tscn' at thread -1
PASS: fatal Retry restores exact living checkpoint HP/ammo and pending dash without healing or past delivery
PASS: retried unfinished dash/source clocks remain exactly paused before any continuation tick
PASS: optional portrait capture uses actual graphical renderer
PASS: actual540x1170 production portrait captured: /Users/howardchen/Library/Application Support/Godot/app_userdata/Cinder/test-act3-l2-registration-captures-5975-1032415/fatal-living-retry.png
NATIVE PORTRAIT CONTEXT: { "label": "fatal-living-retry", "paused": true, "native_focus": false, "menu": "resume", "level_id": "A3-L2", "player_clock_s": 0.61666666666667 }
PASS: retried original unfinished dash exposes actual paused GUI Resume
PASS: retried original unfinished dash GUI press/release is consumed before input/action/resource/pose/clock/anchor changes
Loading resource: res://scenes/acts/act3/a3_l2_living_forest.tscn remapped: res://scenes/acts/act3/a3_l2_living_forest.tscn
Completed load for: 'res://scenes/acts/act3/a3_l2_living_forest.tscn' remapped 'res://scenes/acts/act3/a3_l2_living_forest.tscn' at thread -1
Loading resource: res://scenes/acts/act3/a3_l2_living_forest.tscn remapped: res://scenes/acts/act3/a3_l2_living_forest.tscn
Completed load for: 'res://scenes/acts/act3/a3_l2_living_forest.tscn' remapped 'res://scenes/acts/act3/a3_l2_living_forest.tscn' at thread -1
Loading resource: res://scenes/acts/act3/a3_l2_living_forest.tscn remapped: res://scenes/acts/act3/a3_l2_living_forest.tscn
Completed load for: 'res://scenes/acts/act3/a3_l2_living_forest.tscn' remapped 'res://scenes/acts/act3/a3_l2_living_forest.tscn' at thread -1
Loading resource: res://scenes/acts/act3/a3_l2_living_forest.tscn remapped: res://scenes/acts/act3/a3_l2_living_forest.tscn
Completed load for: 'res://scenes/acts/act3/a3_l2_living_forest.tscn' remapped 'res://scenes/acts/act3/a3_l2_living_forest.tscn' at thread -1
Loading resource: res://scenes/acts/act3/a3_l2_living_forest.tscn remapped: res://scenes/acts/act3/a3_l2_living_forest.tscn
Completed load for: 'res://scenes/acts/act3/a3_l2_living_forest.tscn' remapped 'res://scenes/acts/act3/a3_l2_living_forest.tscn' at thread -1
Loading resource: res://scenes/acts/act3/a3_l2_living_forest.tscn remapped: res://scenes/acts/act3/a3_l2_living_forest.tscn
Completed load for: 'res://scenes/acts/act3/a3_l2_living_forest.tscn' remapped 'res://scenes/acts/act3/a3_l2_living_forest.tscn' at thread -1
Loading resource: res://scenes/acts/act3/a3_l2_living_forest.tscn remapped: res://scenes/acts/act3/a3_l2_living_forest.tscn
Completed load for: 'res://scenes/acts/act3/a3_l2_living_forest.tscn' remapped 'res://scenes/acts/act3/a3_l2_living_forest.tscn' at thread -1
Loading resource: res://scenes/acts/act3/a3_l2_living_forest.tscn remapped: res://scenes/acts/act3/a3_l2_living_forest.tscn
Completed load for: 'res://scenes/acts/act3/a3_l2_living_forest.tscn' remapped 'res://scenes/acts/act3/a3_l2_living_forest.tscn' at thread -1
Loading resource: res://scenes/acts/act3/a3_l2_living_forest.tscn remapped: res://scenes/acts/act3/a3_l2_living_forest.tscn
Completed load for: 'res://scenes/acts/act3/a3_l2_living_forest.tscn' remapped 'res://scenes/acts/act3/a3_l2_living_forest.tscn' at thread -1
Loading resource: res://scenes/acts/act3/a3_l2_living_forest.tscn remapped: res://scenes/acts/act3/a3_l2_living_forest.tscn
Completed load for: 'res://scenes/acts/act3/a3_l2_living_forest.tscn' remapped 'res://scenes/acts/act3/a3_l2_living_forest.tscn' at thread -1
Loading resource: res://scenes/acts/act3/a3_l2_living_forest.tscn remapped: res://scenes/acts/act3/a3_l2_living_forest.tscn
Completed load for: 'res://scenes/acts/act3/a3_l2_living_forest.tscn' remapped 'res://scenes/acts/act3/a3_l2_living_forest.tscn' at thread -1
PASS: real Resume finishes the original saved dash once, preserving living HP and the earlier checkpoint without regrant or delivery
PASS: fatal retry closure frees actual @Node3D@262
PASS: fatal retry closure frees actual LivingForest
PASS: fatal retry closure frees actual CinderPlayer
PASS: fatal retry closure frees actual @Node3D@264
PASS: fatal retry closure frees actual ForestFloor
PASS: fatal retry closure frees actual WestBoundary
PASS: fatal retry closure frees actual EastBoundary
PASS: fatal retry closure frees actual NorthBoundary
PASS: fatal retry closure frees actual SouthBoundary
PASS: fatal retry closure frees actual TwoApproachesBase
PASS: fatal retry closure frees actual CrossingBase
PASS: fatal retry closure frees actual LivingForestThreatScheduler
PASS: fatal retry closure frees actual l2_threshold_stalker
PASS: fatal retry closure frees actual RequiredThreatCue
PASS: fatal retry closure frees actual l2_promise_root
PASS: fatal retry closure frees actual RootAttack
PASS: fatal retry closure frees actual ThreatCue
PASS: fatal retry closure frees actual l2_trunk_root
PASS: fatal retry closure frees actual RootAttack
PASS: fatal retry closure frees actual ThreatCue
PASS: fatal retry closure frees actual l2_priority_root
PASS: fatal retry closure frees actual RootAttack
PASS: fatal retry closure frees actual ThreatCue
PASS: fatal retry closure frees actual l2_priority_stalker
PASS: fatal retry closure frees actual RequiredThreatCue
PASS: fatal retry closure frees actual l2_watched_root
PASS: fatal retry closure frees actual RootAttack
PASS: fatal retry closure frees actual ThreatCue
PASS: fatal retry closure frees actual l2_watched_stalker
PASS: fatal retry closure frees actual RequiredThreatCue
PASS: fatal retry closure frees actual l2_slit_root
PASS: fatal retry closure frees actual RootAttack
PASS: fatal retry closure frees actual ThreatCue
PASS: fatal retry closure frees actual l2_slit_stalker
PASS: fatal retry closure frees actual RequiredThreatCue
PASS: fatal retry closure frees actual LivingForestContactCue
PASS: every selected scope leaves canonical registry bytes unchanged
PASS: selected scope retires all actual source/cue group members
PASS: selected portrait scope produces its exact bounded original frame count
Production Act3 L2 registration: 188 checks, 0 failures; expected_commit=bd6b3cde9321213a2717e998c5ce2dff58ca2dd3; TEST ONLY eleven-predecessor/initial-resource seeds; actual production GUI/format2/routed dash/fatal Continue/Retry; no route-clear or native-human claim
XR: Clearing primary interface
XR: Removed interface "Native mobile"
XR: Removed interface "OpenXR"
Accessibility: window 0 adapter destroyed.
