Godot Engine v4.7.2.stable.official.ed1daf0bf - https://godotengine.org
TextServer: Added interface "Dummy"
TextServer: Added interface "ICU / HarfBuzz / Graphite (Built-in)"
SDL: Init OK!
Using "default" pen tablet driver...

TextServer: Primary interface set to: "ICU / HarfBuzz / Graphite (Built-in)".
CORE API HASH: 2004498165
EDITOR API HASH: 1696660745
Loading resource: res://tests/act3_l2_registration_smoke.gd remapped: res://tests/act3_l2_registration_smoke.gd
Loading resource: res://scenes/main.tscn remapped: res://scenes/main.tscn
Loading resource: res://scripts/game.gd remapped: res://scripts/game.gd
Loading resource: res://scenes/player.tscn remapped: res://scenes/player.tscn
Loading resource: res://scripts/player.gd remapped: res://scripts/player.gd
Completed load for: 'res://scripts/player.gd' remapped 'res://scripts/player.gd' at thread -1
Completed load for: 'res://scenes/player.tscn' remapped 'res://scenes/player.tscn' at thread -1
Loading resource: res://scenes/practice_target.tscn remapped: res://scenes/practice_target.tscn
Loading resource: res://scripts/practice_target.gd remapped: res://scripts/practice_target.gd
Completed load for: 'res://scripts/practice_target.gd' remapped 'res://scripts/practice_target.gd' at thread -1
Completed load for: 'res://scenes/practice_target.tscn' remapped 'res://scenes/practice_target.tscn' at thread -1
Loading resource: res://scenes/lab_arena.tscn remapped: res://scenes/lab_arena.tscn
Completed load for: 'res://scenes/lab_arena.tscn' remapped 'res://scenes/lab_arena.tscn' at thread -1
Completed load for: 'res://scripts/game.gd' remapped 'res://scripts/game.gd' at thread -1
Completed load for: 'res://scenes/main.tscn' remapped 'res://scenes/main.tscn' at thread -1
Completed load for: 'res://tests/act3_l2_registration_smoke.gd' remapped 'res://tests/act3_l2_registration_smoke.gd' at thread -1
SceneTreeFTI: traversal method DEFAULT
Loaded system CA certificates
PASS: registration selectors are explicit and bounded: 
PASS: fixture asserts exact accepted HANDOFF provenance (optional --expected-commit=<40hex>)
Loading resource: res://scenes/acts/act3/a3_l2_living_forest.tscn remapped: res://scenes/acts/act3/a3_l2_living_forest.tscn
Loading resource: res://scripts/acts/act3/living_forest_level.gd remapped: res://scripts/acts/act3/living_forest_level.gd
Loading resource: res://assets/acts/act3/forest-leaf-floor.gdshader remapped: res://assets/acts/act3/forest-leaf-floor.gdshader
Completed load for: 'res://assets/acts/act3/forest-leaf-floor.gdshader' remapped 'res://assets/acts/act3/forest-leaf-floor.gdshader' at thread -1
Loading resource: res://assets/acts/act3/forest-bark-albedo-v1.png remapped: res://assets/acts/act3/forest-bark-albedo-v1.png
Loading resource: res://.godot/imported/forest-bark-albedo-v1.png-9b8e477af83da2a22407ac379e5b7c65.ctex remapped: res://.godot/imported/forest-bark-albedo-v1.png-9b8e477af83da2a22407ac379e5b7c65.ctex
Completed load for: 'res://assets/acts/act3/forest-bark-albedo-v1.png' remapped 'res://assets/acts/act3/forest-bark-albedo-v1.png' at thread -1
Loading resource: res://assets/acts/act3/dreamsinter-observer.png remapped: res://assets/acts/act3/dreamsinter-observer.png
Loading resource: res://.godot/imported/dreamsinter-observer.png-cc13d28fed3b683a6bcd55ae458ffc0e.ctex remapped: res://.godot/imported/dreamsinter-observer.png-cc13d28fed3b683a6bcd55ae458ffc0e.ctex
Completed load for: 'res://assets/acts/act3/dreamsinter-observer.png' remapped 'res://assets/acts/act3/dreamsinter-observer.png' at thread -1
Loading resource: res://assets/acts/act3/sunbound-stalker-branchspell.png remapped: res://assets/acts/act3/sunbound-stalker-branchspell.png
Loading resource: res://.godot/imported/sunbound-stalker-branchspell.png-75158e419bff8c7c42b44ef5f2278d93.ctex remapped: res://.godot/imported/sunbound-stalker-branchspell.png-75158e419bff8c7c42b44ef5f2278d93.ctex
Completed load for: 'res://assets/acts/act3/sunbound-stalker-branchspell.png' remapped 'res://assets/acts/act3/sunbound-stalker-branchspell.png' at thread -1
Loading resource: res://assets/acts/act3/sunbound-stalker-recovery.png remapped: res://assets/acts/act3/sunbound-stalker-recovery.png
Loading resource: res://.godot/imported/sunbound-stalker-recovery.png-d85b0669f9b230455b486cee596f480c.ctex remapped: res://.godot/imported/sunbound-stalker-recovery.png-d85b0669f9b230455b486cee596f480c.ctex
Completed load for: 'res://assets/acts/act3/sunbound-stalker-recovery.png' remapped 'res://assets/acts/act3/sunbound-stalker-recovery.png' at thread -1
Loading resource: res://assets/acts/act3/sunbound-stalker-alppain-readable.png remapped: res://assets/acts/act3/sunbound-stalker-alppain-readable.png
Loading resource: res://.godot/imported/sunbound-stalker-alppain-readable.png-8c8a6f963bd863c49f8fa56b9517f485.ctex remapped: res://.godot/imported/sunbound-stalker-alppain-readable.png-8c8a6f963bd863c49f8fa56b9517f485.ctex
Completed load for: 'res://assets/acts/act3/sunbound-stalker-alppain-readable.png' remapped 'res://assets/acts/act3/sunbound-stalker-alppain-readable.png' at thread -1
Loading resource: res://assets/acts/act3/sunbound-stalker-alppain-recovery.png remapped: res://assets/acts/act3/sunbound-stalker-alppain-recovery.png
Loading resource: res://.godot/imported/sunbound-stalker-alppain-recovery.png-1955175a04e7c515aded6d9787967b8c.ctex remapped: res://.godot/imported/sunbound-stalker-alppain-recovery.png-1955175a04e7c515aded6d9787967b8c.ctex
Completed load for: 'res://assets/acts/act3/sunbound-stalker-alppain-recovery.png' remapped 'res://assets/acts/act3/sunbound-stalker-alppain-recovery.png' at thread -1
Loading resource: res://assets/acts/act3/sunbound-stalker-branchspell-back.png remapped: res://assets/acts/act3/sunbound-stalker-branchspell-back.png
Loading resource: res://.godot/imported/sunbound-stalker-branchspell-back.png-043744825361994dc417101099b85f74.ctex remapped: res://.godot/imported/sunbound-stalker-branchspell-back.png-043744825361994dc417101099b85f74.ctex
Completed load for: 'res://assets/acts/act3/sunbound-stalker-branchspell-back.png' remapped 'res://assets/acts/act3/sunbound-stalker-branchspell-back.png' at thread -1
Loading resource: res://assets/acts/act3/sunbound-stalker-recovery-back.png remapped: res://assets/acts/act3/sunbound-stalker-recovery-back.png
Loading resource: res://.godot/imported/sunbound-stalker-recovery-back.png-8f37c03add6562ed941d8c2237852f86.ctex remapped: res://.godot/imported/sunbound-stalker-recovery-back.png-8f37c03add6562ed941d8c2237852f86.ctex
Completed load for: 'res://assets/acts/act3/sunbound-stalker-recovery-back.png' remapped 'res://assets/acts/act3/sunbound-stalker-recovery-back.png' at thread -1
Loading resource: res://assets/acts/act3/sunbound-stalker-alppain-back.png remapped: res://assets/acts/act3/sunbound-stalker-alppain-back.png
Loading resource: res://.godot/imported/sunbound-stalker-alppain-back.png-3aa1cb3dfdbcde1fe9faf6ebd36f3a6e.ctex remapped: res://.godot/imported/sunbound-stalker-alppain-back.png-3aa1cb3dfdbcde1fe9faf6ebd36f3a6e.ctex
Completed load for: 'res://assets/acts/act3/sunbound-stalker-alppain-back.png' remapped 'res://assets/acts/act3/sunbound-stalker-alppain-back.png' at thread -1
Loading resource: res://assets/acts/act3/sunbound-stalker-alppain-recovery-back.png remapped: res://assets/acts/act3/sunbound-stalker-alppain-recovery-back.png
Loading resource: res://.godot/imported/sunbound-stalker-alppain-recovery-back.png-d8b59d8464860c43275e6cc1746084f6.ctex remapped: res://.godot/imported/sunbound-stalker-alppain-recovery-back.png-d8b59d8464860c43275e6cc1746084f6.ctex
Completed load for: 'res://assets/acts/act3/sunbound-stalker-alppain-recovery-back.png' remapped 'res://assets/acts/act3/sunbound-stalker-alppain-recovery-back.png' at thread -1
Completed load for: 'res://scripts/acts/act3/living_forest_level.gd' remapped 'res://scripts/acts/act3/living_forest_level.gd' at thread -1
Completed load for: 'res://scenes/acts/act3/a3_l2_living_forest.tscn' remapped 'res://scenes/acts/act3/a3_l2_living_forest.tscn' at thread -1
PASS: actual production registry validates exact Living Forest provenance, accepted L1 prerequisite and unexposed L3: 
PASS: production registry configures only isolated PID user paths
Loading resource: res://scenes/acts/act1/a1_l1.tscn remapped: res://scenes/acts/act1/a1_l1.tscn
Loading resource: res://scripts/acts/act1/launch_rehearsal.gd remapped: res://scripts/acts/act1/launch_rehearsal.gd
Completed load for: 'res://scripts/acts/act1/launch_rehearsal.gd' remapped 'res://scripts/acts/act1/launch_rehearsal.gd' at thread -1
Loading resource: res://assets/acts/act1/launch/quiet_floor.png remapped: res://assets/acts/act1/launch/quiet_floor.png
Loading resource: res://.godot/imported/quiet_floor.png-0d5ba5ae403bf427577865af7ea91238.ctex remapped: res://.godot/imported/quiet_floor.png-0d5ba5ae403bf427577865af7ea91238.ctex
Completed load for: 'res://assets/acts/act1/launch/quiet_floor.png' remapped 'res://assets/acts/act1/launch/quiet_floor.png' at thread -1
Completed load for: 'res://scenes/acts/act1/a1_l1.tscn' remapped 'res://scenes/acts/act1/a1_l1.tscn' at thread -1
Loading resource: res://scenes/acts/act1/a1_l1.tscn remapped: res://scenes/acts/act1/a1_l1.tscn
Loading resource: res://assets/acts/act1/launch/quiet_floor.png remapped: res://assets/acts/act1/launch/quiet_floor.png
Loading resource: res://.godot/imported/quiet_floor.png-0d5ba5ae403bf427577865af7ea91238.ctex remapped: res://.godot/imported/quiet_floor.png-0d5ba5ae403bf427577865af7ea91238.ctex
Completed load for: 'res://assets/acts/act1/launch/quiet_floor.png' remapped 'res://assets/acts/act1/launch/quiet_floor.png' at thread -1
Completed load for: 'res://scenes/acts/act1/a1_l1.tscn' remapped 'res://scenes/acts/act1/a1_l1.tscn' at thread -1
PASS: real production Title has no duplicate live world for isolated first launch: 
PASS: first launch invents no prior story progress
Loading resource: res://scenes/acts/act1/a1_l1.tscn remapped: res://scenes/acts/act1/a1_l1.tscn
Loading resource: res://assets/acts/act1/launch/quiet_floor.png remapped: res://assets/acts/act1/launch/quiet_floor.png
Loading resource: res://.godot/imported/quiet_floor.png-0d5ba5ae403bf427577865af7ea91238.ctex remapped: res://.godot/imported/quiet_floor.png-0d5ba5ae403bf427577865af7ea91238.ctex
Completed load for: 'res://assets/acts/act1/launch/quiet_floor.png' remapped 'res://assets/acts/act1/launch/quiet_floor.png' at thread -1
Completed load for: 'res://scenes/acts/act1/a1_l1.tscn' remapped 'res://scenes/acts/act1/a1_l1.tscn' at thread -1
Loading resource: res://scenes/acts/act1/a1_l1.tscn remapped: res://scenes/acts/act1/a1_l1.tscn
Loading resource: res://assets/acts/act1/launch/quiet_floor.png remapped: res://assets/acts/act1/launch/quiet_floor.png
Loading resource: res://.godot/imported/quiet_floor.png-0d5ba5ae403bf427577865af7ea91238.ctex remapped: res://.godot/imported/quiet_floor.png-0d5ba5ae403bf427577865af7ea91238.ctex
Completed load for: 'res://assets/acts/act1/launch/quiet_floor.png' remapped 'res://assets/acts/act1/launch/quiet_floor.png' at thread -1
Completed load for: 'res://scenes/acts/act1/a1_l1.tscn' remapped 'res://scenes/acts/act1/a1_l1.tscn' at thread -1
Loading resource: res://scenes/acts/act1/a1_l1.tscn remapped: res://scenes/acts/act1/a1_l1.tscn
Loading resource: res://assets/acts/act1/launch/quiet_floor.png remapped: res://assets/acts/act1/launch/quiet_floor.png
Loading resource: res://.godot/imported/quiet_floor.png-0d5ba5ae403bf427577865af7ea91238.ctex remapped: res://.godot/imported/quiet_floor.png-0d5ba5ae403bf427577865af7ea91238.ctex
Completed load for: 'res://assets/acts/act1/launch/quiet_floor.png' remapped 'res://assets/acts/act1/launch/quiet_floor.png' at thread -1
Completed load for: 'res://scenes/acts/act1/a1_l1.tscn' remapped 'res://scenes/acts/act1/a1_l1.tscn' at thread -1
Loading resource: res://scenes/acts/act1/a1_l1.tscn remapped: res://scenes/acts/act1/a1_l1.tscn
Loading resource: res://assets/acts/act1/launch/quiet_floor.png remapped: res://assets/acts/act1/launch/quiet_floor.png
Loading resource: res://.godot/imported/quiet_floor.png-0d5ba5ae403bf427577865af7ea91238.ctex remapped: res://.godot/imported/quiet_floor.png-0d5ba5ae403bf427577865af7ea91238.ctex
Completed load for: 'res://assets/acts/act1/launch/quiet_floor.png' remapped 'res://assets/acts/act1/launch/quiet_floor.png' at thread -1
Completed load for: 'res://scenes/acts/act1/a1_l1.tscn' remapped 'res://scenes/acts/act1/a1_l1.tscn' at thread -1
Loading resource: res://scenes/acts/act1/a1_l1.tscn remapped: res://scenes/acts/act1/a1_l1.tscn
Loading resource: res://assets/acts/act1/launch/quiet_floor.png remapped: res://assets/acts/act1/launch/quiet_floor.png
Loading resource: res://.godot/imported/quiet_floor.png-0d5ba5ae403bf427577865af7ea91238.ctex remapped: res://.godot/imported/quiet_floor.png-0d5ba5ae403bf427577865af7ea91238.ctex
Completed load for: 'res://assets/acts/act1/launch/quiet_floor.png' remapped 'res://assets/acts/act1/launch/quiet_floor.png' at thread -1
Completed load for: 'res://scenes/acts/act1/a1_l1.tscn' remapped 'res://scenes/acts/act1/a1_l1.tscn' at thread -1
PASS: real Journey keeps accepted A3-L2 locked behind its actual A3-L1 prerequisite
PASS: disabled locked card neither loads A3 nor fabricates progression
Loading resource: res://scenes/acts/act3/a3_l2_living_forest.tscn remapped: res://scenes/acts/act3/a3_l2_living_forest.tscn
Completed load for: 'res://scenes/acts/act3/a3_l2_living_forest.tscn' remapped 'res://scenes/acts/act3/a3_l2_living_forest.tscn' at thread -1
Loading resource: res://scripts/acts/act3/root_latcher_art.gd remapped: res://scripts/acts/act3/root_latcher_art.gd
Loading resource: res://assets/acts/act3/root-latcher-atlas.png remapped: res://assets/acts/act3/root-latcher-atlas.png
Loading resource: res://.godot/imported/root-latcher-atlas.png-4e04812e779905abf42507f5f44e69e5.ctex remapped: res://.godot/imported/root-latcher-atlas.png-4e04812e779905abf42507f5f44e69e5.ctex
Completed load for: 'res://assets/acts/act3/root-latcher-atlas.png' remapped 'res://assets/acts/act3/root-latcher-atlas.png' at thread -1
Completed load for: 'res://scripts/acts/act3/root_latcher_art.gd' remapped 'res://scripts/acts/act3/root_latcher_art.gd' at thread -1
PASS: TEST ONLY seed captures actual authored full runtime, not historical Living Forest preview
PASS: TEST ONLY initial HP/zeroammo seed uses validated quiet public actor restore
PASS: TEST ONLY eleven-predecessor prefix/actual initial A3 unit writes through public attempts/store:   
PASS: seed retains unchanged initial full A3 world/presentation with no entered source or executed action
PASS: seed preview actor/level retire before production installation
TEST ONLY prefix/resource seed: ["A1-L1", "A1-L2", "A1-L3", "A1-L4", "A1-L5", "A2-L1", "A2-L2", "A2-L3", "A2-L4", "A2-L5", "A3-L1"]; HP=37.0; initial shells=0; not predecessor gameplay or A3 clear evidence
PASS: production registry configures only isolated PID user paths
Loading resource: res://scenes/acts/act1/a1_l1.tscn remapped: res://scenes/acts/act1/a1_l1.tscn
Loading resource: res://assets/acts/act1/launch/quiet_floor.png remapped: res://assets/acts/act1/launch/quiet_floor.png
Loading resource: res://.godot/imported/quiet_floor.png-0d5ba5ae403bf427577865af7ea91238.ctex remapped: res://.godot/imported/quiet_floor.png-0d5ba5ae403bf427577865af7ea91238.ctex
Completed load for: 'res://assets/acts/act1/launch/quiet_floor.png' remapped 'res://assets/acts/act1/launch/quiet_floor.png' at thread -1
Completed load for: 'res://scenes/acts/act1/a1_l1.tscn' remapped 'res://scenes/acts/act1/a1_l1.tscn' at thread -1
Loading resource: res://scenes/acts/act3/a3_l2_living_forest.tscn remapped: res://scenes/acts/act3/a3_l2_living_forest.tscn
Completed load for: 'res://scenes/acts/act3/a3_l2_living_forest.tscn' remapped 'res://scenes/acts/act3/a3_l2_living_forest.tscn' at thread -1
Loading resource: res://scenes/acts/act3/a3_l2_living_forest.tscn remapped: res://scenes/acts/act3/a3_l2_living_forest.tscn
Completed load for: 'res://scenes/acts/act3/a3_l2_living_forest.tscn' remapped 'res://scenes/acts/act3/a3_l2_living_forest.tscn' at thread -1
Loading resource: res://scenes/acts/act3/a3_l2_living_forest.tscn remapped: res://scenes/acts/act3/a3_l2_living_forest.tscn
Completed load for: 'res://scenes/acts/act3/a3_l2_living_forest.tscn' remapped 'res://scenes/acts/act3/a3_l2_living_forest.tscn' at thread -1
Loading resource: res://scenes/acts/act3/a3_l2_living_forest.tscn remapped: res://scenes/acts/act3/a3_l2_living_forest.tscn
Completed load for: 'res://scenes/acts/act3/a3_l2_living_forest.tscn' remapped 'res://scenes/acts/act3/a3_l2_living_forest.tscn' at thread -1
Loading resource: res://scenes/acts/act3/a3_l2_living_forest.tscn remapped: res://scenes/acts/act3/a3_l2_living_forest.tscn
Completed load for: 'res://scenes/acts/act3/a3_l2_living_forest.tscn' remapped 'res://scenes/acts/act3/a3_l2_living_forest.tscn' at thread -1
Loading resource: res://scenes/acts/act3/a3_l2_living_forest.tscn remapped: res://scenes/acts/act3/a3_l2_living_forest.tscn
Completed load for: 'res://scenes/acts/act3/a3_l2_living_forest.tscn' remapped 'res://scenes/acts/act3/a3_l2_living_forest.tscn' at thread -1
Loading resource: res://scenes/acts/act3/a3_l2_living_forest.tscn remapped: res://scenes/acts/act3/a3_l2_living_forest.tscn
Completed load for: 'res://scenes/acts/act3/a3_l2_living_forest.tscn' remapped 'res://scenes/acts/act3/a3_l2_living_forest.tscn' at thread -1
PASS: real production Title has no duplicate live world for TEST ONLY eleven-predecessor story seed: 
PASS: TEST ONLY eleven-predecessor prefix offers protected uncompleted A3 story Continue
Loading resource: res://scenes/acts/act1/a1_l1.tscn remapped: res://scenes/acts/act1/a1_l1.tscn
Loading resource: res://assets/acts/act1/launch/quiet_floor.png remapped: res://assets/acts/act1/launch/quiet_floor.png
Loading resource: res://.godot/imported/quiet_floor.png-0d5ba5ae403bf427577865af7ea91238.ctex remapped: res://.godot/imported/quiet_floor.png-0d5ba5ae403bf427577865af7ea91238.ctex
Completed load for: 'res://assets/acts/act1/launch/quiet_floor.png' remapped 'res://assets/acts/act1/launch/quiet_floor.png' at thread -1
Completed load for: 'res://scenes/acts/act1/a1_l1.tscn' remapped 'res://scenes/acts/act1/a1_l1.tscn' at thread -1
Loading resource: res://scenes/acts/act1/a1_l2.tscn remapped: res://scenes/acts/act1/a1_l2.tscn
Loading resource: res://scenes/acts/act1/a1_l2_layout_greybox.tscn remapped: res://scenes/acts/act1/a1_l2_layout_greybox.tscn
Loading resource: res://scripts/acts/act1/crater_gardens_layout.gd remapped: res://scripts/acts/act1/crater_gardens_layout.gd
Loading resource: res://assets/acts/act1/lunar/accents/painted_rock_surface.png remapped: res://assets/acts/act1/lunar/accents/painted_rock_surface.png
Loading resource: res://.godot/imported/painted_rock_surface.png-30faff4d32479a3da0f568d18cbfa6cd.ctex remapped: res://.godot/imported/painted_rock_surface.png-30faff4d32479a3da0f568d18cbfa6cd.ctex
Completed load for: 'res://assets/acts/act1/lunar/accents/painted_rock_surface.png' remapped 'res://assets/acts/act1/lunar/accents/painted_rock_surface.png' at thread -1
Loading resource: res://assets/acts/act1/lunar/environment/rock_flat_low_a.png remapped: res://assets/acts/act1/lunar/environment/rock_flat_low_a.png
Loading resource: res://.godot/imported/rock_flat_low_a.png-d40857434c14002f43d5380e3cd3f789.ctex remapped: res://.godot/imported/rock_flat_low_a.png-d40857434c14002f43d5380e3cd3f789.ctex
Completed load for: 'res://assets/acts/act1/lunar/environment/rock_flat_low_a.png' remapped 'res://assets/acts/act1/lunar/environment/rock_flat_low_a.png' at thread -1
Loading resource: res://assets/acts/act1/lunar/environment/rock_flat_low_b.png remapped: res://assets/acts/act1/lunar/environment/rock_flat_low_b.png
Loading resource: res://.godot/imported/rock_flat_low_b.png-2f8625be000193bc3a72b5da199735bf.ctex remapped: res://.godot/imported/rock_flat_low_b.png-2f8625be000193bc3a72b5da199735bf.ctex
Completed load for: 'res://assets/acts/act1/lunar/environment/rock_flat_low_b.png' remapped 'res://assets/acts/act1/lunar/environment/rock_flat_low_b.png' at thread -1
Loading resource: res://assets/acts/act1/lunar/environment/floor_silver_tile.png remapped: res://assets/acts/act1/lunar/environment/floor_silver_tile.png
Loading resource: res://.godot/imported/floor_silver_tile.png-d26a488f9395175b253ee2a02677ec14.ctex remapped: res://.godot/imported/floor_silver_tile.png-d26a488f9395175b253ee2a02677ec14.ctex
Completed load for: 'res://assets/acts/act1/lunar/environment/floor_silver_tile.png' remapped 'res://assets/acts/act1/lunar/environment/floor_silver_tile.png' at thread -1
Loading resource: res://assets/acts/act1/lunar/environment/capsule_landed_closed.png remapped: res://assets/acts/act1/lunar/environment/capsule_landed_closed.png
Loading resource: res://.godot/imported/capsule_landed_closed.png-953efe6810d9943a3b0081dfdb0e6e53.ctex remapped: res://.godot/imported/capsule_landed_closed.png-953efe6810d9943a3b0081dfdb0e6e53.ctex
Completed load for: 'res://assets/acts/act1/lunar/environment/capsule_landed_closed.png' remapped 'res://assets/acts/act1/lunar/environment/capsule_landed_closed.png' at thread -1
Loading resource: res://assets/acts/act1/lunar/environment/camp_sleeping_tableau.png remapped: res://assets/acts/act1/lunar/environment/camp_sleeping_tableau.png
Loading resource: res://.godot/imported/camp_sleeping_tableau.png-b89e226907631f7f93baa190bd8808d0.ctex remapped: res://.godot/imported/camp_sleeping_tableau.png-b89e226907631f7f93baa190bd8808d0.ctex
Completed load for: 'res://assets/acts/act1/lunar/environment/camp_sleeping_tableau.png' remapped 'res://assets/acts/act1/lunar/environment/camp_sleeping_tableau.png' at thread -1
Loading resource: res://assets/acts/act1/lunar/environment/crescent_performer.png remapped: res://assets/acts/act1/lunar/environment/crescent_performer.png
Loading resource: res://.godot/imported/crescent_performer.png-61d4371c498d7e3e3cab9d649768e6b6.ctex remapped: res://.godot/imported/crescent_performer.png-61d4371c498d7e3e3cab9d649768e6b6.ctex
Completed load for: 'res://assets/acts/act1/lunar/environment/crescent_performer.png' remapped 'res://assets/acts/act1/lunar/environment/crescent_performer.png' at thread -1
Loading resource: res://assets/acts/act1/lunar/environment/grotto_threshold_open.png remapped: res://assets/acts/act1/lunar/environment/grotto_threshold_open.png
Loading resource: res://.godot/imported/grotto_threshold_open.png-c3df15a1fc23d25b60fbfc8513941f9f.ctex remapped: res://.godot/imported/grotto_threshold_open.png-c3df15a1fc23d25b60fbfc8513941f9f.ctex
Completed load for: 'res://assets/acts/act1/lunar/environment/grotto_threshold_open.png' remapped 'res://assets/acts/act1/lunar/environment/grotto_threshold_open.png' at thread -1
Loading resource: res://assets/acts/act1/lunar/accents/earth_globe.png remapped: res://assets/acts/act1/lunar/accents/earth_globe.png
Loading resource: res://.godot/imported/earth_globe.png-05f3937774a9eb99e088ece7c7ad0a43.ctex remapped: res://.godot/imported/earth_globe.png-05f3937774a9eb99e088ece7c7ad0a43.ctex
Completed load for: 'res://assets/acts/act1/lunar/accents/earth_globe.png' remapped 'res://assets/acts/act1/lunar/accents/earth_globe.png' at thread -1
Loading resource: res://assets/acts/act1/lunar/accents/human_star_performer.png remapped: res://assets/acts/act1/lunar/accents/human_star_performer.png
Loading resource: res://.godot/imported/human_star_performer.png-b4ff4a7c871018f8c6875759028e9ef9.ctex remapped: res://.godot/imported/human_star_performer.png-b4ff4a7c871018f8c6875759028e9ef9.ctex
Completed load for: 'res://assets/acts/act1/lunar/accents/human_star_performer.png' remapped 'res://assets/acts/act1/lunar/accents/human_star_performer.png' at thread -1
Loading resource: res://assets/acts/act1/lunar/accents/saturn_performer.png remapped: res://assets/acts/act1/lunar/accents/saturn_performer.png
Loading resource: res://.godot/imported/saturn_performer.png-4d9517c85ecb869cac6d9310893dd98e.ctex remapped: res://.godot/imported/saturn_performer.png-4d9517c85ecb869cac6d9310893dd98e.ctex
Completed load for: 'res://assets/acts/act1/lunar/accents/saturn_performer.png' remapped 'res://assets/acts/act1/lunar/accents/saturn_performer.png' at thread -1
Completed load for: 'res://scripts/acts/act1/crater_gardens_layout.gd' remapped 'res://scripts/acts/act1/crater_gardens_layout.gd' at thread -1
Completed load for: 'res://scenes/acts/act1/a1_l2_layout_greybox.tscn' remapped 'res://scenes/acts/act1/a1_l2_layout_greybox.tscn' at thread -1
Loading resource: res://scripts/acts/act1/crater_gardens.gd remapped: res://scripts/acts/act1/crater_gardens.gd
Loading resource: res://assets/acts/act1/lunar/rusher_front_standing.png remapped: res://assets/acts/act1/lunar/rusher_front_standing.png
Loading resource: res://.godot/imported/rusher_front_standing.png-ab9f1aff77317981d7ff30a55a49b79c.ctex remapped: res://.godot/imported/rusher_front_standing.png-ab9f1aff77317981d7ff30a55a49b79c.ctex
Completed load for: 'res://assets/acts/act1/lunar/rusher_front_standing.png' remapped 'res://assets/acts/act1/lunar/rusher_front_standing.png' at thread -1
Loading resource: res://assets/acts/act1/lunar/rusher_front_crouch.png remapped: res://assets/acts/act1/lunar/rusher_front_crouch.png
Loading resource: res://.godot/imported/rusher_front_crouch.png-adece75d5e8a8c92a1bc2c6401f25304.ctex remapped: res://.godot/imported/rusher_front_crouch.png-adece75d5e8a8c92a1bc2c6401f25304.ctex
Completed load for: 'res://assets/acts/act1/lunar/rusher_front_crouch.png' remapped 'res://assets/acts/act1/lunar/rusher_front_crouch.png' at thread -1
Loading resource: res://assets/acts/act1/lunar/rusher_front_rush.png remapped: res://assets/acts/act1/lunar/rusher_front_rush.png
Loading resource: res://.godot/imported/rusher_front_rush.png-7c0bce496c4feda39447b8da7969c648.ctex remapped: res://.godot/imported/rusher_front_rush.png-7c0bce496c4feda39447b8da7969c648.ctex
Completed load for: 'res://assets/acts/act1/lunar/rusher_front_rush.png' remapped 'res://assets/acts/act1/lunar/rusher_front_rush.png' at thread -1
Loading resource: res://assets/acts/act1/lunar/rusher_front_recovery.png remapped: res://assets/acts/act1/lunar/rusher_front_recovery.png
Loading resource: res://.godot/imported/rusher_front_recovery.png-48b3b85e1dacdc5b1394b00410b87f4c.ctex remapped: res://.godot/imported/rusher_front_recovery.png-48b3b85e1dacdc5b1394b00410b87f4c.ctex
Completed load for: 'res://assets/acts/act1/lunar/rusher_front_recovery.png' remapped 'res://assets/acts/act1/lunar/rusher_front_recovery.png' at thread -1
Loading resource: res://assets/acts/act1/lunar/rusher_side_standing.png remapped: res://assets/acts/act1/lunar/rusher_side_standing.png
Loading resource: res://.godot/imported/rusher_side_standing.png-9ad01603ed27e8eb069b74168275c602.ctex remapped: res://.godot/imported/rusher_side_standing.png-9ad01603ed27e8eb069b74168275c602.ctex
Completed load for: 'res://assets/acts/act1/lunar/rusher_side_standing.png' remapped 'res://assets/acts/act1/lunar/rusher_side_standing.png' at thread -1
Loading resource: res://assets/acts/act1/lunar/rusher_side_crouch.png remapped: res://assets/acts/act1/lunar/rusher_side_crouch.png
Loading resource: res://.godot/imported/rusher_side_crouch.png-67e920f999b245f0d1caa883db0ade22.ctex remapped: res://.godot/imported/rusher_side_crouch.png-67e920f999b245f0d1caa883db0ade22.ctex
Completed load for: 'res://assets/acts/act1/lunar/rusher_side_crouch.png' remapped 'res://assets/acts/act1/lunar/rusher_side_crouch.png' at thread -1
Loading resource: res://assets/acts/act1/lunar/rusher_side_rush.png remapped: res://assets/acts/act1/lunar/rusher_side_rush.png
Loading resource: res://.godot/imported/rusher_side_rush.png-eaa732526853c79ed45ad1691a56d336.ctex remapped: res://.godot/imported/rusher_side_rush.png-eaa732526853c79ed45ad1691a56d336.ctex
Completed load for: 'res://assets/acts/act1/lunar/rusher_side_rush.png' remapped 'res://assets/acts/act1/lunar/rusher_side_rush.png' at thread -1
Loading resource: res://assets/acts/act1/lunar/rusher_side_recovery.png remapped: res://assets/acts/act1/lunar/rusher_side_recovery.png
Loading resource: res://.godot/imported/rusher_side_recovery.png-2900ecc65811de91bb751955e1291f20.ctex remapped: res://.godot/imported/rusher_side_recovery.png-2900ecc65811de91bb751955e1291f20.ctex
Completed load for: 'res://assets/acts/act1/lunar/rusher_side_recovery.png' remapped 'res://assets/acts/act1/lunar/rusher_side_recovery.png' at thread -1
Loading resource: res://assets/acts/act1/lunar/rusher_back_standing.png remapped: res://assets/acts/act1/lunar/rusher_back_standing.png
Loading resource: res://.godot/imported/rusher_back_standing.png-13bf513cc23a916b43ada2bf8d4c7ce8.ctex remapped: res://.godot/imported/rusher_back_standing.png-13bf513cc23a916b43ada2bf8d4c7ce8.ctex
Completed load for: 'res://assets/acts/act1/lunar/rusher_back_standing.png' remapped 'res://assets/acts/act1/lunar/rusher_back_standing.png' at thread -1
Loading resource: res://assets/acts/act1/lunar/rusher_back_crouch.png remapped: res://assets/acts/act1/lunar/rusher_back_crouch.png
Loading resource: res://.godot/imported/rusher_back_crouch.png-9b8951aa30c78f920e2414e46e7dbe93.ctex remapped: res://.godot/imported/rusher_back_crouch.png-9b8951aa30c78f920e2414e46e7dbe93.ctex
Completed load for: 'res://assets/acts/act1/lunar/rusher_back_crouch.png' remapped 'res://assets/acts/act1/lunar/rusher_back_crouch.png' at thread -1
Loading resource: res://assets/acts/act1/lunar/rusher_back_rush.png remapped: res://assets/acts/act1/lunar/rusher_back_rush.png
Loading resource: res://.godot/imported/rusher_back_rush.png-e7871cb7823753886b50061b1fd4b220.ctex remapped: res://.godot/imported/rusher_back_rush.png-e7871cb7823753886b50061b1fd4b220.ctex
Completed load for: 'res://assets/acts/act1/lunar/rusher_back_rush.png' remapped 'res://assets/acts/act1/lunar/rusher_back_rush.png' at thread -1
Loading resource: res://assets/acts/act1/lunar/rusher_back_recovery.png remapped: res://assets/acts/act1/lunar/rusher_back_recovery.png
Loading resource: res://.godot/imported/rusher_back_recovery.png-83ff3a84c4dbad1e4d1df1010baa7b84.ctex remapped: res://.godot/imported/rusher_back_recovery.png-83ff3a84c4dbad1e4d1df1010baa7b84.ctex
Completed load for: 'res://assets/acts/act1/lunar/rusher_back_recovery.png' remapped 'res://assets/acts/act1/lunar/rusher_back_recovery.png' at thread -1
Completed load for: 'res://scripts/acts/act1/crater_gardens.gd' remapped 'res://scripts/acts/act1/crater_gardens.gd' at thread -1
Completed load for: 'res://scenes/acts/act1/a1_l2.tscn' remapped 'res://scenes/acts/act1/a1_l2.tscn' at thread -1
Loading resource: res://scenes/acts/act2/a2_l1.tscn remapped: res://scenes/acts/act2/a2_l1.tscn
Loading resource: res://scripts/acts/act2/horsell_common.gd remapped: res://scripts/acts/act2/horsell_common.gd
Completed load for: 'res://scripts/acts/act2/horsell_common.gd' remapped 'res://scripts/acts/act2/horsell_common.gd' at thread -1
Completed load for: 'res://scenes/acts/act2/a2_l1.tscn' remapped 'res://scenes/acts/act2/a2_l1.tscn' at thread -1
Loading resource: res://scenes/acts/act2/a2_l2.tscn remapped: res://scenes/acts/act2/a2_l2.tscn
Loading resource: res://scripts/acts/act2/weybridge.gd remapped: res://scripts/acts/act2/weybridge.gd
Completed load for: 'res://scripts/acts/act2/weybridge.gd' remapped 'res://scripts/acts/act2/weybridge.gd' at thread -1
Completed load for: 'res://scenes/acts/act2/a2_l2.tscn' remapped 'res://scenes/acts/act2/a2_l2.tscn' at thread -1
Loading resource: res://scenes/acts/act3/a3_l1.tscn remapped: res://scenes/acts/act3/a3_l1.tscn
Loading resource: res://scripts/acts/act3/twin_suns_level.gd remapped: res://scripts/acts/act3/twin_suns_level.gd
Loading resource: res://assets/acts/act3/scarlet_sand.gdshader remapped: res://assets/acts/act3/scarlet_sand.gdshader
Completed load for: 'res://assets/acts/act3/scarlet_sand.gdshader' remapped 'res://assets/acts/act3/scarlet_sand.gdshader' at thread -1
Completed load for: 'res://scripts/acts/act3/twin_suns_level.gd' remapped 'res://scripts/acts/act3/twin_suns_level.gd' at thread -1
Completed load for: 'res://scenes/acts/act3/a3_l1.tscn' remapped 'res://scenes/acts/act3/a3_l1.tscn' at thread -1
Loading resource: res://scenes/acts/act3/a3_l2_living_forest.tscn remapped: res://scenes/acts/act3/a3_l2_living_forest.tscn
Completed load for: 'res://scenes/acts/act3/a3_l2_living_forest.tscn' remapped 'res://scenes/acts/act3/a3_l2_living_forest.tscn' at thread -1
Loading resource: res://scenes/acts/act3/a3_l2_living_forest.tscn remapped: res://scenes/acts/act3/a3_l2_living_forest.tscn
Completed load for: 'res://scenes/acts/act3/a3_l2_living_forest.tscn' remapped 'res://scenes/acts/act3/a3_l2_living_forest.tscn' at thread -1
Loading resource: res://scenes/acts/act1/a1_l1.tscn remapped: res://scenes/acts/act1/a1_l1.tscn
Loading resource: res://assets/acts/act1/launch/quiet_floor.png remapped: res://assets/acts/act1/launch/quiet_floor.png
Loading resource: res://.godot/imported/quiet_floor.png-0d5ba5ae403bf427577865af7ea91238.ctex remapped: res://.godot/imported/quiet_floor.png-0d5ba5ae403bf427577865af7ea91238.ctex
Completed load for: 'res://assets/acts/act1/launch/quiet_floor.png' remapped 'res://assets/acts/act1/launch/quiet_floor.png' at thread -1
Completed load for: 'res://scenes/acts/act1/a1_l1.tscn' remapped 'res://scenes/acts/act1/a1_l1.tscn' at thread -1
Loading resource: res://scenes/acts/act1/a1_l2.tscn remapped: res://scenes/acts/act1/a1_l2.tscn
Loading resource: res://scenes/acts/act1/a1_l2_layout_greybox.tscn remapped: res://scenes/acts/act1/a1_l2_layout_greybox.tscn
Completed load for: 'res://scenes/acts/act1/a1_l2_layout_greybox.tscn' remapped 'res://scenes/acts/act1/a1_l2_layout_greybox.tscn' at thread -1
Completed load for: 'res://scenes/acts/act1/a1_l2.tscn' remapped 'res://scenes/acts/act1/a1_l2.tscn' at thread -1
Loading resource: res://scenes/acts/act2/a2_l1.tscn remapped: res://scenes/acts/act2/a2_l1.tscn
Completed load for: 'res://scenes/acts/act2/a2_l1.tscn' remapped 'res://scenes/acts/act2/a2_l1.tscn' at thread -1
Loading resource: res://scenes/acts/act2/a2_l2.tscn remapped: res://scenes/acts/act2/a2_l2.tscn
Completed load for: 'res://scenes/acts/act2/a2_l2.tscn' remapped 'res://scenes/acts/act2/a2_l2.tscn' at thread -1
Loading resource: res://scenes/acts/act3/a3_l1.tscn remapped: res://scenes/acts/act3/a3_l1.tscn
Completed load for: 'res://scenes/acts/act3/a3_l1.tscn' remapped 'res://scenes/acts/act3/a3_l1.tscn' at thread -1
Loading resource: res://scenes/acts/act3/a3_l2_living_forest.tscn remapped: res://scenes/acts/act3/a3_l2_living_forest.tscn
Completed load for: 'res://scenes/acts/act3/a3_l2_living_forest.tscn' remapped 'res://scenes/acts/act3/a3_l2_living_forest.tscn' at thread -1
Loading resource: res://scenes/acts/act3/a3_l2_living_forest.tscn remapped: res://scenes/acts/act3/a3_l2_living_forest.tscn
Completed load for: 'res://scenes/acts/act3/a3_l2_living_forest.tscn' remapped 'res://scenes/acts/act3/a3_l2_living_forest.tscn' at thread -1
Loading resource: res://scenes/acts/act1/a1_l1.tscn remapped: res://scenes/acts/act1/a1_l1.tscn
Loading resource: res://assets/acts/act1/launch/quiet_floor.png remapped: res://assets/acts/act1/launch/quiet_floor.png
Loading resource: res://.godot/imported/quiet_floor.png-0d5ba5ae403bf427577865af7ea91238.ctex remapped: res://.godot/imported/quiet_floor.png-0d5ba5ae403bf427577865af7ea91238.ctex
Completed load for: 'res://assets/acts/act1/launch/quiet_floor.png' remapped 'res://assets/acts/act1/launch/quiet_floor.png' at thread -1
Completed load for: 'res://scenes/acts/act1/a1_l1.tscn' remapped 'res://scenes/acts/act1/a1_l1.tscn' at thread -1
Loading resource: res://scenes/acts/act1/a1_l2.tscn remapped: res://scenes/acts/act1/a1_l2.tscn
Loading resource: res://scenes/acts/act1/a1_l2_layout_greybox.tscn remapped: res://scenes/acts/act1/a1_l2_layout_greybox.tscn
Completed load for: 'res://scenes/acts/act1/a1_l2_layout_greybox.tscn' remapped 'res://scenes/acts/act1/a1_l2_layout_greybox.tscn' at thread -1
Completed load for: 'res://scenes/acts/act1/a1_l2.tscn' remapped 'res://scenes/acts/act1/a1_l2.tscn' at thread -1
Loading resource: res://scenes/acts/act2/a2_l1.tscn remapped: res://scenes/acts/act2/a2_l1.tscn
Completed load for: 'res://scenes/acts/act2/a2_l1.tscn' remapped 'res://scenes/acts/act2/a2_l1.tscn' at thread -1
Loading resource: res://scenes/acts/act2/a2_l2.tscn remapped: res://scenes/acts/act2/a2_l2.tscn
Completed load for: 'res://scenes/acts/act2/a2_l2.tscn' remapped 'res://scenes/acts/act2/a2_l2.tscn' at thread -1
Loading resource: res://scenes/acts/act3/a3_l1.tscn remapped: res://scenes/acts/act3/a3_l1.tscn
Completed load for: 'res://scenes/acts/act3/a3_l1.tscn' remapped 'res://scenes/acts/act3/a3_l1.tscn' at thread -1
Loading resource: res://scenes/acts/act3/a3_l2_living_forest.tscn remapped: res://scenes/acts/act3/a3_l2_living_forest.tscn
Completed load for: 'res://scenes/acts/act3/a3_l2_living_forest.tscn' remapped 'res://scenes/acts/act3/a3_l2_living_forest.tscn' at thread -1
Loading resource: res://scenes/acts/act3/a3_l2_living_forest.tscn remapped: res://scenes/acts/act3/a3_l2_living_forest.tscn
Completed load for: 'res://scenes/acts/act3/a3_l2_living_forest.tscn' remapped 'res://scenes/acts/act3/a3_l2_living_forest.tscn' at thread -1
PASS: real seeded Journey offers current A3-L2 Continue while A3-L3 stays locked
Loading resource: res://scenes/acts/act3/a3_l2_living_forest.tscn remapped: res://scenes/acts/act3/a3_l2_living_forest.tscn
Completed load for: 'res://scenes/acts/act3/a3_l2_living_forest.tscn' remapped 'res://scenes/acts/act3/a3_l2_living_forest.tscn' at thread -1
Loading resource: res://scenes/acts/act3/a3_l2_living_forest.tscn remapped: res://scenes/acts/act3/a3_l2_living_forest.tscn
Completed load for: 'res://scenes/acts/act3/a3_l2_living_forest.tscn' remapped 'res://scenes/acts/act3/a3_l2_living_forest.tscn' at thread -1
Loading resource: res://scenes/acts/act3/a3_l2_living_forest.tscn remapped: res://scenes/acts/act3/a3_l2_living_forest.tscn
Completed load for: 'res://scenes/acts/act3/a3_l2_living_forest.tscn' remapped 'res://scenes/acts/act3/a3_l2_living_forest.tscn' at thread -1
Loading resource: res://scenes/acts/act3/a3_l2_living_forest.tscn remapped: res://scenes/acts/act3/a3_l2_living_forest.tscn
Completed load for: 'res://scenes/acts/act3/a3_l2_living_forest.tscn' remapped 'res://scenes/acts/act3/a3_l2_living_forest.tscn' at thread -1
Loading resource: res://scenes/acts/act3/a3_l2_living_forest.tscn remapped: res://scenes/acts/act3/a3_l2_living_forest.tscn
Completed load for: 'res://scenes/acts/act3/a3_l2_living_forest.tscn' remapped 'res://scenes/acts/act3/a3_l2_living_forest.tscn' at thread -1
PASS: actual production A3 installation waits paused at Resume: 
PASS: exact production Forest owns the shared actor/effects and all nine typed authored sources
PASS: actual retained typed source has canonical binding: l2-threshold-stalker
PASS: actual retained typed source has canonical binding: l2-promise-root
PASS: actual retained typed source has canonical binding: l2-trunk-root
PASS: actual retained typed source has canonical binding: l2-priority-root
PASS: actual retained typed source has canonical binding: l2-priority-stalker
PASS: actual retained typed source has canonical binding: l2-watched-root
PASS: actual retained typed source has canonical binding: l2-watched-stalker
PASS: actual retained typed source has canonical binding: l2-slit-root
PASS: actual retained typed source has canonical binding: l2-slit-stalker
PASS: Forest binds four actual bodies/five actual mechanism children and native270x585 world to one shared scheduler
PASS: actual accepted full localversion1 entry is a coherent actor/nine-typed-source/scheduler/shell unit
PASS: fresh TEST ONLY initial resources retain no executed action/input/tick
Loading resource: res://scenes/acts/act3/a3_l2_living_forest.tscn remapped: res://scenes/acts/act3/a3_l2_living_forest.tscn
Completed load for: 'res://scenes/acts/act3/a3_l2_living_forest.tscn' remapped 'res://scenes/acts/act3/a3_l2_living_forest.tscn' at thread -1
Loading resource: res://scenes/acts/act3/a3_l2_living_forest.tscn remapped: res://scenes/acts/act3/a3_l2_living_forest.tscn
Completed load for: 'res://scenes/acts/act3/a3_l2_living_forest.tscn' remapped 'res://scenes/acts/act3/a3_l2_living_forest.tscn' at thread -1
PASS: entry reopens actual checked format2 SaveStore data
PASS: initial living entry exposes actual paused GUI Resume
PASS: initial living entry GUI press/release is consumed before input/action/resource/pose/clock/anchor changes
PASS: actual viewport touch/drag/release starts one public physical dash and records exact release anchor
Loading resource: res://scenes/acts/act3/a3_l2_living_forest.tscn remapped: res://scenes/acts/act3/a3_l2_living_forest.tscn
Completed load for: 'res://scenes/acts/act3/a3_l2_living_forest.tscn' remapped 'res://scenes/acts/act3/a3_l2_living_forest.tscn' at thread -1
Loading resource: res://scenes/acts/act3/a3_l2_living_forest.tscn remapped: res://scenes/acts/act3/a3_l2_living_forest.tscn
Completed load for: 'res://scenes/acts/act3/a3_l2_living_forest.tscn' remapped 'res://scenes/acts/act3/a3_l2_living_forest.tscn' at thread -1
Loading resource: res://scenes/acts/act3/a3_l2_living_forest.tscn remapped: res://scenes/acts/act3/a3_l2_living_forest.tscn
Completed load for: 'res://scenes/acts/act3/a3_l2_living_forest.tscn' remapped 'res://scenes/acts/act3/a3_l2_living_forest.tscn' at thread -1
Loading resource: res://scenes/acts/act3/a3_l2_living_forest.tscn remapped: res://scenes/acts/act3/a3_l2_living_forest.tscn
Completed load for: 'res://scenes/acts/act3/a3_l2_living_forest.tscn' remapped 'res://scenes/acts/act3/a3_l2_living_forest.tscn' at thread -1
Loading resource: res://scenes/acts/act3/a3_l2_living_forest.tscn remapped: res://scenes/acts/act3/a3_l2_living_forest.tscn
Completed load for: 'res://scenes/acts/act3/a3_l2_living_forest.tscn' remapped 'res://scenes/acts/act3/a3_l2_living_forest.tscn' at thread -1
Loading resource: res://scenes/acts/act3/a3_l2_living_forest.tscn remapped: res://scenes/acts/act3/a3_l2_living_forest.tscn
Completed load for: 'res://scenes/acts/act3/a3_l2_living_forest.tscn' remapped 'res://scenes/acts/act3/a3_l2_living_forest.tscn' at thread -1
Loading resource: res://scenes/acts/act3/a3_l2_living_forest.tscn remapped: res://scenes/acts/act3/a3_l2_living_forest.tscn
Completed load for: 'res://scenes/acts/act3/a3_l2_living_forest.tscn' remapped 'res://scenes/acts/act3/a3_l2_living_forest.tscn' at thread -1
Loading resource: res://scenes/acts/act3/a3_l2_living_forest.tscn remapped: res://scenes/acts/act3/a3_l2_living_forest.tscn
Completed load for: 'res://scenes/acts/act3/a3_l2_living_forest.tscn' remapped 'res://scenes/acts/act3/a3_l2_living_forest.tscn' at thread -1
Loading resource: res://scenes/acts/act3/a3_l2_living_forest.tscn remapped: res://scenes/acts/act3/a3_l2_living_forest.tscn
Completed load for: 'res://scenes/acts/act3/a3_l2_living_forest.tscn' remapped 'res://scenes/acts/act3/a3_l2_living_forest.tscn' at thread -1
PASS: public deferred pause captures the actual routed movement and complete authored world: 
PASS: real routed release retains physical dash path and separate exact screen release anchor
PASS: live dash changes actual path/clocks/camera before the save
PASS: short actual movement preserves low HP/empty ammo/gear and one routed input
PASS: coherent movement save protects its initial checkpoint and awards no A3 completion/reward
Loading resource: res://scenes/acts/act3/a3_l2_living_forest.tscn remapped: res://scenes/acts/act3/a3_l2_living_forest.tscn
Completed load for: 'res://scenes/acts/act3/a3_l2_living_forest.tscn' remapped 'res://scenes/acts/act3/a3_l2_living_forest.tscn' at thread -1
Loading resource: res://scenes/acts/act3/a3_l2_living_forest.tscn remapped: res://scenes/acts/act3/a3_l2_living_forest.tscn
Completed load for: 'res://scenes/acts/act3/a3_l2_living_forest.tscn' remapped 'res://scenes/acts/act3/a3_l2_living_forest.tscn' at thread -1
PASS: actual pause publishes an exact checked format2 generation
PASS: paused frames freeze complete actor/local/input/camera state exactly
PASS: first shell closure frees actual @Node3D@253
PASS: first shell closure frees actual LivingForest
PASS: first shell closure frees actual CinderPlayer
PASS: first shell closure frees actual @Node3D@255
PASS: first shell closure frees actual ForestFloor
PASS: first shell closure frees actual WestBoundary
PASS: first shell closure frees actual EastBoundary
PASS: first shell closure frees actual NorthBoundary
PASS: first shell closure frees actual SouthBoundary
PASS: first shell closure frees actual TwoApproachesBase
PASS: first shell closure frees actual CrossingBase
PASS: first shell closure frees actual LivingForestThreatScheduler
PASS: first shell closure frees actual l2_threshold_stalker
PASS: first shell closure frees actual RequiredThreatCue
PASS: first shell closure frees actual l2_promise_root
PASS: first shell closure frees actual RootAttack
PASS: first shell closure frees actual ThreatCue
PASS: first shell closure frees actual l2_trunk_root
PASS: first shell closure frees actual RootAttack
PASS: first shell closure frees actual ThreatCue
PASS: first shell closure frees actual l2_priority_root
PASS: first shell closure frees actual RootAttack
PASS: first shell closure frees actual ThreatCue
PASS: first shell closure frees actual l2_priority_stalker
PASS: first shell closure frees actual RequiredThreatCue
PASS: first shell closure frees actual l2_watched_root
PASS: first shell closure frees actual RootAttack
PASS: first shell closure frees actual ThreatCue
PASS: first shell closure frees actual l2_watched_stalker
PASS: first shell closure frees actual RequiredThreatCue
PASS: first shell closure frees actual l2_slit_root
PASS: first shell closure frees actual RootAttack
PASS: first shell closure frees actual ThreatCue
PASS: first shell closure frees actual l2_slit_stalker
PASS: first shell closure frees actual RequiredThreatCue
PASS: first shell closure frees actual LivingForestContactCue
PASS: production registry configures only isolated PID user paths
Loading resource: res://scenes/acts/act1/a1_l1.tscn remapped: res://scenes/acts/act1/a1_l1.tscn
Loading resource: res://assets/acts/act1/launch/quiet_floor.png remapped: res://assets/acts/act1/launch/quiet_floor.png
Loading resource: res://.godot/imported/quiet_floor.png-0d5ba5ae403bf427577865af7ea91238.ctex remapped: res://.godot/imported/quiet_floor.png-0d5ba5ae403bf427577865af7ea91238.ctex
Completed load for: 'res://assets/acts/act1/launch/quiet_floor.png' remapped 'res://assets/acts/act1/launch/quiet_floor.png' at thread -1
Completed load for: 'res://scenes/acts/act1/a1_l1.tscn' remapped 'res://scenes/acts/act1/a1_l1.tscn' at thread -1
Loading resource: res://scenes/acts/act3/a3_l2_living_forest.tscn remapped: res://scenes/acts/act3/a3_l2_living_forest.tscn
Completed load for: 'res://scenes/acts/act3/a3_l2_living_forest.tscn' remapped 'res://scenes/acts/act3/a3_l2_living_forest.tscn' at thread -1
Loading resource: res://scenes/acts/act3/a3_l2_living_forest.tscn remapped: res://scenes/acts/act3/a3_l2_living_forest.tscn
Completed load for: 'res://scenes/acts/act3/a3_l2_living_forest.tscn' remapped 'res://scenes/acts/act3/a3_l2_living_forest.tscn' at thread -1
Loading resource: res://scenes/acts/act3/a3_l2_living_forest.tscn remapped: res://scenes/acts/act3/a3_l2_living_forest.tscn
Completed load for: 'res://scenes/acts/act3/a3_l2_living_forest.tscn' remapped 'res://scenes/acts/act3/a3_l2_living_forest.tscn' at thread -1
Loading resource: res://scenes/acts/act3/a3_l2_living_forest.tscn remapped: res://scenes/acts/act3/a3_l2_living_forest.tscn
Completed load for: 'res://scenes/acts/act3/a3_l2_living_forest.tscn' remapped 'res://scenes/acts/act3/a3_l2_living_forest.tscn' at thread -1
Loading resource: res://scenes/acts/act3/a3_l2_living_forest.tscn remapped: res://scenes/acts/act3/a3_l2_living_forest.tscn
Completed load for: 'res://scenes/acts/act3/a3_l2_living_forest.tscn' remapped 'res://scenes/acts/act3/a3_l2_living_forest.tscn' at thread -1
Loading resource: res://scenes/acts/act3/a3_l2_living_forest.tscn remapped: res://scenes/acts/act3/a3_l2_living_forest.tscn
Completed load for: 'res://scenes/acts/act3/a3_l2_living_forest.tscn' remapped 'res://scenes/acts/act3/a3_l2_living_forest.tscn' at thread -1
Loading resource: res://scenes/acts/act3/a3_l2_living_forest.tscn remapped: res://scenes/acts/act3/a3_l2_living_forest.tscn
Completed load for: 'res://scenes/acts/act3/a3_l2_living_forest.tscn' remapped 'res://scenes/acts/act3/a3_l2_living_forest.tscn' at thread -1
PASS: real production Title has no duplicate live world for living saved movement: 
Loading resource: res://scenes/acts/act3/a3_l2_living_forest.tscn remapped: res://scenes/acts/act3/a3_l2_living_forest.tscn
Completed load for: 'res://scenes/acts/act3/a3_l2_living_forest.tscn' remapped 'res://scenes/acts/act3/a3_l2_living_forest.tscn' at thread -1
Loading resource: res://scenes/acts/act3/a3_l2_living_forest.tscn remapped: res://scenes/acts/act3/a3_l2_living_forest.tscn
Completed load for: 'res://scenes/acts/act3/a3_l2_living_forest.tscn' remapped 'res://scenes/acts/act3/a3_l2_living_forest.tscn' at thread -1
Loading resource: res://scenes/acts/act3/a3_l2_living_forest.tscn remapped: res://scenes/acts/act3/a3_l2_living_forest.tscn
Completed load for: 'res://scenes/acts/act3/a3_l2_living_forest.tscn' remapped 'res://scenes/acts/act3/a3_l2_living_forest.tscn' at thread -1
Loading resource: res://scenes/acts/act3/a3_l2_living_forest.tscn remapped: res://scenes/acts/act3/a3_l2_living_forest.tscn
Completed load for: 'res://scenes/acts/act3/a3_l2_living_forest.tscn' remapped 'res://scenes/acts/act3/a3_l2_living_forest.tscn' at thread -1
PASS: actual production A3 installation waits paused at Resume: 
PASS: exact production Forest owns the shared actor/effects and all nine typed authored sources
PASS: actual retained typed source has canonical binding: l2-threshold-stalker
PASS: actual retained typed source has canonical binding: l2-promise-root
PASS: actual retained typed source has canonical binding: l2-trunk-root
PASS: actual retained typed source has canonical binding: l2-priority-root
PASS: actual retained typed source has canonical binding: l2-priority-stalker
PASS: actual retained typed source has canonical binding: l2-watched-root
PASS: actual retained typed source has canonical binding: l2-watched-stalker
PASS: actual retained typed source has canonical binding: l2-slit-root
PASS: actual retained typed source has canonical binding: l2-slit-stalker
PASS: Forest binds four actual bodies/five actual mechanism children and native270x585 world to one shared scheduler
PASS: fresh actual GUI Continue restores exact living saved movement without gameplay callbacks: []
PASS: fresh Continue preserves actual resources and does not republish the past dash
Loading resource: res://scenes/acts/act3/a3_l2_living_forest.tscn remapped: res://scenes/acts/act3/a3_l2_living_forest.tscn
Completed load for: 'res://scenes/acts/act3/a3_l2_living_forest.tscn' remapped 'res://scenes/acts/act3/a3_l2_living_forest.tscn' at thread -1
Loading resource: res://scenes/acts/act3/a3_l2_living_forest.tscn remapped: res://scenes/acts/act3/a3_l2_living_forest.tscn
Completed load for: 'res://scenes/acts/act3/a3_l2_living_forest.tscn' remapped 'res://scenes/acts/act3/a3_l2_living_forest.tscn' at thread -1
Loading resource: res://scenes/acts/act3/a3_l2_living_forest.tscn remapped: res://scenes/acts/act3/a3_l2_living_forest.tscn
Completed load for: 'res://scenes/acts/act3/a3_l2_living_forest.tscn' remapped 'res://scenes/acts/act3/a3_l2_living_forest.tscn' at thread -1
Loading resource: res://scenes/acts/act3/a3_l2_living_forest.tscn remapped: res://scenes/acts/act3/a3_l2_living_forest.tscn
Completed load for: 'res://scenes/acts/act3/a3_l2_living_forest.tscn' remapped 'res://scenes/acts/act3/a3_l2_living_forest.tscn' at thread -1
Loading resource: res://scenes/acts/act3/a3_l2_living_forest.tscn remapped: res://scenes/acts/act3/a3_l2_living_forest.tscn
Completed load for: 'res://scenes/acts/act3/a3_l2_living_forest.tscn' remapped 'res://scenes/acts/act3/a3_l2_living_forest.tscn' at thread -1
Loading resource: res://scenes/acts/act3/a3_l2_living_forest.tscn remapped: res://scenes/acts/act3/a3_l2_living_forest.tscn
Completed load for: 'res://scenes/acts/act3/a3_l2_living_forest.tscn' remapped 'res://scenes/acts/act3/a3_l2_living_forest.tscn' at thread -1
Loading resource: res://scenes/acts/act3/a3_l2_living_forest.tscn remapped: res://scenes/acts/act3/a3_l2_living_forest.tscn
Completed load for: 'res://scenes/acts/act3/a3_l2_living_forest.tscn' remapped 'res://scenes/acts/act3/a3_l2_living_forest.tscn' at thread -1
Loading resource: res://scenes/acts/act3/a3_l2_living_forest.tscn remapped: res://scenes/acts/act3/a3_l2_living_forest.tscn
Completed load for: 'res://scenes/acts/act3/a3_l2_living_forest.tscn' remapped 'res://scenes/acts/act3/a3_l2_living_forest.tscn' at thread -1
Loading resource: res://scenes/acts/act3/a3_l2_living_forest.tscn remapped: res://scenes/acts/act3/a3_l2_living_forest.tscn
Completed load for: 'res://scenes/acts/act3/a3_l2_living_forest.tscn' remapped 'res://scenes/acts/act3/a3_l2_living_forest.tscn' at thread -1
Loading resource: res://scenes/acts/act3/a3_l2_living_forest.tscn remapped: res://scenes/acts/act3/a3_l2_living_forest.tscn
Completed load for: 'res://scenes/acts/act3/a3_l2_living_forest.tscn' remapped 'res://scenes/acts/act3/a3_l2_living_forest.tscn' at thread -1
Loading resource: res://scenes/acts/act3/a3_l2_living_forest.tscn remapped: res://scenes/acts/act3/a3_l2_living_forest.tscn
Completed load for: 'res://scenes/acts/act3/a3_l2_living_forest.tscn' remapped 'res://scenes/acts/act3/a3_l2_living_forest.tscn' at thread -1
Loading resource: res://scenes/acts/act3/a3_l2_living_forest.tscn remapped: res://scenes/acts/act3/a3_l2_living_forest.tscn
Completed load for: 'res://scenes/acts/act3/a3_l2_living_forest.tscn' remapped 'res://scenes/acts/act3/a3_l2_living_forest.tscn' at thread -1
Loading resource: res://scenes/acts/act3/a3_l2_living_forest.tscn remapped: res://scenes/acts/act3/a3_l2_living_forest.tscn
Completed load for: 'res://scenes/acts/act3/a3_l2_living_forest.tscn' remapped 'res://scenes/acts/act3/a3_l2_living_forest.tscn' at thread -1
Loading resource: res://scenes/acts/act3/a3_l2_living_forest.tscn remapped: res://scenes/acts/act3/a3_l2_living_forest.tscn
Completed load for: 'res://scenes/acts/act3/a3_l2_living_forest.tscn' remapped 'res://scenes/acts/act3/a3_l2_living_forest.tscn' at thread -1
Loading resource: res://scenes/acts/act3/a3_l2_living_forest.tscn remapped: res://scenes/acts/act3/a3_l2_living_forest.tscn
Completed load for: 'res://scenes/acts/act3/a3_l2_living_forest.tscn' remapped 'res://scenes/acts/act3/a3_l2_living_forest.tscn' at thread -1
Loading resource: res://scenes/acts/act3/a3_l2_living_forest.tscn remapped: res://scenes/acts/act3/a3_l2_living_forest.tscn
Completed load for: 'res://scenes/acts/act3/a3_l2_living_forest.tscn' remapped 'res://scenes/acts/act3/a3_l2_living_forest.tscn' at thread -1
Loading resource: res://scenes/acts/act3/a3_l2_living_forest.tscn remapped: res://scenes/acts/act3/a3_l2_living_forest.tscn
Completed load for: 'res://scenes/acts/act3/a3_l2_living_forest.tscn' remapped 'res://scenes/acts/act3/a3_l2_living_forest.tscn' at thread -1
Loading resource: res://scenes/acts/act3/a3_l2_living_forest.tscn remapped: res://scenes/acts/act3/a3_l2_living_forest.tscn
Completed load for: 'res://scenes/acts/act3/a3_l2_living_forest.tscn' remapped 'res://scenes/acts/act3/a3_l2_living_forest.tscn' at thread -1
Loading resource: res://scenes/acts/act3/a3_l2_living_forest.tscn remapped: res://scenes/acts/act3/a3_l2_living_forest.tscn
Completed load for: 'res://scenes/acts/act3/a3_l2_living_forest.tscn' remapped 'res://scenes/acts/act3/a3_l2_living_forest.tscn' at thread -1
Loading resource: res://scenes/acts/act3/a3_l2_living_forest.tscn remapped: res://scenes/acts/act3/a3_l2_living_forest.tscn
Completed load for: 'res://scenes/acts/act3/a3_l2_living_forest.tscn' remapped 'res://scenes/acts/act3/a3_l2_living_forest.tscn' at thread -1
PASS: actual production A3 installation waits paused at Resume: 
PASS: exact production Forest owns the shared actor/effects and all nine typed authored sources
PASS: actual retained typed source has canonical binding: l2-threshold-stalker
PASS: actual retained typed source has canonical binding: l2-promise-root
PASS: actual retained typed source has canonical binding: l2-trunk-root
PASS: actual retained typed source has canonical binding: l2-priority-root
PASS: actual retained typed source has canonical binding: l2-priority-stalker
PASS: actual retained typed source has canonical binding: l2-watched-root
PASS: actual retained typed source has canonical binding: l2-watched-stalker
PASS: actual retained typed source has canonical binding: l2-slit-root
PASS: actual retained typed source has canonical binding: l2-slit-stalker
PASS: Forest binds four actual bodies/five actual mechanism children and native270x585 world to one shared scheduler
PASS: actual GUI Retry restores exact initial living checkpoint without gameplay callbacks: []
PASS: living GUI Retry frees actual @Node3D@324
PASS: living GUI Retry frees actual LivingForest
PASS: living GUI Retry frees actual CinderPlayer
PASS: living GUI Retry frees actual @Node3D@326
PASS: living GUI Retry frees actual ForestFloor
PASS: living GUI Retry frees actual WestBoundary
PASS: living GUI Retry frees actual EastBoundary
PASS: living GUI Retry frees actual NorthBoundary
PASS: living GUI Retry frees actual SouthBoundary
PASS: living GUI Retry frees actual TwoApproachesBase
PASS: living GUI Retry frees actual CrossingBase
PASS: living GUI Retry frees actual LivingForestThreatScheduler
PASS: living GUI Retry frees actual l2_threshold_stalker
PASS: living GUI Retry frees actual RequiredThreatCue
PASS: living GUI Retry frees actual l2_promise_root
PASS: living GUI Retry frees actual RootAttack
PASS: living GUI Retry frees actual ThreatCue
PASS: living GUI Retry frees actual l2_trunk_root
PASS: living GUI Retry frees actual RootAttack
PASS: living GUI Retry frees actual ThreatCue
PASS: living GUI Retry frees actual l2_priority_root
PASS: living GUI Retry frees actual RootAttack
PASS: living GUI Retry frees actual ThreatCue
PASS: living GUI Retry frees actual l2_priority_stalker
PASS: living GUI Retry frees actual RequiredThreatCue
PASS: living GUI Retry frees actual l2_watched_root
PASS: living GUI Retry frees actual RootAttack
PASS: living GUI Retry frees actual ThreatCue
PASS: living GUI Retry frees actual l2_watched_stalker
PASS: living GUI Retry frees actual RequiredThreatCue
PASS: living GUI Retry frees actual l2_slit_root
PASS: living GUI Retry frees actual RootAttack
PASS: living GUI Retry frees actual ThreatCue
PASS: living GUI Retry frees actual l2_slit_stalker
PASS: living GUI Retry frees actual RequiredThreatCue
PASS: living GUI Retry frees actual LivingForestContactCue
Loading resource: res://scenes/acts/act3/a3_l2_living_forest.tscn remapped: res://scenes/acts/act3/a3_l2_living_forest.tscn
Completed load for: 'res://scenes/acts/act3/a3_l2_living_forest.tscn' remapped 'res://scenes/acts/act3/a3_l2_living_forest.tscn' at thread -1
Loading resource: res://scenes/acts/act3/a3_l2_living_forest.tscn remapped: res://scenes/acts/act3/a3_l2_living_forest.tscn
Completed load for: 'res://scenes/acts/act3/a3_l2_living_forest.tscn' remapped 'res://scenes/acts/act3/a3_l2_living_forest.tscn' at thread -1
PASS: Retry uses exact checkpoint resources/history without healing or invented progress
PASS: living retry closure frees actual @Node3D@337
PASS: living retry closure frees actual LivingForest
PASS: living retry closure frees actual CinderPlayer
PASS: living retry closure frees actual @Node3D@339
PASS: living retry closure frees actual ForestFloor
PASS: living retry closure frees actual WestBoundary
PASS: living retry closure frees actual EastBoundary
PASS: living retry closure frees actual NorthBoundary
PASS: living retry closure frees actual SouthBoundary
PASS: living retry closure frees actual TwoApproachesBase
PASS: living retry closure frees actual CrossingBase
PASS: living retry closure frees actual LivingForestThreatScheduler
PASS: living retry closure frees actual l2_threshold_stalker
PASS: living retry closure frees actual RequiredThreatCue
PASS: living retry closure frees actual l2_promise_root
PASS: living retry closure frees actual RootAttack
PASS: living retry closure frees actual ThreatCue
PASS: living retry closure frees actual l2_trunk_root
PASS: living retry closure frees actual RootAttack
PASS: living retry closure frees actual ThreatCue
PASS: living retry closure frees actual l2_priority_root
PASS: living retry closure frees actual RootAttack
PASS: living retry closure frees actual ThreatCue
PASS: living retry closure frees actual l2_priority_stalker
PASS: living retry closure frees actual RequiredThreatCue
PASS: living retry closure frees actual l2_watched_root
PASS: living retry closure frees actual RootAttack
PASS: living retry closure frees actual ThreatCue
PASS: living retry closure frees actual l2_watched_stalker
PASS: living retry closure frees actual RequiredThreatCue
PASS: living retry closure frees actual l2_slit_root
PASS: living retry closure frees actual RootAttack
PASS: living retry closure frees actual ThreatCue
PASS: living retry closure frees actual l2_slit_stalker
PASS: living retry closure frees actual RequiredThreatCue
PASS: living retry closure frees actual LivingForestContactCue
Loading resource: res://scenes/acts/act3/a3_l2_living_forest.tscn remapped: res://scenes/acts/act3/a3_l2_living_forest.tscn
Completed load for: 'res://scenes/acts/act3/a3_l2_living_forest.tscn' remapped 'res://scenes/acts/act3/a3_l2_living_forest.tscn' at thread -1
PASS: TEST ONLY seed captures actual authored full runtime, not historical Living Forest preview
PASS: TEST ONLY initial HP/zeroammo seed uses validated quiet public actor restore
PASS: TEST ONLY eleven-predecessor prefix/actual initial A3 unit writes through public attempts/store:   
PASS: seed retains unchanged initial full A3 world/presentation with no entered source or executed action
PASS: seed preview actor/level retire before production installation
TEST ONLY prefix/resource seed: ["A1-L1", "A1-L2", "A1-L3", "A1-L4", "A1-L5", "A2-L1", "A2-L2", "A2-L3", "A2-L4", "A2-L5", "A3-L1"]; HP=0.1; initial shells=0; not predecessor gameplay or A3 clear evidence
PASS: production registry configures only isolated PID user paths
Loading resource: res://scenes/acts/act1/a1_l1.tscn remapped: res://scenes/acts/act1/a1_l1.tscn
Loading resource: res://assets/acts/act1/launch/quiet_floor.png remapped: res://assets/acts/act1/launch/quiet_floor.png
Loading resource: res://.godot/imported/quiet_floor.png-0d5ba5ae403bf427577865af7ea91238.ctex remapped: res://.godot/imported/quiet_floor.png-0d5ba5ae403bf427577865af7ea91238.ctex
Completed load for: 'res://assets/acts/act1/launch/quiet_floor.png' remapped 'res://assets/acts/act1/launch/quiet_floor.png' at thread -1
Completed load for: 'res://scenes/acts/act1/a1_l1.tscn' remapped 'res://scenes/acts/act1/a1_l1.tscn' at thread -1
Loading resource: res://scenes/acts/act3/a3_l2_living_forest.tscn remapped: res://scenes/acts/act3/a3_l2_living_forest.tscn
Completed load for: 'res://scenes/acts/act3/a3_l2_living_forest.tscn' remapped 'res://scenes/acts/act3/a3_l2_living_forest.tscn' at thread -1
Loading resource: res://scenes/acts/act3/a3_l2_living_forest.tscn remapped: res://scenes/acts/act3/a3_l2_living_forest.tscn
Completed load for: 'res://scenes/acts/act3/a3_l2_living_forest.tscn' remapped 'res://scenes/acts/act3/a3_l2_living_forest.tscn' at thread -1
Loading resource: res://scenes/acts/act3/a3_l2_living_forest.tscn remapped: res://scenes/acts/act3/a3_l2_living_forest.tscn
Completed load for: 'res://scenes/acts/act3/a3_l2_living_forest.tscn' remapped 'res://scenes/acts/act3/a3_l2_living_forest.tscn' at thread -1
Loading resource: res://scenes/acts/act3/a3_l2_living_forest.tscn remapped: res://scenes/acts/act3/a3_l2_living_forest.tscn
Completed load for: 'res://scenes/acts/act3/a3_l2_living_forest.tscn' remapped 'res://scenes/acts/act3/a3_l2_living_forest.tscn' at thread -1
Loading resource: res://scenes/acts/act3/a3_l2_living_forest.tscn remapped: res://scenes/acts/act3/a3_l2_living_forest.tscn
Completed load for: 'res://scenes/acts/act3/a3_l2_living_forest.tscn' remapped 'res://scenes/acts/act3/a3_l2_living_forest.tscn' at thread -1
Loading resource: res://scenes/acts/act3/a3_l2_living_forest.tscn remapped: res://scenes/acts/act3/a3_l2_living_forest.tscn
Completed load for: 'res://scenes/acts/act3/a3_l2_living_forest.tscn' remapped 'res://scenes/acts/act3/a3_l2_living_forest.tscn' at thread -1
Loading resource: res://scenes/acts/act3/a3_l2_living_forest.tscn remapped: res://scenes/acts/act3/a3_l2_living_forest.tscn
Completed load for: 'res://scenes/acts/act3/a3_l2_living_forest.tscn' remapped 'res://scenes/acts/act3/a3_l2_living_forest.tscn' at thread -1
PASS: real production Title has no duplicate live world for fatal branch initial TEST ONLY HP0.1/zeroammo: 
Loading resource: res://scenes/acts/act3/a3_l2_living_forest.tscn remapped: res://scenes/acts/act3/a3_l2_living_forest.tscn
Completed load for: 'res://scenes/acts/act3/a3_l2_living_forest.tscn' remapped 'res://scenes/acts/act3/a3_l2_living_forest.tscn' at thread -1
Loading resource: res://scenes/acts/act3/a3_l2_living_forest.tscn remapped: res://scenes/acts/act3/a3_l2_living_forest.tscn
Completed load for: 'res://scenes/acts/act3/a3_l2_living_forest.tscn' remapped 'res://scenes/acts/act3/a3_l2_living_forest.tscn' at thread -1
Loading resource: res://scenes/acts/act3/a3_l2_living_forest.tscn remapped: res://scenes/acts/act3/a3_l2_living_forest.tscn
Completed load for: 'res://scenes/acts/act3/a3_l2_living_forest.tscn' remapped 'res://scenes/acts/act3/a3_l2_living_forest.tscn' at thread -1
Loading resource: res://scenes/acts/act3/a3_l2_living_forest.tscn remapped: res://scenes/acts/act3/a3_l2_living_forest.tscn
Completed load for: 'res://scenes/acts/act3/a3_l2_living_forest.tscn' remapped 'res://scenes/acts/act3/a3_l2_living_forest.tscn' at thread -1
PASS: actual production A3 installation waits paused at Resume: 
PASS: exact production Forest owns the shared actor/effects and all nine typed authored sources
PASS: actual retained typed source has canonical binding: l2-threshold-stalker
PASS: actual retained typed source has canonical binding: l2-promise-root
PASS: actual retained typed source has canonical binding: l2-trunk-root
PASS: actual retained typed source has canonical binding: l2-priority-root
PASS: actual retained typed source has canonical binding: l2-priority-stalker
PASS: actual retained typed source has canonical binding: l2-watched-root
PASS: actual retained typed source has canonical binding: l2-watched-stalker
PASS: actual retained typed source has canonical binding: l2-slit-root
PASS: actual retained typed source has canonical binding: l2-slit-stalker
PASS: Forest binds four actual bodies/five actual mechanism children and native270x585 world to one shared scheduler
PASS: fatal branch starts from quiet public initial lowHP/zeroammo seed
PASS: fatal branch living entry exposes actual paused GUI Resume
PASS: fatal branch living entry GUI press/release is consumed before input/action/resource/pose/clock/anchor changes
PASS: actual viewport touch/drag/release starts one public physical dash and records exact release anchor
PASS: actual viewport touch/drag/release starts one public physical dash and records exact release anchor
Loading resource: res://scenes/acts/act3/a3_l2_living_forest.tscn remapped: res://scenes/acts/act3/a3_l2_living_forest.tscn
Completed load for: 'res://scenes/acts/act3/a3_l2_living_forest.tscn' remapped 'res://scenes/acts/act3/a3_l2_living_forest.tscn' at thread -1
Loading resource: res://scenes/acts/act3/a3_l2_living_forest.tscn remapped: res://scenes/acts/act3/a3_l2_living_forest.tscn
Completed load for: 'res://scenes/acts/act3/a3_l2_living_forest.tscn' remapped 'res://scenes/acts/act3/a3_l2_living_forest.tscn' at thread -1
Loading resource: res://scenes/acts/act3/a3_l2_living_forest.tscn remapped: res://scenes/acts/act3/a3_l2_living_forest.tscn
Completed load for: 'res://scenes/acts/act3/a3_l2_living_forest.tscn' remapped 'res://scenes/acts/act3/a3_l2_living_forest.tscn' at thread -1
Loading resource: res://scenes/acts/act3/a3_l2_living_forest.tscn remapped: res://scenes/acts/act3/a3_l2_living_forest.tscn
Completed load for: 'res://scenes/acts/act3/a3_l2_living_forest.tscn' remapped 'res://scenes/acts/act3/a3_l2_living_forest.tscn' at thread -1
Loading resource: res://scenes/acts/act3/a3_l2_living_forest.tscn remapped: res://scenes/acts/act3/a3_l2_living_forest.tscn
Completed load for: 'res://scenes/acts/act3/a3_l2_living_forest.tscn' remapped 'res://scenes/acts/act3/a3_l2_living_forest.tscn' at thread -1
Loading resource: res://scenes/acts/act3/a3_l2_living_forest.tscn remapped: res://scenes/acts/act3/a3_l2_living_forest.tscn
Completed load for: 'res://scenes/acts/act3/a3_l2_living_forest.tscn' remapped 'res://scenes/acts/act3/a3_l2_living_forest.tscn' at thread -1
Loading resource: res://scenes/acts/act3/a3_l2_living_forest.tscn remapped: res://scenes/acts/act3/a3_l2_living_forest.tscn
Completed load for: 'res://scenes/acts/act3/a3_l2_living_forest.tscn' remapped 'res://scenes/acts/act3/a3_l2_living_forest.tscn' at thread -1
Loading resource: res://scenes/acts/act3/a3_l2_living_forest.tscn remapped: res://scenes/acts/act3/a3_l2_living_forest.tscn
Completed load for: 'res://scenes/acts/act3/a3_l2_living_forest.tscn' remapped 'res://scenes/acts/act3/a3_l2_living_forest.tscn' at thread -1
Loading resource: res://scenes/acts/act3/a3_l2_living_forest.tscn remapped: res://scenes/acts/act3/a3_l2_living_forest.tscn
Completed load for: 'res://scenes/acts/act3/a3_l2_living_forest.tscn' remapped 'res://scenes/acts/act3/a3_l2_living_forest.tscn' at thread -1
PASS: real forward entry requests its checkpoint inside the still-unpaused full native tick
Loading resource: res://scenes/acts/act3/a3_l2_living_forest.tscn remapped: res://scenes/acts/act3/a3_l2_living_forest.tscn
Completed load for: 'res://scenes/acts/act3/a3_l2_living_forest.tscn' remapped 'res://scenes/acts/act3/a3_l2_living_forest.tscn' at thread -1
Loading resource: res://scenes/acts/act3/a3_l2_living_forest.tscn remapped: res://scenes/acts/act3/a3_l2_living_forest.tscn
Completed load for: 'res://scenes/acts/act3/a3_l2_living_forest.tscn' remapped 'res://scenes/acts/act3/a3_l2_living_forest.tscn' at thread -1
Loading resource: res://scenes/acts/act3/a3_l2_living_forest.tscn remapped: res://scenes/acts/act3/a3_l2_living_forest.tscn
Completed load for: 'res://scenes/acts/act3/a3_l2_living_forest.tscn' remapped 'res://scenes/acts/act3/a3_l2_living_forest.tscn' at thread -1
Loading resource: res://scenes/acts/act3/a3_l2_living_forest.tscn remapped: res://scenes/acts/act3/a3_l2_living_forest.tscn
Completed load for: 'res://scenes/acts/act3/a3_l2_living_forest.tscn' remapped 'res://scenes/acts/act3/a3_l2_living_forest.tscn' at thread -1
Loading resource: res://scenes/acts/act3/a3_l2_living_forest.tscn remapped: res://scenes/acts/act3/a3_l2_living_forest.tscn
Completed load for: 'res://scenes/acts/act3/a3_l2_living_forest.tscn' remapped 'res://scenes/acts/act3/a3_l2_living_forest.tscn' at thread -1
Loading resource: res://scenes/acts/act3/a3_l2_living_forest.tscn remapped: res://scenes/acts/act3/a3_l2_living_forest.tscn
Completed load for: 'res://scenes/acts/act3/a3_l2_living_forest.tscn' remapped 'res://scenes/acts/act3/a3_l2_living_forest.tscn' at thread -1
Loading resource: res://scenes/acts/act3/a3_l2_living_forest.tscn remapped: res://scenes/acts/act3/a3_l2_living_forest.tscn
Completed load for: 'res://scenes/acts/act3/a3_l2_living_forest.tscn' remapped 'res://scenes/acts/act3/a3_l2_living_forest.tscn' at thread -1
Loading resource: res://scenes/acts/act3/a3_l2_living_forest.tscn remapped: res://scenes/acts/act3/a3_l2_living_forest.tscn
Completed load for: 'res://scenes/acts/act3/a3_l2_living_forest.tscn' remapped 'res://scenes/acts/act3/a3_l2_living_forest.tscn' at thread -1
Loading resource: res://scenes/acts/act3/a3_l2_living_forest.tscn remapped: res://scenes/acts/act3/a3_l2_living_forest.tscn
Completed load for: 'res://scenes/acts/act3/a3_l2_living_forest.tscn' remapped 'res://scenes/acts/act3/a3_l2_living_forest.tscn' at thread -1
PASS: protected first entry retains its true unfinished dash, living lowHP and exact paired source state
PASS: actual first-entry checkpoint exposes actual paused GUI Resume
PASS: actual first-entry checkpoint GUI press/release is consumed before input/action/resource/pose/clock/anchor changes
Loading resource: res://scenes/acts/act3/a3_l2_living_forest.tscn remapped: res://scenes/acts/act3/a3_l2_living_forest.tscn
Completed load for: 'res://scenes/acts/act3/a3_l2_living_forest.tscn' remapped 'res://scenes/acts/act3/a3_l2_living_forest.tscn' at thread -1
Loading resource: res://scenes/acts/act3/a3_l2_living_forest.tscn remapped: res://scenes/acts/act3/a3_l2_living_forest.tscn
Completed load for: 'res://scenes/acts/act3/a3_l2_living_forest.tscn' remapped 'res://scenes/acts/act3/a3_l2_living_forest.tscn' at thread -1
Loading resource: res://scenes/acts/act3/a3_l2_living_forest.tscn remapped: res://scenes/acts/act3/a3_l2_living_forest.tscn
Completed load for: 'res://scenes/acts/act3/a3_l2_living_forest.tscn' remapped 'res://scenes/acts/act3/a3_l2_living_forest.tscn' at thread -1
Loading resource: res://scenes/acts/act3/a3_l2_living_forest.tscn remapped: res://scenes/acts/act3/a3_l2_living_forest.tscn
Completed load for: 'res://scenes/acts/act3/a3_l2_living_forest.tscn' remapped 'res://scenes/acts/act3/a3_l2_living_forest.tscn' at thread -1
Loading resource: res://scenes/acts/act3/a3_l2_living_forest.tscn remapped: res://scenes/acts/act3/a3_l2_living_forest.tscn
Completed load for: 'res://scenes/acts/act3/a3_l2_living_forest.tscn' remapped 'res://scenes/acts/act3/a3_l2_living_forest.tscn' at thread -1
Loading resource: res://scenes/acts/act3/a3_l2_living_forest.tscn remapped: res://scenes/acts/act3/a3_l2_living_forest.tscn
Completed load for: 'res://scenes/acts/act3/a3_l2_living_forest.tscn' remapped 'res://scenes/acts/act3/a3_l2_living_forest.tscn' at thread -1
Loading resource: res://scenes/acts/act3/a3_l2_living_forest.tscn remapped: res://scenes/acts/act3/a3_l2_living_forest.tscn
Completed load for: 'res://scenes/acts/act3/a3_l2_living_forest.tscn' remapped 'res://scenes/acts/act3/a3_l2_living_forest.tscn' at thread -1
Loading resource: res://scenes/acts/act3/a3_l2_living_forest.tscn remapped: res://scenes/acts/act3/a3_l2_living_forest.tscn
Completed load for: 'res://scenes/acts/act3/a3_l2_living_forest.tscn' remapped 'res://scenes/acts/act3/a3_l2_living_forest.tscn' at thread -1
Loading resource: res://scenes/acts/act3/a3_l2_living_forest.tscn remapped: res://scenes/acts/act3/a3_l2_living_forest.tscn
Completed load for: 'res://scenes/acts/act3/a3_l2_living_forest.tscn' remapped 'res://scenes/acts/act3/a3_l2_living_forest.tscn' at thread -1
PASS: bounded stationary wait receives actual admitted first Stalker contact/death, without forced HP/phase/damage: [{ "source_id": "l2-threshold-stalker", "result": { "stable_id": "l2-threshold-stalker", "cycle": 1, "opportunity_consumed": true, "accepted": true, "hp_damage": 0.1, "raw_damage": 12.0, "impulse": (0.0, 0.0, 0.0), "source_from": (0.66269, -0.004161, 37.12613), "source_to": (0.668151, -0.004161, 37.32605), "active_from_s": 3.44999999999999, "active_until_s": 3.46666666666666 }, "paused": false }]
PASS: real fatal callback settles and saves a coherent paused dead actor/source/local unit: 
PASS: fatal branch consumes real enemy contact without a player attack, source death or replayed hit
ERROR: FAIL: fatal format2 save retains its real earlier living checkpoint and no manufactured completion
   at: push_error (core/variant/variant_utility.cpp:1023)
   GDScript backtrace (most recent call first):
       [0] _expect (res://tests/act3_l2_registration_smoke.gd:715)
       [1] _fatal_case (res://tests/act3_l2_registration_smoke.gd:293)
       [2] _settle (res://tests/act3_l2_registration_smoke.gd:681)
FIRST FAILURE PUBLIC CONTEXT: { "paused": true, "campaign_error": "", "level": { "api_revision": "act3-living-forest-level-1", "configuration_error": "", "entered": ["vast-trunks"], "cleared": [], "cleared_prefix": 0, "entries": [{ "id": "vast-trunks", "clock_s": 0.61666666666667, "hero_position": [0.0, -0.00484376167879, 37.7999992370605] }], "deaths": {  }, "watched_preview": {  }, "beat": 1, "sun_state": 0, "sun_elapsed_s": 3.46666666666666, "sun_stage": "stable", "exit_state": "clear", "contact": {  }, "completed": false, "checkpoint": { "id": "forest-threshold-entry", "kind": "encounter" }, "clock_s": 3.46666666666666, "source_states": { "l2-threshold-stalker": { "stable_id": "l2-threshold-stalker", "hp": 36.0, "max_hp": 36.0, "dead": false, "phase": "active", "reservation_id": "threat-1", "cycle": 1, "position": (0.668151, -0.004161, 37.32605), "velocity": (0.327672, 0.0, 11.99553), "facing": (0.027306, 0.0, 0.999627), "clock_s": 3.46666666666666, "cooldown_until_s": 7.03333333333333, "retry_at_s": 2.23333333333333, "hit_consumed": true, "raw_role": { "id": "A3-E1", "raw_damage": 12.0, "max_hp": 36.0, "windup_s": 1.35, "lock_s": 0.45, "active_s": 0.3, "recovery_s": 2.0, "attack_interval_s": 3.7, "move_speed": 2.8, "provisional_unplaytested": true }, "resolved_role": { "active_s": 0.3, "attack_interval_s": 3.7, "damage": 12.0, "difficulty_profile": "standard", "difficulty_schema": 1, "id": "A3-E1", "lock_s": 0.45, "max_hp": 36.0, "move_speed": 2.8, "provisional_unplaytested": true, "raw_damage": 12.0, "raw_role": { "active_s": 0.3, "attack_interval_s": 3.7, "id": "A3-E1", "lock_s": 0.45, "max_hp": 36.0, "move_speed": 2.8, "provisional_unplaytested": true, "raw_damage": 12.0, "recovery_s": 2.0, "windup_s": 1.35 }, "recovery_s": 2.0, "tuning_status": "provisional_unplaytested", "windup_s": 1.35 }, "proof": { "accepted": true, "path": [{ "from": (0.0, -0.004844, 37.6), "to": (0.0, -0.004844, 37.6), "start_s": 1.98333333333333, "end_s": 2.23333333333333, "kind": "recognition_and_ready" }, { "from": (0.0, -0.004844, 37.6), "to": (2.56144, -0.004844, 38.45383), "start_s": 2.23333333333333, "end_s": 2.41333333333333, "kind": "escape_dash" }, { "from": (2.56144, -0.004844, 38.45383), "to": (2.56144, -0.004844, 38.45383), "start_s": 2.41333333333333, "end_s": 3.69433333333333, "kind": "recovery_wait" }, { "from": (2.56144, -0.004844, 38.45383), "to": (2.56144, -0.004844, 38.45383), "start_s": 3.69433333333333, "end_s": 3.99433333333333, "kind": "ordinary_primary" }], "landing": (2.56144, -0.004844, 38.45383), "attack_position": (2.56144, -0.004844, 38.45383), "primary_time_s": 3.69433333333333, "response_complete_s": 3.99433333333333, "uses_blast": false, "uses_invulnerability": false, "proof_scope": "static_box_floor_full_dash_stationary_primary" }, "sun_visual": 0, "effective_sun": 0, "commit": { "sun_choice": 0, "source_position": (0.624462, -0.004161, 35.72665), "hero_position": (0.0, -0.004844, 37.6), "facing": (0.027306, 0.0, 0.999627) }, "framing": { "landing": (2.56144, -0.004844, 38.45383), "attack_position": (2.56144, -0.004844, 38.45383) }, "framing_error": "", "last_rejection": "", "last_cancel_reason": "" }, "l2-promise-root": { "api_revision": "act3-root-latcher-2", "stable_id": "l2-promise-root", "source_id": "l2-promise-root/attack", "native_crescent": true, "position": (0.0, 0.0, 22.0), "clock_s": 3.46666666666666, "hp": 20.0, "max_hp": 20.0, "dead": false, "phase": "clear", "knot_open": false, "resolved_role": { "active_s": 0.2, "attack_interval_s": 4.0, "damage": 10.0, "difficulty_profile": "standard", "difficulty_schema": 1, "lock_s": 1.1, "max_hp": 20.0, "move_speed": 0.0, "raw_damage": 10.0, "raw_role": { "active_s": 0.2, "attack_interval_s": 4.0, "lock_s": 1.1, "max_hp": 20.0, "move_speed": 0.0, "raw_damage": 10.0, "recovery_s": 1.8, "windup_s": 2.2 }, "recovery_s": 1.8, "tuning_status": "provisional_unplaytested", "windup_s": 2.2 }, "mechanism": { "api_revision": "lane-mechanism-1", "mechanism_id": "l2-promise-root/attack", "status": "idle", "phase": "clear", "remaining_s": 0.0, "cycle": 0, "reservation_id": "", "geometry": { "kind": "crescent", "origin": (0.0, 0.0, 22.0), "direction": (0.0, 0.0, 1.0), "inner_radius": 0.55, "outer_radius": 2.0, "min_dot": 0.5 }, "source_position": (0.0, 0.0, 22.0), "opening_position": (0.0, 0.0, 22.0), "resolved_role": {  }, "hit_ids": [], "last_cancel_reason": "" }, "geometry": { "kind": "crescent", "origin": (0.0, 0.0, 22.0), "direction": (0.0, 0.0, 1.0), "inner_radius": 0.55, "outer_radius": 2.0, "min_dot": 0.5 }, "framing": {  }, "retry_at_s": 0.0, "framing_error": "", "last_rejection": "", "proof": {  } }, "l2-trunk-root": { "api_revision": "act3-root-latcher-2", "stable_id": "l2-trunk-root", "source_id": "l2-trunk-root/attack", "native_crescent": true, "position": (1.1, 0.0, 8.0), "clock_s": 3.46666666666666, "hp": 20.0, "max_hp": 20.0, "dead": false, "phase": "clear", "knot_open": false, "resolved_role": { "active_s": 0.2, "attack_interval_s": 4.0, "damage": 10.0, "difficulty_profile": "standard", "difficulty_schema": 1, "lock_s": 1.1, "max_hp": 20.0, "move_speed": 0.0, "raw_damage": 10.0, "raw_role": { "active_s": 0.2, "attack_interval_s": 4.0, "lock_s": 1.1, "max_hp": 20.0, "move_speed": 0.0, "raw_damage": 10.0, "recovery_s": 1.8, "windup_s": 2.2 }, "recovery_s": 1.8, "tuning_status": "provisional_unplaytested", "windup_s": 2.2 }, "mechanism": { "api_revision": "lane-mechanism-1", "mechanism_id": "l2-trunk-root/attack", "status": "idle", "phase": "clear", "remaining_s": 0.0, "cycle": 0, "reservation_id": "", "geometry": { "kind": "crescent", "origin": (1.1, 0.0, 8.0), "direction": (0.0, 0.0, 1.0), "inner_radius": 0.55, "outer_radius": 2.0, "min_dot": 0.5 }, "source_position": (1.1, 0.0, 8.0), "opening_position": (1.1, 0.0, 8.0), "resolved_role": {  }, "hit_ids": [], "last_cancel_reason": "" }, "geometry": { "kind": "crescent", "origin": (1.1, 0.0, 8.0), "direction": (0.0, 0.0, 1.0), "inner_radius": 0.55, "outer_radius": 2.0, "min_dot": 0.5 }, "framing": {  }, "retry_at_s": 0.0, "framing_error": "", "last_rejection": "", "proof": {  } }, "l2-priority-root": { "api_revision": "act3-root-latcher-2", "stable_id": "l2-priority-root", "source_id": "l2-priority-root/attack", "native_crescent": true, "position": (1.2, 0.0, -4.5), "clock_s": 3.46666666666666, "hp": 20.0, "max_hp": 20.0, "dead": false, "phase": "clear", "knot_open": false, "resolved_role": { "active_s": 0.2, "attack_interval_s": 4.0, "damage": 10.0, "difficulty_profile": "standard", "difficulty_schema": 1, "lock_s": 1.1, "max_hp": 20.0, "move_speed": 0.0, "raw_damage": 10.0, "raw_role": { "active_s": 0.2, "attack_interval_s": 4.0, "lock_s": 1.1, "max_hp": 20.0, "move_speed": 0.0, "raw_damage": 10.0, "recovery_s": 1.8, "windup_s": 2.2 }, "recovery_s": 1.8, "tuning_status": "provisional_unplaytested", "windup_s": 2.2 }, "mechanism": { "api_revision": "lane-mechanism-1", "mechanism_id": "l2-priority-root/attack", "status": "idle", "phase": "clear", "remaining_s": 0.0, "cycle": 0, "reservation_id": "", "geometry": { "kind": "crescent", "origin": (1.2, 0.0, -4.5), "direction": (0.0, 0.0, 1.0), "inner_radius": 0.55, "outer_radius": 2.0, "min_dot": 0.5 }, "source_position": (1.2, 0.0, -4.5), "opening_position": (1.2, 0.0, -4.5), "resolved_role": {  }, "hit_ids": [], "last_cancel_reason": "" }, "geometry": { "kind": "crescent", "origin": (1.2, 0.0, -4.5), "direction": (0.0, 0.0, 1.0), "inner_radius": 0.55, "outer_radius": 2.0, "min_dot": 0.5 }, "framing": {  }, "retry_at_s": 0.0, "framing_error": "", "last_rejection": "", "proof": {  } }, "l2-priority-stalker": { "stable_id": "l2-priority-stalker", "hp": 36.0, "max_hp": 36.0, "dead": false, "phase": "idle", "reservation_id": "", "cycle": 0, "position": (-1.3, 0.1, -4.0), "velocity": (0.0, 0.0, 0.0), "facing": (0.0, 0.0, 1.0), "clock_s": 3.46666666666666, "cooldown_until_s": 0.0, "retry_at_s": 0.0, "hit_consumed": false, "raw_role": { "id": "A3-E1", "raw_damage": 12.0, "max_hp": 36.0, "windup_s": 1.35, "lock_s": 0.45, "active_s": 0.3, "recovery_s": 2.0, "attack_interval_s": 3.7, "move_speed": 2.8, "provisional_unplaytested": true }, "resolved_role": { "active_s": 0.3, "attack_interval_s": 3.7, "damage": 12.0, "difficulty_profile": "standard", "difficulty_schema": 1, "id": "A3-E1", "lock_s": 0.45, "max_hp": 36.0, "move_speed": 2.8, "provisional_unplaytested": true, "raw_damage": 12.0, "raw_role": { "active_s": 0.3, "attack_interval_s": 3.7, "id": "A3-E1", "lock_s": 0.45, "max_hp": 36.0, "move_speed": 2.8, "provisional_unplaytested": true, "raw_damage": 12.0, "recovery_s": 2.0, "windup_s": 1.35 }, "recovery_s": 2.0, "tuning_status": "provisional_unplaytested", "windup_s": 1.35 }, "proof": {  }, "sun_visual": 0, "effective_sun": 0, "commit": {  }, "framing": {  }, "framing_error": "", "last_rejection": "", "last_cancel_reason": "" }, "l2-watched-root": { "api_revision": "act3-root-latcher-2", "stable_id": "l2-watched-root", "source_id": "l2-watched-root/attack", "native_crescent": true, "position": (-1.2, 0.0, -20.0), "clock_s": 3.46666666666666, "hp": 20.0, "max_hp": 20.0, "dead": false, "phase": "clear", "knot_open": false, "resolved_role": { "active_s": 0.2, "attack_interval_s": 4.0, "damage": 10.0, "difficulty_profile": "standard", "difficulty_schema": 1, "lock_s": 1.1, "max_hp": 20.0, "move_speed": 0.0, "raw_damage": 10.0, "raw_role": { "active_s": 0.2, "attack_interval_s": 4.0, "lock_s": 1.1, "max_hp": 20.0, "move_speed": 0.0, "raw_damage": 10.0, "recovery_s": 1.8, "windup_s": 2.2 }, "recovery_s": 1.8, "tuning_status": "provisional_unplaytested", "windup_s": 2.2 }, "mechanism": { "api_revision": "lane-mechanism-1", "mechanism_id": "l2-watched-root/attack", "status": "idle", "phase": "clear", "remaining_s": 0.0, "cycle": 0, "reservation_id": "", "geometry": { "kind": "crescent", "origin": (-1.2, 0.0, -20.0), "direction": (0.0, 0.0, 1.0), "inner_radius": 0.55, "outer_radius": 2.0, "min_dot": 0.5 }, "source_position": (-1.2, 0.0, -20.0), "opening_position": (-1.2, 0.0, -20.0), "resolved_role": {  }, "hit_ids": [], "last_cancel_reason": "" }, "geometry": { "kind": "crescent", "origin": (-1.2, 0.0, -20.0), "direction": (0.0, 0.0, 1.0), "inner_radius": 0.55, "outer_radius": 2.0, "min_dot": 0.5 }, "framing": {  }, "retry_at_s": 0.0, "framing_error": "", "last_rejection": "", "proof": {  } }, "l2-watched-stalker": { "stable_id": "l2-watched-stalker", "hp": 36.0, "max_hp": 36.0, "dead": false, "phase": "idle", "reservation_id": "", "cycle": 0, "position": (1.3, 0.1, -19.5), "velocity": (0.0, 0.0, 0.0), "facing": (0.0, 0.0, 1.0), "clock_s": 3.46666666666666, "cooldown_until_s": 0.0, "retry_at_s": 0.0, "hit_consumed": false, "raw_role": { "id": "A3-E1", "raw_damage": 12.0, "max_hp": 36.0, "windup_s": 1.35, "lock_s": 0.45, "active_s": 0.3, "recovery_s": 2.0, "attack_interval_s": 3.7, "move_speed": 2.8, "provisional_unplaytested": true }, "resolved_role": { "active_s": 0.3, "attack_interval_s": 3.7, "damage": 12.0, "difficulty_profile": "standard", "difficulty_schema": 1, "id": "A3-E1", "lock_s": 0.45, "max_hp": 36.0, "move_speed": 2.8, "provisional_unplaytested": true, "raw_damage": 12.0, "raw_role": { "active_s": 0.3, "attack_interval_s": 3.7, "id": "A3-E1", "lock_s": 0.45, "max_hp": 36.0, "move_speed": 2.8, "provisional_unplaytested": true, "raw_damage": 12.0, "recovery_s": 2.0, "windup_s": 1.35 }, "recovery_s": 2.0, "tuning_status": "provisional_unplaytested", "windup_s": 1.35 }, "proof": {  }, "sun_visual": 0, "effective_sun": 0, "commit": {  }, "framing": {  }, "framing_error": "", "last_rejection": "", "last_cancel_reason": "" }, "l2-slit-root": { "api_revision": "act3-root-latcher-2", "stable_id": "l2-slit-root", "source_id": "l2-slit-root/attack", "native_crescent": true, "position": (1.2, 0.0, -36.5), "clock_s": 3.46666666666666, "hp": 20.0, "max_hp": 20.0, "dead": false, "phase": "clear", "knot_open": false, "resolved_role": { "active_s": 0.2, "attack_interval_s": 4.0, "damage": 10.0, "difficulty_profile": "standard", "difficulty_schema": 1, "lock_s": 1.1, "max_hp": 20.0, "move_speed": 0.0, "raw_damage": 10.0, "raw_role": { "active_s": 0.2, "attack_interval_s": 4.0, "lock_s": 1.1, "max_hp": 20.0, "move_speed": 0.0, "raw_damage": 10.0, "recovery_s": 1.8, "windup_s": 2.2 }, "recovery_s": 1.8, "tuning_status": "provisional_unplaytested", "windup_s": 2.2 }, "mechanism": { "api_revision": "lane-mechanism-1", "mechanism_id": "l2-slit-root/attack", "status": "idle", "phase": "clear", "remaining_s": 0.0, "cycle": 0, "reservation_id": "", "geometry": { "kind": "crescent", "origin": (1.2, 0.0, -36.5), "direction": (0.0, 0.0, 1.0), "inner_radius": 0.55, "outer_radius": 2.0, "min_dot": 0.5 }, "source_position": (1.2, 0.0, -36.5), "opening_position": (1.2, 0.0, -36.5), "resolved_role": {  }, "hit_ids": [], "last_cancel_reason": "" }, "geometry": { "kind": "crescent", "origin": (1.2, 0.0, -36.5), "direction": (0.0, 0.0, 1.0), "inner_radius": 0.55, "outer_radius": 2.0, "min_dot": 0.5 }, "framing": {  }, "retry_at_s": 0.0, "framing_error": "", "last_rejection": "", "proof": {  } }, "l2-slit-stalker": { "stable_id": "l2-slit-stalker", "hp": 36.0, "max_hp": 36.0, "dead": false, "phase": "idle", "reservation_id": "", "cycle": 0, "position": (-1.3, 0.1, -36.0), "velocity": (0.0, 0.0, 0.0), "facing": (0.0, 0.0, 1.0), "clock_s": 3.46666666666666, "cooldown_until_s": 0.0, "retry_at_s": 0.0, "hit_consumed": false, "raw_role": { "id": "A3-E1", "raw_damage": 12.0, "max_hp": 36.0, "windup_s": 1.35, "lock_s": 0.45, "active_s": 0.3, "recovery_s": 2.0, "attack_interval_s": 3.7, "move_speed": 2.8, "provisional_unplaytested": true }, "resolved_role": { "active_s": 0.3, "attack_interval_s": 3.7, "damage": 12.0, "difficulty_profile": "standard", "difficulty_schema": 1, "id": "A3-E1", "lock_s": 0.45, "max_hp": 36.0, "move_speed": 2.8, "provisional_unplaytested": true, "raw_damage": 12.0, "raw_role": { "active_s": 0.3, "attack_interval_s": 3.7, "id": "A3-E1", "lock_s": 0.45, "max_hp": 36.0, "move_speed": 2.8, "provisional_unplaytested": true, "raw_damage": 12.0, "recovery_s": 2.0, "windup_s": 1.35 }, "recovery_s": 2.0, "tuning_status": "provisional_unplaytested", "windup_s": 1.35 }, "proof": {  }, "sun_visual": 0, "effective_sun": 0, "commit": {  }, "framing": {  }, "framing_error": "", "last_rejection": "", "last_cancel_reason": "" } } }, "contacts": [{ "source_id": "l2-threshold-stalker", "result": { "stable_id": "l2-threshold-stalker", "cycle": 1, "opportunity_consumed": true, "accepted": true, "hp_damage": 0.1, "raw_damage": 12.0, "impulse": (0.0, 0.0, 0.0), "source_from": (0.66269, -0.004161, 37.12613), "source_to": (0.668151, -0.004161, 37.32605), "active_from_s": 3.44999999999999, "active_until_s": 3.46666666666666 }, "paused": false }], "checkpoint_events": [{ "level_id": "A3-L2", "checkpoint_id": "forest-threshold-entry", "boundary": "encounter", "paused": false, "physics_frame": true }] }
PASS: fatal shell closure frees actual @Node3D@504
PASS: fatal shell closure frees actual LivingForest
PASS: fatal shell closure frees actual CinderPlayer
PASS: fatal shell closure frees actual @Node3D@506
PASS: fatal shell closure frees actual ForestFloor
PASS: fatal shell closure frees actual WestBoundary
PASS: fatal shell closure frees actual EastBoundary
PASS: fatal shell closure frees actual NorthBoundary
PASS: fatal shell closure frees actual SouthBoundary
PASS: fatal shell closure frees actual TwoApproachesBase
PASS: fatal shell closure frees actual CrossingBase
PASS: fatal shell closure frees actual LivingForestThreatScheduler
PASS: fatal shell closure frees actual l2_threshold_stalker
PASS: fatal shell closure frees actual RequiredThreatCue
PASS: fatal shell closure frees actual l2_promise_root
PASS: fatal shell closure frees actual RootAttack
PASS: fatal shell closure frees actual ThreatCue
PASS: fatal shell closure frees actual l2_trunk_root
PASS: fatal shell closure frees actual RootAttack
PASS: fatal shell closure frees actual ThreatCue
PASS: fatal shell closure frees actual l2_priority_root
PASS: fatal shell closure frees actual RootAttack
PASS: fatal shell closure frees actual ThreatCue
PASS: fatal shell closure frees actual l2_priority_stalker
PASS: fatal shell closure frees actual RequiredThreatCue
PASS: fatal shell closure frees actual l2_watched_root
PASS: fatal shell closure frees actual RootAttack
PASS: fatal shell closure frees actual ThreatCue
PASS: fatal shell closure frees actual l2_watched_stalker
PASS: fatal shell closure frees actual RequiredThreatCue
PASS: fatal shell closure frees actual l2_slit_root
PASS: fatal shell closure frees actual RootAttack
PASS: fatal shell closure frees actual ThreatCue
PASS: fatal shell closure frees actual l2_slit_stalker
PASS: fatal shell closure frees actual RequiredThreatCue
PASS: fatal shell closure frees actual LivingForestContactCue
PASS: production registry configures only isolated PID user paths
Loading resource: res://scenes/acts/act1/a1_l1.tscn remapped: res://scenes/acts/act1/a1_l1.tscn
Loading resource: res://assets/acts/act1/launch/quiet_floor.png remapped: res://assets/acts/act1/launch/quiet_floor.png
Loading resource: res://.godot/imported/quiet_floor.png-0d5ba5ae403bf427577865af7ea91238.ctex remapped: res://.godot/imported/quiet_floor.png-0d5ba5ae403bf427577865af7ea91238.ctex
Completed load for: 'res://assets/acts/act1/launch/quiet_floor.png' remapped 'res://assets/acts/act1/launch/quiet_floor.png' at thread -1
Completed load for: 'res://scenes/acts/act1/a1_l1.tscn' remapped 'res://scenes/acts/act1/a1_l1.tscn' at thread -1
Loading resource: res://scenes/acts/act3/a3_l2_living_forest.tscn remapped: res://scenes/acts/act3/a3_l2_living_forest.tscn
Completed load for: 'res://scenes/acts/act3/a3_l2_living_forest.tscn' remapped 'res://scenes/acts/act3/a3_l2_living_forest.tscn' at thread -1
Loading resource: res://scenes/acts/act3/a3_l2_living_forest.tscn remapped: res://scenes/acts/act3/a3_l2_living_forest.tscn
Completed load for: 'res://scenes/acts/act3/a3_l2_living_forest.tscn' remapped 'res://scenes/acts/act3/a3_l2_living_forest.tscn' at thread -1
Loading resource: res://scenes/acts/act3/a3_l2_living_forest.tscn remapped: res://scenes/acts/act3/a3_l2_living_forest.tscn
Completed load for: 'res://scenes/acts/act3/a3_l2_living_forest.tscn' remapped 'res://scenes/acts/act3/a3_l2_living_forest.tscn' at thread -1
Loading resource: res://scenes/acts/act3/a3_l2_living_forest.tscn remapped: res://scenes/acts/act3/a3_l2_living_forest.tscn
Completed load for: 'res://scenes/acts/act3/a3_l2_living_forest.tscn' remapped 'res://scenes/acts/act3/a3_l2_living_forest.tscn' at thread -1
Loading resource: res://scenes/acts/act3/a3_l2_living_forest.tscn remapped: res://scenes/acts/act3/a3_l2_living_forest.tscn
Completed load for: 'res://scenes/acts/act3/a3_l2_living_forest.tscn' remapped 'res://scenes/acts/act3/a3_l2_living_forest.tscn' at thread -1
Loading resource: res://scenes/acts/act3/a3_l2_living_forest.tscn remapped: res://scenes/acts/act3/a3_l2_living_forest.tscn
Completed load for: 'res://scenes/acts/act3/a3_l2_living_forest.tscn' remapped 'res://scenes/acts/act3/a3_l2_living_forest.tscn' at thread -1
Loading resource: res://scenes/acts/act3/a3_l2_living_forest.tscn remapped: res://scenes/acts/act3/a3_l2_living_forest.tscn
Completed load for: 'res://scenes/acts/act3/a3_l2_living_forest.tscn' remapped 'res://scenes/acts/act3/a3_l2_living_forest.tscn' at thread -1
PASS: real production Title has no duplicate live world for actual fatal saved unit: 
Loading resource: res://scenes/acts/act3/a3_l2_living_forest.tscn remapped: res://scenes/acts/act3/a3_l2_living_forest.tscn
Completed load for: 'res://scenes/acts/act3/a3_l2_living_forest.tscn' remapped 'res://scenes/acts/act3/a3_l2_living_forest.tscn' at thread -1
Loading resource: res://scenes/acts/act3/a3_l2_living_forest.tscn remapped: res://scenes/acts/act3/a3_l2_living_forest.tscn
Completed load for: 'res://scenes/acts/act3/a3_l2_living_forest.tscn' remapped 'res://scenes/acts/act3/a3_l2_living_forest.tscn' at thread -1
Loading resource: res://scenes/acts/act3/a3_l2_living_forest.tscn remapped: res://scenes/acts/act3/a3_l2_living_forest.tscn
Completed load for: 'res://scenes/acts/act3/a3_l2_living_forest.tscn' remapped 'res://scenes/acts/act3/a3_l2_living_forest.tscn' at thread -1
Loading resource: res://scenes/acts/act3/a3_l2_living_forest.tscn remapped: res://scenes/acts/act3/a3_l2_living_forest.tscn
Completed load for: 'res://scenes/acts/act3/a3_l2_living_forest.tscn' remapped 'res://scenes/acts/act3/a3_l2_living_forest.tscn' at thread -1
PASS: actual production A3 installation waits paused at Resume: 
PASS: exact production Forest owns the shared actor/effects and all nine typed authored sources
PASS: actual retained typed source has canonical binding: l2-threshold-stalker
PASS: actual retained typed source has canonical binding: l2-promise-root
PASS: actual retained typed source has canonical binding: l2-trunk-root
PASS: actual retained typed source has canonical binding: l2-priority-root
PASS: actual retained typed source has canonical binding: l2-priority-stalker
PASS: actual retained typed source has canonical binding: l2-watched-root
PASS: actual retained typed source has canonical binding: l2-watched-stalker
PASS: actual retained typed source has canonical binding: l2-slit-root
PASS: actual retained typed source has canonical binding: l2-slit-stalker
PASS: Forest binds four actual bodies/five actual mechanism children and native270x585 world to one shared scheduler
ERROR: FAIL: fresh actual GUI Continue restores exact actual fatal saved unit without gameplay callbacks: []
   at: push_error (core/variant/variant_utility.cpp:1023)
   GDScript backtrace (most recent call first):
       [0] _expect (res://tests/act3_l2_registration_smoke.gd:715)
       [1] _fresh_continue (res://tests/act3_l2_registration_smoke.gd:393)
       [2] _click (res://tests/act3_l2_registration_smoke.gd:604)
       [3] _settle (res://tests/act3_l2_registration_smoke.gd:681)
PASS: every selected scope leaves canonical registry bytes unchanged
PASS: selected scope retires all actual source/cue group members
Production Act3 L2 registration: 265 checks, 2 failures; expected_commit=bd6b3cde9321213a2717e998c5ce2dff58ca2dd3; TEST ONLY eleven-predecessor/initial-resource seeds; actual production GUI/format2/routed dash/fatal Continue/Retry; no route-clear or native-human claim
