Waiting for the shared Godot session to close…
WorkerThreadPool: 8 threads, 2 max low-priority.
Godot Engine v4.7.2.stable.official.ed1daf0bf - https://godotengine.org
TextServer: Added interface "Dummy"
TextServer: Added interface "ICU / HarfBuzz / Graphite (Built-in)"
SDL: Init OK!
Using "default" pen tablet driver...

TextServer: Primary interface set to: "ICU / HarfBuzz / Graphite (Built-in)".
CORE API HASH: 2004498165
EDITOR API HASH: 1696660745
Loading resource: res://tests/act3_l2_registration_smoke.gd remapped: res://tests/act3_l2_registration_smoke.gd
Loading resource: res://scenes/main.tscn remapped: res://scenes/main.tscn
Loading resource: res://scripts/game.gd remapped: res://scripts/game.gd
Loading resource: res://scenes/player.tscn remapped: res://scenes/player.tscn
Loading resource: res://scripts/player.gd remapped: res://scripts/player.gd
Completed load for: 'res://scripts/player.gd' remapped 'res://scripts/player.gd' at thread -1
Completed load for: 'res://scenes/player.tscn' remapped 'res://scenes/player.tscn' at thread -1
Loading resource: res://scenes/practice_target.tscn remapped: res://scenes/practice_target.tscn
Loading resource: res://scripts/practice_target.gd remapped: res://scripts/practice_target.gd
Completed load for: 'res://scripts/practice_target.gd' remapped 'res://scripts/practice_target.gd' at thread -1
Completed load for: 'res://scenes/practice_target.tscn' remapped 'res://scenes/practice_target.tscn' at thread -1
Loading resource: res://scenes/lab_arena.tscn remapped: res://scenes/lab_arena.tscn
Completed load for: 'res://scenes/lab_arena.tscn' remapped 'res://scenes/lab_arena.tscn' at thread -1
Completed load for: 'res://scripts/game.gd' remapped 'res://scripts/game.gd' at thread -1
Completed load for: 'res://scenes/main.tscn' remapped 'res://scenes/main.tscn' at thread -1
Completed load for: 'res://tests/act3_l2_registration_smoke.gd' remapped 'res://tests/act3_l2_registration_smoke.gd' at thread -1
SceneTreeFTI: traversal method DEFAULT
Loaded system CA certificates
PASS: registration selectors are explicit and bounded: 
PASS: fixture asserts exact accepted HANDOFF provenance (optional --expected-commit=<40hex>)
Loading resource: res://scenes/acts/act3/a3_l2_living_forest.tscn remapped: res://scenes/acts/act3/a3_l2_living_forest.tscn
Loading resource: res://scripts/acts/act3/living_forest_level.gd remapped: res://scripts/acts/act3/living_forest_level.gd
Loading resource: res://assets/acts/act3/forest-leaf-floor.gdshader remapped: res://assets/acts/act3/forest-leaf-floor.gdshader
Completed load for: 'res://assets/acts/act3/forest-leaf-floor.gdshader' remapped 'res://assets/acts/act3/forest-leaf-floor.gdshader' at thread -1
Loading resource: res://assets/acts/act3/forest-bark-albedo-v1.png remapped: res://assets/acts/act3/forest-bark-albedo-v1.png
Loading resource: res://.godot/imported/forest-bark-albedo-v1.png-9b8e477af83da2a22407ac379e5b7c65.ctex remapped: res://.godot/imported/forest-bark-albedo-v1.png-9b8e477af83da2a22407ac379e5b7c65.ctex
Completed load for: 'res://assets/acts/act3/forest-bark-albedo-v1.png' remapped 'res://assets/acts/act3/forest-bark-albedo-v1.png' at thread -1
Loading resource: res://assets/acts/act3/dreamsinter-observer.png remapped: res://assets/acts/act3/dreamsinter-observer.png
Loading resource: res://.godot/imported/dreamsinter-observer.png-cc13d28fed3b683a6bcd55ae458ffc0e.ctex remapped: res://.godot/imported/dreamsinter-observer.png-cc13d28fed3b683a6bcd55ae458ffc0e.ctex
Completed load for: 'res://assets/acts/act3/dreamsinter-observer.png' remapped 'res://assets/acts/act3/dreamsinter-observer.png' at thread -1
Loading resource: res://assets/acts/act3/sunbound-stalker-branchspell.png remapped: res://assets/acts/act3/sunbound-stalker-branchspell.png
Loading resource: res://.godot/imported/sunbound-stalker-branchspell.png-75158e419bff8c7c42b44ef5f2278d93.ctex remapped: res://.godot/imported/sunbound-stalker-branchspell.png-75158e419bff8c7c42b44ef5f2278d93.ctex
Completed load for: 'res://assets/acts/act3/sunbound-stalker-branchspell.png' remapped 'res://assets/acts/act3/sunbound-stalker-branchspell.png' at thread -1
Loading resource: res://assets/acts/act3/sunbound-stalker-recovery.png remapped: res://assets/acts/act3/sunbound-stalker-recovery.png
Loading resource: res://.godot/imported/sunbound-stalker-recovery.png-d85b0669f9b230455b486cee596f480c.ctex remapped: res://.godot/imported/sunbound-stalker-recovery.png-d85b0669f9b230455b486cee596f480c.ctex
Completed load for: 'res://assets/acts/act3/sunbound-stalker-recovery.png' remapped 'res://assets/acts/act3/sunbound-stalker-recovery.png' at thread -1
Loading resource: res://assets/acts/act3/sunbound-stalker-alppain-readable.png remapped: res://assets/acts/act3/sunbound-stalker-alppain-readable.png
Loading resource: res://.godot/imported/sunbound-stalker-alppain-readable.png-8c8a6f963bd863c49f8fa56b9517f485.ctex remapped: res://.godot/imported/sunbound-stalker-alppain-readable.png-8c8a6f963bd863c49f8fa56b9517f485.ctex
Completed load for: 'res://assets/acts/act3/sunbound-stalker-alppain-readable.png' remapped 'res://assets/acts/act3/sunbound-stalker-alppain-readable.png' at thread -1
Loading resource: res://assets/acts/act3/sunbound-stalker-alppain-recovery.png remapped: res://assets/acts/act3/sunbound-stalker-alppain-recovery.png
Loading resource: res://.godot/imported/sunbound-stalker-alppain-recovery.png-1955175a04e7c515aded6d9787967b8c.ctex remapped: res://.godot/imported/sunbound-stalker-alppain-recovery.png-1955175a04e7c515aded6d9787967b8c.ctex
Completed load for: 'res://assets/acts/act3/sunbound-stalker-alppain-recovery.png' remapped 'res://assets/acts/act3/sunbound-stalker-alppain-recovery.png' at thread -1
Loading resource: res://assets/acts/act3/sunbound-stalker-branchspell-back.png remapped: res://assets/acts/act3/sunbound-stalker-branchspell-back.png
Loading resource: res://.godot/imported/sunbound-stalker-branchspell-back.png-043744825361994dc417101099b85f74.ctex remapped: res://.godot/imported/sunbound-stalker-branchspell-back.png-043744825361994dc417101099b85f74.ctex
Completed load for: 'res://assets/acts/act3/sunbound-stalker-branchspell-back.png' remapped 'res://assets/acts/act3/sunbound-stalker-branchspell-back.png' at thread -1
Loading resource: res://assets/acts/act3/sunbound-stalker-recovery-back.png remapped: res://assets/acts/act3/sunbound-stalker-recovery-back.png
Loading resource: res://.godot/imported/sunbound-stalker-recovery-back.png-8f37c03add6562ed941d8c2237852f86.ctex remapped: res://.godot/imported/sunbound-stalker-recovery-back.png-8f37c03add6562ed941d8c2237852f86.ctex
Completed load for: 'res://assets/acts/act3/sunbound-stalker-recovery-back.png' remapped 'res://assets/acts/act3/sunbound-stalker-recovery-back.png' at thread -1
Loading resource: res://assets/acts/act3/sunbound-stalker-alppain-back.png remapped: res://assets/acts/act3/sunbound-stalker-alppain-back.png
Loading resource: res://.godot/imported/sunbound-stalker-alppain-back.png-3aa1cb3dfdbcde1fe9faf6ebd36f3a6e.ctex remapped: res://.godot/imported/sunbound-stalker-alppain-back.png-3aa1cb3dfdbcde1fe9faf6ebd36f3a6e.ctex
Completed load for: 'res://assets/acts/act3/sunbound-stalker-alppain-back.png' remapped 'res://assets/acts/act3/sunbound-stalker-alppain-back.png' at thread -1
Loading resource: res://assets/acts/act3/sunbound-stalker-alppain-recovery-back.png remapped: res://assets/acts/act3/sunbound-stalker-alppain-recovery-back.png
Loading resource: res://.godot/imported/sunbound-stalker-alppain-recovery-back.png-d8b59d8464860c43275e6cc1746084f6.ctex remapped: res://.godot/imported/sunbound-stalker-alppain-recovery-back.png-d8b59d8464860c43275e6cc1746084f6.ctex
Completed load for: 'res://assets/acts/act3/sunbound-stalker-alppain-recovery-back.png' remapped 'res://assets/acts/act3/sunbound-stalker-alppain-recovery-back.png' at thread -1
Completed load for: 'res://scripts/acts/act3/living_forest_level.gd' remapped 'res://scripts/acts/act3/living_forest_level.gd' at thread -1
Completed load for: 'res://scenes/acts/act3/a3_l2_living_forest.tscn' remapped 'res://scenes/acts/act3/a3_l2_living_forest.tscn' at thread -1
PASS: actual production registry validates exact Living Forest provenance, accepted L1 prerequisite and unexposed L3: 
Loading resource: res://scenes/acts/act3/a3_l2_living_forest.tscn remapped: res://scenes/acts/act3/a3_l2_living_forest.tscn
Completed load for: 'res://scenes/acts/act3/a3_l2_living_forest.tscn' remapped 'res://scenes/acts/act3/a3_l2_living_forest.tscn' at thread -1
Loading resource: res://scripts/acts/act3/root_latcher_art.gd remapped: res://scripts/acts/act3/root_latcher_art.gd
Loading resource: res://assets/acts/act3/root-latcher-atlas.png remapped: res://assets/acts/act3/root-latcher-atlas.png
Loading resource: res://.godot/imported/root-latcher-atlas.png-4e04812e779905abf42507f5f44e69e5.ctex remapped: res://.godot/imported/root-latcher-atlas.png-4e04812e779905abf42507f5f44e69e5.ctex
Completed load for: 'res://assets/acts/act3/root-latcher-atlas.png' remapped 'res://assets/acts/act3/root-latcher-atlas.png' at thread -1
Completed load for: 'res://scripts/acts/act3/root_latcher_art.gd' remapped 'res://scripts/acts/act3/root_latcher_art.gd' at thread -1
PASS: TEST ONLY seed captures actual authored full runtime, not historical Living Forest preview
PASS: TEST ONLY initial HP/zeroammo seed uses validated quiet public actor restore
PASS: TEST ONLY eleven-predecessor prefix/actual initial A3 unit writes through public attempts/store:   
PASS: seed retains unchanged initial full A3 world/presentation with no entered source or executed action
PASS: seed preview actor/level retire before production installation
TEST ONLY prefix/resource seed: ["A1-L1", "A1-L2", "A1-L3", "A1-L4", "A1-L5", "A2-L1", "A2-L2", "A2-L3", "A2-L4", "A2-L5", "A3-L1"]; HP=0.1; initial shells=0; not predecessor gameplay or A3 clear evidence
PASS: production registry configures only isolated PID user paths
Loading resource: res://scenes/acts/act1/a1_l1.tscn remapped: res://scenes/acts/act1/a1_l1.tscn
Loading resource: res://scripts/acts/act1/launch_rehearsal.gd remapped: res://scripts/acts/act1/launch_rehearsal.gd
Completed load for: 'res://scripts/acts/act1/launch_rehearsal.gd' remapped 'res://scripts/acts/act1/launch_rehearsal.gd' at thread -1
Loading resource: res://assets/acts/act1/launch/quiet_floor.png remapped: res://assets/acts/act1/launch/quiet_floor.png
Loading resource: res://.godot/imported/quiet_floor.png-0d5ba5ae403bf427577865af7ea91238.ctex remapped: res://.godot/imported/quiet_floor.png-0d5ba5ae403bf427577865af7ea91238.ctex
Completed load for: 'res://assets/acts/act1/launch/quiet_floor.png' remapped 'res://assets/acts/act1/launch/quiet_floor.png' at thread -1
Completed load for: 'res://scenes/acts/act1/a1_l1.tscn' remapped 'res://scenes/acts/act1/a1_l1.tscn' at thread -1
Loading resource: res://scenes/acts/act3/a3_l2_living_forest.tscn remapped: res://scenes/acts/act3/a3_l2_living_forest.tscn
Completed load for: 'res://scenes/acts/act3/a3_l2_living_forest.tscn' remapped 'res://scenes/acts/act3/a3_l2_living_forest.tscn' at thread -1
Loading resource: res://scenes/acts/act3/a3_l2_living_forest.tscn remapped: res://scenes/acts/act3/a3_l2_living_forest.tscn
Completed load for: 'res://scenes/acts/act3/a3_l2_living_forest.tscn' remapped 'res://scenes/acts/act3/a3_l2_living_forest.tscn' at thread -1
Loading resource: res://scenes/acts/act3/a3_l2_living_forest.tscn remapped: res://scenes/acts/act3/a3_l2_living_forest.tscn
Completed load for: 'res://scenes/acts/act3/a3_l2_living_forest.tscn' remapped 'res://scenes/acts/act3/a3_l2_living_forest.tscn' at thread -1
Loading resource: res://scenes/acts/act3/a3_l2_living_forest.tscn remapped: res://scenes/acts/act3/a3_l2_living_forest.tscn
Completed load for: 'res://scenes/acts/act3/a3_l2_living_forest.tscn' remapped 'res://scenes/acts/act3/a3_l2_living_forest.tscn' at thread -1
Loading resource: res://scenes/acts/act3/a3_l2_living_forest.tscn remapped: res://scenes/acts/act3/a3_l2_living_forest.tscn
Completed load for: 'res://scenes/acts/act3/a3_l2_living_forest.tscn' remapped 'res://scenes/acts/act3/a3_l2_living_forest.tscn' at thread -1
Loading resource: res://scenes/acts/act3/a3_l2_living_forest.tscn remapped: res://scenes/acts/act3/a3_l2_living_forest.tscn
Completed load for: 'res://scenes/acts/act3/a3_l2_living_forest.tscn' remapped 'res://scenes/acts/act3/a3_l2_living_forest.tscn' at thread -1
Loading resource: res://scenes/acts/act3/a3_l2_living_forest.tscn remapped: res://scenes/acts/act3/a3_l2_living_forest.tscn
Completed load for: 'res://scenes/acts/act3/a3_l2_living_forest.tscn' remapped 'res://scenes/acts/act3/a3_l2_living_forest.tscn' at thread -1
PASS: real production Title has no duplicate live world for fatal branch initial TEST ONLY HP0.1/zeroammo: 
Loading resource: res://scenes/acts/act3/a3_l2_living_forest.tscn remapped: res://scenes/acts/act3/a3_l2_living_forest.tscn
Completed load for: 'res://scenes/acts/act3/a3_l2_living_forest.tscn' remapped 'res://scenes/acts/act3/a3_l2_living_forest.tscn' at thread -1
Loading resource: res://scenes/acts/act3/a3_l2_living_forest.tscn remapped: res://scenes/acts/act3/a3_l2_living_forest.tscn
Completed load for: 'res://scenes/acts/act3/a3_l2_living_forest.tscn' remapped 'res://scenes/acts/act3/a3_l2_living_forest.tscn' at thread -1
Loading resource: res://scenes/acts/act3/a3_l2_living_forest.tscn remapped: res://scenes/acts/act3/a3_l2_living_forest.tscn
Completed load for: 'res://scenes/acts/act3/a3_l2_living_forest.tscn' remapped 'res://scenes/acts/act3/a3_l2_living_forest.tscn' at thread -1
Loading resource: res://scenes/acts/act3/a3_l2_living_forest.tscn remapped: res://scenes/acts/act3/a3_l2_living_forest.tscn
Completed load for: 'res://scenes/acts/act3/a3_l2_living_forest.tscn' remapped 'res://scenes/acts/act3/a3_l2_living_forest.tscn' at thread -1
PASS: actual production A3 installation waits paused at Resume: 
PASS: exact production Forest owns the shared actor/effects and all nine typed authored sources
PASS: actual retained typed source has canonical binding: l2-threshold-stalker
PASS: actual retained typed source has canonical binding: l2-promise-root
PASS: actual retained typed source has canonical binding: l2-trunk-root
PASS: actual retained typed source has canonical binding: l2-priority-root
PASS: actual retained typed source has canonical binding: l2-priority-stalker
PASS: actual retained typed source has canonical binding: l2-watched-root
PASS: actual retained typed source has canonical binding: l2-watched-stalker
PASS: actual retained typed source has canonical binding: l2-slit-root
PASS: actual retained typed source has canonical binding: l2-slit-stalker
PASS: Forest binds four actual bodies/five actual mechanism children and native270x585 world to one shared scheduler
PASS: fatal branch starts from quiet public initial lowHP/zeroammo seed
PASS: fatal branch living entry exposes actual paused GUI Resume
PASS: fatal branch living entry GUI press/release is consumed before input/action/resource/pose/clock/anchor changes
PASS: actual viewport touch/drag/release starts one public physical dash and records exact release anchor
PASS: actual viewport touch/drag/release starts one public physical dash and records exact release anchor
Loading resource: res://scenes/acts/act3/a3_l2_living_forest.tscn remapped: res://scenes/acts/act3/a3_l2_living_forest.tscn
Completed load for: 'res://scenes/acts/act3/a3_l2_living_forest.tscn' remapped 'res://scenes/acts/act3/a3_l2_living_forest.tscn' at thread -1
Loading resource: res://scenes/acts/act3/a3_l2_living_forest.tscn remapped: res://scenes/acts/act3/a3_l2_living_forest.tscn
Completed load for: 'res://scenes/acts/act3/a3_l2_living_forest.tscn' remapped 'res://scenes/acts/act3/a3_l2_living_forest.tscn' at thread -1
Loading resource: res://scenes/acts/act3/a3_l2_living_forest.tscn remapped: res://scenes/acts/act3/a3_l2_living_forest.tscn
Completed load for: 'res://scenes/acts/act3/a3_l2_living_forest.tscn' remapped 'res://scenes/acts/act3/a3_l2_living_forest.tscn' at thread -1
Loading resource: res://scenes/acts/act3/a3_l2_living_forest.tscn remapped: res://scenes/acts/act3/a3_l2_living_forest.tscn
Completed load for: 'res://scenes/acts/act3/a3_l2_living_forest.tscn' remapped 'res://scenes/acts/act3/a3_l2_living_forest.tscn' at thread -1
Loading resource: res://scenes/acts/act3/a3_l2_living_forest.tscn remapped: res://scenes/acts/act3/a3_l2_living_forest.tscn
Completed load for: 'res://scenes/acts/act3/a3_l2_living_forest.tscn' remapped 'res://scenes/acts/act3/a3_l2_living_forest.tscn' at thread -1
Loading resource: res://scenes/acts/act3/a3_l2_living_forest.tscn remapped: res://scenes/acts/act3/a3_l2_living_forest.tscn
Completed load for: 'res://scenes/acts/act3/a3_l2_living_forest.tscn' remapped 'res://scenes/acts/act3/a3_l2_living_forest.tscn' at thread -1
Loading resource: res://scenes/acts/act3/a3_l2_living_forest.tscn remapped: res://scenes/acts/act3/a3_l2_living_forest.tscn
Completed load for: 'res://scenes/acts/act3/a3_l2_living_forest.tscn' remapped 'res://scenes/acts/act3/a3_l2_living_forest.tscn' at thread -1
Loading resource: res://scenes/acts/act3/a3_l2_living_forest.tscn remapped: res://scenes/acts/act3/a3_l2_living_forest.tscn
Completed load for: 'res://scenes/acts/act3/a3_l2_living_forest.tscn' remapped 'res://scenes/acts/act3/a3_l2_living_forest.tscn' at thread -1
Loading resource: res://scenes/acts/act3/a3_l2_living_forest.tscn remapped: res://scenes/acts/act3/a3_l2_living_forest.tscn
Completed load for: 'res://scenes/acts/act3/a3_l2_living_forest.tscn' remapped 'res://scenes/acts/act3/a3_l2_living_forest.tscn' at thread -1
PASS: real forward entry requests its checkpoint inside the still-unpaused full native tick
Loading resource: res://scenes/acts/act3/a3_l2_living_forest.tscn remapped: res://scenes/acts/act3/a3_l2_living_forest.tscn
Completed load for: 'res://scenes/acts/act3/a3_l2_living_forest.tscn' remapped 'res://scenes/acts/act3/a3_l2_living_forest.tscn' at thread -1
Loading resource: res://scenes/acts/act3/a3_l2_living_forest.tscn remapped: res://scenes/acts/act3/a3_l2_living_forest.tscn
Completed load for: 'res://scenes/acts/act3/a3_l2_living_forest.tscn' remapped 'res://scenes/acts/act3/a3_l2_living_forest.tscn' at thread -1
Loading resource: res://scenes/acts/act3/a3_l2_living_forest.tscn remapped: res://scenes/acts/act3/a3_l2_living_forest.tscn
Completed load for: 'res://scenes/acts/act3/a3_l2_living_forest.tscn' remapped 'res://scenes/acts/act3/a3_l2_living_forest.tscn' at thread -1
Loading resource: res://scenes/acts/act3/a3_l2_living_forest.tscn remapped: res://scenes/acts/act3/a3_l2_living_forest.tscn
Completed load for: 'res://scenes/acts/act3/a3_l2_living_forest.tscn' remapped 'res://scenes/acts/act3/a3_l2_living_forest.tscn' at thread -1
Loading resource: res://scenes/acts/act3/a3_l2_living_forest.tscn remapped: res://scenes/acts/act3/a3_l2_living_forest.tscn
Completed load for: 'res://scenes/acts/act3/a3_l2_living_forest.tscn' remapped 'res://scenes/acts/act3/a3_l2_living_forest.tscn' at thread -1
Loading resource: res://scenes/acts/act3/a3_l2_living_forest.tscn remapped: res://scenes/acts/act3/a3_l2_living_forest.tscn
Completed load for: 'res://scenes/acts/act3/a3_l2_living_forest.tscn' remapped 'res://scenes/acts/act3/a3_l2_living_forest.tscn' at thread -1
Loading resource: res://scenes/acts/act3/a3_l2_living_forest.tscn remapped: res://scenes/acts/act3/a3_l2_living_forest.tscn
Completed load for: 'res://scenes/acts/act3/a3_l2_living_forest.tscn' remapped 'res://scenes/acts/act3/a3_l2_living_forest.tscn' at thread -1
Loading resource: res://scenes/acts/act3/a3_l2_living_forest.tscn remapped: res://scenes/acts/act3/a3_l2_living_forest.tscn
Completed load for: 'res://scenes/acts/act3/a3_l2_living_forest.tscn' remapped 'res://scenes/acts/act3/a3_l2_living_forest.tscn' at thread -1
Loading resource: res://scenes/acts/act3/a3_l2_living_forest.tscn remapped: res://scenes/acts/act3/a3_l2_living_forest.tscn
Completed load for: 'res://scenes/acts/act3/a3_l2_living_forest.tscn' remapped 'res://scenes/acts/act3/a3_l2_living_forest.tscn' at thread -1
PASS: protected first entry retains its true unfinished dash, living lowHP and exact paired source state
PASS: actual first-entry checkpoint exposes actual paused GUI Resume
PASS: actual first-entry checkpoint GUI press/release is consumed before input/action/resource/pose/clock/anchor changes
Loading resource: res://scenes/acts/act3/a3_l2_living_forest.tscn remapped: res://scenes/acts/act3/a3_l2_living_forest.tscn
Completed load for: 'res://scenes/acts/act3/a3_l2_living_forest.tscn' remapped 'res://scenes/acts/act3/a3_l2_living_forest.tscn' at thread -1
Loading resource: res://scenes/acts/act3/a3_l2_living_forest.tscn remapped: res://scenes/acts/act3/a3_l2_living_forest.tscn
Completed load for: 'res://scenes/acts/act3/a3_l2_living_forest.tscn' remapped 'res://scenes/acts/act3/a3_l2_living_forest.tscn' at thread -1
Loading resource: res://scenes/acts/act3/a3_l2_living_forest.tscn remapped: res://scenes/acts/act3/a3_l2_living_forest.tscn
Completed load for: 'res://scenes/acts/act3/a3_l2_living_forest.tscn' remapped 'res://scenes/acts/act3/a3_l2_living_forest.tscn' at thread -1
Loading resource: res://scenes/acts/act3/a3_l2_living_forest.tscn remapped: res://scenes/acts/act3/a3_l2_living_forest.tscn
Completed load for: 'res://scenes/acts/act3/a3_l2_living_forest.tscn' remapped 'res://scenes/acts/act3/a3_l2_living_forest.tscn' at thread -1
Loading resource: res://scenes/acts/act3/a3_l2_living_forest.tscn remapped: res://scenes/acts/act3/a3_l2_living_forest.tscn
Completed load for: 'res://scenes/acts/act3/a3_l2_living_forest.tscn' remapped 'res://scenes/acts/act3/a3_l2_living_forest.tscn' at thread -1
Loading resource: res://scenes/acts/act3/a3_l2_living_forest.tscn remapped: res://scenes/acts/act3/a3_l2_living_forest.tscn
Completed load for: 'res://scenes/acts/act3/a3_l2_living_forest.tscn' remapped 'res://scenes/acts/act3/a3_l2_living_forest.tscn' at thread -1
Loading resource: res://scenes/acts/act3/a3_l2_living_forest.tscn remapped: res://scenes/acts/act3/a3_l2_living_forest.tscn
Completed load for: 'res://scenes/acts/act3/a3_l2_living_forest.tscn' remapped 'res://scenes/acts/act3/a3_l2_living_forest.tscn' at thread -1
Loading resource: res://scenes/acts/act3/a3_l2_living_forest.tscn remapped: res://scenes/acts/act3/a3_l2_living_forest.tscn
Completed load for: 'res://scenes/acts/act3/a3_l2_living_forest.tscn' remapped 'res://scenes/acts/act3/a3_l2_living_forest.tscn' at thread -1
Loading resource: res://scenes/acts/act3/a3_l2_living_forest.tscn remapped: res://scenes/acts/act3/a3_l2_living_forest.tscn
Completed load for: 'res://scenes/acts/act3/a3_l2_living_forest.tscn' remapped 'res://scenes/acts/act3/a3_l2_living_forest.tscn' at thread -1
PASS: bounded stationary wait receives actual admitted first Stalker contact/death, without forced HP/phase/damage: [{ "source_id": "l2-threshold-stalker", "result": { "stable_id": "l2-threshold-stalker", "cycle": 1, "opportunity_consumed": true, "accepted": true, "hp_damage": 0.1, "raw_damage": 12.0, "impulse": (0.0, 0.0, 0.0), "source_from": (0.66269, -0.004161, 37.12613), "source_to": (0.668151, -0.004161, 37.32605), "active_from_s": 3.44999999999999, "active_until_s": 3.46666666666666 }, "paused": false }]
PASS: real fatal callback settles and saves a coherent paused dead actor/source/local unit: 
PASS: fatal branch consumes real enemy contact without a player attack, source death or replayed hit
Loading resource: res://scenes/acts/act3/a3_l2_living_forest.tscn remapped: res://scenes/acts/act3/a3_l2_living_forest.tscn
Completed load for: 'res://scenes/acts/act3/a3_l2_living_forest.tscn' remapped 'res://scenes/acts/act3/a3_l2_living_forest.tscn' at thread -1
Loading resource: res://scenes/acts/act3/a3_l2_living_forest.tscn remapped: res://scenes/acts/act3/a3_l2_living_forest.tscn
Completed load for: 'res://scenes/acts/act3/a3_l2_living_forest.tscn' remapped 'res://scenes/acts/act3/a3_l2_living_forest.tscn' at thread -1
ERROR: FAIL: fatal format2 save retains its real earlier living checkpoint and no manufactured completion; active=unit.level.local.sources.l2-priority-stalker.actor.previous.clock_s {"api_revision":"exact-json-1","schema_version":1,"value":["float64","abbbbbbbbbbb0b40"]} vs {"api_revision":"exact-json-1","schema_version":1,"value":["float64","0000000000000000"]}; checkpoint=same; disk=true; progress=true
   at: push_error (core/variant/variant_utility.cpp:1023)
   GDScript backtrace (most recent call first):
       [0] _expect (res://tests/act3_l2_registration_smoke.gd:734)
       [1] _fatal_case (res://tests/act3_l2_registration_smoke.gd:293)
       [2] _settle (res://tests/act3_l2_registration_smoke.gd:681)
FIRST FAILURE PUBLIC CONTEXT: { "paused": true, "campaign_error": "", "level": { "api_revision": "act3-living-forest-level-1", "configuration_error": "", "entered": ["vast-trunks"], "cleared": [], "cleared_prefix": 0, "entries": [{ "id": "vast-trunks", "clock_s": 0.61666666666667, "hero_position": [0.0, -0.00484376167879, 37.7999992370605] }], "deaths": {  }, "watched_preview": {  }, "beat": 1, "sun_state": 0, "sun_elapsed_s": 3.46666666666666, "sun_stage": "stable", "exit_state": "clear", "contact": {  }, "completed": false, "checkpoint": { "id": "forest-threshold-entry", "kind": "encounter" }, "clock_s": 3.46666666666666, "source_states": { "l2-threshold-stalker": { "stable_id": "l2-threshold-stalker", "hp": 36.0, "max_hp": 36.0, "dead": false, "phase": "active", "reservation_id": "threat-1", "cycle": 1, "position": (0.668151, -0.004161, 37.32605), "velocity": (0.327672, 0.0, 11.99553), "facing": (0.027306, 0.0, 0.999627), "clock_s": 3.46666666666666, "cooldown_until_s": 7.03333333333333, "retry_at_s": 2.23333333333333, "hit_consumed": true, "raw_role": { "id": "A3-E1", "raw_damage": 12.0, "max_hp": 36.0, "windup_s": 1.35, "lock_s": 0.45, "active_s": 0.3, "recovery_s": 2.0, "attack_interval_s": 3.7, "move_speed": 2.8, "provisional_unplaytested": true }, "resolved_role": { "active_s": 0.3, "attack_interval_s": 3.7, "damage": 12.0, "difficulty_profile": "standard", "difficulty_schema": 1, "id": "A3-E1", "lock_s": 0.45, "max_hp": 36.0, "move_speed": 2.8, "provisional_unplaytested": true, "raw_damage": 12.0, "raw_role": { "active_s": 0.3, "attack_interval_s": 3.7, "id": "A3-E1", "lock_s": 0.45, "max_hp": 36.0, "move_speed": 2.8, "provisional_unplaytested": true, "raw_damage": 12.0, "recovery_s": 2.0, "windup_s": 1.35 }, "recovery_s": 2.0, "tuning_status": "provisional_unplaytested", "windup_s": 1.35 }, "proof": { "accepted": true, "path": [{ "from": (0.0, -0.004844, 37.6), "to": (0.0, -0.004844, 37.6), "start_s": 1.98333333333333, "end_s": 2.23333333333333, "kind": "recognition_and_ready" }, { "from": (0.0, -0.004844, 37.6), "to": (2.56144, -0.004844, 38.45383), "start_s": 2.23333333333333, "end_s": 2.41333333333333, "kind": "escape_dash" }, { "from": (2.56144, -0.004844, 38.45383), "to": (2.56144, -0.004844, 38.45383), "start_s": 2.41333333333333, "end_s": 3.69433333333333, "kind": "recovery_wait" }, { "from": (2.56144, -0.004844, 38.45383), "to": (2.56144, -0.004844, 38.45383), "start_s": 3.69433333333333, "end_s": 3.99433333333333, "kind": "ordinary_primary" }], "landing": (2.56144, -0.004844, 38.45383), "attack_position": (2.56144, -0.004844, 38.45383), "primary_time_s": 3.69433333333333, "response_complete_s": 3.99433333333333, "uses_blast": false, "uses_invulnerability": false, "proof_scope": "static_box_floor_full_dash_stationary_primary" }, "sun_visual": 0, "effective_sun": 0, "commit": { "sun_choice": 0, "source_position": (0.624462, -0.004161, 35.72665), "hero_position": (0.0, -0.004844, 37.6), "facing": (0.027306, 0.0, 0.999627) }, "framing": { "landing": (2.56144, -0.004844, 38.45383), "attack_position": (2.56144, -0.004844, 38.45383) }, "framing_error": "", "last_rejection": "", "last_cancel_reason": "" }, "l2-promise-root": { "api_revision": "act3-root-latcher-2", "stable_id": "l2-promise-root", "source_id": "l2-promise-root/attack", "native_crescent": true, "position": (0.0, 0.0, 22.0), "clock_s": 3.46666666666666, "hp": 20.0, "max_hp": 20.0, "dead": false, "phase": "clear", "knot_open": false, "resolved_role": { "active_s": 0.2, "attack_interval_s": 4.0, "damage": 10.0, "difficulty_profile": "standard", "difficulty_schema": 1, "lock_s": 1.1, "max_hp": 20.0, "move_speed": 0.0, "raw_damage": 10.0, "raw_role": { "active_s": 0.2, "attack_interval_s": 4.0, "lock_s": 1.1, "max_hp": 20.0, "move_speed": 0.0, "raw_damage": 10.0, "recovery_s": 1.8, "windup_s": 2.2 }, "recovery_s": 1.8, "tuning_status": "provisional_unplaytested", "windup_s": 2.2 }, "mechanism": { "api_revision": "lane-mechanism-1", "mechanism_id": "l2-promise-root/attack", "status": "idle", "phase": "clear", "remaining_s": 0.0, "cycle": 0, "reservation_id": "", "geometry": { "kind": "crescent", "origin": (0.0, 0.0, 22.0), "direction": (0.0, 0.0, 1.0), "inner_radius": 0.55, "outer_radius": 2.0, "min_dot": 0.5 }, "source_position": (0.0, 0.0, 22.0), "opening_position": (0.0, 0.0, 22.0), "resolved_role": {  }, "hit_ids": [], "last_cancel_reason": "" }, "geometry": { "kind": "crescent", "origin": (0.0, 0.0, 22.0), "direction": (0.0, 0.0, 1.0), "inner_radius": 0.55, "outer_radius": 2.0, "min_dot": 0.5 }, "framing": {  }, "retry_at_s": 0.0, "framing_error": "", "last_rejection": "", "proof": {  } }, "l2-trunk-root": { "api_revision": "act3-root-latcher-2", "stable_id": "l2-trunk-root", "source_id": "l2-trunk-root/attack", "native_crescent": true, "position": (1.1, 0.0, 8.0), "clock_s": 3.46666666666666, "hp": 20.0, "max_hp": 20.0, "dead": false, "phase": "clear", "knot_open": false, "resolved_role": { "active_s": 0.2, "attack_interval_s": 4.0, "damage": 10.0, "difficulty_profile": "standard", "difficulty_schema": 1, "lock_s": 1.1, "max_hp": 20.0, "move_speed": 0.0, "raw_damage": 10.0, "raw_role": { "active_s": 0.2, "attack_interval_s": 4.0, "lock_s": 1.1, "max_hp": 20.0, "move_speed": 0.0, "raw_damage": 10.0, "recovery_s": 1.8, "windup_s": 2.2 }, "recovery_s": 1.8, "tuning_status": "provisional_unplaytested", "windup_s": 2.2 }, "mechanism": { "api_revision": "lane-mechanism-1", "mechanism_id": "l2-trunk-root/attack", "status": "idle", "phase": "clear", "remaining_s": 0.0, "cycle": 0, "reservation_id": "", "geometry": { "kind": "crescent", "origin": (1.1, 0.0, 8.0), "direction": (0.0, 0.0, 1.0), "inner_radius": 0.55, "outer_radius": 2.0, "min_dot": 0.5 }, "source_position": (1.1, 0.0, 8.0), "opening_position": (1.1, 0.0, 8.0), "resolved_role": {  }, "hit_ids": [], "last_cancel_reason": "" }, "geometry": { "kind": "crescent", "origin": (1.1, 0.0, 8.0), "direction": (0.0, 0.0, 1.0), "inner_radius": 0.55, "outer_radius": 2.0, "min_dot": 0.5 }, "framing": {  }, "retry_at_s": 0.0, "framing_error": "", "last_rejection": "", "proof": {  } }, "l2-priority-root": { "api_revision": "act3-root-latcher-2", "stable_id": "l2-priority-root", "source_id": "l2-priority-root/attack", "native_crescent": true, "position": (1.2, 0.0, -4.5), "clock_s": 3.46666666666666, "hp": 20.0, "max_hp": 20.0, "dead": false, "phase": "clear", "knot_open": false, "resolved_role": { "active_s": 0.2, "attack_interval_s": 4.0, "damage": 10.0, "difficulty_profile": "standard", "difficulty_schema": 1, "lock_s": 1.1, "max_hp": 20.0, "move_speed": 0.0, "raw_damage": 10.0, "raw_role": { "active_s": 0.2, "attack_interval_s": 4.0, "lock_s": 1.1, "max_hp": 20.0, "move_speed": 0.0, "raw_damage": 10.0, "recovery_s": 1.8, "windup_s": 2.2 }, "recovery_s": 1.8, "tuning_status": "provisional_unplaytested", "windup_s": 2.2 }, "mechanism": { "api_revision": "lane-mechanism-1", "mechanism_id": "l2-priority-root/attack", "status": "idle", "phase": "clear", "remaining_s": 0.0, "cycle": 0, "reservation_id": "", "geometry": { "kind": "crescent", "origin": (1.2, 0.0, -4.5), "direction": (0.0, 0.0, 1.0), "inner_radius": 0.55, "outer_radius": 2.0, "min_dot": 0.5 }, "source_position": (1.2, 0.0, -4.5), "opening_position": (1.2, 0.0, -4.5), "resolved_role": {  }, "hit_ids": [], "last_cancel_reason": "" }, "geometry": { "kind": "crescent", "origin": (1.2, 0.0, -4.5), "direction": (0.0, 0.0, 1.0), "inner_radius": 0.55, "outer_radius": 2.0, "min_dot": 0.5 }, "framing": {  }, "retry_at_s": 0.0, "framing_error": "", "last_rejection": "", "proof": {  } }, "l2-priority-stalker": { "stable_id": "l2-priority-stalker", "hp": 36.0, "max_hp": 36.0, "dead": false, "phase": "idle", "reservation_id": "", "cycle": 0, "position": (-1.3, 0.1, -4.0), "velocity": (0.0, 0.0, 0.0), "facing": (0.0, 0.0, 1.0), "clock_s": 3.46666666666666, "cooldown_until_s": 0.0, "retry_at_s": 0.0, "hit_consumed": false, "raw_role": { "id": "A3-E1", "raw_damage": 12.0, "max_hp": 36.0, "windup_s": 1.35, "lock_s": 0.45, "active_s": 0.3, "recovery_s": 2.0, "attack_interval_s": 3.7, "move_speed": 2.8, "provisional_unplaytested": true }, "resolved_role": { "active_s": 0.3, "attack_interval_s": 3.7, "damage": 12.0, "difficulty_profile": "standard", "difficulty_schema": 1, "id": "A3-E1", "lock_s": 0.45, "max_hp": 36.0, "move_speed": 2.8, "provisional_unplaytested": true, "raw_damage": 12.0, "raw_role": { "active_s": 0.3, "attack_interval_s": 3.7, "id": "A3-E1", "lock_s": 0.45, "max_hp": 36.0, "move_speed": 2.8, "provisional_unplaytested": true, "raw_damage": 12.0, "recovery_s": 2.0, "windup_s": 1.35 }, "recovery_s": 2.0, "tuning_status": "provisional_unplaytested", "windup_s": 1.35 }, "proof": {  }, "sun_visual": 0, "effective_sun": 0, "commit": {  }, "framing": {  }, "framing_error": "", "last_rejection": "", "last_cancel_reason": "" }, "l2-watched-root": { "api_revision": "act3-root-latcher-2", "stable_id": "l2-watched-root", "source_id": "l2-watched-root/attack", "native_crescent": true, "position": (-1.2, 0.0, -20.0), "clock_s": 3.46666666666666, "hp": 20.0, "max_hp": 20.0, "dead": false, "phase": "clear", "knot_open": false, "resolved_role": { "active_s": 0.2, "attack_interval_s": 4.0, "damage": 10.0, "difficulty_profile": "standard", "difficulty_schema": 1, "lock_s": 1.1, "max_hp": 20.0, "move_speed": 0.0, "raw_damage": 10.0, "raw_role": { "active_s": 0.2, "attack_interval_s": 4.0, "lock_s": 1.1, "max_hp": 20.0, "move_speed": 0.0, "raw_damage": 10.0, "recovery_s": 1.8, "windup_s": 2.2 }, "recovery_s": 1.8, "tuning_status": "provisional_unplaytested", "windup_s": 2.2 }, "mechanism": { "api_revision": "lane-mechanism-1", "mechanism_id": "l2-watched-root/attack", "status": "idle", "phase": "clear", "remaining_s": 0.0, "cycle": 0, "reservation_id": "", "geometry": { "kind": "crescent", "origin": (-1.2, 0.0, -20.0), "direction": (0.0, 0.0, 1.0), "inner_radius": 0.55, "outer_radius": 2.0, "min_dot": 0.5 }, "source_position": (-1.2, 0.0, -20.0), "opening_position": (-1.2, 0.0, -20.0), "resolved_role": {  }, "hit_ids": [], "last_cancel_reason": "" }, "geometry": { "kind": "crescent", "origin": (-1.2, 0.0, -20.0), "direction": (0.0, 0.0, 1.0), "inner_radius": 0.55, "outer_radius": 2.0, "min_dot": 0.5 }, "framing": {  }, "retry_at_s": 0.0, "framing_error": "", "last_rejection": "", "proof": {  } }, "l2-watched-stalker": { "stable_id": "l2-watched-stalker", "hp": 36.0, "max_hp": 36.0, "dead": false, "phase": "idle", "reservation_id": "", "cycle": 0, "position": (1.3, 0.1, -19.5), "velocity": (0.0, 0.0, 0.0), "facing": (0.0, 0.0, 1.0), "clock_s": 3.46666666666666, "cooldown_until_s": 0.0, "retry_at_s": 0.0, "hit_consumed": false, "raw_role": { "id": "A3-E1", "raw_damage": 12.0, "max_hp": 36.0, "windup_s": 1.35, "lock_s": 0.45, "active_s": 0.3, "recovery_s": 2.0, "attack_interval_s": 3.7, "move_speed": 2.8, "provisional_unplaytested": true }, "resolved_role": { "active_s": 0.3, "attack_interval_s": 3.7, "damage": 12.0, "difficulty_profile": "standard", "difficulty_schema": 1, "id": "A3-E1", "lock_s": 0.45, "max_hp": 36.0, "move_speed": 2.8, "provisional_unplaytested": true, "raw_damage": 12.0, "raw_role": { "active_s": 0.3, "attack_interval_s": 3.7, "id": "A3-E1", "lock_s": 0.45, "max_hp": 36.0, "move_speed": 2.8, "provisional_unplaytested": true, "raw_damage": 12.0, "recovery_s": 2.0, "windup_s": 1.35 }, "recovery_s": 2.0, "tuning_status": "provisional_unplaytested", "windup_s": 1.35 }, "proof": {  }, "sun_visual": 0, "effective_sun": 0, "commit": {  }, "framing": {  }, "framing_error": "", "last_rejection": "", "last_cancel_reason": "" }, "l2-slit-root": { "api_revision": "act3-root-latcher-2", "stable_id": "l2-slit-root", "source_id": "l2-slit-root/attack", "native_crescent": true, "position": (1.2, 0.0, -36.5), "clock_s": 3.46666666666666, "hp": 20.0, "max_hp": 20.0, "dead": false, "phase": "clear", "knot_open": false, "resolved_role": { "active_s": 0.2, "attack_interval_s": 4.0, "damage": 10.0, "difficulty_profile": "standard", "difficulty_schema": 1, "lock_s": 1.1, "max_hp": 20.0, "move_speed": 0.0, "raw_damage": 10.0, "raw_role": { "active_s": 0.2, "attack_interval_s": 4.0, "lock_s": 1.1, "max_hp": 20.0, "move_speed": 0.0, "raw_damage": 10.0, "recovery_s": 1.8, "windup_s": 2.2 }, "recovery_s": 1.8, "tuning_status": "provisional_unplaytested", "windup_s": 2.2 }, "mechanism": { "api_revision": "lane-mechanism-1", "mechanism_id": "l2-slit-root/attack", "status": "idle", "phase": "clear", "remaining_s": 0.0, "cycle": 0, "reservation_id": "", "geometry": { "kind": "crescent", "origin": (1.2, 0.0, -36.5), "direction": (0.0, 0.0, 1.0), "inner_radius": 0.55, "outer_radius": 2.0, "min_dot": 0.5 }, "source_position": (1.2, 0.0, -36.5), "opening_position": (1.2, 0.0, -36.5), "resolved_role": {  }, "hit_ids": [], "last_cancel_reason": "" }, "geometry": { "kind": "crescent", "origin": (1.2, 0.0, -36.5), "direction": (0.0, 0.0, 1.0), "inner_radius": 0.55, "outer_radius": 2.0, "min_dot": 0.5 }, "framing": {  }, "retry_at_s": 0.0, "framing_error": "", "last_rejection": "", "proof": {  } }, "l2-slit-stalker": { "stable_id": "l2-slit-stalker", "hp": 36.0, "max_hp": 36.0, "dead": false, "phase": "idle", "reservation_id": "", "cycle": 0, "position": (-1.3, 0.1, -36.0), "velocity": (0.0, 0.0, 0.0), "facing": (0.0, 0.0, 1.0), "clock_s": 3.46666666666666, "cooldown_until_s": 0.0, "retry_at_s": 0.0, "hit_consumed": false, "raw_role": { "id": "A3-E1", "raw_damage": 12.0, "max_hp": 36.0, "windup_s": 1.35, "lock_s": 0.45, "active_s": 0.3, "recovery_s": 2.0, "attack_interval_s": 3.7, "move_speed": 2.8, "provisional_unplaytested": true }, "resolved_role": { "active_s": 0.3, "attack_interval_s": 3.7, "damage": 12.0, "difficulty_profile": "standard", "difficulty_schema": 1, "id": "A3-E1", "lock_s": 0.45, "max_hp": 36.0, "move_speed": 2.8, "provisional_unplaytested": true, "raw_damage": 12.0, "raw_role": { "active_s": 0.3, "attack_interval_s": 3.7, "id": "A3-E1", "lock_s": 0.45, "max_hp": 36.0, "move_speed": 2.8, "provisional_unplaytested": true, "raw_damage": 12.0, "recovery_s": 2.0, "windup_s": 1.35 }, "recovery_s": 2.0, "tuning_status": "provisional_unplaytested", "windup_s": 1.35 }, "proof": {  }, "sun_visual": 0, "effective_sun": 0, "commit": {  }, "framing": {  }, "framing_error": "", "last_rejection": "", "last_cancel_reason": "" } } }, "contacts": [{ "source_id": "l2-threshold-stalker", "result": { "stable_id": "l2-threshold-stalker", "cycle": 1, "opportunity_consumed": true, "accepted": true, "hp_damage": 0.1, "raw_damage": 12.0, "impulse": (0.0, 0.0, 0.0), "source_from": (0.66269, -0.004161, 37.12613), "source_to": (0.668151, -0.004161, 37.32605), "active_from_s": 3.44999999999999, "active_until_s": 3.46666666666666 }, "paused": false }], "checkpoint_events": [{ "level_id": "A3-L2", "checkpoint_id": "forest-threshold-entry", "boundary": "encounter", "paused": false, "physics_frame": true }] }
PASS: fatal shell closure frees actual @Node3D@161
PASS: fatal shell closure frees actual LivingForest
PASS: fatal shell closure frees actual CinderPlayer
PASS: fatal shell closure frees actual @Node3D@163
PASS: fatal shell closure frees actual ForestFloor
PASS: fatal shell closure frees actual WestBoundary
PASS: fatal shell closure frees actual EastBoundary
PASS: fatal shell closure frees actual NorthBoundary
PASS: fatal shell closure frees actual SouthBoundary
PASS: fatal shell closure frees actual TwoApproachesBase
PASS: fatal shell closure frees actual CrossingBase
PASS: fatal shell closure frees actual LivingForestThreatScheduler
PASS: fatal shell closure frees actual l2_threshold_stalker
PASS: fatal shell closure frees actual RequiredThreatCue
PASS: fatal shell closure frees actual l2_promise_root
PASS: fatal shell closure frees actual RootAttack
PASS: fatal shell closure frees actual ThreatCue
PASS: fatal shell closure frees actual l2_trunk_root
PASS: fatal shell closure frees actual RootAttack
PASS: fatal shell closure frees actual ThreatCue
PASS: fatal shell closure frees actual l2_priority_root
PASS: fatal shell closure frees actual RootAttack
PASS: fatal shell closure frees actual ThreatCue
PASS: fatal shell closure frees actual l2_priority_stalker
PASS: fatal shell closure frees actual RequiredThreatCue
PASS: fatal shell closure frees actual l2_watched_root
PASS: fatal shell closure frees actual RootAttack
PASS: fatal shell closure frees actual ThreatCue
PASS: fatal shell closure frees actual l2_watched_stalker
PASS: fatal shell closure frees actual RequiredThreatCue
PASS: fatal shell closure frees actual l2_slit_root
PASS: fatal shell closure frees actual RootAttack
PASS: fatal shell closure frees actual ThreatCue
PASS: fatal shell closure frees actual l2_slit_stalker
PASS: fatal shell closure frees actual RequiredThreatCue
PASS: fatal shell closure frees actual LivingForestContactCue
PASS: production registry configures only isolated PID user paths
Loading resource: res://scenes/acts/act1/a1_l1.tscn remapped: res://scenes/acts/act1/a1_l1.tscn
Loading resource: res://assets/acts/act1/launch/quiet_floor.png remapped: res://assets/acts/act1/launch/quiet_floor.png
Loading resource: res://.godot/imported/quiet_floor.png-0d5ba5ae403bf427577865af7ea91238.ctex remapped: res://.godot/imported/quiet_floor.png-0d5ba5ae403bf427577865af7ea91238.ctex
Completed load for: 'res://assets/acts/act1/launch/quiet_floor.png' remapped 'res://assets/acts/act1/launch/quiet_floor.png' at thread -1
Completed load for: 'res://scenes/acts/act1/a1_l1.tscn' remapped 'res://scenes/acts/act1/a1_l1.tscn' at thread -1
Loading resource: res://scenes/acts/act3/a3_l2_living_forest.tscn remapped: res://scenes/acts/act3/a3_l2_living_forest.tscn
Completed load for: 'res://scenes/acts/act3/a3_l2_living_forest.tscn' remapped 'res://scenes/acts/act3/a3_l2_living_forest.tscn' at thread -1
Loading resource: res://scenes/acts/act3/a3_l2_living_forest.tscn remapped: res://scenes/acts/act3/a3_l2_living_forest.tscn
Completed load for: 'res://scenes/acts/act3/a3_l2_living_forest.tscn' remapped 'res://scenes/acts/act3/a3_l2_living_forest.tscn' at thread -1
Loading resource: res://scenes/acts/act3/a3_l2_living_forest.tscn remapped: res://scenes/acts/act3/a3_l2_living_forest.tscn
Completed load for: 'res://scenes/acts/act3/a3_l2_living_forest.tscn' remapped 'res://scenes/acts/act3/a3_l2_living_forest.tscn' at thread -1
Loading resource: res://scenes/acts/act3/a3_l2_living_forest.tscn remapped: res://scenes/acts/act3/a3_l2_living_forest.tscn
Completed load for: 'res://scenes/acts/act3/a3_l2_living_forest.tscn' remapped 'res://scenes/acts/act3/a3_l2_living_forest.tscn' at thread -1
Loading resource: res://scenes/acts/act3/a3_l2_living_forest.tscn remapped: res://scenes/acts/act3/a3_l2_living_forest.tscn
Completed load for: 'res://scenes/acts/act3/a3_l2_living_forest.tscn' remapped 'res://scenes/acts/act3/a3_l2_living_forest.tscn' at thread -1
Loading resource: res://scenes/acts/act3/a3_l2_living_forest.tscn remapped: res://scenes/acts/act3/a3_l2_living_forest.tscn
Completed load for: 'res://scenes/acts/act3/a3_l2_living_forest.tscn' remapped 'res://scenes/acts/act3/a3_l2_living_forest.tscn' at thread -1
Loading resource: res://scenes/acts/act3/a3_l2_living_forest.tscn remapped: res://scenes/acts/act3/a3_l2_living_forest.tscn
Completed load for: 'res://scenes/acts/act3/a3_l2_living_forest.tscn' remapped 'res://scenes/acts/act3/a3_l2_living_forest.tscn' at thread -1
PASS: real production Title has no duplicate live world for actual fatal saved unit: 
Loading resource: res://scenes/acts/act3/a3_l2_living_forest.tscn remapped: res://scenes/acts/act3/a3_l2_living_forest.tscn
Completed load for: 'res://scenes/acts/act3/a3_l2_living_forest.tscn' remapped 'res://scenes/acts/act3/a3_l2_living_forest.tscn' at thread -1
Loading resource: res://scenes/acts/act3/a3_l2_living_forest.tscn remapped: res://scenes/acts/act3/a3_l2_living_forest.tscn
Completed load for: 'res://scenes/acts/act3/a3_l2_living_forest.tscn' remapped 'res://scenes/acts/act3/a3_l2_living_forest.tscn' at thread -1
Loading resource: res://scenes/acts/act3/a3_l2_living_forest.tscn remapped: res://scenes/acts/act3/a3_l2_living_forest.tscn
Completed load for: 'res://scenes/acts/act3/a3_l2_living_forest.tscn' remapped 'res://scenes/acts/act3/a3_l2_living_forest.tscn' at thread -1
Loading resource: res://scenes/acts/act3/a3_l2_living_forest.tscn remapped: res://scenes/acts/act3/a3_l2_living_forest.tscn
Completed load for: 'res://scenes/acts/act3/a3_l2_living_forest.tscn' remapped 'res://scenes/acts/act3/a3_l2_living_forest.tscn' at thread -1
PASS: actual production A3 installation waits paused at Resume: 
PASS: exact production Forest owns the shared actor/effects and all nine typed authored sources
PASS: actual retained typed source has canonical binding: l2-threshold-stalker
PASS: actual retained typed source has canonical binding: l2-promise-root
PASS: actual retained typed source has canonical binding: l2-trunk-root
PASS: actual retained typed source has canonical binding: l2-priority-root
PASS: actual retained typed source has canonical binding: l2-priority-stalker
PASS: actual retained typed source has canonical binding: l2-watched-root
PASS: actual retained typed source has canonical binding: l2-watched-stalker
PASS: actual retained typed source has canonical binding: l2-slit-root
PASS: actual retained typed source has canonical binding: l2-slit-stalker
PASS: Forest binds four actual bodies/five actual mechanism children and native270x585 world to one shared scheduler
ERROR: FAIL: fresh actual GUI Continue restores exact actual fatal saved unit without gameplay callbacks: []; diff=unit.level.local.sources.l2-priority-stalker.actor.previous.clock_s {"api_revision":"exact-json-1","schema_version":1,"value":["float64","abbbbbbbbbbb0b40"]} vs {"api_revision":"exact-json-1","schema_version":1,"value":["float64","0000000000000000"]}
   at: push_error (core/variant/variant_utility.cpp:1023)
   GDScript backtrace (most recent call first):
       [0] _expect (res://tests/act3_l2_registration_smoke.gd:734)
       [1] _fresh_continue (res://tests/act3_l2_registration_smoke.gd:393)
       [2] _click (res://tests/act3_l2_registration_smoke.gd:604)
       [3] _settle (res://tests/act3_l2_registration_smoke.gd:681)
PASS: every selected scope leaves canonical registry bytes unchanged
PASS: selected scope retires all actual source/cue group members
Production Act3 L2 registration: 88 checks, 2 failures; expected_commit=bd6b3cde9321213a2717e998c5ce2dff58ca2dd3; TEST ONLY eleven-predecessor/initial-resource seeds; actual production GUI/format2/routed dash/fatal Continue/Retry; no route-clear or native-human claim
XR: Clearing primary interface
XR: Removed interface "Native mobile"
XR: Removed interface "OpenXR"
