Waiting for the shared Godot session to close…
Godot Engine v4.7.2.stable.official.ed1daf0bf - https://godotengine.org

PASS: native floor/stone descriptors come from public Scheduler/Footprint queries
PASS: PURE DATA canonical cursor configures
PASS: PURE DATA cursor arms at inverse full-warning clock
PASS: PURE DATA cursor consumes exactly one own slash
PASS: PURE DATA completion retains canonical original clocks and consumed prefix
PASS: exact tagged receipt roundtrip preserves every native scalar type/bit
PASS: validated copy cannot mutate original nested program/prefix/opportunity
PASS: PURE DATA missed completed opportunity is consumed without a damage attempt
PASS: PURE DATA canonical cursor configures
PASS: PURE DATA cursor arms at inverse full-warning clock
PASS: PURE DATA cursor consumes exactly one own slash
PASS: PURE DATA later actual-lock timetable retains full warning and inverse origin
PASS: PURE DATA canonical cursor configures
PASS: PURE DATA cursor arms at inverse full-warning clock
PASS: PURE DATA cursor consumes exactly one own slash
PASS: PURE DATA short commitment keeps the full dispatch-danger deadline
PASS: short cosmetic/commitment end cannot truncate the original dispatch-grace window
PASS: pure history validation creates no live reservation and changes no native clock/source/diagnostic
PASS: PURE DATA canonical cursor configures
PASS: PURE DATA unarmed cancellation contains no fabricated attack prefix
PASS: preview carries no attack/contact/pending delivery
PASS: PURE DATA canonical cursor configures
PASS: PURE DATA cursor arms at inverse full-warning clock
PASS: PURE DATA locked pre-event cancellation retains no due attack
PASS: PURE DATA canonical cursor configures
PASS: PURE DATA cursor arms at inverse full-warning clock
PASS: PURE DATA cursor consumes exactly one own slash
PASS: PURE DATA inert present suffix retains near-grace original receipt
PASS: inert present suffix survives exact transport
PASS: present cannot rewrite whether contact damage was attempted; original stays untouched
PASS: retired pending contact cannot reopen a damaging cue; original stays untouched
PASS: PURE DATA canonical cursor configures
PASS: PURE DATA cursor arms at inverse full-warning clock
PASS: PURE DATA cursor consumes exactly one own slash
PASS: PURE DATA inert damage suffix retains near-grace original receipt
PASS: inert damage suffix survives exact transport
PASS: damage cannot rewrite whether contact damage was attempted; original stays untouched
PASS: retired pending contact cannot reopen a damaging cue; original stays untouched
PASS: PURE DATA canonical cursor configures
PASS: PURE DATA cursor arms at inverse full-warning clock
PASS: PURE DATA cursor consumes exactly one own slash
PASS: PURE DATA inert notify suffix retains near-grace original receipt
PASS: inert notify suffix survives exact transport
PASS: notify cannot rewrite whether contact damage was attempted; original stays untouched
PASS: retired pending contact cannot reopen a damaging cue; original stays untouched
PASS: PURE DATA canonical cursor configures
PASS: PURE DATA cursor arms at inverse full-warning clock
PASS: PURE DATA cursor consumes exactly one own slash
PASS: PURE DATA delivered cancellation preserves attempt without pending replay
PASS: PURE DATA later cancellation retains its earlier frozen canonical cursor
PASS: terminal cannot precede its consumed cursor; original stays untouched
PASS: PURE DATA canonical cursor configures
PASS: PURE DATA cursor arms at inverse full-warning clock
PASS: PURE DATA cursor consumes exactly one own slash
PASS: inert closed pending suffix rejects index; original stays untouched
PASS: PURE DATA canonical cursor configures
PASS: PURE DATA cursor arms at inverse full-warning clock
PASS: PURE DATA cursor consumes exactly one own slash
PASS: inert closed pending suffix rejects duplicate; original stays untouched
PASS: PURE DATA canonical cursor configures
PASS: PURE DATA cursor arms at inverse full-warning clock
PASS: PURE DATA cursor consumes exactly one own slash
PASS: inert closed pending suffix rejects callback; original stays untouched
PASS: PURE DATA canonical cursor configures
PASS: PURE DATA cursor arms at inverse full-warning clock
PASS: PURE DATA cursor consumes exactly one own slash
PASS: inert closed pending suffix rejects empty; original stays untouched
PASS: PURE DATA canonical cursor configures
PASS: PURE DATA cursor arms at inverse full-warning clock
PASS: PURE DATA cursor consumes exactly one own slash
PASS: inert closed pending suffix rejects extra; original stays untouched
PASS: closed terminal rejects api; original stays untouched
PASS: closed terminal rejects schema_float; original stays untouched
PASS: closed terminal rejects generation_float; original stays untouched
PASS: closed terminal rejects generation_zero; original stays untouched
PASS: closed terminal rejects generation_skip; original stays untouched
PASS: closed terminal rejects source; original stays untouched
PASS: closed terminal rejects epoch; original stays untouched
PASS: closed terminal rejects extra; original stays untouched
PASS: closed terminal rejects missing; original stays untouched
PASS: closed terminal rejects outcome; original stays untouched
PASS: closed terminal rejects reason; original stays untouched
PASS: closed terminal rejects pending_complete; original stays untouched
PASS: closed terminal rejects early_complete; original stays untouched
PASS: closed terminal rejects integer_clock; original stays untouched
PASS: closed terminal rejects cursor_clock_bit; original stays untouched
PASS: closed terminal rejects cursor_phase; original stays untouched
PASS: closed terminal rejects prefix_omitted; original stays untouched
PASS: closed terminal rejects prefix_duplicate; original stays untouched
PASS: closed terminal rejects opportunity_omitted; original stays untouched
PASS: closed terminal rejects opportunity_hero; original stays untouched
PASS: closed terminal rejects opportunity_clock_bit; original stays untouched
PASS: closed terminal rejects opportunity_scheduled_bit; original stays untouched
PASS: closed terminal rejects opportunity_extra; original stays untouched
PASS: closed terminal rejects contact_integer; original stays untouched
PASS: closed terminal rejects prefix_extra; original stays untouched
PASS: closed terminal rejects prefix_scheduled_bit; original stays untouched
PASS: closed terminal rejects attempt_without_contact; original stays untouched
PASS: closed terminal rejects late_dispatch; original stays untouched
PASS: closed terminal rejects knot_bit; original stays untouched
PASS: closed terminal rejects opening_bit; original stays untouched
PASS: closed terminal rejects profile; original stays untouched
PASS: closed terminal rejects world_bit; original stays untouched
PASS: closed terminal rejects adapter_generation_float; original stays untouched
PASS: closed terminal rejects record_damage_bit; original stays untouched
PASS: closed terminal rejects fake_capture; original stays untouched
PASS: closed terminal rejects fake_gear; original stays untouched
PASS: closed terminal rejects fake_publication; original stays untouched
PASS: one-bit original start_s cannot normalize; original stays untouched
PASS: one-bit original lock_from_s cannot normalize; original stays untouched
PASS: one-bit original active_from_s cannot normalize; original stays untouched
PASS: one-bit original active_until_s cannot normalize; original stays untouched
PASS: one-bit original recovery_until_s cannot normalize; original stays untouched
PASS: one-bit original cooldown_until_s cannot normalize; original stays untouched
PASS: signed-zero control changes native bits while numerically equal
PASS: tagged zeros preserve sign and int/float types
PASS: PURE DATA canonical cursor configures
PASS: signed-zero copied origin cannot replace positive-zero bits; original stays untouched
PASS: PURE DATA canonical cursor configures
PASS: signed-zero copied admission cannot replace positive-zero bits; original stays untouched
PASS: PURE DATA canonical cursor configures
PASS: PURE DATA cursor arms at inverse full-warning clock
PASS: PURE DATA cursor consumes exactly one own slash
PASS: original cancellation rejects clock_bit; original stays untouched
PASS: original cancellation rejects reason; original stays untouched
PASS: original cancellation rejects hero; original stays untouched
PASS: original cancellation rejects extra; original stays untouched
PASS: original cancellation rejects float_generation; original stays untouched
PASS: original cancellation rejects cooldown_bit; original stays untouched
PASS: PURE DATA terminal generation 1 at original completion
PASS: PURE DATA history remains valid at later aggregate without a live historical lease
PASS: PURE DATA ready generation 2 waits for original full cooldown
PASS: PURE DATA running generation 2 keeps predecessor; live lease is parent-owned
PASS: PURE DATA canonical cursor configures
PASS: PURE DATA cursor arms at inverse full-warning clock
PASS: PURE DATA cursor consumes exactly one own slash
PASS: PURE DATA canonical cursor configures
PASS: PURE DATA cursor arms at inverse full-warning clock
PASS: PURE DATA cursor consumes exactly one own slash
PASS: PURE DATA complete/cancelled/complete history retains contiguous 1..3 and cooldowns
PASS: tagged multi-generation roundtrip preserves every frozen bit/type
PASS: journal copy cannot rewrite original resource recipe or retired prefix
PASS: empty pure journal invents no native sources
PASS: PURE DATA first ready generation has no invented predecessor
PASS: journal rejects schema_float; valid history stays untouched
PASS: journal rejects generation_float; valid history stays untouched
PASS: journal rejects generation_zero; valid history stays untouched
PASS: journal rejects start_generation2; valid history stays untouched
PASS: journal rejects missing_history; valid history stays untouched
PASS: journal rejects duplicate_generation; valid history stays untouched
PASS: journal rejects reordered_history; valid history stays untouched
PASS: journal rejects current_sequence; valid history stays untouched
PASS: journal rejects source_epoch; valid history stays untouched
PASS: journal rejects stage; valid history stays untouched
PASS: journal rejects old_seven_keys; valid history stays untouched
PASS: journal rejects extra; valid history stays untouched
PASS: journal rejects source_extra; valid history stays untouched
PASS: journal rejects rewritten_prefix; valid history stays untouched
PASS: journal rejects retired_sequence_reuse; valid history stays untouched
PASS: aggregate cannot precede terminal receipt; valid history stays untouched
PASS: one-bit early aggregate cannot bypass cooldown; valid history stays untouched
PASS: running generation cannot hide an early cooldown; valid history stays untouched
PASS: nonfinite aggregate rejects; valid history stays untouched
PASS: negative aggregate rejects; valid history stays untouched
PASS: PURE DATA canonical cursor configures
PASS: PURE DATA cursor arms at inverse full-warning clock
PASS: PURE DATA cursor consumes exactly one own slash
PASS: independently canonical PURE DATA early_start alternative
PASS: history cannot replace early_start; valid history stays untouched
PASS: PURE DATA canonical cursor configures
PASS: PURE DATA cursor arms at inverse full-warning clock
PASS: PURE DATA cursor consumes exactly one own slash
PASS: independently canonical PURE DATA before_retirement alternative
PASS: history cannot replace before_retirement; valid history stays untouched
PASS: PURE DATA canonical cursor configures
PASS: PURE DATA cursor arms at inverse full-warning clock
PASS: PURE DATA cursor consumes exactly one own slash
PASS: independently canonical PURE DATA hero alternative
PASS: history cannot replace hero; valid history stays untouched
PASS: PURE DATA canonical cursor configures
PASS: PURE DATA cursor arms at inverse full-warning clock
PASS: PURE DATA cursor consumes exactly one own slash
PASS: independently canonical PURE DATA hp_recipe alternative
PASS: history cannot replace hp_recipe; valid history stays untouched
PASS: PURE DATA canonical cursor configures
PASS: PURE DATA cursor arms at inverse full-warning clock
PASS: PURE DATA cursor consumes exactly one own slash
PASS: independently canonical PURE DATA profile alternative
PASS: history cannot replace profile; valid history stays untouched
PASS: PURE DATA canonical cursor configures
PASS: PURE DATA cursor arms at inverse full-warning clock
PASS: PURE DATA cursor consumes exactly one own slash
PASS: independently canonical PURE DATA world alternative
PASS: history cannot replace world; valid history stays untouched
PASS: PURE DATA canonical cursor configures
PASS: PURE DATA cursor arms at inverse full-warning clock
PASS: PURE DATA cursor consumes exactly one own slash
PASS: PURE DATA unique sources retain separate cycle/playback/reservation identities
PASS: journal refuses source identity reuse; valid history stays untouched
PASS: PURE DATA canonical cursor configures
PASS: PURE DATA cursor arms at inverse full-warning clock
PASS: PURE DATA cursor consumes exactly one own slash
PASS: journal refuses sequence identity reuse; valid history stays untouched
PASS: journal refuses playback identity reuse; valid history stays untouched
PASS: journal refuses reservation identity reuse; valid history stays untouched
PASS: 65 sources exceed bounded journal capacity; valid history stays untouched
PASS: 65 receipts exceed bounded source history/transport capacity; valid history stays untouched
PASS: generation 65 cannot evict history for a next cycle; valid history stays untouched
PASS: foreign object branch rejects before deepcopy; original stays untouched
PASS: journal foreign object rejects before copying; valid history stays untouched
PASS: native vector branch rejects before deepcopy; original stays untouched
PASS: journal native vector rejects before copying; valid history stays untouched
PASS: StringName branch rejects before deepcopy; original stays untouched
PASS: journal StringName rejects before copying; valid history stays untouched
PASS: nonfinite branch rejects before deepcopy; original stays untouched
PASS: journal nonfinite rejects before copying; valid history stays untouched
PASS: unsafe integer branch rejects before deepcopy; original stays untouched
PASS: journal unsafe integer rejects before copying; valid history stays untouched
PASS: one-MiB string branch rejects before deepcopy; original stays untouched
PASS: journal one-MiB string rejects before copying; valid history stays untouched
PASS: large container branch rejects before deepcopy; original stays untouched
PASS: journal large container rejects before copying; valid history stays untouched
PASS: cyclic branch rejects before deepcopy; original stays untouched
PASS: journal cyclic rejects before copying; valid history stays untouched
PASS: depth40 branch rejects before deepcopy; original stays untouched
PASS: journal depth40 rejects before copying; valid history stays untouched
PASS: expanding aliases branch rejects before deepcopy; original stays untouched
PASS: journal expanding aliases rejects before copying; valid history stays untouched
PASS: actual capture control arms at a paused actor boundary
PASS: actual public dash is only a captured-provenance control
PASS: captured constructor derives actual completed dash/primary: 
PASS: valid actual capture cannot masquerade as an own-enemy terminal; original stays untouched
PASS: valid actual capture cannot replace authored journal provenance; valid history stays untouched
Authored echo lifecycle codec smoke: 233 checks, 0 failures; PURE DATA history, not native admissions/HP/two-cycle proof
