Waiting for the shared Godot session to close…
Godot Engine v4.7.2.stable.official.ed1daf0bf - https://godotengine.org

TEST ONLY hostile native restore inputs: actual paused ready-gen1 donor, fresh native recipient; no admission/earned history/physical restore/campaign claim
PASS: actual lifecycle Scheduler begins one retained native encounter
PASS: TEST ONLY paused initial zero-ammo seed, no post-admission resources assignment
PASS: actual immutable HP32 source retains own native renderer, recipe and actual floor environment
PASS: actual lifecycle source configures its genuine first authored program: 
PASS: public first opt-in retains actual owner/Hero/controller with no previous lease/history: 
PASS: first ready generation is exactly one with no invented terminal receipt
PASS: lifecycle-restore-input-initial-ready deferred paused whole native unit captures:  / 
PASS: lifecycle-restore-input-initial-ready actual isolated format2 write retains native exact types: 
PASS: lifecycle-restore-input-initial-ready actual disk transport preserves complete paired byte/type identity
PASS: restore-input-initial-ready format2 disk retains actual Player/native source/API2 and conditional Scheduler3 one whole journal
PASS: genuine paused initial packet has native HP32 and no admission, consumed event or fabricated terminal history
PASS: fresh native recipient begins its actual initial encounter while paused
PASS: fresh TEST ONLY input subclass initializes genuine native source/script/renderer resources at the immutable HP32 knot
PASS: fresh input source configures initial authored recipe without managed registration or admission
PASS: cycle actual native hook rejects preparation with an honest reason before recursive copy/allocation
PASS: cycle failed preparation preserves complete Player/Scheduler/source clocks, HP, original script/mesh/material/cue identities, native renderer pose and empty history without callbacks
PASS: cycle same actual recipient remains usable for clean bounded native recipe preparation: 
PASS: cycle clean quiet preparation changes no true native HP/resources/renderer pose, Player/Scheduler clocks or callbacks
PASS: cycle successful construction has only the exact prepared ready recipe, no earned receipt or committed Scheduler journal
PASS: fresh native recipient begins its actual initial encounter while paused
PASS: fresh TEST ONLY input subclass initializes genuine native source/script/renderer resources at the immutable HP32 knot
PASS: fresh input source configures initial authored recipe without managed registration or admission
PASS: object actual native hook rejects preparation with an honest reason before recursive copy/allocation
PASS: object failed preparation preserves complete Player/Scheduler/source clocks, HP, original script/mesh/material/cue identities, native renderer pose and empty history without callbacks
PASS: object same actual recipient remains usable for clean bounded native recipe preparation: 
PASS: object clean quiet preparation changes no true native HP/resources/renderer pose, Player/Scheduler clocks or callbacks
PASS: object successful construction has only the exact prepared ready recipe, no earned receipt or committed Scheduler journal
PASS: fresh native recipient begins its actual initial encounter while paused
PASS: fresh TEST ONLY input subclass initializes genuine native source/script/renderer resources at the immutable HP32 knot
PASS: fresh input source configures initial authored recipe without managed registration or admission
PASS: overbudget actual native hook rejects preparation with an honest reason before recursive copy/allocation
PASS: overbudget failed preparation preserves complete Player/Scheduler/source clocks, HP, original script/mesh/material/cue identities, native renderer pose and empty history without callbacks
PASS: overbudget same actual recipient remains usable for clean bounded native recipe preparation: 
PASS: overbudget clean quiet preparation changes no true native HP/resources/renderer pose, Player/Scheduler clocks or callbacks
PASS: overbudget successful construction has only the exact prepared ready recipe, no earned receipt or committed Scheduler journal
PASS: fresh native recipient begins its actual initial encounter while paused
PASS: fresh TEST ONLY input subclass initializes genuine native source/script/renderer resources at the immutable HP32 knot
PASS: fresh input source configures initial authored recipe without managed registration or admission
PASS: nan actual native hook rejects preparation with an honest reason before recursive copy/allocation
PASS: nan failed preparation preserves complete Player/Scheduler/source clocks, HP, original script/mesh/material/cue identities, native renderer pose and empty history without callbacks
PASS: nan same actual recipient remains usable for clean bounded native recipe preparation: 
PASS: nan clean quiet preparation changes no true native HP/resources/renderer pose, Player/Scheduler clocks or callbacks
PASS: nan successful construction has only the exact prepared ready recipe, no earned receipt or committed Scheduler journal
PASS: fresh native recipient begins its actual initial encounter while paused
PASS: fresh TEST ONLY input subclass initializes genuine native source/script/renderer resources at the immutable HP32 knot
PASS: fresh input source configures initial authored recipe without managed registration or admission
PASS: enable control retains the genuinely freed native Hero Variant, no caller proxy
PASS: enable rejects a retained freed Hero honestly before a native cast/access
PASS: enable freed-Hero rejection preserves the complete actual recipient Player/source/controller/resources/pose/clock/history without callbacks
PASS: enable same actual recipient recovers through the matching clean public seam without HP/clock changes or invented earned history: 
PASS: fresh native recipient begins its actual initial encounter while paused
PASS: fresh TEST ONLY input subclass initializes genuine native source/script/renderer resources at the immutable HP32 knot
PASS: fresh input source configures initial authored recipe without managed registration or admission
PASS: prepare control retains the genuinely freed native Hero Variant, no caller proxy
PASS: prepare rejects a retained freed Hero honestly before a native cast/access
PASS: prepare freed-Hero rejection preserves the complete actual recipient Player/source/controller/resources/pose/clock/history without callbacks
PASS: prepare same actual recipient recovers through the matching clean public seam without HP/clock changes or invented earned history: 
PASS: fresh native recipient begins its actual initial encounter while paused
PASS: fresh TEST ONLY input subclass initializes genuine native source/script/renderer resources at the immutable HP32 knot
PASS: fresh input source configures initial authored recipe without managed registration or admission
PASS: actual native environment getter attempts both public mutations once inside genuine Scheduler initial registration
PASS: nested authored commit rejects at its real managed transaction gate before nonexistent-ID validation
PASS: nested tracking update rejects the real managed gate even while unpaused, before nonexistent-ID lookup/pruning
PASS: outer native registration earns only one truthful ready recipe, never an attack/cancellation/history through reentrant getters
PASS: synchronous guarded getter instrumentation changes no actual Player/source HP/resources/native pose/clock and emits no observers
Authored echo restore-input smoke: 65 checks, 0 failures; initial ready recipe controls only
