Godot Engine v4.7.2.stable.official.ed1daf0bf - https://godotengine.org

TEST ONLY native lifecycle: same retained HP32 owner, real first/second primaries, actual cooldown/tombstone expiry; paused initial zero ammo may naturally regenerate; no campaign/portrait/OS/human claim
PASS: actual lifecycle Scheduler begins one retained native encounter
PASS: TEST ONLY paused initial zero-ammo seed, no post-admission resources assignment
PASS: actual immutable HP32 source retains own native renderer, recipe and actual floor environment
PASS: actual lifecycle source configures its genuine first authored program: 
PASS: public first opt-in retains actual owner/Hero/controller with no previous lease/history: 
PASS: first ready generation is exactly one with no invented terminal receipt
PASS: immutable initial HP32 and genuine ordinary primary20 make the first hit nonlethal; entry ammo is zero
PASS: actual exclusive stationary source receives complete live-body own-enemy witness: 
PASS: native required footprint derives from exact own source/world/floor program
PASS: projected owner binds exact actual exclusive Player without a capture gate: 
PASS: actual due lock revalidates full lead and current actual Player: 
PASS: own cursor consumes actual canonical lock without retiming or new proof
PASS: actual world dash moves Hero only; source body/renderer resources and HP stay fixed
PASS: nested actual dispatch cannot redeliver current cycle prefix
PASS: actual world dash moves Hero only; source body/renderer resources and HP stay fixed
PASS: real native return reaches the original fixed recovery knot in ordinary primary range
PASS: actual first tap aims from last screen release and uses ordinary primary, without blast ammo spending or movement damage
PASS: first real shared return/primary leaves the same owner alive HP12 with no blast or private reset
PASS: lifecycle-lifecycle-complete-before-expiry deferred paused whole native unit captures:  / 
PASS: lifecycle-lifecycle-complete-before-expiry actual isolated format2 write retains native exact types: 
PASS: lifecycle-lifecycle-complete-before-expiry actual disk transport preserves complete paired byte/type identity
PASS: lifecycle-complete-before-expiry format2 disk retains actual Player/native source/API2 and conditional Scheduler3 one whole journal
PASS: real completed first exchange seals its consumed miss and original cooldown before expiry
PASS: actual completed managed native ticks advance Scheduler independently without repeated inert actor advance scans
PASS: inert completed native frames retain exact original cursor/receipt, native pose, HP and once-only delivery
PASS: lifecycle-lifecycle-complete-after-inert-ticks deferred paused whole native unit captures:  / 
PASS: lifecycle-lifecycle-complete-after-inert-ticks actual isolated format2 write retains native exact types: 
PASS: lifecycle-lifecycle-complete-after-inert-ticks actual disk transport preserves complete paired byte/type identity
PASS: lifecycle-complete-after-inert-ticks format2 disk retains actual Player/native source/API2 and conditional Scheduler3 one whole journal
PASS: complete-before-expiry same actual current pair restores quietly without HP/history rollback: 
PASS: actual lifecycle Scheduler begins one retained native encounter
PASS: actual immutable HP32 source retains own native renderer, recipe and actual floor environment
PASS: actual lifecycle source configures its genuine first authored program: 
PASS: fresh native Player/source/Scheduler staged preflight precedes recipe preparation: 
PASS: public fresh immutable saved-generation recipe preparation changes no actual HP/clock/history: 
PASS: prepared recipe is distinct from an earned terminal receipt; true physical and Scheduler state are still pristine
PASS: prepared current program fully prevalidates whole paired unit before authoritative physical/history commit: 
PASS: actual Playback cannot restore before the paired actor/Scheduler commit
PASS: distinct paused restore-only actual packet joins true source HP/gen and real Scheduler, without fabricating an earned terminal getter
PASS: quiet actual Player -> source physical -> Scheduler3 -> Playback2 restores current phase/history/native renderer without callbacks: /
PASS: finished fresh pair removes construction-only recipe and preserves exact saved resources/gen/program/physical state
PASS: lifecycle-fresh-quiet-complete-before-expiry deferred paused whole native unit captures:  / 
PASS: lifecycle-fresh-quiet-complete-before-expiry actual isolated format2 write retains native exact types: 
PASS: lifecycle-fresh-quiet-complete-before-expiry actual disk transport preserves complete paired byte/type identity
PASS: fresh-quiet-complete-before-expiry format2 disk retains actual Player/native source/API2 and conditional Scheduler3 one whole journal
PASS: lifecycle-fresh-quiet-repeat-complete-before-expiry deferred paused whole native unit captures:  / 
PASS: lifecycle-fresh-quiet-repeat-complete-before-expiry actual isolated format2 write retains native exact types: 
PASS: lifecycle-fresh-quiet-repeat-complete-before-expiry actual disk transport preserves complete paired byte/type identity
PASS: fresh-quiet-repeat-complete-before-expiry format2 disk retains actual Player/native source/API2 and conditional Scheduler3 one whole journal
PASS: complete-before-expiry fresh recipient remains paused with original clocks/resources and zero redelivery
PASS: pure next-generation constructor uses the same native immutable recipe/world: 
PASS: lifecycle-lifecycle-before-early-refusal deferred paused whole native unit captures:  / 
PASS: lifecycle-lifecycle-before-early-refusal actual isolated format2 write retains native exact types: 
PASS: lifecycle-lifecycle-before-early-refusal actual disk transport preserves complete paired byte/type identity
PASS: lifecycle-before-early-refusal format2 disk retains actual Player/native source/API2 and conditional Scheduler3 one whole journal
PASS: same actual owner cannot prepare next generation before original native cooldown
PASS: legacy reconfigure/initial opt-in cannot clear earned managed history
PASS: lifecycle-lifecycle-after-early-refusal deferred paused whole native unit captures:  / 
PASS: lifecycle-lifecycle-after-early-refusal actual isolated format2 write retains native exact types: 
PASS: lifecycle-lifecycle-after-early-refusal actual disk transport preserves complete paired byte/type identity
PASS: lifecycle-after-early-refusal format2 disk retains actual Player/native source/API2 and conditional Scheduler3 one whole journal
PASS: early rearm refusals leave HP/resources/prefix/history/original cooldown unchanged
PASS: lifecycle-same-id-before deferred paused whole native unit captures:  / 
PASS: lifecycle-same-id-before actual isolated format2 write retains native exact types: 
PASS: lifecycle-same-id-before actual disk transport preserves complete paired byte/type identity
PASS: same-id-before format2 disk retains actual Player/native source/API2 and conditional Scheduler3 one whole journal
PASS: labelled negative builds a same-ID fresh physical source without executing or copying earned HP/history
PASS: same stable ID cannot rebind retained Scheduler history to a different actual owner
PASS: lifecycle-same-id-after deferred paused whole native unit captures:  / 
PASS: lifecycle-same-id-after actual isolated format2 write retains native exact types: 
PASS: lifecycle-same-id-after actual disk transport preserves complete paired byte/type identity
PASS: same-id-after format2 disk retains actual Player/native source/API2 and conditional Scheduler3 one whole journal
PASS: same-ID refusal preserves original native HP/cooldown/receipt and frees the unused negative source
PASS: lifecycle-lifecycle-complete-after-expiry deferred paused whole native unit captures:  / 
PASS: lifecycle-lifecycle-complete-after-expiry actual isolated format2 write retains native exact types: 
PASS: lifecycle-lifecycle-complete-after-expiry actual disk transport preserves complete paired byte/type identity
PASS: lifecycle-complete-after-expiry format2 disk retains actual Player/native source/API2 and conditional Scheduler3 one whole journal
PASS: real clock expiry leaves the original completed receipt frozen, no regenerated native cooldown
PASS: lifecycle-next-refusal-before deferred paused whole native unit captures:  / 
PASS: lifecycle-next-refusal-before actual isolated format2 write retains native exact types: 
PASS: lifecycle-next-refusal-before actual disk transport preserves complete paired byte/type identity
PASS: next-refusal-before format2 disk retains actual Player/native source/API2 and conditional Scheduler3 one whole journal
PASS: pure next-generation constructor uses the same native immutable recipe/world: 
PASS: pure next-generation constructor uses the same native immutable recipe/world: 
PASS: retired Playback identity cannot be reused at actual cooldown expiry
PASS: equal float generation cannot replace canonical integer generation
PASS: pure next-generation constructor uses the same native immutable recipe/world: 
PASS: same actual owner cannot skip the contiguous next generation
PASS: next cycle cannot substitute one-bit raw definition or actual world revision
PASS: lifecycle-next-refusal-after deferred paused whole native unit captures:  / 
PASS: lifecycle-next-refusal-after actual isolated format2 write retains native exact types: 
PASS: lifecycle-next-refusal-after actual disk transport preserves complete paired byte/type identity
PASS: next-refusal-after format2 disk retains actual Player/native source/API2 and conditional Scheduler3 one whole journal
PASS: all malformed next preparations are atomic for actual HP/cooldown/native resources/history
PASS: same actual surviving owner prepares exactly generation2 after original cooldown: 
PASS: successful preparation preserves original HP/native objects and retires only the current exchange, not earlier history
PASS: lifecycle-lifecycle-ready-two deferred paused whole native unit captures:  / 
PASS: lifecycle-lifecycle-ready-two actual isolated format2 write retains native exact types: 
PASS: lifecycle-lifecycle-ready-two actual disk transport preserves complete paired byte/type identity
PASS: lifecycle-ready-two format2 disk retains actual Player/native source/API2 and conditional Scheduler3 one whole journal
PASS: ready2 has its closed12-key prospective program and exact predecessor, no fabricated current admission/events
PASS: ready-two same actual current pair restores quietly without HP/history rollback: 
PASS: actual lifecycle Scheduler begins one retained native encounter
PASS: actual immutable HP32 source retains own native renderer, recipe and actual floor environment
PASS: actual lifecycle source configures its genuine first authored program: 
PASS: fresh native Player/source/Scheduler staged preflight precedes recipe preparation: 
PASS: public fresh immutable saved-generation recipe preparation changes no actual HP/clock/history: 
PASS: prepared recipe is distinct from an earned terminal receipt; true physical and Scheduler state are still pristine
PASS: prepared current program fully prevalidates whole paired unit before authoritative physical/history commit: 
PASS: actual Playback cannot restore before the paired actor/Scheduler commit
PASS: distinct paused restore-only actual packet joins true source HP/gen and real Scheduler, without fabricating an earned terminal getter
PASS: quiet actual Player -> source physical -> Scheduler3 -> Playback2 restores current phase/history/native renderer without callbacks: /
PASS: finished fresh pair removes construction-only recipe and preserves exact saved resources/gen/program/physical state
PASS: lifecycle-fresh-quiet-ready-two deferred paused whole native unit captures:  / 
PASS: lifecycle-fresh-quiet-ready-two actual isolated format2 write retains native exact types: 
PASS: lifecycle-fresh-quiet-ready-two actual disk transport preserves complete paired byte/type identity
PASS: fresh-quiet-ready-two format2 disk retains actual Player/native source/API2 and conditional Scheduler3 one whole journal
PASS: lifecycle-fresh-quiet-repeat-ready-two deferred paused whole native unit captures:  / 
PASS: lifecycle-fresh-quiet-repeat-ready-two actual isolated format2 write retains native exact types: 
PASS: lifecycle-fresh-quiet-repeat-ready-two actual disk transport preserves complete paired byte/type identity
PASS: fresh-quiet-repeat-ready-two format2 disk retains actual Player/native source/API2 and conditional Scheduler3 one whole journal
PASS: ready-two fresh recipient remains paused with original clocks/resources and zero redelivery
PASS: actual exclusive stationary source receives complete live-body own-enemy witness: 
PASS: native required footprint derives from exact own source/world/floor program
PASS: projected owner binds exact actual exclusive Player without a capture gate: 
PASS: lifecycle-lifecycle-running-two deferred paused whole native unit captures:  / 
PASS: lifecycle-lifecycle-running-two actual isolated format2 write retains native exact types: 
PASS: lifecycle-lifecycle-running-two actual disk transport preserves complete paired byte/type identity
PASS: lifecycle-running-two format2 disk retains actual Player/native source/API2 and conditional Scheduler3 one whole journal
PASS: second actual preview has one new lease and unchanged predecessor; no past event or third admission
PASS: running-two same actual current pair restores quietly without HP/history rollback: 
PASS: actual lifecycle Scheduler begins one retained native encounter
PASS: actual immutable HP32 source retains own native renderer, recipe and actual floor environment
PASS: actual lifecycle source configures its genuine first authored program: 
PASS: fresh native Player/source/Scheduler staged preflight precedes recipe preparation: 
PASS: public fresh immutable saved-generation recipe preparation changes no actual HP/clock/history: 
PASS: prepared recipe is distinct from an earned terminal receipt; true physical and Scheduler state are still pristine
PASS: prepared current program fully prevalidates whole paired unit before authoritative physical/history commit: 
PASS: actual Playback cannot restore before the paired actor/Scheduler commit
PASS: distinct paused restore-only actual packet joins true source HP/gen and real Scheduler, without fabricating an earned terminal getter
PASS: quiet actual Player -> source physical -> Scheduler3 -> Playback2 restores current phase/history/native renderer without callbacks: /
PASS: finished fresh pair removes construction-only recipe and preserves exact saved resources/gen/program/physical state
PASS: lifecycle-fresh-quiet-running-two deferred paused whole native unit captures:  / 
PASS: lifecycle-fresh-quiet-running-two actual isolated format2 write retains native exact types: 
PASS: lifecycle-fresh-quiet-running-two actual disk transport preserves complete paired byte/type identity
PASS: fresh-quiet-running-two format2 disk retains actual Player/native source/API2 and conditional Scheduler3 one whole journal
PASS: lifecycle-fresh-quiet-repeat-running-two deferred paused whole native unit captures:  / 
PASS: lifecycle-fresh-quiet-repeat-running-two actual isolated format2 write retains native exact types: 
PASS: lifecycle-fresh-quiet-repeat-running-two actual disk transport preserves complete paired byte/type identity
PASS: fresh-quiet-repeat-running-two format2 disk retains actual Player/native source/API2 and conditional Scheduler3 one whole journal
PASS: running-two fresh recipient remains paused with original clocks/resources and zero redelivery
PASS: lifecycle-history-negative-before deferred paused whole native unit captures:  / 
PASS: lifecycle-history-negative-before actual isolated format2 write retains native exact types: 
PASS: lifecycle-history-negative-before actual disk transport preserves complete paired byte/type identity
PASS: history-negative-before format2 disk retains actual Player/native source/API2 and conditional Scheduler3 one whole journal
PASS: lifecycle-history-negative-after-155 deferred paused whole native unit captures:  / 
PASS: lifecycle-history-negative-after-155 actual isolated format2 write retains native exact types: 
PASS: lifecycle-history-negative-after-155 actual disk transport preserves complete paired byte/type identity
PASS: history-negative-after-155 format2 disk retains actual Player/native source/API2 and conditional Scheduler3 one whole journal
PASS: closed actual paired float native generation rejects without HP/prefix/history/resources mutation
PASS: lifecycle-history-negative-after-160 deferred paused whole native unit captures:  / 
PASS: lifecycle-history-negative-after-160 actual isolated format2 write retains native exact types: 
PASS: lifecycle-history-negative-after-160 actual disk transport preserves complete paired byte/type identity
PASS: history-negative-after-160 format2 disk retains actual Player/native source/API2 and conditional Scheduler3 one whole journal
PASS: closed actual paired one-bit copied aggregate clock rejects without HP/prefix/history/resources mutation
PASS: lifecycle-history-negative-after-165 deferred paused whole native unit captures:  / 
PASS: lifecycle-history-negative-after-165 actual isolated format2 write retains native exact types: 
PASS: lifecycle-history-negative-after-165 actual disk transport preserves complete paired byte/type identity
PASS: history-negative-after-165 format2 disk retains actual Player/native source/API2 and conditional Scheduler3 one whole journal
PASS: closed actual paired integer copied clock rejects without HP/prefix/history/resources mutation
PASS: lifecycle-history-negative-after-170 deferred paused whole native unit captures:  / 
PASS: lifecycle-history-negative-after-170 actual isolated format2 write retains native exact types: 
PASS: lifecycle-history-negative-after-170 actual disk transport preserves complete paired byte/type identity
PASS: history-negative-after-170 format2 disk retains actual Player/native source/API2 and conditional Scheduler3 one whole journal
PASS: closed actual paired one-bit native definition rejects without HP/prefix/history/resources mutation
PASS: lifecycle-history-negative-after-175 deferred paused whole native unit captures:  / 
PASS: lifecycle-history-negative-after-175 actual isolated format2 write retains native exact types: 
PASS: lifecycle-history-negative-after-175 actual disk transport preserves complete paired byte/type identity
PASS: history-negative-after-175 format2 disk retains actual Player/native source/API2 and conditional Scheduler3 one whole journal
PASS: closed actual paired one-bit native resource descriptor rejects without HP/prefix/history/resources mutation
PASS: lifecycle-history-negative-after-180 deferred paused whole native unit captures:  / 
PASS: lifecycle-history-negative-after-180 actual isolated format2 write retains native exact types: 
PASS: lifecycle-history-negative-after-180 actual disk transport preserves complete paired byte/type identity
PASS: history-negative-after-180 format2 disk retains actual Player/native source/API2 and conditional Scheduler3 one whole journal
PASS: closed actual paired foreign actor epoch rejects without HP/prefix/history/resources mutation
PASS: lifecycle-history-negative-after-185 deferred paused whole native unit captures:  / 
PASS: lifecycle-history-negative-after-185 actual isolated format2 write retains native exact types: 
PASS: lifecycle-history-negative-after-185 actual disk transport preserves complete paired byte/type identity
PASS: history-negative-after-185 format2 disk retains actual Player/native source/API2 and conditional Scheduler3 one whole journal
PASS: closed actual paired omitted predecessor receipt rejects without HP/prefix/history/resources mutation
PASS: lifecycle-history-negative-after-190 deferred paused whole native unit captures:  / 
PASS: lifecycle-history-negative-after-190 actual isolated format2 write retains native exact types: 
PASS: lifecycle-history-negative-after-190 actual disk transport preserves complete paired byte/type identity
PASS: history-negative-after-190 format2 disk retains actual Player/native source/API2 and conditional Scheduler3 one whole journal
PASS: closed actual paired rewritten original cooldown rejects without HP/prefix/history/resources mutation
PASS: lifecycle-history-negative-after-195 deferred paused whole native unit captures:  / 
PASS: lifecycle-history-negative-after-195 actual isolated format2 write retains native exact types: 
PASS: lifecycle-history-negative-after-195 actual disk transport preserves complete paired byte/type identity
PASS: history-negative-after-195 format2 disk retains actual Player/native source/API2 and conditional Scheduler3 one whole journal
PASS: closed actual paired duplicate retired identity/history rejects without HP/prefix/history/resources mutation
PASS: same retained native owner rejects a structurally valid earlier generation/history packet, no rewind
PASS: fresh preparation API cannot reset a previously admitted actual owner
PASS: lifecycle-history-negative-final deferred paused whole native unit captures:  / 
PASS: lifecycle-history-negative-final actual isolated format2 write retains native exact types: 
PASS: lifecycle-history-negative-final actual disk transport preserves complete paired byte/type identity
PASS: history-negative-final format2 disk retains actual Player/native source/API2 and conditional Scheduler3 one whole journal
PASS: failed downgrade/fresh-preparation leave exact current whole native unit unchanged
PASS: actual due lock revalidates full lead and current actual Player: 
PASS: own cursor consumes actual canonical lock without retiming or new proof
PASS: actual world dash moves Hero only; source body/renderer resources and HP stay fixed
PASS: nested actual dispatch cannot redeliver current cycle prefix
PASS: actual world dash moves Hero only; source body/renderer resources and HP stay fixed
PASS: real native return reaches the original fixed recovery knot in ordinary primary range
PASS: actual source death seals its original cancellation/history before death observers
PASS: pure next-generation constructor uses the same native immutable recipe/world: 
PASS: actual death observer cannot recursively rearm or revive the source
PASS: actual first tap aims from last screen release and uses ordinary primary, without blast ammo spending or movement damage
PASS: same native owner completes both ordinary routes and dies only to its second real primary, with distinct once-only slash events and no HP/resource reset
PASS: lifecycle-lifecycle-cancel-before-expiry deferred paused whole native unit captures:  / 
PASS: lifecycle-lifecycle-cancel-before-expiry actual isolated format2 write retains native exact types: 
PASS: lifecycle-lifecycle-cancel-before-expiry actual disk transport preserves complete paired byte/type identity
PASS: lifecycle-cancel-before-expiry format2 disk retains actual Player/native source/API2 and conditional Scheduler3 one whole journal
PASS: original actual gen2 defeat carries exact cancelled prefix/deadline and retained cancellation tombstone
PASS: cancel-before-expiry same actual current pair restores quietly without HP/history rollback: 
PASS: actual lifecycle Scheduler begins one retained native encounter
PASS: actual immutable HP32 source retains own native renderer, recipe and actual floor environment
PASS: actual lifecycle source configures its genuine first authored program: 
PASS: fresh native Player/source/Scheduler staged preflight precedes recipe preparation: 
PASS: public fresh immutable saved-generation recipe preparation changes no actual HP/clock/history: 
PASS: prepared recipe is distinct from an earned terminal receipt; true physical and Scheduler state are still pristine
PASS: prepared current program fully prevalidates whole paired unit before authoritative physical/history commit: 
PASS: actual Playback cannot restore before the paired actor/Scheduler commit
PASS: distinct paused restore-only actual packet joins true source HP/gen and real Scheduler, without fabricating an earned terminal getter
PASS: quiet actual Player -> source physical -> Scheduler3 -> Playback2 restores current phase/history/native renderer without callbacks: /
PASS: finished fresh pair removes construction-only recipe and preserves exact saved resources/gen/program/physical state
PASS: lifecycle-fresh-quiet-cancel-before-expiry deferred paused whole native unit captures:  / 
PASS: lifecycle-fresh-quiet-cancel-before-expiry actual isolated format2 write retains native exact types: 
PASS: lifecycle-fresh-quiet-cancel-before-expiry actual disk transport preserves complete paired byte/type identity
PASS: fresh-quiet-cancel-before-expiry format2 disk retains actual Player/native source/API2 and conditional Scheduler3 one whole journal
PASS: lifecycle-fresh-quiet-repeat-cancel-before-expiry deferred paused whole native unit captures:  / 
PASS: lifecycle-fresh-quiet-repeat-cancel-before-expiry actual isolated format2 write retains native exact types: 
PASS: lifecycle-fresh-quiet-repeat-cancel-before-expiry actual disk transport preserves complete paired byte/type identity
PASS: fresh-quiet-repeat-cancel-before-expiry format2 disk retains actual Player/native source/API2 and conditional Scheduler3 one whole journal
PASS: cancel-before-expiry fresh recipient remains paused with original clocks/resources and zero redelivery
PASS: lifecycle-lifecycle-late-dead deferred paused whole native unit captures:  / 
PASS: lifecycle-lifecycle-late-dead actual isolated format2 write retains native exact types: 
PASS: lifecycle-lifecycle-late-dead actual disk transport preserves complete paired byte/type identity
PASS: lifecycle-late-dead format2 disk retains actual Player/native source/API2 and conditional Scheduler3 one whole journal
PASS: later real aggregate ticks prune live tombstone/cooldown but preserve trueHP0/original defeat time and both immutable original receipts/prefixes
PASS: lifecycle-history-negative-before deferred paused whole native unit captures:  / 
PASS: lifecycle-history-negative-before actual isolated format2 write retains native exact types: 
PASS: lifecycle-history-negative-before actual disk transport preserves complete paired byte/type identity
PASS: history-negative-before format2 disk retains actual Player/native source/API2 and conditional Scheduler3 one whole journal
PASS: lifecycle-history-negative-after-253 deferred paused whole native unit captures:  / 
PASS: lifecycle-history-negative-after-253 actual isolated format2 write retains native exact types: 
PASS: lifecycle-history-negative-after-253 actual disk transport preserves complete paired byte/type identity
PASS: history-negative-after-253 format2 disk retains actual Player/native source/API2 and conditional Scheduler3 one whole journal
PASS: closed actual paired float native generation rejects without HP/prefix/history/resources mutation
PASS: lifecycle-history-negative-after-258 deferred paused whole native unit captures:  / 
PASS: lifecycle-history-negative-after-258 actual isolated format2 write retains native exact types: 
PASS: lifecycle-history-negative-after-258 actual disk transport preserves complete paired byte/type identity
PASS: history-negative-after-258 format2 disk retains actual Player/native source/API2 and conditional Scheduler3 one whole journal
PASS: closed actual paired one-bit copied aggregate clock rejects without HP/prefix/history/resources mutation
PASS: lifecycle-history-negative-after-263 deferred paused whole native unit captures:  / 
PASS: lifecycle-history-negative-after-263 actual isolated format2 write retains native exact types: 
PASS: lifecycle-history-negative-after-263 actual disk transport preserves complete paired byte/type identity
PASS: history-negative-after-263 format2 disk retains actual Player/native source/API2 and conditional Scheduler3 one whole journal
PASS: closed actual paired integer copied clock rejects without HP/prefix/history/resources mutation
PASS: lifecycle-history-negative-after-268 deferred paused whole native unit captures:  / 
PASS: lifecycle-history-negative-after-268 actual isolated format2 write retains native exact types: 
PASS: lifecycle-history-negative-after-268 actual disk transport preserves complete paired byte/type identity
PASS: history-negative-after-268 format2 disk retains actual Player/native source/API2 and conditional Scheduler3 one whole journal
PASS: closed actual paired one-bit native definition rejects without HP/prefix/history/resources mutation
PASS: lifecycle-history-negative-after-273 deferred paused whole native unit captures:  / 
PASS: lifecycle-history-negative-after-273 actual isolated format2 write retains native exact types: 
PASS: lifecycle-history-negative-after-273 actual disk transport preserves complete paired byte/type identity
PASS: history-negative-after-273 format2 disk retains actual Player/native source/API2 and conditional Scheduler3 one whole journal
PASS: closed actual paired one-bit native resource descriptor rejects without HP/prefix/history/resources mutation
PASS: lifecycle-history-negative-after-278 deferred paused whole native unit captures:  / 
PASS: lifecycle-history-negative-after-278 actual isolated format2 write retains native exact types: 
PASS: lifecycle-history-negative-after-278 actual disk transport preserves complete paired byte/type identity
PASS: history-negative-after-278 format2 disk retains actual Player/native source/API2 and conditional Scheduler3 one whole journal
PASS: closed actual paired foreign actor epoch rejects without HP/prefix/history/resources mutation
PASS: lifecycle-history-negative-after-283 deferred paused whole native unit captures:  / 
PASS: lifecycle-history-negative-after-283 actual isolated format2 write retains native exact types: 
PASS: lifecycle-history-negative-after-283 actual disk transport preserves complete paired byte/type identity
PASS: history-negative-after-283 format2 disk retains actual Player/native source/API2 and conditional Scheduler3 one whole journal
PASS: closed actual paired omitted predecessor receipt rejects without HP/prefix/history/resources mutation
PASS: lifecycle-history-negative-after-288 deferred paused whole native unit captures:  / 
PASS: lifecycle-history-negative-after-288 actual isolated format2 write retains native exact types: 
PASS: lifecycle-history-negative-after-288 actual disk transport preserves complete paired byte/type identity
PASS: history-negative-after-288 format2 disk retains actual Player/native source/API2 and conditional Scheduler3 one whole journal
PASS: closed actual paired rewritten original cooldown rejects without HP/prefix/history/resources mutation
PASS: lifecycle-history-negative-after-293 deferred paused whole native unit captures:  / 
PASS: lifecycle-history-negative-after-293 actual isolated format2 write retains native exact types: 
PASS: lifecycle-history-negative-after-293 actual disk transport preserves complete paired byte/type identity
PASS: history-negative-after-293 format2 disk retains actual Player/native source/API2 and conditional Scheduler3 one whole journal
PASS: closed actual paired duplicate retired identity/history rejects without HP/prefix/history/resources mutation
PASS: lifecycle-history-negative-after-298 deferred paused whole native unit captures:  / 
PASS: lifecycle-history-negative-after-298 actual isolated format2 write retains native exact types: 
PASS: lifecycle-history-negative-after-298 actual disk transport preserves complete paired byte/type identity
PASS: history-negative-after-298 format2 disk retains actual Player/native source/API2 and conditional Scheduler3 one whole journal
PASS: closed actual paired revived physical source rejects without HP/prefix/history/resources mutation
PASS: lifecycle-history-negative-after-303 deferred paused whole native unit captures:  / 
PASS: lifecycle-history-negative-after-303 actual isolated format2 write retains native exact types: 
PASS: lifecycle-history-negative-after-303 actual disk transport preserves complete paired byte/type identity
PASS: history-negative-after-303 format2 disk retains actual Player/native source/API2 and conditional Scheduler3 one whole journal
PASS: closed actual paired rewritten consumed opportunity rejects without HP/prefix/history/resources mutation
PASS: same retained native owner rejects a structurally valid earlier generation/history packet, no rewind
PASS: fresh preparation API cannot reset a previously admitted actual owner
PASS: lifecycle-history-negative-final deferred paused whole native unit captures:  / 
PASS: lifecycle-history-negative-final actual isolated format2 write retains native exact types: 
PASS: lifecycle-history-negative-final actual disk transport preserves complete paired byte/type identity
PASS: history-negative-final format2 disk retains actual Player/native source/API2 and conditional Scheduler3 one whole journal
PASS: failed downgrade/fresh-preparation leave exact current whole native unit unchanged
PASS: late-dead same actual current pair restores quietly without HP/history rollback: 
PASS: actual lifecycle Scheduler begins one retained native encounter
PASS: actual immutable HP32 source retains own native renderer, recipe and actual floor environment
PASS: actual lifecycle source configures its genuine first authored program: 
PASS: fresh native Player/source/Scheduler staged preflight precedes recipe preparation: 
PASS: public fresh immutable saved-generation recipe preparation changes no actual HP/clock/history: 
PASS: prepared recipe is distinct from an earned terminal receipt; true physical and Scheduler state are still pristine
PASS: prepared current program fully prevalidates whole paired unit before authoritative physical/history commit: 
PASS: actual Playback cannot restore before the paired actor/Scheduler commit
PASS: distinct paused restore-only actual packet joins true source HP/gen and real Scheduler, without fabricating an earned terminal getter
PASS: quiet actual Player -> source physical -> Scheduler3 -> Playback2 restores current phase/history/native renderer without callbacks: /
PASS: finished fresh pair removes construction-only recipe and preserves exact saved resources/gen/program/physical state
PASS: fresh paused late-dead world restores actual source HP/lifecycle/gen2 without revive or reexecution
PASS: actual restored late-dead continuation stays inert with unchanged native resources/HP and zero past event/death callbacks
PASS: lifecycle-lifecycle-dead-before-refusal deferred paused whole native unit captures:  / 
PASS: lifecycle-lifecycle-dead-before-refusal actual isolated format2 write retains native exact types: 
PASS: lifecycle-lifecycle-dead-before-refusal actual disk transport preserves complete paired byte/type identity
PASS: lifecycle-dead-before-refusal format2 disk retains actual Player/native source/API2 and conditional Scheduler3 one whole journal
PASS: pure next-generation constructor uses the same native immutable recipe/world: 
PASS: lifecycle-lifecycle-dead-after-refusal deferred paused whole native unit captures:  / 
PASS: lifecycle-lifecycle-dead-after-refusal actual isolated format2 write retains native exact types: 
PASS: lifecycle-lifecycle-dead-after-refusal actual disk transport preserves complete paired byte/type identity
PASS: lifecycle-dead-after-refusal format2 disk retains actual Player/native source/API2 and conditional Scheduler3 one whole journal
PASS: dead actual owner cannot regrant a lease, clear history or regenerate HP after original expiry
PASS: actual lifecycle Scheduler begins one retained native encounter
PASS: actual immutable HP32 source retains own native renderer, recipe and actual floor environment
PASS: actual lifecycle source configures its genuine first authored program: 
PASS: actual fresh native mesh substitution rejects before any physical/history restore
PASS: actual lifecycle Scheduler begins one retained native encounter
PASS: actual immutable HP32 source retains own native renderer, recipe and actual floor environment
PASS: actual lifecycle source configures its genuine first authored program: 
PASS: actual fresh native material substitution rejects before any physical/history restore
PASS: actual lifecycle Scheduler begins one retained native encounter
PASS: actual immutable HP32 source retains own native renderer, recipe and actual floor environment
PASS: actual lifecycle source configures its genuine first authored program: 
PASS: actual fresh native floor substitution rejects before any physical/history restore
PASS: negative fresh recipients never replace or mutate the retained donor
PASS: actual lifecycle Scheduler begins one retained native encounter
PASS: TEST ONLY paused initial zero-ammo seed, no post-admission resources assignment
PASS: actual immutable HP32 source retains own native renderer, recipe and actual floor environment
PASS: actual lifecycle source configures its genuine first authored program: 
PASS: public first opt-in retains actual owner/Hero/controller with no previous lease/history: 
PASS: first ready generation is exactly one with no invented terminal receipt
PASS: genuine second settled Hero is excluded from the unchanged donor static collision fingerprint
PASS: actual exclusive stationary source receives complete live-body own-enemy witness: 
PASS: native required footprint derives from exact own source/world/floor program
PASS: projected owner binds exact actual exclusive Player without a capture gate: 
PASS: lifecycle-binding-domain-before deferred paused whole native unit captures:  / 
PASS: lifecycle-binding-domain-before actual isolated format2 write retains native exact types: 
PASS: lifecycle-binding-domain-before actual disk transport preserves complete paired byte/type identity
PASS: binding-domain-before format2 disk retains actual Player/native source/API2 and conditional Scheduler3 one whole journal
PASS: first actual preview/required warning and journal are valid before registration controls
PASS: registration control's own actual source/recipe/world/floor preflight passes independently: 
PASS: individually valid different-hero cannot enter an existing actual Hero/root/floor aggregate or acquire journal authority
PASS: lifecycle-binding-domain-after-different-hero deferred paused whole native unit captures:  / 
PASS: lifecycle-binding-domain-after-different-hero actual isolated format2 write retains native exact types: 
PASS: lifecycle-binding-domain-after-different-hero actual disk transport preserves complete paired byte/type identity
PASS: binding-domain-after-different-hero format2 disk retains actual Player/native source/API2 and conditional Scheduler3 one whole journal
PASS: different-hero refusal preserves exact original Player/source/history/current native warning/lease, local native resources/pose and pure world fingerprint
PASS: registration control's own actual source/recipe/world/floor preflight passes independently: 
PASS: individually valid different-hero-id cannot enter an existing actual Hero/root/floor aggregate or acquire journal authority
PASS: lifecycle-binding-domain-after-different-hero-id deferred paused whole native unit captures:  / 
PASS: lifecycle-binding-domain-after-different-hero-id actual isolated format2 write retains native exact types: 
PASS: lifecycle-binding-domain-after-different-hero-id actual disk transport preserves complete paired byte/type identity
PASS: binding-domain-after-different-hero-id format2 disk retains actual Player/native source/API2 and conditional Scheduler3 one whole journal
PASS: different-hero-id refusal preserves exact original Player/source/history/current native warning/lease, local native resources/pose and pure world fingerprint
PASS: registration control's own actual source/recipe/world/floor preflight passes independently: 
PASS: individually valid nested-root cannot enter an existing actual Hero/root/floor aggregate or acquire journal authority
PASS: lifecycle-binding-domain-after-nested-root deferred paused whole native unit captures:  / 
PASS: lifecycle-binding-domain-after-nested-root actual isolated format2 write retains native exact types: 
PASS: lifecycle-binding-domain-after-nested-root actual disk transport preserves complete paired byte/type identity
PASS: binding-domain-after-nested-root format2 disk retains actual Player/native source/API2 and conditional Scheduler3 one whole journal
PASS: nested-root refusal preserves exact original Player/source/history/current native warning/lease, local native resources/pose and pure world fingerprint
PASS: registration control's own actual source/recipe/world/floor preflight passes independently: 
PASS: positive second actual source with the same actual Hero/exact root/full native floor domain can register
PASS: same-domain positive capture contains two distinct truthful sources without changing the first preview/event prefix or inventing second history
PASS: actual lifecycle Scheduler begins one retained native encounter
PASS: TEST ONLY paused initial zero-ammo seed, no post-admission resources assignment
PASS: actual immutable HP32 source retains own native renderer, recipe and actual floor environment
PASS: actual lifecycle source configures its genuine first authored program: 
PASS: public first opt-in retains actual owner/Hero/controller with no previous lease/history: 
PASS: first ready generation is exactly one with no invented terminal receipt
PASS: actual exclusive stationary source receives complete live-body own-enemy witness: 
PASS: native required footprint derives from exact own source/world/floor program
PASS: projected owner binds exact actual exclusive Player without a capture gate: 
PASS: actual due lock revalidates full lead and current actual Player: 
PASS: own cursor consumes actual canonical lock without retiming or new proof
PASS: genuine active Cue observer cancels the actual native lease synchronously
PASS: nested cancellation seals exact original undelivered contact/history before remaining Cue observers, with no damage
PASS: pure next-generation constructor uses the same native immutable recipe/world: 
PASS: notifying active Cue is immediately concealed; recursive next preparation cannot restore damage authority
PASS: held notifying Cue cannot publish a falsely clear save before genuine deferred native clear
PASS: later real Cue observer sees sealed cancellation and concealed native meshes, never an active hazard
PASS: bounded actual native event reaches both nested cancellation observers
PASS: post-notification deferred native clear is quiet, preserves original receipt/resources and cannot replay Cue/state/hit observers
PASS: lifecycle-nested-native-cue-cancel deferred paused whole native unit captures:  / 
PASS: lifecycle-nested-native-cue-cancel actual isolated format2 write retains native exact types: 
PASS: lifecycle-nested-native-cue-cancel actual disk transport preserves complete paired byte/type identity
PASS: nested-native-cue-cancel format2 disk retains actual Player/native source/API2 and conditional Scheduler3 one whole journal
PASS: actual lifecycle Scheduler begins one retained native encounter
PASS: actual immutable HP32 source retains own native renderer, recipe and actual floor environment
PASS: actual lifecycle source configures its genuine first authored program: 
PASS: fresh native Player/source/Scheduler staged preflight precedes recipe preparation: 
PASS: public fresh immutable saved-generation recipe preparation changes no actual HP/clock/history: 
PASS: prepared recipe is distinct from an earned terminal receipt; true physical and Scheduler state are still pristine
PASS: prepared current program fully prevalidates whole paired unit before authoritative physical/history commit: 
PASS: actual Playback cannot restore before the paired actor/Scheduler commit
PASS: distinct paused restore-only actual packet joins true source HP/gen and real Scheduler, without fabricating an earned terminal getter
PASS: quiet actual Player -> source physical -> Scheduler3 -> Playback2 restores current phase/history/native renderer without callbacks: /
PASS: finished fresh pair removes construction-only recipe and preserves exact saved resources/gen/program/physical state
PASS: fresh paused nested-cancel restore retains actual harmless native presentation and original inert receipt without observers
PASS: pure next-generation constructor uses the same native immutable recipe/world: 
PASS: surviving same actual owner may prepare its next genuine generation after original nested-cancel cooldown
PASS: lifecycle-nested-cancel-next-ready deferred paused whole native unit captures:  / 
PASS: lifecycle-nested-cancel-next-ready actual isolated format2 write retains native exact types: 
PASS: lifecycle-nested-cancel-next-ready actual disk transport preserves complete paired byte/type identity
PASS: nested-cancel-next-ready format2 disk retains actual Player/native source/API2 and conditional Scheduler3 one whole journal
PASS: next readiness retains original cancelled history/HP/native objects and emits no replayed cancellation/event or damage
PASS: actual lifecycle Scheduler begins one retained native encounter
PASS: TEST ONLY paused initial zero-ammo seed, no post-admission resources assignment
PASS: actual immutable HP32 source retains own native renderer, recipe and actual floor environment
PASS: actual lifecycle source configures its genuine first authored program: 
PASS: public first opt-in retains actual owner/Hero/controller with no previous lease/history: 
PASS: first ready generation is exactly one with no invented terminal receipt
PASS: actual exclusive stationary source receives complete live-body own-enemy witness: 
PASS: native required footprint derives from exact own source/world/floor program
PASS: projected owner binds exact actual exclusive Player without a capture gate: 
PASS: actual due lock revalidates full lead and current actual Player: 
PASS: own cursor consumes actual canonical lock without retiming or new proof
PASS: held real active cue starts an actual unfinished Player dash
PASS: cue genuine native observer holds the original dispatch boundary
PASS: lifecycle-held-cue deferred paused whole native unit captures:  / 
PASS: lifecycle-held-cue actual isolated format2 write retains native exact types: 
PASS: lifecycle-held-cue actual disk transport preserves complete paired byte/type identity
PASS: held-cue format2 disk retains actual Player/native source/API2 and conditional Scheduler3 one whole journal
PASS: projected pending transport retains original accepted contact/time before actual damage, with unfinished dash
PASS: actual lifecycle Scheduler begins one retained native encounter
PASS: actual immutable HP32 source retains own native renderer, recipe and actual floor environment
PASS: actual lifecycle source configures its genuine first authored program: 
PASS: fresh native Player/source/Scheduler staged preflight precedes recipe preparation: 
PASS: public fresh immutable saved-generation recipe preparation changes no actual HP/clock/history: 
PASS: prepared recipe is distinct from an earned terminal receipt; true physical and Scheduler state are still pristine
PASS: prepared current program fully prevalidates whole paired unit before authoritative physical/history commit: 
PASS: actual Playback cannot restore before the paired actor/Scheduler commit
PASS: distinct paused restore-only actual packet joins true source HP/gen and real Scheduler, without fabricating an earned terminal getter
PASS: quiet actual Player -> source physical -> Scheduler3 -> Playback2 restores current phase/history/native renderer without callbacks: /
PASS: finished fresh pair removes construction-only recipe and preserves exact saved resources/gen/program/physical state
PASS: cue fresh native renderer reconstructs actual last presented pose, not an unpresented cursor proxy
PASS: cue actual first resumed physics tick drains only undelivered prefix; invulnerable dash/death/consumed hit cannot duplicate HP
PASS: accepted original contact survives resumed actual movement with exact original receipt clocks
PASS: actual lifecycle Scheduler begins one retained native encounter
PASS: TEST ONLY paused initial zero-ammo seed, no post-admission resources assignment
PASS: actual immutable HP32 source retains own native renderer, recipe and actual floor environment
PASS: actual lifecycle source configures its genuine first authored program: 
PASS: public first opt-in retains actual owner/Hero/controller with no previous lease/history: 
PASS: first ready generation is exactly one with no invented terminal receipt
PASS: actual exclusive stationary source receives complete live-body own-enemy witness: 
PASS: native required footprint derives from exact own source/world/floor program
PASS: projected owner binds exact actual exclusive Player without a capture gate: 
PASS: actual due lock revalidates full lead and current actual Player: 
PASS: own cursor consumes actual canonical lock without retiming or new proof
PASS: nested actual event observer cannot duplicate its once-only prefix
PASS: event genuine native observer holds the original dispatch boundary
PASS: lifecycle-held-event deferred paused whole native unit captures:  / 
PASS: lifecycle-held-event actual isolated format2 write retains native exact types: 
PASS: lifecycle-held-event actual disk transport preserves complete paired byte/type identity
PASS: held-event format2 disk retains actual Player/native source/API2 and conditional Scheduler3 one whole journal
PASS: held event observer has already consumed original damage and notification before its remaining visual/state boundary
PASS: actual lifecycle Scheduler begins one retained native encounter
PASS: actual immutable HP32 source retains own native renderer, recipe and actual floor environment
PASS: actual lifecycle source configures its genuine first authored program: 
PASS: fresh native Player/source/Scheduler staged preflight precedes recipe preparation: 
PASS: public fresh immutable saved-generation recipe preparation changes no actual HP/clock/history: 
PASS: prepared recipe is distinct from an earned terminal receipt; true physical and Scheduler state are still pristine
PASS: prepared current program fully prevalidates whole paired unit before authoritative physical/history commit: 
PASS: actual Playback cannot restore before the paired actor/Scheduler commit
PASS: distinct paused restore-only actual packet joins true source HP/gen and real Scheduler, without fabricating an earned terminal getter
PASS: quiet actual Player -> source physical -> Scheduler3 -> Playback2 restores current phase/history/native renderer without callbacks: /
PASS: finished fresh pair removes construction-only recipe and preserves exact saved resources/gen/program/physical state
PASS: event fresh native renderer reconstructs actual last presented pose, not an unpresented cursor proxy
PASS: event actual first resumed physics tick drains only undelivered prefix; invulnerable dash/death/consumed hit cannot duplicate HP
PASS: actual lifecycle Scheduler begins one retained native encounter
PASS: TEST ONLY paused initial zero-ammo seed, no post-admission resources assignment
PASS: actual immutable HP32 source retains own native renderer, recipe and actual floor environment
PASS: actual lifecycle source configures its genuine first authored program: 
PASS: public first opt-in retains actual owner/Hero/controller with no previous lease/history: 
PASS: first ready generation is exactly one with no invented terminal receipt
PASS: actual exclusive stationary source receives complete live-body own-enemy witness: 
PASS: native required footprint derives from exact own source/world/floor program
PASS: projected owner binds exact actual exclusive Player without a capture gate: 
PASS: actual due lock revalidates full lead and current actual Player: 
PASS: own cursor consumes actual canonical lock without retiming or new proof
PASS: nested actual event observer cannot duplicate its once-only prefix
PASS: state genuine native observer holds the original dispatch boundary
PASS: lifecycle-held-state deferred paused whole native unit captures:  / 
PASS: lifecycle-held-state actual isolated format2 write retains native exact types: 
PASS: lifecycle-held-state actual disk transport preserves complete paired byte/type identity
PASS: held-state format2 disk retains actual Player/native source/API2 and conditional Scheduler3 one whole journal
PASS: held state observer has already consumed original damage and notification before its remaining visual/state boundary
PASS: actual lifecycle Scheduler begins one retained native encounter
PASS: actual immutable HP32 source retains own native renderer, recipe and actual floor environment
PASS: actual lifecycle source configures its genuine first authored program: 
PASS: fresh native Player/source/Scheduler staged preflight precedes recipe preparation: 
PASS: public fresh immutable saved-generation recipe preparation changes no actual HP/clock/history: 
PASS: prepared recipe is distinct from an earned terminal receipt; true physical and Scheduler state are still pristine
PASS: prepared current program fully prevalidates whole paired unit before authoritative physical/history commit: 
PASS: actual Playback cannot restore before the paired actor/Scheduler commit
PASS: distinct paused restore-only actual packet joins true source HP/gen and real Scheduler, without fabricating an earned terminal getter
PASS: quiet actual Player -> source physical -> Scheduler3 -> Playback2 restores current phase/history/native renderer without callbacks: /
PASS: finished fresh pair removes construction-only recipe and preserves exact saved resources/gen/program/physical state
PASS: state fresh native renderer reconstructs actual last presented pose, not an unpresented cursor proxy
PASS: state actual first resumed physics tick drains only undelivered prefix; invulnerable dash/death/consumed hit cannot duplicate HP
PASS: actual lifecycle Scheduler begins one retained native encounter
PASS: TEST ONLY paused initial zero-ammo seed, no post-admission resources assignment
PASS: actual immutable HP32 source retains own native renderer, recipe and actual floor environment
PASS: actual lifecycle source configures its genuine first authored program: 
PASS: public first opt-in retains actual owner/Hero/controller with no previous lease/history: 
PASS: first ready generation is exactly one with no invented terminal receipt
PASS: actual exclusive stationary source receives complete live-body own-enemy witness: 
PASS: native required footprint derives from exact own source/world/floor program
PASS: projected owner binds exact actual exclusive Player without a capture gate: 
PASS: actual due lock revalidates full lead and current actual Player: 
PASS: own cursor consumes actual canonical lock without retiming or new proof
PASS: cue_death genuine native observer holds the original dispatch boundary
PASS: lifecycle-held-cue_death deferred paused whole native unit captures:  / 
PASS: lifecycle-held-cue_death actual isolated format2 write retains native exact types: 
PASS: lifecycle-held-cue_death actual disk transport preserves complete paired byte/type identity
PASS: held-cue_death format2 disk retains actual Player/native source/API2 and conditional Scheduler3 one whole journal
PASS: real active observer death cancels remaining damage without replaying the committed original contact
PASS: actual lifecycle Scheduler begins one retained native encounter
PASS: actual immutable HP32 source retains own native renderer, recipe and actual floor environment
PASS: actual lifecycle source configures its genuine first authored program: 
PASS: fresh native Player/source/Scheduler staged preflight precedes recipe preparation: 
PASS: public fresh immutable saved-generation recipe preparation changes no actual HP/clock/history: 
PASS: prepared recipe is distinct from an earned terminal receipt; true physical and Scheduler state are still pristine
PASS: prepared current program fully prevalidates whole paired unit before authoritative physical/history commit: 
PASS: actual Playback cannot restore before the paired actor/Scheduler commit
PASS: distinct paused restore-only actual packet joins true source HP/gen and real Scheduler, without fabricating an earned terminal getter
PASS: quiet actual Player -> source physical -> Scheduler3 -> Playback2 restores current phase/history/native renderer without callbacks: /
PASS: finished fresh pair removes construction-only recipe and preserves exact saved resources/gen/program/physical state
PASS: cue_death fresh native renderer reconstructs actual last presented pose, not an unpresented cursor proxy
PASS: cue_death actual first resumed physics tick drains only undelivered prefix; invulnerable dash/death/consumed hit cannot duplicate HP
Authored echo lifecycle smoke: 557 checks, 0 failures; same-owner two-cycle route plus isolated native callback/transport controls
