Waiting for the shared Godot session to close…
WorkerThreadPool: 8 threads, 2 max low-priority.
Godot Engine v4.7.2.stable.official.ed1daf0bf - https://godotengine.org
TextServer: Added interface "Dummy"
TextServer: Added interface "ICU / HarfBuzz / Graphite (Built-in)"
SDL: Init OK!
Using "default" pen tablet driver...

TextServer: Primary interface set to: "ICU / HarfBuzz / Graphite (Built-in)".
CORE API HASH: 2004498165
EDITOR API HASH: 1696660745
Loading resource: res://tests/authored_echo_playback_smoke.gd remapped: res://tests/authored_echo_playback_smoke.gd
Loading resource: res://scenes/player.tscn remapped: res://scenes/player.tscn
Loading resource: res://scripts/player.gd remapped: res://scripts/player.gd
Completed load for: 'res://scripts/player.gd' remapped 'res://scripts/player.gd' at thread -1
Completed load for: 'res://scenes/player.tscn' remapped 'res://scenes/player.tscn' at thread -1
Loading resource: res://scenes/practice_target.tscn remapped: res://scenes/practice_target.tscn
Loading resource: res://scripts/practice_target.gd remapped: res://scripts/practice_target.gd
Completed load for: 'res://scripts/practice_target.gd' remapped 'res://scripts/practice_target.gd' at thread -1
Completed load for: 'res://scenes/practice_target.tscn' remapped 'res://scenes/practice_target.tscn' at thread -1
Loading resource: res://scenes/lab_arena.tscn remapped: res://scenes/lab_arena.tscn
Completed load for: 'res://scenes/lab_arena.tscn' remapped 'res://scenes/lab_arena.tscn' at thread -1
SCRIPT ERROR: Parse Error: The member "_source_id" already exists in parent class CinderReplayPlayback.
          at: GDScript::reload (res://tests/fixtures/authored_echo_actor.gd:56)
SCRIPT ERROR: Compile Error: Failed to compile depended scripts.
          at: GDScript::reload (res://tests/authored_echo_playback_smoke.gd:0)
ERROR: Failed to load script "res://tests/authored_echo_playback_smoke.gd" with error "Compilation failed".
   at: load (modules/gdscript/gdscript_resource_format.cpp:46)
Completed load for: 'res://tests/authored_echo_playback_smoke.gd' remapped 'res://tests/authored_echo_playback_smoke.gd' at thread -1
SceneTreeFTI: traversal method DEFAULT
Loaded system CA certificates
PASS: actual Scheduler selects a fresh raw Standard encounter
PASS: TEST ONLY initial paused empty-ammo seed retains coherent actual actor
SCRIPT ERROR: Invalid call. Nonexistent function 'new' in base 'GDScript'.
          at: _arena (res://tests/authored_echo_playback_smoke.gd:328)
          GDScript backtrace (most recent call first):
              [0] _arena (res://tests/authored_echo_playback_smoke.gd:328)
SCRIPT ERROR: Invalid access to property or key 'actor' on a base object of type 'Dictionary'.
          at: _install (res://tests/authored_echo_playback_smoke.gd:345)
          GDScript backtrace (most recent call first):
              [0] _install (res://tests/authored_echo_playback_smoke.gd:345)
              [1] _ordinary_cycle (res://tests/authored_echo_playback_smoke.gd:48)
              [2] _arena (res://tests/authored_echo_playback_smoke.gd:328)
SCRIPT ERROR: Invalid access to property or key 'host' on a base object of type 'Dictionary'.
          at: _retire (res://tests/authored_echo_playback_smoke.gd:559)
          GDScript backtrace (most recent call first):
              [0] _retire (res://tests/authored_echo_playback_smoke.gd:559)
              [1] _dispose (res://tests/authored_echo_playback_smoke.gd:566)
              [2] _ordinary_cycle (res://tests/authored_echo_playback_smoke.gd:50)
              [3] _arena (res://tests/authored_echo_playback_smoke.gd:328)
PASS: actual Scheduler selects a fresh raw Standard encounter
PASS: legal paused pre-encounter gear selects CLOTH-J1
PASS: legal paused pre-encounter gear selects CLOTH-P2
PASS: legal paused pre-encounter gear selects CLOTH-S2
PASS: legal paused pre-encounter gear selects WEAPON-04
PASS: TEST ONLY initial paused empty-ammo seed retains coherent actual actor
SCRIPT ERROR: Invalid call. Nonexistent function 'new' in base 'GDScript'.
          at: _arena (res://tests/authored_echo_playback_smoke.gd:328)
          GDScript backtrace (most recent call first):
              [0] _arena (res://tests/authored_echo_playback_smoke.gd:328)
SCRIPT ERROR: Invalid access to property or key 'actor' on a base object of type 'Dictionary'.
          at: _install (res://tests/authored_echo_playback_smoke.gd:345)
          GDScript backtrace (most recent call first):
              [0] _install (res://tests/authored_echo_playback_smoke.gd:345)
              [1] _ordinary_cycle (res://tests/authored_echo_playback_smoke.gd:48)
              [2] _arena (res://tests/authored_echo_playback_smoke.gd:328)
SCRIPT ERROR: Invalid access to property or key 'host' on a base object of type 'Dictionary'.
          at: _retire (res://tests/authored_echo_playback_smoke.gd:559)
          GDScript backtrace (most recent call first):
              [0] _retire (res://tests/authored_echo_playback_smoke.gd:559)
              [1] _dispose (res://tests/authored_echo_playback_smoke.gd:566)
              [2] _ordinary_cycle (res://tests/authored_echo_playback_smoke.gd:50)
              [3] _arena (res://tests/authored_echo_playback_smoke.gd:328)
PASS: actual Scheduler selects a fresh raw Standard encounter
PASS: TEST ONLY initial paused empty-ammo seed retains coherent actual actor
SCRIPT ERROR: Invalid call. Nonexistent function 'new' in base 'GDScript'.
          at: _arena (res://tests/authored_echo_playback_smoke.gd:328)
          GDScript backtrace (most recent call first):
              [0] _arena (res://tests/authored_echo_playback_smoke.gd:328)
SCRIPT ERROR: Invalid access to property or key 'actor' on a base object of type 'Dictionary'.
          at: _install (res://tests/authored_echo_playback_smoke.gd:345)
          GDScript backtrace (most recent call first):
              [0] _install (res://tests/authored_echo_playback_smoke.gd:345)
              [1] _mid_route_restore (res://tests/authored_echo_playback_smoke.gd:94)
              [2] _arena (res://tests/authored_echo_playback_smoke.gd:328)
SCRIPT ERROR: Invalid access to property or key 'host' on a base object of type 'Dictionary'.
          at: _retire (res://tests/authored_echo_playback_smoke.gd:559)
          GDScript backtrace (most recent call first):
              [0] _retire (res://tests/authored_echo_playback_smoke.gd:559)
              [1] _dispose (res://tests/authored_echo_playback_smoke.gd:566)
              [2] _mid_route_restore (res://tests/authored_echo_playback_smoke.gd:96)
              [3] _arena (res://tests/authored_echo_playback_smoke.gd:328)
PASS: actual Scheduler selects a fresh raw Standard encounter
PASS: TEST ONLY initial paused empty-ammo seed retains coherent actual actor
SCRIPT ERROR: Invalid call. Nonexistent function 'new' in base 'GDScript'.
          at: _arena (res://tests/authored_echo_playback_smoke.gd:328)
          GDScript backtrace (most recent call first):
              [0] _arena (res://tests/authored_echo_playback_smoke.gd:328)
SCRIPT ERROR: Invalid access to property or key 'actor' on a base object of type 'Dictionary'.
          at: _install (res://tests/authored_echo_playback_smoke.gd:345)
          GDScript backtrace (most recent call first):
              [0] _install (res://tests/authored_echo_playback_smoke.gd:345)
              [1] _held_delivery (res://tests/authored_echo_playback_smoke.gd:126)
              [2] _arena (res://tests/authored_echo_playback_smoke.gd:328)
SCRIPT ERROR: Invalid access to property or key 'host' on a base object of type 'Dictionary'.
          at: _retire (res://tests/authored_echo_playback_smoke.gd:559)
          GDScript backtrace (most recent call first):
              [0] _retire (res://tests/authored_echo_playback_smoke.gd:559)
              [1] _dispose (res://tests/authored_echo_playback_smoke.gd:566)
              [2] _held_delivery (res://tests/authored_echo_playback_smoke.gd:128)
              [3] _arena (res://tests/authored_echo_playback_smoke.gd:328)
PASS: actual Scheduler selects a fresh raw Standard encounter
PASS: TEST ONLY initial paused empty-ammo seed retains coherent actual actor
SCRIPT ERROR: Invalid call. Nonexistent function 'new' in base 'GDScript'.
          at: _arena (res://tests/authored_echo_playback_smoke.gd:328)
          GDScript backtrace (most recent call first):
              [0] _arena (res://tests/authored_echo_playback_smoke.gd:328)
SCRIPT ERROR: Invalid access to property or key 'actor' on a base object of type 'Dictionary'.
          at: _install (res://tests/authored_echo_playback_smoke.gd:345)
          GDScript backtrace (most recent call first):
              [0] _install (res://tests/authored_echo_playback_smoke.gd:345)
              [1] _held_delivery (res://tests/authored_echo_playback_smoke.gd:126)
              [2] _arena (res://tests/authored_echo_playback_smoke.gd:328)
SCRIPT ERROR: Invalid access to property or key 'host' on a base object of type 'Dictionary'.
          at: _retire (res://tests/authored_echo_playback_smoke.gd:559)
          GDScript backtrace (most recent call first):
              [0] _retire (res://tests/authored_echo_playback_smoke.gd:559)
              [1] _dispose (res://tests/authored_echo_playback_smoke.gd:566)
              [2] _held_delivery (res://tests/authored_echo_playback_smoke.gd:128)
              [3] _arena (res://tests/authored_echo_playback_smoke.gd:328)
PASS: actual Scheduler selects a fresh raw Standard encounter
PASS: TEST ONLY initial paused empty-ammo seed retains coherent actual actor
SCRIPT ERROR: Invalid call. Nonexistent function 'new' in base 'GDScript'.
          at: _arena (res://tests/authored_echo_playback_smoke.gd:328)
          GDScript backtrace (most recent call first):
              [0] _arena (res://tests/authored_echo_playback_smoke.gd:328)
SCRIPT ERROR: Invalid access to property or key 'actor' on a base object of type 'Dictionary'.
          at: _install (res://tests/authored_echo_playback_smoke.gd:345)
          GDScript backtrace (most recent call first):
              [0] _install (res://tests/authored_echo_playback_smoke.gd:345)
              [1] _held_delivery (res://tests/authored_echo_playback_smoke.gd:126)
              [2] _arena (res://tests/authored_echo_playback_smoke.gd:328)
SCRIPT ERROR: Invalid access to property or key 'host' on a base object of type 'Dictionary'.
          at: _retire (res://tests/authored_echo_playback_smoke.gd:559)
          GDScript backtrace (most recent call first):
              [0] _retire (res://tests/authored_echo_playback_smoke.gd:559)
              [1] _dispose (res://tests/authored_echo_playback_smoke.gd:566)
              [2] _held_delivery (res://tests/authored_echo_playback_smoke.gd:128)
              [3] _arena (res://tests/authored_echo_playback_smoke.gd:328)
PASS: actual Scheduler selects a fresh raw Standard encounter
PASS: TEST ONLY initial paused empty-ammo seed retains coherent actual actor
SCRIPT ERROR: Invalid call. Nonexistent function 'new' in base 'GDScript'.
          at: _arena (res://tests/authored_echo_playback_smoke.gd:328)
          GDScript backtrace (most recent call first):
              [0] _arena (res://tests/authored_echo_playback_smoke.gd:328)
SCRIPT ERROR: Invalid access to property or key 'actor' on a base object of type 'Dictionary'.
          at: _install (res://tests/authored_echo_playback_smoke.gd:345)
          GDScript backtrace (most recent call first):
              [0] _install (res://tests/authored_echo_playback_smoke.gd:345)
              [1] _held_delivery (res://tests/authored_echo_playback_smoke.gd:126)
              [2] _arena (res://tests/authored_echo_playback_smoke.gd:328)
SCRIPT ERROR: Invalid access to property or key 'host' on a base object of type 'Dictionary'.
          at: _retire (res://tests/authored_echo_playback_smoke.gd:559)
          GDScript backtrace (most recent call first):
              [0] _retire (res://tests/authored_echo_playback_smoke.gd:559)
              [1] _dispose (res://tests/authored_echo_playback_smoke.gd:566)
              [2] _held_delivery (res://tests/authored_echo_playback_smoke.gd:128)
              [3] _arena (res://tests/authored_echo_playback_smoke.gd:328)
PASS: actual Scheduler selects a fresh raw Standard encounter
PASS: TEST ONLY initial paused empty-ammo seed retains coherent actual actor
SCRIPT ERROR: Invalid call. Nonexistent function 'new' in base 'GDScript'.
          at: _arena (res://tests/authored_echo_playback_smoke.gd:328)
          GDScript backtrace (most recent call first):
              [0] _arena (res://tests/authored_echo_playback_smoke.gd:328)
SCRIPT ERROR: Invalid access to property or key 'actor' on a base object of type 'Dictionary'.
          at: _install (res://tests/authored_echo_playback_smoke.gd:345)
          GDScript backtrace (most recent call first):
              [0] _install (res://tests/authored_echo_playback_smoke.gd:345)
              [1] _renderer_faults (res://tests/authored_echo_playback_smoke.gd:201)
              [2] _arena (res://tests/authored_echo_playback_smoke.gd:328)
SCRIPT ERROR: Invalid access to property or key 'host' on a base object of type 'Dictionary'.
          at: _retire (res://tests/authored_echo_playback_smoke.gd:559)
          GDScript backtrace (most recent call first):
              [0] _retire (res://tests/authored_echo_playback_smoke.gd:559)
              [1] _dispose (res://tests/authored_echo_playback_smoke.gd:566)
              [2] _renderer_faults (res://tests/authored_echo_playback_smoke.gd:203)
              [3] _arena (res://tests/authored_echo_playback_smoke.gd:328)
PASS: actual Scheduler selects a fresh raw Standard encounter
PASS: TEST ONLY initial paused empty-ammo seed retains coherent actual actor
SCRIPT ERROR: Invalid call. Nonexistent function 'new' in base 'GDScript'.
          at: _arena (res://tests/authored_echo_playback_smoke.gd:328)
          GDScript backtrace (most recent call first):
              [0] _arena (res://tests/authored_echo_playback_smoke.gd:328)
SCRIPT ERROR: Invalid access to property or key 'actor' on a base object of type 'Dictionary'.
          at: _install (res://tests/authored_echo_playback_smoke.gd:345)
          GDScript backtrace (most recent call first):
              [0] _install (res://tests/authored_echo_playback_smoke.gd:345)
              [1] _renderer_faults (res://tests/authored_echo_playback_smoke.gd:201)
              [2] _arena (res://tests/authored_echo_playback_smoke.gd:328)
SCRIPT ERROR: Invalid access to property or key 'host' on a base object of type 'Dictionary'.
          at: _retire (res://tests/authored_echo_playback_smoke.gd:559)
          GDScript backtrace (most recent call first):
              [0] _retire (res://tests/authored_echo_playback_smoke.gd:559)
              [1] _dispose (res://tests/authored_echo_playback_smoke.gd:566)
              [2] _renderer_faults (res://tests/authored_echo_playback_smoke.gd:203)
              [3] _arena (res://tests/authored_echo_playback_smoke.gd:328)
PASS: actual Scheduler selects a fresh raw Standard encounter
PASS: TEST ONLY initial paused empty-ammo seed retains coherent actual actor
SCRIPT ERROR: Invalid call. Nonexistent function 'new' in base 'GDScript'.
          at: _arena (res://tests/authored_echo_playback_smoke.gd:328)
          GDScript backtrace (most recent call first):
              [0] _arena (res://tests/authored_echo_playback_smoke.gd:328)
SCRIPT ERROR: Invalid access to property or key 'actor' on a base object of type 'Dictionary'.
          at: _install (res://tests/authored_echo_playback_smoke.gd:345)
          GDScript backtrace (most recent call first):
              [0] _install (res://tests/authored_echo_playback_smoke.gd:345)
              [1] _renderer_faults (res://tests/authored_echo_playback_smoke.gd:201)
              [2] _arena (res://tests/authored_echo_playback_smoke.gd:328)
SCRIPT ERROR: Invalid access to property or key 'host' on a base object of type 'Dictionary'.
          at: _retire (res://tests/authored_echo_playback_smoke.gd:559)
          GDScript backtrace (most recent call first):
              [0] _retire (res://tests/authored_echo_playback_smoke.gd:559)
              [1] _dispose (res://tests/authored_echo_playback_smoke.gd:566)
              [2] _renderer_faults (res://tests/authored_echo_playback_smoke.gd:203)
              [3] _arena (res://tests/authored_echo_playback_smoke.gd:328)
PASS: actual Scheduler selects a fresh raw Standard encounter
PASS: TEST ONLY initial paused empty-ammo seed retains coherent actual actor
SCRIPT ERROR: Invalid call. Nonexistent function 'new' in base 'GDScript'.
          at: _arena (res://tests/authored_echo_playback_smoke.gd:328)
          GDScript backtrace (most recent call first):
              [0] _arena (res://tests/authored_echo_playback_smoke.gd:328)
SCRIPT ERROR: Invalid access to property or key 'actor' on a base object of type 'Dictionary'.
          at: _install (res://tests/authored_echo_playback_smoke.gd:345)
          GDScript backtrace (most recent call first):
              [0] _install (res://tests/authored_echo_playback_smoke.gd:345)
              [1] _renderer_observer_boundaries (res://tests/authored_echo_playback_smoke.gd:237)
              [2] _arena (res://tests/authored_echo_playback_smoke.gd:328)
SCRIPT ERROR: Invalid access to property or key 'host' on a base object of type 'Dictionary'.
          at: _retire (res://tests/authored_echo_playback_smoke.gd:559)
          GDScript backtrace (most recent call first):
              [0] _retire (res://tests/authored_echo_playback_smoke.gd:559)
              [1] _dispose (res://tests/authored_echo_playback_smoke.gd:566)
              [2] _renderer_observer_boundaries (res://tests/authored_echo_playback_smoke.gd:239)
              [3] _arena (res://tests/authored_echo_playback_smoke.gd:328)
PASS: actual Scheduler selects a fresh raw Standard encounter
PASS: TEST ONLY initial paused empty-ammo seed retains coherent actual actor
SCRIPT ERROR: Invalid call. Nonexistent function 'new' in base 'GDScript'.
          at: _arena (res://tests/authored_echo_playback_smoke.gd:328)
          GDScript backtrace (most recent call first):
              [0] _arena (res://tests/authored_echo_playback_smoke.gd:328)
SCRIPT ERROR: Invalid access to property or key 'actor' on a base object of type 'Dictionary'.
          at: _install (res://tests/authored_echo_playback_smoke.gd:345)
          GDScript backtrace (most recent call first):
              [0] _install (res://tests/authored_echo_playback_smoke.gd:345)
              [1] _renderer_observer_boundaries (res://tests/authored_echo_playback_smoke.gd:237)
              [2] _arena (res://tests/authored_echo_playback_smoke.gd:328)
SCRIPT ERROR: Invalid access to property or key 'host' on a base object of type 'Dictionary'.
          at: _retire (res://tests/authored_echo_playback_smoke.gd:559)
          GDScript backtrace (most recent call first):
              [0] _retire (res://tests/authored_echo_playback_smoke.gd:559)
              [1] _dispose (res://tests/authored_echo_playback_smoke.gd:566)
              [2] _renderer_observer_boundaries (res://tests/authored_echo_playback_smoke.gd:239)
              [3] _arena (res://tests/authored_echo_playback_smoke.gd:328)
Authored echo playback smoke: 28 checks, 0 failures
XR: Clearing primary interface
XR: Removed interface "Native mobile"
XR: Removed interface "OpenXR"
