Godot Engine v4.7.2.stable.official.ed1daf0bf - https://godotengine.org
TextServer: Added interface "Dummy"
TextServer: Added interface "ICU / HarfBuzz / Graphite (Built-in)"
SDL: Init OK!
Using "default" pen tablet driver...

TextServer: Primary interface set to: "ICU / HarfBuzz / Graphite (Built-in)".
CORE API HASH: 2004498165
EDITOR API HASH: 1696660745
Loading resource: res://tests/authored_echo_projection_smoke.gd remapped: res://tests/authored_echo_projection_smoke.gd
Completed load for: 'res://tests/authored_echo_projection_smoke.gd' remapped 'res://tests/authored_echo_projection_smoke.gd' at thread -1
SceneTreeFTI: traversal method DEFAULT
Loaded system CA certificates
PASS: actual Scheduler begins a fixed profile/world fixture
PASS: actual Box floor signature is available
PASS: actual static native collision fingerprint is available
PASS: typed source-owned TEST ONLY program resolves against real fixed world: 
PASS: plain actual native floor/LOS projection accepts: 
PASS: pure authored planning changes no real source/controller clock, reservations, callbacks or diagnostics
PASS: separately typed plan retains exact source/profile/program identity
PASS: one original enemy slash has ordinal custody with no Player/capture record
PASS: whole-program and actual current-world pure guards accept exact plan
PASS: tagged JSON retains exact authored header/record/mesh bytes
PASS: all typed authored event/native construction preflight is pure
PASS: fresh authored binding stages immutable native receipts silently
PASS: actual ArrayMesh fill and clipped boundary strips are present
PASS: authored warning preserves native required custody and callback grammar
PASS: raw logical source/cone and native mesh identities remain unchanged under transformed parent
PASS: native fill retains encoded floor plane plus existing cosmetic lift
PASS: authored lock preserves native required custody and callback grammar
PASS: raw logical source/cone and native mesh identities remain unchanged under transformed parent
PASS: native fill retains encoded floor plane plus existing cosmetic lift
PASS: authored active preserves native required custody and callback grammar
PASS: raw logical source/cone and native mesh identities remain unchanged under transformed parent
PASS: native fill retains encoded floor plane plus existing cosmetic lift
PASS: authored recovery preserves native required custody and callback grammar
PASS: raw logical source/cone and native mesh identities remain unchanged under transformed parent
PASS: native fill retains encoded floor plane plus existing cosmetic lift
PASS: ordinary phase callbacks and clear preserve intact hidden receipts
PASS: quiet reconstruction presents actual authored meshes without callbacks
PASS: every original outer/hole boundary remains explicitly closed
PASS: native cue creation/phase/clear leaves actual source and Scheduler untouched
PASS: actual Scheduler begins a fixed profile/world fixture
PASS: actual Box floor signature is available
PASS: actual static native collision fingerprint is available
PASS: typed source-owned TEST ONLY program resolves against real fixed world: 
PASS: hole actual native floor/LOS projection accepts: 
PASS: pure authored planning changes no real source/controller clock, reservations, callbacks or diagnostics
PASS: separately typed plan retains exact source/profile/program identity
PASS: one original enemy slash has ordinal custody with no Player/capture record
PASS: whole-program and actual current-world pure guards accept exact plan
PASS: tagged JSON retains exact authored header/record/mesh bytes
PASS: all typed authored event/native construction preflight is pure
PASS: fresh authored binding stages immutable native receipts silently
PASS: actual ArrayMesh fill and clipped boundary strips are present
PASS: authored warning preserves native required custody and callback grammar
PASS: raw logical source/cone and native mesh identities remain unchanged under transformed parent
PASS: native fill retains encoded floor plane plus existing cosmetic lift
PASS: authored lock preserves native required custody and callback grammar
PASS: raw logical source/cone and native mesh identities remain unchanged under transformed parent
PASS: native fill retains encoded floor plane plus existing cosmetic lift
PASS: authored active preserves native required custody and callback grammar
PASS: raw logical source/cone and native mesh identities remain unchanged under transformed parent
PASS: native fill retains encoded floor plane plus existing cosmetic lift
PASS: authored recovery preserves native required custody and callback grammar
PASS: raw logical source/cone and native mesh identities remain unchanged under transformed parent
PASS: native fill retains encoded floor plane plus existing cosmetic lift
PASS: ordinary phase callbacks and clear preserve intact hidden receipts
PASS: quiet reconstruction presents actual authored meshes without callbacks
PASS: every original outer/hole boundary remains explicitly closed
PASS: every original outer/hole boundary remains explicitly closed
PASS: actual floor hole retains its contour and zero native triangle coverage
PASS: domain membership and native fill preserve separate floor beyond the hole
PASS: native cue creation/phase/clear leaves actual source and Scheduler untouched
PASS: actual Scheduler begins a fixed profile/world fixture
PASS: actual Box floor signature is available
PASS: actual static native collision fingerprint is available
PASS: typed source-owned TEST ONLY program resolves against real fixed world: 
PASS: wall actual native floor/LOS projection accepts: 
PASS: pure authored planning changes no real source/controller clock, reservations, callbacks or diagnostics
PASS: separately typed plan retains exact source/profile/program identity
PASS: one original enemy slash has ordinal custody with no Player/capture record
PASS: whole-program and actual current-world pure guards accept exact plan
PASS: tagged JSON retains exact authored header/record/mesh bytes
PASS: all typed authored event/native construction preflight is pure
PASS: fresh authored binding stages immutable native receipts silently
PASS: actual ArrayMesh fill and clipped boundary strips are present
PASS: authored warning preserves native required custody and callback grammar
PASS: raw logical source/cone and native mesh identities remain unchanged under transformed parent
PASS: native fill retains encoded floor plane plus existing cosmetic lift
PASS: authored lock preserves native required custody and callback grammar
PASS: raw logical source/cone and native mesh identities remain unchanged under transformed parent
PASS: native fill retains encoded floor plane plus existing cosmetic lift
PASS: authored active preserves native required custody and callback grammar
PASS: raw logical source/cone and native mesh identities remain unchanged under transformed parent
PASS: native fill retains encoded floor plane plus existing cosmetic lift
PASS: authored recovery preserves native required custody and callback grammar
PASS: raw logical source/cone and native mesh identities remain unchanged under transformed parent
PASS: native fill retains encoded floor plane plus existing cosmetic lift
PASS: ordinary phase callbacks and clear preserve intact hidden receipts
PASS: quiet reconstruction presents actual authored meshes without callbacks
PASS: every original outer/hole boundary remains explicitly closed
PASS: actual full-height wall clips its far LOS shadow while open ground stays readable
PASS: zero native fill/outline vertices leak into actual scenery-ray LOS shadow
PASS: native cue creation/phase/clear leaves actual source and Scheduler untouched
PASS: actual Scheduler begins a fixed profile/world fixture
PASS: actual Box floor signature is available
PASS: actual static native collision fingerprint is available
PASS: typed source-owned TEST ONLY program resolves against real fixed world: 
PASS: stone actual native floor/LOS projection accepts: 
PASS: pure authored planning changes no real source/controller clock, reservations, callbacks or diagnostics
PASS: separately typed plan retains exact source/profile/program identity
PASS: one original enemy slash has ordinal custody with no Player/capture record
PASS: whole-program and actual current-world pure guards accept exact plan
PASS: tagged JSON retains exact authored header/record/mesh bytes
PASS: all typed authored event/native construction preflight is pure
PASS: fresh authored binding stages immutable native receipts silently
PASS: actual ArrayMesh fill and clipped boundary strips are present
PASS: authored warning preserves native required custody and callback grammar
PASS: raw logical source/cone and native mesh identities remain unchanged under transformed parent
PASS: native fill retains encoded floor plane plus existing cosmetic lift
PASS: authored lock preserves native required custody and callback grammar
PASS: raw logical source/cone and native mesh identities remain unchanged under transformed parent
PASS: native fill retains encoded floor plane plus existing cosmetic lift
PASS: authored active preserves native required custody and callback grammar
PASS: raw logical source/cone and native mesh identities remain unchanged under transformed parent
PASS: native fill retains encoded floor plane plus existing cosmetic lift
PASS: authored recovery preserves native required custody and callback grammar
PASS: raw logical source/cone and native mesh identities remain unchanged under transformed parent
PASS: native fill retains encoded floor plane plus existing cosmetic lift
PASS: ordinary phase callbacks and clear preserve intact hidden receipts
PASS: quiet reconstruction presents actual authored meshes without callbacks
PASS: every original outer/hole boundary remains explicitly closed
PASS: actual low stone below original LOS height is not inflated into a false shadow
PASS: native cue creation/phase/clear leaves actual source and Scheduler untouched
PASS: actual Scheduler begins a fixed profile/world fixture
PASS: actual Box floor signature is available
PASS: actual static native collision fingerprint is available
PASS: typed source-owned TEST ONLY program resolves against real fixed world: 
PASS: identity negatives start with a valid real-world authored program
PASS: one copied event-clock bit refuses immutable whole-plan equality
PASS: caller-created authored mesh vertex cannot authenticate through current world only
PASS: changed typed source_id context rejects without fallback
PASS: changed typed source_epoch context rejects without fallback
PASS: changed typed generation context rejects without fallback
PASS: changed typed unknown context rejects without fallback
PASS: changed typed world_collision_fingerprint context rejects without fallback
PASS: changed typed world_floor_signature context rejects without fallback
PASS: changed typed world_root context rejects without fallback
PASS: captured projection API does not reinterpret an enemy-authored program
PASS: changed actual native Box shape invalidates bound world and projection
PASS: exact original native world restores its pure diagnostic
PASS: actual Scheduler begins a fixed profile/world fixture
PASS: actual Box floor signature is available
PASS: actual static native collision fingerprint is available
PASS: typed source-owned TEST ONLY program resolves against real fixed world: 
PASS: custody checks start with valid authored projection
PASS: ordinal malformed authored receipt rejects purely
PASS: ordinal failed bind commits no resources/state
PASS: record_sequence malformed authored receipt rejects purely
PASS: record_sequence failed bind commits no resources/state
PASS: player_gear malformed authored receipt rejects purely
PASS: player_gear failed bind commits no resources/state
PASS: provenance malformed authored receipt rejects purely
PASS: provenance failed bind commits no resources/state
PASS: null_record malformed authored receipt rejects purely
PASS: null_record failed bind commits no resources/state
PASS: source_record malformed authored receipt rejects purely
PASS: source_record failed bind commits no resources/state
PASS: floor malformed authored receipt rejects purely
PASS: floor failed bind commits no resources/state
PASS: nonfinite malformed authored receipt rejects purely
PASS: nonfinite failed bind commits no resources/state
PASS: object malformed authored receipt rejects purely
PASS: object failed bind commits no resources/state
PASS: cyclic malformed authored receipt rejects purely
PASS: cyclic failed bind commits no resources/state
PASS: hidden starts intact authored required cue
PASS: hidden actual native custody loss is a pure failure
PASS: hidden lost required cue remains latched across clear/present instead of healed
PASS: freed starts intact authored required cue
PASS: freed actual native custody loss is a pure failure
PASS: freed lost required cue remains latched across clear/present instead of healed
PASS: mesh_vertex starts intact authored required cue
PASS: mesh_vertex actual native custody loss is a pure failure
PASS: mesh_vertex lost required cue remains latched across clear/present instead of healed
PASS: material_depth starts intact authored required cue
PASS: material_depth actual native custody loss is a pure failure
PASS: material_depth lost required cue remains latched across clear/present instead of healed
PASS: transformed starts intact authored required cue
PASS: transformed actual native custody loss is a pure failure
PASS: transformed lost required cue remains latched across clear/present instead of healed
Authored echo projection smoke: 179 checks, 0 failures
