WorkerThreadPool: 8 threads, 2 max low-priority.
Godot Engine v4.7.2.stable.official.ed1daf0bf - https://godotengine.org
TextServer: Added interface "Dummy"
TextServer: Added interface "ICU / HarfBuzz / Graphite (Built-in)"
SDL: Init OK!
Using "default" pen tablet driver...

TextServer: Primary interface set to: "ICU / HarfBuzz / Graphite (Built-in)".
CORE API HASH: 2004498165
EDITOR API HASH: 1696660745
Loading resource: res://tests/replay_playback_smoke.gd remapped: res://tests/replay_playback_smoke.gd
SCRIPT ERROR: Parse Error: Could not preload resource script "res://scripts/combat/authored_echo_renderer.gd".
          at: GDScript::reload (res://scripts/combat/replay_playback.gd:13)
SCRIPT ERROR: Parse Error: Could not resolve script "res://scripts/combat/authored_echo_renderer.gd".
          at: GDScript::reload (res://scripts/combat/replay_playback.gd:13)
SCRIPT ERROR: Compile Error: Failed to compile depended scripts.
          at: GDScript::reload (res://tests/replay_playback_smoke.gd:0)
ERROR: Failed to load script "res://tests/replay_playback_smoke.gd" with error "Compilation failed".
   at: load (modules/gdscript/gdscript_resource_format.cpp:46)
Completed load for: 'res://tests/replay_playback_smoke.gd' remapped 'res://tests/replay_playback_smoke.gd' at thread -1
SceneTreeFTI: traversal method DEFAULT
Loaded system CA certificates
PASS: actual capture arms at a stable paused shared-player boundary
PASS: fixture freezes actual collision-resolved completed combinations
PASS: actual canonical capture seals an immutable one/two-slot sequence: 
SCRIPT ERROR: Invalid call. Nonexistent function 'new' in base 'GDScript'.
          at: _install (res://tests/replay_playback_smoke.gd:931)
          GDScript backtrace (most recent call first):
              [0] _install (res://tests/replay_playback_smoke.gd:931)
              [1] _actual_one (res://tests/replay_playback_smoke.gd:55)
              [2] _record (res://tests/replay_playback_smoke.gd:927)
PASS: actual capture arms at a stable paused shared-player boundary
PASS: fixture freezes actual collision-resolved completed combinations
PASS: actual canonical capture seals an immutable one/two-slot sequence: 
SCRIPT ERROR: Invalid call. Nonexistent function 'new' in base 'GDScript'.
          at: _install (res://tests/replay_playback_smoke.gd:931)
          GDScript backtrace (most recent call first):
              [0] _install (res://tests/replay_playback_smoke.gd:931)
              [1] _actual_two_blast (res://tests/replay_playback_smoke.gd:135)
              [2] _record (res://tests/replay_playback_smoke.gd:927)
PASS: actual capture arms at a stable paused shared-player boundary
PASS: fixture freezes actual collision-resolved completed combinations
PASS: actual canonical capture seals an immutable one/two-slot sequence: 
SCRIPT ERROR: Invalid call. Nonexistent function 'new' in base 'GDScript'.
          at: _install (res://tests/replay_playback_smoke.gd:931)
          GDScript backtrace (most recent call first):
              [0] _install (res://tests/replay_playback_smoke.gd:931)
              [1] _wall_and_geometry (res://tests/replay_playback_smoke.gd:177)
              [2] _record (res://tests/replay_playback_smoke.gd:927)
              [3] _ticks (res://tests/replay_playback_smoke.gd:990)
PASS: actual capture arms at a stable paused shared-player boundary
PASS: fixture freezes actual collision-resolved completed combinations
PASS: actual canonical capture seals an immutable one/two-slot sequence: 
SCRIPT ERROR: Invalid call. Nonexistent function 'new' in base 'GDScript'.
          at: _install (res://tests/replay_playback_smoke.gd:931)
          GDScript backtrace (most recent call first):
              [0] _install (res://tests/replay_playback_smoke.gd:931)
              [1] _invulnerable (res://tests/replay_playback_smoke.gd:277)
              [2] _record (res://tests/replay_playback_smoke.gd:927)
PASS: actual capture arms at a stable paused shared-player boundary
PASS: fixture freezes actual collision-resolved completed combinations
PASS: actual canonical capture seals an immutable one/two-slot sequence: 
SCRIPT ERROR: Invalid call. Nonexistent function 'new' in base 'GDScript'.
          at: _install (res://tests/replay_playback_smoke.gd:931)
          GDScript backtrace (most recent call first):
              [0] _install (res://tests/replay_playback_smoke.gd:931)
              [1] _grace_and_cancellation (res://tests/replay_playback_smoke.gd:216)
              [2] _record (res://tests/replay_playback_smoke.gd:927)
PASS: actual capture arms at a stable paused shared-player boundary
PASS: fixture freezes actual collision-resolved completed combinations
PASS: actual canonical capture seals an immutable one/two-slot sequence: 
SCRIPT ERROR: Invalid call. Nonexistent function 'new' in base 'GDScript'.
          at: _install (res://tests/replay_playback_smoke.gd:931)
          GDScript backtrace (most recent call first):
              [0] _install (res://tests/replay_playback_smoke.gd:931)
              [1] _grace_and_cancellation (res://tests/replay_playback_smoke.gd:216)
              [2] _record (res://tests/replay_playback_smoke.gd:927)
PASS: actual capture arms at a stable paused shared-player boundary
PASS: fixture freezes actual collision-resolved completed combinations
PASS: actual canonical capture seals an immutable one/two-slot sequence: 
SCRIPT ERROR: Invalid call. Nonexistent function 'new' in base 'GDScript'.
          at: _install (res://tests/replay_playback_smoke.gd:931)
          GDScript backtrace (most recent call first):
              [0] _install (res://tests/replay_playback_smoke.gd:931)
              [1] _grace_and_cancellation (res://tests/replay_playback_smoke.gd:250)
              [2] _record (res://tests/replay_playback_smoke.gd:927)
PASS: actual capture arms at a stable paused shared-player boundary
PASS: fixture freezes actual collision-resolved completed combinations
PASS: actual canonical capture seals an immutable one/two-slot sequence: 
SCRIPT ERROR: Invalid call. Nonexistent function 'new' in base 'GDScript'.
          at: _install (res://tests/replay_playback_smoke.gd:931)
          GDScript backtrace (most recent call first):
              [0] _install (res://tests/replay_playback_smoke.gd:931)
              [1] _grace_and_cancellation (res://tests/replay_playback_smoke.gd:262)
              [2] _record (res://tests/replay_playback_smoke.gd:927)
PASS: actual capture arms at a stable paused shared-player boundary
PASS: fixture freezes actual collision-resolved completed combinations
PASS: actual canonical capture seals an immutable one/two-slot sequence: 
SCRIPT ERROR: Invalid call. Nonexistent function 'new' in base 'GDScript'.
          at: _install (res://tests/replay_playback_smoke.gd:931)
          GDScript backtrace (most recent call first):
              [0] _install (res://tests/replay_playback_smoke.gd:931)
              [1] _paired_restore (res://tests/replay_playback_smoke.gd:317)
              [2] _record (res://tests/replay_playback_smoke.gd:927)
PASS: actual capture arms at a stable paused shared-player boundary
PASS: fixture freezes actual collision-resolved completed combinations
PASS: actual canonical capture seals an immutable one/two-slot sequence: 
SCRIPT ERROR: Invalid call. Nonexistent function 'new' in base 'GDScript'.
          at: _install (res://tests/replay_playback_smoke.gd:931)
          GDScript backtrace (most recent call first):
              [0] _install (res://tests/replay_playback_smoke.gd:931)
              [1] _callback_boundaries (res://tests/replay_playback_smoke.gd:408)
              [2] _record (res://tests/replay_playback_smoke.gd:927)
PASS: actual capture arms at a stable paused shared-player boundary
PASS: fixture freezes actual collision-resolved completed combinations
PASS: actual canonical capture seals an immutable one/two-slot sequence: 
SCRIPT ERROR: Invalid call. Nonexistent function 'new' in base 'GDScript'.
          at: _install (res://tests/replay_playback_smoke.gd:931)
          GDScript backtrace (most recent call first):
              [0] _install (res://tests/replay_playback_smoke.gd:931)
              [1] _callback_boundaries (res://tests/replay_playback_smoke.gd:408)
              [2] _record (res://tests/replay_playback_smoke.gd:927)
PASS: actual capture arms at a stable paused shared-player boundary
PASS: fixture freezes actual collision-resolved completed combinations
PASS: actual canonical capture seals an immutable one/two-slot sequence: 
SCRIPT ERROR: Invalid call. Nonexistent function 'new' in base 'GDScript'.
          at: _install (res://tests/replay_playback_smoke.gd:931)
          GDScript backtrace (most recent call first):
              [0] _install (res://tests/replay_playback_smoke.gd:931)
              [1] _callback_boundaries (res://tests/replay_playback_smoke.gd:408)
              [2] _record (res://tests/replay_playback_smoke.gd:927)
PASS: actual capture arms at a stable paused shared-player boundary
PASS: fixture freezes actual collision-resolved completed combinations
PASS: actual canonical capture seals an immutable one/two-slot sequence: 
SCRIPT ERROR: Invalid call. Nonexistent function 'new' in base 'GDScript'.
          at: _install (res://tests/replay_playback_smoke.gd:931)
          GDScript backtrace (most recent call first):
              [0] _install (res://tests/replay_playback_smoke.gd:931)
              [1] _callback_boundaries (res://tests/replay_playback_smoke.gd:408)
              [2] _record (res://tests/replay_playback_smoke.gd:927)
PASS: actual capture arms at a stable paused shared-player boundary
PASS: fixture freezes actual collision-resolved completed combinations
PASS: actual canonical capture seals an immutable one/two-slot sequence: 
SCRIPT ERROR: Invalid call. Nonexistent function 'new' in base 'GDScript'.
          at: _install (res://tests/replay_playback_smoke.gd:931)
          GDScript backtrace (most recent call first):
              [0] _install (res://tests/replay_playback_smoke.gd:931)
              [1] _callback_boundaries (res://tests/replay_playback_smoke.gd:408)
              [2] _record (res://tests/replay_playback_smoke.gd:927)
PASS: actual capture arms at a stable paused shared-player boundary
PASS: fixture freezes actual collision-resolved completed combinations
PASS: actual canonical capture seals an immutable one/two-slot sequence: 
SCRIPT ERROR: Invalid call. Nonexistent function 'new' in base 'GDScript'.
          at: _install (res://tests/replay_playback_smoke.gd:931)
          GDScript backtrace (most recent call first):
              [0] _install (res://tests/replay_playback_smoke.gd:931)
              [1] _callback_boundaries (res://tests/replay_playback_smoke.gd:408)
              [2] _record (res://tests/replay_playback_smoke.gd:927)
PASS: actual capture arms at a stable paused shared-player boundary
PASS: fixture freezes actual collision-resolved completed combinations
PASS: actual canonical capture seals an immutable one/two-slot sequence: 
SCRIPT ERROR: Invalid call. Nonexistent function 'new' in base 'GDScript'.
          at: _install (res://tests/replay_playback_smoke.gd:931)
          GDScript backtrace (most recent call first):
              [0] _install (res://tests/replay_playback_smoke.gd:931)
              [1] _callback_boundaries (res://tests/replay_playback_smoke.gd:408)
              [2] _record (res://tests/replay_playback_smoke.gd:927)
PASS: actual capture arms at a stable paused shared-player boundary
PASS: fixture freezes actual collision-resolved completed combinations
PASS: actual canonical capture seals an immutable one/two-slot sequence: 
SCRIPT ERROR: Invalid call. Nonexistent function 'new' in base 'GDScript'.
          at: _install (res://tests/replay_playback_smoke.gd:931)
          GDScript backtrace (most recent call first):
              [0] _install (res://tests/replay_playback_smoke.gd:931)
              [1] _callback_boundaries (res://tests/replay_playback_smoke.gd:408)
              [2] _record (res://tests/replay_playback_smoke.gd:927)
PASS: actual capture arms at a stable paused shared-player boundary
PASS: fixture freezes actual collision-resolved completed combinations
PASS: actual canonical capture seals an immutable one/two-slot sequence: 
SCRIPT ERROR: Invalid call. Nonexistent function 'new' in base 'GDScript'.
          at: _install (res://tests/replay_playback_smoke.gd:931)
          GDScript backtrace (most recent call first):
              [0] _install (res://tests/replay_playback_smoke.gd:931)
              [1] _held_phase_restore (res://tests/replay_playback_smoke.gd:491)
              [2] _record (res://tests/replay_playback_smoke.gd:927)
PASS: actual capture arms at a stable paused shared-player boundary
PASS: fixture freezes actual collision-resolved completed combinations
PASS: actual canonical capture seals an immutable one/two-slot sequence: 
SCRIPT ERROR: Invalid call. Nonexistent function 'new' in base 'GDScript'.
          at: _install (res://tests/replay_playback_smoke.gd:931)
          GDScript backtrace (most recent call first):
              [0] _install (res://tests/replay_playback_smoke.gd:931)
              [1] _held_phase_restore (res://tests/replay_playback_smoke.gd:491)
              [2] _record (res://tests/replay_playback_smoke.gd:927)
PASS: actual capture arms at a stable paused shared-player boundary
PASS: fixture freezes actual collision-resolved completed combinations
PASS: actual canonical capture seals an immutable one/two-slot sequence: 
SCRIPT ERROR: Invalid call. Nonexistent function 'new' in base 'GDScript'.
          at: _install (res://tests/replay_playback_smoke.gd:931)
          GDScript backtrace (most recent call first):
              [0] _install (res://tests/replay_playback_smoke.gd:931)
              [1] _pending_fresh_restore (res://tests/replay_playback_smoke.gd:533)
              [2] _record (res://tests/replay_playback_smoke.gd:927)
PASS: actual capture arms at a stable paused shared-player boundary
PASS: fixture freezes actual collision-resolved completed combinations
PASS: actual canonical capture seals an immutable one/two-slot sequence: 
SCRIPT ERROR: Invalid call. Nonexistent function 'new' in base 'GDScript'.
          at: _install (res://tests/replay_playback_smoke.gd:931)
          GDScript backtrace (most recent call first):
              [0] _install (res://tests/replay_playback_smoke.gd:931)
              [1] _pending_expiry (res://tests/replay_playback_smoke.gd:617)
              [2] _record (res://tests/replay_playback_smoke.gd:927)
PASS: actual capture arms at a stable paused shared-player boundary
PASS: fixture freezes actual collision-resolved completed combinations
PASS: actual canonical capture seals an immutable one/two-slot sequence: 
SCRIPT ERROR: Invalid call. Nonexistent function 'new' in base 'GDScript'.
          at: _install (res://tests/replay_playback_smoke.gd:931)
          GDScript backtrace (most recent call first):
              [0] _install (res://tests/replay_playback_smoke.gd:931)
              [1] _pending_expiry (res://tests/replay_playback_smoke.gd:617)
              [2] _record (res://tests/replay_playback_smoke.gd:927)
PASS: actual capture arms at a stable paused shared-player boundary
PASS: fixture freezes actual collision-resolved completed combinations
PASS: actual canonical capture seals an immutable one/two-slot sequence: 
SCRIPT ERROR: Invalid call. Nonexistent function 'new' in base 'GDScript'.
          at: _install (res://tests/replay_playback_smoke.gd:931)
          GDScript backtrace (most recent call first):
              [0] _install (res://tests/replay_playback_smoke.gd:931)
              [1] _pending_expiry (res://tests/replay_playback_smoke.gd:617)
              [2] _record (res://tests/replay_playback_smoke.gd:927)
PASS: actual capture arms at a stable paused shared-player boundary
PASS: fixture freezes actual collision-resolved completed combinations
PASS: actual canonical capture seals an immutable one/two-slot sequence: 
SCRIPT ERROR: Invalid call. Nonexistent function 'new' in base 'GDScript'.
          at: _freed_preview_child (res://tests/replay_playback_smoke.gd:685)
          GDScript backtrace (most recent call first):
              [0] _freed_preview_child (res://tests/replay_playback_smoke.gd:685)
              [1] _record (res://tests/replay_playback_smoke.gd:927)
PASS: actual capture arms at a stable paused shared-player boundary
PASS: fixture freezes actual collision-resolved completed combinations
PASS: actual canonical capture seals an immutable one/two-slot sequence: 
SCRIPT ERROR: Invalid call. Nonexistent function 'new' in base 'GDScript'.
          at: _install (res://tests/replay_playback_smoke.gd:931)
          GDScript backtrace (most recent call first):
              [0] _install (res://tests/replay_playback_smoke.gd:931)
              [1] _pending_live_authority (res://tests/replay_playback_smoke.gd:732)
              [2] _record (res://tests/replay_playback_smoke.gd:927)
PASS: actual capture arms at a stable paused shared-player boundary
PASS: fixture freezes actual collision-resolved completed combinations
PASS: actual canonical capture seals an immutable one/two-slot sequence: 
SCRIPT ERROR: Invalid call. Nonexistent function 'new' in base 'GDScript'.
          at: _install (res://tests/replay_playback_smoke.gd:931)
          GDScript backtrace (most recent call first):
              [0] _install (res://tests/replay_playback_smoke.gd:931)
              [1] _pending_live_authority (res://tests/replay_playback_smoke.gd:732)
              [2] _record (res://tests/replay_playback_smoke.gd:927)
PASS: actual capture arms at a stable paused shared-player boundary
PASS: fixture freezes actual collision-resolved completed combinations
PASS: actual canonical capture seals an immutable one/two-slot sequence: 
SCRIPT ERROR: Invalid call. Nonexistent function 'new' in base 'GDScript'.
          at: _install (res://tests/replay_playback_smoke.gd:931)
          GDScript backtrace (most recent call first):
              [0] _install (res://tests/replay_playback_smoke.gd:931)
              [1] _pending_live_authority (res://tests/replay_playback_smoke.gd:732)
              [2] _record (res://tests/replay_playback_smoke.gd:927)
Replay playback smoke: 81 checks, 0 failures
XR: Clearing primary interface
XR: Removed interface "Native mobile"
XR: Removed interface "OpenXR"
