WorkerThreadPool: 8 threads, 2 max low-priority.
Godot Engine v4.7.2.stable.official.ed1daf0bf - https://godotengine.org
TextServer: Added interface "Dummy"
TextServer: Added interface "ICU / HarfBuzz / Graphite (Built-in)"
SDL: Init OK!
Using "default" pen tablet driver...

TextServer: Primary interface set to: "ICU / HarfBuzz / Graphite (Built-in)".
CORE API HASH: 2004498165
EDITOR API HASH: 1696660745
Loading resource: res://tests/authored_echo_playback_smoke.gd remapped: res://tests/authored_echo_playback_smoke.gd
Loading resource: res://scenes/player.tscn remapped: res://scenes/player.tscn
Loading resource: res://scripts/player.gd remapped: res://scripts/player.gd
Completed load for: 'res://scripts/player.gd' remapped 'res://scripts/player.gd' at thread -1
Completed load for: 'res://scenes/player.tscn' remapped 'res://scenes/player.tscn' at thread -1
Loading resource: res://scenes/practice_target.tscn remapped: res://scenes/practice_target.tscn
Loading resource: res://scripts/practice_target.gd remapped: res://scripts/practice_target.gd
Completed load for: 'res://scripts/practice_target.gd' remapped 'res://scripts/practice_target.gd' at thread -1
Completed load for: 'res://scenes/practice_target.tscn' remapped 'res://scenes/practice_target.tscn' at thread -1
Loading resource: res://scenes/lab_arena.tscn remapped: res://scenes/lab_arena.tscn
Completed load for: 'res://scenes/lab_arena.tscn' remapped 'res://scenes/lab_arena.tscn' at thread -1
SCRIPT ERROR: Parse Error: The member "Projection" cannot have the same name as a builtin type.
          at: GDScript::reload (res://tests/authored_echo_playback_smoke.gd:7)
SCRIPT ERROR: Parse Error: Cannot find member "floor_signature" in base "Projection".
          at: GDScript::reload (res://tests/authored_echo_playback_smoke.gd:326)
SCRIPT ERROR: Parse Error: Function "floor_signature()" not found in base Projection.
          at: GDScript::reload (res://tests/authored_echo_playback_smoke.gd:326)
SCRIPT ERROR: Parse Error: Cannot find member "plan_authored" in base "Projection".
          at: GDScript::reload (res://tests/authored_echo_playback_smoke.gd:349)
SCRIPT ERROR: Parse Error: Function "plan_authored()" not found in base Projection.
          at: GDScript::reload (res://tests/authored_echo_playback_smoke.gd:349)
ERROR: Failed to load script "res://tests/authored_echo_playback_smoke.gd" with error "Parse error".
   at: load (modules/gdscript/gdscript_resource_format.cpp:46)
Completed load for: 'res://tests/authored_echo_playback_smoke.gd' remapped 'res://tests/authored_echo_playback_smoke.gd' at thread -1
XR: Clearing primary interface
XR: Removed interface "Native mobile"
XR: Removed interface "OpenXR"
