WorkerThreadPool: 8 threads, 2 max low-priority.
Godot Engine v4.7.2.stable.official.ed1daf0bf - https://godotengine.org
TextServer: Added interface "Dummy"
TextServer: Added interface "ICU / HarfBuzz / Graphite (Built-in)"
SDL: Init OK!
Using "default" pen tablet driver...

TextServer: Primary interface set to: "ICU / HarfBuzz / Graphite (Built-in)".
CORE API HASH: 2004498165
EDITOR API HASH: 1696660745
Loading resource: res://tests/authored_echo_clearance_smoke.gd remapped: res://tests/authored_echo_clearance_smoke.gd
Completed load for: 'res://tests/authored_echo_clearance_smoke.gd' remapped 'res://tests/authored_echo_clearance_smoke.gd' at thread -1
SceneTreeFTI: traversal method DEFAULT
Loaded system CA certificates
PASS: actual foot-pivot BoxMesh vertices fit the source-owned upright radial/height envelope
PASS: empty native floor permits the stationary render envelope
PASS: empty native floor permits the unchanged straight authored -2 to 0 route
PASS: TEST ONLY historical capsule query is clear on the same empty native floor
PASS: clearance queries leave real nodes, resources, diagnostics and Scheduler clock unchanged
PASS: middle actual native silhouette remains within its immutable .3R/1.2H enclosing domain
PASS: middle actual BoxMesh-sized native box query intersects the real .02-high stone at its visible feet
PASS: middle TEST ONLY old .3R/1.2H capsule falsely clears that visible-foot overlap
PASS: middle stationary authored render clearance rejects the actual visible-foot intersection
PASS: middle TEST ONLY old capsule sweep falsely clears the same real straight route obstruction
PASS: middle full authored -2 to 0 clearance rejects the real low stone including start/end occupancy
PASS: middle obstruction leaves both measured route endpoints clear; endpoint-only checks cannot license the intervening sweep
PASS: middle rejected proof and historical control remain pure without native source/body mutation
PASS: start actual native silhouette remains within its immutable .3R/1.2H enclosing domain
PASS: start actual BoxMesh-sized native box query intersects the real .02-high stone at its visible feet
PASS: start TEST ONLY old .3R/1.2H capsule falsely clears that visible-foot overlap
PASS: start stationary authored render clearance rejects the actual visible-foot intersection
PASS: start TEST ONLY old capsule sweep falsely clears the same real straight route obstruction
PASS: start full authored -2 to 0 clearance rejects the real low stone including start/end occupancy
PASS: start rejected proof and historical control remain pure without native source/body mutation
PASS: end actual native silhouette remains within its immutable .3R/1.2H enclosing domain
PASS: end actual BoxMesh-sized native box query intersects the real .02-high stone at its visible feet
PASS: end TEST ONLY old .3R/1.2H capsule falsely clears that visible-foot overlap
PASS: end stationary authored render clearance rejects the actual visible-foot intersection
PASS: end TEST ONLY old capsule sweep falsely clears the same real straight route obstruction
PASS: end full authored -2 to 0 clearance rejects the real low stone including start/end occupancy
PASS: end rejected proof and historical control remain pure without native source/body mutation
PASS: clearly separated real stone does not intersect the measured foot-pivot silhouette
PASS: conservative enclosing render query still permits a clearly separated stone beside the route
PASS: separated stone retains stationary clearance at both real route endpoints
PASS: positive separated-stone query preserves actual world and scheduler state
Authored echo clearance smoke: 31 checks, 0 failures (TEST ONLY native clearance helper)
XR: Clearing primary interface
XR: Removed interface "Native mobile"
XR: Removed interface "OpenXR"
