Godot Engine v4.7.2.stable.official.ed1daf0bf - https://godotengine.org
TextServer: Added interface "Dummy"
TextServer: Added interface "ICU / HarfBuzz / Graphite (Built-in)"
SDL: Init OK!
Using "default" pen tablet driver...

TextServer: Primary interface set to: "ICU / HarfBuzz / Graphite (Built-in)".
CORE API HASH: 2004498165
EDITOR API HASH: 1696660745
Loading resource: res://tests/projected_replay_smoke.gd remapped: res://tests/projected_replay_smoke.gd
Completed load for: 'res://tests/projected_replay_smoke.gd' remapped 'res://tests/projected_replay_smoke.gd' at thread -1
SceneTreeFTI: traversal method DEFAULT
Loaded system CA certificates
PASS: capture arms at real paused shared-player boundary
PASS: actual immutable four-Box floor ring has a supported capture signature
PASS: capture ingests actual contiguous dash
PASS: capture ingests actual contiguous primary
PASS: capture ingests actual contiguous blast
PASS: completed native dash and real primary seal exactly one immutable slot
PASS: sealed Sequence derives its unchanged original event order/deadlines: 
PASS: original capture and present admission use exactly the same real scenery
PASS: actual Playback configures exact sealed Sequence
PASS: real Scheduler starts the shared Standard profile
PASS: actual complete-union full-cone witness admits the native ring/wall world: 
PASS: empty or altered later-event projection rejects before any native owner/cue publication
PASS: rejected projected binding consumes no parent capture or actor state and leaves no partial cue binding
PASS: empty or altered later-event projection rejects before any native owner/cue publication
PASS: rejected projected binding consumes no parent capture or actor state and leaves no partial cue binding
PASS: fixture parent retires its one original current sealed slot once before bind
PASS: actual consumer binds exactly its admitted player/lease: 
PASS: bound owner retains the exact independently authenticated projection
PASS: projection getter never grants mutable renderer/collision custody
PASS: warning keeps full original raw logical geometry/source despite clipped presentation
PASS: warning actual required mesh nodes/resources/surfaces/transforms match the immutable bound event
PASS: warning preserves shared warning/lock/active/recovery required visibility grammar
PASS: warning native-converted fill retains open floor while excluding the physical hole and entire Box shadow
PASS: warning inward native boundary outline never expands across the physical hole or scenery LOS shadow
PASS: warning actual mesh lies on the authenticated floor plane with only the common fill lift
PASS: actual clipped contour retains physical-hole boundary where the hole opens onto the recorded cone edge
PASS: actual lock freshly reproves original full-cone complete union: 
PASS: consumer observes exact real immutable lock deadlines
PASS: lock keeps full original raw logical geometry/source despite clipped presentation
PASS: lock actual required mesh nodes/resources/surfaces/transforms match the immutable bound event
PASS: lock preserves shared warning/lock/active/recovery required visibility grammar
PASS: lock native-converted fill retains open floor while excluding the physical hole and entire Box shadow
PASS: lock inward native boundary outline never expands across the physical hole or scenery LOS shadow
PASS: lock actual mesh lies on the authenticated floor plane with only the common fill lift
PASS: active keeps full original raw logical geometry/source despite clipped presentation
PASS: active actual required mesh nodes/resources/surfaces/transforms match the immutable bound event
PASS: active preserves shared warning/lock/active/recovery required visibility grammar
PASS: active native-converted fill retains open floor while excluding the physical hole and entire Box shadow
PASS: active inward native boundary outline never expands across the physical hole or scenery LOS shadow
PASS: active actual mesh lies on the authenticated floor plane with only the common fill lift
PASS: active keeps full original raw logical geometry/source despite clipped presentation
PASS: active actual required mesh nodes/resources/surfaces/transforms match the immutable bound event
PASS: active preserves shared warning/lock/active/recovery required visibility grammar
PASS: active actual mesh lies on the authenticated floor plane with only the common fill lift
PASS: real equal-time primary/blast consume original ordered events and expose clipped active meshes
PASS: ordinary recorded primary damages once with current empty ammo and no proc/history/ammo mutation
PASS: recovery keeps full original raw logical geometry/source despite clipped presentation
PASS: recovery actual required mesh nodes/resources/surfaces/transforms match the immutable bound event
PASS: recovery preserves shared warning/lock/active/recovery required visibility grammar
PASS: recovery native-converted fill retains open floor while excluding the physical hole and entire Box shadow
PASS: recovery inward native boundary outline never expands across the physical hole or scenery LOS shadow
PASS: recovery actual mesh lies on the authenticated floor plane with only the common fill lift
PASS: recovery keeps full original raw logical geometry/source despite clipped presentation
PASS: recovery actual required mesh nodes/resources/surfaces/transforms match the immutable bound event
PASS: recovery preserves shared warning/lock/active/recovery required visibility grammar
PASS: recovery actual mesh lies on the authenticated floor plane with only the common fill lift
PASS: paused aggregate captures actual actor/scheduler/projected playback: 
PASS: exact native tagged transport preserves the whole finite projected aggregate without decimal clock tolerance
PASS: fully drained projected owner stores schema3 without inventing pending callbacks
PASS: fresh native candidate retains immutable original Sequence identity
PASS: fresh schema3 whole-unit prevalidation is pure before actor/scheduler mutation: 
PASS: real actor then scheduler then projected playback restore is quiet and reproduces actual native pixels/geometry/partial phases: 
PASS: fresh unit preserves exact motion, original capture history, deadlines, projection and receipt clocks
PASS: quiet completed-event restore reproduces clipped native meshes and no damage/event callback
PASS: projected save carries no duplicate resources or regenerated capture history
PASS: equal-clock completed-event restore cannot redeliver a recorded hit
PASS: capture arms at real paused shared-player boundary
PASS: actual immutable four-Box floor ring has a supported capture signature
PASS: capture ingests actual contiguous dash
PASS: capture ingests actual contiguous primary
PASS: completed native dash and real primary seal exactly one immutable slot
PASS: sealed Sequence derives its unchanged original event order/deadlines: 
PASS: original capture and present admission use exactly the same real scenery
PASS: actual Playback configures exact sealed Sequence
PASS: real Scheduler starts the shared Standard profile
PASS: actual complete-union full-cone witness admits the native ring/wall world: 
PASS: fixture parent retires its one original current sealed slot once before bind
PASS: actual consumer binds exactly its admitted player/lease: 
PASS: actual lock freshly reproves original full-cone complete union: 
PASS: consumer observes exact real immutable lock deadlines
PASS: open preserves original instantaneous geometry/native LOS and adds only authenticated floor membership: 
PASS: open live HP records exactly the original accepted or missed primary opportunity
PASS: open replay preserves actual current ammo/history; other contact controls remain empty-ammo
PASS: open equal-clock advance never repeats an original notification
PASS: capture arms at real paused shared-player boundary
PASS: actual immutable four-Box floor ring has a supported capture signature
PASS: capture ingests actual contiguous dash
PASS: capture ingests actual contiguous primary
PASS: completed native dash and real primary seal exactly one immutable slot
PASS: sealed Sequence derives its unchanged original event order/deadlines: 
PASS: original capture and present admission use exactly the same real scenery
PASS: actual Playback configures exact sealed Sequence
PASS: real Scheduler starts the shared Standard profile
PASS: actual complete-union full-cone witness admits the native ring/wall world: 
PASS: fixture parent retires its one original current sealed slot once before bind
PASS: actual consumer binds exactly its admitted player/lease: 
PASS: actual lock freshly reproves original full-cone complete union: 
PASS: consumer observes exact real immutable lock deadlines
PASS: disk preserves original instantaneous geometry/native LOS and adds only authenticated floor membership: 
PASS: disk live HP records exactly the original accepted or missed primary opportunity
PASS: disk replay preserves actual current ammo/history; other contact controls remain empty-ammo
PASS: disk equal-clock advance never repeats an original notification
PASS: capture arms at real paused shared-player boundary
PASS: actual immutable four-Box floor ring has a supported capture signature
PASS: capture ingests actual contiguous dash
PASS: capture ingests actual contiguous primary
PASS: completed native dash and real primary seal exactly one immutable slot
PASS: sealed Sequence derives its unchanged original event order/deadlines: 
PASS: original capture and present admission use exactly the same real scenery
PASS: actual Playback configures exact sealed Sequence
PASS: real Scheduler starts the shared Standard profile
PASS: actual complete-union full-cone witness admits the native ring/wall world: 
PASS: fixture parent retires its one original current sealed slot once before bind
PASS: actual consumer binds exactly its admitted player/lease: 
PASS: actual lock freshly reproves original full-cone complete union: 
PASS: consumer observes exact real immutable lock deadlines
PASS: cone preserves original instantaneous geometry/native LOS and adds only authenticated floor membership: 
PASS: cone live HP records exactly the original accepted or missed primary opportunity
PASS: cone replay preserves actual current ammo/history; other contact controls remain empty-ammo
PASS: cone equal-clock advance never repeats an original notification
PASS: capture arms at real paused shared-player boundary
PASS: actual immutable four-Box floor ring has a supported capture signature
PASS: capture ingests actual contiguous dash
PASS: capture ingests actual contiguous primary
PASS: completed native dash and real primary seal exactly one immutable slot
PASS: sealed Sequence derives its unchanged original event order/deadlines: 
PASS: original capture and present admission use exactly the same real scenery
PASS: actual Playback configures exact sealed Sequence
PASS: real Scheduler starts the shared Standard profile
PASS: actual complete-union full-cone witness admits the native ring/wall world: 
PASS: fixture parent retires its one original current sealed slot once before bind
PASS: actual consumer binds exactly its admitted player/lease: 
PASS: actual lock freshly reproves original full-cone complete union: 
PASS: consumer observes exact real immutable lock deadlines
PASS: range preserves original instantaneous geometry/native LOS and adds only authenticated floor membership: 
PASS: range live HP records exactly the original accepted or missed primary opportunity
PASS: range replay preserves actual current ammo/history; other contact controls remain empty-ammo
PASS: range equal-clock advance never repeats an original notification
PASS: capture arms at real paused shared-player boundary
PASS: actual immutable four-Box floor ring has a supported capture signature
PASS: capture ingests actual contiguous dash
PASS: capture ingests actual contiguous primary
PASS: completed native dash and real primary seal exactly one immutable slot
PASS: sealed Sequence derives its unchanged original event order/deadlines: 
PASS: original capture and present admission use exactly the same real scenery
PASS: actual Playback configures exact sealed Sequence
PASS: real Scheduler starts the shared Standard profile
PASS: actual complete-union full-cone witness admits the native ring/wall world: 
PASS: fixture parent retires its one original current sealed slot once before bind
PASS: actual consumer binds exactly its admitted player/lease: 
PASS: actual lock freshly reproves original full-cone complete union: 
PASS: consumer observes exact real immutable lock deadlines
PASS: vertical preserves original instantaneous geometry/native LOS and adds only authenticated floor membership: 
PASS: vertical live HP records exactly the original accepted or missed primary opportunity
PASS: vertical replay preserves actual current ammo/history; other contact controls remain empty-ammo
PASS: vertical equal-clock advance never repeats an original notification
PASS: capture arms at real paused shared-player boundary
PASS: actual immutable four-Box floor ring has a supported capture signature
PASS: capture ingests actual contiguous dash
PASS: capture ingests actual contiguous primary
PASS: completed native dash and real primary seal exactly one immutable slot
PASS: sealed Sequence derives its unchanged original event order/deadlines: 
PASS: original capture and present admission use exactly the same real scenery
PASS: actual Playback configures exact sealed Sequence
PASS: real Scheduler starts the shared Standard profile
PASS: actual complete-union full-cone witness admits the native ring/wall world: 
PASS: fixture parent retires its one original current sealed slot once before bind
PASS: actual consumer binds exactly its admitted player/lease: 
PASS: actual lock freshly reproves original full-cone complete union: 
PASS: consumer observes exact real immutable lock deadlines
PASS: shadow control lies inside unchanged recorded range/cone/height
PASS: shadow control observes actual scenery LOS separately from floor membership
PASS: shadow preserves original instantaneous geometry/native LOS and adds only authenticated floor membership: 
PASS: shadow live HP records exactly the original accepted or missed primary opportunity
PASS: shadow replay preserves actual current ammo/history; other contact controls remain empty-ammo
PASS: shadow equal-clock advance never repeats an original notification
PASS: capture arms at real paused shared-player boundary
PASS: actual immutable four-Box floor ring has a supported capture signature
PASS: capture ingests actual contiguous dash
PASS: capture ingests actual contiguous primary
PASS: completed native dash and real primary seal exactly one immutable slot
PASS: sealed Sequence derives its unchanged original event order/deadlines: 
PASS: original capture and present admission use exactly the same real scenery
PASS: actual Playback configures exact sealed Sequence
PASS: real Scheduler starts the shared Standard profile
PASS: actual complete-union full-cone witness admits the native ring/wall world: 
PASS: fixture parent retires its one original current sealed slot once before bind
PASS: actual consumer binds exactly its admitted player/lease: 
PASS: actual lock freshly reproves original full-cone complete union: 
PASS: consumer observes exact real immutable lock deadlines
PASS: hole control lies inside unchanged recorded range/cone/height
PASS: hole control observes actual scenery LOS separately from floor membership
PASS: hole preserves original instantaneous geometry/native LOS and adds only authenticated floor membership: 
PASS: hole live HP records exactly the original accepted or missed primary opportunity
PASS: hole replay preserves actual current ammo/history; other contact controls remain empty-ammo
PASS: hole equal-clock advance never repeats an original notification
PASS: capture arms at real paused shared-player boundary
PASS: actual immutable four-Box floor ring has a supported capture signature
PASS: capture ingests actual contiguous dash
PASS: capture ingests actual contiguous primary
PASS: capture ingests actual contiguous blast
PASS: completed native dash and real primary seal exactly one immutable slot
PASS: sealed Sequence derives its unchanged original event order/deadlines: 
PASS: original capture and present admission use exactly the same real scenery
PASS: actual Playback configures exact sealed Sequence
PASS: real Scheduler starts the shared Standard profile
PASS: actual complete-union full-cone witness admits the native ring/wall world: 
PASS: fixture parent retires its one original current sealed slot once before bind
PASS: actual consumer binds exactly its admitted player/lease: 
PASS: actual lock freshly reproves original full-cone complete union: 
PASS: consumer observes exact real immutable lock deadlines
PASS: blast preserves original instantaneous geometry/native LOS and adds only authenticated floor membership: 
PASS: independently left-aimed actual recorded blast retains its original one contact with live ammo zero
PASS: blast replay preserves actual current ammo/history; other contact controls remain empty-ammo
PASS: blast equal-clock advance never repeats an original notification
PASS: capture arms at real paused shared-player boundary
PASS: actual immutable four-Box floor ring has a supported capture signature
PASS: capture ingests actual contiguous dash
PASS: capture ingests actual contiguous primary
PASS: completed native dash and real primary seal exactly one immutable slot
PASS: sealed Sequence derives its unchanged original event order/deadlines: 
PASS: original capture and present admission use exactly the same real scenery
PASS: actual Playback configures exact sealed Sequence
PASS: real Scheduler starts the shared Standard profile
PASS: actual complete-union full-cone witness admits the native ring/wall world: 
PASS: fixture parent retires its one original current sealed slot once before bind
PASS: actual consumer binds exactly its admitted player/lease: 
PASS: actual lock freshly reproves original full-cone complete union: 
PASS: consumer observes exact real immutable lock deadlines
FALL_NATIVE_RELOAD: {"api_revision":"exact-json-1","schema_version":1,"value":["dictionary",[["actor_clock_after",["float64","323333333333f73f"]],["actor_clock_before",["float64","222222222222f63f"]],["initial_ammo",["integer","0"]],["post_gravity_ammo",["integer","1"]],["scheduler_clock",["float64","c6ccccccccccfc3f"]]]]}
PASS: actual gravity over the physical hole produces a below-floor native contact inside original cone/height/LOS
PASS: fall preserves original instantaneous geometry/native LOS and adds only authenticated floor membership: 
PASS: fall live HP records exactly the original accepted or missed primary opportunity
PASS: fall replay preserves actual current ammo/history; other contact controls remain empty-ammo
PASS: fall equal-clock advance never repeats an original notification
PASS: capture arms at real paused shared-player boundary
PASS: actual immutable four-Box floor ring has a supported capture signature
PASS: capture ingests actual contiguous dash
PASS: capture ingests actual contiguous primary
PASS: capture ingests actual contiguous blast
PASS: completed native dash and real primary seal exactly one immutable slot
PASS: sealed Sequence derives its unchanged original event order/deadlines: 
PASS: original capture and present admission use exactly the same real scenery
PASS: actual Playback configures exact sealed Sequence
PASS: real Scheduler starts the shared Standard profile
PASS: actual complete-union full-cone witness admits the native ring/wall world: 
PASS: fixture parent retires its one original current sealed slot once before bind
PASS: actual consumer binds exactly its admitted player/lease: 
PASS: paused aggregate captures actual actor/scheduler/projected playback: 
PASS: exact native tagged transport preserves the whole finite projected aggregate without decimal clock tolerance
PASS: partial clipped warning persists only the native presented prefix and untouched original suffix
PASS: fresh native candidate retains immutable original Sequence identity
PASS: fresh schema3 whole-unit prevalidation is pure before actor/scheduler mutation: 
PASS: real actor then scheduler then projected playback restore is quiet and reproduces actual native pixels/geometry/partial phases: 
PASS: fresh unit preserves exact motion, original capture history, deadlines, projection and receipt clocks
PASS: quiet fresh schema3 restore preserves genuinely partial warning native meshes/phases
PASS: resume finishes partial warning cues without dispatching an attack or refreshing geometry
PASS: paused aggregate captures actual actor/scheduler/projected playback: 
PASS: exact native tagged transport preserves the whole finite projected aggregate without decimal clock tolerance
PASS: finished warning keeps immutable projected mode with no fictitious pending field
PASS: capture arms at real paused shared-player boundary
PASS: actual immutable four-Box floor ring has a supported capture signature
PASS: capture ingests actual contiguous dash
PASS: capture ingests actual contiguous primary
PASS: capture ingests actual contiguous blast
PASS: completed native dash and real primary seal exactly one immutable slot
PASS: sealed Sequence derives its unchanged original event order/deadlines: 
PASS: original capture and present admission use exactly the same real scenery
PASS: actual Playback configures exact sealed Sequence
PASS: real Scheduler starts the shared Standard profile
PASS: actual complete-union full-cone witness admits the native ring/wall world: 
PASS: fixture parent retires its one original current sealed slot once before bind
PASS: actual consumer binds exactly its admitted player/lease: 
PASS: actual lock freshly reproves original full-cone complete union: 
PASS: consumer observes exact real immutable lock deadlines
PASS: paused aggregate captures actual actor/scheduler/projected playback: 
PASS: exact native tagged transport preserves the whole finite projected aggregate without decimal clock tolerance
PASS: partial clipped lock persists only the native presented prefix and untouched original suffix
PASS: fresh native candidate retains immutable original Sequence identity
PASS: fresh schema3 whole-unit prevalidation is pure before actor/scheduler mutation: 
PASS: real actor then scheduler then projected playback restore is quiet and reproduces actual native pixels/geometry/partial phases: 
PASS: fresh unit preserves exact motion, original capture history, deadlines, projection and receipt clocks
PASS: quiet fresh schema3 restore preserves genuinely partial lock native meshes/phases
PASS: resume finishes partial lock cues without dispatching an attack or refreshing geometry
PASS: paused aggregate captures actual actor/scheduler/projected playback: 
PASS: exact native tagged transport preserves the whole finite projected aggregate without decimal clock tolerance
PASS: finished lock keeps immutable projected mode with no fictitious pending field
PASS: capture arms at real paused shared-player boundary
PASS: actual immutable four-Box floor ring has a supported capture signature
PASS: capture ingests actual contiguous dash
PASS: capture ingests actual contiguous primary
PASS: capture ingests actual contiguous blast
PASS: completed native dash and real primary seal exactly one immutable slot
PASS: sealed Sequence derives its unchanged original event order/deadlines: 
PASS: original capture and present admission use exactly the same real scenery
PASS: actual Playback configures exact sealed Sequence
PASS: real Scheduler starts the shared Standard profile
PASS: actual complete-union full-cone witness admits the native ring/wall world: 
PASS: fixture parent retires its one original current sealed slot once before bind
PASS: actual consumer binds exactly its admitted player/lease: 
PASS: actual lock freshly reproves original full-cone complete union: 
PASS: consumer observes exact real immutable lock deadlines
PASS: paused aggregate captures actual actor/scheduler/projected playback: 
PASS: exact native tagged transport preserves the whole finite projected aggregate without decimal clock tolerance
PASS: held active callback stores the complete original batch, exact delivery stage and independently sampled blast contact in schema3
PASS: clipped active observer cannot recurse and retains a genuine unfinished player dash
PASS: fresh native candidate retains immutable original Sequence identity
PASS: fresh schema3 whole-unit prevalidation is pure before actor/scheduler mutation: 
PASS: real actor then scheduler then projected playback restore is quiet and reproduces actual native pixels/geometry/partial phases: 
PASS: fresh unit preserves exact motion, original capture history, deadlines, projection and receipt clocks
PASS: one real ordered physics tick reaches the bounded held delivery barrier
PASS: first resumed real physics tick moves the restored actor and stops after exactly the original primary notification
PASS: paused aggregate captures actual actor/scheduler/projected playback: 
PASS: exact native tagged transport preserves the whole finite projected aggregate without decimal clock tolerance
PASS: popped first event preserves actual primary pose and clipped partial cue history before the untouched blast presentation
PASS: fresh native candidate retains immutable original Sequence identity
PASS: fresh schema3 whole-unit prevalidation is pure before actor/scheduler mutation: 
PASS: real actor then scheduler then projected playback restore is quiet and reproduces actual native pixels/geometry/partial phases: 
PASS: fresh unit preserves exact motion, original capture history, deadlines, projection and receipt clocks
PASS: one real ordered physics tick reaches the bounded held delivery barrier
PASS: second real restored dash tick leaves the original left-blast cone and disk without changing its saved contact
PASS: paused aggregate captures actual actor/scheduler/projected playback: 
PASS: exact native tagged transport preserves the whole finite projected aggregate without decimal clock tolerance
PASS: held clipped blast retains original contact and exact damage stage instead of resampling current actor
PASS: idempotent paused exact restore never emits/represents a consumed clipped cue/event
PASS: saved original contact has exactly one damage attempt; actual dash invulnerability truthfully prevents current HP loss
PASS: held event 0 keeps exact original scheduled and dispatch clocks through fresh restores
PASS: held event 1 keeps exact original scheduled and dispatch clocks through fresh restores
PASS: drained equal-clock clipped delivery cannot duplicate an event or HP opportunity
PASS: paused aggregate captures actual actor/scheduler/projected playback: 
PASS: exact native tagged transport preserves the whole finite projected aggregate without decimal clock tolerance
PASS: drained projected owner retains schema3 and removes only the exhausted pending field
PASS: capture arms at real paused shared-player boundary
PASS: actual immutable four-Box floor ring has a supported capture signature
PASS: capture ingests actual contiguous dash
PASS: capture ingests actual contiguous primary
PASS: capture ingests actual contiguous blast
PASS: completed native dash and real primary seal exactly one immutable slot
PASS: sealed Sequence derives its unchanged original event order/deadlines: 
PASS: original capture and present admission use exactly the same real scenery
PASS: actual Playback configures exact sealed Sequence
PASS: real Scheduler starts the shared Standard profile
PASS: actual complete-union full-cone witness admits the native ring/wall world: 
PASS: fixture parent retires its one original current sealed slot once before bind
PASS: actual consumer binds exactly its admitted player/lease: 
PASS: paused aggregate captures actual actor/scheduler/projected playback: 
PASS: exact native tagged transport preserves the whole finite projected aggregate without decimal clock tolerance
PASS: event_id forged projected unit rejects before any aggregate mutation
PASS: event_id restore rejection is atomic for owner/actor/scheduler state
PASS: record forged projected unit rejects before any aggregate mutation
PASS: record restore rejection is atomic for owner/actor/scheduler state
PASS: order forged projected unit rejects before any aggregate mutation
PASS: order restore rejection is atomic for owner/actor/scheduler state
PASS: triangle forged projected unit rejects before any aggregate mutation
PASS: triangle restore rejection is atomic for owner/actor/scheduler state
PASS: contour forged projected unit rejects before any aggregate mutation
PASS: contour restore rejection is atomic for owner/actor/scheduler state
PASS: floor forged projected unit rejects before any aggregate mutation
PASS: floor restore rejection is atomic for owner/actor/scheduler state
PASS: collision forged projected unit rejects before any aggregate mutation
PASS: collision restore rejection is atomic for owner/actor/scheduler state
PASS: version forged projected unit rejects before any aggregate mutation
PASS: version restore rejection is atomic for owner/actor/scheduler state
PASS: downgrade forged projected unit rejects before any aggregate mutation
PASS: downgrade restore rejection is atomic for owner/actor/scheduler state
PASS: context_floor original-arm/current-native guard mismatch rejects purely
PASS: context_collision original-arm/current-native guard mismatch rejects purely
PASS: context_generation original-arm/current-native guard mismatch rejects purely
PASS: safe_rect original-arm/current-native guard mismatch rejects purely
PASS: scene original-arm/current-native guard mismatch rejects purely
PASS: restoring exactly the original immutable world/floor guard restores valid pure validation
PASS: already projected owner cannot downgrade through the ordinary bind API
PASS: capture arms at real paused shared-player boundary
PASS: actual immutable four-Box floor ring has a supported capture signature
PASS: capture ingests actual contiguous dash
PASS: capture ingests actual contiguous primary
PASS: completed native dash and real primary seal exactly one immutable slot
PASS: sealed Sequence derives its unchanged original event order/deadlines: 
PASS: original capture and present admission use exactly the same real scenery
PASS: actual Playback configures exact sealed Sequence
PASS: real Scheduler starts the shared Standard profile
PASS: actual complete-union full-cone witness admits the native ring/wall world: 
PASS: fixture parent retires its one original current sealed slot once before bind
PASS: actual consumer binds exactly its admitted player/lease: 
PASS: paused aggregate captures actual actor/scheduler/projected playback: 
PASS: exact native tagged transport preserves the whole finite projected aggregate without decimal clock tolerance
PASS: lost lost native projected renderer cannot heal itself through paused capture or restore
PASS: lost native binding failure visibly cancels before any original attack opportunity
PASS: capture arms at real paused shared-player boundary
PASS: actual immutable four-Box floor ring has a supported capture signature
PASS: capture ingests actual contiguous dash
PASS: capture ingests actual contiguous primary
PASS: completed native dash and real primary seal exactly one immutable slot
PASS: sealed Sequence derives its unchanged original event order/deadlines: 
PASS: original capture and present admission use exactly the same real scenery
PASS: actual Playback configures exact sealed Sequence
PASS: real Scheduler starts the shared Standard profile
PASS: actual complete-union full-cone witness admits the native ring/wall world: 
PASS: fixture parent retires its one original current sealed slot once before bind
PASS: actual consumer binds exactly its admitted player/lease: 
PASS: paused aggregate captures actual actor/scheduler/projected playback: 
PASS: exact native tagged transport preserves the whole finite projected aggregate without decimal clock tolerance
PASS: hidden lost native projected renderer cannot heal itself through paused capture or restore
PASS: hidden native binding failure visibly cancels before any original attack opportunity
PASS: capture arms at real paused shared-player boundary
PASS: actual immutable four-Box floor ring has a supported capture signature
PASS: capture ingests actual contiguous dash
PASS: capture ingests actual contiguous primary
PASS: completed native dash and real primary seal exactly one immutable slot
PASS: sealed Sequence derives its unchanged original event order/deadlines: 
PASS: original capture and present admission use exactly the same real scenery
PASS: actual Playback configures exact sealed Sequence
PASS: real Scheduler starts the shared Standard profile
PASS: actual complete-union full-cone witness admits the native ring/wall world: 
PASS: fixture parent retires its one original current sealed slot once before bind
PASS: actual consumer binds exactly its admitted player/lease: 
PASS: paused aggregate captures actual actor/scheduler/projected playback: 
PASS: exact native tagged transport preserves the whole finite projected aggregate without decimal clock tolerance
PASS: replacement lost native projected renderer cannot heal itself through paused capture or restore
PASS: replacement native binding failure visibly cancels before any original attack opportunity
PASS: capture arms at real paused shared-player boundary
PASS: actual immutable four-Box floor ring has a supported capture signature
PASS: capture ingests actual contiguous dash
PASS: capture ingests actual contiguous primary
PASS: completed native dash and real primary seal exactly one immutable slot
PASS: sealed Sequence derives its unchanged original event order/deadlines: 
PASS: original capture and present admission use exactly the same real scenery
PASS: actual Playback configures exact sealed Sequence
PASS: real Scheduler starts the shared Standard profile
PASS: actual complete-union full-cone witness admits the native ring/wall world: 
PASS: fixture parent retires its one original current sealed slot once before bind
PASS: actual consumer binds exactly its admitted player/lease: 
PASS: paused aggregate captures actual actor/scheduler/projected playback: 
PASS: exact native tagged transport preserves the whole finite projected aggregate without decimal clock tolerance
PASS: surface lost native projected renderer cannot heal itself through paused capture or restore
PASS: surface native binding failure visibly cancels before any original attack opportunity
PASS: capture arms at real paused shared-player boundary
PASS: actual immutable four-Box floor ring has a supported capture signature
PASS: capture ingests actual contiguous dash
PASS: capture ingests actual contiguous primary
PASS: completed native dash and real primary seal exactly one immutable slot
PASS: sealed Sequence derives its unchanged original event order/deadlines: 
PASS: original capture and present admission use exactly the same real scenery
PASS: actual Playback configures exact sealed Sequence
PASS: real Scheduler starts the shared Standard profile
PASS: actual complete-union full-cone witness admits the native ring/wall world: 
PASS: fixture parent retires its one original current sealed slot once before bind
PASS: actual consumer binds exactly its admitted player/lease: 
PASS: paused aggregate captures actual actor/scheduler/projected playback: 
PASS: exact native tagged transport preserves the whole finite projected aggregate without decimal clock tolerance
PASS: transform lost native projected renderer cannot heal itself through paused capture or restore
PASS: transform native binding failure visibly cancels before any original attack opportunity
PASS: capture arms at real paused shared-player boundary
PASS: actual immutable four-Box floor ring has a supported capture signature
PASS: capture ingests actual contiguous dash
PASS: capture ingests actual contiguous primary
PASS: completed native dash and real primary seal exactly one immutable slot
PASS: sealed Sequence derives its unchanged original event order/deadlines: 
PASS: original capture and present admission use exactly the same real scenery
PASS: actual Playback configures exact sealed Sequence
PASS: real Scheduler starts the shared Standard profile
PASS: actual complete-union full-cone witness admits the native ring/wall world: 
PASS: fixture parent retires its one original current sealed slot once before bind
PASS: actual consumer binds exactly its admitted player/lease: 
PASS: paused aggregate captures actual actor/scheduler/projected playback: 
PASS: exact native tagged transport preserves the whole finite projected aggregate without decimal clock tolerance
PASS: source lost native projected renderer cannot heal itself through paused capture or restore
PASS: source native binding failure visibly cancels before any original attack opportunity
Projected replay smoke: 467 checks, 0 failures
