Godot Engine v4.7.2.stable.official.ed1daf0bf - https://godotengine.org
TextServer: Added interface "Dummy"
TextServer: Added interface "ICU / HarfBuzz / Graphite (Built-in)"
SDL: Init OK!
Using "default" pen tablet driver...

TextServer: Primary interface set to: "ICU / HarfBuzz / Graphite (Built-in)".
CORE API HASH: 2004498165
EDITOR API HASH: 1696660745
SceneTreeFTI: traversal method DEFAULT
Loading resource: /Users/howardchen/Library/Application Support/Godot/editor_settings-4.7.tres remapped: /Users/howardchen/Library/Application Support/Godot/editor_settings-4.7.tres
Completed load for: '/Users/howardchen/Library/Application Support/Godot/editor_settings-4.7.tres' remapped '/Users/howardchen/Library/Application Support/Godot/editor_settings-4.7.tres' at thread -1
EditorSettings: Load OK!
EditorTheme: Generating new theme for the config '3810048042'.
EditorTheme: Generating new icons.
EditorTheme: Generating new fonts.
EditorTheme: Generating new styles.
Loading resource: /Users/howardchen/Library/Caches/Godot/editor_doc_cache-4.7.res remapped: /Users/howardchen/Library/Caches/Godot/editor_doc_cache-4.7.res
Loaded system CA certificates
Completed load for: '/Users/howardchen/Library/Caches/Godot/editor_doc_cache-4.7.res' remapped '/Users/howardchen/Library/Caches/Godot/editor_doc_cache-4.7.res' at thread -1
[   0% ] first_scan_filesystem | Started Project initialization (5 steps)
[   0% ] first_scan_filesystem | Scanning file structure...
[  16% ] first_scan_filesystem | Loading global class names...
[  33% ] first_scan_filesystem | Verifying GDExtensions...
[  50% ] first_scan_filesystem | Creating autoload scripts...
[  66% ] first_scan_filesystem | Initializing plugins...
[  83% ] first_scan_filesystem | Starting file scan...
[ DONE ] first_scan_filesystem

[   0% ] update_scripts_classes | Started Registering global classes... (44 steps)
[   0% ] update_scripts_classes | 
[   2% ] update_scripts_classes | 
[   4% ] update_scripts_classes | 
[   6% ] update_scripts_classes | 
[   8% ] update_scripts_classes | CinderAct3LivingForestScenery
[  11% ] update_scripts_classes | CinderAct3RootLatcher
[  13% ] update_scripts_classes | CinderAct3RootLatcherArt
[  15% ] update_scripts_classes | 
[  17% ] update_scripts_classes | CinderAuthoredEchoRenderer
[  20% ] update_scripts_classes | CinderAuthoredEnemySequence
[  22% ] update_scripts_classes | CinderReplayCursor
[  24% ] update_scripts_classes | CinderReplayFootprint
[  26% ] update_scripts_classes | CinderReplayPlayback
[  28% ] update_scripts_classes | CinderReplayProgram
[  31% ] update_scripts_classes | CinderReplayWitness
[  33% ] update_scripts_classes | CinderSmokeBank
[  35% ] update_scripts_classes | CinderThreatScheduler
[  37% ] update_scripts_classes | CinderThreatCue
[  40% ] update_scripts_classes | CinderSchedulerSporeSourceProtocol
[  42% ] update_scripts_classes | CinderSporeRepulsion
[  44% ] update_scripts_classes | 
[  46% ] update_scripts_classes | 
[  48% ] update_scripts_classes | 
[  51% ] update_scripts_classes | 
[  53% ] update_scripts_classes | 
[  55% ] update_scripts_classes | 
[  57% ] update_scripts_classes | 
[  60% ] update_scripts_classes | 
[  62% ] update_scripts_classes | 
[  64% ] update_scripts_classes | 
[  66% ] update_scripts_classes | 
[  68% ] update_scripts_classes | 
[  71% ] update_scripts_classes | 
[  73% ] update_scripts_classes | 
[  75% ] update_scripts_classes | 
[  77% ] update_scripts_classes | 
[  80% ] update_scripts_classes | 
[  82% ] update_scripts_classes | 
[  84% ] update_scripts_classes | 
[  86% ] update_scripts_classes | 
[  88% ] update_scripts_classes | 
[  91% ] update_scripts_classes | 
[  93% ] update_scripts_classes | 
[  95% ] update_scripts_classes | 
[ DONE ] update_scripts_classes

[   0% ] _update_scan_actions | Started Scanning actions... (3 steps)
[   0% ] _update_scan_actions | dreamsinter-observer.png
[  25% ] _update_scan_actions | forest-bark-albedo-v1.png
[  50% ] _update_scan_actions | root-latcher-atlas.png
[ DONE ] _update_scan_actions

[   0% ] reimport | Started (Re)Importing Assets (3 steps)
[   0% ] reimport | Preparing files to reimport...
[  25% ] reimport | Preparing files to reimport...
[  50% ] reimport | Preparing files to reimport...
[   0% ] reimport | Executing pre-reimport operations...
[   0% ] reimport | dreamsinter-observer.png
EditorFileSystem: Importing file: res://assets/acts/act3/dreamsinter-observer.png
EditorFileSystem: Importing file: res://assets/acts/act3/root-latcher-atlas.png
EditorFileSystem: Importing file: res://assets/acts/act3/forest-bark-albedo-v1.png
EditorFileSystem: "res://assets/acts/act3/forest-bark-albedo-v1.png" import took 440 ms.
[  25% ] reimport | forest-bark-albedo-v1.png
EditorFileSystem: "res://assets/acts/act3/root-latcher-atlas.png" import took 509 ms.
[  50% ] reimport | root-latcher-atlas.png
EditorFileSystem: "res://assets/acts/act3/dreamsinter-observer.png" import took 560 ms.
[  75% ] reimport | Finalizing Asset Import...
[ DONE ] reimport

[   0% ] reimport | Started (Re)Importing Assets (3 steps)
[   0% ] reimport | Executing post-reimport operations...
[ DONE ] reimport

[   0% ] loading_editor_layout | Started Loading editor (5 steps)
[   0% ] loading_editor_layout | Loading editor layout...
[  16% ] loading_editor_layout | Loading docks...
[  33% ] loading_editor_layout | Reopening scenes...
Loading resource: res://scenes/main.tscn remapped: res://scenes/main.tscn
Loading resource: res://scripts/game.gd remapped: res://scripts/game.gd
Loading resource: res://scenes/player.tscn remapped: res://scenes/player.tscn
Loading resource: res://scripts/player.gd remapped: res://scripts/player.gd
Completed load for: 'res://scripts/player.gd' remapped 'res://scripts/player.gd' at thread -1
Completed load for: 'res://scenes/player.tscn' remapped 'res://scenes/player.tscn' at thread -1
Loading resource: res://scenes/practice_target.tscn remapped: res://scenes/practice_target.tscn
Loading resource: res://scripts/practice_target.gd remapped: res://scripts/practice_target.gd
Completed load for: 'res://scripts/practice_target.gd' remapped 'res://scripts/practice_target.gd' at thread -1
Completed load for: 'res://scenes/practice_target.tscn' remapped 'res://scenes/practice_target.tscn' at thread -1
Loading resource: res://scenes/lab_arena.tscn remapped: res://scenes/lab_arena.tscn
Completed load for: 'res://scenes/lab_arena.tscn' remapped 'res://scenes/lab_arena.tscn' at thread -1
Completed load for: 'res://scripts/game.gd' remapped 'res://scripts/game.gd' at thread -1
Completed load for: 'res://scenes/main.tscn' remapped 'res://scenes/main.tscn' at thread -1
Loading resource: res://scenes/player.tscn remapped: res://scenes/player.tscn
Completed load for: 'res://scenes/player.tscn' remapped 'res://scenes/player.tscn' at thread -1
[  50% ] loading_editor_layout | Loading central editor layout...
[  66% ] loading_editor_layout | Loading plugin window layout...
[  83% ] loading_editor_layout | Editor layout ready.
[ DONE ] loading_editor_layout

Script docs haven't been properly loaded or regenerated, so don't save them to disk.
EditorSettings: Save OK!
