Waiting for the shared Godot session to close…
WorkerThreadPool: 8 threads, 6 max low-priority.
Godot Engine v4.7.2.stable.official.ed1daf0bf - https://godotengine.org
TextServer: Added interface "Dummy"
TextServer: Added interface "ICU / HarfBuzz / Graphite (Built-in)"
SDL: Init OK!
Using "default" pen tablet driver...

TextServer: Primary interface set to: "ICU / HarfBuzz / Graphite (Built-in)".
CORE API HASH: 2004498165
EDITOR API HASH: 1696660745
SceneTreeFTI: traversal method DEFAULT
Loading resource: /Users/howardchen/Library/Application Support/Godot/editor_settings-4.7.tres remapped: /Users/howardchen/Library/Application Support/Godot/editor_settings-4.7.tres
Completed load for: '/Users/howardchen/Library/Application Support/Godot/editor_settings-4.7.tres' remapped '/Users/howardchen/Library/Application Support/Godot/editor_settings-4.7.tres' at thread -1
EditorSettings: Load OK!
EditorTheme: Generating new theme for the config '3810048042'.
EditorTheme: Generating new icons.
EditorTheme: Generating new fonts.
EditorTheme: Generating new styles.
Loading resource: /Users/howardchen/Library/Caches/Godot/editor_doc_cache-4.7.res remapped: /Users/howardchen/Library/Caches/Godot/editor_doc_cache-4.7.res
Loaded system CA certificates
Completed load for: '/Users/howardchen/Library/Caches/Godot/editor_doc_cache-4.7.res' remapped '/Users/howardchen/Library/Caches/Godot/editor_doc_cache-4.7.res' at thread -1
[   0% ] [90m[1mfirst_scan_filesystem[22m | Started Project initialization (5 steps)[39m[0m
[   0% ] [90m[1mfirst_scan_filesystem[22m | Scanning file structure...[39m[0m
[  16% ] [90m[1mfirst_scan_filesystem[22m | Loading global class names...[39m[0m
[  33% ] [90m[1mfirst_scan_filesystem[22m | Verifying GDExtensions...[39m[0m
[  50% ] [90m[1mfirst_scan_filesystem[22m | Creating autoload scripts...[39m[0m
[  66% ] [90m[1mfirst_scan_filesystem[22m | Initializing plugins...[39m[0m
[  83% ] [90m[1mfirst_scan_filesystem[22m | Starting file scan...[39m[0m
[92m[ DONE ][39m [1mfirst_scan_filesystem[22m
[0m
[   0% ] [90m[1mupdate_scripts_classes[22m | Started Registering global classes... (44 steps)[39m[0m
[   0% ] [90m[1mupdate_scripts_classes[22m | [39m[0m
[   2% ] [90m[1mupdate_scripts_classes[22m | [39m[0m
[   4% ] [90m[1mupdate_scripts_classes[22m | [39m[0m
[   6% ] [90m[1mupdate_scripts_classes[22m | [39m[0m
[   8% ] [90m[1mupdate_scripts_classes[22m | CinderAct3LivingForestScenery[39m[0m
[  11% ] [90m[1mupdate_scripts_classes[22m | CinderAct3RootLatcher[39m[0m
[  13% ] [90m[1mupdate_scripts_classes[22m | CinderAct3RootLatcherArt[39m[0m
[  15% ] [90m[1mupdate_scripts_classes[22m | [39m[0m
[  17% ] [90m[1mupdate_scripts_classes[22m | CinderAuthoredEchoRenderer[39m[0m
[  20% ] [90m[1mupdate_scripts_classes[22m | CinderAuthoredEnemySequence[39m[0m
[  22% ] [90m[1mupdate_scripts_classes[22m | CinderReplayCursor[39m[0m
[  24% ] [90m[1mupdate_scripts_classes[22m | CinderReplayFootprint[39m[0m
[  26% ] [90m[1mupdate_scripts_classes[22m | CinderReplayPlayback[39m[0m
[  28% ] [90m[1mupdate_scripts_classes[22m | CinderReplayProgram[39m[0m
[  31% ] [90m[1mupdate_scripts_classes[22m | CinderReplayWitness[39m[0m
[  33% ] [90m[1mupdate_scripts_classes[22m | CinderSmokeBank[39m[0m
[  35% ] [90m[1mupdate_scripts_classes[22m | CinderThreatScheduler[39m[0m
[  37% ] [90m[1mupdate_scripts_classes[22m | CinderThreatCue[39m[0m
[  40% ] [90m[1mupdate_scripts_classes[22m | CinderSchedulerSporeSourceProtocol[39m[0m
[  42% ] [90m[1mupdate_scripts_classes[22m | CinderSporeRepulsion[39m[0m
[  44% ] [90m[1mupdate_scripts_classes[22m | [39m[0m
[  46% ] [90m[1mupdate_scripts_classes[22m | [39m[0m
[  48% ] [90m[1mupdate_scripts_classes[22m | [39m[0m
[  51% ] [90m[1mupdate_scripts_classes[22m | [39m[0m
[  53% ] [90m[1mupdate_scripts_classes[22m | [39m[0m
[  55% ] [90m[1mupdate_scripts_classes[22m | [39m[0m
[  57% ] [90m[1mupdate_scripts_classes[22m | [39m[0m
[  60% ] [90m[1mupdate_scripts_classes[22m | [39m[0m
[  62% ] [90m[1mupdate_scripts_classes[22m | [39m[0m
[  64% ] [90m[1mupdate_scripts_classes[22m | [39m[0m
[  66% ] [90m[1mupdate_scripts_classes[22m | [39m[0m
[  68% ] [90m[1mupdate_scripts_classes[22m | [39m[0m
[  71% ] [90m[1mupdate_scripts_classes[22m | [39m[0m
[  73% ] [90m[1mupdate_scripts_classes[22m | [39m[0m
[  75% ] [90m[1mupdate_scripts_classes[22m | [39m[0m
[  77% ] [90m[1mupdate_scripts_classes[22m | [39m[0m
[  80% ] [90m[1mupdate_scripts_classes[22m | [39m[0m
[  82% ] [90m[1mupdate_scripts_classes[22m | [39m[0m
[  84% ] [90m[1mupdate_scripts_classes[22m | [39m[0m
[  86% ] [90m[1mupdate_scripts_classes[22m | [39m[0m
[  88% ] [90m[1mupdate_scripts_classes[22m | [39m[0m
[  91% ] [90m[1mupdate_scripts_classes[22m | [39m[0m
[  93% ] [90m[1mupdate_scripts_classes[22m | [39m[0m
[  95% ] [90m[1mupdate_scripts_classes[22m | [39m[0m
[92m[ DONE ][39m [1mupdate_scripts_classes[22m
[0m
[   0% ] [90m[1m_update_scan_actions[22m | Started Scanning actions... (3 steps)[39m[0m
[   0% ] [90m[1m_update_scan_actions[22m | dreamsinter-observer.png[39m[0m
[  25% ] [90m[1m_update_scan_actions[22m | forest-bark-albedo-v1.png[39m[0m
[  50% ] [90m[1m_update_scan_actions[22m | root-latcher-atlas.png[39m[0m
[92m[ DONE ][39m [1m_update_scan_actions[22m
[0m
[   0% ] [90m[1mreimport[22m | Started (Re)Importing Assets (3 steps)[39m[0m
[   0% ] [90m[1mreimport[22m | Preparing files to reimport...[39m[0m
[  25% ] [90m[1mreimport[22m | Preparing files to reimport...[39m[0m
[  50% ] [90m[1mreimport[22m | Preparing files to reimport...[39m[0m
[   0% ] [90m[1mreimport[22m | Executing pre-reimport operations...[39m[0m
[   0% ] [90m[1mreimport[22m | dreamsinter-observer.png[39m[0m
EditorFileSystem: Importing file: res://assets/acts/act3/dreamsinter-observer.png
EditorFileSystem: Importing file: res://assets/acts/act3/root-latcher-atlas.png
EditorFileSystem: Importing file: res://assets/acts/act3/forest-bark-albedo-v1.png
EditorFileSystem: "res://assets/acts/act3/forest-bark-albedo-v1.png" import took 440 ms.
[  25% ] [90m[1mreimport[22m | forest-bark-albedo-v1.png[39m[0m
EditorFileSystem: "res://assets/acts/act3/root-latcher-atlas.png" import took 509 ms.
[  50% ] [90m[1mreimport[22m | root-latcher-atlas.png[39m[0m
EditorFileSystem: "res://assets/acts/act3/dreamsinter-observer.png" import took 560 ms.
[  75% ] [90m[1mreimport[22m | Finalizing Asset Import...[39m[0m
[92m[ DONE ][39m [1mreimport[22m
[0m
[   0% ] [90m[1mreimport[22m | Started (Re)Importing Assets (3 steps)[39m[0m
[   0% ] [90m[1mreimport[22m | Executing post-reimport operations...[39m[0m
[92m[ DONE ][39m [1mreimport[22m
[0m
[   0% ] [90m[1mloading_editor_layout[22m | Started Loading editor (5 steps)[39m[0m
[   0% ] [90m[1mloading_editor_layout[22m | Loading editor layout...[39m[0m
[  16% ] [90m[1mloading_editor_layout[22m | Loading docks...[39m[0m
[  33% ] [90m[1mloading_editor_layout[22m | Reopening scenes...[39m[0m
Loading resource: res://scenes/main.tscn remapped: res://scenes/main.tscn
Loading resource: res://scripts/game.gd remapped: res://scripts/game.gd
Loading resource: res://scenes/player.tscn remapped: res://scenes/player.tscn
Loading resource: res://scripts/player.gd remapped: res://scripts/player.gd
Completed load for: 'res://scripts/player.gd' remapped 'res://scripts/player.gd' at thread -1
Completed load for: 'res://scenes/player.tscn' remapped 'res://scenes/player.tscn' at thread -1
Loading resource: res://scenes/practice_target.tscn remapped: res://scenes/practice_target.tscn
Loading resource: res://scripts/practice_target.gd remapped: res://scripts/practice_target.gd
Completed load for: 'res://scripts/practice_target.gd' remapped 'res://scripts/practice_target.gd' at thread -1
Completed load for: 'res://scenes/practice_target.tscn' remapped 'res://scenes/practice_target.tscn' at thread -1
Loading resource: res://scenes/lab_arena.tscn remapped: res://scenes/lab_arena.tscn
Completed load for: 'res://scenes/lab_arena.tscn' remapped 'res://scenes/lab_arena.tscn' at thread -1
Completed load for: 'res://scripts/game.gd' remapped 'res://scripts/game.gd' at thread -1
Completed load for: 'res://scenes/main.tscn' remapped 'res://scenes/main.tscn' at thread -1
Loading resource: res://scenes/player.tscn remapped: res://scenes/player.tscn
Completed load for: 'res://scenes/player.tscn' remapped 'res://scenes/player.tscn' at thread -1
[  50% ] [90m[1mloading_editor_layout[22m | Loading central editor layout...[39m[0m
[  66% ] [90m[1mloading_editor_layout[22m | Loading plugin window layout...[39m[0m
[  83% ] [90m[1mloading_editor_layout[22m | Editor layout ready.[39m[0m
[92m[ DONE ][39m [1mloading_editor_layout[22m
[0m
Script docs haven't been properly loaded or regenerated, so don't save them to disk.
EditorSettings: Save OK!
XR: Clearing primary interface
XR: Removed interface "Native mobile"
XR: Removed interface "OpenXR"
Orphan StringName: Node (static: 3, total: 4)
StringName: 1 unclaimed string names at exit.
