Godot Engine v4.7.2.stable.official.ed1daf0bf - https://godotengine.org

PASS: standard authors canonical Heavy before Hero entry
PASS: standard begins exactly one native encounter
PASS: standard binds actual ready Hero without a synthetic landing
PASS: standard configures actual persistent Ray and distinct Foot under one parent
PASS: standard retains two distinct actual owners and distinct threat cues with one composite joint cue
PASS: standard uses explicit proposed Foot recovery2.4 and unchanged circle identity
PASS: standard uses real profile budget
PASS: standard authored initial point is noncoincident, Heavy-reachable and outside Foot capsule padding
PASS: standard earns supported native floor before start
PASS: standard deliberately incomplete whole-parent codec refuses without mutation or save authority
PASS: standard starts only after actual stable floor and seeds real entry bait
PASS: standard first real Ray commits actual native admission/proof
PASS: standard actual first ray samples noncoincident supported floor and original full lock
PASS: standard selected actual proof explicitly contains escape, return and ordinary-primary hold
PASS: standard actual proof dash starts during its genuine allotted interval with native readiness
PASS: standard public native dash accepts actual proof direction
PASS: standard proof movement finishes as actual completed physical dash receipt in bound bait
PASS: standard actual proof dash starts during its genuine allotted interval with native readiness
PASS: standard public native dash accepts actual proof direction
PASS: standard proof movement finishes as actual completed physical dash receipt in bound bait
PASS: standard real primary occurs only with actual native readiness and required recovery cues
PASS: standard actual strike placement and full actual primary cooldown fit committed recovery deadlines
PASS: standard immediate public Heavy primary hits exactly the native low joint
PASS: standard follows real first Ray escape/return and immediate public Heavy primary
PASS: standard one real24damage Heavy strike clamps first finite pool to15 without refilling
PASS: standard parent first observer spends cue and closes Ray before later threshold observers
PASS: standard real Ray recovery introduction is cancelled at threshold and never relabelled complete
PASS: standard pending brace permits exactly one distinct native Foot introduction
PASS: standard Foot admission has real escape/return proof while pending brace stays spent
PASS: standard selected actual proof explicitly contains escape, return and ordinary-primary hold
PASS: standard actual proof dash starts during its genuine allotted interval with native readiness
PASS: standard public native dash accepts actual proof direction
PASS: standard proof movement finishes as actual completed physical dash receipt in bound bait
PASS: standard actual proof dash starts during its genuine allotted interval with native readiness
PASS: standard public native dash accepts actual proof direction
PASS: standard proof movement finishes as actual completed physical dash receipt in bound bait
PASS: standard Foot proof hold leaves finite pending brace untouched
PASS: standard executes actual Foot escape/return and waits through its primary-sized hold without striking pending brace
PASS: standard complete native Foot receipt plus drained original Ray deadlines earns eligibility
PASS: standard eligibility carries actual completed Foot and cancelled Ray original recovery/cooldown receipts
PASS: standard deferred eligibility publishes stable supported earned phase2 with both consumers drained
PASS: standard phase2 reseeds actual stable floor once without duplicated Foot or premature clear
PASS: standard eligibility holds admissions while original encounter clock continues
PASS: standard explicit test host acknowledges eligibility once without resetting encounter
PASS: standard phase2 Foot-first stagger earns actual native joint-return proof
PASS: standard accepted union proof fits ordinary primary and full cooldown inside BOTH actual recoveries
PASS: standard actual returned members preserve one world epoch and staggered activations
PASS: Standard Ray admission follows actual Foot lock
PASS: standard accepted native path clears actual Ray AND Foot footprints without blast or immunity
PASS: standard selected actual proof explicitly contains escape, return and ordinary-primary hold
PASS: standard actual proof dash starts during its genuine allotted interval with native readiness
PASS: standard public native dash accepts actual proof direction
PASS: standard proof movement finishes as actual completed physical dash receipt in bound bait
PASS: standard actual proof dash starts during its genuine allotted interval with native readiness
PASS: standard public native dash accepts actual proof direction
PASS: standard proof movement finishes as actual completed physical dash receipt in bound bait
PASS: standard declined paired proof reaches actual early joint return and preserves remaining pool
PASS: standard executes actual first paired escape/return while declining its early primary
PASS: standard waits actual paired cadence cutoff without changing any clock
PASS: standard actual late joint closes while BOTH genuine recoveries remain live
PASS: standard late public Heavy primary publishes real zero accepted damage and cannot consume remaining pool
PASS: standard naturally finished declined pair permits next real persistent Foot/Ray cycle
PASS: standard fresh real pair earns new exact union proof with full ordinary-primary cadence
PASS: standard selected actual proof explicitly contains escape, return and ordinary-primary hold
PASS: standard actual proof dash starts during its genuine allotted interval with native readiness
PASS: standard public native dash accepts actual proof direction
PASS: standard proof movement finishes as actual completed physical dash receipt in bound bait
PASS: standard actual proof dash starts during its genuine allotted interval with native readiness
PASS: standard public native dash accepts actual proof direction
PASS: standard proof movement finishes as actual completed physical dash receipt in bound bait
PASS: standard real primary occurs only with actual native readiness and required recovery cues
PASS: standard actual strike placement and full actual primary cooldown fit committed recovery deadlines
PASS: standard immediate public Heavy primary hits exactly the native low joint
PASS: standard actual native paired escape/return reaches BOTH recoveries for public Heavy defeat
PASS: standard deferred real finite-pool clear publishes once
PASS: standard second real24damage Heavy primary consumes only remaining15HP and records paired gate
PASS: standard phase boundary and defeat preserve persistent source/cue identities
PASS: standard real source defeat retires Ray owner cooldown; Foot retains exact original cooldown or expires only at its native deadline in the same epoch
PASS: standard actual native paths create no exposure opportunity or fabricated hurt and consume only real published actions
PASS: standard continued ticks cannot repeat introduction, phase eligibility or clear
PASS: standard cleanup permanently closes parent admissions and codec authority
PASS: standard whole native parent/source/cue/controller world disposes
PASS: standard whole native parent/source/cue/controller world disposes
PASS: standard whole native parent/source/cue/controller world disposes
PASS: standard whole native parent/source/cue/controller world disposes
PASS: standard whole native parent/source/cue/controller world disposes
PASS: standard whole native parent/source/cue/controller world disposes
PASS: standard whole native parent/source/cue/controller world disposes
PASS: standard whole native parent/source/cue/controller world disposes
PASS: standard whole native parent/source/cue/controller world disposes
PASS: standard whole native parent/source/cue/controller world disposes
PASS: assisted authors canonical Heavy before Hero entry
PASS: assisted begins exactly one native encounter
PASS: assisted binds actual ready Hero without a synthetic landing
PASS: assisted configures actual persistent Ray and distinct Foot under one parent
PASS: assisted retains two distinct actual owners and distinct threat cues with one composite joint cue
PASS: assisted uses explicit proposed Foot recovery2.4 and unchanged circle identity
PASS: assisted uses real profile budget
PASS: assisted authored initial point is noncoincident, Heavy-reachable and outside Foot capsule padding
PASS: assisted earns supported native floor before start
PASS: assisted deliberately incomplete whole-parent codec refuses without mutation or save authority
PASS: assisted starts only after actual stable floor and seeds real entry bait
PASS: assisted first real Ray commits actual native admission/proof
PASS: assisted actual first ray samples noncoincident supported floor and original full lock
PASS: assisted selected actual proof explicitly contains escape, return and ordinary-primary hold
PASS: assisted actual proof dash starts during its genuine allotted interval with native readiness
PASS: assisted public native dash accepts actual proof direction
PASS: assisted proof movement finishes as actual completed physical dash receipt in bound bait
PASS: assisted actual proof dash starts during its genuine allotted interval with native readiness
PASS: assisted public native dash accepts actual proof direction
PASS: assisted proof movement finishes as actual completed physical dash receipt in bound bait
PASS: assisted real primary occurs only with actual native readiness and required recovery cues
PASS: assisted actual strike placement and full actual primary cooldown fit committed recovery deadlines
PASS: assisted immediate public Heavy primary hits exactly the native low joint
PASS: assisted follows real first Ray escape/return and immediate public Heavy primary
PASS: assisted one real24damage Heavy strike clamps first finite pool to15 without refilling
PASS: assisted parent first observer spends cue and closes Ray before later threshold observers
PASS: assisted real Ray recovery introduction is cancelled at threshold and never relabelled complete
PASS: assisted pending brace permits exactly one distinct native Foot introduction
PASS: assisted Foot admission has real escape/return proof while pending brace stays spent
PASS: assisted selected actual proof explicitly contains escape, return and ordinary-primary hold
PASS: assisted actual proof dash starts during its genuine allotted interval with native readiness
PASS: assisted public native dash accepts actual proof direction
PASS: assisted proof movement finishes as actual completed physical dash receipt in bound bait
PASS: assisted actual proof dash starts during its genuine allotted interval with native readiness
PASS: assisted public native dash accepts actual proof direction
PASS: assisted proof movement finishes as actual completed physical dash receipt in bound bait
PASS: assisted Foot proof hold leaves finite pending brace untouched
PASS: assisted executes actual Foot escape/return and waits through its primary-sized hold without striking pending brace
PASS: assisted complete native Foot receipt plus drained original Ray deadlines earns eligibility
PASS: assisted eligibility carries actual completed Foot and cancelled Ray original recovery/cooldown receipts
PASS: assisted deferred eligibility publishes stable supported earned phase2 with both consumers drained
PASS: assisted phase2 reseeds actual stable floor once without duplicated Foot or premature clear
PASS: assisted eligibility holds admissions while original encounter clock continues
PASS: assisted explicit test host acknowledges eligibility once without resetting encounter
PASS: assisted phase2 Foot-first stagger earns actual native joint-return proof
PASS: assisted accepted union proof fits ordinary primary and full cooldown inside BOTH actual recoveries
PASS: assisted actual returned members preserve one world epoch and staggered activations
PASS: Assisted budget1 waits actual Foot active release while retaining Foot recovery
PASS: assisted accepted native path clears actual Ray AND Foot footprints without blast or immunity
PASS: assisted selected actual proof explicitly contains escape, return and ordinary-primary hold
PASS: assisted actual proof dash starts during its genuine allotted interval with native readiness
PASS: assisted public native dash accepts actual proof direction
PASS: assisted proof movement finishes as actual completed physical dash receipt in bound bait
PASS: assisted actual proof dash starts during its genuine allotted interval with native readiness
PASS: assisted public native dash accepts actual proof direction
PASS: assisted proof movement finishes as actual completed physical dash receipt in bound bait
PASS: assisted declined paired proof reaches actual early joint return and preserves remaining pool
PASS: assisted executes actual first paired escape/return while declining its early primary
PASS: assisted waits actual paired cadence cutoff without changing any clock
PASS: assisted actual late joint closes while BOTH genuine recoveries remain live
PASS: assisted late public Heavy primary publishes real zero accepted damage and cannot consume remaining pool
PASS: assisted naturally finished declined pair permits next real persistent Foot/Ray cycle
PASS: assisted fresh real pair earns new exact union proof with full ordinary-primary cadence
PASS: assisted selected actual proof explicitly contains escape, return and ordinary-primary hold
PASS: assisted actual proof dash starts during its genuine allotted interval with native readiness
PASS: assisted public native dash accepts actual proof direction
PASS: assisted proof movement finishes as actual completed physical dash receipt in bound bait
PASS: assisted actual proof dash starts during its genuine allotted interval with native readiness
PASS: assisted public native dash accepts actual proof direction
PASS: assisted proof movement finishes as actual completed physical dash receipt in bound bait
PASS: assisted real primary occurs only with actual native readiness and required recovery cues
PASS: assisted actual strike placement and full actual primary cooldown fit committed recovery deadlines
PASS: assisted immediate public Heavy primary hits exactly the native low joint
PASS: assisted actual native paired escape/return reaches BOTH recoveries for public Heavy defeat
PASS: assisted deferred real finite-pool clear publishes once
PASS: assisted second real24damage Heavy primary consumes only remaining15HP and records paired gate
PASS: assisted phase boundary and defeat preserve persistent source/cue identities
PASS: assisted real source defeat retires Ray owner cooldown; Foot retains exact original cooldown or expires only at its native deadline in the same epoch
PASS: assisted actual native paths create no exposure opportunity or fabricated hurt and consume only real published actions
PASS: assisted continued ticks cannot repeat introduction, phase eligibility or clear
PASS: assisted cleanup permanently closes parent admissions and codec authority
PASS: assisted whole native parent/source/cue/controller world disposes
PASS: assisted whole native parent/source/cue/controller world disposes
PASS: assisted whole native parent/source/cue/controller world disposes
PASS: assisted whole native parent/source/cue/controller world disposes
PASS: assisted whole native parent/source/cue/controller world disposes
PASS: assisted whole native parent/source/cue/controller world disposes
PASS: assisted whole native parent/source/cue/controller world disposes
PASS: assisted whole native parent/source/cue/controller world disposes
PASS: assisted whole native parent/source/cue/controller world disposes
PASS: assisted whole native parent/source/cue/controller world disposes
A2-L5 native Sentry parent mechanics smoke: 182 checks, 0 failures; real finite two-pool/one Foot introduction/earned eligibility/paired native recovery only; no portable checkpoint, whole level, recognizer, camera, balance or art credit
