Godot Engine v4.7.2.stable.official.ed1daf0bf - https://godotengine.org

Weybridge actual route scope: loadout=slow_cargo_longstep profile=standard IDs={ "weapon": "WEAPON-03", "jacket": "CLOTH-J1", "pants": "CLOTH-P2", "shoes": "CLOTH-S2" }; initial zero ammo, ordinary primary, four HP-free foot cycles; TEST ONLY prefix/unlocks/profile/destination
TEST ONLY synthetic prior catalogue unlocks for selected seed gear: ["WEAPON-03", "CLOTH-J1", "CLOTH-P2", "CLOTH-S2"]
Weybridge actual primary targets cleared: ["village_scout"]
Weybridge actual primary targets cleared: ["yard_handler"]
Weybridge actual HP-free foot completed: foot_demo
Weybridge actual HP-free foot completed: foot_apron
Weybridge actual primary targets cleared: ["apron_handler"]
SCRIPT ERROR: Invalid call. Nonexistent function 'is_inside_tree' in base 'RefCounted (weybridge_sequence.gd)'.
   at: _combined_context_live (res://scripts/acts/act2/weybridge.gd:579)
   GDScript backtrace (most recent call first):
       [0] _combined_context_live (res://scripts/acts/act2/weybridge.gd:579)
       [1] _exchange_framed (res://scripts/acts/act2/weybridge.gd:547)
       [2] _presentation_guard (res://scripts/acts/act2/horsell_common.gd:356)
       [3] _presentation_allowed (res://scripts/acts/act2/ray_scout_exchange.gd:564)
       [4] _ready_to_resolve (res://scripts/acts/act2/ray_scout_exchange.gd:596)
       [5] tick (res://scripts/acts/act2/ray_scout_exchange.gd:296)
       [6] _physics_process (res://scripts/acts/act2/ray_scout_exchange.gd:313)
SCRIPT ERROR: Invalid call. Nonexistent function 'is_inside_tree' in base 'RefCounted (weybridge_sequence.gd)'.
   at: _combined_context_live (res://scripts/acts/act2/weybridge.gd:579)
   GDScript backtrace (most recent call first):
       [0] _combined_context_live (res://scripts/acts/act2/weybridge.gd:579)
       [1] _exchange_framed (res://scripts/acts/act2/weybridge.gd:547)
       [2] _presentation_guard (res://scripts/acts/act2/horsell_common.gd:356)
       [3] _presentation_allowed (res://scripts/acts/act2/ray_scout_exchange.gd:564)
       [4] _ready_to_resolve (res://scripts/acts/act2/ray_scout_exchange.gd:596)
       [5] tick (res://scripts/acts/act2/ray_scout_exchange.gd:296)
       [6] _physics_process (res://scripts/acts/act2/ray_scout_exchange.gd:313)
