Godot Engine v4.7.2.stable.official.ed1daf0bf - https://godotengine.org

Weybridge retry scope: Standard/heavy; actual village/yard primary clears, yard contact, foot demo, apron Handler+foot pause/ExactJson/atomic validation, real source death/public retry; inherited TEST ONLY prefix/unlocks
TEST ONLY synthetic prior catalogue unlocks for selected seed gear: ["WEAPON-03", "CLOTH-J0", "CLOTH-P0", "CLOTH-S0"]
Weybridge actual primary targets cleared: ["village_scout"]
Weybridge actual primary targets cleared: ["yard_handler"]
Weybridge actual HP-free foot completed: foot_demo
ERROR: Condition "!is_inside_tree()" is true. Returning: Transform3D()
   at: get_global_transform (scene/3d/node_3d.cpp:649)
   GDScript backtrace (most recent call first):
       [0] state (res://scripts/combat/lane_mechanism.gd:179)
       [1] _set_phase (res://scripts/combat/lane_mechanism.gd:313)
       [2] cancel (res://scripts/combat/lane_mechanism.gd:157)
       [3] clear (res://scripts/combat/lane_mechanism.gd:164)
       [4] _on_exit_level (res://scripts/acts/act2/weybridge.gd:744)
       [5] exit_level (res://scripts/campaign/level.gd:110)
       [6] _exit_tree (res://scripts/campaign/level.gd:384)
       [7] _retry_fresh_preflight (res://tests/acts/act2/a2_l2_retry_level_smoke.gd:256)
       [8] _retry_pause_pair (res://tests/acts/act2/a2_l2_retry_level_smoke.gd:180)
       [9] _settle (res://tests/acts/act2/a2_l2_live_level_smoke.gd:636)
ERROR: Condition "!is_inside_tree()" is true. Returning: Transform3D()
   at: get_global_transform (scene/3d/node_3d.cpp:649)
   GDScript backtrace (most recent call first):
       [0] state (res://scripts/combat/lane_mechanism.gd:179)
       [1] _set_phase (res://scripts/combat/lane_mechanism.gd:313)
       [2] cancel (res://scripts/combat/lane_mechanism.gd:157)
       [3] clear (res://scripts/combat/lane_mechanism.gd:164)
       [4] _on_exit_level (res://scripts/acts/act2/weybridge.gd:744)
       [5] exit_level (res://scripts/campaign/level.gd:110)
       [6] _exit_tree (res://scripts/campaign/level.gd:384)
       [7] _retry_fresh_preflight (res://tests/acts/act2/a2_l2_retry_level_smoke.gd:256)
       [8] _retry_pause_pair (res://tests/acts/act2/a2_l2_retry_level_smoke.gd:180)
       [9] _settle (res://tests/acts/act2/a2_l2_live_level_smoke.gd:636)
Weybridge retry checked actual paused warning Handler=warning foot=warning
Weybridge retry checked actual paused lock Handler=lock foot=lock
Weybridge authored retry smoke: 221 checks, 0 failures; real earned yard checkpoint and source damage, no forced state/final clear/native art or future-level acceptance
