Godot Engine v4.7.2.stable.official.ed1daf0bf - https://godotengine.org

Weybridge pending-path scope: Standard/heavy; real two primary defeats, yard checkpoint, isolated foot and actual apron dash; required active cue/public pause; complete shared19 pending2 aggregate; TEST ONLY prior prefix/unlocks
TEST ONLY synthetic prior catalogue unlocks for selected seed gear: ["WEAPON-03", "CLOTH-J0", "CLOTH-P0", "CLOTH-S0"]
Weybridge actual primary targets cleared: ["village_scout"]
Weybridge actual primary targets cleared: ["yard_handler"]
Weybridge actual HP-free foot completed: foot_demo
ERROR: public deferred pause captures the whole authoritative tuple: L2 Handler progress differs from its actual saved tool clock
   at: push_error (core/variant/variant_utility.cpp:1023)
   GDScript backtrace (most recent call first):
       [0] _expect (res://tests/acts/act2/a2_l2_live_level_smoke.gd:651)
       [1] _pending_route (res://tests/acts/act2/a2_l2_pending_path_smoke.gd:105)
       [2] _settle (res://tests/acts/act2/a2_l2_live_level_smoke.gd:638)
ERROR: Condition "!is_inside_tree()" is true. Returning: Transform3D()
   at: get_global_transform (scene/3d/node_3d.cpp:649)
   GDScript backtrace (most recent call first):
       [0] state (res://scripts/combat/lane_mechanism.gd:179)
       [1] _set_phase (res://scripts/combat/lane_mechanism.gd:313)
       [2] cancel (res://scripts/combat/lane_mechanism.gd:157)
       [3] clear (res://scripts/combat/lane_mechanism.gd:164)
       [4] _on_exit_level (res://scripts/acts/act2/weybridge.gd:744)
       [5] exit_level (res://scripts/campaign/level.gd:110)
       [6] _exit_tree (res://scripts/campaign/level.gd:384)
       [7] _run (res://tests/acts/act2/a2_l2_pending_path_smoke.gd:36)
       [8] _pending_route (res://tests/acts/act2/a2_l2_pending_path_smoke.gd:105)
       [9] _settle (res://tests/acts/act2/a2_l2_live_level_smoke.gd:638)
ERROR: Condition "!is_inside_tree()" is true. Returning: Transform3D()
   at: get_global_transform (scene/3d/node_3d.cpp:649)
   GDScript backtrace (most recent call first):
       [0] state (res://scripts/combat/lane_mechanism.gd:179)
       [1] _set_phase (res://scripts/combat/lane_mechanism.gd:313)
       [2] cancel (res://scripts/combat/lane_mechanism.gd:157)
       [3] clear (res://scripts/combat/lane_mechanism.gd:164)
       [4] _on_exit_level (res://scripts/acts/act2/weybridge.gd:744)
       [5] exit_level (res://scripts/campaign/level.gd:110)
       [6] _exit_tree (res://scripts/campaign/level.gd:384)
       [7] _run (res://tests/acts/act2/a2_l2_pending_path_smoke.gd:36)
       [8] _pending_route (res://tests/acts/act2/a2_l2_pending_path_smoke.gd:105)
       [9] _settle (res://tests/acts/act2/a2_l2_live_level_smoke.gd:638)
Weybridge authored pending-path smoke: 72 checks, 1 failures; genuine active publication/public pause and exact nested migration only; no full clear/native art/future-level acceptance
