Godot Engine v4.7.2.stable.official.ed1daf0bf - https://godotengine.org

Weybridge actual route scope: loadout=heavy profile=assisted IDs={ "weapon": "WEAPON-03", "jacket": "CLOTH-J0", "pants": "CLOTH-P0", "shoes": "CLOTH-S0" }; initial zero ammo, ordinary primary, four HP-free foot cycles; TEST ONLY prefix/unlocks/profile/destination
TEST ONLY synthetic prior catalogue unlocks for selected seed gear: ["WEAPON-03", "CLOTH-J0", "CLOTH-P0", "CLOTH-S0"]
Weybridge actual primary targets cleared: ["village_scout"]
Weybridge actual primary targets cleared: ["yard_handler"]
Weybridge actual HP-free foot completed: foot_demo
Weybridge actual primary targets cleared: ["apron_handler"]
Weybridge actual HP-free foot completed: foot_apron
Weybridge actual primary targets cleared: ["crossing_scout"]
Weybridge actual HP-free foot completed: foot_left
Weybridge actual HP-free foot completed: foot_right
ERROR: actual target entered a running exchange: crossing_scout
   at: push_error (core/variant/variant_utility.cpp:1023)
   GDScript backtrace (most recent call first):
       [0] _expect (res://tests/acts/act2/a2_l2_live_level_smoke.gd:650)
       [1] _clear (res://tests/acts/act2/a2_l2_live_level_smoke.gd:189)
       [2] _run_route (res://tests/acts/act2/a2_l2_live_level_smoke.gd:140)
       [3] _complete_foot (res://tests/acts/act2/a2_l2_live_level_smoke.gd:223)
       [4] _step (res://tests/acts/act2/a2_l2_live_level_smoke.gd:622)
Weybridge actual primary targets cleared: ["crossing_scout"]
Weybridge actual primary targets cleared: ["shelter_scout", "shelter_handler"]
Weybridge live level smoke: 291 checks, 1 failures; loadout=heavy profile=assisted; actual authored L2 actions, synthetic prior prefix and TEST ONLY L3 destination
