Godot Engine v4.7.2.stable.official.ed1daf0bf - https://godotengine.org
OpenGL API 4.1 Metal - 90.5 - Compatibility - Using Device: Apple - Apple M3

Weybridge actual route scope: loadout=heavy profile=standard IDs={ "weapon": "WEAPON-03", "jacket": "CLOTH-J0", "pants": "CLOTH-P0", "shoes": "CLOTH-S0" }; initial zero ammo, ordinary primary, four HP-free foot cycles; TEST ONLY prefix/unlocks/profile/destination
TEST ONLY synthetic prior catalogue unlocks for selected seed gear: ["WEAPON-03", "CLOTH-J0", "CLOTH-P0", "CLOTH-S0"]
Actual Weybridge portrait: res://captures/act2/live/a2-l2-standard-heavy-ray-warning.png
Actual Weybridge portrait: res://captures/act2/live/a2-l2-standard-heavy-ray-lock.png
Actual Weybridge portrait: res://captures/act2/live/a2-l2-standard-heavy-ray-active.png
Actual Weybridge portrait: res://captures/act2/live/a2-l2-standard-heavy-ray-recovery.png
Actual Weybridge portrait: res://captures/act2/live/a2-l2-standard-heavy-tool-warning.png
Weybridge actual primary targets cleared: ["village_scout"]
Actual Weybridge portrait: res://captures/act2/live/a2-l2-standard-heavy-tool-lock.png
Actual Weybridge portrait: res://captures/act2/live/a2-l2-standard-heavy-tool-active.png
Actual Weybridge portrait: res://captures/act2/live/a2-l2-standard-heavy-tool-recovery.png
Weybridge actual primary targets cleared: ["yard_handler"]
Actual Weybridge portrait: res://captures/act2/live/a2-l2-standard-heavy-foot-demo-active.png
Weybridge actual HP-free foot completed: foot_demo
Actual Weybridge portrait: res://captures/act2/live/a2-l2-standard-heavy-apron-combination.png
Actual Weybridge portrait: res://captures/act2/live/a2-l2-standard-heavy-foot-apron-active.png
Weybridge actual HP-free foot completed: foot_apron
Weybridge actual primary targets cleared: ["apron_handler"]
Actual Weybridge portrait: res://captures/act2/live/a2-l2-standard-heavy-foot-left-active.png
Weybridge actual HP-free foot completed: foot_left
Actual Weybridge portrait: res://captures/act2/live/a2-l2-standard-heavy-foot-right-active.png
Weybridge actual HP-free foot completed: foot_right
Weybridge actual primary targets cleared: ["crossing_scout"]
Actual Weybridge portrait: res://captures/act2/live/a2-l2-standard-heavy-shelter-mix.png
Actual Weybridge portrait: res://captures/act2/live/a2-l2-standard-heavy-clear.png
Weybridge actual primary targets cleared: ["shelter_scout", "shelter_handler"]
Actual Weybridge portrait: res://captures/act2/live/a2-l2-standard-heavy-collapse.png
Weybridge live level smoke: 362 checks, 0 failures; loadout=heavy profile=standard; actual authored L2 actions, synthetic prior prefix and TEST ONLY L3 destination
