Godot Engine v4.7.2.stable.official.ed1daf0bf - https://godotengine.org
OpenGL API 4.1 Metal - 90.5 - Compatibility - Using Device: Apple - Apple M3

Weybridge actual route scope: loadout=slow_cargo_longstep profile=standard IDs={ "weapon": "WEAPON-03", "jacket": "CLOTH-J1", "pants": "CLOTH-P2", "shoes": "CLOTH-S2" }; initial zero ammo, ordinary primary, four HP-free foot cycles; TEST ONLY prefix/unlocks/profile/destination
TEST ONLY synthetic prior catalogue unlocks for selected seed gear: ["WEAPON-03", "CLOTH-J1", "CLOTH-P2", "CLOTH-S2"]
Actual Weybridge portrait: res://captures/act2/combined-native/a2-l2-standard-slow_cargo_longstep-ray-warning.png
Actual Weybridge portrait: res://captures/act2/combined-native/a2-l2-standard-slow_cargo_longstep-ray-lock.png
Actual Weybridge portrait: res://captures/act2/combined-native/a2-l2-standard-slow_cargo_longstep-ray-active.png
Actual Weybridge portrait: res://captures/act2/combined-native/a2-l2-standard-slow_cargo_longstep-ray-recovery.png
Weybridge actual primary targets cleared: ["village_scout"]
Actual Weybridge portrait: res://captures/act2/combined-native/a2-l2-standard-slow_cargo_longstep-tool-warning.png
Actual Weybridge portrait: res://captures/act2/combined-native/a2-l2-standard-slow_cargo_longstep-tool-lock.png
Actual Weybridge portrait: res://captures/act2/combined-native/a2-l2-standard-slow_cargo_longstep-tool-active.png
Actual Weybridge portrait: res://captures/act2/combined-native/a2-l2-standard-slow_cargo_longstep-tool-recovery.png
Weybridge actual primary targets cleared: ["yard_handler"]
Actual Weybridge portrait: res://captures/act2/combined-native/a2-l2-standard-slow_cargo_longstep-foot-demo-active.png
Weybridge actual HP-free foot completed: foot_demo
Actual Weybridge portrait: res://captures/act2/combined-native/a2-l2-standard-slow_cargo_longstep-apron-combination.png
Actual Weybridge portrait: res://captures/act2/combined-native/a2-l2-standard-slow_cargo_longstep-foot-apron-active.png
Weybridge actual HP-free foot completed: foot_apron
Weybridge actual primary targets cleared: ["apron_handler"]
Actual Weybridge portrait: res://captures/act2/combined-native/a2-l2-standard-slow_cargo_longstep-foot-left-active.png
Weybridge actual HP-free foot completed: foot_left
Actual Weybridge portrait: res://captures/act2/combined-native/a2-l2-standard-slow_cargo_longstep-foot-right-active.png
Weybridge actual HP-free foot completed: foot_right
Weybridge actual primary targets cleared: ["crossing_scout"]
Actual Weybridge portrait: res://captures/act2/combined-native/a2-l2-standard-slow_cargo_longstep-shelter-mix.png
Actual Weybridge portrait: res://captures/act2/combined-native/a2-l2-standard-slow_cargo_longstep-clear.png
Weybridge actual primary targets cleared: ["shelter_scout", "shelter_handler"]
Actual Weybridge portrait: res://captures/act2/combined-native/a2-l2-standard-slow_cargo_longstep-collapse.png
Weybridge live level smoke: 394 checks, 0 failures; loadout=slow_cargo_longstep profile=standard; actual authored L2 actions, synthetic prior prefix and TEST ONLY L3 destination
