Godot Engine v4.7.2.stable.official.ed1daf0bf - https://godotengine.org
OpenGL API 4.1 Metal - 90.5 - Compatibility - Using Device: Apple - Apple M3

TEST ONLY synthetic prior catalogue unlocks for selected seed gear: ["WEAPON-03", "CLOTH-J0", "CLOTH-P0", "CLOTH-S0"]
Actual Weybridge portrait: res://captures/act2/handler-front/a2-l2-standard-heavy-ray-warning.png
Actual Weybridge portrait: res://captures/act2/handler-front/a2-l2-standard-heavy-ray-lock.png
Actual Weybridge portrait: res://captures/act2/handler-front/a2-l2-standard-heavy-ray-active.png
Actual Weybridge portrait: res://captures/act2/handler-front/a2-l2-standard-heavy-ray-recovery.png
Actual Weybridge portrait: res://captures/act2/handler-front/a2-l2-standard-heavy-tool-warning.png
Weybridge actual primary targets cleared: ["village_scout"]
Actual Weybridge portrait: res://captures/act2/handler-front/a2-l2-standard-heavy-tool-lock.png
Actual Weybridge portrait: res://captures/act2/handler-front/a2-l2-standard-heavy-tool-active.png
Actual Weybridge portrait: res://captures/act2/handler-front/a2-l2-standard-heavy-tool-recovery.png
Weybridge actual primary targets cleared: ["yard_handler"]
Actual Weybridge portrait: res://captures/act2/handler-front/a2-l2-standard-heavy-foot-demo-active.png
Weybridge actual HP-free foot completed: foot_demo
Actual Weybridge portrait: res://captures/act2/handler-front/a2-l2-standard-heavy-apron-combination.png
Actual Weybridge portrait: res://captures/act2/handler-front/a2-l2-standard-heavy-foot-apron-active.png
Weybridge actual HP-free foot completed: foot_apron
Weybridge actual primary targets cleared: ["apron_handler"]
Weybridge actual Handler portrait smoke: 127 checks, 0 failures; current native states only, no full clear/balance/device claim
