Godot Engine v4.7.2.stable.official.ed1daf0bf - https://godotengine.org

SCOPE: HEADLESS actual gesture-recognizer full A1-L1 route; NO TELEPORTS. No focused portrait/human/campaign-save acceptance.
PASS: route fixture runs headless without forcing window focus
PASS: shared MainScene builds the genuine production L1, hero and camera
PASS: route begins at genuine production spawn and first exercise
PASS: default production kit supplies true2.7-unit dashes and workshop primary reach
PASS: headless recognizer uses actual540x1170 viewport coordinates
PASS: authored marker is one genuine default dash from actual spawn
PASS: finite total route swipe count remains bounded
PASS: first dash from spawn derives a finite gesture from actual camera basis/public projection
PASS: first dash from spawn observes exactly the literal final screen release and anchor
PASS: first dash from spawn has one genuinely executed world dash record
PASS: first dash from spawn travels/stops the genuine2.7 units with real sampled path
PASS: actual touch dash landing completes first-dash without staging
PASS: literal final upper-left release is the exact persistent aim anchor
PASS: hall aims an ordinary reachable primary exactly from the last release
PASS: hall primary release begins with empty shells and passive reload enabled
PASS: hall actual first touch tap executes immediate primary and clears exactly its exercise
PASS: hall public actual tap observation links the accepted world primary without resetting aim
PASS: camera-follow and hall primary preserve the actual release anchor
PASS: workshop useful approach finite direct swipe fits actual floor and protected lane
PASS: finite total route swipe count remains bounded
PASS: workshop useful approach direct step0 derives a finite gesture from actual camera basis/public projection
PASS: workshop useful approach direct step0 observes exactly the literal final screen release and anchor
PASS: workshop useful approach direct step0 has one genuinely executed world dash record
PASS: workshop useful approach direct step0 travels/stops the genuine2.7 units with real sampled path
PASS: workshop useful approach has a finite two-swipe waypoint route on the actual floor
PASS: finite total route swipe count remains bounded
PASS: workshop useful approach two-step outward derives a finite gesture from actual camera basis/public projection
PASS: workshop useful approach two-step outward observes exactly the literal final screen release and anchor
PASS: workshop useful approach two-step outward has one genuinely executed world dash record
PASS: workshop useful approach two-step outward travels/stops the genuine2.7 units with real sampled path
PASS: workshop useful approach measured first landing leaves one full true dash
PASS: finite total route swipe count remains bounded
PASS: workshop useful approach two-step arrival derives a finite gesture from actual camera basis/public projection
PASS: workshop useful approach two-step arrival observes exactly the literal final screen release and anchor
PASS: workshop useful approach two-step arrival has one genuinely executed world dash record
PASS: workshop useful approach two-step arrival travels/stops the genuine2.7 units with real sampled path
PASS: workshop useful approach reaches its waypoint through two executed full dashes
PASS: workshop aims an ordinary reachable primary exactly from the last release
PASS: workshop primary release begins with empty shells and passive reload enabled
PASS: workshop actual first touch tap executes immediate primary and clears exactly its exercise
PASS: workshop public actual tap observation links the accepted world primary without resetting aim
PASS: real workshop clear leaves roof target gated before a broad side cycle
PASS: roof starts gated with no fabricated arm cycle
PASS: roof broad safe side approach finite direct swipe fits actual floor and protected lane
PASS: finite total route swipe count remains bounded
PASS: roof broad safe side approach direct step0 derives a finite gesture from actual camera basis/public projection
PASS: roof broad safe side approach direct step0 observes exactly the literal final screen release and anchor
PASS: roof broad safe side approach direct step0 has one genuinely executed world dash record
PASS: roof broad safe side approach direct step0 travels/stops the genuine2.7 units with real sampled path
PASS: roof broad safe side approach has a finite two-swipe waypoint route on the actual floor
PASS: finite total route swipe count remains bounded
PASS: roof broad safe side approach two-step outward derives a finite gesture from actual camera basis/public projection
PASS: roof broad safe side approach two-step outward observes exactly the literal final screen release and anchor
PASS: roof broad safe side approach two-step outward has one genuinely executed world dash record
PASS: roof broad safe side approach two-step outward travels/stops the genuine2.7 units with real sampled path
PASS: roof broad safe side approach measured first landing leaves one full true dash
PASS: finite total route swipe count remains bounded
PASS: roof broad safe side approach two-step arrival derives a finite gesture from actual camera basis/public projection
PASS: roof broad safe side approach two-step arrival observes exactly the literal final screen release and anchor
PASS: roof broad safe side approach two-step arrival has one genuinely executed world dash record
PASS: roof broad safe side approach two-step arrival travels/stops the genuine2.7 units with real sampled path
PASS: roof broad safe side approach reaches its waypoint through two executed full dashes
PASS: roof becomes available only after the genuine broad-side shared warning
PASS: roof first warning began in empty lane space beside the actual actor
PASS: roof source uses the same public committed lane as its required cue
PASS: roof ordinary diagonal stays beside the full inflated lane
PASS: finite total route swipe count remains bounded
PASS: roof deliberate useful side landing derives a finite gesture from actual camera basis/public projection
PASS: roof deliberate useful side landing observes exactly the literal final screen release and anchor
PASS: roof deliberate useful side landing has one genuinely executed world dash record
PASS: roof deliberate useful side landing travels/stops the genuine2.7 units with real sampled path
PASS: roof actual dash leaves the cloth within ordinary primary reach
PASS: roof aims an ordinary reachable primary exactly from the last release
PASS: roof primary release begins with empty shells and passive reload enabled
PASS: roof actual first touch tap executes immediate primary and clears exactly its exercise
PASS: roof public actual tap observation links the accepted world primary without resetting aim
PASS: roof accepted primary cancels its real source before advancing
PASS: actual roof primary leaves future boarding target gated
PASS: finale starts gated with no fabricated arm cycle
PASS: finale broad safe side approach finite direct swipe fits actual floor and protected lane
PASS: finite total route swipe count remains bounded
PASS: finale broad safe side approach direct step0 derives a finite gesture from actual camera basis/public projection
PASS: finale broad safe side approach direct step0 observes exactly the literal final screen release and anchor
PASS: finale broad safe side approach direct step0 has one genuinely executed world dash record
PASS: finale broad safe side approach direct step0 travels/stops the genuine2.7 units with real sampled path
PASS: finale broad safe side approach finite direct swipe fits actual floor and protected lane
PASS: finite total route swipe count remains bounded
PASS: finale broad safe side approach direct step1 derives a finite gesture from actual camera basis/public projection
PASS: finale broad safe side approach direct step1 observes exactly the literal final screen release and anchor
PASS: finale broad safe side approach direct step1 has one genuinely executed world dash record
PASS: finale broad safe side approach direct step1 travels/stops the genuine2.7 units with real sampled path
PASS: finale broad safe side approach has a finite two-swipe waypoint route on the actual floor
PASS: finite total route swipe count remains bounded
PASS: finale broad safe side approach two-step outward derives a finite gesture from actual camera basis/public projection
PASS: finale broad safe side approach two-step outward observes exactly the literal final screen release and anchor
PASS: finale broad safe side approach two-step outward has one genuinely executed world dash record
PASS: finale broad safe side approach two-step outward travels/stops the genuine2.7 units with real sampled path
PASS: finale broad safe side approach measured first landing leaves one full true dash
PASS: finite total route swipe count remains bounded
PASS: finale broad safe side approach two-step arrival derives a finite gesture from actual camera basis/public projection
PASS: finale broad safe side approach two-step arrival observes exactly the literal final screen release and anchor
PASS: finale broad safe side approach two-step arrival has one genuinely executed world dash record
PASS: finale broad safe side approach two-step arrival travels/stops the genuine2.7 units with real sampled path
PASS: finale broad safe side approach reaches its waypoint through two executed full dashes
PASS: finale becomes available only after the genuine broad-side shared warning
PASS: finale first warning began in empty lane space beside the actual actor
PASS: finale source uses the same public committed lane as its required cue
PASS: finale ordinary diagonal stays beside the full inflated lane
PASS: finite total route swipe count remains bounded
PASS: finale deliberate useful side landing derives a finite gesture from actual camera basis/public projection
PASS: finale deliberate useful side landing observes exactly the literal final screen release and anchor
PASS: finale deliberate useful side landing has one genuinely executed world dash record
PASS: finale deliberate useful side landing travels/stops the genuine2.7 units with real sampled path
PASS: finale actual dash leaves the cloth within ordinary primary reach
PASS: finale aims an ordinary reachable primary exactly from the last release
PASS: finale primary release begins with empty shells and passive reload enabled
PASS: finale actual first touch tap executes immediate primary and clears exactly its exercise
PASS: finale public actual tap observation links the accepted world primary without resetting aim
PASS: finale accepted primary cancels its real source before advancing
PASS: five real exercises complete through gestures and accepted target hits
PASS: completed rehearsal exposes the distinct shared contact hatch cue
PASS: open capsule contact approach has a finite two-swipe waypoint route on the actual floor
PASS: finite total route swipe count remains bounded
PASS: open capsule contact approach two-step outward derives a finite gesture from actual camera basis/public projection
PASS: open capsule contact approach two-step outward observes exactly the literal final screen release and anchor
PASS: open capsule contact approach two-step outward has one genuinely executed world dash record
PASS: open capsule contact approach two-step outward travels/stops the genuine2.7 units with real sampled path
PASS: open capsule contact approach measured first landing leaves one full true dash
PASS: finite total route swipe count remains bounded
PASS: open capsule contact approach two-step arrival derives a finite gesture from actual camera basis/public projection
PASS: open capsule contact approach two-step arrival observes exactly the literal final screen release and anchor
PASS: open capsule contact approach two-step arrival has one genuinely executed world dash record
PASS: open capsule contact approach two-step arrival travels/stops the genuine2.7 units with real sampled path
PASS: open capsule contact approach reaches its waypoint through two executed full dashes
FAIL: executed swipe route physically overlaps hatch and emits actual contact exit
ABORT: executed swipe route physically overlaps hatch and emits actual contact exit; actual_position=(-0.0, -0.004844, -13.7)
A1-L1 HEADLESS touch route: 135 checks, 1 failures; 15 actual swipes, 4 actual primaries; NO TELEPORTS
LIMITS: no focused portrait/human acceptance, all-loadout fairness, campaign saves/retry/transition or mobile/export evidence.
