Godot Engine v4.7.2.stable.official.ed1daf0bf - https://godotengine.org

PASS: actual Scheduler selects a fresh raw Standard encounter
PASS: TEST ONLY initial paused empty-ammo seed retains coherent actual actor
PASS: genuine shared Playback subclass owns immutable native definition, HP, visible mesh and fixed endpoint
PASS: own enemy configure_authored uses its actual source hooks: 
PASS: profile retains EXACT real shared Scheduler Script required by ReplayWitness
PASS: actual exclusive stationary source receives complete live-body own-enemy witness: 
PASS: native required footprint derives from exact own source/world/floor program
PASS: projected owner binds exact actual exclusive Player without a capture gate: 
PASS: pure probes use the genuine one-event Cue and actual retained native renderer guard/Cursor
PASS: separate probes start at the actual same prelock native clock/epoch/generation
PASS: separate actual pure replay_reservation_error probe authenticates genuine admitted source
PASS: separate actual pure authored_replay_source_error probe authenticates genuine admitted source
PASS: separate actual pure cue.projection_error probe authenticates genuine admitted source
PASS: separate actual pure renderer_guard.current_error probe authenticates genuine admitted source
PASS: separate actual pure cursor.snapshot_error probe authenticates genuine admitted source
PASS: separate actual pure replay_reservation_error probe authenticates genuine admitted source
PASS: separate actual pure authored_replay_source_error probe authenticates genuine admitted source
PASS: separate actual pure cue.projection_error probe authenticates genuine admitted source
PASS: separate actual pure renderer_guard.current_error probe authenticates genuine admitted source
PASS: separate actual pure cursor.snapshot_error probe authenticates genuine admitted source
PASS: separate actual pure replay_reservation_error probe authenticates genuine admitted source
PASS: separate actual pure authored_replay_source_error probe authenticates genuine admitted source
PASS: separate actual pure cue.projection_error probe authenticates genuine admitted source
PASS: separate actual pure renderer_guard.current_error probe authenticates genuine admitted source
PASS: separate actual pure cursor.snapshot_error probe authenticates genuine admitted source
PASS: separate same-clock pure probes retain real clocks/diagnostics/source/Hero/history
PASS: separate native probes retain actual guard/Cursor/Cue identities, diagnostics, projection and delivery prefix
PASS: fixed-clock probes neither yield a native frame nor add a production advance sample
PASS: actual due lock revalidates full lead and current actual Player: 
PASS: own cursor consumes actual canonical lock without retiming or new proof
PASS: profile executes actual routed first_escape_dash
PASS: profile harmless route retains real Hero HP and fixed native source
PASS: profile executes actual routed tether_positioning_dash
PASS: profile harmless route retains real Hero HP and fixed native source
PASS: real profile witness returns to ordinary hittable recovery knot
PASS: real profile first tap executes ordinary primary
PASS: real profile route defeats own HP source once without Hero damage
PASS: measurement workload contains two native dashes and one ordinary primary; natural ammo regeneration preserved
PASS: bounded raw native measurements remain complete
PASS: profile native advance accepts original authority and monotonic real clock
PASS: profile native advance accepts original authority and monotonic real clock
PASS: profile native advance accepts original authority and monotonic real clock
PASS: profile native advance accepts original authority and monotonic real clock
PASS: profile native advance accepts original authority and monotonic real clock
PASS: profile native advance accepts original authority and monotonic real clock
PASS: profile native advance accepts original authority and monotonic real clock
PASS: profile native advance accepts original authority and monotonic real clock
PASS: profile native advance accepts original authority and monotonic real clock
PASS: profile native advance accepts original authority and monotonic real clock
PASS: profile native advance accepts original authority and monotonic real clock
PASS: profile native advance accepts original authority and monotonic real clock
PASS: profile native advance accepts original authority and monotonic real clock
PASS: profile native advance accepts original authority and monotonic real clock
PASS: profile native advance accepts original authority and monotonic real clock
PASS: profile native advance accepts original authority and monotonic real clock
PASS: profile native advance accepts original authority and monotonic real clock
PASS: profile native advance accepts original authority and monotonic real clock
PASS: profile native advance accepts original authority and monotonic real clock
PASS: profile native advance accepts original authority and monotonic real clock
PASS: profile native advance accepts original authority and monotonic real clock
PASS: profile native advance accepts original authority and monotonic real clock
PASS: profile native advance accepts original authority and monotonic real clock
PASS: profile native advance accepts original authority and monotonic real clock
PASS: profile native advance accepts original authority and monotonic real clock
PASS: profile native advance accepts original authority and monotonic real clock
PASS: profile native advance accepts original authority and monotonic real clock
PASS: profile native advance accepts original authority and monotonic real clock
PASS: profile native advance accepts original authority and monotonic real clock
PASS: profile native advance accepts original authority and monotonic real clock
PASS: profile native advance accepts original authority and monotonic real clock
PASS: profile native advance accepts original authority and monotonic real clock
PASS: profile native advance accepts original authority and monotonic real clock
PASS: profile native advance accepts original authority and monotonic real clock
PASS: profile native advance accepts original authority and monotonic real clock
PASS: profile native advance accepts original authority and monotonic real clock
PASS: profile native advance accepts original authority and monotonic real clock
PASS: profile native advance accepts original authority and monotonic real clock
PASS: profile native advance accepts original authority and monotonic real clock
PASS: profile native advance accepts original authority and monotonic real clock
PASS: profile native advance accepts original authority and monotonic real clock
PASS: profile native advance accepts original authority and monotonic real clock
PASS: profile native advance accepts original authority and monotonic real clock
PASS: profile native advance accepts original authority and monotonic real clock
PASS: profile native advance accepts original authority and monotonic real clock
PASS: profile native advance accepts original authority and monotonic real clock
PASS: profile native advance accepts original authority and monotonic real clock
PASS: profile native advance accepts original authority and monotonic real clock
PASS: profile native advance accepts original authority and monotonic real clock
PASS: profile native advance accepts original authority and monotonic real clock
PASS: profile native advance accepts original authority and monotonic real clock
PASS: profile native advance accepts original authority and monotonic real clock
PASS: profile native advance accepts original authority and monotonic real clock
PASS: profile native advance accepts original authority and monotonic real clock
PASS: profile native advance accepts original authority and monotonic real clock
PASS: profile native advance accepts original authority and monotonic real clock
PASS: profile native advance accepts original authority and monotonic real clock
PASS: profile native advance accepts original authority and monotonic real clock
PASS: profile native advance accepts original authority and monotonic real clock
PASS: profile native advance accepts original authority and monotonic real clock
PASS: profile native advance accepts original authority and monotonic real clock
PASS: profile native advance accepts original authority and monotonic real clock
PASS: profile native advance accepts original authority and monotonic real clock
PASS: profile native advance accepts original authority and monotonic real clock
PASS: profile native advance accepts original authority and monotonic real clock
PASS: profile native advance accepts original authority and monotonic real clock
PASS: profile native advance accepts original authority and monotonic real clock
PASS: profile native advance accepts original authority and monotonic real clock
PASS: profile native advance accepts original authority and monotonic real clock
PASS: profile native advance accepts original authority and monotonic real clock
PASS: profile native advance accepts original authority and monotonic real clock
PASS: profile native advance accepts original authority and monotonic real clock
PASS: profile native advance accepts original authority and monotonic real clock
PASS: profile actually observes finite native warning/active/recovery execution
AUTHORED_ECHO_PROFILE_JSON {"actual_world_actions":[{"completed_at_s":0.933333333333335,"damage":0.0,"hits":0,"kind":"dash","started_at_s":0.750000000000001},{"completed_at_s":1.46666666666667,"damage":0.0,"hits":0,"kind":"dash","started_at_s":1.28333333333333},{"completed_at_s":1.55,"damage":20.0,"hits":1,"kind":"primary","started_at_s":1.55}],"admission_projection_bind_inclusive_us":181303,"advance_cost_summary_us":{"count":72,"inclusive_total_us":3527439,"max_us":91623,"mean_us":48992.2083333333,"p50_us":48311,"p95_us":49568},"advance_phase_summary_us":{"active":{"count":14,"inclusive_total_us":721386,"max_us":91623,"mean_us":51527.5714285714,"p50_us":48281,"p95_us":91623},"lock":{"count":23,"inclusive_total_us":1111468,"max_us":49679,"mean_us":48324.6956521739,"p50_us":48174,"p95_us":49605},"recovery":{"count":19,"inclusive_total_us":922114,"max_us":49568,"mean_us":48532.3157894737,"p50_us":48424,"p95_us":49568},"warning":{"count":16,"inclusive_total_us":772471,"max_us":48731,"mean_us":48279.4375,"p50_us":48215,"p95_us":48731}},"advance_samples":[{"accepted":true,"automatic_native_tick":true,"clock_s":0.366666666666667,"event_count":0,"finish_us":1245501,"inclusive_us":48731,"phase":"warning","physics_frame":23,"process_frame":21,"start_us":1196770},{"accepted":true,"automatic_native_tick":true,"clock_s":0.383333333333333,"event_count":0,"finish_us":1298455,"inclusive_us":48613,"phase":"warning","physics_frame":24,"process_frame":21,"start_us":1249842},{"accepted":true,"automatic_native_tick":true,"clock_s":0.4,"event_count":0,"finish_us":1351211,"inclusive_us":48258,"phase":"warning","physics_frame":25,"process_frame":21,"start_us":1302953},{"accepted":true,"automatic_native_tick":true,"clock_s":0.416666666666667,"event_count":0,"finish_us":1404310,"inclusive_us":48555,"phase":"warning","physics_frame":26,"process_frame":21,"start_us":1355755},{"accepted":true,"automatic_native_tick":true,"clock_s":0.433333333333333,"event_count":0,"finish_us":1456955,"inclusive_us":48206,"phase":"warning","physics_frame":27,"process_frame":21,"start_us":1408749},{"accepted":true,"automatic_native_tick":true,"clock_s":0.45,"event_count":0,"finish_us":1509514,"inclusive_us":48212,"phase":"warning","physics_frame":28,"process_frame":21,"start_us":1461302},{"accepted":true,"automatic_native_tick":true,"clock_s":0.466666666666667,"event_count":0,"finish_us":1562176,"inclusive_us":48335,"phase":"warning","physics_frame":29,"process_frame":21,"start_us":1513841},{"accepted":true,"automatic_native_tick":true,"clock_s":0.483333333333333,"event_count":0,"finish_us":1614624,"inclusive_us":48066,"phase":"warning","physics_frame":30,"process_frame":21,"start_us":1566558},{"accepted":true,"automatic_native_tick":true,"clock_s":0.5,"event_count":0,"finish_us":1667443,"inclusive_us":48362,"phase":"warning","physics_frame":31,"process_frame":22,"start_us":1619081},{"accepted":true,"automatic_native_tick":true,"clock_s":0.516666666666667,"event_count":0,"finish_us":1720332,"inclusive_us":48322,"phase":"warning","physics_frame":32,"process_frame":22,"start_us":1672010},{"accepted":true,"automatic_native_tick":true,"clock_s":0.533333333333333,"event_count":0,"finish_us":1772713,"inclusive_us":48024,"phase":"warning","physics_frame":33,"process_frame":22,"start_us":1724689},{"accepted":true,"automatic_native_tick":true,"clock_s":0.55,"event_count":0,"finish_us":1824997,"inclusive_us":47932,"phase":"warning","physics_frame":34,"process_frame":22,"start_us":1777065},{"accepted":true,"automatic_native_tick":true,"clock_s":0.566666666666667,"event_count":0,"finish_us":1877710,"inclusive_us":48360,"phase":"warning","physics_frame":35,"process_frame":22,"start_us":1829350},{"accepted":true,"automatic_native_tick":true,"clock_s":0.583333333333333,"event_count":0,"finish_us":1930264,"inclusive_us":48215,"phase":"warning","physics_frame":36,"process_frame":22,"start_us":1882049},{"accepted":true,"automatic_native_tick":true,"clock_s":0.6,"event_count":0,"finish_us":1982771,"inclusive_us":48209,"phase":"warning","physics_frame":37,"process_frame":22,"start_us":1934562},{"accepted":true,"automatic_native_tick":true,"clock_s":0.616666666666667,"event_count":0,"finish_us":2035242,"inclusive_us":48071,"phase":"warning","physics_frame":38,"process_frame":22,"start_us":1987171},{"accepted":true,"automatic_native_tick":false,"clock_s":0.616666666666667,"event_count":0,"finish_us":2102407,"inclusive_us":47886,"phase":"lock","physics_frame":38,"process_frame":22,"start_us":2054521},{"accepted":true,"automatic_native_tick":true,"clock_s":0.633333333333334,"event_count":0,"finish_us":2154797,"inclusive_us":48060,"phase":"lock","physics_frame":39,"process_frame":23,"start_us":2106737},{"accepted":true,"automatic_native_tick":true,"clock_s":0.65,"event_count":0,"finish_us":2207593,"inclusive_us":48446,"phase":"lock","physics_frame":40,"process_frame":23,"start_us":2159147},{"accepted":true,"automatic_native_tick":true,"clock_s":0.666666666666667,"event_count":0,"finish_us":2260439,"inclusive_us":48477,"phase":"lock","physics_frame":41,"process_frame":23,"start_us":2211962},{"accepted":true,"automatic_native_tick":true,"clock_s":0.683333333333334,"event_count":0,"finish_us":2313195,"inclusive_us":48427,"phase":"lock","physics_frame":42,"process_frame":23,"start_us":2264768},{"accepted":true,"automatic_native_tick":true,"clock_s":0.700000000000001,"event_count":0,"finish_us":2366090,"inclusive_us":48553,"phase":"lock","physics_frame":43,"process_frame":23,"start_us":2317537},{"accepted":true,"automatic_native_tick":true,"clock_s":0.716666666666667,"event_count":0,"finish_us":2419286,"inclusive_us":48721,"phase":"lock","physics_frame":44,"process_frame":23,"start_us":2370565},{"accepted":true,"automatic_native_tick":true,"clock_s":0.733333333333334,"event_count":0,"finish_us":2471717,"inclusive_us":48138,"phase":"lock","physics_frame":45,"process_frame":23,"start_us":2423579},{"accepted":true,"automatic_native_tick":true,"clock_s":0.750000000000001,"event_count":0,"finish_us":2524221,"inclusive_us":48174,"phase":"lock","physics_frame":46,"process_frame":23,"start_us":2476047},{"accepted":true,"automatic_native_tick":true,"clock_s":0.766666666666667,"event_count":0,"finish_us":2576674,"inclusive_us":47926,"phase":"lock","physics_frame":47,"process_frame":24,"start_us":2528748},{"accepted":true,"automatic_native_tick":true,"clock_s":0.783333333333334,"event_count":0,"finish_us":2628950,"inclusive_us":47916,"phase":"lock","physics_frame":48,"process_frame":24,"start_us":2581034},{"accepted":true,"automatic_native_tick":true,"clock_s":0.800000000000001,"event_count":0,"finish_us":2683016,"inclusive_us":49679,"phase":"lock","physics_frame":49,"process_frame":24,"start_us":2633337},{"accepted":true,"automatic_native_tick":true,"clock_s":0.816666666666668,"event_count":0,"finish_us":2735520,"inclusive_us":48149,"phase":"lock","physics_frame":50,"process_frame":24,"start_us":2687371},{"accepted":true,"automatic_native_tick":true,"clock_s":0.833333333333334,"event_count":0,"finish_us":2787923,"inclusive_us":48003,"phase":"lock","physics_frame":51,"process_frame":24,"start_us":2739920},{"accepted":true,"automatic_native_tick":true,"clock_s":0.850000000000001,"event_count":0,"finish_us":2840705,"inclusive_us":48381,"phase":"lock","physics_frame":52,"process_frame":24,"start_us":2792324},{"accepted":true,"automatic_native_tick":true,"clock_s":0.866666666666668,"event_count":0,"finish_us":2893349,"inclusive_us":48237,"phase":"lock","physics_frame":53,"process_frame":24,"start_us":2845112},{"accepted":true,"automatic_native_tick":true,"clock_s":0.883333333333334,"event_count":0,"finish_us":2945699,"inclusive_us":47969,"phase":"lock","physics_frame":54,"process_frame":24,"start_us":2897730},{"accepted":true,"automatic_native_tick":true,"clock_s":0.900000000000001,"event_count":0,"finish_us":2999846,"inclusive_us":49605,"phase":"lock","physics_frame":55,"process_frame":25,"start_us":2950241},{"accepted":true,"automatic_native_tick":true,"clock_s":0.916666666666668,"event_count":0,"finish_us":3052596,"inclusive_us":48276,"phase":"lock","physics_frame":56,"process_frame":25,"start_us":3004320},{"accepted":true,"automatic_native_tick":true,"clock_s":0.933333333333335,"event_count":0,"finish_us":3104974,"inclusive_us":47981,"phase":"lock","physics_frame":57,"process_frame":25,"start_us":3056993},{"accepted":true,"automatic_native_tick":true,"clock_s":0.950000000000001,"event_count":0,"finish_us":3157129,"inclusive_us":47859,"phase":"lock","physics_frame":58,"process_frame":25,"start_us":3109270},{"accepted":true,"automatic_native_tick":true,"clock_s":0.966666666666668,"event_count":0,"finish_us":3209552,"inclusive_us":48133,"phase":"lock","physics_frame":59,"process_frame":25,"start_us":3161419},{"accepted":true,"automatic_native_tick":true,"clock_s":0.983333333333335,"event_count":0,"finish_us":3262161,"inclusive_us":48208,"phase":"lock","physics_frame":60,"process_frame":25,"start_us":3213953},{"accepted":true,"automatic_native_tick":true,"clock_s":1.0,"event_count":0,"finish_us":3314654,"inclusive_us":48150,"phase":"lock","physics_frame":61,"process_frame":25,"start_us":3266504},{"accepted":true,"automatic_native_tick":true,"clock_s":1.01666666666667,"event_count":0,"finish_us":3367962,"inclusive_us":48939,"phase":"active","physics_frame":62,"process_frame":25,"start_us":3319023},{"accepted":true,"automatic_native_tick":true,"clock_s":1.03333333333333,"event_count":0,"finish_us":3421828,"inclusive_us":49389,"phase":"active","physics_frame":63,"process_frame":26,"start_us":3372439},{"accepted":true,"automatic_native_tick":true,"clock_s":1.05,"event_count":0,"finish_us":3474390,"inclusive_us":48229,"phase":"active","physics_frame":64,"process_frame":26,"start_us":3426161},{"accepted":true,"automatic_native_tick":true,"clock_s":1.06666666666667,"event_count":0,"finish_us":3527417,"inclusive_us":48694,"phase":"active","physics_frame":65,"process_frame":26,"start_us":3478723},{"accepted":true,"automatic_native_tick":true,"clock_s":1.08333333333333,"event_count":0,"finish_us":3580055,"inclusive_us":48281,"phase":"active","physics_frame":66,"process_frame":26,"start_us":3531774},{"accepted":true,"automatic_native_tick":true,"clock_s":1.1,"event_count":0,"finish_us":3632718,"inclusive_us":48275,"phase":"active","physics_frame":67,"process_frame":26,"start_us":3584443},{"accepted":true,"automatic_native_tick":true,"clock_s":1.11666666666667,"event_count":0,"finish_us":3685486,"inclusive_us":48252,"phase":"active","physics_frame":68,"process_frame":26,"start_us":3637234},{"accepted":true,"automatic_native_tick":true,"clock_s":1.13333333333333,"event_count":0,"finish_us":3738163,"inclusive_us":48219,"phase":"active","physics_frame":69,"process_frame":26,"start_us":3689944},{"accepted":true,"automatic_native_tick":true,"clock_s":1.15,"event_count":0,"finish_us":3790693,"inclusive_us":48161,"phase":"active","physics_frame":70,"process_frame":26,"start_us":3742532},{"accepted":true,"automatic_native_tick":true,"clock_s":1.16666666666667,"event_count":0,"finish_us":3843380,"inclusive_us":48370,"phase":"active","physics_frame":71,"process_frame":27,"start_us":3795010},{"accepted":true,"automatic_native_tick":true,"clock_s":1.18333333333333,"event_count":0,"finish_us":3896214,"inclusive_us":48472,"phase":"active","physics_frame":72,"process_frame":27,"start_us":3847742},{"accepted":true,"automatic_native_tick":true,"clock_s":1.2,"event_count":1,"finish_us":3992146,"inclusive_us":91623,"phase":"active","physics_frame":73,"process_frame":27,"start_us":3900523},{"accepted":true,"automatic_native_tick":true,"clock_s":1.21666666666667,"event_count":0,"finish_us":4044729,"inclusive_us":48290,"phase":"active","physics_frame":74,"process_frame":27,"start_us":3996439},{"accepted":true,"automatic_native_tick":true,"clock_s":1.23333333333333,"event_count":0,"finish_us":4097256,"inclusive_us":48192,"phase":"active","physics_frame":75,"process_frame":27,"start_us":4049064},{"accepted":true,"automatic_native_tick":true,"clock_s":1.25,"event_count":0,"finish_us":4149746,"inclusive_us":48217,"phase":"recovery","physics_frame":76,"process_frame":27,"start_us":4101529},{"accepted":true,"automatic_native_tick":true,"clock_s":1.26666666666667,"event_count":0,"finish_us":4202523,"inclusive_us":48400,"phase":"recovery","physics_frame":77,"process_frame":27,"start_us":4154123},{"accepted":true,"automatic_native_tick":true,"clock_s":1.28333333333333,"event_count":0,"finish_us":4255638,"inclusive_us":48780,"phase":"recovery","physics_frame":78,"process_frame":27,"start_us":4206858},{"accepted":true,"automatic_native_tick":true,"clock_s":1.3,"event_count":0,"finish_us":4308770,"inclusive_us":48526,"phase":"recovery","physics_frame":79,"process_frame":28,"start_us":4260244},{"accepted":true,"automatic_native_tick":true,"clock_s":1.31666666666667,"event_count":0,"finish_us":4361530,"inclusive_us":48456,"phase":"recovery","physics_frame":80,"process_frame":28,"start_us":4313074},{"accepted":true,"automatic_native_tick":true,"clock_s":1.33333333333333,"event_count":0,"finish_us":4414746,"inclusive_us":48813,"phase":"recovery","physics_frame":81,"process_frame":28,"start_us":4365933},{"accepted":true,"automatic_native_tick":true,"clock_s":1.35,"event_count":0,"finish_us":4467507,"inclusive_us":48361,"phase":"recovery","physics_frame":82,"process_frame":28,"start_us":4419146},{"accepted":true,"automatic_native_tick":true,"clock_s":1.36666666666667,"event_count":0,"finish_us":4520321,"inclusive_us":48365,"phase":"recovery","physics_frame":83,"process_frame":28,"start_us":4471956},{"accepted":true,"automatic_native_tick":true,"clock_s":1.38333333333333,"event_count":0,"finish_us":4573084,"inclusive_us":48311,"phase":"recovery","physics_frame":84,"process_frame":28,"start_us":4524773},{"accepted":true,"automatic_native_tick":true,"clock_s":1.4,"event_count":0,"finish_us":4625866,"inclusive_us":48424,"phase":"recovery","physics_frame":85,"process_frame":28,"start_us":4577442},{"accepted":true,"automatic_native_tick":true,"clock_s":1.41666666666667,"event_count":0,"finish_us":4678661,"inclusive_us":48416,"phase":"recovery","physics_frame":86,"process_frame":28,"start_us":4630245},{"accepted":true,"automatic_native_tick":true,"clock_s":1.43333333333333,"event_count":0,"finish_us":4731631,"inclusive_us":48588,"phase":"recovery","physics_frame":87,"process_frame":29,"start_us":4683043},{"accepted":true,"automatic_native_tick":true,"clock_s":1.45,"event_count":0,"finish_us":4784389,"inclusive_us":48261,"phase":"recovery","physics_frame":88,"process_frame":29,"start_us":4736128},{"accepted":true,"automatic_native_tick":true,"clock_s":1.46666666666667,"event_count":0,"finish_us":4837528,"inclusive_us":48610,"phase":"recovery","physics_frame":89,"process_frame":29,"start_us":4788918},{"accepted":true,"automatic_native_tick":true,"clock_s":1.48333333333333,"event_count":0,"finish_us":4891534,"inclusive_us":49568,"phase":"recovery","physics_frame":90,"process_frame":29,"start_us":4841966},{"accepted":true,"automatic_native_tick":true,"clock_s":1.5,"event_count":0,"finish_us":4944294,"inclusive_us":48329,"phase":"recovery","physics_frame":91,"process_frame":29,"start_us":4895965},{"accepted":true,"automatic_native_tick":true,"clock_s":1.51666666666667,"event_count":0,"finish_us":4997291,"inclusive_us":48638,"phase":"recovery","physics_frame":92,"process_frame":29,"start_us":4948653},{"accepted":true,"automatic_native_tick":true,"clock_s":1.53333333333333,"event_count":0,"finish_us":5050461,"inclusive_us":48768,"phase":"recovery","physics_frame":93,"process_frame":29,"start_us":5001693},{"accepted":true,"automatic_native_tick":true,"clock_s":1.55,"event_count":0,"finish_us":5103184,"inclusive_us":48283,"phase":"recovery","physics_frame":94,"process_frame":29,"start_us":5054901}],"api_revision":"test-only-authored-echo-performance-2","automatic_native_advances":72,"display_driver":"headless","engine":{"build":"official","hash":"ed1daf0bf001b61586d9930840f2f1394092c079","hex":263938,"major":4,"minor":7,"patch":2,"status":"stable","string":"4.7.2-stable (official)","timestamp":0},"limitations":"Instrumented one-Box native source first cycle with EXACT real Scheduler; advance end timestamps exclude appended sample bookkeeping. Cycle wall elapsed includes separately reported direct fixed-clock probes, admission/projection/bind, native loop waits and other observer overhead; probe costs are not nested production call counts. Three samples per API inspect only the genuine admitted prelock clock; Cue, renderer guard and Cursor probes use the actual retained instances, not new guards or cached authority. Not actual authored A3-L3, production 16-visual art, portrait review, FPS, CPU monitor percentiles, sustained performance or a latency acceptance threshold. No guards or contact/proof authority bypassed.","native_output":[540,1170],"native_phases_observed":["warning","lock","active","recovery"],"physics_ticks_per_second":60,"required_native_visuals":1,"schema_version":2,"separate_fixed_clock_guard_probes":[{"accepted":true,"call":"replay_reservation_error","clock_after_s":0.35,"error":"","finish_us":1144069,"fixed_clock_s":0.35,"inclusive_us":4322,"repetition":0,"scope":"separate_pure_probe_not_nested_native_advance","start_us":1139747},{"accepted":true,"call":"authored_replay_source_error","clock_after_s":0.35,"error":"","finish_us":1147862,"fixed_clock_s":0.35,"inclusive_us":3782,"repetition":0,"scope":"separate_pure_probe_not_nested_native_advance","start_us":1144080},{"accepted":true,"call":"cue.projection_error","clock_after_s":0.35,"error":"","finish_us":1149527,"fixed_clock_s":0.35,"inclusive_us":1655,"repetition":0,"scope":"separate_pure_probe_not_nested_native_advance","start_us":1147872},{"accepted":true,"call":"renderer_guard.current_error","clock_after_s":0.35,"error":"","finish_us":1149988,"fixed_clock_s":0.35,"inclusive_us":452,"repetition":0,"scope":"separate_pure_probe_not_nested_native_advance","start_us":1149536},{"accepted":true,"call":"cursor.snapshot_error","clock_after_s":0.35,"error":"","finish_us":1152916,"fixed_clock_s":0.35,"inclusive_us":2920,"repetition":0,"scope":"separate_pure_probe_not_nested_native_advance","start_us":1149996},{"accepted":true,"call":"replay_reservation_error","clock_after_s":0.35,"error":"","finish_us":1157401,"fixed_clock_s":0.35,"inclusive_us":4460,"repetition":1,"scope":"separate_pure_probe_not_nested_native_advance","start_us":1152941},{"accepted":true,"call":"authored_replay_source_error","clock_after_s":0.35,"error":"","finish_us":1161343,"fixed_clock_s":0.35,"inclusive_us":3924,"repetition":1,"scope":"separate_pure_probe_not_nested_native_advance","start_us":1157419},{"accepted":true,"call":"cue.projection_error","clock_after_s":0.35,"error":"","finish_us":1163154,"fixed_clock_s":0.35,"inclusive_us":1794,"repetition":1,"scope":"separate_pure_probe_not_nested_native_advance","start_us":1161360},{"accepted":true,"call":"renderer_guard.current_error","clock_after_s":0.35,"error":"","finish_us":1163660,"fixed_clock_s":0.35,"inclusive_us":495,"repetition":1,"scope":"separate_pure_probe_not_nested_native_advance","start_us":1163165},{"accepted":true,"call":"cursor.snapshot_error","clock_after_s":0.35,"error":"","finish_us":1166664,"fixed_clock_s":0.35,"inclusive_us":2994,"repetition":1,"scope":"separate_pure_probe_not_nested_native_advance","start_us":1163670},{"accepted":true,"call":"replay_reservation_error","clock_after_s":0.35,"error":"","finish_us":1171111,"fixed_clock_s":0.35,"inclusive_us":4433,"repetition":2,"scope":"separate_pure_probe_not_nested_native_advance","start_us":1166678},{"accepted":true,"call":"authored_replay_source_error","clock_after_s":0.35,"error":"","finish_us":1175011,"fixed_clock_s":0.35,"inclusive_us":3878,"repetition":2,"scope":"separate_pure_probe_not_nested_native_advance","start_us":1171133},{"accepted":true,"call":"cue.projection_error","clock_after_s":0.35,"error":"","finish_us":1176732,"fixed_clock_s":0.35,"inclusive_us":1711,"repetition":2,"scope":"separate_pure_probe_not_nested_native_advance","start_us":1175021},{"accepted":true,"call":"renderer_guard.current_error","clock_after_s":0.35,"error":"","finish_us":1177210,"fixed_clock_s":0.35,"inclusive_us":469,"repetition":2,"scope":"separate_pure_probe_not_nested_native_advance","start_us":1176741},{"accepted":true,"call":"cursor.snapshot_error","clock_after_s":0.35,"error":"","finish_us":1180052,"fixed_clock_s":0.35,"inclusive_us":2828,"repetition":2,"scope":"separate_pure_probe_not_nested_native_advance","start_us":1177224}],"separate_fixed_clock_probe_elapsed_us":40314,"separate_fixed_clock_probe_summary_us":{"authored_replay_source_error":{"count":3,"inclusive_total_us":11584,"max_us":3924,"mean_us":3861.33333333333,"p50_us":3878,"p95_us":3924},"cue.projection_error":{"count":3,"inclusive_total_us":5160,"max_us":1794,"mean_us":1720.0,"p50_us":1711,"p95_us":1794},"cursor.snapshot_error":{"count":3,"inclusive_total_us":8742,"max_us":2994,"mean_us":2914.0,"p50_us":2920,"p95_us":2994},"renderer_guard.current_error":{"count":3,"inclusive_total_us":1416,"max_us":495,"mean_us":472.0,"p50_us":469,"p95_us":495},"replay_reservation_error":{"count":3,"inclusive_total_us":13215,"max_us":4460,"mean_us":4405.0,"p50_us":4433,"p95_us":4460}},"simulation_elapsed_s":1.2,"simulation_finish_s":1.55,"simulation_start_s":0.35,"viewport_size":[270,585],"wall_elapsed_us":4148325,"wall_finish_us":5106641,"wall_start_us":958316}
Authored echo performance smoke: 113 checks, 0 failures; native-only first-cycle measurement
