Godot Engine v4.7.2.stable.official.ed1daf0bf - https://godotengine.org
OpenGL API 4.1 Metal - 90.5 - Compatibility - Using Device: Apple - Apple M3

Ruined House actual route scope: loadout=slow_cargo_longstep profile=standard IDs={ "weapon": "WEAPON-03", "jacket": "CLOTH-J1", "pants": "CLOTH-P2", "shoes": "CLOTH-S2" }; initial zero ammo, ordinary primary, independent smoke tails, two15HP boss pools; TEST ONLY preceding prefix/unlocks/profile/L4 destination
TEST ONLY synthetic prior catalogue unlock metadata: ["WEAPON-03", "CLOTH-J1", "CLOTH-P2", "CLOTH-S2"]
Actual Ruined House portrait: res://captures/act2/a2-l3-live/a2-l3-standard-slow_cargo_longstep-smoke-warning.png
Actual Ruined House portrait: res://captures/act2/a2-l3-live/a2-l3-standard-slow_cargo_longstep-smoke-lock.png
Actual Ruined House portrait: res://captures/act2/a2-l3-live/a2-l3-standard-slow_cargo_longstep-smoke-active.png
Actual Ruined House portrait: res://captures/act2/a2-l3-live/a2-l3-standard-slow_cargo_longstep-smoke-recovery.png
Ruined House actual primary targets cleared: ["road_tender"]
Ruined House actual primary targets cleared: ["house_tender"]
Actual Ruined House portrait: res://captures/act2/a2-l3-live/a2-l3-standard-slow_cargo_longstep-tool-warning.png
Actual Ruined House portrait: res://captures/act2/a2-l3-live/a2-l3-standard-slow_cargo_longstep-tool-lock.png
Actual Ruined House portrait: res://captures/act2/a2-l3-live/a2-l3-standard-slow_cargo_longstep-tool-active.png
Actual Ruined House portrait: res://captures/act2/a2-l3-live/a2-l3-standard-slow_cargo_longstep-tool-recovery.png
Ruined House actual primary targets cleared: ["house_handler"]
Actual Ruined House portrait: res://captures/act2/a2-l3-live/a2-l3-standard-slow_cargo_longstep-ray-warning.png
Actual Ruined House portrait: res://captures/act2/a2-l3-live/a2-l3-standard-slow_cargo_longstep-ray-lock.png
Actual Ruined House portrait: res://captures/act2/a2-l3-live/a2-l3-standard-slow_cargo_longstep-work-apron-actual-pair.png
Actual Ruined House portrait: res://captures/act2/a2-l3-live/a2-l3-standard-slow_cargo_longstep-ray-active.png
Actual Ruined House portrait: res://captures/act2/a2-l3-live/a2-l3-standard-slow_cargo_longstep-ray-recovery.png
Ruined House actual primary targets cleared: ["apron_scout", "apron_handler"]
Actual Ruined House portrait: res://captures/act2/a2-l3-live/a2-l3-standard-slow_cargo_longstep-boss-reach-warning.png
Actual Ruined House portrait: res://captures/act2/a2-l3-live/a2-l3-standard-slow_cargo_longstep-boss-reach-lock.png
Actual Ruined House portrait: res://captures/act2/a2-l3-live/a2-l3-standard-slow_cargo_longstep-boss-reach-active.png
Actual Ruined House portrait: res://captures/act2/a2-l3-live/a2-l3-standard-slow_cargo_longstep-boss-reach-recovery.png
Actual Ruined House portrait: res://captures/act2/a2-l3-live/a2-l3-standard-slow_cargo_longstep-boss-place-warning.png
Actual Ruined House portrait: res://captures/act2/a2-l3-live/a2-l3-standard-slow_cargo_longstep-boss-place-lock.png
Actual Ruined House portrait: res://captures/act2/a2-l3-live/a2-l3-standard-slow_cargo_longstep-boss-place-active.png
Actual Ruined House portrait: res://captures/act2/a2-l3-live/a2-l3-standard-slow_cargo_longstep-boss-place-recovery.png
Actual Ruined House portrait: res://captures/act2/a2-l3-live/a2-l3-standard-slow_cargo_longstep-boss-phase-two-actual-pair.png
Actual side counter: attempt=1 bank_cycle=1 TenderHP=6.0 BossHP=15.0 real_pocket=(2.749998, -0.004844, -38.25001)
Actual side counter: attempt=2 bank_cycle=2 TenderHP=0.0 BossHP=15.0 real_pocket=(2.749998, -0.004844, -38.25001)
Actual Ruined House portrait: res://captures/act2/a2-l3-live/a2-l3-standard-slow_cargo_longstep-clear.png
Ruined House actual primary targets cleared: ["handling_machine"]
Ruined House live level smoke: 570 checks, 0 failures; loadout=slow_cargo_longstep profile=standard; actual authored L3 actions, synthetic preceding prefix and TEST ONLY L4 destination
