Godot Engine v4.7.2.stable.official.ed1daf0bf - https://godotengine.org

Scout callback custody: isolated TEST ONLY source/cue-plus-pause, actual recovery/query cleanup and post-query portrait guard callbacks, manual true-gate defensive context; prior actor1ffb51c/driver5a9abf5 source witness; no full route/native claim
ERROR: outgoing readiness re-evaluates the required portrait guard AFTER its callback-producing reservation query
   at: push_error (core/variant/variant_utility.cpp:1023)
   GDScript backtrace (most recent call first):
       [0] _expect (res://tests/acts/act2/a2_l1_ray_exchange_smoke.gd:623)
       [1] _custody_outgoing_guard_query (res://tests/acts/act2/a2_scout_callback_custody_smoke.gd:149)
       [2] _ticks (res://tests/acts/act2/a2_l1_ray_exchange_smoke.gd:597)
ERROR: outgoing post-query guard rejection visibly cancels before any retained path or damage authority
   at: push_error (core/variant/variant_utility.cpp:1023)
   GDScript backtrace (most recent call first):
       [0] _expect (res://tests/acts/act2/a2_l1_ray_exchange_smoke.gd:623)
       [1] _custody_outgoing_guard_query (res://tests/acts/act2/a2_scout_callback_custody_smoke.gd:151)
       [2] _ticks (res://tests/acts/act2/a2_l1_ray_exchange_smoke.gd:597)
ERROR: outgoing post-query guard rejection applies no same-tick HP damage or hit event
   at: push_error (core/variant/variant_utility.cpp:1023)
   GDScript backtrace (most recent call first):
       [0] _expect (res://tests/acts/act2/a2_l1_ray_exchange_smoke.gd:623)
       [1] _custody_outgoing_guard_query (res://tests/acts/act2/a2_scout_callback_custody_smoke.gd:152)
       [2] _ticks (res://tests/acts/act2/a2_l1_ray_exchange_smoke.gd:597)
ERROR: outgoing guard rejection releases actual danger lease and required threat/opening cues
   at: push_error (core/variant/variant_utility.cpp:1023)
   GDScript backtrace (most recent call first):
       [0] _expect (res://tests/acts/act2/a2_l1_ray_exchange_smoke.gd:623)
       [1] _custody_outgoing_guard_query (res://tests/acts/act2/a2_scout_callback_custody_smoke.gd:153)
       [2] _ticks (res://tests/acts/act2/a2_l1_ray_exchange_smoke.gd:597)
ERROR: outgoing guard cancellation transport has no deferred damage and retains the original cycle/reservation history
   at: push_error (core/variant/variant_utility.cpp:1023)
   GDScript backtrace (most recent call first):
       [0] _expect (res://tests/acts/act2/a2_l1_ray_exchange_smoke.gd:623)
       [1] _custody_outgoing_guard_query (res://tests/acts/act2/a2_scout_callback_custody_smoke.gd:158)
ERROR: guard_rejected incoming target damage rechecks required source/cue/live Hero AFTER callback-producing reservation query
   at: push_error (core/variant/variant_utility.cpp:1023)
   GDScript backtrace (most recent call first):
       [0] _expect (res://tests/acts/act2/a2_l1_ray_exchange_smoke.gd:623)
       [1] _custody_recovery_query (res://tests/acts/act2/a2_scout_callback_custody_smoke.gd:284)
       [2] _until_clock (res://tests/acts/act2/a2_l1_ray_exchange_smoke.gd:589)
       [3] _ticks (res://tests/acts/act2/a2_l1_ray_exchange_smoke.gd:597)
ERROR: incoming damage gate re-evaluates the required guard AFTER cleanup while native source/cue/Hero and original lease remain valid
   at: push_error (core/variant/variant_utility.cpp:1023)
   GDScript backtrace (most recent call first):
       [0] _expect (res://tests/acts/act2/a2_l1_ray_exchange_smoke.gd:623)
       [1] _custody_recovery_query (res://tests/acts/act2/a2_scout_callback_custody_smoke.gd:288)
       [2] _until_clock (res://tests/acts/act2/a2_l1_ray_exchange_smoke.gd:589)
       [3] _ticks (res://tests/acts/act2/a2_l1_ray_exchange_smoke.gd:597)
A2 isolated Scout callback custody smoke: 186 checks, 7 failures; actual public tracking/recovery/callbacks and quiet exact canceled transport; no level/native acceptance
