Godot Engine v4.7.2.stable.official.ed1daf0bf - https://godotengine.org

Scout callback custody: isolated TEST ONLY source/cue-plus-pause, actual recovery/query cleanup callbacks, manual true-gate defensive context; prior actor1ffb51c/driver5a9abf5 source witness; no full route/native claim
ERROR: hide_source rejects lost source/cue BEFORE pause retention can preserve damage authority
   at: push_error (core/variant/variant_utility.cpp:1023)
   GDScript backtrace (most recent call first):
       [0] _expect (res://tests/acts/act2/a2_l1_ray_exchange_smoke.gd:623)
       [1] _custody_outgoing_pause (res://tests/acts/act2/a2_scout_callback_custody_smoke.gd:64)
ERROR: hide_source visibly clears danger, opening and actual reservation while pause remains held
   at: push_error (core/variant/variant_utility.cpp:1023)
   GDScript backtrace (most recent call first):
       [0] _expect (res://tests/acts/act2/a2_l1_ray_exchange_smoke.gd:623)
       [1] _custody_outgoing_pause (res://tests/acts/act2/a2_scout_callback_custody_smoke.gd:65)
ERROR: hide_source transport retains no path for canceled danger and preserves a measured path only for valid pure pause
   at: push_error (core/variant/variant_utility.cpp:1023)
   GDScript backtrace (most recent call first):
       [0] _expect (res://tests/acts/act2/a2_l1_ray_exchange_smoke.gd:623)
       [1] _custody_outgoing_pause (res://tests/acts/act2/a2_scout_callback_custody_smoke.gd:72)
ERROR: hide_source a fresh visible actor cannot resurrect the canceled source's hidden/cleared authority
   at: push_error (core/variant/variant_utility.cpp:1023)
   GDScript backtrace (most recent call first):
       [0] _expect (res://tests/acts/act2/a2_l1_ray_exchange_smoke.gd:623)
       [1] _custody_fresh_transport (res://tests/acts/act2/a2_scout_callback_custody_smoke.gd:121)
ERROR: hide_source resumed fresh canceled unit has no path, hit, lease or authority resurrection
   at: push_error (core/variant/variant_utility.cpp:1023)
   GDScript backtrace (most recent call first):
       [0] _expect (res://tests/acts/act2/a2_l1_ray_exchange_smoke.gd:623)
       [1] _custody_fresh_transport (res://tests/acts/act2/a2_scout_callback_custody_smoke.gd:137)
ERROR: clear_cue rejects lost source/cue BEFORE pause retention can preserve damage authority
   at: push_error (core/variant/variant_utility.cpp:1023)
   GDScript backtrace (most recent call first):
       [0] _expect (res://tests/acts/act2/a2_l1_ray_exchange_smoke.gd:623)
       [1] _custody_outgoing_pause (res://tests/acts/act2/a2_scout_callback_custody_smoke.gd:64)
ERROR: clear_cue visibly clears danger, opening and actual reservation while pause remains held
   at: push_error (core/variant/variant_utility.cpp:1023)
   GDScript backtrace (most recent call first):
       [0] _expect (res://tests/acts/act2/a2_l1_ray_exchange_smoke.gd:623)
       [1] _custody_outgoing_pause (res://tests/acts/act2/a2_scout_callback_custody_smoke.gd:65)
ERROR: clear_cue transport retains no path for canceled danger and preserves a measured path only for valid pure pause
   at: push_error (core/variant/variant_utility.cpp:1023)
   GDScript backtrace (most recent call first):
       [0] _expect (res://tests/acts/act2/a2_l1_ray_exchange_smoke.gd:623)
       [1] _custody_outgoing_pause (res://tests/acts/act2/a2_scout_callback_custody_smoke.gd:72)
ERROR: clear_cue a fresh visible actor cannot resurrect the canceled source's hidden/cleared authority
   at: push_error (core/variant/variant_utility.cpp:1023)
   GDScript backtrace (most recent call first):
       [0] _expect (res://tests/acts/act2/a2_l1_ray_exchange_smoke.gd:623)
       [1] _custody_fresh_transport (res://tests/acts/act2/a2_scout_callback_custody_smoke.gd:121)
ERROR: clear_cue resumed fresh canceled unit has no path, hit, lease or authority resurrection
   at: push_error (core/variant/variant_utility.cpp:1023)
   GDScript backtrace (most recent call first):
       [0] _expect (res://tests/acts/act2/a2_l1_ray_exchange_smoke.gd:623)
       [1] _custody_fresh_transport (res://tests/acts/act2/a2_scout_callback_custody_smoke.gd:137)
ERROR: hide_source incoming target damage rechecks required source/cue/live Hero AFTER callback-producing reservation query
   at: push_error (core/variant/variant_utility.cpp:1023)
   GDScript backtrace (most recent call first):
       [0] _expect (res://tests/acts/act2/a2_l1_ray_exchange_smoke.gd:623)
       [1] _custody_recovery_query (res://tests/acts/act2/a2_scout_callback_custody_smoke.gd:192)
       [2] _until_clock (res://tests/acts/act2/a2_l1_ray_exchange_smoke.gd:589)
       [3] _ticks (res://tests/acts/act2/a2_l1_ray_exchange_smoke.gd:597)
ERROR: clear_cue incoming target damage rechecks required source/cue/live Hero AFTER callback-producing reservation query
   at: push_error (core/variant/variant_utility.cpp:1023)
   GDScript backtrace (most recent call first):
       [0] _expect (res://tests/acts/act2/a2_l1_ray_exchange_smoke.gd:623)
       [1] _custody_recovery_query (res://tests/acts/act2/a2_scout_callback_custody_smoke.gd:192)
       [2] _until_clock (res://tests/acts/act2/a2_l1_ray_exchange_smoke.gd:589)
       [3] _ticks (res://tests/acts/act2/a2_l1_ray_exchange_smoke.gd:597)
ERROR: kill_hero incoming target damage rechecks required source/cue/live Hero AFTER callback-producing reservation query
   at: push_error (core/variant/variant_utility.cpp:1023)
   GDScript backtrace (most recent call first):
       [0] _expect (res://tests/acts/act2/a2_l1_ray_exchange_smoke.gd:623)
       [1] _custody_recovery_query (res://tests/acts/act2/a2_scout_callback_custody_smoke.gd:192)
       [2] _until_clock (res://tests/acts/act2/a2_l1_ray_exchange_smoke.gd:589)
       [3] _ticks (res://tests/acts/act2/a2_l1_ray_exchange_smoke.gd:597)
ERROR: pause actor rechecks current pause/live binding/Hero after an otherwise true gate before HP mutation
   at: push_error (core/variant/variant_utility.cpp:1023)
   GDScript backtrace (most recent call first):
       [0] _expect (res://tests/acts/act2/a2_l1_ray_exchange_smoke.gd:623)
       [1] _custody_manual_gate (res://tests/acts/act2/a2_scout_callback_custody_smoke.gd:222)
       [2] _ticks (res://tests/acts/act2/a2_l1_ray_exchange_smoke.gd:597)
ERROR: disarm actor rechecks current pause/live binding/Hero after an otherwise true gate before HP mutation
   at: push_error (core/variant/variant_utility.cpp:1023)
   GDScript backtrace (most recent call first):
       [0] _expect (res://tests/acts/act2/a2_l1_ray_exchange_smoke.gd:623)
       [1] _custody_manual_gate (res://tests/acts/act2/a2_scout_callback_custody_smoke.gd:222)
       [2] _ticks (res://tests/acts/act2/a2_l1_ray_exchange_smoke.gd:597)
ERROR: kill_hero actor rechecks current pause/live binding/Hero after an otherwise true gate before HP mutation
   at: push_error (core/variant/variant_utility.cpp:1023)
   GDScript backtrace (most recent call first):
       [0] _expect (res://tests/acts/act2/a2_l1_ray_exchange_smoke.gd:623)
       [1] _custody_manual_gate (res://tests/acts/act2/a2_scout_callback_custody_smoke.gd:222)
       [2] _ticks (res://tests/acts/act2/a2_l1_ray_exchange_smoke.gd:597)
A2 isolated Scout callback custody smoke: 155 checks, 16 failures; actual public tracking/recovery/callbacks and quiet exact canceled transport; no level/native acceptance
