Waiting for the shared Godot session to close…
Godot Engine v4.7.2.stable.official.ed1daf0bf - https://godotengine.org

PASS: native equality keeps scalar/vector tags distinct
PASS: actual Main installs the separate test-only native court
PASS: fresh actual source is untracked API1/HP36/sixteen-mesh with no admission or history
PASS: public initial zero-ammo seed and real opt-in earn only cycle_ready
PASS: initial ready snapshot has no invented exchange/Cursor/event/hit history
PASS: format2 transport preserves the complete exact native fixture pair
PASS: actual source/world/Scheduler/barrier/groups retire before replacement
PASS: actual Main installs the separate test-only native court
PASS: fresh actual source is untracked API1/HP36/sixteen-mesh with no admission or history
PASS: fresh constructor builds only explicitly saved immutable native recipients
ERROR: FAIL: fresh native Hero/source/journal preflight is pure before immutable preparation; Exact retained lifecycle world/floor binding required
   at: push_error (core/variant/variant_utility.cpp:1023)
   GDScript backtrace (most recent call first):
       [0] _expect (res://tests/acts/act3/mirror_echo_lifecycle_smoke.gd:463)
       [1] _fresh_restore (res://tests/acts/act3/mirror_echo_lifecycle_smoke.gd:272)
       [2] _close (res://tests/acts/act3/mirror_echo_lifecycle_smoke.gd:402)
SCRIPT ERROR: Cannot call method 'call' on a null value.
          at: camera_framing_points (res://tests/acts/act3/mirror_echo_lifecycle_fixture.gd:120)
          GDScript backtrace (most recent call first):
              [0] camera_framing_points (res://tests/acts/act3/mirror_echo_lifecycle_fixture.gd:120)
              [1] _update_camera (res://scripts/game.gd:483)
              [2] _process (res://scripts/game.gd:379)
PASS: actual source/world/Scheduler/barrier/groups retire before replacement
Owned production Echo lifecycle: 12 checks; failures: 1. Managed native source only; no full-level/Shell/presentation-gate acceptance.
