Godot Engine v4.7.2.stable.official.ed1daf0bf - https://godotengine.org

[   0% ] first_scan_filesystem | Started Project initialization (5 steps)
[   0% ] first_scan_filesystem | Scanning file structure...
[  16% ] first_scan_filesystem | Loading global class names...
[  33% ] first_scan_filesystem | Verifying GDExtensions...
[  50% ] first_scan_filesystem | Creating autoload scripts...
[  66% ] first_scan_filesystem | Initializing plugins...
[  83% ] first_scan_filesystem | Starting file scan...
[ DONE ] first_scan_filesystem

[   0% ] update_scripts_classes | Started Registering global classes... (28 steps)
[   0% ] update_scripts_classes | 
[   3% ] update_scripts_classes | 
[   6% ] update_scripts_classes | 
[  10% ] update_scripts_classes | 
[  13% ] update_scripts_classes | 
[  17% ] update_scripts_classes | 
[  20% ] update_scripts_classes | 
[  24% ] update_scripts_classes | CinderCampaignShell
[  27% ] update_scripts_classes | CinderAuthoredEchoRenderer
[  31% ] update_scripts_classes | CinderAuthoredEnemySequence
[  34% ] update_scripts_classes | CinderReplayCursor
[  37% ] update_scripts_classes | CinderReplayFootprint
[  41% ] update_scripts_classes | CinderReplayPlayback
[  44% ] update_scripts_classes | CinderReplayProgram
[  48% ] update_scripts_classes | CinderThreatScheduler
[  51% ] update_scripts_classes | CinderThreatCue
[  55% ] update_scripts_classes | 
[  58% ] update_scripts_classes | 
[  62% ] update_scripts_classes | 
[  65% ] update_scripts_classes | 
[  68% ] update_scripts_classes | 
[  72% ] update_scripts_classes | 
[  75% ] update_scripts_classes | 
[  79% ] update_scripts_classes | 
[  82% ] update_scripts_classes | 
[  86% ] update_scripts_classes | 
[  89% ] update_scripts_classes | 
[  93% ] update_scripts_classes | 
[ DONE ] update_scripts_classes

[   0% ] loading_editor_layout | Started Loading editor (5 steps)
[   0% ] loading_editor_layout | Loading editor layout...
[  16% ] loading_editor_layout | Loading docks...
[  33% ] loading_editor_layout | Reopening scenes...
[  50% ] loading_editor_layout | Loading central editor layout...
[  66% ] loading_editor_layout | Loading plugin window layout...
[  83% ] loading_editor_layout | Editor layout ready.
[ DONE ] loading_editor_layout

