Godot Engine v4.7.2.stable.official.ed1daf0bf - https://godotengine.org

PASS: paired prototype draft has no fabricated profile/loadout selector
PASS: actual Main opens the owned garden-root rule prototype paused
PASS: ready actual target/Scheduler/two native sources bind without configuration error
PASS: plain shared Main binds genuine Standard; no Assisted profile or HP-reset claim is fabricated
PASS: fresh native unit has original60HP phase1, empty initial ammo, canonical traveller and zero admitted cycles
PASS: actual completed paused barrier settles outside Hero/source/contact callbacks
PASS: actual initial idle captures and ExactJson-roundtrips the complete earned Hero/local unit without side effects
PASS: pure/live initial idle rejection is atomic and genuine unit stays accepted: nonfinite native clock
PASS: pure/live initial idle rejection is atomic and genuine unit stays accepted: exact target/Scheduler clock join
PASS: pure/live initial idle rejection is atomic and genuine unit stays accepted: exact native mechanism clock join
PASS: pure/live initial idle rejection is atomic and genuine unit stays accepted: current accepted source cycle join
PASS: pure/live initial idle rejection is atomic and genuine unit stays accepted: HP-derived exact phase
PASS: pure/live initial idle rejection is atomic and genuine unit stays accepted: actual living/dead collision flags
PASS: pure/live initial idle rejection is atomic and genuine unit stays accepted: missing native sibling source
PASS: pure/live initial idle rejection is atomic and genuine unit stays accepted: fabricated earned boundary receipt
PASS: pure/live initial idle rejection is atomic and genuine unit stays accepted: exact retry/last-crossing join
PASS: pure/live initial idle rejection is atomic and genuine unit stays accepted: invented campaign completion
PASS: pure/live initial idle rejection is atomic and genuine unit stays accepted: undeclared local control
PASS: pure/live initial idle rejection is atomic and genuine unit stays accepted: missing/invented current-cycle association
PASS: native paused initial idle remains frozen after rejected controls and real render frames
PASS: public Main fresh scene replacement constructs actual recipient for initial idle
PASS: real donor Hero/level/target/source descendants release before zero-tick fresh initial idle prevalidation
PAIR DONOR TEARDOWN: initial idle events_before=0 events_after=0
PASS: whole staged saved Hero/local validation is pure on actual fresh initial idle bindings
PASS: public ordered Hero→level quietly commits complete initial idle
PASS: fresh exact initial idle recapture retains clocks/resources/HP/phase/control/native cues/palette and emits no quiet gameplay/input events
PASS: fresh reconstructed initial idle stays frozen without donor deferred work or retiming
PASS: current real shared camera admits draw before its actual source is armed
PASS: actual draw admission supplies the native ordinary proof before any paired capture
PASS: action uses the first actual post-actor tick at its native proof deadline
PASS: actual paired fixture escape_dash starts a full canonical routed dash
PASS: real complete dash reaches native proved landing with full travel and unchanged kit
PASS: first actual completed recovery tick publishes the derived white low-tether band after native mechanism physics
PASS: public Game requests the actual completed paired pause
PASS: actual completed paused barrier settles outside Hero/source/contact callbacks
PASS: public deferred pause captures that exact first completed recovery tick without an extra simulation step
PASS: actual first actual Draw recovery tick60 captures and ExactJson-roundtrips the complete earned Hero/local unit without side effects
PASS: pure/live first actual Draw recovery tick60 rejection is atomic and genuine unit stays accepted: nonfinite native clock
PASS: pure/live first actual Draw recovery tick60 rejection is atomic and genuine unit stays accepted: exact target/Scheduler clock join
PASS: pure/live first actual Draw recovery tick60 rejection is atomic and genuine unit stays accepted: exact native mechanism clock join
PASS: pure/live first actual Draw recovery tick60 rejection is atomic and genuine unit stays accepted: current accepted source cycle join
PASS: pure/live first actual Draw recovery tick60 rejection is atomic and genuine unit stays accepted: HP-derived exact phase
PASS: pure/live first actual Draw recovery tick60 rejection is atomic and genuine unit stays accepted: actual living/dead collision flags
PASS: pure/live first actual Draw recovery tick60 rejection is atomic and genuine unit stays accepted: missing native sibling source
PASS: pure/live first actual Draw recovery tick60 rejection is atomic and genuine unit stays accepted: fabricated earned boundary receipt
PASS: pure/live first actual Draw recovery tick60 rejection is atomic and genuine unit stays accepted: exact retry/last-crossing join
PASS: pure/live first actual Draw recovery tick60 rejection is atomic and genuine unit stays accepted: invented campaign completion
PASS: pure/live first actual Draw recovery tick60 rejection is atomic and genuine unit stays accepted: undeclared local control
PASS: pure/live first actual Draw recovery tick60 rejection is atomic and genuine unit stays accepted: missing/invented current-cycle association
PASS: native paused first actual Draw recovery tick60 remains frozen after rejected controls and real render frames
PASS: public Main fresh scene replacement constructs actual recipient for first actual Draw recovery tick60
PASS: real donor Hero/level/target/source descendants release before zero-tick fresh first actual Draw recovery tick60 prevalidation
PAIR DONOR TEARDOWN: first actual Draw recovery tick60 events_before=10 events_after=13
PASS: whole staged saved Hero/local validation is pure on actual fresh first actual Draw recovery tick60 bindings
PASS: public ordered Hero→level quietly commits complete first actual Draw recovery tick60
PASS: fresh exact first actual Draw recovery tick60 recapture retains clocks/resources/HP/phase/control/native cues/palette and emits no quiet gameplay/input events
PASS: fresh reconstructed first actual Draw recovery tick60 stays frozen without donor deferred work or retiming
PASS: action uses the first actual post-actor tick at its native proof deadline
PASS: actual paired fixture positioning_dash starts a full canonical routed dash
PASS: real complete dash reaches native proved landing with full travel and unchanged kit
PASS: action uses the first actual post-actor tick at its native proof deadline
PASS: genuine draw escape/return earns ordinary recovery on firm floor without direct actor/source changes
PASS: public Game requests the actual completed paired pause
PASS: actual completed paused barrier settles outside Hero/source/contact callbacks
PASS: actual earned Draw ordinary-return60 captures and ExactJson-roundtrips the complete earned Hero/local unit without side effects
PASS: pure/live earned Draw ordinary-return60 rejection is atomic and genuine unit stays accepted: nonfinite native clock
PASS: pure/live earned Draw ordinary-return60 rejection is atomic and genuine unit stays accepted: exact target/Scheduler clock join
PASS: pure/live earned Draw ordinary-return60 rejection is atomic and genuine unit stays accepted: exact native mechanism clock join
PASS: pure/live earned Draw ordinary-return60 rejection is atomic and genuine unit stays accepted: current accepted source cycle join
PASS: pure/live earned Draw ordinary-return60 rejection is atomic and genuine unit stays accepted: HP-derived exact phase
PASS: pure/live earned Draw ordinary-return60 rejection is atomic and genuine unit stays accepted: actual living/dead collision flags
PASS: pure/live earned Draw ordinary-return60 rejection is atomic and genuine unit stays accepted: missing native sibling source
PASS: pure/live earned Draw ordinary-return60 rejection is atomic and genuine unit stays accepted: fabricated earned boundary receipt
PASS: pure/live earned Draw ordinary-return60 rejection is atomic and genuine unit stays accepted: exact retry/last-crossing join
PASS: pure/live earned Draw ordinary-return60 rejection is atomic and genuine unit stays accepted: invented campaign completion
PASS: pure/live earned Draw ordinary-return60 rejection is atomic and genuine unit stays accepted: undeclared local control
PASS: pure/live earned Draw ordinary-return60 rejection is atomic and genuine unit stays accepted: missing/invented current-cycle association
PASS: native paused earned Draw ordinary-return60 remains frozen after rejected controls and real render frames
PASS: public Main fresh scene replacement constructs actual recipient for earned Draw ordinary-return60
PASS: real donor Hero/level/target/source descendants release before zero-tick fresh earned Draw ordinary-return60 prevalidation
PAIR DONOR TEARDOWN: earned Draw ordinary-return60 events_before=2 events_after=5
PASS: whole staged saved Hero/local validation is pure on actual fresh earned Draw ordinary-return60 bindings
PASS: public ordered Hero→level quietly commits complete earned Draw ordinary-return60
PASS: fresh exact earned Draw ordinary-return60 recapture retains clocks/resources/HP/phase/control/native cues/palette and emits no quiet gameplay/input events
PASS: fresh reconstructed earned Draw ordinary-return60 stays frozen without donor deferred work or retiming
PASS: genuine ordinary primary earns exact 60→40 HP before paired transport
PASS: public Game requests the actual completed paired pause
PASS: actual completed paused barrier settles outside Hero/source/contact callbacks
PASS: actual earned Draw partial40 captures and ExactJson-roundtrips the complete earned Hero/local unit without side effects
PASS: pure/live earned Draw partial40 rejection is atomic and genuine unit stays accepted: nonfinite native clock
PASS: pure/live earned Draw partial40 rejection is atomic and genuine unit stays accepted: exact target/Scheduler clock join
PASS: pure/live earned Draw partial40 rejection is atomic and genuine unit stays accepted: exact native mechanism clock join
PASS: pure/live earned Draw partial40 rejection is atomic and genuine unit stays accepted: current accepted source cycle join
PASS: pure/live earned Draw partial40 rejection is atomic and genuine unit stays accepted: HP-derived exact phase
PASS: pure/live earned Draw partial40 rejection is atomic and genuine unit stays accepted: actual living/dead collision flags
PASS: pure/live earned Draw partial40 rejection is atomic and genuine unit stays accepted: missing native sibling source
PASS: pure/live earned Draw partial40 rejection is atomic and genuine unit stays accepted: fabricated earned boundary receipt
PASS: pure/live earned Draw partial40 rejection is atomic and genuine unit stays accepted: exact retry/last-crossing join
PASS: pure/live earned Draw partial40 rejection is atomic and genuine unit stays accepted: invented campaign completion
PASS: pure/live earned Draw partial40 rejection is atomic and genuine unit stays accepted: undeclared local control
PASS: pure/live earned Draw partial40 rejection is atomic and genuine unit stays accepted: missing/invented current-cycle association
PASS: native paused earned Draw partial40 remains frozen after rejected controls and real render frames
PASS: public Main fresh scene replacement constructs actual recipient for earned Draw partial40
PASS: real donor Hero/level/target/source descendants release before zero-tick fresh earned Draw partial40 prevalidation
PAIR DONOR TEARDOWN: earned Draw partial40 events_before=3 events_after=6
PASS: whole staged saved Hero/local validation is pure on actual fresh earned Draw partial40 bindings
PASS: public ordered Hero→level quietly commits complete earned Draw partial40
PASS: fresh exact earned Draw partial40 recapture retains clocks/resources/HP/phase/control/native cues/palette and emits no quiet gameplay/input events
PASS: fresh reconstructed earned Draw partial40 stays frozen without donor deferred work or retiming
PASS: second tap clears the real280ms blast window and native cooldown while ordinary recovery remains open
PASS: genuine ordinary primary earns exact 40→30 HP before paired transport
PASS: real Draw phase boundary closes every actual lease/cue before capture
PASS: public Game requests the actual completed paired pause
PASS: actual completed paused barrier settles outside Hero/source/contact callbacks
PASS: actual earned phase boundary30 captures and ExactJson-roundtrips the complete earned Hero/local unit without side effects
PASS: pure/live earned phase boundary30 rejection is atomic and genuine unit stays accepted: nonfinite native clock
PASS: pure/live earned phase boundary30 rejection is atomic and genuine unit stays accepted: exact target/Scheduler clock join
PASS: pure/live earned phase boundary30 rejection is atomic and genuine unit stays accepted: exact native mechanism clock join
PASS: pure/live earned phase boundary30 rejection is atomic and genuine unit stays accepted: current accepted source cycle join
PASS: pure/live earned phase boundary30 rejection is atomic and genuine unit stays accepted: HP-derived exact phase
PASS: pure/live earned phase boundary30 rejection is atomic and genuine unit stays accepted: actual living/dead collision flags
PASS: pure/live earned phase boundary30 rejection is atomic and genuine unit stays accepted: missing native sibling source
PASS: pure/live earned phase boundary30 rejection is atomic and genuine unit stays accepted: fabricated earned boundary receipt
PASS: pure/live earned phase boundary30 rejection is atomic and genuine unit stays accepted: missing genuine phase prefix
PASS: pure/live earned phase boundary30 rejection is atomic and genuine unit stays accepted: exact retry/last-crossing join
PASS: pure/live earned phase boundary30 rejection is atomic and genuine unit stays accepted: invented campaign completion
PASS: pure/live earned phase boundary30 rejection is atomic and genuine unit stays accepted: undeclared local control
PASS: pure/live earned phase boundary30 rejection is atomic and genuine unit stays accepted: missing/invented current-cycle association
PASS: pure/live earned phase boundary30 rejection is atomic and genuine unit stays accepted: inactive draw two-field exchange exceeds actual native serial
PASS: pure/live earned phase boundary30 rejection is atomic and genuine unit stays accepted: closed draw forged phase1→2 cycle/boundary association
PASS: native paused earned phase boundary30 remains frozen after rejected controls and real render frames
PASS: public Main fresh scene replacement constructs actual recipient for earned phase boundary30
PASS: real donor Hero/level/target/source descendants release before zero-tick fresh earned phase boundary30 prevalidation
PAIR DONOR TEARDOWN: earned phase boundary30 events_before=6 events_after=6
PASS: whole staged saved Hero/local validation is pure on actual fresh earned phase boundary30 bindings
PASS: public ordered Hero→level quietly commits complete earned phase boundary30
PASS: fresh exact earned phase boundary30 recapture retains clocks/resources/HP/phase/control/native cues/palette and emits no quiet gameplay/input events
PASS: fresh reconstructed earned phase boundary30 stays frozen without donor deferred work or retiming
PASS: current real shared camera admits enclose before its actual source is armed
PASS: actual enclose admission supplies the native ordinary proof before any paired capture
PASS: action uses the first actual post-actor tick at its native proof deadline
PASS: actual paired fixture escape_dash starts a full canonical routed dash
PASS: real complete dash reaches native proved landing with full travel and unchanged kit
PASS: action uses the first actual post-actor tick at its native proof deadline
PASS: actual paired fixture positioning_dash starts a full canonical routed dash
PASS: real complete dash reaches native proved landing with full travel and unchanged kit
PASS: action uses the first actual post-actor tick at its native proof deadline
PASS: genuine enclose escape/return earns ordinary recovery on firm floor without direct actor/source changes
PASS: public Game requests the actual completed paired pause
PASS: actual completed paused barrier settles outside Hero/source/contact callbacks
PASS: actual earned Enclose recovery30 captures and ExactJson-roundtrips the complete earned Hero/local unit without side effects
PASS: pure/live earned Enclose recovery30 rejection is atomic and genuine unit stays accepted: nonfinite native clock
PASS: pure/live earned Enclose recovery30 rejection is atomic and genuine unit stays accepted: exact target/Scheduler clock join
PASS: pure/live earned Enclose recovery30 rejection is atomic and genuine unit stays accepted: exact native mechanism clock join
PASS: pure/live earned Enclose recovery30 rejection is atomic and genuine unit stays accepted: current accepted source cycle join
PASS: pure/live earned Enclose recovery30 rejection is atomic and genuine unit stays accepted: HP-derived exact phase
PASS: pure/live earned Enclose recovery30 rejection is atomic and genuine unit stays accepted: actual living/dead collision flags
PASS: pure/live earned Enclose recovery30 rejection is atomic and genuine unit stays accepted: missing native sibling source
PASS: pure/live earned Enclose recovery30 rejection is atomic and genuine unit stays accepted: fabricated earned boundary receipt
PASS: pure/live earned Enclose recovery30 rejection is atomic and genuine unit stays accepted: missing genuine phase prefix
PASS: pure/live earned Enclose recovery30 rejection is atomic and genuine unit stays accepted: exact retry/last-crossing join
PASS: pure/live earned Enclose recovery30 rejection is atomic and genuine unit stays accepted: invented campaign completion
PASS: pure/live earned Enclose recovery30 rejection is atomic and genuine unit stays accepted: undeclared local control
PASS: pure/live earned Enclose recovery30 rejection is atomic and genuine unit stays accepted: missing/invented current-cycle association
PASS: pure/live earned Enclose recovery30 rejection is atomic and genuine unit stays accepted: inactive draw two-field exchange exceeds actual native serial
PASS: pure/live earned Enclose recovery30 rejection is atomic and genuine unit stays accepted: closed draw forged phase1→2 cycle/boundary association
PASS: native paused earned Enclose recovery30 remains frozen after rejected controls and real render frames
PASS: public Main fresh scene replacement constructs actual recipient for earned Enclose recovery30
PASS: real donor Hero/level/target/source descendants release before zero-tick fresh earned Enclose recovery30 prevalidation
PAIR DONOR TEARDOWN: earned Enclose recovery30 events_before=12 events_after=15
PASS: whole staged saved Hero/local validation is pure on actual fresh earned Enclose recovery30 bindings
PASS: public ordered Hero→level quietly commits complete earned Enclose recovery30
PASS: fresh exact earned Enclose recovery30 recapture retains clocks/resources/HP/phase/control/native cues/palette and emits no quiet gameplay/input events
PASS: fresh reconstructed earned Enclose recovery30 stays frozen without donor deferred work or retiming
PASS: genuine ordinary primary earns exact 30→10 HP before paired transport
PASS: public Game requests the actual completed paired pause
PASS: actual completed paused barrier settles outside Hero/source/contact callbacks
PASS: actual earned Enclose partial10 captures and ExactJson-roundtrips the complete earned Hero/local unit without side effects
PASS: pure/live earned Enclose partial10 rejection is atomic and genuine unit stays accepted: nonfinite native clock
PASS: pure/live earned Enclose partial10 rejection is atomic and genuine unit stays accepted: exact target/Scheduler clock join
PASS: pure/live earned Enclose partial10 rejection is atomic and genuine unit stays accepted: exact native mechanism clock join
PASS: pure/live earned Enclose partial10 rejection is atomic and genuine unit stays accepted: current accepted source cycle join
PASS: pure/live earned Enclose partial10 rejection is atomic and genuine unit stays accepted: HP-derived exact phase
PASS: pure/live earned Enclose partial10 rejection is atomic and genuine unit stays accepted: actual living/dead collision flags
PASS: pure/live earned Enclose partial10 rejection is atomic and genuine unit stays accepted: missing native sibling source
PASS: pure/live earned Enclose partial10 rejection is atomic and genuine unit stays accepted: fabricated earned boundary receipt
PASS: pure/live earned Enclose partial10 rejection is atomic and genuine unit stays accepted: missing genuine phase prefix
PASS: pure/live earned Enclose partial10 rejection is atomic and genuine unit stays accepted: exact retry/last-crossing join
PASS: pure/live earned Enclose partial10 rejection is atomic and genuine unit stays accepted: invented campaign completion
PASS: pure/live earned Enclose partial10 rejection is atomic and genuine unit stays accepted: undeclared local control
PASS: pure/live earned Enclose partial10 rejection is atomic and genuine unit stays accepted: missing/invented current-cycle association
PASS: pure/live earned Enclose partial10 rejection is atomic and genuine unit stays accepted: inactive draw two-field exchange exceeds actual native serial
PASS: pure/live earned Enclose partial10 rejection is atomic and genuine unit stays accepted: closed draw forged phase1→2 cycle/boundary association
PASS: native paused earned Enclose partial10 remains frozen after rejected controls and real render frames
PASS: public Main fresh scene replacement constructs actual recipient for earned Enclose partial10
PASS: real donor Hero/level/target/source descendants release before zero-tick fresh earned Enclose partial10 prevalidation
PAIR DONOR TEARDOWN: earned Enclose partial10 events_before=3 events_after=6
PASS: whole staged saved Hero/local validation is pure on actual fresh earned Enclose partial10 bindings
PASS: public ordered Hero→level quietly commits complete earned Enclose partial10
PASS: fresh exact earned Enclose partial10 recapture retains clocks/resources/HP/phase/control/native cues/palette and emits no quiet gameplay/input events
PASS: fresh reconstructed earned Enclose partial10 stays frozen without donor deferred work or retiming
PASS: second tap clears the real280ms blast window and native cooldown while ordinary recovery remains open
PASS: genuine ordinary primary earns exact 10→0 HP before paired transport
PASS: real final ordinary primary closes actual native leases/cues
PASS: public Game requests the actual completed paired pause
PASS: actual completed paused barrier settles outside Hero/source/contact callbacks
PASS: actual earned settled dead0 captures and ExactJson-roundtrips the complete earned Hero/local unit without side effects
PASS: pure/live earned settled dead0 rejection is atomic and genuine unit stays accepted: nonfinite native clock
PASS: pure/live earned settled dead0 rejection is atomic and genuine unit stays accepted: exact target/Scheduler clock join
PASS: pure/live earned settled dead0 rejection is atomic and genuine unit stays accepted: exact native mechanism clock join
PASS: pure/live earned settled dead0 rejection is atomic and genuine unit stays accepted: current accepted source cycle join
PASS: pure/live earned settled dead0 rejection is atomic and genuine unit stays accepted: HP-derived exact phase
PASS: pure/live earned settled dead0 rejection is atomic and genuine unit stays accepted: actual living/dead collision flags
PASS: pure/live earned settled dead0 rejection is atomic and genuine unit stays accepted: missing native sibling source
PASS: pure/live earned settled dead0 rejection is atomic and genuine unit stays accepted: fabricated earned boundary receipt
PASS: pure/live earned settled dead0 rejection is atomic and genuine unit stays accepted: missing genuine phase prefix
PASS: pure/live earned settled dead0 rejection is atomic and genuine unit stays accepted: exact retry/last-crossing join
PASS: pure/live earned settled dead0 rejection is atomic and genuine unit stays accepted: invented campaign completion
PASS: pure/live earned settled dead0 rejection is atomic and genuine unit stays accepted: undeclared local control
PASS: pure/live earned settled dead0 rejection is atomic and genuine unit stays accepted: missing/invented current-cycle association
PASS: pure/live earned settled dead0 rejection is atomic and genuine unit stays accepted: inactive draw two-field exchange exceeds actual native serial
PASS: pure/live earned settled dead0 rejection is atomic and genuine unit stays accepted: closed draw forged phase1→2 cycle/boundary association
PASS: pure/live earned settled dead0 rejection is atomic and genuine unit stays accepted: inactive enclose two-field exchange exceeds actual native serial
PASS: native paused earned settled dead0 remains frozen after rejected controls and real render frames
PASS: public Main fresh scene replacement constructs actual recipient for earned settled dead0
PASS: real donor Hero/level/target/source descendants release before zero-tick fresh earned settled dead0 prevalidation
PAIR DONOR TEARDOWN: earned settled dead0 events_before=6 events_after=6
PASS: whole staged saved Hero/local validation is pure on actual fresh earned settled dead0 bindings
PASS: public ordered Hero→level quietly commits complete earned settled dead0
PASS: fresh exact earned settled dead0 recapture retains clocks/resources/HP/phase/control/native cues/palette and emits no quiet gameplay/input events
PASS: fresh reconstructed earned settled dead0 stays frozen without donor deferred work or retiming
PASS: fresh final pair keeps genuine settled spent body, full Hero HP and cleared authority
PASS: public level exit synchronously clears actual source leases/cues
PASS: all native old-world descendants/Hero/target/sources/cues release before a replacement
PASS: actual Main opens the owned garden-root rule prototype paused
PASS: ready actual target/Scheduler/two native sources bind without configuration error
PASS: plain shared Main binds genuine Standard; no Assisted profile or HP-reset claim is fabricated
PASS: fresh native unit has original60HP phase1, empty initial ammo, canonical traveller and zero admitted cycles
PASS: actual warning cancellation cannot reenter parent control to allocate a sibling native cycle
PASS: public level exit synchronously clears actual source leases/cues
PASS: all native old-world descendants/Hero/target/sources/cues release before a replacement
Garden paired rule: 233 checks; failures: 0. Actual Hero/local version2 only; no campaign/disk/Shell input or full-level/playthrough credit.
