Godot Engine v4.7.2.stable.official.ed1daf0bf - https://godotengine.org

PASS: fixture asserts exact accepted HANDOFF provenance (optional --expected-commit=<40hex>)
PASS: actual production registry validates the exact accepted authored A2-L4 scene: 
PASS: production registry configures only isolated PID user paths
PASS: real production Title has no duplicate live world for isolated first launch: 
PASS: first launch invents no prior story progress
PASS: actual GUI hit center belongs to current menu and portrait viewport
PASS: actual GUI hit center is inside its native clipping ancestor
PASS: real GUI press/release publishes the exact expected button count (disabled card stays inert)
PASS: actual GUI hit center belongs to current menu and portrait viewport
PASS: real GUI press/release publishes the exact expected button count (disabled card stays inert)
PASS: actual GUI hit center belongs to current menu and portrait viewport
PASS: actual GUI hit center is inside its native clipping ancestor
PASS: real GUI press/release publishes the exact expected button count (disabled card stays inert)
PASS: real Journey keeps accepted A2-L4 locked behind its actual A2-L3 prerequisite
PASS: actual GUI hit center belongs to current menu and portrait viewport
PASS: real GUI press/release publishes the exact expected button count (disabled card stays inert)
PASS: disabled locked card neither loads A2-L4 nor fabricates progression
PASS: TEST ONLY seed captures actual authored full runtime, not Horsell L1 or an art preview
PASS: TEST ONLY initial HP/zeroammo seed uses validated quiet public actor restore
PASS: TEST ONLY eight-predecessor prefix/actual initial A2-L4 unit writes through public attempts/store:   
PASS: seed retains unchanged initial full LondonApproaches world/presentation with no admitted source or executed action
PASS: seed preview actor/level retire before production installation
TEST ONLY prefix/resource seed: ["A1-L1", "A1-L2", "A1-L3", "A1-L4", "A1-L5", "A2-L1", "A2-L2", "A2-L3"]; HP=37.0; initial shells=0; not predecessor gameplay or A2-L4 clear evidence
PASS: production registry configures only isolated PID user paths
PASS: real production Title has no duplicate live world for TEST ONLY eight-predecessor story seed: 
PASS: TEST ONLY eight-predecessor prefix offers protected uncompleted A2-L4 story Continue
PASS: actual GUI hit center belongs to current menu and portrait viewport
PASS: actual GUI hit center is inside its native clipping ancestor
PASS: real GUI press/release publishes the exact expected button count (disabled card stays inert)
PASS: actual GUI hit center belongs to current menu and portrait viewport
PASS: real GUI press/release publishes the exact expected button count (disabled card stays inert)
PASS: actual GUI hit center belongs to current menu and portrait viewport
PASS: actual GUI hit center is inside its native clipping ancestor
PASS: real GUI press/release publishes the exact expected button count (disabled card stays inert)
PASS: real seeded Journey offers current A2-L4 Continue while A2-L5 stays locked
PASS: actual GUI hit center belongs to current menu and portrait viewport
PASS: real GUI press/release publishes the exact expected button count (disabled card stays inert)
PASS: actual production A2-L4 installation waits paused at Resume: 
PASS: exact production LondonApproaches scene owns the shared actor/effects, nine real targets, two banks and four HP-free tools
PASS: actual retained target has canonical actor binding: garden_handler
PASS: actual retained target has canonical actor binding: flood_scout
PASS: actual retained target has canonical actor binding: flood_tender
PASS: actual retained target has canonical actor binding: villa_scout
PASS: actual retained target has canonical actor binding: villa_ray_handler
PASS: actual retained target has canonical actor binding: villa_tender
PASS: actual retained target has canonical actor binding: villa_smoke_handler
PASS: actual retained target has canonical actor binding: putney_scout
PASS: actual retained target has canonical actor binding: putney_handler
PASS: actual installed full Hero and currently required sources fit the fixed camera/native HUD (initial idle entry has no admitted source): 
PASS: actual authored spawn and shared Scheduler/Ray driver remain intact
PASS: actual accepted full localversion1 entry is a coherent actual Player/nine targets/two banks/four tools/three Rays/Scheduler/Shell unit
PASS: fresh TEST ONLY initial resources retain no executed action/input/tick
PASS: entry reopens actual checked format2 SaveStore data
PASS: initial living entry exposes actual paused GUI Resume
PASS: actual GUI hit center belongs to current menu and portrait viewport
PASS: actual GUI hit center is inside its native clipping ancestor
PASS: real GUI press/release publishes the exact expected button count (disabled card stays inert)
PASS: initial living entry GUI press/release is consumed before input/action/resource/pose/clock/anchor changes
PASS: actual viewport touch/drag/release starts one public physical dash and records exact release anchor
PASS: public deferred pause captures the actual routed movement and complete authored world: 
PASS: real routed release retains physical dash path and separate exact screen release anchor
PASS: live dash changes actual path/clocks/camera before the save
PASS: short actual movement preserves low HP/empty ammo/gear and one routed input
PASS: coherent movement save protects its initial checkpoint and awards no A2-L4 completion/reward
PASS: actual pause publishes an exact checked format2 generation
PASS: paused frames freeze complete actor/local/input/camera state exactly
PASS: first shell closure frees actual @Node3D@1591
PASS: first shell closure frees actual RedWeedAndLondonApproaches
PASS: first shell closure frees actual CinderPlayer
PASS: first shell closure frees actual @Node3D@1727
PASS: first shell closure frees actual garden
PASS: first shell closure frees actual flood
PASS: first shell closure frees actual villa1
PASS: first shell closure frees actual villa2
PASS: first shell closure frees actual putney
PASS: first shell closure frees actual GardenStemBlocker
PASS: first shell closure frees actual VillaLowWall
PASS: first shell closure frees actual GardenArrivalEnd
PASS: first shell closure frees actual PutneyDepartureEnd
PASS: first shell closure frees actual WestDryBoundary
PASS: first shell closure frees actual EastDryBoundary
PASS: first shell closure frees actual LondonApproachesThreatScheduler
PASS: first shell closure frees actual LondonApproaches_garden_handler
PASS: first shell closure frees actual ThreatCue
PASS: first shell closure frees actual LowMountOpening_garden_handler
PASS: first shell closure frees actual LondonApproaches_flood_scout
PASS: first shell closure frees actual LondonApproaches_flood_tender
PASS: first shell closure frees actual LowMountOpening_flood_tender
PASS: first shell closure frees actual LondonApproaches_villa_scout
PASS: first shell closure frees actual LondonApproaches_villa_ray_handler
PASS: first shell closure frees actual ThreatCue
PASS: first shell closure frees actual LowMountOpening_villa_ray_handler
PASS: first shell closure frees actual LondonApproaches_villa_tender
PASS: first shell closure frees actual LowMountOpening_villa_tender
PASS: first shell closure frees actual LondonApproaches_villa_smoke_handler
PASS: first shell closure frees actual ThreatCue
PASS: first shell closure frees actual LowMountOpening_villa_smoke_handler
PASS: first shell closure frees actual LondonApproaches_putney_scout
PASS: first shell closure frees actual LondonApproaches_putney_handler
PASS: first shell closure frees actual ThreatCue
PASS: first shell closure frees actual LowMountOpening_putney_handler
PASS: first shell closure frees actual RayCue_0
PASS: first shell closure frees actual HousingCue_0
PASS: first shell closure frees actual RayCue_1
PASS: first shell closure frees actual HousingCue_1
PASS: first shell closure frees actual RayCue_2
PASS: first shell closure frees actual HousingCue_2
PASS: first shell closure frees actual PutneyRoadContact
PASS: first shell closure frees actual ThreatCue
PASS: first shell closure frees actual RequiredContactGrace
PASS: first shell closure frees actual ThreatCue
PASS: first shell closure frees actual RequiredContactGrace
PASS: production registry configures only isolated PID user paths
PASS: real production Title has no duplicate live world for living saved movement: 
PASS: actual GUI hit center belongs to current menu and portrait viewport
PASS: actual GUI hit center is inside its native clipping ancestor
PASS: real GUI press/release publishes the exact expected button count (disabled card stays inert)
PASS: actual production A2-L4 installation waits paused at Resume: 
PASS: exact production LondonApproaches scene owns the shared actor/effects, nine real targets, two banks and four HP-free tools
PASS: actual retained target has canonical actor binding: garden_handler
PASS: actual retained target has canonical actor binding: flood_scout
PASS: actual retained target has canonical actor binding: flood_tender
PASS: actual retained target has canonical actor binding: villa_scout
PASS: actual retained target has canonical actor binding: villa_ray_handler
PASS: actual retained target has canonical actor binding: villa_tender
PASS: actual retained target has canonical actor binding: villa_smoke_handler
PASS: actual retained target has canonical actor binding: putney_scout
PASS: actual retained target has canonical actor binding: putney_handler
PASS: actual installed full Hero and currently required sources fit the fixed camera/native HUD (initial idle entry has no admitted source): 
PASS: actual authored spawn and shared Scheduler/Ray driver remain intact
PASS: fresh actual GUI Continue restores exact living saved movement without gameplay callbacks: []
PASS: fresh Continue preserves actual resources and does not republish the past dash
PASS: actual GUI hit center belongs to current menu and portrait viewport
PASS: actual GUI hit center is inside its native clipping ancestor
PASS: real GUI press/release publishes the exact expected button count (disabled card stays inert)
PASS: actual production A2-L4 installation waits paused at Resume: 
PASS: exact production LondonApproaches scene owns the shared actor/effects, nine real targets, two banks and four HP-free tools
PASS: actual retained target has canonical actor binding: garden_handler
PASS: actual retained target has canonical actor binding: flood_scout
PASS: actual retained target has canonical actor binding: flood_tender
PASS: actual retained target has canonical actor binding: villa_scout
PASS: actual retained target has canonical actor binding: villa_ray_handler
PASS: actual retained target has canonical actor binding: villa_tender
PASS: actual retained target has canonical actor binding: villa_smoke_handler
PASS: actual retained target has canonical actor binding: putney_scout
PASS: actual retained target has canonical actor binding: putney_handler
PASS: actual installed full Hero and currently required sources fit the fixed camera/native HUD (initial idle entry has no admitted source): 
PASS: actual authored spawn and shared Scheduler/Ray driver remain intact
PASS: actual GUI Retry restores exact initial living checkpoint without gameplay callbacks: []
PASS: living GUI Retry frees actual @Node3D@3021
PASS: living GUI Retry frees actual RedWeedAndLondonApproaches
PASS: living GUI Retry frees actual CinderPlayer
PASS: living GUI Retry frees actual @Node3D@3157
PASS: living GUI Retry frees actual garden
PASS: living GUI Retry frees actual flood
PASS: living GUI Retry frees actual villa1
PASS: living GUI Retry frees actual villa2
PASS: living GUI Retry frees actual putney
PASS: living GUI Retry frees actual GardenStemBlocker
PASS: living GUI Retry frees actual VillaLowWall
PASS: living GUI Retry frees actual GardenArrivalEnd
PASS: living GUI Retry frees actual PutneyDepartureEnd
PASS: living GUI Retry frees actual WestDryBoundary
PASS: living GUI Retry frees actual EastDryBoundary
PASS: living GUI Retry frees actual LondonApproachesThreatScheduler
PASS: living GUI Retry frees actual LondonApproaches_garden_handler
PASS: living GUI Retry frees actual ThreatCue
PASS: living GUI Retry frees actual LowMountOpening_garden_handler
PASS: living GUI Retry frees actual LondonApproaches_flood_scout
PASS: living GUI Retry frees actual LondonApproaches_flood_tender
PASS: living GUI Retry frees actual LowMountOpening_flood_tender
PASS: living GUI Retry frees actual LondonApproaches_villa_scout
PASS: living GUI Retry frees actual LondonApproaches_villa_ray_handler
PASS: living GUI Retry frees actual ThreatCue
PASS: living GUI Retry frees actual LowMountOpening_villa_ray_handler
PASS: living GUI Retry frees actual LondonApproaches_villa_tender
PASS: living GUI Retry frees actual LowMountOpening_villa_tender
PASS: living GUI Retry frees actual LondonApproaches_villa_smoke_handler
PASS: living GUI Retry frees actual ThreatCue
PASS: living GUI Retry frees actual LowMountOpening_villa_smoke_handler
PASS: living GUI Retry frees actual LondonApproaches_putney_scout
PASS: living GUI Retry frees actual LondonApproaches_putney_handler
PASS: living GUI Retry frees actual ThreatCue
PASS: living GUI Retry frees actual LowMountOpening_putney_handler
PASS: living GUI Retry frees actual RayCue_0
PASS: living GUI Retry frees actual HousingCue_0
PASS: living GUI Retry frees actual RayCue_1
PASS: living GUI Retry frees actual HousingCue_1
PASS: living GUI Retry frees actual RayCue_2
PASS: living GUI Retry frees actual HousingCue_2
PASS: living GUI Retry frees actual PutneyRoadContact
PASS: living GUI Retry frees actual ThreatCue
PASS: living GUI Retry frees actual RequiredContactGrace
PASS: living GUI Retry frees actual ThreatCue
PASS: living GUI Retry frees actual RequiredContactGrace
PASS: Retry uses exact checkpoint resources/history without healing or invented progress
PASS: living retry closure frees actual @Node3D@3321
PASS: living retry closure frees actual RedWeedAndLondonApproaches
PASS: living retry closure frees actual CinderPlayer
PASS: living retry closure frees actual @Node3D@3457
PASS: living retry closure frees actual garden
PASS: living retry closure frees actual flood
PASS: living retry closure frees actual villa1
PASS: living retry closure frees actual villa2
PASS: living retry closure frees actual putney
PASS: living retry closure frees actual GardenStemBlocker
PASS: living retry closure frees actual VillaLowWall
PASS: living retry closure frees actual GardenArrivalEnd
PASS: living retry closure frees actual PutneyDepartureEnd
PASS: living retry closure frees actual WestDryBoundary
PASS: living retry closure frees actual EastDryBoundary
PASS: living retry closure frees actual LondonApproachesThreatScheduler
PASS: living retry closure frees actual LondonApproaches_garden_handler
PASS: living retry closure frees actual ThreatCue
PASS: living retry closure frees actual LowMountOpening_garden_handler
PASS: living retry closure frees actual LondonApproaches_flood_scout
PASS: living retry closure frees actual LondonApproaches_flood_tender
PASS: living retry closure frees actual LowMountOpening_flood_tender
PASS: living retry closure frees actual LondonApproaches_villa_scout
PASS: living retry closure frees actual LondonApproaches_villa_ray_handler
PASS: living retry closure frees actual ThreatCue
PASS: living retry closure frees actual LowMountOpening_villa_ray_handler
PASS: living retry closure frees actual LondonApproaches_villa_tender
PASS: living retry closure frees actual LowMountOpening_villa_tender
PASS: living retry closure frees actual LondonApproaches_villa_smoke_handler
PASS: living retry closure frees actual ThreatCue
PASS: living retry closure frees actual LowMountOpening_villa_smoke_handler
PASS: living retry closure frees actual LondonApproaches_putney_scout
PASS: living retry closure frees actual LondonApproaches_putney_handler
PASS: living retry closure frees actual ThreatCue
PASS: living retry closure frees actual LowMountOpening_putney_handler
PASS: living retry closure frees actual RayCue_0
PASS: living retry closure frees actual HousingCue_0
PASS: living retry closure frees actual RayCue_1
PASS: living retry closure frees actual HousingCue_1
PASS: living retry closure frees actual RayCue_2
PASS: living retry closure frees actual HousingCue_2
PASS: living retry closure frees actual PutneyRoadContact
PASS: living retry closure frees actual ThreatCue
PASS: living retry closure frees actual RequiredContactGrace
PASS: living retry closure frees actual ThreatCue
PASS: living retry closure frees actual RequiredContactGrace
PASS: disposed production worlds retain no required cue or actor group member
PASS: registration fixture leaves production registry bytes unchanged
Production Act2 L4 registration: 243 checks, 0 failures; expected_commit=1a5e9ea197233fe2f5db808dfcce2e8288f79845; TEST ONLY eight-predecessor/initial-resource seeds; actual production GUI/format2/routed dash/quiet Continue/Retry; no route-clear or native-human claim
