Godot Engine v4.7.2.stable.official.ed1daf0bf - https://godotengine.org

PASS: pre-entry canonical Heavy ordinary-primary fixture equipment
PASS: parent begins one real Standard encounter held across both test cycles
PASS: bait binds the actual ready native Player without seeding an unfinished landing
PASS: one persistent actual Sentry binds shared context and actual parent-owned cue
PASS: ray configures once with persistent source/cue and actual floor bindings
PASS: fixture parent alone binds its explicit isolated ray-recovery gate
PASS: initial bait seeds only actual stable supported native floor
PASS: parent source pose follows actual ray phase and returned normalized clock
PASS: parent keeps joint unavailable outside actual recovery
PASS: real request_tracking admits unarmed warning
PASS: initial physical-floor sample defines the actual source/capsule/endcaps and required cue
PASS: parent does not expose a warning opening
PASS: actual public diagonal dash is accepted during unarmed warning
PASS: parent source pose follows actual ray phase and returned normalized clock
PASS: parent keeps joint unavailable outside actual recovery
PASS: parent source pose follows actual ray phase and returned normalized clock
PASS: parent keeps joint unavailable outside actual recovery
PASS: parent source pose follows actual ray phase and returned normalized clock
PASS: parent keeps joint unavailable outside actual recovery
PASS: parent source pose follows actual ray phase and returned normalized clock
PASS: parent keeps joint unavailable outside actual recovery
PASS: parent source pose follows actual ray phase and returned normalized clock
PASS: parent keeps joint unavailable outside actual recovery
PASS: parent source pose follows actual ray phase and returned normalized clock
PASS: parent keeps joint unavailable outside actual recovery
PASS: parent source pose follows actual ray phase and returned normalized clock
PASS: parent keeps joint unavailable outside actual recovery
PASS: parent source pose follows actual ray phase and returned normalized clock
PASS: parent keeps joint unavailable outside actual recovery
PASS: parent source pose follows actual ray phase and returned normalized clock
PASS: parent keeps joint unavailable outside actual recovery
PASS: parent source pose follows actual ray phase and returned normalized clock
PASS: parent keeps joint unavailable outside actual recovery
PASS: parent source pose follows actual ray phase and returned normalized clock
PASS: parent keeps joint unavailable outside actual recovery
PASS: later native dash completes and publishes an actual receipt
PASS: bound observer consumes exact completed world-space landing
PASS: later completed dash changes cache but cannot resample the admitted ray
PASS: parent source pose follows actual ray phase and returned normalized clock
PASS: parent keeps joint unavailable outside actual recovery
PASS: parent source pose follows actual ray phase and returned normalized clock
PASS: parent keeps joint unavailable outside actual recovery
PASS: parent source pose follows actual ray phase and returned normalized clock
PASS: parent keeps joint unavailable outside actual recovery
PASS: parent source pose follows actual ray phase and returned normalized clock
PASS: parent keeps joint unavailable outside actual recovery
PASS: parent source pose follows actual ray phase and returned normalized clock
PASS: parent keeps joint unavailable outside actual recovery
PASS: parent source pose follows actual ray phase and returned normalized clock
PASS: parent keeps joint unavailable outside actual recovery
PASS: parent source pose follows actual ray phase and returned normalized clock
PASS: parent keeps joint unavailable outside actual recovery
PASS: parent source pose follows actual ray phase and returned normalized clock
PASS: parent keeps joint unavailable outside actual recovery
PASS: parent source pose follows actual ray phase and returned normalized clock
PASS: parent keeps joint unavailable outside actual recovery
PASS: parent source pose follows actual ray phase and returned normalized clock
PASS: parent keeps joint unavailable outside actual recovery
PASS: parent source pose follows actual ray phase and returned normalized clock
PASS: parent keeps joint unavailable outside actual recovery
PASS: parent source pose follows actual ray phase and returned normalized clock
PASS: parent keeps joint unavailable outside actual recovery
PASS: parent source pose follows actual ray phase and returned normalized clock
PASS: parent keeps joint unavailable outside actual recovery
PASS: parent source pose follows actual ray phase and returned normalized clock
PASS: parent keeps joint unavailable outside actual recovery
PASS: parent source pose follows actual ray phase and returned normalized clock
PASS: parent keeps joint unavailable outside actual recovery
PASS: parent source pose follows actual ray phase and returned normalized clock
PASS: parent keeps joint unavailable outside actual recovery
PASS: fresh actual response commits a proved lock after movement settles
PASS: actual commit preserves immutable bait and FULL returned 1.10 lock
PASS: neither early ray damage nor HP/resource/brace progression is fabricated
PASS: parent source pose follows actual ray phase and returned normalized clock
PASS: parent keeps joint unavailable outside actual recovery
PASS: parent source pose follows actual ray phase and returned normalized clock
PASS: parent keeps joint unavailable outside actual recovery
PASS: parent source pose follows actual ray phase and returned normalized clock
PASS: parent keeps joint unavailable outside actual recovery
PASS: parent source pose follows actual ray phase and returned normalized clock
PASS: parent keeps joint unavailable outside actual recovery
PASS: parent source pose follows actual ray phase and returned normalized clock
PASS: parent keeps joint unavailable outside actual recovery
PASS: parent source pose follows actual ray phase and returned normalized clock
PASS: parent keeps joint unavailable outside actual recovery
PASS: parent source pose follows actual ray phase and returned normalized clock
PASS: parent keeps joint unavailable outside actual recovery
PASS: parent source pose follows actual ray phase and returned normalized clock
PASS: parent keeps joint unavailable outside actual recovery
PASS: parent source pose follows actual ray phase and returned normalized clock
PASS: parent keeps joint unavailable outside actual recovery
PASS: parent source pose follows actual ray phase and returned normalized clock
PASS: parent keeps joint unavailable outside actual recovery
PASS: parent source pose follows actual ray phase and returned normalized clock
PASS: parent keeps joint unavailable outside actual recovery
PASS: parent source pose follows actual ray phase and returned normalized clock
PASS: parent keeps joint unavailable outside actual recovery
PASS: parent source pose follows actual ray phase and returned normalized clock
PASS: parent keeps joint unavailable outside actual recovery
PASS: parent source pose follows actual ray phase and returned normalized clock
PASS: parent keeps joint unavailable outside actual recovery
PASS: parent source pose follows actual ray phase and returned normalized clock
PASS: parent keeps joint unavailable outside actual recovery
PASS: parent source pose follows actual ray phase and returned normalized clock
PASS: parent keeps joint unavailable outside actual recovery
PASS: parent source pose follows actual ray phase and returned normalized clock
PASS: parent keeps joint unavailable outside actual recovery
PASS: parent source pose follows actual ray phase and returned normalized clock
PASS: parent keeps joint unavailable outside actual recovery
PASS: parent source pose follows actual ray phase and returned normalized clock
PASS: parent keeps joint unavailable outside actual recovery
PASS: parent source pose follows actual ray phase and returned normalized clock
PASS: parent keeps joint unavailable outside actual recovery
PASS: parent source pose follows actual ray phase and returned normalized clock
PASS: parent keeps joint unavailable outside actual recovery
PASS: parent source pose follows actual ray phase and returned normalized clock
PASS: parent keeps joint unavailable outside actual recovery
PASS: parent source pose follows actual ray phase and returned normalized clock
PASS: parent keeps joint unavailable outside actual recovery
PASS: parent source pose follows actual ray phase and returned normalized clock
PASS: parent keeps joint unavailable outside actual recovery
PASS: parent source pose follows actual ray phase and returned normalized clock
PASS: parent keeps joint unavailable outside actual recovery
PASS: parent source pose follows actual ray phase and returned normalized clock
PASS: parent keeps joint unavailable outside actual recovery
PASS: parent source pose follows actual ray phase and returned normalized clock
PASS: parent keeps joint unavailable outside actual recovery
PASS: parent source pose follows actual ray phase and returned normalized clock
PASS: parent keeps joint unavailable outside actual recovery
PASS: parent source pose follows actual ray phase and returned normalized clock
PASS: parent keeps joint unavailable outside actual recovery
PASS: parent source pose follows actual ray phase and returned normalized clock
PASS: parent keeps joint unavailable outside actual recovery
PASS: parent source pose follows actual ray phase and returned normalized clock
PASS: parent keeps joint unavailable outside actual recovery
PASS: parent source pose follows actual ray phase and returned normalized clock
PASS: parent keeps joint unavailable outside actual recovery
PASS: parent source pose follows actual ray phase and returned normalized clock
PASS: parent keeps joint unavailable outside actual recovery
PASS: parent source pose follows actual ray phase and returned normalized clock
PASS: parent keeps joint unavailable outside actual recovery
PASS: parent source pose follows actual ray phase and returned normalized clock
PASS: parent keeps joint unavailable outside actual recovery
PASS: parent source pose follows actual ray phase and returned normalized clock
PASS: parent keeps joint unavailable outside actual recovery
PASS: parent source pose follows actual ray phase and returned normalized clock
PASS: parent keeps joint unavailable outside actual recovery
PASS: parent source pose follows actual ray phase and returned normalized clock
PASS: parent keeps joint unavailable outside actual recovery
PASS: parent source pose follows actual ray phase and returned normalized clock
PASS: parent keeps joint unavailable outside actual recovery
PASS: parent source pose follows actual ray phase and returned normalized clock
PASS: parent keeps joint unavailable outside actual recovery
PASS: parent source pose follows actual ray phase and returned normalized clock
PASS: parent keeps joint unavailable outside actual recovery
PASS: parent source pose follows actual ray phase and returned normalized clock
PASS: parent keeps joint unavailable outside actual recovery
PASS: parent source pose follows actual ray phase and returned normalized clock
PASS: parent keeps joint unavailable outside actual recovery
PASS: parent source pose follows actual ray phase and returned normalized clock
PASS: parent keeps joint unavailable outside actual recovery
PASS: parent source pose follows actual ray phase and returned normalized clock
PASS: parent keeps joint unavailable outside actual recovery
PASS: parent source pose follows actual ray phase and returned normalized clock
PASS: parent keeps joint unavailable outside actual recovery
PASS: parent source pose follows actual ray phase and returned normalized clock
PASS: parent keeps joint unavailable outside actual recovery
PASS: parent source pose follows actual ray phase and returned normalized clock
PASS: parent keeps joint unavailable outside actual recovery
PASS: parent source pose follows actual ray phase and returned normalized clock
PASS: parent keeps joint unavailable outside actual recovery
PASS: parent source pose follows actual ray phase and returned normalized clock
PASS: parent keeps joint unavailable outside actual recovery
PASS: parent source pose follows actual ray phase and returned normalized clock
PASS: parent keeps joint unavailable outside actual recovery
PASS: parent source pose follows actual ray phase and returned normalized clock
PASS: parent keeps joint unavailable outside actual recovery
PASS: parent source pose follows actual ray phase and returned normalized clock
PASS: parent keeps joint unavailable outside actual recovery
PASS: parent source pose follows actual ray phase and returned normalized clock
PASS: parent keeps joint unavailable outside actual recovery
PASS: parent source pose follows actual ray phase and returned normalized clock
PASS: parent keeps joint unavailable outside actual recovery
PASS: parent source pose follows actual ray phase and returned normalized clock
PASS: parent keeps joint unavailable outside actual recovery
PASS: parent source pose follows actual ray phase and returned normalized clock
PASS: parent keeps joint unavailable outside actual recovery
PASS: parent source pose follows actual ray phase and returned normalized clock
PASS: parent keeps joint unavailable outside actual recovery
PASS: parent source pose follows actual ray phase and returned normalized clock
PASS: parent keeps joint unavailable outside actual recovery
PASS: parent source pose follows actual ray phase and returned normalized clock
PASS: parent keeps joint unavailable outside actual recovery
PASS: parent source pose follows actual ray phase and returned normalized clock
PASS: parent keeps joint unavailable outside actual recovery
PASS: parent source pose follows actual ray phase and returned normalized clock
PASS: parent keeps joint unavailable outside actual recovery
PASS: parent source pose follows actual ray phase and returned normalized clock
PASS: parent keeps joint unavailable outside actual recovery
PASS: parent source pose follows actual ray phase and returned normalized clock
PASS: parent keeps joint unavailable outside actual recovery
PASS: parent source pose follows actual ray phase and returned normalized clock
PASS: parent keeps joint unavailable outside actual recovery
PASS: parent source pose follows actual ray phase and returned normalized clock
PASS: parent keeps joint unavailable outside actual recovery
PASS: parent source pose follows actual ray phase and returned normalized clock
PASS: parent keeps joint unavailable outside actual recovery
PASS: parent source pose follows actual ray phase and returned normalized clock
PASS: parent keeps joint unavailable outside actual recovery
PASS: parent source pose follows actual ray phase and returned normalized clock
PASS: parent keeps joint unavailable outside actual recovery
PASS: parent source pose follows actual ray phase and returned normalized clock
PASS: parent keeps joint unavailable outside actual recovery
PASS: parent source pose follows actual ray phase and returned normalized clock
PASS: parent keeps joint unavailable outside actual recovery
PASS: parent source pose follows actual ray phase and returned normalized clock
PASS: parent keeps joint unavailable outside actual recovery
PASS: parent source pose follows actual ray phase and returned normalized clock
PASS: parent keeps joint unavailable outside actual recovery
PASS: parent source pose follows actual ray phase and returned normalized clock
PASS: parent keeps joint unavailable outside actual recovery
PASS: parent source pose follows actual ray phase and returned normalized clock
PASS: parent keeps joint unavailable outside actual recovery
PASS: parent source pose follows actual ray phase and returned normalized clock
PASS: parent exposes its isolated actual ray recovery
PASS: parent source pose follows actual ray phase and returned normalized clock
PASS: parent exposes its isolated actual ray recovery
PASS: parent source pose follows actual ray phase and returned normalized clock
PASS: parent exposes its isolated actual ray recovery
PASS: parent source pose follows actual ray phase and returned normalized clock
PASS: parent exposes its isolated actual ray recovery
PASS: parent source pose follows actual ray phase and returned normalized clock
PASS: parent exposes its isolated actual ray recovery
PASS: parent source pose follows actual ray phase and returned normalized clock
PASS: parent exposes its isolated actual ray recovery
PASS: parent source pose follows actual ray phase and returned normalized clock
PASS: parent exposes its isolated actual ray recovery
PASS: parent source pose follows actual ray phase and returned normalized clock
PASS: parent exposes its isolated actual ray recovery
PASS: parent source pose follows actual ray phase and returned normalized clock
PASS: parent exposes its isolated actual ray recovery
PASS: parent source pose follows actual ray phase and returned normalized clock
PASS: parent exposes its isolated actual ray recovery
PASS: parent source pose follows actual ray phase and returned normalized clock
PASS: parent exposes its isolated actual ray recovery
PASS: parent source pose follows actual ray phase and returned normalized clock
PASS: parent exposes its isolated actual ray recovery
PASS: parent source pose follows actual ray phase and returned normalized clock
PASS: parent exposes its isolated actual ray recovery
PASS: parent source pose follows actual ray phase and returned normalized clock
PASS: parent exposes its isolated actual ray recovery
PASS: parent source pose follows actual ray phase and returned normalized clock
PASS: parent exposes its isolated actual ray recovery
PASS: parent source pose follows actual ray phase and returned normalized clock
PASS: parent exposes its isolated actual ray recovery
PASS: parent source pose follows actual ray phase and returned normalized clock
PASS: parent exposes its isolated actual ray recovery
PASS: parent source pose follows actual ray phase and returned normalized clock
PASS: parent exposes its isolated actual ray recovery
PASS: parent source pose follows actual ray phase and returned normalized clock
PASS: parent exposes its isolated actual ray recovery
PASS: parent source pose follows actual ray phase and returned normalized clock
PASS: parent exposes its isolated actual ray recovery
PASS: parent source pose follows actual ray phase and returned normalized clock
PASS: parent exposes its isolated actual ray recovery
PASS: parent source pose follows actual ray phase and returned normalized clock
PASS: parent exposes its isolated actual ray recovery
PASS: parent source pose follows actual ray phase and returned normalized clock
PASS: parent exposes its isolated actual ray recovery
PASS: parent source pose follows actual ray phase and returned normalized clock
PASS: parent exposes its isolated actual ray recovery
PASS: parent source pose follows actual ray phase and returned normalized clock
PASS: parent exposes its isolated actual ray recovery
PASS: parent source pose follows actual ray phase and returned normalized clock
PASS: parent exposes its isolated actual ray recovery
PASS: parent source pose follows actual ray phase and returned normalized clock
PASS: parent exposes its isolated actual ray recovery
PASS: parent source pose follows actual ray phase and returned normalized clock
PASS: parent exposes its isolated actual ray recovery
PASS: parent source pose follows actual ray phase and returned normalized clock
PASS: parent exposes its isolated actual ray recovery
PASS: parent source pose follows actual ray phase and returned normalized clock
PASS: parent exposes its isolated actual ray recovery
PASS: parent source pose follows actual ray phase and returned normalized clock
PASS: parent exposes its isolated actual ray recovery
PASS: parent source pose follows actual ray phase and returned normalized clock
PASS: parent exposes its isolated actual ray recovery
PASS: parent source pose follows actual ray phase and returned normalized clock
PASS: parent exposes its isolated actual ray recovery
PASS: parent source pose follows actual ray phase and returned normalized clock
PASS: parent exposes its isolated actual ray recovery
PASS: parent source pose follows actual ray phase and returned normalized clock
PASS: parent exposes its isolated actual ray recovery
PASS: parent source pose follows actual ray phase and returned normalized clock
PASS: parent exposes its isolated actual ray recovery
PASS: parent source pose follows actual ray phase and returned normalized clock
PASS: parent exposes its isolated actual ray recovery
PASS: parent source pose follows actual ray phase and returned normalized clock
PASS: parent exposes its isolated actual ray recovery
PASS: parent source pose follows actual ray phase and returned normalized clock
PASS: parent exposes its isolated actual ray recovery
PASS: parent source pose follows actual ray phase and returned normalized clock
PASS: parent exposes its isolated actual ray recovery
PASS: parent source pose follows actual ray phase and returned normalized clock
PASS: parent exposes its isolated actual ray recovery
PASS: parent source pose follows actual ray phase and returned normalized clock
PASS: parent exposes its isolated actual ray recovery
PASS: parent source pose follows actual ray phase and returned normalized clock
PASS: parent exposes its isolated actual ray recovery
PASS: parent source pose follows actual ray phase and returned normalized clock
PASS: parent exposes its isolated actual ray recovery
PASS: parent source pose follows actual ray phase and returned normalized clock
PASS: parent exposes its isolated actual ray recovery
PASS: parent source pose follows actual ray phase and returned normalized clock
PASS: parent exposes its isolated actual ray recovery
PASS: parent source pose follows actual ray phase and returned normalized clock
PASS: parent exposes its isolated actual ray recovery
PASS: parent source pose follows actual ray phase and returned normalized clock
PASS: parent exposes its isolated actual ray recovery
PASS: parent source pose follows actual ray phase and returned normalized clock
PASS: parent exposes its isolated actual ray recovery
PASS: parent source pose follows actual ray phase and returned normalized clock
PASS: parent exposes its isolated actual ray recovery
PASS: parent source pose follows actual ray phase and returned normalized clock
PASS: parent exposes its isolated actual ray recovery
PASS: parent source pose follows actual ray phase and returned normalized clock
PASS: parent exposes its isolated actual ray recovery
PASS: parent source pose follows actual ray phase and returned normalized clock
PASS: parent exposes its isolated actual ray recovery
PASS: parent source pose follows actual ray phase and returned normalized clock
PASS: parent exposes its isolated actual ray recovery
PASS: parent source pose follows actual ray phase and returned normalized clock
PASS: parent exposes its isolated actual ray recovery
PASS: parent source pose follows actual ray phase and returned normalized clock
PASS: parent exposes its isolated actual ray recovery
PASS: parent source pose follows actual ray phase and returned normalized clock
PASS: parent exposes its isolated actual ray recovery
PASS: parent source pose follows actual ray phase and returned normalized clock
PASS: parent exposes its isolated actual ray recovery
PASS: parent source pose follows actual ray phase and returned normalized clock
PASS: parent exposes its isolated actual ray recovery
PASS: parent source pose follows actual ray phase and returned normalized clock
PASS: parent exposes its isolated actual ray recovery
PASS: parent source pose follows actual ray phase and returned normalized clock
PASS: parent exposes its isolated actual ray recovery
PASS: parent source pose follows actual ray phase and returned normalized clock
PASS: parent exposes its isolated actual ray recovery
PASS: parent source pose follows actual ray phase and returned normalized clock
PASS: parent exposes its isolated actual ray recovery
PASS: parent source pose follows actual ray phase and returned normalized clock
PASS: parent exposes its isolated actual ray recovery
PASS: parent source pose follows actual ray phase and returned normalized clock
PASS: parent exposes its isolated actual ray recovery
PASS: parent source pose follows actual ray phase and returned normalized clock
PASS: parent exposes its isolated actual ray recovery
PASS: parent source pose follows actual ray phase and returned normalized clock
PASS: parent exposes its isolated actual ray recovery
PASS: parent source pose follows actual ray phase and returned normalized clock
PASS: parent exposes its isolated actual ray recovery
PASS: parent source pose follows actual ray phase and returned normalized clock
PASS: parent exposes its isolated actual ray recovery
PASS: parent source pose follows actual ray phase and returned normalized clock
PASS: parent exposes its isolated actual ray recovery
PASS: parent source pose follows actual ray phase and returned normalized clock
PASS: parent exposes its isolated actual ray recovery
PASS: parent source pose follows actual ray phase and returned normalized clock
PASS: parent exposes its isolated actual ray recovery
PASS: parent source pose follows actual ray phase and returned normalized clock
PASS: parent exposes its isolated actual ray recovery
PASS: parent source pose follows actual ray phase and returned normalized clock
PASS: parent exposes its isolated actual ray recovery
PASS: parent source pose follows actual ray phase and returned normalized clock
PASS: parent exposes its isolated actual ray recovery
PASS: parent source pose follows actual ray phase and returned normalized clock
PASS: parent exposes its isolated actual ray recovery
PASS: parent source pose follows actual ray phase and returned normalized clock
PASS: parent exposes its isolated actual ray recovery
PASS: parent source pose follows actual ray phase and returned normalized clock
PASS: parent exposes its isolated actual ray recovery
PASS: parent source pose follows actual ray phase and returned normalized clock
PASS: parent exposes its isolated actual ray recovery
PASS: parent source pose follows actual ray phase and returned normalized clock
PASS: parent exposes its isolated actual ray recovery
PASS: parent source pose follows actual ray phase and returned normalized clock
PASS: parent exposes its isolated actual ray recovery
PASS: parent source pose follows actual ray phase and returned normalized clock
PASS: parent exposes its isolated actual ray recovery
PASS: parent source pose follows actual ray phase and returned normalized clock
PASS: parent exposes its isolated actual ray recovery
PASS: parent source pose follows actual ray phase and returned normalized clock
PASS: parent exposes its isolated actual ray recovery
PASS: parent source pose follows actual ray phase and returned normalized clock
PASS: parent exposes its isolated actual ray recovery
PASS: parent source pose follows actual ray phase and returned normalized clock
PASS: parent exposes its isolated actual ray recovery
PASS: parent source pose follows actual ray phase and returned normalized clock
PASS: parent exposes its isolated actual ray recovery
PASS: parent source pose follows actual ray phase and returned normalized clock
PASS: parent exposes its isolated actual ray recovery
PASS: parent source pose follows actual ray phase and returned normalized clock
PASS: parent exposes its isolated actual ray recovery
PASS: parent source pose follows actual ray phase and returned normalized clock
PASS: parent exposes its isolated actual ray recovery
PASS: parent source pose follows actual ray phase and returned normalized clock
PASS: parent exposes its isolated actual ray recovery
PASS: parent source pose follows actual ray phase and returned normalized clock
PASS: parent exposes its isolated actual ray recovery
PASS: parent source pose follows actual ray phase and returned normalized clock
PASS: parent exposes its isolated actual ray recovery
PASS: parent source pose follows actual ray phase and returned normalized clock
PASS: parent exposes its isolated actual ray recovery
PASS: parent source pose follows actual ray phase and returned normalized clock
PASS: parent exposes its isolated actual ray recovery
PASS: parent source pose follows actual ray phase and returned normalized clock
PASS: parent exposes its isolated actual ray recovery
PASS: parent source pose follows actual ray phase and returned normalized clock
PASS: parent keeps joint unavailable outside actual recovery
PASS: original active/recovery self-completes through native ticks
PASS: actual completed diagonal landing stays outside first immutable ray
PASS: parent source pose follows actual ray phase and returned normalized clock
PASS: parent keeps joint unavailable outside actual recovery
PASS: same persistent owner admits next cycle only after original lease/cooldown release
PASS: next real cycle samples latest completed receipt while earlier sampled copy stays immutable
PASS: both cycles retain exact persistent native source and single threat cue
PASS: parent source pose follows actual ray phase and returned normalized clock
PASS: parent keeps joint unavailable outside actual recovery
PASS: public cancellation releases second unarmed danger with original cooldown
PASS: real primary while parent opening is closed publishes no accepted joint damage
PASS: cancelled second cycle preserves sampled dash beside later primary cursor in exact component transport
PASS: driver cleanup permanently disarms and refuses new snapshot/admission
PASS: whole isolated native world/source/cues/driver bodies are freed
PASS: whole isolated native world/source/cues/driver bodies are freed
PASS: whole isolated native world/source/cues/driver bodies are freed
PASS: whole isolated native world/source/cues/driver bodies are freed
PASS: whole isolated native world/source/cues/driver bodies are freed
PASS: whole isolated native world/source/cues/driver bodies are freed
PASS: whole isolated native world/source/cues/driver bodies are freed
PASS: pre-entry canonical Heavy ordinary-primary fixture equipment
PASS: parent begins one real Standard encounter held across both test cycles
PASS: bait binds the actual ready native Player without seeding an unfinished landing
PASS: one persistent actual Sentry binds shared context and actual parent-owned cue
PASS: ray configures once with persistent source/cue and actual floor bindings
PASS: fixture parent alone binds its explicit isolated ray-recovery gate
PASS: pending donor first earns supported native floor seed
PASS: parent source pose follows actual ray phase and returned normalized clock
PASS: parent keeps joint unavailable outside actual recovery
PASS: parent source pose follows actual ray phase and returned normalized clock
PASS: parent keeps joint unavailable outside actual recovery
PASS: parent source pose follows actual ray phase and returned normalized clock
PASS: parent keeps joint unavailable outside actual recovery
PASS: parent source pose follows actual ray phase and returned normalized clock
PASS: parent keeps joint unavailable outside actual recovery
PASS: parent source pose follows actual ray phase and returned normalized clock
PASS: parent keeps joint unavailable outside actual recovery
PASS: parent source pose follows actual ray phase and returned normalized clock
PASS: parent keeps joint unavailable outside actual recovery
PASS: parent source pose follows actual ray phase and returned normalized clock
PASS: parent keeps joint unavailable outside actual recovery
PASS: parent source pose follows actual ray phase and returned normalized clock
PASS: parent keeps joint unavailable outside actual recovery
PASS: parent source pose follows actual ray phase and returned normalized clock
PASS: parent keeps joint unavailable outside actual recovery
PASS: parent source pose follows actual ray phase and returned normalized clock
PASS: parent keeps joint unavailable outside actual recovery
PASS: parent source pose follows actual ray phase and returned normalized clock
PASS: parent keeps joint unavailable outside actual recovery
PASS: parent source pose follows actual ray phase and returned normalized clock
PASS: parent keeps joint unavailable outside actual recovery
PASS: parent source pose follows actual ray phase and returned normalized clock
PASS: parent keeps joint unavailable outside actual recovery
PASS: parent source pose follows actual ray phase and returned normalized clock
PASS: parent keeps joint unavailable outside actual recovery
PASS: parent source pose follows actual ray phase and returned normalized clock
PASS: parent keeps joint unavailable outside actual recovery
PASS: parent source pose follows actual ray phase and returned normalized clock
PASS: parent keeps joint unavailable outside actual recovery
PASS: parent source pose follows actual ray phase and returned normalized clock
PASS: parent keeps joint unavailable outside actual recovery
PASS: parent source pose follows actual ray phase and returned normalized clock
PASS: parent keeps joint unavailable outside actual recovery
PASS: parent source pose follows actual ray phase and returned normalized clock
PASS: parent keeps joint unavailable outside actual recovery
PASS: parent source pose follows actual ray phase and returned normalized clock
PASS: parent keeps joint unavailable outside actual recovery
PASS: parent source pose follows actual ray phase and returned normalized clock
PASS: parent keeps joint unavailable outside actual recovery
PASS: parent source pose follows actual ray phase and returned normalized clock
PASS: parent keeps joint unavailable outside actual recovery
PASS: parent source pose follows actual ray phase and returned normalized clock
PASS: parent keeps joint unavailable outside actual recovery
PASS: parent source pose follows actual ray phase and returned normalized clock
PASS: parent keeps joint unavailable outside actual recovery
PASS: parent source pose follows actual ray phase and returned normalized clock
PASS: parent keeps joint unavailable outside actual recovery
PASS: parent source pose follows actual ray phase and returned normalized clock
PASS: parent keeps joint unavailable outside actual recovery
PASS: parent source pose follows actual ray phase and returned normalized clock
PASS: parent keeps joint unavailable outside actual recovery
PASS: parent source pose follows actual ray phase and returned normalized clock
PASS: parent keeps joint unavailable outside actual recovery
PASS: parent source pose follows actual ray phase and returned normalized clock
PASS: parent keeps joint unavailable outside actual recovery
PASS: parent source pose follows actual ray phase and returned normalized clock
PASS: parent keeps joint unavailable outside actual recovery
PASS: parent source pose follows actual ray phase and returned normalized clock
PASS: parent keeps joint unavailable outside actual recovery
PASS: parent source pose follows actual ray phase and returned normalized clock
PASS: parent keeps joint unavailable outside actual recovery
PASS: parent source pose follows actual ray phase and returned normalized clock
PASS: parent keeps joint unavailable outside actual recovery
PASS: parent source pose follows actual ray phase and returned normalized clock
PASS: parent keeps joint unavailable outside actual recovery
PASS: parent source pose follows actual ray phase and returned normalized clock
PASS: parent keeps joint unavailable outside actual recovery
PASS: parent source pose follows actual ray phase and returned normalized clock
PASS: parent keeps joint unavailable outside actual recovery
PASS: parent source pose follows actual ray phase and returned normalized clock
PASS: parent keeps joint unavailable outside actual recovery
PASS: parent source pose follows actual ray phase and returned normalized clock
PASS: parent keeps joint unavailable outside actual recovery
PASS: parent source pose follows actual ray phase and returned normalized clock
PASS: parent keeps joint unavailable outside actual recovery
PASS: parent source pose follows actual ray phase and returned normalized clock
PASS: parent keeps joint unavailable outside actual recovery
PASS: parent source pose follows actual ray phase and returned normalized clock
PASS: parent keeps joint unavailable outside actual recovery
PASS: parent source pose follows actual ray phase and returned normalized clock
PASS: parent keeps joint unavailable outside actual recovery
PASS: parent source pose follows actual ray phase and returned normalized clock
PASS: parent keeps joint unavailable outside actual recovery
PASS: parent source pose follows actual ray phase and returned normalized clock
PASS: parent keeps joint unavailable outside actual recovery
PASS: parent source pose follows actual ray phase and returned normalized clock
PASS: parent keeps joint unavailable outside actual recovery
PASS: parent source pose follows actual ray phase and returned normalized clock
PASS: parent keeps joint unavailable outside actual recovery
PASS: parent source pose follows actual ray phase and returned normalized clock
PASS: parent keeps joint unavailable outside actual recovery
PASS: parent source pose follows actual ray phase and returned normalized clock
PASS: parent keeps joint unavailable outside actual recovery
PASS: parent source pose follows actual ray phase and returned normalized clock
PASS: parent keeps joint unavailable outside actual recovery
PASS: parent source pose follows actual ray phase and returned normalized clock
PASS: parent keeps joint unavailable outside actual recovery
PASS: parent source pose follows actual ray phase and returned normalized clock
PASS: parent keeps joint unavailable outside actual recovery
PASS: parent source pose follows actual ray phase and returned normalized clock
PASS: parent keeps joint unavailable outside actual recovery
PASS: parent source pose follows actual ray phase and returned normalized clock
PASS: parent keeps joint unavailable outside actual recovery
PASS: parent source pose follows actual ray phase and returned normalized clock
PASS: parent keeps joint unavailable outside actual recovery
PASS: parent source pose follows actual ray phase and returned normalized clock
PASS: parent keeps joint unavailable outside actual recovery
PASS: parent source pose follows actual ray phase and returned normalized clock
PASS: parent keeps joint unavailable outside actual recovery
PASS: parent source pose follows actual ray phase and returned normalized clock
PASS: parent keeps joint unavailable outside actual recovery
PASS: parent source pose follows actual ray phase and returned normalized clock
PASS: parent keeps joint unavailable outside actual recovery
PASS: parent source pose follows actual ray phase and returned normalized clock
PASS: parent keeps joint unavailable outside actual recovery
PASS: parent source pose follows actual ray phase and returned normalized clock
PASS: parent keeps joint unavailable outside actual recovery
PASS: parent source pose follows actual ray phase and returned normalized clock
PASS: parent keeps joint unavailable outside actual recovery
PASS: parent source pose follows actual ray phase and returned normalized clock
PASS: parent keeps joint unavailable outside actual recovery
PASS: parent source pose follows actual ray phase and returned normalized clock
PASS: parent keeps joint unavailable outside actual recovery
PASS: parent source pose follows actual ray phase and returned normalized clock
PASS: parent keeps joint unavailable outside actual recovery
PASS: parent source pose follows actual ray phase and returned normalized clock
PASS: parent keeps joint unavailable outside actual recovery
PASS: parent source pose follows actual ray phase and returned normalized clock
PASS: parent keeps joint unavailable outside actual recovery
PASS: parent source pose follows actual ray phase and returned normalized clock
PASS: parent keeps joint unavailable outside actual recovery
PASS: parent source pose follows actual ray phase and returned normalized clock
PASS: parent keeps joint unavailable outside actual recovery
PASS: parent source pose follows actual ray phase and returned normalized clock
PASS: parent keeps joint unavailable outside actual recovery
PASS: parent source pose follows actual ray phase and returned normalized clock
PASS: parent keeps joint unavailable outside actual recovery
PASS: parent source pose follows actual ray phase and returned normalized clock
PASS: parent keeps joint unavailable outside actual recovery
PASS: parent source pose follows actual ray phase and returned normalized clock
PASS: parent keeps joint unavailable outside actual recovery
PASS: parent source pose follows actual ray phase and returned normalized clock
PASS: parent keeps joint unavailable outside actual recovery
PASS: parent source pose follows actual ray phase and returned normalized clock
PASS: parent keeps joint unavailable outside actual recovery
PASS: parent source pose follows actual ray phase and returned normalized clock
PASS: parent keeps joint unavailable outside actual recovery
PASS: parent source pose follows actual ray phase and returned normalized clock
PASS: parent keeps joint unavailable outside actual recovery
PASS: parent source pose follows actual ray phase and returned normalized clock
PASS: parent keeps joint unavailable outside actual recovery
PASS: parent source pose follows actual ray phase and returned normalized clock
PASS: parent keeps joint unavailable outside actual recovery
PASS: parent source pose follows actual ray phase and returned normalized clock
PASS: parent keeps joint unavailable outside actual recovery
PASS: parent source pose follows actual ray phase and returned normalized clock
PASS: parent keeps joint unavailable outside actual recovery
PASS: parent source pose follows actual ray phase and returned normalized clock
PASS: parent keeps joint unavailable outside actual recovery
PASS: parent source pose follows actual ray phase and returned normalized clock
PASS: parent keeps joint unavailable outside actual recovery
PASS: parent source pose follows actual ray phase and returned normalized clock
PASS: parent keeps joint unavailable outside actual recovery
PASS: parent source pose follows actual ray phase and returned normalized clock
PASS: parent keeps joint unavailable outside actual recovery
PASS: parent source pose follows actual ray phase and returned normalized clock
PASS: parent keeps joint unavailable outside actual recovery
PASS: parent source pose follows actual ray phase and returned normalized clock
PASS: parent keeps joint unavailable outside actual recovery
PASS: parent source pose follows actual ray phase and returned normalized clock
PASS: parent keeps joint unavailable outside actual recovery
PASS: parent source pose follows actual ray phase and returned normalized clock
PASS: parent keeps joint unavailable outside actual recovery
PASS: parent source pose follows actual ray phase and returned normalized clock
PASS: parent keeps joint unavailable outside actual recovery
PASS: parent source pose follows actual ray phase and returned normalized clock
PASS: parent keeps joint unavailable outside actual recovery
PASS: parent source pose follows actual ray phase and returned normalized clock
PASS: parent keeps joint unavailable outside actual recovery
PASS: parent source pose follows actual ray phase and returned normalized clock
PASS: parent keeps joint unavailable outside actual recovery
PASS: parent source pose follows actual ray phase and returned normalized clock
PASS: parent keeps joint unavailable outside actual recovery
PASS: parent source pose follows actual ray phase and returned normalized clock
PASS: parent keeps joint unavailable outside actual recovery
PASS: parent source pose follows actual ray phase and returned normalized clock
PASS: parent keeps joint unavailable outside actual recovery
PASS: actual first-active publication synchronously pauses after parent pose/cue synchronization
PASS: genuine paused ray retains exact measured active path outside callback capture
PASS: retained actual stationary capsule path intersects ray but no opportunity resolves while paused
PASS: pause freezes complete native clock/sample/receipt/pose tuple
PASS: complete pending component packet round-trips full-precision ExactJson
PASS: driver cleanup permanently disarms and refuses new snapshot/admission
PASS: whole isolated native world/source/cues/driver bodies are freed
PASS: whole isolated native world/source/cues/driver bodies are freed
PASS: whole isolated native world/source/cues/driver bodies are freed
PASS: whole isolated native world/source/cues/driver bodies are freed
PASS: whole isolated native world/source/cues/driver bodies are freed
PASS: whole isolated native world/source/cues/driver bodies are freed
PASS: whole isolated native world/source/cues/driver bodies are freed
PASS: pre-entry canonical Heavy ordinary-primary fixture equipment
PASS: parent begins one real Standard encounter held across both test cycles
PASS: bait binds the actual ready native Player without seeding an unfinished landing
PASS: one persistent actual Sentry binds shared context and actual parent-owned cue
PASS: ray configures once with persistent source/cue and actual floor bindings
PASS: fixture parent alone binds its explicit isolated ray-recovery gate
PASS: fresh recipient purely validates whole staged Player/bait/actor/cue/Scheduler/ray without comparing fresh phase
PASS: isolated wrong-order probe stages actual saved Scheduler before ray commit
PASS: actual ray commit refuses fresh-before-Player atomically with same paired native Scheduler
PASS: public Player restores exact native pending barrier first
PASS: actual ray commit refuses before bound bait restoration without mutation
PASS: public bait restore checks actual restored full native Player
PASS: fixture whole-parent actor check refuses before actual full pose/cue restore; flat source alone is insufficient
PASS: quiet complete commit follows actual Player/bait/whole actor+cue -> Scheduler -> persistent ray order
PASS: fresh quiet receiver retains every complete nested field, measured path and copied cooldown without events
PASS: mismatched copied ray/Scheduler clock complete pure preflight refuses
PASS: mismatched copied ray/Scheduler clock rejects before any native mutation or publication
PASS: invented future completed bait complete pure preflight refuses
PASS: invented future completed bait rejects before any native mutation or publication
PASS: deferred path later than actual paused sample complete pure preflight refuses
PASS: deferred path later than actual paused sample rejects before any native mutation or publication
PASS: staged complete actor pose disagrees with ray complete pure preflight refuses
PASS: staged complete actor pose disagrees with ray rejects before any native mutation or publication
PASS: parent source pose follows actual ray phase and returned normalized clock
PASS: parent keeps joint unavailable outside actual recovery
PASS: parent source pose follows actual ray phase and returned normalized clock
PASS: parent keeps joint unavailable outside actual recovery
PASS: parent source pose follows actual ray phase and returned normalized clock
PASS: parent keeps joint unavailable outside actual recovery
PASS: parent source pose follows actual ray phase and returned normalized clock
PASS: parent keeps joint unavailable outside actual recovery
PASS: parent source pose follows actual ray phase and returned normalized clock
PASS: parent keeps joint unavailable outside actual recovery
PASS: parent source pose follows actual ray phase and returned normalized clock
PASS: parent keeps joint unavailable outside actual recovery
PASS: parent source pose follows actual ray phase and returned normalized clock
PASS: parent keeps joint unavailable outside actual recovery
PASS: parent source pose follows actual ray phase and returned normalized clock
PASS: parent keeps joint unavailable outside actual recovery
PASS: resume resolves real retained active path exactly once through actual shared hurt
PASS: parent source pose follows actual ray phase and returned normalized clock
PASS: parent exposes its isolated actual ray recovery
PASS: parent source pose follows actual ray phase and returned normalized clock
PASS: parent exposes its isolated actual ray recovery
PASS: parent source pose follows actual ray phase and returned normalized clock
PASS: parent exposes its isolated actual ray recovery
PASS: parent source pose follows actual ray phase and returned normalized clock
PASS: parent exposes its isolated actual ray recovery
PASS: parent source pose follows actual ray phase and returned normalized clock
PASS: parent exposes its isolated actual ray recovery
PASS: parent source pose follows actual ray phase and returned normalized clock
PASS: parent exposes its isolated actual ray recovery
PASS: parent source pose follows actual ray phase and returned normalized clock
PASS: parent exposes its isolated actual ray recovery
PASS: parent source pose follows actual ray phase and returned normalized clock
PASS: parent exposes its isolated actual ray recovery
PASS: parent source pose follows actual ray phase and returned normalized clock
PASS: parent exposes its isolated actual ray recovery
PASS: parent source pose follows actual ray phase and returned normalized clock
PASS: parent exposes its isolated actual ray recovery
PASS: parent source pose follows actual ray phase and returned normalized clock
PASS: parent exposes its isolated actual ray recovery
PASS: parent source pose follows actual ray phase and returned normalized clock
PASS: parent exposes its isolated actual ray recovery
PASS: parent source pose follows actual ray phase and returned normalized clock
PASS: parent exposes its isolated actual ray recovery
PASS: parent source pose follows actual ray phase and returned normalized clock
PASS: parent exposes its isolated actual ray recovery
PASS: parent source pose follows actual ray phase and returned normalized clock
PASS: parent exposes its isolated actual ray recovery
PASS: parent source pose follows actual ray phase and returned normalized clock
PASS: parent exposes its isolated actual ray recovery
PASS: continued real ticks cannot repeat hit/refresh cooldown and expose actual parent recovery
PASS: post-resume component capture consumes pending path without fabricated brace damage
PASS: driver cleanup permanently disarms and refuses new snapshot/admission
PASS: whole isolated native world/source/cues/driver bodies are freed
PASS: whole isolated native world/source/cues/driver bodies are freed
PASS: whole isolated native world/source/cues/driver bodies are freed
PASS: whole isolated native world/source/cues/driver bodies are freed
PASS: whole isolated native world/source/cues/driver bodies are freed
PASS: whole isolated native world/source/cues/driver bodies are freed
PASS: whole isolated native world/source/cues/driver bodies are freed
A2-L5 isolated persistent Sentry ray smoke: 729 checks, 0 failures; actual admission/full lock/immutable bait/pending component transport only; no Foot, recognizer, camera, full B05/level/checkpoint, balance or art credit
