WorkerThreadPool: 8 threads, 2 max low-priority.
Godot Engine v4.7.2.stable.official.ed1daf0bf - https://godotengine.org
TextServer: Added interface "Dummy"
TextServer: Added interface "ICU / HarfBuzz / Graphite (Built-in)"
SDL: Init OK!
Using "default" pen tablet driver...

TextServer: Primary interface set to: "ICU / HarfBuzz / Graphite (Built-in)".
CORE API HASH: 2004498165
EDITOR API HASH: 1696660745
Loading resource: res://tests/acts/act1/a1_l3_codec.gd remapped: res://tests/acts/act1/a1_l3_codec.gd
Loading resource: res://scenes/main.tscn remapped: res://scenes/main.tscn
Loading resource: res://scripts/game.gd remapped: res://scripts/game.gd
Loading resource: res://scenes/player.tscn remapped: res://scenes/player.tscn
Loading resource: res://scripts/player.gd remapped: res://scripts/player.gd
Completed load for: 'res://scripts/player.gd' remapped 'res://scripts/player.gd' at thread -1
Completed load for: 'res://scenes/player.tscn' remapped 'res://scenes/player.tscn' at thread -1
Loading resource: res://scenes/practice_target.tscn remapped: res://scenes/practice_target.tscn
Loading resource: res://scripts/practice_target.gd remapped: res://scripts/practice_target.gd
Completed load for: 'res://scripts/practice_target.gd' remapped 'res://scripts/practice_target.gd' at thread -1
Completed load for: 'res://scenes/practice_target.tscn' remapped 'res://scenes/practice_target.tscn' at thread -1
Loading resource: res://scenes/lab_arena.tscn remapped: res://scenes/lab_arena.tscn
Completed load for: 'res://scenes/lab_arena.tscn' remapped 'res://scenes/lab_arena.tscn' at thread -1
Completed load for: 'res://scripts/game.gd' remapped 'res://scripts/game.gd' at thread -1
Completed load for: 'res://scenes/main.tscn' remapped 'res://scenes/main.tscn' at thread -1
Completed load for: 'res://tests/acts/act1/a1_l3_codec.gd' remapped 'res://tests/acts/act1/a1_l3_codec.gd' at thread -1
SceneTreeFTI: traversal method DEFAULT
Loaded system CA certificates
Loading resource: res://scenes/acts/act1/a1_l3_greybox.tscn remapped: res://scenes/acts/act1/a1_l3_greybox.tscn
Loading resource: res://scripts/acts/act1/mushroom_caverns.gd remapped: res://scripts/acts/act1/mushroom_caverns.gd
Loading resource: res://assets/acts/act1/lunar/accents/painted_rock_surface.png remapped: res://assets/acts/act1/lunar/accents/painted_rock_surface.png
Loading resource: res://.godot/imported/painted_rock_surface.png-30faff4d32479a3da0f568d18cbfa6cd.ctex remapped: res://.godot/imported/painted_rock_surface.png-30faff4d32479a3da0f568d18cbfa6cd.ctex
Completed load for: 'res://assets/acts/act1/lunar/accents/painted_rock_surface.png' remapped 'res://assets/acts/act1/lunar/accents/painted_rock_surface.png' at thread -1
Loading resource: res://assets/acts/act1/grotto/selenites/swarm_front_standing.png remapped: res://assets/acts/act1/grotto/selenites/swarm_front_standing.png
Loading resource: res://.godot/imported/swarm_front_standing.png-84d1c3ed1b19b92446bd32f263989ffb.ctex remapped: res://.godot/imported/swarm_front_standing.png-84d1c3ed1b19b92446bd32f263989ffb.ctex
Completed load for: 'res://assets/acts/act1/grotto/selenites/swarm_front_standing.png' remapped 'res://assets/acts/act1/grotto/selenites/swarm_front_standing.png' at thread -1
Loading resource: res://assets/acts/act1/grotto/selenites/swarm_front_warning.png remapped: res://assets/acts/act1/grotto/selenites/swarm_front_warning.png
Loading resource: res://.godot/imported/swarm_front_warning.png-0d36a3ffd8e227a21d360d5efea459bf.ctex remapped: res://.godot/imported/swarm_front_warning.png-0d36a3ffd8e227a21d360d5efea459bf.ctex
Completed load for: 'res://assets/acts/act1/grotto/selenites/swarm_front_warning.png' remapped 'res://assets/acts/act1/grotto/selenites/swarm_front_warning.png' at thread -1
Loading resource: res://assets/acts/act1/grotto/selenites/swarm_front_lock.png remapped: res://assets/acts/act1/grotto/selenites/swarm_front_lock.png
Loading resource: res://.godot/imported/swarm_front_lock.png-8604f9014fa7d7957bb0a84c019b9591.ctex remapped: res://.godot/imported/swarm_front_lock.png-8604f9014fa7d7957bb0a84c019b9591.ctex
Completed load for: 'res://assets/acts/act1/grotto/selenites/swarm_front_lock.png' remapped 'res://assets/acts/act1/grotto/selenites/swarm_front_lock.png' at thread -1
Loading resource: res://assets/acts/act1/grotto/selenites/swarm_front_active.png remapped: res://assets/acts/act1/grotto/selenites/swarm_front_active.png
Loading resource: res://.godot/imported/swarm_front_active.png-7013c942bebe178889468fd9e1b9b9bb.ctex remapped: res://.godot/imported/swarm_front_active.png-7013c942bebe178889468fd9e1b9b9bb.ctex
Completed load for: 'res://assets/acts/act1/grotto/selenites/swarm_front_active.png' remapped 'res://assets/acts/act1/grotto/selenites/swarm_front_active.png' at thread -1
Loading resource: res://assets/acts/act1/grotto/selenites/swarm_front_recovery.png remapped: res://assets/acts/act1/grotto/selenites/swarm_front_recovery.png
Loading resource: res://.godot/imported/swarm_front_recovery.png-2a9ba28c6c5868e659cd724726d80295.ctex remapped: res://.godot/imported/swarm_front_recovery.png-2a9ba28c6c5868e659cd724726d80295.ctex
Completed load for: 'res://assets/acts/act1/grotto/selenites/swarm_front_recovery.png' remapped 'res://assets/acts/act1/grotto/selenites/swarm_front_recovery.png' at thread -1
Loading resource: res://assets/acts/act1/grotto/selenites/swarm_side_standing.png remapped: res://assets/acts/act1/grotto/selenites/swarm_side_standing.png
Loading resource: res://.godot/imported/swarm_side_standing.png-a908a0bb55ee71ad1e59412ae9c97033.ctex remapped: res://.godot/imported/swarm_side_standing.png-a908a0bb55ee71ad1e59412ae9c97033.ctex
Completed load for: 'res://assets/acts/act1/grotto/selenites/swarm_side_standing.png' remapped 'res://assets/acts/act1/grotto/selenites/swarm_side_standing.png' at thread -1
Loading resource: res://assets/acts/act1/grotto/selenites/swarm_side_warning.png remapped: res://assets/acts/act1/grotto/selenites/swarm_side_warning.png
Loading resource: res://.godot/imported/swarm_side_warning.png-3ecf2cf3ab0460fc30e1384fabdc2616.ctex remapped: res://.godot/imported/swarm_side_warning.png-3ecf2cf3ab0460fc30e1384fabdc2616.ctex
Completed load for: 'res://assets/acts/act1/grotto/selenites/swarm_side_warning.png' remapped 'res://assets/acts/act1/grotto/selenites/swarm_side_warning.png' at thread -1
Loading resource: res://assets/acts/act1/grotto/selenites/swarm_side_lock.png remapped: res://assets/acts/act1/grotto/selenites/swarm_side_lock.png
Loading resource: res://.godot/imported/swarm_side_lock.png-12259ffd60be65a380e762260966e225.ctex remapped: res://.godot/imported/swarm_side_lock.png-12259ffd60be65a380e762260966e225.ctex
Completed load for: 'res://assets/acts/act1/grotto/selenites/swarm_side_lock.png' remapped 'res://assets/acts/act1/grotto/selenites/swarm_side_lock.png' at thread -1
Loading resource: res://assets/acts/act1/grotto/selenites/swarm_side_active.png remapped: res://assets/acts/act1/grotto/selenites/swarm_side_active.png
Loading resource: res://.godot/imported/swarm_side_active.png-218964c2d795d2c2a4a7b3df7054868d.ctex remapped: res://.godot/imported/swarm_side_active.png-218964c2d795d2c2a4a7b3df7054868d.ctex
Completed load for: 'res://assets/acts/act1/grotto/selenites/swarm_side_active.png' remapped 'res://assets/acts/act1/grotto/selenites/swarm_side_active.png' at thread -1
Loading resource: res://assets/acts/act1/grotto/selenites/swarm_side_recovery.png remapped: res://assets/acts/act1/grotto/selenites/swarm_side_recovery.png
Loading resource: res://.godot/imported/swarm_side_recovery.png-a2510af2774d10fa2a77a21f42d7de53.ctex remapped: res://.godot/imported/swarm_side_recovery.png-a2510af2774d10fa2a77a21f42d7de53.ctex
Completed load for: 'res://assets/acts/act1/grotto/selenites/swarm_side_recovery.png' remapped 'res://assets/acts/act1/grotto/selenites/swarm_side_recovery.png' at thread -1
Loading resource: res://assets/acts/act1/grotto/selenites/swarm_back_standing.png remapped: res://assets/acts/act1/grotto/selenites/swarm_back_standing.png
Loading resource: res://.godot/imported/swarm_back_standing.png-0190d0a5254da405cdd055e8ea900e2f.ctex remapped: res://.godot/imported/swarm_back_standing.png-0190d0a5254da405cdd055e8ea900e2f.ctex
Completed load for: 'res://assets/acts/act1/grotto/selenites/swarm_back_standing.png' remapped 'res://assets/acts/act1/grotto/selenites/swarm_back_standing.png' at thread -1
Loading resource: res://assets/acts/act1/grotto/selenites/swarm_back_warning.png remapped: res://assets/acts/act1/grotto/selenites/swarm_back_warning.png
Loading resource: res://.godot/imported/swarm_back_warning.png-87c1ea2825342a33073994418f84fc48.ctex remapped: res://.godot/imported/swarm_back_warning.png-87c1ea2825342a33073994418f84fc48.ctex
Completed load for: 'res://assets/acts/act1/grotto/selenites/swarm_back_warning.png' remapped 'res://assets/acts/act1/grotto/selenites/swarm_back_warning.png' at thread -1
Loading resource: res://assets/acts/act1/grotto/selenites/swarm_back_lock.png remapped: res://assets/acts/act1/grotto/selenites/swarm_back_lock.png
Loading resource: res://.godot/imported/swarm_back_lock.png-d823391fe9ee0401495251461d6b7090.ctex remapped: res://.godot/imported/swarm_back_lock.png-d823391fe9ee0401495251461d6b7090.ctex
Completed load for: 'res://assets/acts/act1/grotto/selenites/swarm_back_lock.png' remapped 'res://assets/acts/act1/grotto/selenites/swarm_back_lock.png' at thread -1
Loading resource: res://assets/acts/act1/grotto/selenites/swarm_back_active.png remapped: res://assets/acts/act1/grotto/selenites/swarm_back_active.png
Loading resource: res://.godot/imported/swarm_back_active.png-d865a5993e244983043cac968d7b4a7e.ctex remapped: res://.godot/imported/swarm_back_active.png-d865a5993e244983043cac968d7b4a7e.ctex
Completed load for: 'res://assets/acts/act1/grotto/selenites/swarm_back_active.png' remapped 'res://assets/acts/act1/grotto/selenites/swarm_back_active.png' at thread -1
Loading resource: res://assets/acts/act1/grotto/selenites/swarm_back_recovery.png remapped: res://assets/acts/act1/grotto/selenites/swarm_back_recovery.png
Loading resource: res://.godot/imported/swarm_back_recovery.png-91204d1900a8bd7ae557c999f394f001.ctex remapped: res://.godot/imported/swarm_back_recovery.png-91204d1900a8bd7ae557c999f394f001.ctex
Completed load for: 'res://assets/acts/act1/grotto/selenites/swarm_back_recovery.png' remapped 'res://assets/acts/act1/grotto/selenites/swarm_back_recovery.png' at thread -1
Loading resource: res://assets/acts/act1/grotto/selenites/guard_front_standing.png remapped: res://assets/acts/act1/grotto/selenites/guard_front_standing.png
Loading resource: res://.godot/imported/guard_front_standing.png-07be850abe3da6d094d0adda85f5a4bc.ctex remapped: res://.godot/imported/guard_front_standing.png-07be850abe3da6d094d0adda85f5a4bc.ctex
Completed load for: 'res://assets/acts/act1/grotto/selenites/guard_front_standing.png' remapped 'res://assets/acts/act1/grotto/selenites/guard_front_standing.png' at thread -1
Loading resource: res://assets/acts/act1/grotto/selenites/guard_front_warning.png remapped: res://assets/acts/act1/grotto/selenites/guard_front_warning.png
Loading resource: res://.godot/imported/guard_front_warning.png-6964300dfcc078f64f6e8f9b84afcf53.ctex remapped: res://.godot/imported/guard_front_warning.png-6964300dfcc078f64f6e8f9b84afcf53.ctex
Completed load for: 'res://assets/acts/act1/grotto/selenites/guard_front_warning.png' remapped 'res://assets/acts/act1/grotto/selenites/guard_front_warning.png' at thread -1
Loading resource: res://assets/acts/act1/grotto/selenites/guard_front_lock.png remapped: res://assets/acts/act1/grotto/selenites/guard_front_lock.png
Loading resource: res://.godot/imported/guard_front_lock.png-3e50de02e9c1216337d5cb88fcb6bdcc.ctex remapped: res://.godot/imported/guard_front_lock.png-3e50de02e9c1216337d5cb88fcb6bdcc.ctex
Completed load for: 'res://assets/acts/act1/grotto/selenites/guard_front_lock.png' remapped 'res://assets/acts/act1/grotto/selenites/guard_front_lock.png' at thread -1
Loading resource: res://assets/acts/act1/grotto/selenites/guard_front_active.png remapped: res://assets/acts/act1/grotto/selenites/guard_front_active.png
Loading resource: res://.godot/imported/guard_front_active.png-d2ed260afc1acd41d4f4b0fa6beb3ced.ctex remapped: res://.godot/imported/guard_front_active.png-d2ed260afc1acd41d4f4b0fa6beb3ced.ctex
Completed load for: 'res://assets/acts/act1/grotto/selenites/guard_front_active.png' remapped 'res://assets/acts/act1/grotto/selenites/guard_front_active.png' at thread -1
Loading resource: res://assets/acts/act1/grotto/selenites/guard_front_recovery.png remapped: res://assets/acts/act1/grotto/selenites/guard_front_recovery.png
Loading resource: res://.godot/imported/guard_front_recovery.png-7ca211cbc5798823bee1db97a0d465d8.ctex remapped: res://.godot/imported/guard_front_recovery.png-7ca211cbc5798823bee1db97a0d465d8.ctex
Completed load for: 'res://assets/acts/act1/grotto/selenites/guard_front_recovery.png' remapped 'res://assets/acts/act1/grotto/selenites/guard_front_recovery.png' at thread -1
Loading resource: res://assets/acts/act1/grotto/selenites/guard_side_standing.png remapped: res://assets/acts/act1/grotto/selenites/guard_side_standing.png
Loading resource: res://.godot/imported/guard_side_standing.png-9ef888014aab331dce2e61104a010bec.ctex remapped: res://.godot/imported/guard_side_standing.png-9ef888014aab331dce2e61104a010bec.ctex
Completed load for: 'res://assets/acts/act1/grotto/selenites/guard_side_standing.png' remapped 'res://assets/acts/act1/grotto/selenites/guard_side_standing.png' at thread -1
Loading resource: res://assets/acts/act1/grotto/selenites/guard_side_warning.png remapped: res://assets/acts/act1/grotto/selenites/guard_side_warning.png
Loading resource: res://.godot/imported/guard_side_warning.png-89a4b6dc6e74144fbaac8a0cb295a62c.ctex remapped: res://.godot/imported/guard_side_warning.png-89a4b6dc6e74144fbaac8a0cb295a62c.ctex
Completed load for: 'res://assets/acts/act1/grotto/selenites/guard_side_warning.png' remapped 'res://assets/acts/act1/grotto/selenites/guard_side_warning.png' at thread -1
Loading resource: res://assets/acts/act1/grotto/selenites/guard_side_lock.png remapped: res://assets/acts/act1/grotto/selenites/guard_side_lock.png
Loading resource: res://.godot/imported/guard_side_lock.png-8c2882c3976ce4c0deda73b577aed2f5.ctex remapped: res://.godot/imported/guard_side_lock.png-8c2882c3976ce4c0deda73b577aed2f5.ctex
Completed load for: 'res://assets/acts/act1/grotto/selenites/guard_side_lock.png' remapped 'res://assets/acts/act1/grotto/selenites/guard_side_lock.png' at thread -1
Loading resource: res://assets/acts/act1/grotto/selenites/guard_side_active.png remapped: res://assets/acts/act1/grotto/selenites/guard_side_active.png
Loading resource: res://.godot/imported/guard_side_active.png-24a131fa69f7f7599666e205d73322c0.ctex remapped: res://.godot/imported/guard_side_active.png-24a131fa69f7f7599666e205d73322c0.ctex
Completed load for: 'res://assets/acts/act1/grotto/selenites/guard_side_active.png' remapped 'res://assets/acts/act1/grotto/selenites/guard_side_active.png' at thread -1
Loading resource: res://assets/acts/act1/grotto/selenites/guard_side_recovery.png remapped: res://assets/acts/act1/grotto/selenites/guard_side_recovery.png
Loading resource: res://.godot/imported/guard_side_recovery.png-af17af95aceb7de7f06f818e80367cee.ctex remapped: res://.godot/imported/guard_side_recovery.png-af17af95aceb7de7f06f818e80367cee.ctex
Completed load for: 'res://assets/acts/act1/grotto/selenites/guard_side_recovery.png' remapped 'res://assets/acts/act1/grotto/selenites/guard_side_recovery.png' at thread -1
Loading resource: res://assets/acts/act1/grotto/selenites/guard_back_standing.png remapped: res://assets/acts/act1/grotto/selenites/guard_back_standing.png
Loading resource: res://.godot/imported/guard_back_standing.png-3e7980d369f81cdf00d41837eb2820c7.ctex remapped: res://.godot/imported/guard_back_standing.png-3e7980d369f81cdf00d41837eb2820c7.ctex
Completed load for: 'res://assets/acts/act1/grotto/selenites/guard_back_standing.png' remapped 'res://assets/acts/act1/grotto/selenites/guard_back_standing.png' at thread -1
Loading resource: res://assets/acts/act1/grotto/selenites/guard_back_warning.png remapped: res://assets/acts/act1/grotto/selenites/guard_back_warning.png
Loading resource: res://.godot/imported/guard_back_warning.png-bef5effbc70bcbf9664eb011d996692c.ctex remapped: res://.godot/imported/guard_back_warning.png-bef5effbc70bcbf9664eb011d996692c.ctex
Completed load for: 'res://assets/acts/act1/grotto/selenites/guard_back_warning.png' remapped 'res://assets/acts/act1/grotto/selenites/guard_back_warning.png' at thread -1
Loading resource: res://assets/acts/act1/grotto/selenites/guard_back_lock.png remapped: res://assets/acts/act1/grotto/selenites/guard_back_lock.png
Loading resource: res://.godot/imported/guard_back_lock.png-9638b7ceb577e287a917b4ab58383cb0.ctex remapped: res://.godot/imported/guard_back_lock.png-9638b7ceb577e287a917b4ab58383cb0.ctex
Completed load for: 'res://assets/acts/act1/grotto/selenites/guard_back_lock.png' remapped 'res://assets/acts/act1/grotto/selenites/guard_back_lock.png' at thread -1
Loading resource: res://assets/acts/act1/grotto/selenites/guard_back_active.png remapped: res://assets/acts/act1/grotto/selenites/guard_back_active.png
Loading resource: res://.godot/imported/guard_back_active.png-2a0edee13cce4c604d952fe21fd6b10d.ctex remapped: res://.godot/imported/guard_back_active.png-2a0edee13cce4c604d952fe21fd6b10d.ctex
Completed load for: 'res://assets/acts/act1/grotto/selenites/guard_back_active.png' remapped 'res://assets/acts/act1/grotto/selenites/guard_back_active.png' at thread -1
Loading resource: res://assets/acts/act1/grotto/selenites/guard_back_recovery.png remapped: res://assets/acts/act1/grotto/selenites/guard_back_recovery.png
Loading resource: res://.godot/imported/guard_back_recovery.png-74b2682e0fc884159c8b8cdfe56e81ea.ctex remapped: res://.godot/imported/guard_back_recovery.png-74b2682e0fc884159c8b8cdfe56e81ea.ctex
Completed load for: 'res://assets/acts/act1/grotto/selenites/guard_back_recovery.png' remapped 'res://assets/acts/act1/grotto/selenites/guard_back_recovery.png' at thread -1
Completed load for: 'res://scripts/acts/act1/mushroom_caverns.gd' remapped 'res://scripts/acts/act1/mushroom_caverns.gd' at thread -1
Completed load for: 'res://scenes/acts/act1/a1_l3_greybox.tscn' remapped 'res://scenes/acts/act1/a1_l3_greybox.tscn' at thread -1
A1-L3 NATIVE CODEC: 79 checks, 0 failures; genuine native warning/ordinary-primary defeat; no environmental protocol claim
WARNING: 2 ObjectDB instances were leaked at exit (run with `--verbose` for details).
   at: cleanup (core/object/object.cpp:2536)
XR: Clearing primary interface
XR: Removed interface "Native mobile"
XR: Removed interface "OpenXR"
Leaked instance: AudioStreamWAV:9223372078764262950 - Reference count: 1
Leaked instance: AudioStreamPlaybackWAV:9223372210784177560 - Reference count: 1
Hint: Leaked instances typically happen when nodes are removed from the scene tree (with `remove_child()`) but not freed (with `free()` or `queue_free()`).
Orphan StringName: Effects (static: 0, total: 2)
StringName: 1 unclaimed string names at exit.
