Waiting for the shared Godot session to close…
Godot Engine v4.7.2.stable.official.ed1daf0bf - https://godotengine.org

PASS: standard authors canonical Heavy before Hero entry
PASS: standard begins exactly one native encounter
PASS: standard binds actual ready Hero without a synthetic landing
PASS: standard configures actual persistent Ray and distinct Foot under one parent
PASS: standard retains two distinct actual owners and distinct threat cues with one composite joint cue
PASS: standard uses explicit proposed Foot recovery2.4 and unchanged circle identity
PASS: standard uses real profile budget
PASS: standard authored initial point is noncoincident, Heavy-reachable and outside Foot capsule padding
PASS: standard earns supported native floor before start
PASS: standard deliberately incomplete whole-parent codec refuses without mutation or save authority
PASS: standard starts only after actual stable floor and seeds real entry bait
PASS: standard first real Ray commits actual native admission/proof
PASS: standard actual first ray samples noncoincident supported floor and original full lock
PASS: standard selected actual proof explicitly contains escape, return and ordinary-primary hold
PASS: standard actual proof dash starts during its genuine allotted interval with native readiness
PASS: standard public native dash accepts actual proof direction
PASS: standard proof movement finishes as actual completed physical dash receipt in bound bait
PASS: standard actual proof dash starts during its genuine allotted interval with native readiness
PASS: standard public native dash accepts actual proof direction
PASS: standard proof movement finishes as actual completed physical dash receipt in bound bait
PASS: standard real primary occurs only with actual native readiness and required recovery cues
PASS: standard actual strike placement and full actual primary cooldown fit committed recovery deadlines
PASS: standard immediate public Heavy primary hits exactly the native low joint
PASS: standard follows real first Ray escape/return and immediate public Heavy primary
PASS: standard one real24damage Heavy strike clamps first finite pool to15 without refilling
PASS: standard parent first observer spends cue and closes Ray before later threshold observers
PASS: standard real Ray recovery introduction is cancelled at threshold and never relabelled complete
ERROR: FAIL: standard pending brace permits exactly one distinct native Foot introduction
   at: push_error (core/variant/variant_utility.cpp:1023)
   GDScript backtrace (most recent call first):
       [0] _expect (res://tests/acts/act2/a2_l5_sentry_encounter_smoke.gd:335)
       [1] _real_two_owner_route (res://tests/acts/act2/a2_l5_sentry_encounter_smoke.gd:160)
       [2] _until (res://tests/acts/act2/a2_l5_sentry_encounter_smoke.gd:302)
       [3] _step (res://tests/acts/act2/a2_l5_sentry_encounter_smoke.gd:305)
       [4] _physics_process (res://tests/acts/act2/a2_l5_sentry_encounter_smoke.gd:30)
DIAG: actual Foot preview: { "accepted": false, "reason": "Collision shape paths require stable authored names" }
DIAG: actual Hero response/floor path: { "actor": SharedHero:<CharacterBody3D#44493178379>, "stats": { "primary_damage": 24.0, "followup_damage": 50.4, "primary_range": 1.8, "followup_range": 2.79, "primary_cooldown": 0.375, "followup_cooldown": 0.5625, "primary_cone_min_dot": 0.05, "followup_cone_min_dot": 0.5, "primary_cadence_estimate": 0.375, "dash_speed": 15.0, "dash_distance": 2.7, "dash_duration": 0.18, "dash_cooldown": 0.34, "dash_invulnerability": 0.12, "hurt_invulnerability": 0.8, "max_health": 100.0, "armour": 1.0, "damage_reduction": 0.0, "effective_health": 100.0, "shell_capacity": 2, "shell_reload": 1.15, "primary_hit_reload_credit": 0.45, "gear_multipliers": { "damage": 1.2, "attack_speed": 0.8, "attack_range": 0.9, "dash_speed": 1.0, "dash_distance": 1.0, "max_health": 1.0, "armour": 1.0 }, "total_multipliers": { "damage": 1.2, "attack_speed": 0.8, "attack_range": 0.9, "dash_speed": 1.0, "dash_distance": 1.0, "max_health": 1.0, "armour": 1.0 }, "raw_gear_multipliers": { "damage": 1.2, "attack_speed": 0.8, "attack_range": 0.9, "dash_speed": 1.0, "dash_distance": 1.0, "max_health": 1.0, "armour": 1.0 }, "capped_stats": [], "weapon_id": "WEAPON-03", "weapon_name": "Heavy Edge" }, "stable": true, "dash_cooldown_left_s": 0.0, "primary_cooldown_left_s": 0.0, "commitment_remaining_s": 0.0, "primary_commitment_s": 0.1625, "motion": { "position": (1.033245, -0.004883, 1.294475), "velocity": (0.0, 0.0, 0.0), "grounded": true, "dash_left_s": 0.0, "queued_dash": (0.0, 0.0, 0.0), "knockback_left_s": 0.0 }, "equipment_ids": { "jacket": "CLOTH-J0", "pants": "CLOTH-P0", "shoes": "CLOTH-S0", "weapon": "WEAPON-03" }, "action_clock_s": 17.3833333333336, "pending_weapon_id": "" } position=(1.033245, -0.004883, 1.294475) shape_path=AuthoredDryFloor/@CollisionShape3D@2
ERROR: B05 component fixture stopped at Foot introduction admission for standard: { "api_revision": "act2-b05-parent-draft-1", "stage": "foot-introduction", "runtime_error": "", "actor_hp": 15.0, "boss_phase": 1, "transition_pending": true, "joint_cue": { "api_revision": "interaction-cue-1", "state": "spent", "trigger": "attack", "required": true, "visible": true }, "foot_introduction_started": false, "checkpoint_notice_sent": false, "clock_s": 17.3833333333336, "ray": { "api_revision": "act2-b05-ray-exchange-1", "source_id": "A2-L5:dying-sentry", "status": "cancelled", "phase": "clear", "phase_progress": 0.0, "cycle": 1, "direction": (0.0, 0.0, 1.0), "armed": false, "geometry": { "kind": "lane", "from": (0.0, 0.0, 0.0), "to": (0.0, 0.0, 3.8), "radius": 0.31 }, "exchange": { "id": "threat-1", "source_position": (0.0, 0.0, 0.0), "geometry": { "kind": "lane", "from": (0.0, 0.0, 0.0), "to": (0.0, 0.0, 3.8), "radius": 0.31 }, "opening_position": (0.0, 0.0, 0.0), "start_s": 0.06666666666667, "lock_from_s": 0.51666666666667, "active_from_s": 1.61666666666667, "active_until_s": 1.77666666666667, "recovery_until_s": 3.37666666666667, "cooldown_until_s": 3.21666666666667, "profile_id": "standard", "world_revision": 1, "adapter": { "kind": "tracking", "locked": true, "reach": 3.79999995231628, "radius": 0.31, "lock_s": 1.1, "active_s": 0.16, "recovery_s": 1.6, "attack_interval_s": 1.6 } }, "bait_sample": { "boundary": "sentry-entry", "point": (0.0, 0.0, 1.5), "last_sequence": 0, "dash_sequence": 0, "initial_floor": (0.0, 0.0, 1.5), "initial_sequence": 0, "receipt": <null>, "player_clock_s": 0.06666666666667 }, "hit_consumed": false, "last_cancel_reason": "b05_first_brace_spent", "proof": {  }, "proof_available": false, "presentation_witness": {  } }, "foot": { "api_revision": "lane-mechanism-1", "mechanism_id": "A2-L5:near-foot", "status": "idle", "phase": "clear", "remaining_s": 0.0, "cycle": 0, "reservation_id": "", "geometry": { "kind": "circle", "origin": (0.0, 0.0, 0.0), "radius": 1.1 }, "source_position": (0.0, 0.0, 0.0), "opening_position": (0.0, 0.0, 0.0), "resolved_role": {  }, "hit_ids": [], "last_cancel_reason": "" }, "ray_introduction": { "cycle": 1, "exchange": { "id": "threat-1", "source_position": (0.0, 0.0, 0.0), "geometry": { "kind": "lane", "from": (0.0, 0.0, 0.0), "to": (0.0, 0.0, 3.8), "radius": 0.31 }, "opening_position": (0.0, 0.0, 0.0), "start_s": 0.06666666666667, "lock_from_s": 0.51666666666667, "active_from_s": 1.61666666666667, "active_until_s": 1.77666666666667, "recovery_until_s": 3.37666666666667, "cooldown_until_s": 3.21666666666667, "profile_id": "standard", "world_revision": 1, "adapter": { "kind": "tracking", "locked": true, "reach": 3.79999995231628, "radius": 0.31, "lock_s": 1.1, "active_s": 0.16, "recovery_s": 1.6, "attack_interval_s": 1.6 } }, "observed_recovery_clock_s": 1.78333333333333, "closing": "cancelled", &"last_cancel_reason": "b05_first_brace_spent" }, "foot_introduction": {  }, "threshold": { "clock_s": 2.0, "hp_before": 30.0, "hp_after": 15.0, "actual_hp_loss": 15.0, "opening_receipt": { "kind": "isolated-ray", "ray": { "id": "threat-1", "source_position": (0.0, 0.0, 0.0), "geometry": { "kind": "lane", "from": (0.0, 0.0, 0.0), "to": (0.0, 0.0, 3.8), "radius": 0.31 }, "opening_position": (0.0, 0.0, 0.0), "start_s": 0.06666666666667, "lock_from_s": 0.51666666666667, "active_from_s": 1.61666666666667, "active_until_s": 1.77666666666667, "recovery_until_s": 3.37666666666667, "cooldown_until_s": 3.21666666666667, "profile_id": "standard", "world_revision": 1, "adapter": { "kind": "tracking", "locked": true, "reach": 3.79999995231628, "radius": 0.31, "lock_s": 1.1, "active_s": 0.16, "recovery_s": 1.6, "attack_interval_s": 1.6 } }, "clock_s": 2.0, "hp_before": 30.0 } }, "defeat": {  }, "pair": {  }, "accepted_cycles": [{ "kind": "ray", "stage": "ray-introduction", "cycle": 1, "admitted_exchange": { "id": "threat-1", "source_position": (0.0, 0.0, 0.0), "geometry": { "kind": "lane", "from": (0.0, 0.0, 0.0), "to": (0.0, 0.0, 3.8), "radius": 0.31 }, "opening_position": (0.0, 0.0, 0.0), "start_s": 0.06666666666667, "lock_from_s": 0.51666666666667, "active_from_s": 1.61666666666667, "active_until_s": 1.77666666666667, "recovery_until_s": 3.37666666666667, "cooldown_until_s": 3.21666666666667, "profile_id": "standard", "world_revision": 1, "adapter": { "kind": "tracking", "locked": false, "reach": 3.79999995231628, "radius": 0.31, "lock_s": 1.1, "active_s": 0.16, "recovery_s": 1.6, "attack_interval_s": 1.6 } } }], "codec_ready": false }
   at: push_error (core/variant/variant_utility.cpp:1023)
   GDScript backtrace (most recent call first):
       [0] _diagnose (res://tests/acts/act2/a2_l5_sentry_encounter_smoke.gd:311)
       [1] _real_two_owner_route (res://tests/acts/act2/a2_l5_sentry_encounter_smoke.gd:161)
       [2] _until (res://tests/acts/act2/a2_l5_sentry_encounter_smoke.gd:302)
       [3] _step (res://tests/acts/act2/a2_l5_sentry_encounter_smoke.gd:305)
       [4] _physics_process (res://tests/acts/act2/a2_l5_sentry_encounter_smoke.gd:30)
PASS: standard cleanup permanently closes parent admissions and codec authority
PASS: standard whole native parent/source/cue/controller world disposes
PASS: standard whole native parent/source/cue/controller world disposes
PASS: standard whole native parent/source/cue/controller world disposes
PASS: standard whole native parent/source/cue/controller world disposes
PASS: standard whole native parent/source/cue/controller world disposes
PASS: standard whole native parent/source/cue/controller world disposes
PASS: standard whole native parent/source/cue/controller world disposes
PASS: standard whole native parent/source/cue/controller world disposes
PASS: standard whole native parent/source/cue/controller world disposes
PASS: standard whole native parent/source/cue/controller world disposes
A2-L5 native Sentry parent mechanics smoke: 39 checks, 1 failures; real finite two-pool/one Foot introduction/earned eligibility/paired native recovery only; no portable checkpoint, whole level, recognizer, camera, balance or art credit
