Godot Engine v4.7.2.stable.official.ed1daf0bf - https://godotengine.org

PASS: cache binds once to actual ready native Player
PASS: entry settles on actual supported native floor
PASS: phase two cannot precede actual sentry entry
PASS: actual stable supported entry seeds one floor point
PASS: initial bait uses actual supported X/Z and no invented completed receipt
PASS: rejected zero dash changes neither native history nor bait
PASS: first actual dash is accepted
PASS: accepted but unfinished dash cannot retarget bait
PASS: moving native Player cannot reset a boundary
PASS: buffered request is not completed bait
PASS: bounded native ticks complete first dash
PASS: first sample retains actual completed landing and cursor
PASS: unblocked completion retains actual native path and travel result
PASS: public buffered dash completes once through original native cadence
PASS: owner signal consumes both genuine contiguous completions exactly once
PASS: buffered completion is its own truthful world-action receipt
PASS: later completed movement updates current bait
PASS: later dash cannot mutate an earlier sampled cycle copy
PASS: sample and nested state accessors cannot mutate retained bait
PASS: actual immediate primary publishes a genuine nonmovement receipt
PASS: primary advances contiguous cursor without replacing physical dash bait
PASS: cooldown-rejected primary produces no receipt or bait change
PASS: duplicate completed event is rejected atomically
PASS: fabricated future event absent from bound native history is rejected
PASS: native primary commitment finishes before paused transport
PASS: completed bait cross-validates against the complete paused native Player
PASS: completed Player plus cached bait round-trips exact JSON
PASS: closed bait envelope rejects an extra key preflight
PASS: closed bait envelope rejects an extra key leaves both cache and native Player unchanged
PASS: unsupported bait version rejects atomically preflight
PASS: unsupported bait version rejects atomically leaves both cache and native Player unchanged
PASS: foreign boundary rejects atomically preflight
PASS: foreign boundary rejects atomically leaves both cache and native Player unchanged
PASS: future bait publication cursor rejects atomically preflight
PASS: future bait publication cursor rejects atomically leaves both cache and native Player unchanged
PASS: nonfinite authored point rejects atomically preflight
PASS: nonfinite authored point rejects atomically leaves both cache and native Player unchanged
PASS: landing different from the completed receipt rejects atomically preflight
PASS: landing different from the completed receipt rejects atomically leaves both cache and native Player unchanged
PASS: mismatched earlier dash remains an independently canonical valid receipt
PASS: valid but older receipt cannot replace the latest retained completed dash preflight
PASS: valid but older receipt cannot replace the latest retained completed dash leaves both cache and native Player unchanged
PASS: initial point cannot erase a native completed dash preflight
PASS: initial point cannot erase a native completed dash leaves both cache and native Player unchanged
PASS: cache binds once to actual ready native Player
PASS: fresh recipient preflights complete staged Player independently of current pose/history
PASS: fresh restore commits native Player before quiet bait cache
PASS: fresh completed restoration preserves exact Player/cursor/receipt without events
PASS: restoration owns a deep copy of the accepted encoded receipt
PASS: fixture owner disconnects and frees its complete native world
PASS: actual stable phase-two boundary resets at current supported floor
PASS: reset preserves actual completed cursor and clears prior-boundary dash bait
PASS: authored phase-two boundary advances only once
PASS: new boundary admits a fresh actual completed dash
PASS: new epoch consumes genuine contiguous events without replaying the old dash
PASS: actual native history retains next completion before manual public consumption
PASS: translated next receipt is independently canonical before identity rejection
PASS: canonical altered next receipt cannot substitute for bound native history
PASS: unchanged genuine retained next event remains consumable after refusal
PASS: fixture owner disconnects and frees its complete native world
PASS: cache binds once to actual ready native Player
PASS: wall fixture seeds actual supported entry
PASS: actual native wall dash completes
PASS: native wall produces truthful collision shortening and path
PASS: bait follows completed collision endpoint instead of nominal travel or aim release
PASS: second dash really completes against the blocking wall
PASS: fully blocked native completion still has a truthful receipt
PASS: even near-zero completed travel replaces bait with its actual physical landing
PASS: fixture owner disconnects and frees its complete native world
PASS: cache binds once to actual ready native Player
PASS: pending transport begins actual native movement
PASS: pause follows an actual measured native tick before completion
PASS: pause is taken before actual dash completion
PASS: genuine paused capture retains native unfinished path without invented bait
PASS: paused process frames freeze exact movement, clock, pending path and bait
PASS: pending native Player and initial bait round-trip exact JSON
PASS: cache binds once to actual ready native Player
PASS: fresh pending recipient purely validates the complete staged native tuple
PASS: fresh pending restore follows Player then bait order
PASS: pending restore is exact and emits no action, equipment, damage or death event
PASS: retired original pending native world is freed before resumed continuation
PASS: restored native unfinished movement completes through real physics once
PASS: resume publishes exactly one genuine completion and no restore replay
PASS: completion retains original pre-pause path origin and simulation interval
PASS: bait changes only after restored pending movement really completes
PASS: continued native ticks cannot republish the completed movement
PASS: fixture owner disconnects and frees its complete native world
PASS: cache binds once to actual ready native Player
PASS: cancel fixture first earns actual completed dash bait
PASS: next actual movement starts before public capture cancellation
PASS: cancel fixture pauses after actual measured native movement
PASS: cancel acts on an actual unfinished native capture
PASS: public cancellation drops unfinished recording without changing motion or completed bait
PASS: genuine paused canceled-capture tuple remains natively valid
PASS: canceled unfinished capture transports without inventing a completion
PASS: genuine pause freezes canceled movement and prior bait
PASS: canceled recording still permits original native dash to finish
PASS: capture cancellation changes neither actual travel nor prior completed cursor/landing
PASS: stable boundary after canceled movement uses actual supported current floor
PASS: new boundary may truthfully differ from prior completed bait after canceled capture
PASS: post-cancellation reset preflights with complete native Player
PASS: release permanently removes binding and all bait authority
PASS: released cache does not alter real Player controller continuation
PASS: owner callback after disarm cannot resurrect authority from a later genuine event
PASS: fixture owner disconnects and frees its complete native world
A2-L5 bait controller smoke: 105 checks, 0 failures; controller/API only, no ray, recognizer, camera, combat, whole-level or art credit
