Godot Engine v4.7.2.stable.official.ed1daf0bf - https://godotengine.org

L4 CURTAIN TEST SETUP: zero shells immediately before actual primary; native passive reload remains enabled
SCRIPT ERROR: Invalid access to property or key 'margin' on a base object of type 'CollisionShape3D'.
          at: _ready (res://scripts/acts/act1/selenite_court_greybox.gd:41)
          GDScript backtrace (most recent call first):
              [0] _ready (res://scripts/acts/act1/selenite_court_greybox.gd:41)
              [1] reset_lab (res://scripts/game.gd:220)
              [2] _ready (res://scripts/game.gd:83)
              [3] _open_curtain (res://tests/acts/act1/a1_l4_curtain_greybox.gd:150)
SCRIPT ERROR: Invalid access to property or key 'court-curtain-guard' on a base object of type 'Dictionary'.
          at: _on_enter_level (res://scripts/acts/act1/mushroom_caverns.gd:128)
          GDScript backtrace (most recent call first):
              [0] _on_enter_level (res://scripts/acts/act1/mushroom_caverns.gd:128)
              [1] enter_level (res://scripts/campaign/level.gd:106)
              [2] reset_lab (res://scripts/game.gd:237)
              [3] _ready (res://scripts/game.gd:83)
              [4] _open_curtain (res://tests/acts/act1/a1_l4_curtain_greybox.gd:150)
FIRST L4 CURTAIN FAILURE: {"camera":{"accepted":true,"enabled":false,"reason":""},"input":{"anchor_normalized":[0.5,0.5],"last_observation":{},"schema_version":1,"sequence":0},"label":"actual A1-L4 component loads through shared Main at the exact authored spawn","native_focus":true,"paused":false,"sources":{}}
ERROR: actual A1-L4 component loads through shared Main at the exact authored spawn
   at: push_error (core/variant/variant_utility.cpp:1023)
   GDScript backtrace (most recent call first):
       [0] _require (res://tests/acts/act1/a1_l4_curtain_greybox.gd:402)
       [1] _open_curtain (res://tests/acts/act1/a1_l4_curtain_greybox.gd:154)
A1-L4 CURTAIN COMPONENT: 1 checks, 1 failures; 0 real swipes, 0 ordinary primaries; report=res://.cinder/l4-curtain-greybox-805917.json; NO TELEPORTS / NO CAMPAIGN SAVE / NO FULL-LEVEL CLAIM
